[2024-02-10T17:08:32.848+0000][7][gc] Using G1
[2024-02-10T17:08:33.060+0000][7][gc,init] Version: 15.0.1+9 (release)
[2024-02-10T17:08:33.060+0000][7][gc,init] CPUs: 16 total, 16 available
[2024-02-10T17:08:33.060+0000][7][gc,init] Memory: 63240M
[2024-02-10T17:08:33.060+0000][7][gc,init] Large Page Support: Disabled
[2024-02-10T17:08:33.060+0000][7][gc,init] NUMA Support: Disabled
[2024-02-10T17:08:33.060+0000][7][gc,init] Compressed Oops: Enabled (32-bit)
[2024-02-10T17:08:33.060+0000][7][gc,init] Heap Region Size: 4M
[2024-02-10T17:08:33.060+0000][7][gc,init] Heap Min Capacity: 512M
[2024-02-10T17:08:33.060+0000][7][gc,init] Heap Initial Capacity: 512M
[2024-02-10T17:08:33.060+0000][7][gc,init] Heap Max Capacity: 512M
[2024-02-10T17:08:33.060+0000][7][gc,init] Pre-touch: Enabled
[2024-02-10T17:08:33.060+0000][7][gc,init] Parallel Workers: 13
[2024-02-10T17:08:33.060+0000][7][gc,init] Concurrent Workers: 3
[2024-02-10T17:08:33.060+0000][7][gc,init] Concurrent Refinement Workers: 13
[2024-02-10T17:08:33.060+0000][7][gc,init] Periodic GC: Disabled
[2024-02-10T17:08:33.061+0000][7][gc,cds ] Mark closed archive regions in map: [0x00000000ffc00000, 0x00000000ffc7bff8]
[2024-02-10T17:08:33.061+0000][7][gc,cds ] Mark open archive regions in map: [0x00000000ffb00000, 0x00000000ffb51ff8]
[2024-02-10T17:08:33.061+0000][7][gc,metaspace] CDS archive(s) mapped at: [0x0000000800000000-0x0000000800b2a000-0x0000000800b2a000), size 11706368, SharedBaseAddress: 0x0000000800000000, ArchiveRelocationMode: 0.
[2024-02-10T17:08:33.061+0000][7][gc,metaspace] Compressed class space mapped at: 0x0000000800b2c000-0x0000000840b2c000, size: 1073741824
[2024-02-10T17:08:33.061+0000][7][gc,metaspace] Narrow klass base: 0x0000000800000000, Narrow klass shift: 3, Narrow klass range: 0x100000000
[2024-02-10T17:08:33.305+0000][7][safepoint   ] Safepoint "ICBufferFull", Time since last: 235749421 ns, Reaching safepoint: 118441 ns, At safepoint: 5698 ns, Total: 124139 ns
[2024-02-10T17:08:33.482+0000][7][gc,start    ] GC(0) Pause Young (Normal) (G1 Evacuation Pause)
[2024-02-10T17:08:33.483+0000][7][gc,task     ] GC(0) Using 12 workers of 13 for evacuation
[2024-02-10T17:08:33.483+0000][7][gc,age      ] GC(0) Desired survivor size 2097152 bytes, new threshold 15 (max threshold 15)
[2024-02-10T17:08:33.485+0000][7][gc,age      ] GC(0) Age table with threshold 15 (max threshold 15)
[2024-02-10T17:08:33.485+0000][7][gc,age      ] GC(0) - age   1:    4165792 bytes,    4165792 total
[2024-02-10T17:08:33.485+0000][7][gc,phases   ] GC(0)   Pre Evacuate Collection Set: 0.1ms
[2024-02-10T17:08:33.485+0000][7][gc,phases   ] GC(0)   Merge Heap Roots: 0.1ms
[2024-02-10T17:08:33.485+0000][7][gc,phases   ] GC(0)   Evacuate Collection Set: 1.8ms
[2024-02-10T17:08:33.485+0000][7][gc,phases   ] GC(0)   Post Evacuate Collection Set: 0.3ms
[2024-02-10T17:08:33.485+0000][7][gc,phases   ] GC(0)   Other: 0.8ms
[2024-02-10T17:08:33.485+0000][7][gc,heap     ] GC(0) Eden regions: 6->0(6)
[2024-02-10T17:08:33.485+0000][7][gc,heap     ] GC(0) Survivor regions: 0->1(1)
[2024-02-10T17:08:33.485+0000][7][gc,heap     ] GC(0) Old regions: 0->1
[2024-02-10T17:08:33.485+0000][7][gc,heap     ] GC(0) Archive regions: 2->2
[2024-02-10T17:08:33.485+0000][7][gc,heap     ] GC(0) Humongous regions: 0->0
[2024-02-10T17:08:33.485+0000][7][gc,metaspace] GC(0) Metaspace: 8098K(9216K)->8098K(9216K) NonClass: 7198K(8192K)->7198K(8192K) Class: 900K(1024K)->900K(1024K)
[2024-02-10T17:08:33.485+0000][7][gc          ] GC(0) Pause Young (Normal) (G1 Evacuation Pause) 27M->7M(512M) 3.095ms
[2024-02-10T17:08:33.485+0000][7][gc,cpu      ] GC(0) User=0.02s Sys=0.00s Real=0.00s
[2024-02-10T17:08:33.485+0000][7][safepoint   ] Safepoint "G1CollectForAllocation", Time since last: 177187640 ns, Reaching safepoint: 98580 ns, At safepoint: 3168586 ns, Total: 3267166 ns
[2024-02-10T17:08:33.959+0000][7][gc,start    ] GC(1) Pause Young (Normal) (G1 Evacuation Pause)
[2024-02-10T17:08:33.959+0000][7][gc,task     ] GC(1) Using 12 workers of 13 for evacuation
[2024-02-10T17:08:33.959+0000][7][gc,age      ] GC(1) Desired survivor size 2097152 bytes, new threshold 1 (max threshold 15)
[2024-02-10T17:08:33.963+0000][7][gc,age      ] GC(1) Age table with threshold 1 (max threshold 15)
[2024-02-10T17:08:33.963+0000][7][gc,age      ] GC(1) - age   1:    2027240 bytes,    2027240 total
[2024-02-10T17:08:33.963+0000][7][gc,phases   ] GC(1)   Pre Evacuate Collection Set: 0.0ms
[2024-02-10T17:08:33.963+0000][7][gc,phases   ] GC(1)   Merge Heap Roots: 0.0ms
[2024-02-10T17:08:33.963+0000][7][gc,phases   ] GC(1)   Evacuate Collection Set: 4.0ms
[2024-02-10T17:08:33.963+0000][7][gc,phases   ] GC(1)   Post Evacuate Collection Set: 0.3ms
[2024-02-10T17:08:33.963+0000][7][gc,phases   ] GC(1)   Other: 0.2ms
[2024-02-10T17:08:33.963+0000][7][gc,heap     ] GC(1) Eden regions: 6->0(13)
[2024-02-10T17:08:33.963+0000][7][gc,heap     ] GC(1) Survivor regions: 1->1(1)
[2024-02-10T17:08:33.963+0000][7][gc,heap     ] GC(1) Old regions: 1->2
[2024-02-10T17:08:33.963+0000][7][gc,heap     ] GC(1) Archive regions: 2->2
[2024-02-10T17:08:33.963+0000][7][gc,heap     ] GC(1) Humongous regions: 0->0
[2024-02-10T17:08:33.963+0000][7][gc,metaspace] GC(1) Metaspace: 12330K(12928K)->12330K(12928K) NonClass: 10881K(11264K)->10881K(11264K) Class: 1448K(1664K)->1448K(1664K)
[2024-02-10T17:08:33.963+0000][7][gc          ] GC(1) Pause Young (Normal) (G1 Evacuation Pause) 31M->9M(512M) 4.593ms
[2024-02-10T17:08:33.963+0000][7][gc,cpu      ] GC(1) User=0.01s Sys=0.01s Real=0.00s
[2024-02-10T17:08:33.963+0000][7][safepoint   ] Safepoint "G1CollectForAllocation", Time since last: 473421677 ns, Reaching safepoint: 110627 ns, At safepoint: 4637377 ns, Total: 4748004 ns
[2024-02-10T17:08:34.327+0000][7][safepoint   ] Safepoint "ICBufferFull", Time since last: 363486688 ns, Reaching safepoint: 142270 ns, At safepoint: 7540 ns, Total: 149810 ns
[2024-02-10T17:08:34.407+0000][7][gc,start    ] GC(2) Pause Young (Normal) (G1 Evacuation Pause)
[2024-02-10T17:08:34.407+0000][7][gc,task     ] GC(2) Using 12 workers of 13 for evacuation
[2024-02-10T17:08:34.407+0000][7][gc,age      ] GC(2) Desired survivor size 4194304 bytes, new threshold 15 (max threshold 15)
[2024-02-10T17:08:34.410+0000][7][gc,age      ] GC(2) Age table with threshold 15 (max threshold 15)
[2024-02-10T17:08:34.410+0000][7][gc,age      ] GC(2) - age   1:    1278344 bytes,    1278344 total
[2024-02-10T17:08:34.410+0000][7][gc,age      ] GC(2) - age   2:    1995896 bytes,    3274240 total
[2024-02-10T17:08:34.410+0000][7][gc,phases   ] GC(2)   Pre Evacuate Collection Set: 0.1ms
[2024-02-10T17:08:34.410+0000][7][gc,phases   ] GC(2)   Merge Heap Roots: 0.1ms
[2024-02-10T17:08:34.410+0000][7][gc,phases   ] GC(2)   Evacuate Collection Set: 2.1ms
[2024-02-10T17:08:34.410+0000][7][gc,phases   ] GC(2)   Post Evacuate Collection Set: 0.3ms
[2024-02-10T17:08:34.410+0000][7][gc,phases   ] GC(2)   Other: 0.2ms
[2024-02-10T17:08:34.410+0000][7][gc,heap     ] GC(2) Eden regions: 13->0(64)
[2024-02-10T17:08:34.410+0000][7][gc,heap     ] GC(2) Survivor regions: 1->1(2)
[2024-02-10T17:08:34.410+0000][7][gc,heap     ] GC(2) Old regions: 2->2
[2024-02-10T17:08:34.410+0000][7][gc,heap     ] GC(2) Archive regions: 2->2
[2024-02-10T17:08:34.410+0000][7][gc,heap     ] GC(2) Humongous regions: 0->0
[2024-02-10T17:08:34.410+0000][7][gc,metaspace] GC(2) Metaspace: 14875K(15360K)->14875K(15360K) NonClass: 13188K(13568K)->13188K(13568K) Class: 1686K(1792K)->1686K(1792K)
[2024-02-10T17:08:34.410+0000][7][gc          ] GC(2) Pause Young (Normal) (G1 Evacuation Pause) 61M->11M(512M) 2.866ms
[2024-02-10T17:08:34.410+0000][7][gc,cpu      ] GC(2) User=0.02s Sys=0.00s Real=0.00s
[2024-02-10T17:08:34.410+0000][7][safepoint   ] Safepoint "G1CollectForAllocation", Time since last: 80204055 ns, Reaching safepoint: 88453 ns, At safepoint: 2928768 ns, Total: 3017221 ns
[2024-02-10T17:08:34.481+0000][7][safepoint   ] Safepoint "ICBufferFull", Time since last: 70611261 ns, Reaching safepoint: 99832 ns, At safepoint: 5484 ns, Total: 105316 ns
[2024-02-10T17:08:34.486+0000][7][safepoint   ] Safepoint "ICBufferFull", Time since last: 4644574 ns, Reaching safepoint: 37277 ns, At safepoint: 7497 ns, Total: 44774 ns
[2024-02-10T17:08:34.488+0000][7][safepoint   ] Safepoint "ICBufferFull", Time since last: 2789832 ns, Reaching safepoint: 30084 ns, At safepoint: 2931 ns, Total: 33015 ns
[2024-02-10T17:08:34.491+0000][7][safepoint   ] Safepoint "ICBufferFull", Time since last: 2981541 ns, Reaching safepoint: 28812 ns, At safepoint: 2823 ns, Total: 31635 ns
[2024-02-10T17:08:34.495+0000][7][safepoint   ] Safepoint "ICBufferFull", Time since last: 3750224 ns, Reaching safepoint: 36358 ns, At safepoint: 2888 ns, Total: 39246 ns
[2024-02-10T17:08:34.498+0000][7][safepoint   ] Safepoint "ICBufferFull", Time since last: 2925550 ns, Reaching safepoint: 109697 ns, At safepoint: 4336 ns, Total: 114033 ns
[2024-02-10T17:08:34.502+0000][7][safepoint   ] Safepoint "ICBufferFull", Time since last: 3631565 ns, Reaching safepoint: 50285 ns, At safepoint: 3065 ns, Total: 53350 ns
[2024-02-10T17:08:34.505+0000][7][safepoint   ] Safepoint "ICBufferFull", Time since last: 2564129 ns, Reaching safepoint: 32754 ns, At safepoint: 2783 ns, Total: 35537 ns
[2024-02-10T17:08:34.507+0000][7][safepoint   ] Safepoint "ICBufferFull", Time since last: 2948585 ns, Reaching safepoint: 28347 ns, At safepoint: 3255 ns, Total: 31602 ns
[2024-02-10T17:08:34.511+0000][7][safepoint   ] Safepoint "ICBufferFull", Time since last: 3353646 ns, Reaching safepoint: 37826 ns, At safepoint: 2659 ns, Total: 40485 ns
[2024-02-10T17:08:34.514+0000][7][safepoint   ] Safepoint "ICBufferFull", Time since last: 2936945 ns, Reaching safepoint: 29140 ns, At safepoint: 2680 ns, Total: 31820 ns
[2024-02-10T17:08:34.517+0000][7][safepoint   ] Safepoint "ICBufferFull", Time since last: 3046705 ns, Reaching safepoint: 31545 ns, At safepoint: 7051 ns, Total: 38596 ns
[2024-02-10T17:08:34.520+0000][7][safepoint   ] Safepoint "ICBufferFull", Time since last: 2855229 ns, Reaching safepoint: 93376 ns, At safepoint: 4841 ns, Total: 98217 ns
[2024-02-10T17:08:34.525+0000][7][safepoint   ] Safepoint "ICBufferFull", Time since last: 4848127 ns, Reaching safepoint: 39273 ns, At safepoint: 2866 ns, Total: 42139 ns
[2024-02-10T17:08:34.528+0000][7][safepoint   ] Safepoint "ICBufferFull", Time since last: 2763058 ns, Reaching safepoint: 34667 ns, At safepoint: 9981 ns, Total: 44648 ns
[2024-02-10T17:08:34.720+0000][7][safepoint   ] Safepoint "ICBufferFull", Time since last: 192782422 ns, Reaching safepoint: 108740 ns, At safepoint: 5138 ns, Total: 113878 ns
[2024-02-10T17:08:34.918+0000][7][gc,start    ] GC(3) Pause Young (Normal) (G1 Evacuation Pause)
[2024-02-10T17:08:34.918+0000][7][gc,task     ] GC(3) Using 12 workers of 13 for evacuation
[2024-02-10T17:08:34.918+0000][7][gc,age      ] GC(3) Desired survivor size 18874368 bytes, new threshold 15 (max threshold 15)
[2024-02-10T17:08:34.920+0000][7][gc,age      ] GC(3) Age table with threshold 15 (max threshold 15)
[2024-02-10T17:08:34.921+0000][7][gc,age      ] GC(3) - age   1:    5300008 bytes,    5300008 total
[2024-02-10T17:08:34.921+0000][7][gc,age      ] GC(3) - age   2:    1250000 bytes,    6550008 total
[2024-02-10T17:08:34.921+0000][7][gc,age      ] GC(3) - age   3:    1981344 bytes,    8531352 total
[2024-02-10T17:08:34.921+0000][7][gc,phases   ] GC(3)   Pre Evacuate Collection Set: 0.1ms
[2024-02-10T17:08:34.921+0000][7][gc,phases   ] GC(3)   Merge Heap Roots: 0.1ms
[2024-02-10T17:08:34.921+0000][7][gc,phases   ] GC(3)   Evacuate Collection Set: 2.1ms
[2024-02-10T17:08:34.921+0000][7][gc,phases   ] GC(3)   Post Evacuate Collection Set: 0.4ms
[2024-02-10T17:08:34.921+0000][7][gc,phases   ] GC(3)   Other: 0.2ms
[2024-02-10T17:08:34.921+0000][7][gc,heap     ] GC(3) Eden regions: 64->0(73)
[2024-02-10T17:08:34.921+0000][7][gc,heap     ] GC(3) Survivor regions: 1->3(9)
[2024-02-10T17:08:34.921+0000][7][gc,heap     ] GC(3) Old regions: 2->2
[2024-02-10T17:08:34.921+0000][7][gc,heap     ] GC(3) Archive regions: 2->2
[2024-02-10T17:08:34.921+0000][7][gc,heap     ] GC(3) Humongous regions: 0->0
[2024-02-10T17:08:34.921+0000][7][gc,metaspace] GC(3) Metaspace: 18535K(19328K)->18535K(19328K) NonClass: 16346K(16896K)->16346K(16896K) Class: 2188K(2432K)->2188K(2432K)
[2024-02-10T17:08:34.921+0000][7][gc          ] GC(3) Pause Young (Normal) (G1 Evacuation Pause) 267M->16M(512M) 3.049ms
[2024-02-10T17:08:34.921+0000][7][gc,cpu      ] GC(3) User=0.03s Sys=0.00s Real=0.00s
[2024-02-10T17:08:34.921+0000][7][safepoint   ] Safepoint "G1CollectForAllocation", Time since last: 197043500 ns, Reaching safepoint: 99923 ns, At safepoint: 3106940 ns, Total: 3206863 ns
[2024-02-10T17:08:35.232+0000][7][gc,start    ] GC(4) Pause Young (Normal) (G1 Evacuation Pause)
[2024-02-10T17:08:35.232+0000][7][gc,task     ] GC(4) Using 12 workers of 13 for evacuation
[2024-02-10T17:08:35.232+0000][7][gc,age      ] GC(4) Desired survivor size 20971520 bytes, new threshold 15 (max threshold 15)
[2024-02-10T17:08:35.235+0000][7][gc,age      ] GC(4) Age table with threshold 15 (max threshold 15)
[2024-02-10T17:08:35.235+0000][7][gc,age      ] GC(4) - age   1:    3685216 bytes,    3685216 total
[2024-02-10T17:08:35.235+0000][7][gc,age      ] GC(4) - age   2:    4635416 bytes,    8320632 total
[2024-02-10T17:08:35.235+0000][7][gc,age      ] GC(4) - age   3:    1250000 bytes,    9570632 total
[2024-02-10T17:08:35.235+0000][7][gc,age      ] GC(4) - age   4:    1981344 bytes,   11551976 total
[2024-02-10T17:08:35.235+0000][7][gc,phases   ] GC(4)   Pre Evacuate Collection Set: 0.1ms
[2024-02-10T17:08:35.235+0000][7][gc,phases   ] GC(4)   Merge Heap Roots: 0.1ms
[2024-02-10T17:08:35.235+0000][7][gc,phases   ] GC(4)   Evacuate Collection Set: 2.6ms
[2024-02-10T17:08:35.235+0000][7][gc,phases   ] GC(4)   Post Evacuate Collection Set: 0.4ms
[2024-02-10T17:08:35.235+0000][7][gc,phases   ] GC(4)   Other: 0.2ms
[2024-02-10T17:08:35.235+0000][7][gc,heap     ] GC(4) Eden regions: 73->0(73)
[2024-02-10T17:08:35.235+0000][7][gc,heap     ] GC(4) Survivor regions: 3->3(10)
[2024-02-10T17:08:35.235+0000][7][gc,heap     ] GC(4) Old regions: 2->2
[2024-02-10T17:08:35.235+0000][7][gc,heap     ] GC(4) Archive regions: 2->2
[2024-02-10T17:08:35.235+0000][7][gc,heap     ] GC(4) Humongous regions: 0->0
[2024-02-10T17:08:35.235+0000][7][gc,metaspace] GC(4) Metaspace: 19297K(20224K)->19297K(20224K) NonClass: 17003K(17664K)->17003K(17664K) Class: 2294K(2560K)->2294K(2560K)
[2024-02-10T17:08:35.235+0000][7][gc          ] GC(4) Pause Young (Normal) (G1 Evacuation Pause) 308M->19M(512M) 3.427ms
[2024-02-10T17:08:35.235+0000][7][gc,cpu      ] GC(4) User=0.03s Sys=0.00s Real=0.00s
[2024-02-10T17:08:35.235+0000][7][safepoint   ] Safepoint "G1CollectForAllocation", Time since last: 311087537 ns, Reaching safepoint: 75288 ns, At safepoint: 3489089 ns, Total: 3564377 ns
[2024-02-10T17:08:35.487+0000][7][gc,start    ] GC(5) Pause Young (Normal) (G1 Evacuation Pause)
[2024-02-10T17:08:35.487+0000][7][gc,task     ] GC(5) Using 12 workers of 13 for evacuation
[2024-02-10T17:08:35.487+0000][7][gc,age      ] GC(5) Desired survivor size 20971520 bytes, new threshold 15 (max threshold 15)
[2024-02-10T17:08:35.490+0000][7][gc,age      ] GC(5) Age table with threshold 15 (max threshold 15)
[2024-02-10T17:08:35.490+0000][7][gc,age      ] GC(5) - age   1:    1554952 bytes,    1554952 total
[2024-02-10T17:08:35.490+0000][7][gc,age      ] GC(5) - age   2:    2719168 bytes,    4274120 total
[2024-02-10T17:08:35.490+0000][7][gc,age      ] GC(5) - age   3:    4631400 bytes,    8905520 total
[2024-02-10T17:08:35.490+0000][7][gc,age      ] GC(5) - age   4:    1250000 bytes,   10155520 total
[2024-02-10T17:08:35.490+0000][7][gc,age      ] GC(5) - age   5:    1981344 bytes,   12136864 total
[2024-02-10T17:08:35.490+0000][7][gc,phases   ] GC(5)   Pre Evacuate Collection Set: 0.1ms
[2024-02-10T17:08:35.490+0000][7][gc,phases   ] GC(5)   Merge Heap Roots: 0.1ms
[2024-02-10T17:08:35.490+0000][7][gc,phases   ] GC(5)   Evacuate Collection Set: 2.2ms
[2024-02-10T17:08:35.490+0000][7][gc,phases   ] GC(5)   Post Evacuate Collection Set: 0.5ms
[2024-02-10T17:08:35.490+0000][7][gc,phases   ] GC(5)   Other: 0.3ms
[2024-02-10T17:08:35.490+0000][7][gc,heap     ] GC(5) Eden regions: 73->0(72)
[2024-02-10T17:08:35.490+0000][7][gc,heap     ] GC(5) Survivor regions: 3->4(10)
[2024-02-10T17:08:35.491+0000][7][gc,heap     ] GC(5) Old regions: 2->2
[2024-02-10T17:08:35.491+0000][7][gc,heap     ] GC(5) Archive regions: 2->2
[2024-02-10T17:08:35.491+0000][7][gc,heap     ] GC(5) Humongous regions: 0->0
[2024-02-10T17:08:35.491+0000][7][gc,metaspace] GC(5) Metaspace: 19653K(20864K)->19653K(20864K) NonClass: 17291K(18176K)->17291K(18176K) Class: 2361K(2688K)->2361K(2688K)
[2024-02-10T17:08:35.491+0000][7][gc          ] GC(5) Pause Young (Normal) (G1 Evacuation Pause) 311M->20M(512M) 3.171ms
[2024-02-10T17:08:35.491+0000][7][gc,cpu      ] GC(5) User=0.03s Sys=0.00s Real=0.00s
[2024-02-10T17:08:35.491+0000][7][safepoint   ] Safepoint "G1CollectForAllocation", Time since last: 251863339 ns, Reaching safepoint: 109302 ns, At safepoint: 3239741 ns, Total: 3349043 ns
[2024-02-10T17:08:35.752+0000][7][gc,start    ] GC(6) Pause Young (Normal) (G1 Evacuation Pause)
[2024-02-10T17:08:35.752+0000][7][gc,task     ] GC(6) Using 12 workers of 13 for evacuation
[2024-02-10T17:08:35.752+0000][7][gc,age      ] GC(6) Desired survivor size 20971520 bytes, new threshold 15 (max threshold 15)
[2024-02-10T17:08:35.755+0000][7][gc,age      ] GC(6) Age table with threshold 15 (max threshold 15)
[2024-02-10T17:08:35.756+0000][7][gc,age      ] GC(6) - age   1:    2456720 bytes,    2456720 total
[2024-02-10T17:08:35.756+0000][7][gc,age      ] GC(6) - age   2:     548688 bytes,    3005408 total
[2024-02-10T17:08:35.756+0000][7][gc,age      ] GC(6) - age   3:    2717456 bytes,    5722864 total
[2024-02-10T17:08:35.756+0000][7][gc,age      ] GC(6) - age   4:    4630496 bytes,   10353360 total
[2024-02-10T17:08:35.756+0000][7][gc,age      ] GC(6) - age   5:    1249824 bytes,   11603184 total
[2024-02-10T17:08:35.756+0000][7][gc,age      ] GC(6) - age   6:    1981344 bytes,   13584528 total
[2024-02-10T17:08:35.756+0000][7][gc,phases   ] GC(6)   Pre Evacuate Collection Set: 0.1ms
[2024-02-10T17:08:35.756+0000][7][gc,phases   ] GC(6)   Merge Heap Roots: 0.1ms
[2024-02-10T17:08:35.756+0000][7][gc,phases   ] GC(6)   Evacuate Collection Set: 2.7ms
[2024-02-10T17:08:35.756+0000][7][gc,phases   ] GC(6)   Post Evacuate Collection Set: 0.4ms
[2024-02-10T17:08:35.756+0000][7][gc,phases   ] GC(6)   Other: 0.3ms
[2024-02-10T17:08:35.756+0000][7][gc,heap     ] GC(6) Eden regions: 72->0(72)
[2024-02-10T17:08:35.756+0000][7][gc,heap     ] GC(6) Survivor regions: 4->4(10)
[2024-02-10T17:08:35.756+0000][7][gc,heap     ] GC(6) Old regions: 2->2
[2024-02-10T17:08:35.756+0000][7][gc,heap     ] GC(6) Archive regions: 2->2
[2024-02-10T17:08:35.756+0000][7][gc,heap     ] GC(6) Humongous regions: 0->0
[2024-02-10T17:08:35.756+0000][7][gc,metaspace] GC(6) Metaspace: 20075K(21296K)->20075K(21296K) NonClass: 17644K(18608K)->17644K(18608K) Class: 2431K(2688K)->2431K(2688K)
[2024-02-10T17:08:35.756+0000][7][gc          ] GC(6) Pause Young (Normal) (G1 Evacuation Pause) 308M->21M(512M) 3.628ms
[2024-02-10T17:08:35.756+0000][7][gc,cpu      ] GC(6) User=0.03s Sys=0.00s Real=0.00s
[2024-02-10T17:08:35.756+0000][7][safepoint   ] Safepoint "G1CollectForAllocation", Time since last: 261351025 ns, Reaching safepoint: 87379 ns, At safepoint: 3696702 ns, Total: 3784081 ns
[2024-02-10T17:08:35.934+0000][7][gc,start    ] GC(7) Pause Young (Concurrent Start) (Metadata GC Threshold)
[2024-02-10T17:08:35.934+0000][7][gc,task     ] GC(7) Using 12 workers of 13 for evacuation
[2024-02-10T17:08:35.934+0000][7][gc,age      ] GC(7) Desired survivor size 20971520 bytes, new threshold 15 (max threshold 15)
[2024-02-10T17:08:35.939+0000][7][gc,age      ] GC(7) Age table with threshold 15 (max threshold 15)
[2024-02-10T17:08:35.939+0000][7][gc,age      ] GC(7) - age   1:     777056 bytes,     777056 total
[2024-02-10T17:08:35.939+0000][7][gc,age      ] GC(7) - age   2:    2065144 bytes,    2842200 total
[2024-02-10T17:08:35.939+0000][7][gc,age      ] GC(7) - age   3:     548144 bytes,    3390344 total
[2024-02-10T17:08:35.939+0000][7][gc,age      ] GC(7) - age   4:    2717456 bytes,    6107800 total
[2024-02-10T17:08:35.939+0000][7][gc,age      ] GC(7) - age   5:    4630496 bytes,   10738296 total
[2024-02-10T17:08:35.939+0000][7][gc,age      ] GC(7) - age   6:    1249824 bytes,   11988120 total
[2024-02-10T17:08:35.939+0000][7][gc,age      ] GC(7) - age   7:    1981344 bytes,   13969464 total
[2024-02-10T17:08:35.939+0000][7][gc,phases   ] GC(7)   Pre Evacuate Collection Set: 0.1ms
[2024-02-10T17:08:35.939+0000][7][gc,phases   ] GC(7)   Merge Heap Roots: 0.1ms
[2024-02-10T17:08:35.939+0000][7][gc,phases   ] GC(7)   Evacuate Collection Set: 3.7ms
[2024-02-10T17:08:35.939+0000][7][gc,phases   ] GC(7)   Post Evacuate Collection Set: 0.4ms
[2024-02-10T17:08:35.939+0000][7][gc,phases   ] GC(7)   Other: 0.3ms
[2024-02-10T17:08:35.939+0000][7][gc,heap     ] GC(7) Eden regions: 59->0(72)
[2024-02-10T17:08:35.939+0000][7][gc,heap     ] GC(7) Survivor regions: 4->4(10)
[2024-02-10T17:08:35.939+0000][7][gc,heap     ] GC(7) Old regions: 2->2
[2024-02-10T17:08:35.939+0000][7][gc,heap     ] GC(7) Archive regions: 2->2
[2024-02-10T17:08:35.939+0000][7][gc,heap     ] GC(7) Humongous regions: 0->0
[2024-02-10T17:08:35.939+0000][7][gc,metaspace] GC(7) Metaspace: 20143K(21296K)->20143K(21296K) NonClass: 17699K(18608K)->17699K(18608K) Class: 2443K(2688K)->2443K(2688K)
[2024-02-10T17:08:35.939+0000][7][gc          ] GC(7) Pause Young (Concurrent Start) (Metadata GC Threshold) 255M->22M(512M) 4.703ms
[2024-02-10T17:08:35.939+0000][7][gc,cpu      ] GC(7) User=0.02s Sys=0.01s Real=0.01s
[2024-02-10T17:08:35.939+0000][7][safepoint   ] Safepoint "CollectForMetadataAllocation", Time since last: 178308730 ns, Reaching safepoint: 44631 ns, At safepoint: 4849492 ns, Total: 4894123 ns
[2024-02-10T17:08:35.939+0000][7][gc          ] GC(8) Concurrent Cycle
[2024-02-10T17:08:35.939+0000][7][gc,marking  ] GC(8) Concurrent Clear Claimed Marks
[2024-02-10T17:08:35.939+0000][7][gc,marking  ] GC(8) Concurrent Clear Claimed Marks 0.024ms
[2024-02-10T17:08:35.939+0000][7][gc,marking  ] GC(8) Concurrent Scan Root Regions
[2024-02-10T17:08:35.942+0000][7][gc,marking  ] GC(8) Concurrent Scan Root Regions 2.544ms
[2024-02-10T17:08:35.942+0000][7][gc,marking  ] GC(8) Concurrent Mark (3.099s)
[2024-02-10T17:08:35.942+0000][7][gc,marking  ] GC(8) Concurrent Mark From Roots
[2024-02-10T17:08:35.942+0000][7][gc,task     ] GC(8) Using 3 workers of 3 for marking
[2024-02-10T17:08:35.945+0000][7][gc,marking  ] GC(8) Concurrent Mark From Roots 3.109ms
[2024-02-10T17:08:35.945+0000][7][gc,marking  ] GC(8) Concurrent Preclean
[2024-02-10T17:08:35.945+0000][7][gc,marking  ] GC(8) Concurrent Preclean 0.192ms
[2024-02-10T17:08:35.945+0000][7][gc,marking  ] GC(8) Concurrent Mark (3.099s, 3.103s) 3.380ms
[2024-02-10T17:08:35.946+0000][7][gc,start    ] GC(8) Pause Remark
[2024-02-10T17:08:35.947+0000][7][gc          ] GC(8) Pause Remark 28M->28M(512M) 1.265ms
[2024-02-10T17:08:35.947+0000][7][gc,cpu      ] GC(8) User=0.01s Sys=0.00s Real=0.01s
[2024-02-10T17:08:35.947+0000][7][safepoint   ] Safepoint "G1Concurrent", Time since last: 6669726 ns, Reaching safepoint: 117694 ns, At safepoint: 1336952 ns, Total: 1454646 ns
[2024-02-10T17:08:35.947+0000][7][gc,marking  ] GC(8) Concurrent Rebuild Remembered Sets
[2024-02-10T17:08:35.950+0000][7][gc,marking  ] GC(8) Concurrent Rebuild Remembered Sets 2.429ms
[2024-02-10T17:08:35.950+0000][7][gc,start    ] GC(8) Pause Cleanup
[2024-02-10T17:08:35.950+0000][7][gc          ] GC(8) Pause Cleanup 32M->32M(512M) 0.071ms
[2024-02-10T17:08:35.950+0000][7][gc,cpu      ] GC(8) User=0.00s Sys=0.00s Real=0.00s
[2024-02-10T17:08:35.950+0000][7][safepoint   ] Safepoint "G1Concurrent", Time since last: 2494602 ns, Reaching safepoint: 323754 ns, At safepoint: 100843 ns, Total: 424597 ns
[2024-02-10T17:08:35.951+0000][7][gc,marking  ] GC(8) Concurrent Cleanup for Next Mark
[2024-02-10T17:08:35.951+0000][7][gc,marking  ] GC(8) Concurrent Cleanup for Next Mark 0.786ms
[2024-02-10T17:08:35.951+0000][7][gc          ] GC(8) Concurrent Cycle 12.473ms
[2024-02-10T17:08:36.410+0000][7][safepoint   ] Safepoint "ICBufferFull", Time since last: 459504540 ns, Reaching safepoint: 135413 ns, At safepoint: 3367 ns, Total: 138780 ns
[2024-02-10T17:08:36.568+0000][7][safepoint   ] Safepoint "ICBufferFull", Time since last: 158280981 ns, Reaching safepoint: 153454 ns, At safepoint: 10032 ns, Total: 163486 ns
[2024-02-10T17:08:37.558+0000][7][gc,start    ] GC(9) Pause Young (Normal) (G1 Evacuation Pause)
[2024-02-10T17:08:37.558+0000][7][gc,task     ] GC(9) Using 12 workers of 13 for evacuation
[2024-02-10T17:08:37.558+0000][7][gc,age      ] GC(9) Desired survivor size 20971520 bytes, new threshold 15 (max threshold 15)
[2024-02-10T17:08:37.568+0000][7][gc,age      ] GC(9) Age table with threshold 15 (max threshold 15)
[2024-02-10T17:08:37.568+0000][7][gc,age      ] GC(9) - age   1:   26130952 bytes,   26130952 total
[2024-02-10T17:08:37.568+0000][7][gc,age      ] GC(9) - age   2:     733704 bytes,   26864656 total
[2024-02-10T17:08:37.568+0000][7][gc,age      ] GC(9) - age   3:    2048768 bytes,   28913424 total
[2024-02-10T17:08:37.568+0000][7][gc,age      ] GC(9) - age   4:     530392 bytes,   29443816 total
[2024-02-10T17:08:37.568+0000][7][gc,age      ] GC(9) - age   5:    2700000 bytes,   32143816 total
[2024-02-10T17:08:37.568+0000][7][gc,age      ] GC(9) - age   6:    4588144 bytes,   36731960 total
[2024-02-10T17:08:37.568+0000][7][gc,age      ] GC(9) - age   7:    1198752 bytes,   37930712 total
[2024-02-10T17:08:37.568+0000][7][gc,age      ] GC(9) - age   8:    1971312 bytes,   39902024 total
[2024-02-10T17:08:37.569+0000][7][gc,phases   ] GC(9)   Pre Evacuate Collection Set: 0.1ms
[2024-02-10T17:08:37.569+0000][7][gc,phases   ] GC(9)   Merge Heap Roots: 0.1ms
[2024-02-10T17:08:37.569+0000][7][gc,phases   ] GC(9)   Evacuate Collection Set: 9.7ms
[2024-02-10T17:08:37.569+0000][7][gc,phases   ] GC(9)   Post Evacuate Collection Set: 0.8ms
[2024-02-10T17:08:37.569+0000][7][gc,phases   ] GC(9)   Other: 0.3ms
[2024-02-10T17:08:37.569+0000][7][gc,heap     ] GC(9) Eden regions: 72->0(66)
[2024-02-10T17:08:37.569+0000][7][gc,heap     ] GC(9) Survivor regions: 4->10(10)
[2024-02-10T17:08:37.569+0000][7][gc,heap     ] GC(9) Old regions: 2->2
[2024-02-10T17:08:37.569+0000][7][gc,heap     ] GC(9) Archive regions: 2->2
[2024-02-10T17:08:37.569+0000][7][gc,heap     ] GC(9) Humongous regions: 0->0
[2024-02-10T17:08:37.569+0000][7][gc,metaspace] GC(9) Metaspace: 30126K(32256K)->30126K(32256K) NonClass: 26369K(27904K)->26369K(27904K) Class: 3757K(4352K)->3757K(4352K)
[2024-02-10T17:08:37.569+0000][7][gc          ] GC(9) Pause Young (Normal) (G1 Evacuation Pause) 310M->46M(512M) 10.960ms
[2024-02-10T17:08:37.569+0000][7][gc,cpu      ] GC(9) User=0.09s Sys=0.00s Real=0.01s
[2024-02-10T17:08:37.569+0000][7][safepoint   ] Safepoint "G1CollectForAllocation", Time since last: 989467985 ns, Reaching safepoint: 123710 ns, At safepoint: 11021192 ns, Total: 11144902 ns
[2024-02-10T17:08:37.815+0000][7][safepoint   ] Safepoint "ICBufferFull", Time since last: 246045033 ns, Reaching safepoint: 166094 ns, At safepoint: 3985 ns, Total: 170079 ns
[2024-02-10T17:08:37.980+0000][7][gc,start    ] GC(10) Pause Young (Concurrent Start) (Metadata GC Threshold)
[2024-02-10T17:08:37.980+0000][7][gc,task     ] GC(10) Using 12 workers of 13 for evacuation
[2024-02-10T17:08:37.980+0000][7][gc,age      ] GC(10) Desired survivor size 20971520 bytes, new threshold 1 (max threshold 15)
[2024-02-10T17:08:37.996+0000][7][gc,age      ] GC(10) Age table with threshold 1 (max threshold 15)
[2024-02-10T17:08:37.996+0000][7][gc,age      ] GC(10) - age   1:   12736768 bytes,   12736768 total
[2024-02-10T17:08:37.996+0000][7][gc,phases   ] GC(10)   Pre Evacuate Collection Set: 0.2ms
[2024-02-10T17:08:37.996+0000][7][gc,phases   ] GC(10)   Merge Heap Roots: 0.1ms
[2024-02-10T17:08:37.996+0000][7][gc,phases   ] GC(10)   Evacuate Collection Set: 15.0ms
[2024-02-10T17:08:37.996+0000][7][gc,phases   ] GC(10)   Post Evacuate Collection Set: 0.5ms
[2024-02-10T17:08:37.996+0000][7][gc,phases   ] GC(10)   Other: 0.3ms
[2024-02-10T17:08:37.996+0000][7][gc,heap     ] GC(10) Eden regions: 21->0(72)
[2024-02-10T17:08:37.996+0000][7][gc,heap     ] GC(10) Survivor regions: 10->4(10)
[2024-02-10T17:08:37.996+0000][7][gc,heap     ] GC(10) Old regions: 2->11
[2024-02-10T17:08:37.996+0000][7][gc,heap     ] GC(10) Archive regions: 2->2
[2024-02-10T17:08:37.996+0000][7][gc,heap     ] GC(10) Humongous regions: 0->0
[2024-02-10T17:08:37.996+0000][7][gc,metaspace] GC(10) Metaspace: 33752K(35968K)->33752K(35968K) NonClass: 29400K(30976K)->29400K(30976K) Class: 4352K(4992K)->4352K(4992K)
[2024-02-10T17:08:37.996+0000][7][gc          ] GC(10) Pause Young (Concurrent Start) (Metadata GC Threshold) 128M->61M(512M) 16.061ms
[2024-02-10T17:08:37.996+0000][7][gc,cpu      ] GC(10) User=0.13s Sys=0.01s Real=0.01s
[2024-02-10T17:08:37.996+0000][7][gc          ] GC(11) Concurrent Cycle
[2024-02-10T17:08:37.996+0000][7][gc,marking  ] GC(11) Concurrent Clear Claimed Marks
[2024-02-10T17:08:37.996+0000][7][gc,marking  ] GC(11) Concurrent Clear Claimed Marks 0.061ms
[2024-02-10T17:08:37.996+0000][7][gc,marking  ] GC(11) Concurrent Scan Root Regions
[2024-02-10T17:08:37.997+0000][7][safepoint   ] Safepoint "CollectForMetadataAllocation", Time since last: 165251892 ns, Reaching safepoint: 111300 ns, At safepoint: 16262652 ns, Total: 16373952 ns
[2024-02-10T17:08:38.011+0000][7][gc,marking  ] GC(11) Concurrent Scan Root Regions 14.119ms
[2024-02-10T17:08:38.011+0000][7][gc,marking  ] GC(11) Concurrent Mark (5.168s)
[2024-02-10T17:08:38.011+0000][7][gc,marking  ] GC(11) Concurrent Mark From Roots
[2024-02-10T17:08:38.011+0000][7][gc,task     ] GC(11) Using 3 workers of 3 for marking
[2024-02-10T17:08:38.014+0000][7][gc,marking  ] GC(11) Concurrent Mark From Roots 3.812ms
[2024-02-10T17:08:38.015+0000][7][gc,marking  ] GC(11) Concurrent Preclean
[2024-02-10T17:08:38.015+0000][7][gc,marking  ] GC(11) Concurrent Preclean 0.187ms
[2024-02-10T17:08:38.015+0000][7][gc,marking  ] GC(11) Concurrent Mark (5.168s, 5.172s) 4.074ms
[2024-02-10T17:08:38.015+0000][7][gc,start    ] GC(11) Pause Remark
[2024-02-10T17:08:38.016+0000][7][gc          ] GC(11) Pause Remark 63M->63M(512M) 1.540ms
[2024-02-10T17:08:38.016+0000][7][gc,cpu      ] GC(11) User=0.01s Sys=0.00s Real=0.00s
[2024-02-10T17:08:38.016+0000][7][safepoint   ] Safepoint "G1Concurrent", Time since last: 18228193 ns, Reaching safepoint: 119364 ns, At safepoint: 1614031 ns, Total: 1733395 ns
[2024-02-10T17:08:38.017+0000][7][gc,marking  ] GC(11) Concurrent Rebuild Remembered Sets
[2024-02-10T17:08:38.031+0000][7][gc,marking  ] GC(11) Concurrent Rebuild Remembered Sets 14.000ms
[2024-02-10T17:08:38.031+0000][7][gc,start    ] GC(11) Pause Cleanup
[2024-02-10T17:08:38.031+0000][7][gc          ] GC(11) Pause Cleanup 65M->65M(512M) 0.110ms
[2024-02-10T17:08:38.031+0000][7][gc,cpu      ] GC(11) User=0.00s Sys=0.00s Real=0.00s
[2024-02-10T17:08:38.031+0000][7][safepoint   ] Safepoint "G1Concurrent", Time since last: 14124466 ns, Reaching safepoint: 390469 ns, At safepoint: 176390 ns, Total: 566859 ns
[2024-02-10T17:08:38.031+0000][7][gc,marking  ] GC(11) Concurrent Cleanup for Next Mark
[2024-02-10T17:08:38.032+0000][7][gc,marking  ] GC(11) Concurrent Cleanup for Next Mark 0.765ms
[2024-02-10T17:08:38.032+0000][7][gc          ] GC(11) Concurrent Cycle 35.625ms
[2024-02-10T17:08:38.563+0000][7][safepoint   ] Safepoint "ICBufferFull", Time since last: 531587705 ns, Reaching safepoint: 153661 ns, At safepoint: 5182 ns, Total: 158843 ns
[2024-02-10T17:08:39.140+0000][7][safepoint   ] Safepoint "ICBufferFull", Time since last: 577329063 ns, Reaching safepoint: 154520 ns, At safepoint: 4296 ns, Total: 158816 ns
[2024-02-10T17:08:39.151+0000][7][safepoint   ] Safepoint "ICBufferFull", Time since last: 10394351 ns, Reaching safepoint: 147400 ns, At safepoint: 6675 ns, Total: 154075 ns
[2024-02-10T17:08:39.349+0000][7][gc,start    ] GC(12) Pause Young (Normal) (G1 Evacuation Pause)
[2024-02-10T17:08:39.349+0000][7][gc,task     ] GC(12) Using 12 workers of 13 for evacuation
[2024-02-10T17:08:39.349+0000][7][gc,age      ] GC(12) Desired survivor size 20971520 bytes, new threshold 15 (max threshold 15)
[2024-02-10T17:08:39.360+0000][7][gc,age      ] GC(12) Age table with threshold 15 (max threshold 15)
[2024-02-10T17:08:39.360+0000][7][gc,age      ] GC(12) - age   1:    6808696 bytes,    6808696 total
[2024-02-10T17:08:39.360+0000][7][gc,age      ] GC(12) - age   2:   12657768 bytes,   19466464 total
[2024-02-10T17:08:39.360+0000][7][gc,phases   ] GC(12)   Pre Evacuate Collection Set: 0.1ms
[2024-02-10T17:08:39.360+0000][7][gc,phases   ] GC(12)   Merge Heap Roots: 0.1ms
[2024-02-10T17:08:39.360+0000][7][gc,phases   ] GC(12)   Evacuate Collection Set: 10.6ms
[2024-02-10T17:08:39.360+0000][7][gc,phases   ] GC(12)   Post Evacuate Collection Set: 0.7ms
[2024-02-10T17:08:39.360+0000][7][gc,phases   ] GC(12)   Other: 0.2ms
[2024-02-10T17:08:39.360+0000][7][gc,heap     ] GC(12) Eden regions: 72->0(70)
[2024-02-10T17:08:39.360+0000][7][gc,heap     ] GC(12) Survivor regions: 4->6(10)
[2024-02-10T17:08:39.360+0000][7][gc,heap     ] GC(12) Old regions: 11->11
[2024-02-10T17:08:39.360+0000][7][gc,heap     ] GC(12) Archive regions: 2->2
[2024-02-10T17:08:39.360+0000][7][gc,heap     ] GC(12) Humongous regions: 0->0
[2024-02-10T17:08:39.360+0000][7][gc,metaspace] GC(12) Metaspace: 51896K(55324K)->51896K(55324K) NonClass: 44973K(47516K)->44973K(47516K) Class: 6922K(7808K)->6922K(7808K)
[2024-02-10T17:08:39.360+0000][7][gc          ] GC(12) Pause Young (Normal) (G1 Evacuation Pause) 349M->66M(512M) 11.777ms
[2024-02-10T17:08:39.360+0000][7][gc,cpu      ] GC(12) User=0.10s Sys=0.01s Real=0.01s
[2024-02-10T17:08:39.361+0000][7][safepoint   ] Safepoint "G1CollectForAllocation", Time since last: 197611747 ns, Reaching safepoint: 92247 ns, At safepoint: 11843967 ns, Total: 11936214 ns
[2024-02-10T17:08:39.633+0000][7][gc,start    ] GC(13) Pause Young (Concurrent Start) (Metadata GC Threshold)
[2024-02-10T17:08:39.633+0000][7][gc,task     ] GC(13) Using 12 workers of 13 for evacuation
[2024-02-10T17:08:39.633+0000][7][gc,age      ] GC(13) Desired survivor size 20971520 bytes, new threshold 15 (max threshold 15)
[2024-02-10T17:08:39.639+0000][7][gc,age      ] GC(13) Age table with threshold 15 (max threshold 15)
[2024-02-10T17:08:39.639+0000][7][gc,age      ] GC(13) - age   1:    2437248 bytes,    2437248 total
[2024-02-10T17:08:39.639+0000][7][gc,age      ] GC(13) - age   2:    6341088 bytes,    8778336 total
[2024-02-10T17:08:39.639+0000][7][gc,age      ] GC(13) - age   3:   12655896 bytes,   21434232 total
[2024-02-10T17:08:39.639+0000][7][gc,phases   ] GC(13)   Pre Evacuate Collection Set: 0.1ms
[2024-02-10T17:08:39.639+0000][7][gc,phases   ] GC(13)   Merge Heap Roots: 0.0ms
[2024-02-10T17:08:39.639+0000][7][gc,phases   ] GC(13)   Evacuate Collection Set: 5.4ms
[2024-02-10T17:08:39.639+0000][7][gc,phases   ] GC(13)   Post Evacuate Collection Set: 0.6ms
[2024-02-10T17:08:39.639+0000][7][gc,phases   ] GC(13)   Other: 0.3ms
[2024-02-10T17:08:39.639+0000][7][gc,heap     ] GC(13) Eden regions: 7->0(70)
[2024-02-10T17:08:39.639+0000][7][gc,heap     ] GC(13) Survivor regions: 6->6(10)
[2024-02-10T17:08:39.639+0000][7][gc,heap     ] GC(13) Old regions: 11->11
[2024-02-10T17:08:39.639+0000][7][gc,heap     ] GC(13) Archive regions: 2->2
[2024-02-10T17:08:39.639+0000][7][gc,heap     ] GC(13) Humongous regions: 0->0
[2024-02-10T17:08:39.639+0000][7][gc,metaspace] GC(13) Metaspace: 57003K(60572K)->57003K(60572K) NonClass: 49547K(52124K)->49547K(52124K) Class: 7455K(8448K)->7455K(8448K)
[2024-02-10T17:08:39.639+0000][7][gc          ] GC(13) Pause Young (Concurrent Start) (Metadata GC Threshold) 94M->68M(512M) 6.611ms
[2024-02-10T17:08:39.639+0000][7][gc,cpu      ] GC(13) User=0.05s Sys=0.00s Real=0.01s
[2024-02-10T17:08:39.639+0000][7][gc          ] GC(14) Concurrent Cycle
[2024-02-10T17:08:39.640+0000][7][gc,marking  ] GC(14) Concurrent Clear Claimed Marks
[2024-02-10T17:08:39.640+0000][7][gc,marking  ] GC(14) Concurrent Clear Claimed Marks 0.041ms
[2024-02-10T17:08:39.640+0000][7][gc,marking  ] GC(14) Concurrent Scan Root Regions
[2024-02-10T17:08:39.640+0000][7][safepoint   ] Safepoint "CollectForMetadataAllocation", Time since last: 272030536 ns, Reaching safepoint: 159093 ns, At safepoint: 6810436 ns, Total: 6969529 ns
[2024-02-10T17:08:39.647+0000][7][gc,marking  ] GC(14) Concurrent Scan Root Regions 7.497ms
[2024-02-10T17:08:39.647+0000][7][gc,marking  ] GC(14) Concurrent Mark (6.805s)
[2024-02-10T17:08:39.647+0000][7][gc,marking  ] GC(14) Concurrent Mark From Roots
[2024-02-10T17:08:39.647+0000][7][gc,task     ] GC(14) Using 3 workers of 3 for marking
[2024-02-10T17:08:39.668+0000][7][safepoint   ] Safepoint "CollectForMetadataAllocation", Time since last: 28173014 ns, Reaching safepoint: 90073 ns, At safepoint: 125479 ns, Total: 215552 ns
[2024-02-10T17:08:39.673+0000][7][gc,marking  ] GC(14) Concurrent Mark From Roots 26.255ms
[2024-02-10T17:08:39.673+0000][7][gc,marking  ] GC(14) Concurrent Preclean
[2024-02-10T17:08:39.674+0000][7][gc,marking  ] GC(14) Concurrent Preclean 0.557ms
[2024-02-10T17:08:39.674+0000][7][gc,marking  ] GC(14) Concurrent Mark (6.805s, 6.832s) 26.944ms
[2024-02-10T17:08:39.674+0000][7][gc,start    ] GC(14) Pause Remark
[2024-02-10T17:08:39.676+0000][7][gc          ] GC(14) Pause Remark 72M->72M(512M) 1.479ms
[2024-02-10T17:08:39.676+0000][7][gc,cpu      ] GC(14) User=0.01s Sys=0.00s Real=0.00s
[2024-02-10T17:08:39.676+0000][7][safepoint   ] Safepoint "G1Concurrent", Time since last: 6216166 ns, Reaching safepoint: 77574 ns, At safepoint: 1552213 ns, Total: 1629787 ns
[2024-02-10T17:08:39.676+0000][7][gc,marking  ] GC(14) Concurrent Rebuild Remembered Sets
[2024-02-10T17:08:39.698+0000][7][gc,marking  ] GC(14) Concurrent Rebuild Remembered Sets 22.224ms
[2024-02-10T17:08:39.699+0000][7][gc,start    ] GC(14) Pause Cleanup
[2024-02-10T17:08:39.699+0000][7][gc          ] GC(14) Pause Cleanup 74M->74M(512M) 0.127ms
[2024-02-10T17:08:39.699+0000][7][gc,cpu      ] GC(14) User=0.00s Sys=0.00s Real=0.00s
[2024-02-10T17:08:39.699+0000][7][safepoint   ] Safepoint "G1Concurrent", Time since last: 22432306 ns, Reaching safepoint: 545663 ns, At safepoint: 186737 ns, Total: 732400 ns
[2024-02-10T17:08:39.699+0000][7][gc,marking  ] GC(14) Concurrent Cleanup for Next Mark
[2024-02-10T17:08:39.700+0000][7][gc,marking  ] GC(14) Concurrent Cleanup for Next Mark 0.794ms
[2024-02-10T17:08:39.700+0000][7][gc          ] GC(14) Concurrent Cycle 60.274ms
[2024-02-10T17:08:40.657+0000][7][safepoint   ] Safepoint "ICBufferFull", Time since last: 956765035 ns, Reaching safepoint: 926440 ns, At safepoint: 4301 ns, Total: 930741 ns
[2024-02-10T17:08:41.078+0000][7][safepoint   ] Safepoint "ICBufferFull", Time since last: 420706852 ns, Reaching safepoint: 229396 ns, At safepoint: 4340 ns, Total: 233736 ns
[2024-02-10T17:08:41.288+0000][7][safepoint   ] Safepoint "ICBufferFull", Time since last: 209868569 ns, Reaching safepoint: 157124 ns, At safepoint: 9666 ns, Total: 166790 ns
[2024-02-10T17:08:41.443+0000][7][safepoint   ] Safepoint "ICBufferFull", Time since last: 154702060 ns, Reaching safepoint: 245240 ns, At safepoint: 17747 ns, Total: 262987 ns
[2024-02-10T17:08:41.802+0000][7][safepoint   ] Safepoint "ICBufferFull", Time since last: 359223052 ns, Reaching safepoint: 156067 ns, At safepoint: 3845 ns, Total: 159912 ns
[2024-02-10T17:08:42.802+0000][7][safepoint   ] Safepoint "Cleanup", Time since last: 1000115601 ns, Reaching safepoint: 92716 ns, At safepoint: 3146 ns, Total: 95862 ns
[2024-02-10T17:08:45.802+0000][7][safepoint   ] Safepoint "Cleanup", Time since last: 3000236602 ns, Reaching safepoint: 61050 ns, At safepoint: 3327 ns, Total: 64377 ns
[2024-02-10T17:08:46.803+0000][7][safepoint   ] Safepoint "Cleanup", Time since last: 1000119715 ns, Reaching safepoint: 70817 ns, At safepoint: 2190 ns, Total: 73007 ns
[2024-02-10T17:08:48.803+0000][7][safepoint   ] Safepoint "Cleanup", Time since last: 2000235817 ns, Reaching safepoint: 55095 ns, At safepoint: 3069 ns, Total: 58164 ns
[2024-02-10T17:08:49.803+0000][7][safepoint   ] Safepoint "Cleanup", Time since last: 1000122207 ns, Reaching safepoint: 47445 ns, At safepoint: 3153 ns, Total: 50598 ns
[2024-02-10T17:08:56.804+0000][7][safepoint   ] Safepoint "Cleanup", Time since last: 7000476728 ns, Reaching safepoint: 64142 ns, At safepoint: 3122 ns, Total: 67264 ns
[2024-02-10T17:08:58.804+0000][7][safepoint   ] Safepoint "Cleanup", Time since last: 2000178627 ns, Reaching safepoint: 53582 ns, At safepoint: 3256 ns, Total: 56838 ns
[2024-02-10T17:08:59.804+0000][7][safepoint   ] Safepoint "Cleanup", Time since last: 1000134517 ns, Reaching safepoint: 51846 ns, At safepoint: 3718 ns, Total: 55564 ns
[2024-02-10T17:09:03.804+0000][7][safepoint   ] Safepoint "Cleanup", Time since last: 4000297693 ns, Reaching safepoint: 88798 ns, At safepoint: 3234 ns, Total: 92032 ns
[2024-02-10T17:09:04.805+0000][7][safepoint   ] Safepoint "Cleanup", Time since last: 1000119840 ns, Reaching safepoint: 63590 ns, At safepoint: 3618 ns, Total: 67208 ns
[2024-02-10T17:09:05.805+0000][7][safepoint   ] Safepoint "Cleanup", Time since last: 1000117851 ns, Reaching safepoint: 55586 ns, At safepoint: 3242 ns, Total: 58828 ns
[2024-02-10T17:09:09.805+0000][7][safepoint   ] Safepoint "Cleanup", Time since last: 4000296675 ns, Reaching safepoint: 72019 ns, At safepoint: 3065 ns, Total: 75084 ns
[2024-02-10T17:09:11.805+0000][7][safepoint   ] Safepoint "Cleanup", Time since last: 2000150919 ns, Reaching safepoint: 67550 ns, At safepoint: 2537 ns, Total: 70087 ns
[2024-02-10T17:09:15.806+0000][7][safepoint   ] Safepoint "Cleanup", Time since last: 4000351074 ns, Reaching safepoint: 65880 ns, At safepoint: 2675 ns, Total: 68555 ns
[2024-02-10T17:09:25.807+0000][7][safepoint   ] Safepoint "Cleanup", Time since last: 10000609967 ns, Reaching safepoint: 62162 ns, At safepoint: 2378 ns, Total: 64540 ns
[2024-02-10T17:09:27.807+0000][7][safepoint   ] Safepoint "Cleanup", Time since last: 2000177674 ns, Reaching safepoint: 60039 ns, At safepoint: 2793 ns, Total: 62832 ns
[2024-02-10T17:09:28.807+0000][7][safepoint   ] Safepoint "Cleanup", Time since last: 1000119498 ns, Reaching safepoint: 66749 ns, At safepoint: 2419 ns, Total: 69168 ns
[2024-02-10T17:09:29.807+0000][7][safepoint   ] Safepoint "Cleanup", Time since last: 1000114897 ns, Reaching safepoint: 64460 ns, At safepoint: 3762 ns, Total: 68222 ns
[2024-02-10T17:09:30.807+0000][7][safepoint   ] Safepoint "Cleanup", Time since last: 1000114588 ns, Reaching safepoint: 61908 ns, At safepoint: 3914 ns, Total: 65822 ns
[2024-02-10T17:09:36.808+0000][7][safepoint   ] Safepoint "Cleanup", Time since last: 6000413330 ns, Reaching safepoint: 77133 ns, At safepoint: 2342 ns, Total: 79475 ns
[2024-02-10T17:09:39.808+0000][7][safepoint   ] Safepoint "Cleanup", Time since last: 3000242831 ns, Reaching safepoint: 61839 ns, At safepoint: 2554 ns, Total: 64393 ns
[2024-02-10T17:09:41.808+0000][7][safepoint   ] Safepoint "Cleanup", Time since last: 2000186435 ns, Reaching safepoint: 59830 ns, At safepoint: 2534 ns, Total: 62364 ns
[2024-02-10T17:09:42.809+0000][7][safepoint   ] Safepoint "Cleanup", Time since last: 1000196671 ns, Reaching safepoint: 70330 ns, At safepoint: 5784 ns, Total: 76114 ns
[2024-02-10T17:09:43.809+0000][7][safepoint   ] Safepoint "Cleanup", Time since last: 1000123380 ns, Reaching safepoint: 61700 ns, At safepoint: 3387 ns, Total: 65087 ns
[2024-02-10T17:09:44.809+0000][7][safepoint   ] Safepoint "Cleanup", Time since last: 1000120965 ns, Reaching safepoint: 60863 ns, At safepoint: 3158 ns, Total: 64021 ns
[2024-02-10T17:09:46.809+0000][7][safepoint   ] Safepoint "Cleanup", Time since last: 2000187124 ns, Reaching safepoint: 60618 ns, At safepoint: 3515 ns, Total: 64133 ns
[2024-02-10T17:09:50.810+0000][7][safepoint   ] Safepoint "Cleanup", Time since last: 4000298738 ns, Reaching safepoint: 74277 ns, At safepoint: 3577 ns, Total: 77854 ns
[2024-02-10T17:09:51.810+0000][7][safepoint   ] Safepoint "Cleanup", Time since last: 1000115930 ns, Reaching safepoint: 64094 ns, At safepoint: 3910 ns, Total: 68004 ns
[2024-02-10T17:10:05.811+0000][7][safepoint   ] Safepoint "Cleanup", Time since last: 14000901731 ns, Reaching safepoint: 66947 ns, At safepoint: 3378 ns, Total: 70325 ns
[2024-02-10T17:10:06.811+0000][7][safepoint   ] Safepoint "Cleanup", Time since last: 1000123010 ns, Reaching safepoint: 73719 ns, At safepoint: 3080 ns, Total: 76799 ns
[2024-02-10T17:10:11.811+0000][7][safepoint   ] Safepoint "Cleanup", Time since last: 5000357057 ns, Reaching safepoint: 58083 ns, At safepoint: 3111 ns, Total: 61194 ns
[2024-02-10T17:10:25.812+0000][7][safepoint   ] Safepoint "Cleanup", Time since last: 14000983948 ns, Reaching safepoint: 63826 ns, At safepoint: 3229 ns, Total: 67055 ns
[2024-02-10T17:10:34.813+0000][7][safepoint   ] Safepoint "Cleanup", Time since last: 9000608305 ns, Reaching safepoint: 63457 ns, At safepoint: 3018 ns, Total: 66475 ns
[2024-02-10T17:10:47.814+0000][7][safepoint   ] Safepoint "Cleanup", Time since last: 13000875894 ns, Reaching safepoint: 91655 ns, At safepoint: 3209 ns, Total: 94864 ns
[2024-02-10T17:10:48.814+0000][7][safepoint   ] Safepoint "Cleanup", Time since last: 1000119473 ns, Reaching safepoint: 64636 ns, At safepoint: 3321 ns, Total: 67957 ns
[2024-02-10T17:10:49.814+0000][7][safepoint   ] Safepoint "Cleanup", Time since last: 1000122426 ns, Reaching safepoint: 63800 ns, At safepoint: 3126 ns, Total: 66926 ns
[2024-02-10T17:10:50.815+0000][7][safepoint   ] Safepoint "Cleanup", Time since last: 1000123472 ns, Reaching safepoint: 65011 ns, At safepoint: 3086 ns, Total: 68097 ns
[2024-02-10T17:10:54.815+0000][7][safepoint   ] Safepoint "Cleanup", Time since last: 4000304846 ns, Reaching safepoint: 62031 ns, At safepoint: 3135 ns, Total: 65166 ns
[2024-02-10T17:11:01.816+0000][7][safepoint   ] Safepoint "Cleanup", Time since last: 7000449731 ns, Reaching safepoint: 70031 ns, At safepoint: 3139 ns, Total: 73170 ns
[2024-02-10T17:11:07.816+0000][7][safepoint   ] Safepoint "Cleanup", Time since last: 6000440017 ns, Reaching safepoint: 64386 ns, At safepoint: 3468 ns, Total: 67854 ns
[2024-02-10T17:11:18.817+0000][7][safepoint   ] Safepoint "Cleanup", Time since last: 11000711288 ns, Reaching safepoint: 100628 ns, At safepoint: 4360 ns, Total: 104988 ns
[2024-02-10T17:11:35.818+0000][7][safepoint   ] Safepoint "Cleanup", Time since last: 17001085514 ns, Reaching safepoint: 66431 ns, At safepoint: 2628 ns, Total: 69059 ns
[2024-02-10T17:11:39.818+0000][7][safepoint   ] Safepoint "Cleanup", Time since last: 4000311680 ns, Reaching safepoint: 96338 ns, At safepoint: 5397 ns, Total: 101735 ns
[2024-02-10T17:11:41.819+0000][7][safepoint   ] Safepoint "Cleanup", Time since last: 2000105320 ns, Reaching safepoint: 72332 ns, At safepoint: 2060 ns, Total: 74392 ns
[2024-02-10T17:11:49.819+0000][7][safepoint   ] Safepoint "Cleanup", Time since last: 8000597544 ns, Reaching safepoint: 75508 ns, At safepoint: 8248 ns, Total: 83756 ns
[2024-02-10T17:11:52.820+0000][7][safepoint   ] Safepoint "Cleanup", Time since last: 3000258360 ns, Reaching safepoint: 82380 ns, At safepoint: 3365 ns, Total: 85745 ns
[2024-02-10T17:11:54.820+0000][7][safepoint   ] Safepoint "Cleanup", Time since last: 2000194743 ns, Reaching safepoint: 70477 ns, At safepoint: 4288 ns, Total: 74765 ns
[2024-02-10T17:12:09.821+0000][7][safepoint   ] Safepoint "Cleanup", Time since last: 15000983984 ns, Reaching safepoint: 68377 ns, At safepoint: 7019 ns, Total: 75396 ns
[2024-02-10T17:12:11.821+0000][7][safepoint   ] Safepoint "Cleanup", Time since last: 2000188921 ns, Reaching safepoint: 68861 ns, At safepoint: 3370 ns, Total: 72231 ns
[2024-02-10T17:12:17.822+0000][7][safepoint   ] Safepoint "Cleanup", Time since last: 6000425286 ns, Reaching safepoint: 67375 ns, At safepoint: 4900 ns, Total: 72275 ns
[2024-02-10T17:12:19.822+0000][7][safepoint   ] Safepoint "Cleanup", Time since last: 2000186787 ns, Reaching safepoint: 70729 ns, At safepoint: 3760 ns, Total: 74489 ns
[2024-02-10T17:12:33.823+0000][7][safepoint   ] Safepoint "Cleanup", Time since last: 14000908158 ns, Reaching safepoint: 56272 ns, At safepoint: 3885 ns, Total: 60157 ns
[2024-02-10T17:12:36.823+0000][7][safepoint   ] Safepoint "Cleanup", Time since last: 3000246598 ns, Reaching safepoint: 66966 ns, At safepoint: 3424 ns, Total: 70390 ns
[2024-02-10T17:12:41.824+0000][7][safepoint   ] Safepoint "Cleanup", Time since last: 5000368253 ns, Reaching safepoint: 66212 ns, At safepoint: 3235 ns, Total: 69447 ns
[2024-02-10T17:12:49.824+0000][7][safepoint   ] Safepoint "Cleanup", Time since last: 8000519198 ns, Reaching safepoint: 61969 ns, At safepoint: 3436 ns, Total: 65405 ns
[2024-02-10T17:12:51.825+0000][7][safepoint   ] Safepoint "Cleanup", Time since last: 2000197802 ns, Reaching safepoint: 67776 ns, At safepoint: 3408 ns, Total: 71184 ns
[2024-02-10T17:12:52.825+0000][7][safepoint   ] Safepoint "Cleanup", Time since last: 1000129364 ns, Reaching safepoint: 62305 ns, At safepoint: 3577 ns, Total: 65882 ns
[2024-02-10T17:12:56.825+0000][7][safepoint   ] Safepoint "Cleanup", Time since last: 4000304724 ns, Reaching safepoint: 62552 ns, At safepoint: 3449 ns, Total: 66001 ns
[2024-02-10T17:12:58.825+0000][7][safepoint   ] Safepoint "Cleanup", Time since last: 2000183403 ns, Reaching safepoint: 65651 ns, At safepoint: 3213 ns, Total: 68864 ns
[2024-02-10T17:13:11.826+0000][7][safepoint   ] Safepoint "Cleanup", Time since last: 13000841508 ns, Reaching safepoint: 61548 ns, At safepoint: 3295 ns, Total: 64843 ns
[2024-02-10T17:13:22.827+0000][7][safepoint   ] Safepoint "Cleanup", Time since last: 11000710207 ns, Reaching safepoint: 64350 ns, At safepoint: 3438 ns, Total: 67788 ns
[2024-02-10T17:13:48.829+0000][7][safepoint   ] Safepoint "Cleanup", Time since last: 26001621335 ns, Reaching safepoint: 70867 ns, At safepoint: 3253 ns, Total: 74120 ns
[2024-02-10T17:13:49.829+0000][7][safepoint   ] Safepoint "Cleanup", Time since last: 1000125707 ns, Reaching safepoint: 65268 ns, At safepoint: 9944 ns, Total: 75212 ns
[2024-02-10T17:14:10.830+0000][7][safepoint   ] Safepoint "Cleanup", Time since last: 21001356053 ns, Reaching safepoint: 68825 ns, At safepoint: 3470 ns, Total: 72295 ns
[2024-02-10T17:14:11.831+0000][7][safepoint   ] Safepoint "Cleanup", Time since last: 1000121015 ns, Reaching safepoint: 68265 ns, At safepoint: 4330 ns, Total: 72595 ns
[2024-02-10T17:14:19.831+0000][7][safepoint   ] Safepoint "Cleanup", Time since last: 8000546878 ns, Reaching safepoint: 58884 ns, At safepoint: 3359 ns, Total: 62243 ns
[2024-02-10T17:14:41.833+0000][7][safepoint   ] Safepoint "Cleanup", Time since last: 22001366455 ns, Reaching safepoint: 72251 ns, At safepoint: 3275 ns, Total: 75526 ns
[2024-02-10T17:15:06.834+0000][7][safepoint   ] Safepoint "Cleanup", Time since last: 25001571618 ns, Reaching safepoint: 64981 ns, At safepoint: 3083 ns, Total: 68064 ns
[2024-02-10T17:15:44.837+0000][7][safepoint   ] Safepoint "Cleanup", Time since last: 38002228492 ns, Reaching safepoint: 88799 ns, At safepoint: 3399 ns, Total: 92198 ns
[2024-02-10T17:16:00.838+0000][7][safepoint   ] Safepoint "Cleanup", Time since last: 16001068419 ns, Reaching safepoint: 66282 ns, At safepoint: 4238 ns, Total: 70520 ns
[2024-02-10T17:16:11.839+0000][7][safepoint   ] Safepoint "Cleanup", Time since last: 11000761218 ns, Reaching safepoint: 63504 ns, At safepoint: 3228 ns, Total: 66732 ns
[2024-02-10T17:16:25.840+0000][7][safepoint   ] Safepoint "Cleanup", Time since last: 14000939529 ns, Reaching safepoint: 81954 ns, At safepoint: 3892 ns, Total: 85846 ns
[2024-02-10T17:16:28.840+0000][7][safepoint   ] Safepoint "Cleanup", Time since last: 3000265173 ns, Reaching safepoint: 69222 ns, At safepoint: 2896 ns, Total: 72118 ns
[2024-02-10T17:16:41.841+0000][7][safepoint   ] Safepoint "Cleanup", Time since last: 13000839178 ns, Reaching safepoint: 63706 ns, At safepoint: 3085 ns, Total: 66791 ns
[2024-02-10T17:17:07.843+0000][7][safepoint   ] Safepoint "Cleanup", Time since last: 26001638625 ns, Reaching safepoint: 66558 ns, At safepoint: 4186 ns, Total: 70744 ns
[2024-02-10T17:17:08.843+0000][7][safepoint   ] Safepoint "Cleanup", Time since last: 1000132635 ns, Reaching safepoint: 60420 ns, At safepoint: 3156 ns, Total: 63576 ns
