[2024-02-06T08:27:38.829+0000][6][gc] Using G1
[2024-02-06T08:27:39.043+0000][6][gc,init] Version: 15.0.1+9 (release)
[2024-02-06T08:27:39.043+0000][6][gc,init] CPUs: 16 total, 16 available
[2024-02-06T08:27:39.043+0000][6][gc,init] Memory: 63240M
[2024-02-06T08:27:39.043+0000][6][gc,init] Large Page Support: Disabled
[2024-02-06T08:27:39.043+0000][6][gc,init] NUMA Support: Disabled
[2024-02-06T08:27:39.043+0000][6][gc,init] Compressed Oops: Enabled (32-bit)
[2024-02-06T08:27:39.043+0000][6][gc,init] Heap Region Size: 4M
[2024-02-06T08:27:39.043+0000][6][gc,init] Heap Min Capacity: 512M
[2024-02-06T08:27:39.043+0000][6][gc,init] Heap Initial Capacity: 512M
[2024-02-06T08:27:39.043+0000][6][gc,init] Heap Max Capacity: 512M
[2024-02-06T08:27:39.043+0000][6][gc,init] Pre-touch: Enabled
[2024-02-06T08:27:39.043+0000][6][gc,init] Parallel Workers: 13
[2024-02-06T08:27:39.043+0000][6][gc,init] Concurrent Workers: 3
[2024-02-06T08:27:39.043+0000][6][gc,init] Concurrent Refinement Workers: 13
[2024-02-06T08:27:39.043+0000][6][gc,init] Periodic GC: Disabled
[2024-02-06T08:27:39.043+0000][6][gc,cds ] Mark closed archive regions in map: [0x00000000ffc00000, 0x00000000ffc7bff8]
[2024-02-06T08:27:39.044+0000][6][gc,cds ] Mark open archive regions in map: [0x00000000ffb00000, 0x00000000ffb51ff8]
[2024-02-06T08:27:39.044+0000][6][gc,metaspace] CDS archive(s) mapped at: [0x0000000800000000-0x0000000800b2a000-0x0000000800b2a000), size 11706368, SharedBaseAddress: 0x0000000800000000, ArchiveRelocationMode: 0.
[2024-02-06T08:27:39.044+0000][6][gc,metaspace] Compressed class space mapped at: 0x0000000800b2c000-0x0000000840b2c000, size: 1073741824
[2024-02-06T08:27:39.044+0000][6][gc,metaspace] Narrow klass base: 0x0000000800000000, Narrow klass shift: 3, Narrow klass range: 0x100000000
[2024-02-06T08:27:39.307+0000][6][safepoint   ] Safepoint "ICBufferFull", Time since last: 254473280 ns, Reaching safepoint: 122019 ns, At safepoint: 3659 ns, Total: 125678 ns
[2024-02-06T08:27:39.525+0000][6][gc,start    ] GC(0) Pause Young (Normal) (G1 Evacuation Pause)
[2024-02-06T08:27:39.526+0000][6][gc,task     ] GC(0) Using 12 workers of 13 for evacuation
[2024-02-06T08:27:39.526+0000][6][gc,age      ] GC(0) Desired survivor size 2097152 bytes, new threshold 15 (max threshold 15)
[2024-02-06T08:27:39.528+0000][6][gc,age      ] GC(0) Age table with threshold 15 (max threshold 15)
[2024-02-06T08:27:39.528+0000][6][gc,age      ] GC(0) - age   1:    4167224 bytes,    4167224 total
[2024-02-06T08:27:39.528+0000][6][gc,phases   ] GC(0)   Pre Evacuate Collection Set: 0.0ms
[2024-02-06T08:27:39.528+0000][6][gc,phases   ] GC(0)   Merge Heap Roots: 0.0ms
[2024-02-06T08:27:39.528+0000][6][gc,phases   ] GC(0)   Evacuate Collection Set: 1.8ms
[2024-02-06T08:27:39.529+0000][6][gc,phases   ] GC(0)   Post Evacuate Collection Set: 0.3ms
[2024-02-06T08:27:39.529+0000][6][gc,phases   ] GC(0)   Other: 0.9ms
[2024-02-06T08:27:39.529+0000][6][gc,heap     ] GC(0) Eden regions: 6->0(6)
[2024-02-06T08:27:39.529+0000][6][gc,heap     ] GC(0) Survivor regions: 0->1(1)
[2024-02-06T08:27:39.529+0000][6][gc,heap     ] GC(0) Old regions: 0->1
[2024-02-06T08:27:39.529+0000][6][gc,heap     ] GC(0) Archive regions: 2->2
[2024-02-06T08:27:39.529+0000][6][gc,heap     ] GC(0) Humongous regions: 0->0
[2024-02-06T08:27:39.529+0000][6][gc,metaspace] GC(0) Metaspace: 8173K(9216K)->8173K(9216K) NonClass: 7266K(8192K)->7266K(8192K) Class: 906K(1024K)->906K(1024K)
[2024-02-06T08:27:39.529+0000][6][gc          ] GC(0) Pause Young (Normal) (G1 Evacuation Pause) 27M->7M(512M) 3.131ms
[2024-02-06T08:27:39.529+0000][6][gc,cpu      ] GC(0) User=0.02s Sys=0.00s Real=0.01s
[2024-02-06T08:27:39.529+0000][6][safepoint   ] Safepoint "G1CollectForAllocation", Time since last: 218684171 ns, Reaching safepoint: 107518 ns, At safepoint: 3213216 ns, Total: 3320734 ns
[2024-02-06T08:27:39.989+0000][6][gc,start    ] GC(1) Pause Young (Normal) (G1 Evacuation Pause)
[2024-02-06T08:27:39.989+0000][6][gc,task     ] GC(1) Using 12 workers of 13 for evacuation
[2024-02-06T08:27:39.989+0000][6][gc,age      ] GC(1) Desired survivor size 2097152 bytes, new threshold 1 (max threshold 15)
[2024-02-06T08:27:39.991+0000][6][gc,age      ] GC(1) Age table with threshold 1 (max threshold 15)
[2024-02-06T08:27:39.991+0000][6][gc,age      ] GC(1) - age   1:    2030216 bytes,    2030216 total
[2024-02-06T08:27:39.991+0000][6][gc,phases   ] GC(1)   Pre Evacuate Collection Set: 0.0ms
[2024-02-06T08:27:39.991+0000][6][gc,phases   ] GC(1)   Merge Heap Roots: 0.0ms
[2024-02-06T08:27:39.991+0000][6][gc,phases   ] GC(1)   Evacuate Collection Set: 1.8ms
[2024-02-06T08:27:39.991+0000][6][gc,phases   ] GC(1)   Post Evacuate Collection Set: 0.3ms
[2024-02-06T08:27:39.991+0000][6][gc,phases   ] GC(1)   Other: 0.2ms
[2024-02-06T08:27:39.991+0000][6][gc,heap     ] GC(1) Eden regions: 6->0(13)
[2024-02-06T08:27:39.991+0000][6][gc,heap     ] GC(1) Survivor regions: 1->1(1)
[2024-02-06T08:27:39.991+0000][6][gc,heap     ] GC(1) Old regions: 1->2
[2024-02-06T08:27:39.991+0000][6][gc,heap     ] GC(1) Archive regions: 2->2
[2024-02-06T08:27:39.991+0000][6][gc,heap     ] GC(1) Humongous regions: 0->0
[2024-02-06T08:27:39.991+0000][6][gc,metaspace] GC(1) Metaspace: 12307K(12928K)->12307K(12928K) NonClass: 10858K(11264K)->10858K(11264K) Class: 1449K(1664K)->1449K(1664K)
[2024-02-06T08:27:39.991+0000][6][gc          ] GC(1) Pause Young (Normal) (G1 Evacuation Pause) 31M->9M(512M) 2.322ms
[2024-02-06T08:27:39.991+0000][6][gc,cpu      ] GC(1) User=0.01s Sys=0.00s Real=0.00s
[2024-02-06T08:27:39.991+0000][6][safepoint   ] Safepoint "G1CollectForAllocation", Time since last: 460265424 ns, Reaching safepoint: 113870 ns, At safepoint: 2372438 ns, Total: 2486308 ns
[2024-02-06T08:27:40.441+0000][6][safepoint   ] Safepoint "ICBufferFull", Time since last: 449474029 ns, Reaching safepoint: 171262 ns, At safepoint: 4068 ns, Total: 175330 ns
[2024-02-06T08:27:40.487+0000][6][gc,start    ] GC(2) Pause Young (Normal) (G1 Evacuation Pause)
[2024-02-06T08:27:40.487+0000][6][gc,task     ] GC(2) Using 12 workers of 13 for evacuation
[2024-02-06T08:27:40.487+0000][6][gc,age      ] GC(2) Desired survivor size 4194304 bytes, new threshold 15 (max threshold 15)
[2024-02-06T08:27:40.490+0000][6][gc,age      ] GC(2) Age table with threshold 15 (max threshold 15)
[2024-02-06T08:27:40.490+0000][6][gc,age      ] GC(2) - age   1:    1289944 bytes,    1289944 total
[2024-02-06T08:27:40.490+0000][6][gc,age      ] GC(2) - age   2:    1996760 bytes,    3286704 total
[2024-02-06T08:27:40.490+0000][6][gc,phases   ] GC(2)   Pre Evacuate Collection Set: 0.1ms
[2024-02-06T08:27:40.490+0000][6][gc,phases   ] GC(2)   Merge Heap Roots: 0.0ms
[2024-02-06T08:27:40.490+0000][6][gc,phases   ] GC(2)   Evacuate Collection Set: 2.0ms
[2024-02-06T08:27:40.490+0000][6][gc,phases   ] GC(2)   Post Evacuate Collection Set: 0.4ms
[2024-02-06T08:27:40.490+0000][6][gc,phases   ] GC(2)   Other: 0.2ms
[2024-02-06T08:27:40.490+0000][6][gc,heap     ] GC(2) Eden regions: 13->0(62)
[2024-02-06T08:27:40.490+0000][6][gc,heap     ] GC(2) Survivor regions: 1->1(2)
[2024-02-06T08:27:40.490+0000][6][gc,heap     ] GC(2) Old regions: 2->2
[2024-02-06T08:27:40.490+0000][6][gc,heap     ] GC(2) Archive regions: 2->2
[2024-02-06T08:27:40.490+0000][6][gc,heap     ] GC(2) Humongous regions: 0->0
[2024-02-06T08:27:40.490+0000][6][gc,metaspace] GC(2) Metaspace: 14958K(15360K)->14958K(15360K) NonClass: 13258K(13568K)->13258K(13568K) Class: 1699K(1792K)->1699K(1792K)
[2024-02-06T08:27:40.490+0000][6][gc          ] GC(2) Pause Young (Normal) (G1 Evacuation Pause) 61M->11M(512M) 2.750ms
[2024-02-06T08:27:40.490+0000][6][gc,cpu      ] GC(2) User=0.02s Sys=0.00s Real=0.00s
[2024-02-06T08:27:40.490+0000][6][safepoint   ] Safepoint "G1CollectForAllocation", Time since last: 46118267 ns, Reaching safepoint: 90638 ns, At safepoint: 2817197 ns, Total: 2907835 ns
[2024-02-06T08:27:40.562+0000][6][safepoint   ] Safepoint "ICBufferFull", Time since last: 71700364 ns, Reaching safepoint: 59384 ns, At safepoint: 6420 ns, Total: 65804 ns
[2024-02-06T08:27:40.564+0000][6][safepoint   ] Safepoint "ICBufferFull", Time since last: 1953643 ns, Reaching safepoint: 55582 ns, At safepoint: 4516 ns, Total: 60098 ns
[2024-02-06T08:27:40.567+0000][6][safepoint   ] Safepoint "ICBufferFull", Time since last: 2705320 ns, Reaching safepoint: 50723 ns, At safepoint: 8090 ns, Total: 58813 ns
[2024-02-06T08:27:40.569+0000][6][safepoint   ] Safepoint "ICBufferFull", Time since last: 2318835 ns, Reaching safepoint: 55576 ns, At safepoint: 5276 ns, Total: 60852 ns
[2024-02-06T08:27:40.572+0000][6][safepoint   ] Safepoint "ICBufferFull", Time since last: 2765225 ns, Reaching safepoint: 56382 ns, At safepoint: 4585 ns, Total: 60967 ns
[2024-02-06T08:27:40.574+0000][6][safepoint   ] Safepoint "ICBufferFull", Time since last: 2205208 ns, Reaching safepoint: 47311 ns, At safepoint: 4448 ns, Total: 51759 ns
[2024-02-06T08:27:40.576+0000][6][safepoint   ] Safepoint "ICBufferFull", Time since last: 1660981 ns, Reaching safepoint: 41155 ns, At safepoint: 4092 ns, Total: 45247 ns
[2024-02-06T08:27:40.578+0000][6][safepoint   ] Safepoint "ICBufferFull", Time since last: 1795992 ns, Reaching safepoint: 55055 ns, At safepoint: 4249 ns, Total: 59304 ns
[2024-02-06T08:27:40.580+0000][6][safepoint   ] Safepoint "ICBufferFull", Time since last: 2097434 ns, Reaching safepoint: 42790 ns, At safepoint: 4301 ns, Total: 47091 ns
[2024-02-06T08:27:40.583+0000][6][safepoint   ] Safepoint "ICBufferFull", Time since last: 3032550 ns, Reaching safepoint: 49169 ns, At safepoint: 4296 ns, Total: 53465 ns
[2024-02-06T08:27:40.585+0000][6][safepoint   ] Safepoint "ICBufferFull", Time since last: 1960186 ns, Reaching safepoint: 56457 ns, At safepoint: 4565 ns, Total: 61022 ns
[2024-02-06T08:27:40.587+0000][6][safepoint   ] Safepoint "ICBufferFull", Time since last: 2229695 ns, Reaching safepoint: 45974 ns, At safepoint: 4443 ns, Total: 50417 ns
[2024-02-06T08:27:40.590+0000][6][safepoint   ] Safepoint "ICBufferFull", Time since last: 2930473 ns, Reaching safepoint: 59007 ns, At safepoint: 4660 ns, Total: 63667 ns
[2024-02-06T08:27:40.594+0000][6][safepoint   ] Safepoint "ICBufferFull", Time since last: 3637441 ns, Reaching safepoint: 77222 ns, At safepoint: 4110 ns, Total: 81332 ns
[2024-02-06T08:27:40.597+0000][6][safepoint   ] Safepoint "ICBufferFull", Time since last: 3306975 ns, Reaching safepoint: 67967 ns, At safepoint: 3355 ns, Total: 71322 ns
[2024-02-06T08:27:40.600+0000][6][safepoint   ] Safepoint "ICBufferFull", Time since last: 2882997 ns, Reaching safepoint: 63352 ns, At safepoint: 14956 ns, Total: 78308 ns
[2024-02-06T08:27:40.603+0000][6][safepoint   ] Safepoint "ICBufferFull", Time since last: 2955753 ns, Reaching safepoint: 41071 ns, At safepoint: 15211 ns, Total: 56282 ns
[2024-02-06T08:27:40.609+0000][6][safepoint   ] Safepoint "ICBufferFull", Time since last: 6149870 ns, Reaching safepoint: 53898 ns, At safepoint: 7778 ns, Total: 61676 ns
[2024-02-06T08:27:40.614+0000][6][safepoint   ] Safepoint "ICBufferFull", Time since last: 4389956 ns, Reaching safepoint: 45201 ns, At safepoint: 2876 ns, Total: 48077 ns
[2024-02-06T08:27:40.615+0000][6][safepoint   ] Safepoint "ICBufferFull", Time since last: 934445 ns, Reaching safepoint: 36828 ns, At safepoint: 3320 ns, Total: 40148 ns
[2024-02-06T08:27:40.616+0000][6][safepoint   ] Safepoint "ICBufferFull", Time since last: 933390 ns, Reaching safepoint: 42202 ns, At safepoint: 8637 ns, Total: 50839 ns
[2024-02-06T08:27:40.617+0000][6][safepoint   ] Safepoint "ICBufferFull", Time since last: 906045 ns, Reaching safepoint: 33370 ns, At safepoint: 7247 ns, Total: 40617 ns
[2024-02-06T08:27:40.618+0000][6][safepoint   ] Safepoint "ICBufferFull", Time since last: 900000 ns, Reaching safepoint: 34763 ns, At safepoint: 6398 ns, Total: 41161 ns
[2024-02-06T08:27:40.619+0000][6][safepoint   ] Safepoint "ICBufferFull", Time since last: 913095 ns, Reaching safepoint: 53081 ns, At safepoint: 2897 ns, Total: 55978 ns
[2024-02-06T08:27:40.620+0000][6][safepoint   ] Safepoint "ICBufferFull", Time since last: 960388 ns, Reaching safepoint: 40757 ns, At safepoint: 3777 ns, Total: 44534 ns
[2024-02-06T08:27:40.621+0000][6][safepoint   ] Safepoint "ICBufferFull", Time since last: 876256 ns, Reaching safepoint: 79752 ns, At safepoint: 16800 ns, Total: 96552 ns
[2024-02-06T08:27:40.622+0000][6][safepoint   ] Safepoint "ICBufferFull", Time since last: 850782 ns, Reaching safepoint: 31172 ns, At safepoint: 2687 ns, Total: 33859 ns
[2024-02-06T08:27:40.622+0000][6][safepoint   ] Safepoint "ICBufferFull", Time since last: 873769 ns, Reaching safepoint: 27021 ns, At safepoint: 2845 ns, Total: 29866 ns
[2024-02-06T08:27:40.623+0000][6][safepoint   ] Safepoint "ICBufferFull", Time since last: 821515 ns, Reaching safepoint: 29675 ns, At safepoint: 3842 ns, Total: 33517 ns
[2024-02-06T08:27:40.624+0000][6][safepoint   ] Safepoint "ICBufferFull", Time since last: 918057 ns, Reaching safepoint: 38679 ns, At safepoint: 4430 ns, Total: 43109 ns
[2024-02-06T08:27:40.625+0000][6][safepoint   ] Safepoint "ICBufferFull", Time since last: 888995 ns, Reaching safepoint: 31066 ns, At safepoint: 3720 ns, Total: 34786 ns
[2024-02-06T08:27:40.626+0000][6][safepoint   ] Safepoint "ICBufferFull", Time since last: 885232 ns, Reaching safepoint: 38522 ns, At safepoint: 5464 ns, Total: 43986 ns
[2024-02-06T08:27:40.627+0000][6][safepoint   ] Safepoint "ICBufferFull", Time since last: 911179 ns, Reaching safepoint: 43617 ns, At safepoint: 4277 ns, Total: 47894 ns
[2024-02-06T08:27:40.628+0000][6][safepoint   ] Safepoint "ICBufferFull", Time since last: 854861 ns, Reaching safepoint: 40010 ns, At safepoint: 4044 ns, Total: 44054 ns
[2024-02-06T08:27:40.629+0000][6][safepoint   ] Safepoint "ICBufferFull", Time since last: 958138 ns, Reaching safepoint: 32213 ns, At safepoint: 2699 ns, Total: 34912 ns
[2024-02-06T08:27:40.791+0000][6][safepoint   ] Safepoint "ICBufferFull", Time since last: 161899005 ns, Reaching safepoint: 173183 ns, At safepoint: 4976 ns, Total: 178159 ns
[2024-02-06T08:27:40.977+0000][6][gc,start    ] GC(3) Pause Young (Normal) (G1 Evacuation Pause)
[2024-02-06T08:27:40.977+0000][6][gc,task     ] GC(3) Using 12 workers of 13 for evacuation
[2024-02-06T08:27:40.977+0000][6][gc,age      ] GC(3) Desired survivor size 16777216 bytes, new threshold 15 (max threshold 15)
[2024-02-06T08:27:40.981+0000][6][gc,age      ] GC(3) Age table with threshold 15 (max threshold 15)
[2024-02-06T08:27:40.981+0000][6][gc,age      ] GC(3) - age   1:    5653984 bytes,    5653984 total
[2024-02-06T08:27:40.981+0000][6][gc,age      ] GC(3) - age   2:    1261920 bytes,    6915904 total
[2024-02-06T08:27:40.981+0000][6][gc,age      ] GC(3) - age   3:    1982288 bytes,    8898192 total
[2024-02-06T08:27:40.981+0000][6][gc,phases   ] GC(3)   Pre Evacuate Collection Set: 0.1ms
[2024-02-06T08:27:40.981+0000][6][gc,phases   ] GC(3)   Merge Heap Roots: 0.0ms
[2024-02-06T08:27:40.981+0000][6][gc,phases   ] GC(3)   Evacuate Collection Set: 2.9ms
[2024-02-06T08:27:40.981+0000][6][gc,phases   ] GC(3)   Post Evacuate Collection Set: 0.4ms
[2024-02-06T08:27:40.981+0000][6][gc,phases   ] GC(3)   Other: 0.3ms
[2024-02-06T08:27:40.981+0000][6][gc,heap     ] GC(3) Eden regions: 62->0(73)
[2024-02-06T08:27:40.981+0000][6][gc,heap     ] GC(3) Survivor regions: 1->3(8)
[2024-02-06T08:27:40.981+0000][6][gc,heap     ] GC(3) Old regions: 2->2
[2024-02-06T08:27:40.981+0000][6][gc,heap     ] GC(3) Archive regions: 2->2
[2024-02-06T08:27:40.981+0000][6][gc,heap     ] GC(3) Humongous regions: 0->0
[2024-02-06T08:27:40.981+0000][6][gc,metaspace] GC(3) Metaspace: 18531K(19328K)->18531K(19328K) NonClass: 16343K(16896K)->16343K(16896K) Class: 2187K(2432K)->2187K(2432K)
[2024-02-06T08:27:40.981+0000][6][gc          ] GC(3) Pause Young (Normal) (G1 Evacuation Pause) 259M->16M(512M) 3.756ms
[2024-02-06T08:27:40.981+0000][6][gc,cpu      ] GC(3) User=0.04s Sys=0.00s Real=0.00s
[2024-02-06T08:27:40.981+0000][6][safepoint   ] Safepoint "G1CollectForAllocation", Time since last: 185899539 ns, Reaching safepoint: 104663 ns, At safepoint: 3822856 ns, Total: 3927519 ns
[2024-02-06T08:27:41.272+0000][6][gc,start    ] GC(4) Pause Young (Normal) (G1 Evacuation Pause)
[2024-02-06T08:27:41.272+0000][6][gc,task     ] GC(4) Using 12 workers of 13 for evacuation
[2024-02-06T08:27:41.272+0000][6][gc,age      ] GC(4) Desired survivor size 20971520 bytes, new threshold 15 (max threshold 15)
[2024-02-06T08:27:41.275+0000][6][gc,age      ] GC(4) Age table with threshold 15 (max threshold 15)
[2024-02-06T08:27:41.275+0000][6][gc,age      ] GC(4) - age   1:    3393784 bytes,    3393784 total
[2024-02-06T08:27:41.275+0000][6][gc,age      ] GC(4) - age   2:    4375272 bytes,    7769056 total
[2024-02-06T08:27:41.275+0000][6][gc,age      ] GC(4) - age   3:    1261920 bytes,    9030976 total
[2024-02-06T08:27:41.275+0000][6][gc,age      ] GC(4) - age   4:    1982288 bytes,   11013264 total
[2024-02-06T08:27:41.275+0000][6][gc,phases   ] GC(4)   Pre Evacuate Collection Set: 0.1ms
[2024-02-06T08:27:41.275+0000][6][gc,phases   ] GC(4)   Merge Heap Roots: 0.0ms
[2024-02-06T08:27:41.275+0000][6][gc,phases   ] GC(4)   Evacuate Collection Set: 2.5ms
[2024-02-06T08:27:41.275+0000][6][gc,phases   ] GC(4)   Post Evacuate Collection Set: 0.5ms
[2024-02-06T08:27:41.275+0000][6][gc,phases   ] GC(4)   Other: 0.2ms
[2024-02-06T08:27:41.275+0000][6][gc,heap     ] GC(4) Eden regions: 73->0(73)
[2024-02-06T08:27:41.275+0000][6][gc,heap     ] GC(4) Survivor regions: 3->3(10)
[2024-02-06T08:27:41.275+0000][6][gc,heap     ] GC(4) Old regions: 2->2
[2024-02-06T08:27:41.275+0000][6][gc,heap     ] GC(4) Archive regions: 2->2
[2024-02-06T08:27:41.275+0000][6][gc,heap     ] GC(4) Humongous regions: 0->0
[2024-02-06T08:27:41.275+0000][6][gc,metaspace] GC(4) Metaspace: 19226K(20224K)->19226K(20224K) NonClass: 16943K(17664K)->16943K(17664K) Class: 2282K(2560K)->2282K(2560K)
[2024-02-06T08:27:41.275+0000][6][gc          ] GC(4) Pause Young (Normal) (G1 Evacuation Pause) 308M->18M(512M) 3.387ms
[2024-02-06T08:27:41.275+0000][6][gc,cpu      ] GC(4) User=0.03s Sys=0.00s Real=0.00s
[2024-02-06T08:27:41.275+0000][6][safepoint   ] Safepoint "G1CollectForAllocation", Time since last: 290854761 ns, Reaching safepoint: 91868 ns, At safepoint: 3450128 ns, Total: 3541996 ns
[2024-02-06T08:27:41.527+0000][6][gc,start    ] GC(5) Pause Young (Normal) (G1 Evacuation Pause)
[2024-02-06T08:27:41.527+0000][6][gc,task     ] GC(5) Using 12 workers of 13 for evacuation
[2024-02-06T08:27:41.528+0000][6][gc,age      ] GC(5) Desired survivor size 20971520 bytes, new threshold 15 (max threshold 15)
[2024-02-06T08:27:41.531+0000][6][gc,age      ] GC(5) Age table with threshold 15 (max threshold 15)
[2024-02-06T08:27:41.531+0000][6][gc,age      ] GC(5) - age   1:    1807528 bytes,    1807528 total
[2024-02-06T08:27:41.531+0000][6][gc,age      ] GC(5) - age   2:    1809824 bytes,    3617352 total
[2024-02-06T08:27:41.531+0000][6][gc,age      ] GC(5) - age   3:    4371256 bytes,    7988608 total
[2024-02-06T08:27:41.531+0000][6][gc,age      ] GC(5) - age   4:    1261920 bytes,    9250528 total
[2024-02-06T08:27:41.531+0000][6][gc,age      ] GC(5) - age   5:    1982288 bytes,   11232816 total
[2024-02-06T08:27:41.531+0000][6][gc,phases   ] GC(5)   Pre Evacuate Collection Set: 0.1ms
[2024-02-06T08:27:41.531+0000][6][gc,phases   ] GC(5)   Merge Heap Roots: 0.1ms
[2024-02-06T08:27:41.531+0000][6][gc,phases   ] GC(5)   Evacuate Collection Set: 3.1ms
[2024-02-06T08:27:41.531+0000][6][gc,phases   ] GC(5)   Post Evacuate Collection Set: 0.5ms
[2024-02-06T08:27:41.531+0000][6][gc,phases   ] GC(5)   Other: 0.2ms
[2024-02-06T08:27:41.531+0000][6][gc,heap     ] GC(5) Eden regions: 73->0(73)
[2024-02-06T08:27:41.531+0000][6][gc,heap     ] GC(5) Survivor regions: 3->3(10)
[2024-02-06T08:27:41.531+0000][6][gc,heap     ] GC(5) Old regions: 2->2
[2024-02-06T08:27:41.531+0000][6][gc,heap     ] GC(5) Archive regions: 2->2
[2024-02-06T08:27:41.531+0000][6][gc,heap     ] GC(5) Humongous regions: 0->0
[2024-02-06T08:27:41.531+0000][6][gc,metaspace] GC(5) Metaspace: 19579K(20736K)->19579K(20736K) NonClass: 17240K(18176K)->17240K(18176K) Class: 2339K(2560K)->2339K(2560K)
[2024-02-06T08:27:41.531+0000][6][gc          ] GC(5) Pause Young (Normal) (G1 Evacuation Pause) 310M->19M(512M) 3.929ms
[2024-02-06T08:27:41.531+0000][6][gc,cpu      ] GC(5) User=0.03s Sys=0.00s Real=0.00s
[2024-02-06T08:27:41.531+0000][6][safepoint   ] Safepoint "G1CollectForAllocation", Time since last: 252115489 ns, Reaching safepoint: 66236 ns, At safepoint: 3984124 ns, Total: 4050360 ns
[2024-02-06T08:27:41.753+0000][6][gc,start    ] GC(6) Pause Young (Normal) (G1 Evacuation Pause)
[2024-02-06T08:27:41.753+0000][6][gc,task     ] GC(6) Using 12 workers of 13 for evacuation
[2024-02-06T08:27:41.753+0000][6][gc,age      ] GC(6) Desired survivor size 20971520 bytes, new threshold 15 (max threshold 15)
[2024-02-06T08:27:41.757+0000][6][gc,age      ] GC(6) Age table with threshold 15 (max threshold 15)
[2024-02-06T08:27:41.757+0000][6][gc,age      ] GC(6) - age   1:     653312 bytes,     653312 total
[2024-02-06T08:27:41.757+0000][6][gc,age      ] GC(6) - age   2:    1474432 bytes,    2127744 total
[2024-02-06T08:27:41.757+0000][6][gc,age      ] GC(6) - age   3:    1809152 bytes,    3936896 total
[2024-02-06T08:27:41.757+0000][6][gc,age      ] GC(6) - age   4:    4370840 bytes,    8307736 total
[2024-02-06T08:27:41.757+0000][6][gc,age      ] GC(6) - age   5:    1261920 bytes,    9569656 total
[2024-02-06T08:27:41.757+0000][6][gc,age      ] GC(6) - age   6:    1982288 bytes,   11551944 total
[2024-02-06T08:27:41.757+0000][6][gc,phases   ] GC(6)   Pre Evacuate Collection Set: 0.1ms
[2024-02-06T08:27:41.757+0000][6][gc,phases   ] GC(6)   Merge Heap Roots: 0.1ms
[2024-02-06T08:27:41.757+0000][6][gc,phases   ] GC(6)   Evacuate Collection Set: 2.8ms
[2024-02-06T08:27:41.757+0000][6][gc,phases   ] GC(6)   Post Evacuate Collection Set: 0.4ms
[2024-02-06T08:27:41.757+0000][6][gc,phases   ] GC(6)   Other: 0.2ms
[2024-02-06T08:27:41.757+0000][6][gc,heap     ] GC(6) Eden regions: 73->0(73)
[2024-02-06T08:27:41.757+0000][6][gc,heap     ] GC(6) Survivor regions: 3->3(10)
[2024-02-06T08:27:41.757+0000][6][gc,heap     ] GC(6) Old regions: 2->2
[2024-02-06T08:27:41.757+0000][6][gc,heap     ] GC(6) Archive regions: 2->2
[2024-02-06T08:27:41.757+0000][6][gc,heap     ] GC(6) Humongous regions: 0->0
[2024-02-06T08:27:41.757+0000][6][gc,metaspace] GC(6) Metaspace: 19819K(20864K)->19819K(20864K) NonClass: 17433K(18176K)->17433K(18176K) Class: 2386K(2688K)->2386K(2688K)
[2024-02-06T08:27:41.757+0000][6][gc          ] GC(6) Pause Young (Normal) (G1 Evacuation Pause) 311M->19M(512M) 3.709ms
[2024-02-06T08:27:41.757+0000][6][gc,cpu      ] GC(6) User=0.03s Sys=0.00s Real=0.01s
[2024-02-06T08:27:41.757+0000][6][safepoint   ] Safepoint "G1CollectForAllocation", Time since last: 221523695 ns, Reaching safepoint: 68380 ns, At safepoint: 3770943 ns, Total: 3839323 ns
[2024-02-06T08:27:41.910+0000][6][gc,start    ] GC(7) Pause Young (Concurrent Start) (Metadata GC Threshold)
[2024-02-06T08:27:41.910+0000][6][gc,task     ] GC(7) Using 12 workers of 13 for evacuation
[2024-02-06T08:27:41.910+0000][6][gc,age      ] GC(7) Desired survivor size 20971520 bytes, new threshold 15 (max threshold 15)
[2024-02-06T08:27:41.913+0000][6][gc,age      ] GC(7) Age table with threshold 15 (max threshold 15)
[2024-02-06T08:27:41.913+0000][6][gc,age      ] GC(7) - age   1:    1682440 bytes,    1682440 total
[2024-02-06T08:27:41.913+0000][6][gc,age      ] GC(7) - age   2:     618296 bytes,    2300736 total
[2024-02-06T08:27:41.913+0000][6][gc,age      ] GC(7) - age   3:    1474432 bytes,    3775168 total
[2024-02-06T08:27:41.913+0000][6][gc,age      ] GC(7) - age   4:    1808112 bytes,    5583280 total
[2024-02-06T08:27:41.913+0000][6][gc,age      ] GC(7) - age   5:    4370736 bytes,    9954016 total
[2024-02-06T08:27:41.913+0000][6][gc,age      ] GC(7) - age   6:    1261744 bytes,   11215760 total
[2024-02-06T08:27:41.913+0000][6][gc,age      ] GC(7) - age   7:    1982288 bytes,   13198048 total
[2024-02-06T08:27:41.913+0000][6][gc,phases   ] GC(7)   Pre Evacuate Collection Set: 0.1ms
[2024-02-06T08:27:41.913+0000][6][gc,phases   ] GC(7)   Merge Heap Roots: 0.0ms
[2024-02-06T08:27:41.913+0000][6][gc,phases   ] GC(7)   Evacuate Collection Set: 3.2ms
[2024-02-06T08:27:41.913+0000][6][gc,phases   ] GC(7)   Post Evacuate Collection Set: 0.4ms
[2024-02-06T08:27:41.913+0000][6][gc,phases   ] GC(7)   Other: 0.3ms
[2024-02-06T08:27:41.913+0000][6][gc,heap     ] GC(7) Eden regions: 45->0(72)
[2024-02-06T08:27:41.913+0000][6][gc,heap     ] GC(7) Survivor regions: 3->4(10)
[2024-02-06T08:27:41.914+0000][6][gc,heap     ] GC(7) Old regions: 2->2
[2024-02-06T08:27:41.914+0000][6][gc,heap     ] GC(7) Archive regions: 2->2
[2024-02-06T08:27:41.914+0000][6][gc,heap     ] GC(7) Humongous regions: 0->0
[2024-02-06T08:27:41.914+0000][6][gc,metaspace] GC(7) Metaspace: 20084K(21296K)->20084K(21296K) NonClass: 17654K(18608K)->17654K(18608K) Class: 2429K(2688K)->2429K(2688K)
[2024-02-06T08:27:41.914+0000][6][gc          ] GC(7) Pause Young (Concurrent Start) (Metadata GC Threshold) 197M->21M(512M) 4.039ms
[2024-02-06T08:27:41.914+0000][6][gc,cpu      ] GC(7) User=0.03s Sys=0.00s Real=0.00s
[2024-02-06T08:27:41.914+0000][6][gc          ] GC(8) Concurrent Cycle
[2024-02-06T08:27:41.914+0000][6][gc,marking  ] GC(8) Concurrent Clear Claimed Marks
[2024-02-06T08:27:41.914+0000][6][gc,marking  ] GC(8) Concurrent Clear Claimed Marks 0.027ms
[2024-02-06T08:27:41.914+0000][6][gc,marking  ] GC(8) Concurrent Scan Root Regions
[2024-02-06T08:27:41.914+0000][6][safepoint   ] Safepoint "CollectForMetadataAllocation", Time since last: 152648550 ns, Reaching safepoint: 45643 ns, At safepoint: 4338568 ns, Total: 4384211 ns
[2024-02-06T08:27:41.916+0000][6][gc,marking  ] GC(8) Concurrent Scan Root Regions 2.446ms
[2024-02-06T08:27:41.916+0000][6][gc,marking  ] GC(8) Concurrent Mark (3.093s)
[2024-02-06T08:27:41.916+0000][6][gc,marking  ] GC(8) Concurrent Mark From Roots
[2024-02-06T08:27:41.916+0000][6][gc,task     ] GC(8) Using 3 workers of 3 for marking
[2024-02-06T08:27:41.921+0000][6][gc,marking  ] GC(8) Concurrent Mark From Roots 4.424ms
[2024-02-06T08:27:41.921+0000][6][gc,marking  ] GC(8) Concurrent Preclean
[2024-02-06T08:27:41.921+0000][6][gc,marking  ] GC(8) Concurrent Preclean 0.194ms
[2024-02-06T08:27:41.921+0000][6][gc,marking  ] GC(8) Concurrent Mark (3.093s, 3.098s) 4.709ms
[2024-02-06T08:27:41.921+0000][6][gc,start    ] GC(8) Pause Remark
[2024-02-06T08:27:41.924+0000][6][gc          ] GC(8) Pause Remark 25M->25M(512M) 2.579ms
[2024-02-06T08:27:41.924+0000][6][gc,cpu      ] GC(8) User=0.01s Sys=0.00s Real=0.00s
[2024-02-06T08:27:41.924+0000][6][safepoint   ] Safepoint "G1Concurrent", Time since last: 7245317 ns, Reaching safepoint: 121984 ns, At safepoint: 2645234 ns, Total: 2767218 ns
[2024-02-06T08:27:41.924+0000][6][gc,marking  ] GC(8) Concurrent Rebuild Remembered Sets
[2024-02-06T08:27:41.926+0000][6][gc,marking  ] GC(8) Concurrent Rebuild Remembered Sets 2.574ms
[2024-02-06T08:27:41.927+0000][6][gc,start    ] GC(8) Pause Cleanup
[2024-02-06T08:27:41.927+0000][6][gc          ] GC(8) Pause Cleanup 29M->29M(512M) 0.078ms
[2024-02-06T08:27:41.927+0000][6][gc,cpu      ] GC(8) User=0.00s Sys=0.00s Real=0.00s
[2024-02-06T08:27:41.927+0000][6][safepoint   ] Safepoint "G1Concurrent", Time since last: 2642366 ns, Reaching safepoint: 406183 ns, At safepoint: 118576 ns, Total: 524759 ns
[2024-02-06T08:27:41.927+0000][6][gc,marking  ] GC(8) Concurrent Cleanup for Next Mark
[2024-02-06T08:27:41.928+0000][6][gc,marking  ] GC(8) Concurrent Cleanup for Next Mark 0.769ms
[2024-02-06T08:27:41.928+0000][6][gc          ] GC(8) Concurrent Cycle 14.247ms
[2024-02-06T08:27:42.161+0000][6][gc,start    ] GC(9) Pause Young (Normal) (G1 Evacuation Pause)
[2024-02-06T08:27:42.161+0000][6][gc,task     ] GC(9) Using 12 workers of 13 for evacuation
[2024-02-06T08:27:42.161+0000][6][gc,age      ] GC(9) Desired survivor size 20971520 bytes, new threshold 15 (max threshold 15)
[2024-02-06T08:27:42.165+0000][6][gc,age      ] GC(9) Age table with threshold 15 (max threshold 15)
[2024-02-06T08:27:42.165+0000][6][gc,age      ] GC(9) - age   1:    1112744 bytes,    1112744 total
[2024-02-06T08:27:42.165+0000][6][gc,age      ] GC(9) - age   2:    1637136 bytes,    2749880 total
[2024-02-06T08:27:42.165+0000][6][gc,age      ] GC(9) - age   3:     616416 bytes,    3366296 total
[2024-02-06T08:27:42.165+0000][6][gc,age      ] GC(9) - age   4:    1473824 bytes,    4840120 total
[2024-02-06T08:27:42.165+0000][6][gc,age      ] GC(9) - age   5:    1808048 bytes,    6648168 total
[2024-02-06T08:27:42.165+0000][6][gc,age      ] GC(9) - age   6:    4370416 bytes,   11018584 total
[2024-02-06T08:27:42.165+0000][6][gc,age      ] GC(9) - age   7:    1261328 bytes,   12279912 total
[2024-02-06T08:27:42.165+0000][6][gc,age      ] GC(9) - age   8:    1980624 bytes,   14260536 total
[2024-02-06T08:27:42.165+0000][6][gc,phases   ] GC(9)   Pre Evacuate Collection Set: 0.0ms
[2024-02-06T08:27:42.165+0000][6][gc,phases   ] GC(9)   Merge Heap Roots: 0.0ms
[2024-02-06T08:27:42.165+0000][6][gc,phases   ] GC(9)   Evacuate Collection Set: 3.6ms
[2024-02-06T08:27:42.165+0000][6][gc,phases   ] GC(9)   Post Evacuate Collection Set: 0.5ms
[2024-02-06T08:27:42.165+0000][6][gc,phases   ] GC(9)   Other: 0.2ms
[2024-02-06T08:27:42.165+0000][6][gc,heap     ] GC(9) Eden regions: 72->0(72)
[2024-02-06T08:27:42.165+0000][6][gc,heap     ] GC(9) Survivor regions: 4->4(10)
[2024-02-06T08:27:42.165+0000][6][gc,heap     ] GC(9) Old regions: 2->2
[2024-02-06T08:27:42.165+0000][6][gc,heap     ] GC(9) Archive regions: 2->2
[2024-02-06T08:27:42.165+0000][6][gc,heap     ] GC(9) Humongous regions: 0->0
[2024-02-06T08:27:42.165+0000][6][gc,metaspace] GC(9) Metaspace: 20214K(21552K)->20214K(21552K) NonClass: 17758K(18864K)->17758K(18864K) Class: 2456K(2688K)->2456K(2688K)
[2024-02-06T08:27:42.165+0000][6][gc          ] GC(9) Pause Young (Normal) (G1 Evacuation Pause) 309M->22M(512M) 4.414ms
[2024-02-06T08:27:42.165+0000][6][gc,cpu      ] GC(9) User=0.03s Sys=0.00s Real=0.00s
[2024-02-06T08:27:42.165+0000][6][safepoint   ] Safepoint "G1CollectForAllocation", Time since last: 233888681 ns, Reaching safepoint: 47612 ns, At safepoint: 4473185 ns, Total: 4520797 ns
[2024-02-06T08:27:42.764+0000][6][safepoint   ] Safepoint "ICBufferFull", Time since last: 598823249 ns, Reaching safepoint: 161627 ns, At safepoint: 6490 ns, Total: 168117 ns
[2024-02-06T08:27:43.151+0000][6][safepoint   ] Safepoint "ICBufferFull", Time since last: 386269659 ns, Reaching safepoint: 235244 ns, At safepoint: 10004 ns, Total: 245248 ns
[2024-02-06T08:27:43.715+0000][6][gc,start    ] GC(10) Pause Young (Normal) (G1 Evacuation Pause)
[2024-02-06T08:27:43.715+0000][6][gc,task     ] GC(10) Using 12 workers of 13 for evacuation
[2024-02-06T08:27:43.715+0000][6][gc,age      ] GC(10) Desired survivor size 20971520 bytes, new threshold 15 (max threshold 15)
[2024-02-06T08:27:43.729+0000][6][gc,age      ] GC(10) Age table with threshold 15 (max threshold 15)
[2024-02-06T08:27:43.729+0000][6][gc,age      ] GC(10) - age   1:   20418432 bytes,   20418432 total
[2024-02-06T08:27:43.729+0000][6][gc,age      ] GC(10) - age   2:     646008 bytes,   21064440 total
[2024-02-06T08:27:43.729+0000][6][gc,age      ] GC(10) - age   3:    1626728 bytes,   22691168 total
[2024-02-06T08:27:43.729+0000][6][gc,age      ] GC(10) - age   4:     607856 bytes,   23299024 total
[2024-02-06T08:27:43.729+0000][6][gc,age      ] GC(10) - age   5:    1455568 bytes,   24754592 total
[2024-02-06T08:27:43.729+0000][6][gc,age      ] GC(10) - age   6:    1794080 bytes,   26548672 total
[2024-02-06T08:27:43.729+0000][6][gc,age      ] GC(10) - age   7:    4330256 bytes,   30878928 total
[2024-02-06T08:27:43.729+0000][6][gc,age      ] GC(10) - age   8:    1210256 bytes,   32089184 total
[2024-02-06T08:27:43.729+0000][6][gc,age      ] GC(10) - age   9:    1972400 bytes,   34061584 total
[2024-02-06T08:27:43.730+0000][6][gc,phases   ] GC(10)   Pre Evacuate Collection Set: 0.1ms
[2024-02-06T08:27:43.730+0000][6][gc,phases   ] GC(10)   Merge Heap Roots: 0.0ms
[2024-02-06T08:27:43.730+0000][6][gc,phases   ] GC(10)   Evacuate Collection Set: 13.2ms
[2024-02-06T08:27:43.730+0000][6][gc,phases   ] GC(10)   Post Evacuate Collection Set: 0.9ms
[2024-02-06T08:27:43.730+0000][6][gc,phases   ] GC(10)   Other: 0.2ms
[2024-02-06T08:27:43.730+0000][6][gc,heap     ] GC(10) Eden regions: 72->0(67)
[2024-02-06T08:27:43.730+0000][6][gc,heap     ] GC(10) Survivor regions: 4->9(10)
[2024-02-06T08:27:43.730+0000][6][gc,heap     ] GC(10) Old regions: 2->2
[2024-02-06T08:27:43.730+0000][6][gc,heap     ] GC(10) Archive regions: 2->2
[2024-02-06T08:27:43.730+0000][6][gc,heap     ] GC(10) Humongous regions: 0->0
[2024-02-06T08:27:43.730+0000][6][gc,metaspace] GC(10) Metaspace: 30047K(32176K)->30047K(32176K) NonClass: 26305K(27824K)->26305K(27824K) Class: 3742K(4352K)->3742K(4352K)
[2024-02-06T08:27:43.730+0000][6][gc          ] GC(10) Pause Young (Normal) (G1 Evacuation Pause) 310M->41M(512M) 14.507ms
[2024-02-06T08:27:43.730+0000][6][gc,cpu      ] GC(10) User=0.11s Sys=0.00s Real=0.02s
[2024-02-06T08:27:43.730+0000][6][safepoint   ] Safepoint "G1CollectForAllocation", Time since last: 564081455 ns, Reaching safepoint: 95460 ns, At safepoint: 14568133 ns, Total: 14663593 ns
[2024-02-06T08:27:44.186+0000][6][safepoint   ] Safepoint "ICBufferFull", Time since last: 456106478 ns, Reaching safepoint: 160012 ns, At safepoint: 3678 ns, Total: 163690 ns
[2024-02-06T08:27:44.379+0000][6][gc,start    ] GC(11) Pause Young (Concurrent Start) (Metadata GC Threshold)
[2024-02-06T08:27:44.379+0000][6][gc,task     ] GC(11) Using 12 workers of 13 for evacuation
[2024-02-06T08:27:44.379+0000][6][gc,age      ] GC(11) Desired survivor size 20971520 bytes, new threshold 2 (max threshold 15)
[2024-02-06T08:27:44.398+0000][6][gc,age      ] GC(11) Age table with threshold 2 (max threshold 15)
[2024-02-06T08:27:44.398+0000][6][gc,age      ] GC(11) - age   1:   18262056 bytes,   18262056 total
[2024-02-06T08:27:44.398+0000][6][gc,age      ] GC(11) - age   2:   20097624 bytes,   38359680 total
[2024-02-06T08:27:44.398+0000][6][gc,phases   ] GC(11)   Pre Evacuate Collection Set: 0.1ms
[2024-02-06T08:27:44.398+0000][6][gc,phases   ] GC(11)   Merge Heap Roots: 0.1ms
[2024-02-06T08:27:44.398+0000][6][gc,phases   ] GC(11)   Evacuate Collection Set: 18.1ms
[2024-02-06T08:27:44.398+0000][6][gc,phases   ] GC(11)   Post Evacuate Collection Set: 0.7ms
[2024-02-06T08:27:44.398+0000][6][gc,phases   ] GC(11)   Other: 0.2ms
[2024-02-06T08:27:44.398+0000][6][gc,heap     ] GC(11) Eden regions: 33->0(66)
[2024-02-06T08:27:44.398+0000][6][gc,heap     ] GC(11) Survivor regions: 9->10(10)
[2024-02-06T08:27:44.398+0000][6][gc,heap     ] GC(11) Old regions: 2->5
[2024-02-06T08:27:44.398+0000][6][gc,heap     ] GC(11) Archive regions: 2->2
[2024-02-06T08:27:44.398+0000][6][gc,heap     ] GC(11) Humongous regions: 0->0
[2024-02-06T08:27:44.398+0000][6][gc,metaspace] GC(11) Metaspace: 33775K(35888K)->33775K(35888K) NonClass: 29423K(30896K)->29423K(30896K) Class: 4352K(4992K)->4352K(4992K)
[2024-02-06T08:27:44.398+0000][6][gc          ] GC(11) Pause Young (Concurrent Start) (Metadata GC Threshold) 171M->61M(512M) 19.297ms
[2024-02-06T08:27:44.398+0000][6][gc,cpu      ] GC(11) User=0.17s Sys=0.00s Real=0.02s
[2024-02-06T08:27:44.398+0000][6][gc          ] GC(12) Concurrent Cycle
[2024-02-06T08:27:44.398+0000][6][gc,marking  ] GC(12) Concurrent Clear Claimed Marks
[2024-02-06T08:27:44.399+0000][6][gc,marking  ] GC(12) Concurrent Clear Claimed Marks 0.072ms
[2024-02-06T08:27:44.399+0000][6][gc,marking  ] GC(12) Concurrent Scan Root Regions
[2024-02-06T08:27:44.399+0000][6][safepoint   ] Safepoint "CollectForMetadataAllocation", Time since last: 193063194 ns, Reaching safepoint: 112483 ns, At safepoint: 19549848 ns, Total: 19662331 ns
[2024-02-06T08:27:44.409+0000][6][gc,marking  ] GC(12) Concurrent Scan Root Regions 10.154ms
[2024-02-06T08:27:44.409+0000][6][gc,marking  ] GC(12) Concurrent Mark (5.586s)
[2024-02-06T08:27:44.409+0000][6][gc,marking  ] GC(12) Concurrent Mark From Roots
[2024-02-06T08:27:44.409+0000][6][gc,task     ] GC(12) Using 3 workers of 3 for marking
[2024-02-06T08:27:44.412+0000][6][gc,marking  ] GC(12) Concurrent Mark From Roots 3.460ms
[2024-02-06T08:27:44.412+0000][6][gc,marking  ] GC(12) Concurrent Preclean
[2024-02-06T08:27:44.412+0000][6][gc,marking  ] GC(12) Concurrent Preclean 0.144ms
[2024-02-06T08:27:44.412+0000][6][gc,marking  ] GC(12) Concurrent Mark (5.586s, 5.590s) 3.655ms
[2024-02-06T08:27:44.413+0000][6][gc,start    ] GC(12) Pause Remark
[2024-02-06T08:27:44.414+0000][6][gc          ] GC(12) Pause Remark 63M->63M(512M) 1.413ms
[2024-02-06T08:27:44.414+0000][6][gc,cpu      ] GC(12) User=0.01s Sys=0.00s Real=0.00s
[2024-02-06T08:27:44.414+0000][6][safepoint   ] Safepoint "G1Concurrent", Time since last: 13792448 ns, Reaching safepoint: 59390 ns, At safepoint: 1491536 ns, Total: 1550926 ns
[2024-02-06T08:27:44.414+0000][6][gc,marking  ] GC(12) Concurrent Rebuild Remembered Sets
[2024-02-06T08:27:44.419+0000][6][gc,marking  ] GC(12) Concurrent Rebuild Remembered Sets 5.126ms
[2024-02-06T08:27:44.420+0000][6][gc,start    ] GC(12) Pause Cleanup
[2024-02-06T08:27:44.420+0000][6][gc          ] GC(12) Pause Cleanup 63M->63M(512M) 0.068ms
[2024-02-06T08:27:44.420+0000][6][gc,cpu      ] GC(12) User=0.01s Sys=0.00s Real=0.00s
[2024-02-06T08:27:44.420+0000][6][safepoint   ] Safepoint "G1Concurrent", Time since last: 5184160 ns, Reaching safepoint: 588839 ns, At safepoint: 100893 ns, Total: 689732 ns
[2024-02-06T08:27:44.420+0000][6][gc,marking  ] GC(12) Concurrent Cleanup for Next Mark
[2024-02-06T08:27:44.421+0000][6][gc,marking  ] GC(12) Concurrent Cleanup for Next Mark 1.273ms
[2024-02-06T08:27:44.421+0000][6][gc          ] GC(12) Concurrent Cycle 22.707ms
[2024-02-06T08:27:45.013+0000][6][safepoint   ] Safepoint "ICBufferFull", Time since last: 593159518 ns, Reaching safepoint: 133523 ns, At safepoint: 6826 ns, Total: 140349 ns
[2024-02-06T08:27:45.585+0000][6][safepoint   ] Safepoint "ICBufferFull", Time since last: 571252012 ns, Reaching safepoint: 166041 ns, At safepoint: 10008 ns, Total: 176049 ns
[2024-02-06T08:27:45.683+0000][6][gc,start    ] GC(13) Pause Young (Normal) (G1 Evacuation Pause)
[2024-02-06T08:27:45.683+0000][6][gc,task     ] GC(13) Using 12 workers of 13 for evacuation
[2024-02-06T08:27:45.683+0000][6][gc,age      ] GC(13) Desired survivor size 20971520 bytes, new threshold 2 (max threshold 15)
[2024-02-06T08:27:45.698+0000][6][gc,age      ] GC(13) Age table with threshold 2 (max threshold 15)
[2024-02-06T08:27:45.698+0000][6][gc,age      ] GC(13) - age   1:    6538328 bytes,    6538328 total
[2024-02-06T08:27:45.698+0000][6][gc,age      ] GC(13) - age   2:   18189088 bytes,   24727416 total
[2024-02-06T08:27:45.698+0000][6][gc,phases   ] GC(13)   Pre Evacuate Collection Set: 0.0ms
[2024-02-06T08:27:45.698+0000][6][gc,phases   ] GC(13)   Merge Heap Roots: 0.1ms
[2024-02-06T08:27:45.698+0000][6][gc,phases   ] GC(13)   Evacuate Collection Set: 13.9ms
[2024-02-06T08:27:45.698+0000][6][gc,phases   ] GC(13)   Post Evacuate Collection Set: 0.8ms
[2024-02-06T08:27:45.698+0000][6][gc,phases   ] GC(13)   Other: 0.2ms
[2024-02-06T08:27:45.698+0000][6][gc,heap     ] GC(13) Eden regions: 66->0(69)
[2024-02-06T08:27:45.698+0000][6][gc,heap     ] GC(13) Survivor regions: 10->7(10)
[2024-02-06T08:27:45.698+0000][6][gc,heap     ] GC(13) Old regions: 5->10
[2024-02-06T08:27:45.698+0000][6][gc,heap     ] GC(13) Archive regions: 2->2
[2024-02-06T08:27:45.698+0000][6][gc,heap     ] GC(13) Humongous regions: 0->0
[2024-02-06T08:27:45.698+0000][6][gc,metaspace] GC(13) Metaspace: 51951K(55088K)->51951K(55088K) NonClass: 45018K(47280K)->45018K(47280K) Class: 6932K(7808K)->6932K(7808K)
[2024-02-06T08:27:45.698+0000][6][gc          ] GC(13) Pause Young (Normal) (G1 Evacuation Pause) 325M->67M(512M) 15.073ms
[2024-02-06T08:27:45.698+0000][6][gc,cpu      ] GC(13) User=0.16s Sys=0.00s Real=0.02s
[2024-02-06T08:27:45.698+0000][6][safepoint   ] Safepoint "G1CollectForAllocation", Time since last: 98081357 ns, Reaching safepoint: 226205 ns, At safepoint: 15139839 ns, Total: 15366044 ns
[2024-02-06T08:27:46.058+0000][6][safepoint   ] Safepoint "ICBufferFull", Time since last: 359331688 ns, Reaching safepoint: 185257 ns, At safepoint: 3771 ns, Total: 189028 ns
[2024-02-06T08:27:46.069+0000][6][gc,start    ] GC(14) Pause Young (Concurrent Start) (Metadata GC Threshold)
[2024-02-06T08:27:46.069+0000][6][gc,task     ] GC(14) Using 12 workers of 13 for evacuation
[2024-02-06T08:27:46.069+0000][6][gc,age      ] GC(14) Desired survivor size 20971520 bytes, new threshold 2 (max threshold 15)
[2024-02-06T08:27:46.078+0000][6][gc,age      ] GC(14) Age table with threshold 2 (max threshold 15)
[2024-02-06T08:27:46.078+0000][6][gc,age      ] GC(14) - age   1:    2377104 bytes,    2377104 total
[2024-02-06T08:27:46.078+0000][6][gc,age      ] GC(14) - age   2:    6347648 bytes,    8724752 total
[2024-02-06T08:27:46.078+0000][6][gc,phases   ] GC(14)   Pre Evacuate Collection Set: 0.1ms
[2024-02-06T08:27:46.078+0000][6][gc,phases   ] GC(14)   Merge Heap Roots: 0.0ms
[2024-02-06T08:27:46.078+0000][6][gc,phases   ] GC(14)   Evacuate Collection Set: 7.8ms
[2024-02-06T08:27:46.078+0000][6][gc,phases   ] GC(14)   Post Evacuate Collection Set: 0.5ms
[2024-02-06T08:27:46.078+0000][6][gc,phases   ] GC(14)   Other: 0.2ms
[2024-02-06T08:27:46.078+0000][6][gc,heap     ] GC(14) Eden regions: 14->0(73)
[2024-02-06T08:27:46.078+0000][6][gc,heap     ] GC(14) Survivor regions: 7->3(10)
[2024-02-06T08:27:46.078+0000][6][gc,heap     ] GC(14) Old regions: 10->14
[2024-02-06T08:27:46.078+0000][6][gc,heap     ] GC(14) Archive regions: 2->2
[2024-02-06T08:27:46.078+0000][6][gc,heap     ] GC(14) Humongous regions: 0->0
[2024-02-06T08:27:46.078+0000][6][gc,metaspace] GC(14) Metaspace: 57099K(60240K)->57099K(60240K) NonClass: 49630K(51792K)->49630K(51792K) Class: 7468K(8448K)->7468K(8448K)
[2024-02-06T08:27:46.078+0000][6][gc          ] GC(14) Pause Young (Concurrent Start) (Metadata GC Threshold) 121M->70M(512M) 8.743ms
[2024-02-06T08:27:46.078+0000][6][gc,cpu      ] GC(14) User=0.08s Sys=0.00s Real=0.01s
[2024-02-06T08:27:46.078+0000][6][gc          ] GC(15) Concurrent Cycle
[2024-02-06T08:27:46.078+0000][6][gc,marking  ] GC(15) Concurrent Clear Claimed Marks
[2024-02-06T08:27:46.078+0000][6][gc,marking  ] GC(15) Concurrent Clear Claimed Marks 0.067ms
[2024-02-06T08:27:46.078+0000][6][gc,marking  ] GC(15) Concurrent Scan Root Regions
[2024-02-06T08:27:46.078+0000][6][safepoint   ] Safepoint "CollectForMetadataAllocation", Time since last: 11311601 ns, Reaching safepoint: 48093 ns, At safepoint: 8929675 ns, Total: 8977768 ns
[2024-02-06T08:27:46.086+0000][6][safepoint   ] Safepoint "CollectForMetadataAllocation", Time since last: 7607378 ns, Reaching safepoint: 52613 ns, At safepoint: 140947 ns, Total: 193560 ns
[2024-02-06T08:27:46.087+0000][6][gc,marking  ] GC(15) Concurrent Scan Root Regions 9.028ms
[2024-02-06T08:27:46.087+0000][6][gc,marking  ] GC(15) Concurrent Mark (7.264s)
[2024-02-06T08:27:46.087+0000][6][gc,marking  ] GC(15) Concurrent Mark From Roots
[2024-02-06T08:27:46.087+0000][6][gc,task     ] GC(15) Using 3 workers of 3 for marking
[2024-02-06T08:27:46.109+0000][6][gc,marking  ] GC(15) Concurrent Mark From Roots 21.694ms
[2024-02-06T08:27:46.109+0000][6][gc,marking  ] GC(15) Concurrent Preclean
[2024-02-06T08:27:46.109+0000][6][gc,marking  ] GC(15) Concurrent Preclean 0.307ms
[2024-02-06T08:27:46.109+0000][6][gc,marking  ] GC(15) Concurrent Mark (7.264s, 7.286s) 22.061ms
[2024-02-06T08:27:46.109+0000][6][gc,start    ] GC(15) Pause Remark
[2024-02-06T08:27:46.111+0000][6][gc          ] GC(15) Pause Remark 76M->76M(512M) 1.590ms
[2024-02-06T08:27:46.111+0000][6][gc,cpu      ] GC(15) User=0.01s Sys=0.00s Real=0.00s
[2024-02-06T08:27:46.111+0000][6][safepoint   ] Safepoint "G1Concurrent", Time since last: 23312982 ns, Reaching safepoint: 126078 ns, At safepoint: 1653894 ns, Total: 1779972 ns
[2024-02-06T08:27:46.111+0000][6][gc,marking  ] GC(15) Concurrent Rebuild Remembered Sets
[2024-02-06T08:27:46.133+0000][6][gc,marking  ] GC(15) Concurrent Rebuild Remembered Sets 22.674ms
[2024-02-06T08:27:46.134+0000][6][gc,start    ] GC(15) Pause Cleanup
[2024-02-06T08:27:46.134+0000][6][gc          ] GC(15) Pause Cleanup 76M->76M(512M) 0.080ms
[2024-02-06T08:27:46.134+0000][6][gc,cpu      ] GC(15) User=0.00s Sys=0.00s Real=0.00s
[2024-02-06T08:27:46.134+0000][6][safepoint   ] Safepoint "G1Concurrent", Time since last: 22759950 ns, Reaching safepoint: 552974 ns, At safepoint: 120124 ns, Total: 673098 ns
[2024-02-06T08:27:46.134+0000][6][gc,marking  ] GC(15) Concurrent Cleanup for Next Mark
[2024-02-06T08:27:46.136+0000][6][gc,marking  ] GC(15) Concurrent Cleanup for Next Mark 1.412ms
[2024-02-06T08:27:46.136+0000][6][gc          ] GC(15) Concurrent Cycle 57.924ms
[2024-02-06T08:27:47.093+0000][6][safepoint   ] Safepoint "ICBufferFull", Time since last: 957505376 ns, Reaching safepoint: 911331 ns, At safepoint: 5814 ns, Total: 917145 ns
[2024-02-06T08:27:47.586+0000][6][safepoint   ] Safepoint "ICBufferFull", Time since last: 492928786 ns, Reaching safepoint: 183371 ns, At safepoint: 3367 ns, Total: 186738 ns
[2024-02-06T08:27:47.775+0000][6][safepoint   ] Safepoint "ICBufferFull", Time since last: 189057672 ns, Reaching safepoint: 159688 ns, At safepoint: 2603 ns, Total: 162291 ns
[2024-02-06T08:27:47.944+0000][6][safepoint   ] Safepoint "ICBufferFull", Time since last: 168877099 ns, Reaching safepoint: 182713 ns, At safepoint: 12186 ns, Total: 194899 ns
[2024-02-06T08:27:48.230+0000][6][safepoint   ] Safepoint "ICBufferFull", Time since last: 285972414 ns, Reaching safepoint: 155235 ns, At safepoint: 4895 ns, Total: 160130 ns
[2024-02-06T08:27:48.356+0000][6][safepoint   ] Safepoint "ICBufferFull", Time since last: 125629468 ns, Reaching safepoint: 164695 ns, At safepoint: 10050 ns, Total: 174745 ns
[2024-02-06T08:27:49.356+0000][6][safepoint   ] Safepoint "Cleanup", Time since last: 1000157538 ns, Reaching safepoint: 120960 ns, At safepoint: 3113 ns, Total: 124073 ns
[2024-02-06T08:27:51.356+0000][6][safepoint   ] Safepoint "Cleanup", Time since last: 2000187421 ns, Reaching safepoint: 58722 ns, At safepoint: 3127 ns, Total: 61849 ns
[2024-02-06T08:27:52.357+0000][6][safepoint   ] Safepoint "Cleanup", Time since last: 1000109022 ns, Reaching safepoint: 76029 ns, At safepoint: 6746 ns, Total: 82775 ns
[2024-02-06T08:27:53.357+0000][6][safepoint   ] Safepoint "Cleanup", Time since last: 1000102981 ns, Reaching safepoint: 63646 ns, At safepoint: 3300 ns, Total: 66946 ns
[2024-02-06T08:27:55.357+0000][6][safepoint   ] Safepoint "Cleanup", Time since last: 2000162867 ns, Reaching safepoint: 65867 ns, At safepoint: 3457 ns, Total: 69324 ns
[2024-02-06T08:27:56.357+0000][6][safepoint   ] Safepoint "Cleanup", Time since last: 1000097742 ns, Reaching safepoint: 62054 ns, At safepoint: 3117 ns, Total: 65171 ns
[2024-02-06T08:27:57.357+0000][6][safepoint   ] Safepoint "Cleanup", Time since last: 1000104299 ns, Reaching safepoint: 65074 ns, At safepoint: 3884 ns, Total: 68958 ns
[2024-02-06T08:28:08.358+0000][6][safepoint   ] Safepoint "Cleanup", Time since last: 11000711385 ns, Reaching safepoint: 63403 ns, At safepoint: 3496 ns, Total: 66899 ns
[2024-02-06T08:28:09.358+0000][6][safepoint   ] Safepoint "Cleanup", Time since last: 1000095083 ns, Reaching safepoint: 65550 ns, At safepoint: 3420 ns, Total: 68970 ns
[2024-02-06T08:28:13.359+0000][6][safepoint   ] Safepoint "Cleanup", Time since last: 4000272407 ns, Reaching safepoint: 75025 ns, At safepoint: 3338 ns, Total: 78363 ns
[2024-02-06T08:28:14.359+0000][6][safepoint   ] Safepoint "Cleanup", Time since last: 1000090108 ns, Reaching safepoint: 72426 ns, At safepoint: 3383 ns, Total: 75809 ns
[2024-02-06T08:28:15.359+0000][6][safepoint   ] Safepoint "Cleanup", Time since last: 1000088253 ns, Reaching safepoint: 59521 ns, At safepoint: 3359 ns, Total: 62880 ns
[2024-02-06T08:28:18.359+0000][6][safepoint   ] Safepoint "Cleanup", Time since last: 3000219344 ns, Reaching safepoint: 75149 ns, At safepoint: 3760 ns, Total: 78909 ns
[2024-02-06T08:28:23.360+0000][6][safepoint   ] Safepoint "Cleanup", Time since last: 5000402596 ns, Reaching safepoint: 68335 ns, At safepoint: 6981 ns, Total: 75316 ns
[2024-02-06T08:28:24.360+0000][6][safepoint   ] Safepoint "Cleanup", Time since last: 1000144389 ns, Reaching safepoint: 68163 ns, At safepoint: 3378 ns, Total: 71541 ns
[2024-02-06T08:28:26.360+0000][6][safepoint   ] Safepoint "Cleanup", Time since last: 2000157850 ns, Reaching safepoint: 64312 ns, At safepoint: 3371 ns, Total: 67683 ns
[2024-02-06T08:28:27.360+0000][6][safepoint   ] Safepoint "Cleanup", Time since last: 1000091284 ns, Reaching safepoint: 61614 ns, At safepoint: 3322 ns, Total: 64936 ns
[2024-02-06T08:28:32.361+0000][6][safepoint   ] Safepoint "Cleanup", Time since last: 5000342786 ns, Reaching safepoint: 65743 ns, At safepoint: 3110 ns, Total: 68853 ns
[2024-02-06T08:28:33.361+0000][6][safepoint   ] Safepoint "Cleanup", Time since last: 1000116532 ns, Reaching safepoint: 93554 ns, At safepoint: 8129 ns, Total: 101683 ns
[2024-02-06T08:28:34.361+0000][6][safepoint   ] Safepoint "Cleanup", Time since last: 1000092158 ns, Reaching safepoint: 67717 ns, At safepoint: 3438 ns, Total: 71155 ns
[2024-02-06T08:28:35.361+0000][6][safepoint   ] Safepoint "Cleanup", Time since last: 1000095645 ns, Reaching safepoint: 66091 ns, At safepoint: 3535 ns, Total: 69626 ns
[2024-02-06T08:28:38.362+0000][6][safepoint   ] Safepoint "Cleanup", Time since last: 3000215451 ns, Reaching safepoint: 110955 ns, At safepoint: 3455 ns, Total: 114410 ns
[2024-02-06T08:28:40.362+0000][6][safepoint   ] Safepoint "Cleanup", Time since last: 2000159701 ns, Reaching safepoint: 64236 ns, At safepoint: 3581 ns, Total: 67817 ns
[2024-02-06T08:28:43.362+0000][6][safepoint   ] Safepoint "Cleanup", Time since last: 3000214554 ns, Reaching safepoint: 76457 ns, At safepoint: 3613 ns, Total: 80070 ns
[2024-02-06T08:28:44.362+0000][6][safepoint   ] Safepoint "Cleanup", Time since last: 1000092180 ns, Reaching safepoint: 67548 ns, At safepoint: 3256 ns, Total: 70804 ns
[2024-02-06T08:28:48.363+0000][6][safepoint   ] Safepoint "Cleanup", Time since last: 4000272585 ns, Reaching safepoint: 67618 ns, At safepoint: 3859 ns, Total: 71477 ns
[2024-02-06T08:29:06.364+0000][6][safepoint   ] Safepoint "Cleanup", Time since last: 18001198598 ns, Reaching safepoint: 83272 ns, At safepoint: 3770 ns, Total: 87042 ns
[2024-02-06T08:29:13.365+0000][6][safepoint   ] Safepoint "Cleanup", Time since last: 7000510676 ns, Reaching safepoint: 119036 ns, At safepoint: 3674 ns, Total: 122710 ns
[2024-02-06T08:29:16.365+0000][6][safepoint   ] Safepoint "Cleanup", Time since last: 3000222270 ns, Reaching safepoint: 64871 ns, At safepoint: 3341 ns, Total: 68212 ns
[2024-02-06T08:29:18.365+0000][6][safepoint   ] Safepoint "Cleanup", Time since last: 2000162365 ns, Reaching safepoint: 68607 ns, At safepoint: 2130 ns, Total: 70737 ns
[2024-02-06T08:29:19.365+0000][6][safepoint   ] Safepoint "Cleanup", Time since last: 1000180620 ns, Reaching safepoint: 73012 ns, At safepoint: 3397 ns, Total: 76409 ns
[2024-02-06T08:29:30.366+0000][6][safepoint   ] Safepoint "Cleanup", Time since last: 11000691402 ns, Reaching safepoint: 66501 ns, At safepoint: 3373 ns, Total: 69874 ns
[2024-02-06T08:29:31.366+0000][6][safepoint   ] Safepoint "Cleanup", Time since last: 1000103499 ns, Reaching safepoint: 65315 ns, At safepoint: 3502 ns, Total: 68817 ns
[2024-02-06T08:29:54.368+0000][6][safepoint   ] Safepoint "Cleanup", Time since last: 23001382921 ns, Reaching safepoint: 63975 ns, At safepoint: 3597 ns, Total: 67572 ns
[2024-02-06T08:29:55.368+0000][6][safepoint   ] Safepoint "Cleanup", Time since last: 1000160061 ns, Reaching safepoint: 66344 ns, At safepoint: 3033 ns, Total: 69377 ns
[2024-02-06T08:30:00.368+0000][6][safepoint   ] Safepoint "Cleanup", Time since last: 5000343865 ns, Reaching safepoint: 65184 ns, At safepoint: 3526 ns, Total: 68710 ns
[2024-02-06T08:30:11.369+0000][6][safepoint   ] Safepoint "Cleanup", Time since last: 11000705373 ns, Reaching safepoint: 62733 ns, At safepoint: 3507 ns, Total: 66240 ns
[2024-02-06T08:30:18.370+0000][6][safepoint   ] Safepoint "Cleanup", Time since last: 7000450964 ns, Reaching safepoint: 67315 ns, At safepoint: 3435 ns, Total: 70750 ns
[2024-02-06T08:30:25.370+0000][6][safepoint   ] Safepoint "Cleanup", Time since last: 7000527416 ns, Reaching safepoint: 67700 ns, At safepoint: 3310 ns, Total: 71010 ns
[2024-02-06T08:30:31.371+0000][6][safepoint   ] Safepoint "Cleanup", Time since last: 6000407318 ns, Reaching safepoint: 67038 ns, At safepoint: 3382 ns, Total: 70420 ns
[2024-02-06T08:30:41.371+0000][6][safepoint   ] Safepoint "Cleanup", Time since last: 10000611195 ns, Reaching safepoint: 65994 ns, At safepoint: 3402 ns, Total: 69396 ns
[2024-02-06T08:30:47.372+0000][6][safepoint   ] Safepoint "Cleanup", Time since last: 6000377628 ns, Reaching safepoint: 74535 ns, At safepoint: 4227 ns, Total: 78762 ns
[2024-02-06T08:30:48.372+0000][6][safepoint   ] Safepoint "Cleanup", Time since last: 1000112348 ns, Reaching safepoint: 89677 ns, At safepoint: 3710 ns, Total: 93387 ns
[2024-02-06T08:30:59.373+0000][6][safepoint   ] Safepoint "Cleanup", Time since last: 11000687649 ns, Reaching safepoint: 69601 ns, At safepoint: 3540 ns, Total: 73141 ns
[2024-02-06T08:31:11.374+0000][6][safepoint   ] Safepoint "Cleanup", Time since last: 12000760903 ns, Reaching safepoint: 78809 ns, At safepoint: 4942 ns, Total: 83751 ns
[2024-02-06T08:31:18.374+0000][6][safepoint   ] Safepoint "Cleanup", Time since last: 7000414144 ns, Reaching safepoint: 79553 ns, At safepoint: 3613 ns, Total: 83166 ns
[2024-02-06T08:31:21.375+0000][6][safepoint   ] Safepoint "Cleanup", Time since last: 3000216230 ns, Reaching safepoint: 65778 ns, At safepoint: 3214 ns, Total: 68992 ns
[2024-02-06T08:31:48.376+0000][6][safepoint   ] Safepoint "Cleanup", Time since last: 27001626538 ns, Reaching safepoint: 80137 ns, At safepoint: 2624 ns, Total: 82761 ns
[2024-02-06T08:32:18.378+0000][6][safepoint   ] Safepoint "Cleanup", Time since last: 30001764482 ns, Reaching safepoint: 77692 ns, At safepoint: 3001 ns, Total: 80693 ns
[2024-02-06T08:32:23.379+0000][6][safepoint   ] Safepoint "Cleanup", Time since last: 5000338083 ns, Reaching safepoint: 95698 ns, At safepoint: 2652 ns, Total: 98350 ns
[2024-02-06T08:32:24.379+0000][6][safepoint   ] Safepoint "Cleanup", Time since last: 1000102904 ns, Reaching safepoint: 68626 ns, At safepoint: 6529 ns, Total: 75155 ns
[2024-02-06T08:32:25.379+0000][6][safepoint   ] Safepoint "Cleanup", Time since last: 1000105920 ns, Reaching safepoint: 66922 ns, At safepoint: 3436 ns, Total: 70358 ns
[2024-02-06T08:32:26.379+0000][6][safepoint   ] Safepoint "Cleanup", Time since last: 1000101962 ns, Reaching safepoint: 66492 ns, At safepoint: 3599 ns, Total: 70091 ns
[2024-02-06T08:32:28.379+0000][6][safepoint   ] Safepoint "Cleanup", Time since last: 2000170902 ns, Reaching safepoint: 66127 ns, At safepoint: 3318 ns, Total: 69445 ns
[2024-02-06T08:32:51.381+0000][6][safepoint   ] Safepoint "Cleanup", Time since last: 23001439757 ns, Reaching safepoint: 67499 ns, At safepoint: 3116 ns, Total: 70615 ns
[2024-02-06T08:33:18.383+0000][6][safepoint   ] Safepoint "Cleanup", Time since last: 27001726605 ns, Reaching safepoint: 91201 ns, At safepoint: 2148 ns, Total: 93349 ns
[2024-02-06T08:33:48.385+0000][6][safepoint   ] Safepoint "Cleanup", Time since last: 30001838629 ns, Reaching safepoint: 83748 ns, At safepoint: 3541 ns, Total: 87289 ns
[2024-02-06T08:34:18.386+0000][6][safepoint   ] Safepoint "Cleanup", Time since last: 30001862002 ns, Reaching safepoint: 83813 ns, At safepoint: 3611 ns, Total: 87424 ns
[2024-02-06T08:34:48.388+0000][6][safepoint   ] Safepoint "Cleanup", Time since last: 30001752654 ns, Reaching safepoint: 82313 ns, At safepoint: 3504 ns, Total: 85817 ns
[2024-02-06T08:35:07.390+0000][6][safepoint   ] Safepoint "Cleanup", Time since last: 19001162692 ns, Reaching safepoint: 75216 ns, At safepoint: 7137 ns, Total: 82353 ns
[2024-02-06T08:35:18.390+0000][6][safepoint   ] Safepoint "Cleanup", Time since last: 11000711842 ns, Reaching safepoint: 68519 ns, At safepoint: 3775 ns, Total: 72294 ns
[2024-02-06T08:35:48.392+0000][6][safepoint   ] Safepoint "Cleanup", Time since last: 30001890867 ns, Reaching safepoint: 64688 ns, At safepoint: 4686 ns, Total: 69374 ns
[2024-02-06T08:36:30.395+0000][6][safepoint   ] Safepoint "Cleanup", Time since last: 42002576634 ns, Reaching safepoint: 93139 ns, At safepoint: 4048 ns, Total: 97187 ns
[2024-02-06T08:36:34.330+0000][6][gc,start    ] GC(16) Pause Young (Concurrent Start) (G1 Evacuation Pause)
[2024-02-06T08:36:34.330+0000][6][gc,task     ] GC(16) Using 12 workers of 13 for evacuation
[2024-02-06T08:36:34.330+0000][6][gc,age      ] GC(16) Desired survivor size 20971520 bytes, new threshold 15 (max threshold 15)
[2024-02-06T08:36:34.339+0000][6][gc,age      ] GC(16) Age table with threshold 15 (max threshold 15)
[2024-02-06T08:36:34.339+0000][6][gc,age      ] GC(16) - age   1:   13496912 bytes,   13496912 total
[2024-02-06T08:36:34.339+0000][6][gc,age      ] GC(16) - age   2:    2274608 bytes,   15771520 total
[2024-02-06T08:36:34.339+0000][6][gc,age      ] GC(16) - age   3:    6276952 bytes,   22048472 total
[2024-02-06T08:36:34.339+0000][6][gc,phases   ] GC(16)   Pre Evacuate Collection Set: 0.1ms
[2024-02-06T08:36:34.339+0000][6][gc,phases   ] GC(16)   Merge Heap Roots: 0.1ms
[2024-02-06T08:36:34.339+0000][6][gc,phases   ] GC(16)   Evacuate Collection Set: 8.4ms
[2024-02-06T08:36:34.339+0000][6][gc,phases   ] GC(16)   Post Evacuate Collection Set: 0.9ms
[2024-02-06T08:36:34.339+0000][6][gc,phases   ] GC(16)   Other: 0.2ms
[2024-02-06T08:36:34.340+0000][6][gc,heap     ] GC(16) Eden regions: 73->0(70)
[2024-02-06T08:36:34.340+0000][6][gc,heap     ] GC(16) Survivor regions: 3->6(10)
[2024-02-06T08:36:34.340+0000][6][gc,heap     ] GC(16) Old regions: 14->14
[2024-02-06T08:36:34.340+0000][6][gc,heap     ] GC(16) Archive regions: 2->2
[2024-02-06T08:36:34.340+0000][6][gc,heap     ] GC(16) Humongous regions: 2->2
[2024-02-06T08:36:34.340+0000][6][gc,metaspace] GC(16) Metaspace: 90764K(94544K)->90764K(94544K) NonClass: 78549K(81232K)->78549K(81232K) Class: 12215K(13312K)->12215K(13312K)
[2024-02-06T08:36:34.340+0000][6][gc          ] GC(16) Pause Young (Concurrent Start) (G1 Evacuation Pause) 370M->89M(512M) 9.773ms
[2024-02-06T08:36:34.340+0000][6][gc,cpu      ] GC(16) User=0.09s Sys=0.00s Real=0.01s
[2024-02-06T08:36:34.340+0000][6][gc          ] GC(17) Concurrent Cycle
[2024-02-06T08:36:34.340+0000][6][safepoint   ] Safepoint "G1CollectForAllocation", Time since last: 3934636016 ns, Reaching safepoint: 129398 ns, At safepoint: 9861752 ns, Total: 9991150 ns
[2024-02-06T08:36:34.340+0000][6][gc,marking  ] GC(17) Concurrent Clear Claimed Marks
[2024-02-06T08:36:34.340+0000][6][gc,marking  ] GC(17) Concurrent Clear Claimed Marks 0.067ms
[2024-02-06T08:36:34.340+0000][6][gc,marking  ] GC(17) Concurrent Scan Root Regions
[2024-02-06T08:36:34.349+0000][6][gc,marking  ] GC(17) Concurrent Scan Root Regions 8.833ms
[2024-02-06T08:36:34.349+0000][6][gc,marking  ] GC(17) Concurrent Mark (535.526s)
[2024-02-06T08:36:34.349+0000][6][gc,marking  ] GC(17) Concurrent Mark From Roots
[2024-02-06T08:36:34.349+0000][6][gc,task     ] GC(17) Using 3 workers of 3 for marking
[2024-02-06T08:36:34.384+0000][6][gc,marking  ] GC(17) Concurrent Mark From Roots 35.627ms
[2024-02-06T08:36:34.384+0000][6][gc,marking  ] GC(17) Concurrent Preclean
[2024-02-06T08:36:34.385+0000][6][gc,marking  ] GC(17) Concurrent Preclean 0.525ms
[2024-02-06T08:36:34.385+0000][6][gc,marking  ] GC(17) Concurrent Mark (535.526s, 535.562s) 36.216ms
[2024-02-06T08:36:34.385+0000][6][gc,start    ] GC(17) Pause Remark
[2024-02-06T08:36:34.393+0000][6][gc          ] GC(17) Pause Remark 109M->109M(512M) 8.455ms
[2024-02-06T08:36:34.393+0000][6][gc,cpu      ] GC(17) User=0.07s Sys=0.00s Real=0.01s
[2024-02-06T08:36:34.393+0000][6][safepoint   ] Safepoint "G1Concurrent", Time since last: 45184617 ns, Reaching safepoint: 60058 ns, At safepoint: 8517096 ns, Total: 8577154 ns
[2024-02-06T08:36:34.393+0000][6][gc,marking  ] GC(17) Concurrent Rebuild Remembered Sets
[2024-02-06T08:36:34.416+0000][6][gc,marking  ] GC(17) Concurrent Rebuild Remembered Sets 22.586ms
[2024-02-06T08:36:34.416+0000][6][gc,start    ] GC(17) Pause Cleanup
[2024-02-06T08:36:34.417+0000][6][gc          ] GC(17) Pause Cleanup 109M->109M(512M) 0.094ms
[2024-02-06T08:36:34.417+0000][6][gc,cpu      ] GC(17) User=0.00s Sys=0.00s Real=0.00s
[2024-02-06T08:36:34.417+0000][6][safepoint   ] Safepoint "G1Concurrent", Time since last: 22673111 ns, Reaching safepoint: 336694 ns, At safepoint: 135830 ns, Total: 472524 ns
[2024-02-06T08:36:34.417+0000][6][gc,marking  ] GC(17) Concurrent Cleanup for Next Mark
[2024-02-06T08:36:34.417+0000][6][gc,marking  ] GC(17) Concurrent Cleanup for Next Mark 0.500ms
[2024-02-06T08:36:34.417+0000][6][gc          ] GC(17) Concurrent Cycle 77.483ms
[2024-02-06T08:36:34.417+0000][6][gc,heap,exit] Heap
[2024-02-06T08:36:34.417+0000][6][gc,heap,exit]  garbage-first heap   total 524288K, used 108526K [0x00000000e0000000, 0x0000000100000000)
[2024-02-06T08:36:34.417+0000][6][gc,heap,exit]   region size 4096K, 11 young (45056K), 6 survivors (24576K)
[2024-02-06T08:36:34.417+0000][6][gc,heap,exit]  Metaspace       used 90837K, capacity 94172K, committed 94544K, reserved 1130496K
[2024-02-06T08:36:34.417+0000][6][gc,heap,exit]   class space    used 12233K, capacity 13263K, committed 13312K, reserved 1048576K
