[2024-02-06T08:09:17.777+0000][7][gc] Using G1
[2024-02-06T08:09:17.988+0000][7][gc,init] Version: 15.0.1+9 (release)
[2024-02-06T08:09:17.988+0000][7][gc,init] CPUs: 16 total, 16 available
[2024-02-06T08:09:17.988+0000][7][gc,init] Memory: 63240M
[2024-02-06T08:09:17.988+0000][7][gc,init] Large Page Support: Disabled
[2024-02-06T08:09:17.988+0000][7][gc,init] NUMA Support: Disabled
[2024-02-06T08:09:17.988+0000][7][gc,init] Compressed Oops: Enabled (32-bit)
[2024-02-06T08:09:17.988+0000][7][gc,init] Heap Region Size: 4M
[2024-02-06T08:09:17.988+0000][7][gc,init] Heap Min Capacity: 512M
[2024-02-06T08:09:17.988+0000][7][gc,init] Heap Initial Capacity: 512M
[2024-02-06T08:09:17.988+0000][7][gc,init] Heap Max Capacity: 512M
[2024-02-06T08:09:17.988+0000][7][gc,init] Pre-touch: Enabled
[2024-02-06T08:09:17.988+0000][7][gc,init] Parallel Workers: 13
[2024-02-06T08:09:17.988+0000][7][gc,init] Concurrent Workers: 3
[2024-02-06T08:09:17.988+0000][7][gc,init] Concurrent Refinement Workers: 13
[2024-02-06T08:09:17.988+0000][7][gc,init] Periodic GC: Disabled
[2024-02-06T08:09:17.989+0000][7][gc,cds ] Mark closed archive regions in map: [0x00000000ffc00000, 0x00000000ffc7bff8]
[2024-02-06T08:09:17.989+0000][7][gc,cds ] Mark open archive regions in map: [0x00000000ffb00000, 0x00000000ffb51ff8]
[2024-02-06T08:09:17.989+0000][7][gc,metaspace] CDS archive(s) mapped at: [0x0000000800000000-0x0000000800b2a000-0x0000000800b2a000), size 11706368, SharedBaseAddress: 0x0000000800000000, ArchiveRelocationMode: 0.
[2024-02-06T08:09:17.989+0000][7][gc,metaspace] Compressed class space mapped at: 0x0000000800b2c000-0x0000000840b2c000, size: 1073741824
[2024-02-06T08:09:17.989+0000][7][gc,metaspace] Narrow klass base: 0x0000000800000000, Narrow klass shift: 3, Narrow klass range: 0x100000000
[2024-02-06T08:09:18.243+0000][7][safepoint   ] Safepoint "ICBufferFull", Time since last: 245955172 ns, Reaching safepoint: 104957 ns, At safepoint: 3745 ns, Total: 108702 ns
[2024-02-06T08:09:18.414+0000][7][gc,start    ] GC(0) Pause Young (Normal) (G1 Evacuation Pause)
[2024-02-06T08:09:18.415+0000][7][gc,task     ] GC(0) Using 12 workers of 13 for evacuation
[2024-02-06T08:09:18.415+0000][7][gc,age      ] GC(0) Desired survivor size 2097152 bytes, new threshold 15 (max threshold 15)
[2024-02-06T08:09:18.417+0000][7][gc,age      ] GC(0) Age table with threshold 15 (max threshold 15)
[2024-02-06T08:09:18.417+0000][7][gc,age      ] GC(0) - age   1:    4167848 bytes,    4167848 total
[2024-02-06T08:09:18.417+0000][7][gc,phases   ] GC(0)   Pre Evacuate Collection Set: 0.1ms
[2024-02-06T08:09:18.417+0000][7][gc,phases   ] GC(0)   Merge Heap Roots: 0.0ms
[2024-02-06T08:09:18.417+0000][7][gc,phases   ] GC(0)   Evacuate Collection Set: 2.3ms
[2024-02-06T08:09:18.417+0000][7][gc,phases   ] GC(0)   Post Evacuate Collection Set: 0.3ms
[2024-02-06T08:09:18.417+0000][7][gc,phases   ] GC(0)   Other: 0.7ms
[2024-02-06T08:09:18.417+0000][7][gc,heap     ] GC(0) Eden regions: 6->0(6)
[2024-02-06T08:09:18.417+0000][7][gc,heap     ] GC(0) Survivor regions: 0->1(1)
[2024-02-06T08:09:18.417+0000][7][gc,heap     ] GC(0) Old regions: 0->1
[2024-02-06T08:09:18.417+0000][7][gc,heap     ] GC(0) Archive regions: 2->2
[2024-02-06T08:09:18.417+0000][7][gc,heap     ] GC(0) Humongous regions: 0->0
[2024-02-06T08:09:18.417+0000][7][gc,metaspace] GC(0) Metaspace: 8155K(9216K)->8155K(9216K) NonClass: 7253K(8192K)->7253K(8192K) Class: 902K(1024K)->902K(1024K)
[2024-02-06T08:09:18.417+0000][7][gc          ] GC(0) Pause Young (Normal) (G1 Evacuation Pause) 27M->7M(512M) 3.437ms
[2024-02-06T08:09:18.417+0000][7][gc,cpu      ] GC(0) User=0.02s Sys=0.00s Real=0.01s
[2024-02-06T08:09:18.418+0000][7][safepoint   ] Safepoint "G1CollectForAllocation", Time since last: 171100491 ns, Reaching safepoint: 108667 ns, At safepoint: 3505908 ns, Total: 3614575 ns
[2024-02-06T08:09:18.851+0000][7][gc,start    ] GC(1) Pause Young (Normal) (G1 Evacuation Pause)
[2024-02-06T08:09:18.851+0000][7][gc,task     ] GC(1) Using 12 workers of 13 for evacuation
[2024-02-06T08:09:18.851+0000][7][gc,age      ] GC(1) Desired survivor size 2097152 bytes, new threshold 1 (max threshold 15)
[2024-02-06T08:09:18.853+0000][7][gc,age      ] GC(1) Age table with threshold 1 (max threshold 15)
[2024-02-06T08:09:18.853+0000][7][gc,age      ] GC(1) - age   1:    2025672 bytes,    2025672 total
[2024-02-06T08:09:18.853+0000][7][gc,phases   ] GC(1)   Pre Evacuate Collection Set: 0.0ms
[2024-02-06T08:09:18.853+0000][7][gc,phases   ] GC(1)   Merge Heap Roots: 0.1ms
[2024-02-06T08:09:18.853+0000][7][gc,phases   ] GC(1)   Evacuate Collection Set: 1.9ms
[2024-02-06T08:09:18.853+0000][7][gc,phases   ] GC(1)   Post Evacuate Collection Set: 0.3ms
[2024-02-06T08:09:18.853+0000][7][gc,phases   ] GC(1)   Other: 0.1ms
[2024-02-06T08:09:18.853+0000][7][gc,heap     ] GC(1) Eden regions: 6->0(13)
[2024-02-06T08:09:18.853+0000][7][gc,heap     ] GC(1) Survivor regions: 1->1(1)
[2024-02-06T08:09:18.853+0000][7][gc,heap     ] GC(1) Old regions: 1->2
[2024-02-06T08:09:18.853+0000][7][gc,heap     ] GC(1) Archive regions: 2->2
[2024-02-06T08:09:18.853+0000][7][gc,heap     ] GC(1) Humongous regions: 0->0
[2024-02-06T08:09:18.853+0000][7][gc,metaspace] GC(1) Metaspace: 12355K(12928K)->12355K(12928K) NonClass: 10902K(11264K)->10902K(11264K) Class: 1452K(1664K)->1452K(1664K)
[2024-02-06T08:09:18.853+0000][7][gc          ] GC(1) Pause Young (Normal) (G1 Evacuation Pause) 31M->9M(512M) 2.462ms
[2024-02-06T08:09:18.853+0000][7][gc,cpu      ] GC(1) User=0.02s Sys=0.00s Real=0.00s
[2024-02-06T08:09:18.853+0000][7][safepoint   ] Safepoint "G1CollectForAllocation", Time since last: 433106714 ns, Reaching safepoint: 107005 ns, At safepoint: 2506251 ns, Total: 2613256 ns
[2024-02-06T08:09:19.282+0000][7][safepoint   ] Safepoint "ICBufferFull", Time since last: 428833935 ns, Reaching safepoint: 134303 ns, At safepoint: 5595 ns, Total: 139898 ns
[2024-02-06T08:09:19.320+0000][7][gc,start    ] GC(2) Pause Young (Normal) (G1 Evacuation Pause)
[2024-02-06T08:09:19.320+0000][7][gc,task     ] GC(2) Using 12 workers of 13 for evacuation
[2024-02-06T08:09:19.320+0000][7][gc,age      ] GC(2) Desired survivor size 4194304 bytes, new threshold 15 (max threshold 15)
[2024-02-06T08:09:19.323+0000][7][gc,age      ] GC(2) Age table with threshold 15 (max threshold 15)
[2024-02-06T08:09:19.323+0000][7][gc,age      ] GC(2) - age   1:    1284800 bytes,    1284800 total
[2024-02-06T08:09:19.323+0000][7][gc,age      ] GC(2) - age   2:    2001080 bytes,    3285880 total
[2024-02-06T08:09:19.323+0000][7][gc,phases   ] GC(2)   Pre Evacuate Collection Set: 0.1ms
[2024-02-06T08:09:19.323+0000][7][gc,phases   ] GC(2)   Merge Heap Roots: 0.0ms
[2024-02-06T08:09:19.323+0000][7][gc,phases   ] GC(2)   Evacuate Collection Set: 2.0ms
[2024-02-06T08:09:19.323+0000][7][gc,phases   ] GC(2)   Post Evacuate Collection Set: 0.4ms
[2024-02-06T08:09:19.323+0000][7][gc,phases   ] GC(2)   Other: 0.2ms
[2024-02-06T08:09:19.323+0000][7][gc,heap     ] GC(2) Eden regions: 13->0(63)
[2024-02-06T08:09:19.323+0000][7][gc,heap     ] GC(2) Survivor regions: 1->1(2)
[2024-02-06T08:09:19.323+0000][7][gc,heap     ] GC(2) Old regions: 2->2
[2024-02-06T08:09:19.323+0000][7][gc,heap     ] GC(2) Archive regions: 2->2
[2024-02-06T08:09:19.323+0000][7][gc,heap     ] GC(2) Humongous regions: 0->0
[2024-02-06T08:09:19.323+0000][7][gc,metaspace] GC(2) Metaspace: 14938K(15360K)->14938K(15360K) NonClass: 13244K(13568K)->13244K(13568K) Class: 1694K(1792K)->1694K(1792K)
[2024-02-06T08:09:19.323+0000][7][gc          ] GC(2) Pause Young (Normal) (G1 Evacuation Pause) 61M->11M(512M) 2.687ms
[2024-02-06T08:09:19.323+0000][7][gc,cpu      ] GC(2) User=0.02s Sys=0.01s Real=0.00s
[2024-02-06T08:09:19.323+0000][7][safepoint   ] Safepoint "G1CollectForAllocation", Time since last: 37938324 ns, Reaching safepoint: 88473 ns, At safepoint: 2742884 ns, Total: 2831357 ns
[2024-02-06T08:09:19.387+0000][7][safepoint   ] Safepoint "ICBufferFull", Time since last: 63542591 ns, Reaching safepoint: 52978 ns, At safepoint: 5116 ns, Total: 58094 ns
[2024-02-06T08:09:19.390+0000][7][safepoint   ] Safepoint "ICBufferFull", Time since last: 3175191 ns, Reaching safepoint: 43781 ns, At safepoint: 4048 ns, Total: 47829 ns
[2024-02-06T08:09:19.392+0000][7][safepoint   ] Safepoint "ICBufferFull", Time since last: 2461772 ns, Reaching safepoint: 40293 ns, At safepoint: 4291 ns, Total: 44584 ns
[2024-02-06T08:09:19.394+0000][7][safepoint   ] Safepoint "ICBufferFull", Time since last: 1698384 ns, Reaching safepoint: 37298 ns, At safepoint: 3866 ns, Total: 41164 ns
[2024-02-06T08:09:19.397+0000][7][safepoint   ] Safepoint "ICBufferFull", Time since last: 2669452 ns, Reaching safepoint: 41920 ns, At safepoint: 4120 ns, Total: 46040 ns
[2024-02-06T08:09:19.399+0000][7][safepoint   ] Safepoint "ICBufferFull", Time since last: 2263201 ns, Reaching safepoint: 39437 ns, At safepoint: 4302 ns, Total: 43739 ns
[2024-02-06T08:09:19.401+0000][7][safepoint   ] Safepoint "ICBufferFull", Time since last: 1601423 ns, Reaching safepoint: 40831 ns, At safepoint: 3720 ns, Total: 44551 ns
[2024-02-06T08:09:19.402+0000][7][safepoint   ] Safepoint "ICBufferFull", Time since last: 1552265 ns, Reaching safepoint: 36999 ns, At safepoint: 3902 ns, Total: 40901 ns
[2024-02-06T08:09:19.404+0000][7][safepoint   ] Safepoint "ICBufferFull", Time since last: 1918446 ns, Reaching safepoint: 37795 ns, At safepoint: 3972 ns, Total: 41767 ns
[2024-02-06T08:09:19.407+0000][7][safepoint   ] Safepoint "ICBufferFull", Time since last: 2924176 ns, Reaching safepoint: 41116 ns, At safepoint: 3915 ns, Total: 45031 ns
[2024-02-06T08:09:19.409+0000][7][safepoint   ] Safepoint "ICBufferFull", Time since last: 1790858 ns, Reaching safepoint: 41303 ns, At safepoint: 4812 ns, Total: 46115 ns
[2024-02-06T08:09:19.411+0000][7][safepoint   ] Safepoint "ICBufferFull", Time since last: 2109449 ns, Reaching safepoint: 43758 ns, At safepoint: 3977 ns, Total: 47735 ns
[2024-02-06T08:09:19.414+0000][7][safepoint   ] Safepoint "ICBufferFull", Time since last: 2633386 ns, Reaching safepoint: 51909 ns, At safepoint: 4650 ns, Total: 56559 ns
[2024-02-06T08:09:19.416+0000][7][safepoint   ] Safepoint "ICBufferFull", Time since last: 2364586 ns, Reaching safepoint: 38785 ns, At safepoint: 4175 ns, Total: 42960 ns
[2024-02-06T08:09:19.419+0000][7][safepoint   ] Safepoint "ICBufferFull", Time since last: 2336089 ns, Reaching safepoint: 40943 ns, At safepoint: 4125 ns, Total: 45068 ns
[2024-02-06T08:09:19.568+0000][7][safepoint   ] Safepoint "ICBufferFull", Time since last: 149367214 ns, Reaching safepoint: 137747 ns, At safepoint: 5370 ns, Total: 143117 ns
[2024-02-06T08:09:19.827+0000][7][gc,start    ] GC(3) Pause Young (Normal) (G1 Evacuation Pause)
[2024-02-06T08:09:19.827+0000][7][gc,task     ] GC(3) Using 12 workers of 13 for evacuation
[2024-02-06T08:09:19.827+0000][7][gc,age      ] GC(3) Desired survivor size 16777216 bytes, new threshold 15 (max threshold 15)
[2024-02-06T08:09:19.829+0000][7][gc,age      ] GC(3) Age table with threshold 15 (max threshold 15)
[2024-02-06T08:09:19.829+0000][7][gc,age      ] GC(3) - age   1:    4885760 bytes,    4885760 total
[2024-02-06T08:09:19.829+0000][7][gc,age      ] GC(3) - age   2:    1256784 bytes,    6142544 total
[2024-02-06T08:09:19.829+0000][7][gc,age      ] GC(3) - age   3:    1986544 bytes,    8129088 total
[2024-02-06T08:09:19.829+0000][7][gc,phases   ] GC(3)   Pre Evacuate Collection Set: 0.1ms
[2024-02-06T08:09:19.829+0000][7][gc,phases   ] GC(3)   Merge Heap Roots: 0.1ms
[2024-02-06T08:09:19.829+0000][7][gc,phases   ] GC(3)   Evacuate Collection Set: 2.1ms
[2024-02-06T08:09:19.829+0000][7][gc,phases   ] GC(3)   Post Evacuate Collection Set: 0.4ms
[2024-02-06T08:09:19.829+0000][7][gc,phases   ] GC(3)   Other: 0.2ms
[2024-02-06T08:09:19.829+0000][7][gc,heap     ] GC(3) Eden regions: 63->0(74)
[2024-02-06T08:09:19.829+0000][7][gc,heap     ] GC(3) Survivor regions: 1->2(8)
[2024-02-06T08:09:19.829+0000][7][gc,heap     ] GC(3) Old regions: 2->2
[2024-02-06T08:09:19.829+0000][7][gc,heap     ] GC(3) Archive regions: 2->2
[2024-02-06T08:09:19.829+0000][7][gc,heap     ] GC(3) Humongous regions: 0->0
[2024-02-06T08:09:19.829+0000][7][gc,metaspace] GC(3) Metaspace: 18620K(19328K)->18620K(19328K) NonClass: 16423K(16896K)->16423K(16896K) Class: 2196K(2432K)->2196K(2432K)
[2024-02-06T08:09:19.829+0000][7][gc          ] GC(3) Pause Young (Normal) (G1 Evacuation Pause) 263M->15M(512M) 2.822ms
[2024-02-06T08:09:19.829+0000][7][gc,cpu      ] GC(3) User=0.02s Sys=0.00s Real=0.01s
[2024-02-06T08:09:19.829+0000][7][safepoint   ] Safepoint "G1CollectForAllocation", Time since last: 258217501 ns, Reaching safepoint: 103534 ns, At safepoint: 2872016 ns, Total: 2975550 ns
[2024-02-06T08:09:20.158+0000][7][gc,start    ] GC(4) Pause Young (Normal) (G1 Evacuation Pause)
[2024-02-06T08:09:20.158+0000][7][gc,task     ] GC(4) Using 12 workers of 13 for evacuation
[2024-02-06T08:09:20.158+0000][7][gc,age      ] GC(4) Desired survivor size 20971520 bytes, new threshold 15 (max threshold 15)
[2024-02-06T08:09:20.162+0000][7][gc,age      ] GC(4) Age table with threshold 15 (max threshold 15)
[2024-02-06T08:09:20.162+0000][7][gc,age      ] GC(4) - age   1:    2761032 bytes,    2761032 total
[2024-02-06T08:09:20.162+0000][7][gc,age      ] GC(4) - age   2:    4635200 bytes,    7396232 total
[2024-02-06T08:09:20.162+0000][7][gc,age      ] GC(4) - age   3:    1256784 bytes,    8653016 total
[2024-02-06T08:09:20.162+0000][7][gc,age      ] GC(4) - age   4:    1986544 bytes,   10639560 total
[2024-02-06T08:09:20.162+0000][7][gc,phases   ] GC(4)   Pre Evacuate Collection Set: 0.1ms
[2024-02-06T08:09:20.162+0000][7][gc,phases   ] GC(4)   Merge Heap Roots: 0.0ms
[2024-02-06T08:09:20.162+0000][7][gc,phases   ] GC(4)   Evacuate Collection Set: 3.1ms
[2024-02-06T08:09:20.162+0000][7][gc,phases   ] GC(4)   Post Evacuate Collection Set: 0.4ms
[2024-02-06T08:09:20.162+0000][7][gc,phases   ] GC(4)   Other: 0.2ms
[2024-02-06T08:09:20.162+0000][7][gc,heap     ] GC(4) Eden regions: 74->0(73)
[2024-02-06T08:09:20.162+0000][7][gc,heap     ] GC(4) Survivor regions: 2->3(10)
[2024-02-06T08:09:20.162+0000][7][gc,heap     ] GC(4) Old regions: 2->2
[2024-02-06T08:09:20.162+0000][7][gc,heap     ] GC(4) Archive regions: 2->2
[2024-02-06T08:09:20.162+0000][7][gc,heap     ] GC(4) Humongous regions: 0->0
[2024-02-06T08:09:20.162+0000][7][gc,metaspace] GC(4) Metaspace: 19383K(20480K)->19383K(20480K) NonClass: 17081K(17920K)->17081K(17920K) Class: 2302K(2560K)->2302K(2560K)
[2024-02-06T08:09:20.162+0000][7][gc          ] GC(4) Pause Young (Normal) (G1 Evacuation Pause) 311M->18M(512M) 3.796ms
[2024-02-06T08:09:20.162+0000][7][gc,cpu      ] GC(4) User=0.03s Sys=0.00s Real=0.00s
[2024-02-06T08:09:20.162+0000][7][safepoint   ] Safepoint "G1CollectForAllocation", Time since last: 328564435 ns, Reaching safepoint: 78414 ns, At safepoint: 3862179 ns, Total: 3940593 ns
[2024-02-06T08:09:20.438+0000][7][gc,start    ] GC(5) Pause Young (Normal) (G1 Evacuation Pause)
[2024-02-06T08:09:20.438+0000][7][gc,task     ] GC(5) Using 12 workers of 13 for evacuation
[2024-02-06T08:09:20.438+0000][7][gc,age      ] GC(5) Desired survivor size 20971520 bytes, new threshold 15 (max threshold 15)
[2024-02-06T08:09:20.442+0000][7][gc,age      ] GC(5) Age table with threshold 15 (max threshold 15)
[2024-02-06T08:09:20.442+0000][7][gc,age      ] GC(5) - age   1:    1556072 bytes,    1556072 total
[2024-02-06T08:09:20.442+0000][7][gc,age      ] GC(5) - age   2:    2719200 bytes,    4275272 total
[2024-02-06T08:09:20.442+0000][7][gc,age      ] GC(5) - age   3:    4631184 bytes,    8906456 total
[2024-02-06T08:09:20.442+0000][7][gc,age      ] GC(5) - age   4:    1256784 bytes,   10163240 total
[2024-02-06T08:09:20.442+0000][7][gc,age      ] GC(5) - age   5:    1986544 bytes,   12149784 total
[2024-02-06T08:09:20.442+0000][7][gc,phases   ] GC(5)   Pre Evacuate Collection Set: 0.1ms
[2024-02-06T08:09:20.442+0000][7][gc,phases   ] GC(5)   Merge Heap Roots: 0.0ms
[2024-02-06T08:09:20.442+0000][7][gc,phases   ] GC(5)   Evacuate Collection Set: 2.8ms
[2024-02-06T08:09:20.442+0000][7][gc,phases   ] GC(5)   Post Evacuate Collection Set: 0.4ms
[2024-02-06T08:09:20.442+0000][7][gc,phases   ] GC(5)   Other: 0.2ms
[2024-02-06T08:09:20.442+0000][7][gc,heap     ] GC(5) Eden regions: 73->0(72)
[2024-02-06T08:09:20.442+0000][7][gc,heap     ] GC(5) Survivor regions: 3->4(10)
[2024-02-06T08:09:20.442+0000][7][gc,heap     ] GC(5) Old regions: 2->2
[2024-02-06T08:09:20.442+0000][7][gc,heap     ] GC(5) Archive regions: 2->2
[2024-02-06T08:09:20.442+0000][7][gc,heap     ] GC(5) Humongous regions: 0->0
[2024-02-06T08:09:20.442+0000][7][gc,metaspace] GC(5) Metaspace: 19740K(20864K)->19740K(20864K) NonClass: 17370K(18176K)->17370K(18176K) Class: 2369K(2688K)->2369K(2688K)
[2024-02-06T08:09:20.442+0000][7][gc          ] GC(5) Pause Young (Normal) (G1 Evacuation Pause) 310M->20M(512M) 3.579ms
[2024-02-06T08:09:20.442+0000][7][gc,cpu      ] GC(5) User=0.02s Sys=0.00s Real=0.00s
[2024-02-06T08:09:20.442+0000][7][safepoint   ] Safepoint "G1CollectForAllocation", Time since last: 276293722 ns, Reaching safepoint: 44168 ns, At safepoint: 3646765 ns, Total: 3690933 ns
[2024-02-06T08:09:20.659+0000][7][gc,start    ] GC(6) Pause Young (Concurrent Start) (Metadata GC Threshold)
[2024-02-06T08:09:20.659+0000][7][gc,task     ] GC(6) Using 12 workers of 13 for evacuation
[2024-02-06T08:09:20.659+0000][7][gc,age      ] GC(6) Desired survivor size 20971520 bytes, new threshold 15 (max threshold 15)
[2024-02-06T08:09:20.663+0000][7][gc,age      ] GC(6) Age table with threshold 15 (max threshold 15)
[2024-02-06T08:09:20.663+0000][7][gc,age      ] GC(6) - age   1:    2060592 bytes,    2060592 total
[2024-02-06T08:09:20.663+0000][7][gc,age      ] GC(6) - age   2:     548912 bytes,    2609504 total
[2024-02-06T08:09:20.663+0000][7][gc,age      ] GC(6) - age   3:    2717488 bytes,    5326992 total
[2024-02-06T08:09:20.663+0000][7][gc,age      ] GC(6) - age   4:    4630664 bytes,    9957656 total
[2024-02-06T08:09:20.663+0000][7][gc,age      ] GC(6) - age   5:    1256608 bytes,   11214264 total
[2024-02-06T08:09:20.663+0000][7][gc,age      ] GC(6) - age   6:    1986544 bytes,   13200808 total
[2024-02-06T08:09:20.663+0000][7][gc,phases   ] GC(6)   Pre Evacuate Collection Set: 0.1ms
[2024-02-06T08:09:20.663+0000][7][gc,phases   ] GC(6)   Merge Heap Roots: 0.0ms
[2024-02-06T08:09:20.663+0000][7][gc,phases   ] GC(6)   Evacuate Collection Set: 2.9ms
[2024-02-06T08:09:20.663+0000][7][gc,phases   ] GC(6)   Post Evacuate Collection Set: 0.4ms
[2024-02-06T08:09:20.663+0000][7][gc,phases   ] GC(6)   Other: 0.2ms
[2024-02-06T08:09:20.663+0000][7][gc,heap     ] GC(6) Eden regions: 64->0(72)
[2024-02-06T08:09:20.663+0000][7][gc,heap     ] GC(6) Survivor regions: 4->4(10)
[2024-02-06T08:09:20.663+0000][7][gc,heap     ] GC(6) Old regions: 2->2
[2024-02-06T08:09:20.663+0000][7][gc,heap     ] GC(6) Archive regions: 2->2
[2024-02-06T08:09:20.663+0000][7][gc,heap     ] GC(6) Humongous regions: 0->0
[2024-02-06T08:09:20.663+0000][7][gc,metaspace] GC(6) Metaspace: 20064K(21296K)->20064K(21296K) NonClass: 17639K(18608K)->17639K(18608K) Class: 2425K(2688K)->2425K(2688K)
[2024-02-06T08:09:20.663+0000][7][gc          ] GC(6) Pause Young (Concurrent Start) (Metadata GC Threshold) 274M->21M(512M) 3.682ms
[2024-02-06T08:09:20.663+0000][7][gc,cpu      ] GC(6) User=0.02s Sys=0.00s Real=0.00s
[2024-02-06T08:09:20.663+0000][7][gc          ] GC(7) Concurrent Cycle
[2024-02-06T08:09:20.663+0000][7][gc,marking  ] GC(7) Concurrent Clear Claimed Marks
[2024-02-06T08:09:20.663+0000][7][gc,marking  ] GC(7) Concurrent Clear Claimed Marks 0.024ms
[2024-02-06T08:09:20.663+0000][7][gc,marking  ] GC(7) Concurrent Scan Root Regions
[2024-02-06T08:09:20.663+0000][7][safepoint   ] Safepoint "CollectForMetadataAllocation", Time since last: 217076244 ns, Reaching safepoint: 58945 ns, At safepoint: 3887493 ns, Total: 3946438 ns
[2024-02-06T08:09:20.666+0000][7][gc,marking  ] GC(7) Concurrent Scan Root Regions 2.689ms
[2024-02-06T08:09:20.666+0000][7][gc,marking  ] GC(7) Concurrent Mark (2.896s)
[2024-02-06T08:09:20.666+0000][7][gc,marking  ] GC(7) Concurrent Mark From Roots
[2024-02-06T08:09:20.666+0000][7][gc,task     ] GC(7) Using 3 workers of 3 for marking
[2024-02-06T08:09:20.669+0000][7][gc,marking  ] GC(7) Concurrent Mark From Roots 3.325ms
[2024-02-06T08:09:20.669+0000][7][gc,marking  ] GC(7) Concurrent Preclean
[2024-02-06T08:09:20.669+0000][7][gc,marking  ] GC(7) Concurrent Preclean 0.186ms
[2024-02-06T08:09:20.669+0000][7][gc,marking  ] GC(7) Concurrent Mark (2.896s, 2.899s) 3.561ms
[2024-02-06T08:09:20.671+0000][7][gc,start    ] GC(7) Pause Remark
[2024-02-06T08:09:20.672+0000][7][gc          ] GC(7) Pause Remark 29M->29M(512M) 1.120ms
[2024-02-06T08:09:20.672+0000][7][gc,cpu      ] GC(7) User=0.01s Sys=0.00s Real=0.00s
[2024-02-06T08:09:20.672+0000][7][safepoint   ] Safepoint "G1Concurrent", Time since last: 7548087 ns, Reaching safepoint: 110320 ns, At safepoint: 1178717 ns, Total: 1289037 ns
[2024-02-06T08:09:20.672+0000][7][gc,marking  ] GC(7) Concurrent Rebuild Remembered Sets
[2024-02-06T08:09:20.673+0000][7][gc,marking  ] GC(7) Concurrent Rebuild Remembered Sets 1.701ms
[2024-02-06T08:09:20.674+0000][7][gc,start    ] GC(7) Pause Cleanup
[2024-02-06T08:09:20.674+0000][7][gc          ] GC(7) Pause Cleanup 31M->31M(512M) 0.061ms
[2024-02-06T08:09:20.674+0000][7][gc,cpu      ] GC(7) User=0.00s Sys=0.00s Real=0.00s
[2024-02-06T08:09:20.674+0000][7][safepoint   ] Safepoint "G1Concurrent", Time since last: 1751140 ns, Reaching safepoint: 370801 ns, At safepoint: 97237 ns, Total: 468038 ns
[2024-02-06T08:09:20.674+0000][7][gc,marking  ] GC(7) Concurrent Cleanup for Next Mark
[2024-02-06T08:09:20.675+0000][7][gc,marking  ] GC(7) Concurrent Cleanup for Next Mark 0.720ms
[2024-02-06T08:09:20.675+0000][7][gc          ] GC(7) Concurrent Cycle 11.962ms
[2024-02-06T08:09:20.916+0000][7][gc,start    ] GC(8) Pause Young (Normal) (G1 Evacuation Pause)
[2024-02-06T08:09:20.916+0000][7][gc,task     ] GC(8) Using 12 workers of 13 for evacuation
[2024-02-06T08:09:20.916+0000][7][gc,age      ] GC(8) Desired survivor size 20971520 bytes, new threshold 15 (max threshold 15)
[2024-02-06T08:09:20.920+0000][7][gc,age      ] GC(8) Age table with threshold 15 (max threshold 15)
[2024-02-06T08:09:20.920+0000][7][gc,age      ] GC(8) - age   1:    2212968 bytes,    2212968 total
[2024-02-06T08:09:20.920+0000][7][gc,age      ] GC(8) - age   2:    2010032 bytes,    4223000 total
[2024-02-06T08:09:20.920+0000][7][gc,age      ] GC(8) - age   3:     548112 bytes,    4771112 total
[2024-02-06T08:09:20.920+0000][7][gc,age      ] GC(8) - age   4:    2717488 bytes,    7488600 total
[2024-02-06T08:09:20.920+0000][7][gc,age      ] GC(8) - age   5:    4630280 bytes,   12118880 total
[2024-02-06T08:09:20.920+0000][7][gc,age      ] GC(8) - age   6:    1256256 bytes,   13375136 total
[2024-02-06T08:09:20.920+0000][7][gc,age      ] GC(8) - age   7:    1984880 bytes,   15360016 total
[2024-02-06T08:09:20.920+0000][7][gc,phases   ] GC(8)   Pre Evacuate Collection Set: 0.1ms
[2024-02-06T08:09:20.920+0000][7][gc,phases   ] GC(8)   Merge Heap Roots: 0.0ms
[2024-02-06T08:09:20.920+0000][7][gc,phases   ] GC(8)   Evacuate Collection Set: 3.2ms
[2024-02-06T08:09:20.920+0000][7][gc,phases   ] GC(8)   Post Evacuate Collection Set: 0.5ms
[2024-02-06T08:09:20.920+0000][7][gc,phases   ] GC(8)   Other: 0.2ms
[2024-02-06T08:09:20.920+0000][7][gc,heap     ] GC(8) Eden regions: 72->0(72)
[2024-02-06T08:09:20.920+0000][7][gc,heap     ] GC(8) Survivor regions: 4->4(10)
[2024-02-06T08:09:20.920+0000][7][gc,heap     ] GC(8) Old regions: 2->2
[2024-02-06T08:09:20.920+0000][7][gc,heap     ] GC(8) Archive regions: 2->2
[2024-02-06T08:09:20.920+0000][7][gc,heap     ] GC(8) Humongous regions: 0->0
[2024-02-06T08:09:20.920+0000][7][gc,metaspace] GC(8) Metaspace: 20218K(21680K)->20218K(21680K) NonClass: 17761K(18864K)->17761K(18864K) Class: 2457K(2816K)->2457K(2816K)
[2024-02-06T08:09:20.920+0000][7][gc          ] GC(8) Pause Young (Normal) (G1 Evacuation Pause) 309M->23M(512M) 4.159ms
[2024-02-06T08:09:20.920+0000][7][gc,cpu      ] GC(8) User=0.02s Sys=0.00s Real=0.01s
[2024-02-06T08:09:20.920+0000][7][safepoint   ] Safepoint "G1CollectForAllocation", Time since last: 241590454 ns, Reaching safepoint: 64303 ns, At safepoint: 4238660 ns, Total: 4302963 ns
[2024-02-06T08:09:21.336+0000][7][safepoint   ] Safepoint "ICBufferFull", Time since last: 416164941 ns, Reaching safepoint: 150717 ns, At safepoint: 5895 ns, Total: 156612 ns
[2024-02-06T08:09:21.624+0000][7][safepoint   ] Safepoint "ICBufferFull", Time since last: 285418502 ns, Reaching safepoint: 2230396 ns, At safepoint: 10357 ns, Total: 2240753 ns
[2024-02-06T08:09:22.435+0000][7][gc,start    ] GC(9) Pause Young (Normal) (G1 Evacuation Pause)
[2024-02-06T08:09:22.435+0000][7][gc,task     ] GC(9) Using 12 workers of 13 for evacuation
[2024-02-06T08:09:22.435+0000][7][gc,age      ] GC(9) Desired survivor size 20971520 bytes, new threshold 15 (max threshold 15)
[2024-02-06T08:09:22.449+0000][7][gc,age      ] GC(9) Age table with threshold 15 (max threshold 15)
[2024-02-06T08:09:22.449+0000][7][gc,age      ] GC(9) - age   1:   27787712 bytes,   27787712 total
[2024-02-06T08:09:22.449+0000][7][gc,age      ] GC(9) - age   2:     800752 bytes,   28588464 total
[2024-02-06T08:09:22.449+0000][7][gc,age      ] GC(9) - age   3:    1996248 bytes,   30584712 total
[2024-02-06T08:09:22.449+0000][7][gc,age      ] GC(9) - age   4:     530392 bytes,   31115104 total
[2024-02-06T08:09:22.449+0000][7][gc,age      ] GC(9) - age   5:    2700000 bytes,   33815104 total
[2024-02-06T08:09:22.449+0000][7][gc,age      ] GC(9) - age   6:    4587952 bytes,   38403056 total
[2024-02-06T08:09:22.449+0000][7][gc,age      ] GC(9) - age   7:    1204992 bytes,   39608048 total
[2024-02-06T08:09:22.449+0000][7][gc,age      ] GC(9) - age   8:    1976528 bytes,   41584576 total
[2024-02-06T08:09:22.449+0000][7][gc,phases   ] GC(9)   Pre Evacuate Collection Set: 0.1ms
[2024-02-06T08:09:22.449+0000][7][gc,phases   ] GC(9)   Merge Heap Roots: 0.0ms
[2024-02-06T08:09:22.449+0000][7][gc,phases   ] GC(9)   Evacuate Collection Set: 12.4ms
[2024-02-06T08:09:22.449+0000][7][gc,phases   ] GC(9)   Post Evacuate Collection Set: 0.7ms
[2024-02-06T08:09:22.449+0000][7][gc,phases   ] GC(9)   Other: 0.2ms
[2024-02-06T08:09:22.449+0000][7][gc,heap     ] GC(9) Eden regions: 72->0(66)
[2024-02-06T08:09:22.449+0000][7][gc,heap     ] GC(9) Survivor regions: 4->10(10)
[2024-02-06T08:09:22.449+0000][7][gc,heap     ] GC(9) Old regions: 2->2
[2024-02-06T08:09:22.449+0000][7][gc,heap     ] GC(9) Archive regions: 2->2
[2024-02-06T08:09:22.449+0000][7][gc,heap     ] GC(9) Humongous regions: 0->0
[2024-02-06T08:09:22.449+0000][7][gc,metaspace] GC(9) Metaspace: 30084K(32176K)->30084K(32176K) NonClass: 26342K(27824K)->26342K(27824K) Class: 3741K(4352K)->3741K(4352K)
[2024-02-06T08:09:22.449+0000][7][gc          ] GC(9) Pause Young (Normal) (G1 Evacuation Pause) 311M->49M(512M) 13.487ms
[2024-02-06T08:09:22.449+0000][7][gc,cpu      ] GC(9) User=0.09s Sys=0.00s Real=0.02s
[2024-02-06T08:09:22.449+0000][7][safepoint   ] Safepoint "G1CollectForAllocation", Time since last: 811270249 ns, Reaching safepoint: 102542 ns, At safepoint: 13542383 ns, Total: 13644925 ns
[2024-02-06T08:09:22.650+0000][7][safepoint   ] Safepoint "ICBufferFull", Time since last: 201211964 ns, Reaching safepoint: 150536 ns, At safepoint: 3781 ns, Total: 154317 ns
[2024-02-06T08:09:22.769+0000][7][gc,start    ] GC(10) Pause Young (Concurrent Start) (Metadata GC Threshold)
[2024-02-06T08:09:22.769+0000][7][gc,task     ] GC(10) Using 12 workers of 13 for evacuation
[2024-02-06T08:09:22.770+0000][7][gc,age      ] GC(10) Desired survivor size 20971520 bytes, new threshold 1 (max threshold 15)
[2024-02-06T08:09:22.787+0000][7][gc,age      ] GC(10) Age table with threshold 1 (max threshold 15)
[2024-02-06T08:09:22.787+0000][7][gc,age      ] GC(10) - age   1:    9264312 bytes,    9264312 total
[2024-02-06T08:09:22.787+0000][7][gc,phases   ] GC(10)   Pre Evacuate Collection Set: 0.2ms
[2024-02-06T08:09:22.787+0000][7][gc,phases   ] GC(10)   Merge Heap Roots: 0.1ms
[2024-02-06T08:09:22.787+0000][7][gc,phases   ] GC(10)   Evacuate Collection Set: 16.6ms
[2024-02-06T08:09:22.787+0000][7][gc,phases   ] GC(10)   Post Evacuate Collection Set: 0.5ms
[2024-02-06T08:09:22.787+0000][7][gc,phases   ] GC(10)   Other: 0.9ms
[2024-02-06T08:09:22.787+0000][7][gc,heap     ] GC(10) Eden regions: 16->0(72)
[2024-02-06T08:09:22.787+0000][7][gc,heap     ] GC(10) Survivor regions: 10->3(10)
[2024-02-06T08:09:22.787+0000][7][gc,heap     ] GC(10) Old regions: 2->12
[2024-02-06T08:09:22.787+0000][7][gc,heap     ] GC(10) Archive regions: 2->2
[2024-02-06T08:09:22.787+0000][7][gc,heap     ] GC(10) Humongous regions: 0->0
[2024-02-06T08:09:22.787+0000][7][gc,metaspace] GC(10) Metaspace: 33673K(35888K)->33673K(35888K) NonClass: 29334K(30896K)->29334K(30896K) Class: 4339K(4992K)->4339K(4992K)
[2024-02-06T08:09:22.787+0000][7][gc          ] GC(10) Pause Young (Concurrent Start) (Metadata GC Threshold) 111M->60M(512M) 18.255ms
[2024-02-06T08:09:22.787+0000][7][gc,cpu      ] GC(10) User=0.16s Sys=0.00s Real=0.02s
[2024-02-06T08:09:22.787+0000][7][gc          ] GC(11) Concurrent Cycle
[2024-02-06T08:09:22.787+0000][7][gc,marking  ] GC(11) Concurrent Clear Claimed Marks
[2024-02-06T08:09:22.787+0000][7][gc,marking  ] GC(11) Concurrent Clear Claimed Marks 0.053ms
[2024-02-06T08:09:22.787+0000][7][gc,marking  ] GC(11) Concurrent Scan Root Regions
[2024-02-06T08:09:22.787+0000][7][safepoint   ] Safepoint "CollectForMetadataAllocation", Time since last: 118681219 ns, Reaching safepoint: 63695 ns, At safepoint: 18474361 ns, Total: 18538056 ns
[2024-02-06T08:09:22.802+0000][7][safepoint   ] Safepoint "CollectForMetadataAllocation", Time since last: 14536418 ns, Reaching safepoint: 115367 ns, At safepoint: 140463 ns, Total: 255830 ns
[2024-02-06T08:09:22.805+0000][7][gc,marking  ] GC(11) Concurrent Scan Root Regions 17.379ms
[2024-02-06T08:09:22.805+0000][7][gc,marking  ] GC(11) Concurrent Mark (5.035s)
[2024-02-06T08:09:22.805+0000][7][gc,marking  ] GC(11) Concurrent Mark From Roots
[2024-02-06T08:09:22.805+0000][7][gc,task     ] GC(11) Using 3 workers of 3 for marking
[2024-02-06T08:09:22.811+0000][7][gc,marking  ] GC(11) Concurrent Mark From Roots 6.323ms
[2024-02-06T08:09:22.811+0000][7][gc,marking  ] GC(11) Concurrent Preclean
[2024-02-06T08:09:22.811+0000][7][gc,marking  ] GC(11) Concurrent Preclean 0.197ms
[2024-02-06T08:09:22.811+0000][7][gc,marking  ] GC(11) Concurrent Mark (5.035s, 5.041s) 6.577ms
[2024-02-06T08:09:22.811+0000][7][gc,start    ] GC(11) Pause Remark
[2024-02-06T08:09:22.813+0000][7][gc          ] GC(11) Pause Remark 62M->62M(512M) 1.814ms
[2024-02-06T08:09:22.813+0000][7][gc,cpu      ] GC(11) User=0.01s Sys=0.00s Real=0.00s
[2024-02-06T08:09:22.813+0000][7][safepoint   ] Safepoint "G1Concurrent", Time since last: 9157743 ns, Reaching safepoint: 125586 ns, At safepoint: 1873820 ns, Total: 1999406 ns
[2024-02-06T08:09:22.813+0000][7][gc,marking  ] GC(11) Concurrent Rebuild Remembered Sets
[2024-02-06T08:09:22.827+0000][7][gc,marking  ] GC(11) Concurrent Rebuild Remembered Sets 14.142ms
[2024-02-06T08:09:22.828+0000][7][gc,start    ] GC(11) Pause Cleanup
[2024-02-06T08:09:22.828+0000][7][gc          ] GC(11) Pause Cleanup 64M->64M(512M) 0.075ms
[2024-02-06T08:09:22.828+0000][7][gc,cpu      ] GC(11) User=0.00s Sys=0.00s Real=0.00s
[2024-02-06T08:09:22.828+0000][7][safepoint   ] Safepoint "G1Concurrent", Time since last: 14204875 ns, Reaching safepoint: 265756 ns, At safepoint: 123571 ns, Total: 389327 ns
[2024-02-06T08:09:22.828+0000][7][gc,marking  ] GC(11) Concurrent Cleanup for Next Mark
[2024-02-06T08:09:22.828+0000][7][gc,marking  ] GC(11) Concurrent Cleanup for Next Mark 0.529ms
[2024-02-06T08:09:22.828+0000][7][gc          ] GC(11) Concurrent Cycle 41.260ms
[2024-02-06T08:09:23.413+0000][7][safepoint   ] Safepoint "ICBufferFull", Time since last: 584610858 ns, Reaching safepoint: 162665 ns, At safepoint: 4772 ns, Total: 167437 ns
[2024-02-06T08:09:24.005+0000][7][safepoint   ] Safepoint "ICBufferFull", Time since last: 592001656 ns, Reaching safepoint: 192346 ns, At safepoint: 7349 ns, Total: 199695 ns
[2024-02-06T08:09:24.101+0000][7][gc,start    ] GC(12) Pause Young (Concurrent Start) (G1 Evacuation Pause)
[2024-02-06T08:09:24.101+0000][7][gc,task     ] GC(12) Using 12 workers of 13 for evacuation
[2024-02-06T08:09:24.101+0000][7][gc,age      ] GC(12) Desired survivor size 20971520 bytes, new threshold 15 (max threshold 15)
[2024-02-06T08:09:24.111+0000][7][gc,age      ] GC(12) Age table with threshold 15 (max threshold 15)
[2024-02-06T08:09:24.111+0000][7][gc,age      ] GC(12) - age   1:    6547064 bytes,    6547064 total
[2024-02-06T08:09:24.111+0000][7][gc,age      ] GC(12) - age   2:    9162200 bytes,   15709264 total
[2024-02-06T08:09:24.111+0000][7][gc,phases   ] GC(12)   Pre Evacuate Collection Set: 0.1ms
[2024-02-06T08:09:24.111+0000][7][gc,phases   ] GC(12)   Merge Heap Roots: 0.1ms
[2024-02-06T08:09:24.111+0000][7][gc,phases   ] GC(12)   Evacuate Collection Set: 9.1ms
[2024-02-06T08:09:24.111+0000][7][gc,phases   ] GC(12)   Post Evacuate Collection Set: 0.7ms
[2024-02-06T08:09:24.111+0000][7][gc,phases   ] GC(12)   Other: 0.2ms
[2024-02-06T08:09:24.111+0000][7][gc,heap     ] GC(12) Eden regions: 72->0(71)
[2024-02-06T08:09:24.111+0000][7][gc,heap     ] GC(12) Survivor regions: 3->5(10)
[2024-02-06T08:09:24.111+0000][7][gc,heap     ] GC(12) Old regions: 12->12
[2024-02-06T08:09:24.111+0000][7][gc,heap     ] GC(12) Archive regions: 2->2
[2024-02-06T08:09:24.111+0000][7][gc,heap     ] GC(12) Humongous regions: 0->0
[2024-02-06T08:09:24.111+0000][7][gc,metaspace] GC(12) Metaspace: 51942K(55344K)->51942K(55344K) NonClass: 45012K(47536K)->45012K(47536K) Class: 6930K(7808K)->6930K(7808K)
[2024-02-06T08:09:24.111+0000][7][gc          ] GC(12) Pause Young (Concurrent Start) (G1 Evacuation Pause) 348M->65M(512M) 10.318ms
[2024-02-06T08:09:24.111+0000][7][gc,cpu      ] GC(12) User=0.11s Sys=0.00s Real=0.01s
[2024-02-06T08:09:24.111+0000][7][gc          ] GC(13) Concurrent Cycle
[2024-02-06T08:09:24.111+0000][7][safepoint   ] Safepoint "G1CollectForAllocation", Time since last: 95909662 ns, Reaching safepoint: 110125 ns, At safepoint: 10386181 ns, Total: 10496306 ns
[2024-02-06T08:09:24.111+0000][7][gc,marking  ] GC(13) Concurrent Clear Claimed Marks
[2024-02-06T08:09:24.111+0000][7][gc,marking  ] GC(13) Concurrent Clear Claimed Marks 0.066ms
[2024-02-06T08:09:24.111+0000][7][gc,marking  ] GC(13) Concurrent Scan Root Regions
[2024-02-06T08:09:24.118+0000][7][gc,marking  ] GC(13) Concurrent Scan Root Regions 6.583ms
[2024-02-06T08:09:24.118+0000][7][gc,marking  ] GC(13) Concurrent Mark (6.348s)
[2024-02-06T08:09:24.118+0000][7][gc,marking  ] GC(13) Concurrent Mark From Roots
[2024-02-06T08:09:24.118+0000][7][gc,task     ] GC(13) Using 3 workers of 3 for marking
[2024-02-06T08:09:24.147+0000][7][gc,marking  ] GC(13) Concurrent Mark From Roots 29.127ms
[2024-02-06T08:09:24.147+0000][7][gc,marking  ] GC(13) Concurrent Preclean
[2024-02-06T08:09:24.147+0000][7][gc,marking  ] GC(13) Concurrent Preclean 0.322ms
[2024-02-06T08:09:24.147+0000][7][gc,marking  ] GC(13) Concurrent Mark (6.348s, 6.378s) 29.508ms
[2024-02-06T08:09:24.148+0000][7][gc,start    ] GC(13) Pause Remark
[2024-02-06T08:09:24.149+0000][7][gc          ] GC(13) Pause Remark 73M->73M(512M) 1.512ms
[2024-02-06T08:09:24.149+0000][7][gc,cpu      ] GC(13) User=0.01s Sys=0.00s Real=0.00s
[2024-02-06T08:09:24.149+0000][7][safepoint   ] Safepoint "G1Concurrent", Time since last: 36245114 ns, Reaching safepoint: 83258 ns, At safepoint: 1565645 ns, Total: 1648903 ns
[2024-02-06T08:09:24.149+0000][7][gc,marking  ] GC(13) Concurrent Rebuild Remembered Sets
[2024-02-06T08:09:24.171+0000][7][gc,marking  ] GC(13) Concurrent Rebuild Remembered Sets 21.502ms
[2024-02-06T08:09:24.171+0000][7][gc,start    ] GC(13) Pause Cleanup
[2024-02-06T08:09:24.171+0000][7][gc          ] GC(13) Pause Cleanup 73M->73M(512M) 0.093ms
[2024-02-06T08:09:24.171+0000][7][gc,cpu      ] GC(13) User=0.00s Sys=0.00s Real=0.00s
[2024-02-06T08:09:24.171+0000][7][safepoint   ] Safepoint "G1Concurrent", Time since last: 21580968 ns, Reaching safepoint: 509330 ns, At safepoint: 169018 ns, Total: 678348 ns
[2024-02-06T08:09:24.171+0000][7][gc,marking  ] GC(13) Concurrent Cleanup for Next Mark
[2024-02-06T08:09:24.172+0000][7][gc,marking  ] GC(13) Concurrent Cleanup for Next Mark 0.842ms
[2024-02-06T08:09:24.172+0000][7][gc          ] GC(13) Concurrent Cycle 61.063ms
[2024-02-06T08:09:24.623+0000][7][safepoint   ] Safepoint "ICBufferFull", Time since last: 451735555 ns, Reaching safepoint: 224338 ns, At safepoint: 6103 ns, Total: 230441 ns
[2024-02-06T08:09:25.446+0000][7][safepoint   ] Safepoint "ICBufferFull", Time since last: 821959612 ns, Reaching safepoint: 791472 ns, At safepoint: 7257 ns, Total: 798729 ns
[2024-02-06T08:09:25.842+0000][7][safepoint   ] Safepoint "ICBufferFull", Time since last: 396032996 ns, Reaching safepoint: 175066 ns, At safepoint: 4085 ns, Total: 179151 ns
[2024-02-06T08:09:26.042+0000][7][safepoint   ] Safepoint "ICBufferFull", Time since last: 199858444 ns, Reaching safepoint: 155439 ns, At safepoint: 5922 ns, Total: 161361 ns
[2024-02-06T08:09:26.200+0000][7][safepoint   ] Safepoint "ICBufferFull", Time since last: 157765907 ns, Reaching safepoint: 175003 ns, At safepoint: 6914 ns, Total: 181917 ns
[2024-02-06T08:09:26.525+0000][7][gc,start    ] GC(14) Pause Young (Concurrent Start) (Metadata GC Threshold)
[2024-02-06T08:09:26.525+0000][7][gc,task     ] GC(14) Using 12 workers of 13 for evacuation
[2024-02-06T08:09:26.525+0000][7][gc,age      ] GC(14) Desired survivor size 20971520 bytes, new threshold 15 (max threshold 15)
[2024-02-06T08:09:26.536+0000][7][gc,age      ] GC(14) Age table with threshold 15 (max threshold 15)
[2024-02-06T08:09:26.536+0000][7][gc,age      ] GC(14) - age   1:   14104128 bytes,   14104128 total
[2024-02-06T08:09:26.536+0000][7][gc,age      ] GC(14) - age   2:    6202080 bytes,   20306208 total
[2024-02-06T08:09:26.536+0000][7][gc,age      ] GC(14) - age   3:    9147088 bytes,   29453296 total
[2024-02-06T08:09:26.536+0000][7][gc,phases   ] GC(14)   Pre Evacuate Collection Set: 0.1ms
[2024-02-06T08:09:26.536+0000][7][gc,phases   ] GC(14)   Merge Heap Roots: 0.1ms
[2024-02-06T08:09:26.536+0000][7][gc,phases   ] GC(14)   Evacuate Collection Set: 9.5ms
[2024-02-06T08:09:26.536+0000][7][gc,phases   ] GC(14)   Post Evacuate Collection Set: 1.0ms
[2024-02-06T08:09:26.536+0000][7][gc,phases   ] GC(14)   Other: 0.2ms
[2024-02-06T08:09:26.536+0000][7][gc,heap     ] GC(14) Eden regions: 61->0(68)
[2024-02-06T08:09:26.536+0000][7][gc,heap     ] GC(14) Survivor regions: 5->8(10)
[2024-02-06T08:09:26.536+0000][7][gc,heap     ] GC(14) Old regions: 12->12
[2024-02-06T08:09:26.536+0000][7][gc,heap     ] GC(14) Archive regions: 2->2
[2024-02-06T08:09:26.536+0000][7][gc,heap     ] GC(14) Humongous regions: 2->2
[2024-02-06T08:09:26.536+0000][7][gc,metaspace] GC(14) Metaspace: 87885K(92208K)->87885K(92208K) NonClass: 76016K(79280K)->76016K(79280K) Class: 11869K(12928K)->11869K(12928K)
[2024-02-06T08:09:26.536+0000][7][gc          ] GC(14) Pause Young (Concurrent Start) (Metadata GC Threshold) 317M->86M(512M) 10.979ms
[2024-02-06T08:09:26.536+0000][7][gc,cpu      ] GC(14) User=0.10s Sys=0.00s Real=0.01s
[2024-02-06T08:09:26.536+0000][7][gc          ] GC(15) Concurrent Cycle
[2024-02-06T08:09:26.536+0000][7][gc,marking  ] GC(15) Concurrent Clear Claimed Marks
[2024-02-06T08:09:26.536+0000][7][safepoint   ] Safepoint "CollectForMetadataAllocation", Time since last: 324585254 ns, Reaching safepoint: 147975 ns, At safepoint: 11133219 ns, Total: 11281194 ns
[2024-02-06T08:09:26.536+0000][7][gc,marking  ] GC(15) Concurrent Clear Claimed Marks 0.067ms
[2024-02-06T08:09:26.536+0000][7][gc,marking  ] GC(15) Concurrent Scan Root Regions
[2024-02-06T08:09:26.544+0000][7][gc,marking  ] GC(15) Concurrent Scan Root Regions 8.049ms
[2024-02-06T08:09:26.544+0000][7][gc,marking  ] GC(15) Concurrent Mark (8.775s)
[2024-02-06T08:09:26.544+0000][7][gc,marking  ] GC(15) Concurrent Mark From Roots
[2024-02-06T08:09:26.544+0000][7][gc,task     ] GC(15) Using 3 workers of 3 for marking
[2024-02-06T08:09:26.569+0000][7][gc,marking  ] GC(15) Concurrent Mark From Roots 24.563ms
[2024-02-06T08:09:26.569+0000][7][gc,marking  ] GC(15) Concurrent Preclean
[2024-02-06T08:09:26.569+0000][7][gc,marking  ] GC(15) Concurrent Preclean 0.347ms
[2024-02-06T08:09:26.569+0000][7][gc,marking  ] GC(15) Concurrent Mark (8.775s, 8.800s) 24.986ms
[2024-02-06T08:09:26.569+0000][7][gc,start    ] GC(15) Pause Remark
[2024-02-06T08:09:26.571+0000][7][gc          ] GC(15) Pause Remark 92M->92M(512M) 1.552ms
[2024-02-06T08:09:26.571+0000][7][gc,cpu      ] GC(15) User=0.01s Sys=0.00s Real=0.00s
[2024-02-06T08:09:26.571+0000][7][safepoint   ] Safepoint "G1Concurrent", Time since last: 33120970 ns, Reaching safepoint: 142861 ns, At safepoint: 1615269 ns, Total: 1758130 ns
[2024-02-06T08:09:26.571+0000][7][gc,marking  ] GC(15) Concurrent Rebuild Remembered Sets
[2024-02-06T08:09:26.593+0000][7][gc,marking  ] GC(15) Concurrent Rebuild Remembered Sets 22.002ms
[2024-02-06T08:09:26.594+0000][7][gc,start    ] GC(15) Pause Cleanup
[2024-02-06T08:09:26.594+0000][7][gc          ] GC(15) Pause Cleanup 96M->96M(512M) 0.082ms
[2024-02-06T08:09:26.594+0000][7][gc,cpu      ] GC(15) User=0.00s Sys=0.00s Real=0.00s
[2024-02-06T08:09:26.594+0000][7][safepoint   ] Safepoint "G1Concurrent", Time since last: 22068714 ns, Reaching safepoint: 554487 ns, At safepoint: 146801 ns, Total: 701288 ns
[2024-02-06T08:09:26.594+0000][7][gc,marking  ] GC(15) Concurrent Cleanup for Next Mark
[2024-02-06T08:09:26.594+0000][7][gc,marking  ] GC(15) Concurrent Cleanup for Next Mark 0.516ms
[2024-02-06T08:09:26.594+0000][7][gc          ] GC(15) Concurrent Cycle 58.302ms
[2024-02-06T08:09:26.784+0000][7][safepoint   ] Safepoint "ICBufferFull", Time since last: 189693332 ns, Reaching safepoint: 181674 ns, At safepoint: 9684 ns, Total: 191358 ns
[2024-02-06T08:09:27.784+0000][7][safepoint   ] Safepoint "Cleanup", Time since last: 1000183789 ns, Reaching safepoint: 78816 ns, At safepoint: 3839 ns, Total: 82655 ns
[2024-02-06T08:09:29.784+0000][7][safepoint   ] Safepoint "Cleanup", Time since last: 2000163266 ns, Reaching safepoint: 65902 ns, At safepoint: 3499 ns, Total: 69401 ns
[2024-02-06T08:09:30.784+0000][7][safepoint   ] Safepoint "Cleanup", Time since last: 1000100414 ns, Reaching safepoint: 65302 ns, At safepoint: 3431 ns, Total: 68733 ns
[2024-02-06T08:09:32.785+0000][7][safepoint   ] Safepoint "Cleanup", Time since last: 2000140639 ns, Reaching safepoint: 97493 ns, At safepoint: 3544 ns, Total: 101037 ns
[2024-02-06T08:09:34.785+0000][7][safepoint   ] Safepoint "Cleanup", Time since last: 2000122196 ns, Reaching safepoint: 62413 ns, At safepoint: 2455 ns, Total: 64868 ns
[2024-02-06T08:09:35.785+0000][7][safepoint   ] Safepoint "Cleanup", Time since last: 1000055101 ns, Reaching safepoint: 68967 ns, At safepoint: 3345 ns, Total: 72312 ns
[2024-02-06T08:09:42.070+0000][7][safepoint   ] Safepoint "Cleanup", Time since last: 6285076210 ns, Reaching safepoint: 59116 ns, At safepoint: 4578 ns, Total: 63694 ns
[2024-02-06T08:09:43.213+0000][7][safepoint   ] Safepoint "Cleanup", Time since last: 1142484977 ns, Reaching safepoint: 137502 ns, At safepoint: 3368 ns, Total: 140870 ns
[2024-02-06T08:09:46.213+0000][7][safepoint   ] Safepoint "Cleanup", Time since last: 3000216030 ns, Reaching safepoint: 63955 ns, At safepoint: 3630 ns, Total: 67585 ns
[2024-02-06T08:09:51.710+0000][7][safepoint   ] Safepoint "Cleanup", Time since last: 5497053404 ns, Reaching safepoint: 82782 ns, At safepoint: 5165 ns, Total: 87947 ns
[2024-02-06T08:09:52.710+0000][7][safepoint   ] Safepoint "Cleanup", Time since last: 1000100156 ns, Reaching safepoint: 132028 ns, At safepoint: 4686 ns, Total: 136714 ns
[2024-02-06T08:09:56.514+0000][7][safepoint   ] Safepoint "Cleanup", Time since last: 3802994580 ns, Reaching safepoint: 129397 ns, At safepoint: 5295 ns, Total: 134692 ns
[2024-02-06T08:09:59.514+0000][7][safepoint   ] Safepoint "Cleanup", Time since last: 3000274070 ns, Reaching safepoint: 69090 ns, At safepoint: 3836 ns, Total: 72926 ns
[2024-02-06T08:10:00.514+0000][7][safepoint   ] Safepoint "Cleanup", Time since last: 1000157003 ns, Reaching safepoint: 67537 ns, At safepoint: 3620 ns, Total: 71157 ns
[2024-02-06T08:10:01.514+0000][7][safepoint   ] Safepoint "Cleanup", Time since last: 1000098918 ns, Reaching safepoint: 66036 ns, At safepoint: 3521 ns, Total: 69557 ns
[2024-02-06T08:10:02.514+0000][7][safepoint   ] Safepoint "Cleanup", Time since last: 1000100011 ns, Reaching safepoint: 67470 ns, At safepoint: 3744 ns, Total: 71214 ns
[2024-02-06T08:10:05.515+0000][7][safepoint   ] Safepoint "Cleanup", Time since last: 3000217467 ns, Reaching safepoint: 64927 ns, At safepoint: 3461 ns, Total: 68388 ns
[2024-02-06T08:10:06.515+0000][7][safepoint   ] Safepoint "Cleanup", Time since last: 1000105762 ns, Reaching safepoint: 161796 ns, At safepoint: 3997 ns, Total: 165793 ns
[2024-02-06T08:10:10.515+0000][7][safepoint   ] Safepoint "Cleanup", Time since last: 4000276727 ns, Reaching safepoint: 72093 ns, At safepoint: 4825 ns, Total: 76918 ns
[2024-02-06T08:10:11.516+0000][7][safepoint   ] Safepoint "Cleanup", Time since last: 1000103387 ns, Reaching safepoint: 73953 ns, At safepoint: 3637 ns, Total: 77590 ns
[2024-02-06T08:10:12.516+0000][7][safepoint   ] Safepoint "Cleanup", Time since last: 1000102192 ns, Reaching safepoint: 69634 ns, At safepoint: 3271 ns, Total: 72905 ns
[2024-02-06T08:10:13.516+0000][7][safepoint   ] Safepoint "Cleanup", Time since last: 1000100496 ns, Reaching safepoint: 70451 ns, At safepoint: 3455 ns, Total: 73906 ns
[2024-02-06T08:10:14.516+0000][7][safepoint   ] Safepoint "Cleanup", Time since last: 1000104645 ns, Reaching safepoint: 70667 ns, At safepoint: 7144 ns, Total: 77811 ns
[2024-02-06T08:10:16.516+0000][7][safepoint   ] Safepoint "Cleanup", Time since last: 2000170172 ns, Reaching safepoint: 68993 ns, At safepoint: 3181 ns, Total: 72174 ns
[2024-02-06T08:10:17.516+0000][7][safepoint   ] Safepoint "Cleanup", Time since last: 1000100916 ns, Reaching safepoint: 71319 ns, At safepoint: 8103 ns, Total: 79422 ns
[2024-02-06T08:10:19.517+0000][7][safepoint   ] Safepoint "Cleanup", Time since last: 2000164408 ns, Reaching safepoint: 68192 ns, At safepoint: 5346 ns, Total: 73538 ns
[2024-02-06T08:10:21.517+0000][7][safepoint   ] Safepoint "Cleanup", Time since last: 2000160071 ns, Reaching safepoint: 83525 ns, At safepoint: 3197 ns, Total: 86722 ns
[2024-02-06T08:10:22.517+0000][7][safepoint   ] Safepoint "Cleanup", Time since last: 1000094535 ns, Reaching safepoint: 68909 ns, At safepoint: 3706 ns, Total: 72615 ns
[2024-02-06T08:10:26.517+0000][7][safepoint   ] Safepoint "Cleanup", Time since last: 4000282312 ns, Reaching safepoint: 69646 ns, At safepoint: 3080 ns, Total: 72726 ns
[2024-02-06T08:10:34.518+0000][7][safepoint   ] Safepoint "Cleanup", Time since last: 8000531173 ns, Reaching safepoint: 199296 ns, At safepoint: 4439 ns, Total: 203735 ns
[2024-02-06T08:10:35.518+0000][7][safepoint   ] Safepoint "Cleanup", Time since last: 1000140009 ns, Reaching safepoint: 84915 ns, At safepoint: 2669 ns, Total: 87584 ns
[2024-02-06T08:10:38.519+0000][7][safepoint   ] Safepoint "Cleanup", Time since last: 3000211859 ns, Reaching safepoint: 85910 ns, At safepoint: 3415 ns, Total: 89325 ns
[2024-02-06T08:10:40.519+0000][7][safepoint   ] Safepoint "Cleanup", Time since last: 2000159434 ns, Reaching safepoint: 119710 ns, At safepoint: 3756 ns, Total: 123466 ns
[2024-02-06T08:10:41.519+0000][7][safepoint   ] Safepoint "Cleanup", Time since last: 1000097873 ns, Reaching safepoint: 77186 ns, At safepoint: 13897 ns, Total: 91083 ns
[2024-02-06T08:10:44.520+0000][7][safepoint   ] Safepoint "Cleanup", Time since last: 3000222241 ns, Reaching safepoint: 75433 ns, At safepoint: 3655 ns, Total: 79088 ns
[2024-02-06T08:10:51.520+0000][7][safepoint   ] Safepoint "Cleanup", Time since last: 7000463351 ns, Reaching safepoint: 93119 ns, At safepoint: 3507 ns, Total: 96626 ns
[2024-02-06T08:10:54.520+0000][7][safepoint   ] Safepoint "Cleanup", Time since last: 3000219250 ns, Reaching safepoint: 76721 ns, At safepoint: 3190 ns, Total: 79911 ns
[2024-02-06T08:10:56.521+0000][7][safepoint   ] Safepoint "Cleanup", Time since last: 2000167491 ns, Reaching safepoint: 102090 ns, At safepoint: 3696 ns, Total: 105786 ns
[2024-02-06T08:10:57.521+0000][7][safepoint   ] Safepoint "Cleanup", Time since last: 1000103251 ns, Reaching safepoint: 84471 ns, At safepoint: 3689 ns, Total: 88160 ns
[2024-02-06T08:11:05.522+0000][7][safepoint   ] Safepoint "Cleanup", Time since last: 8000603264 ns, Reaching safepoint: 121518 ns, At safepoint: 3429 ns, Total: 124947 ns
[2024-02-06T08:11:08.522+0000][7][safepoint   ] Safepoint "Cleanup", Time since last: 3000232971 ns, Reaching safepoint: 84562 ns, At safepoint: 3335 ns, Total: 87897 ns
[2024-02-06T08:11:09.522+0000][7][safepoint   ] Safepoint "Cleanup", Time since last: 1000114608 ns, Reaching safepoint: 81047 ns, At safepoint: 3367 ns, Total: 84414 ns
[2024-02-06T08:11:16.523+0000][7][safepoint   ] Safepoint "Cleanup", Time since last: 7000397894 ns, Reaching safepoint: 115931 ns, At safepoint: 5745 ns, Total: 121676 ns
[2024-02-06T08:11:24.523+0000][7][safepoint   ] Safepoint "Cleanup", Time since last: 8000513798 ns, Reaching safepoint: 104541 ns, At safepoint: 3801 ns, Total: 108342 ns
[2024-02-06T08:11:26.523+0000][7][safepoint   ] Safepoint "Cleanup", Time since last: 2000154649 ns, Reaching safepoint: 77428 ns, At safepoint: 5908 ns, Total: 83336 ns
[2024-02-06T08:11:32.524+0000][7][safepoint   ] Safepoint "Cleanup", Time since last: 6000363602 ns, Reaching safepoint: 77194 ns, At safepoint: 3250 ns, Total: 80444 ns
[2024-02-06T08:11:33.524+0000][7][safepoint   ] Safepoint "Cleanup", Time since last: 1000159926 ns, Reaching safepoint: 81963 ns, At safepoint: 3684 ns, Total: 85647 ns
[2024-02-06T08:11:35.524+0000][7][safepoint   ] Safepoint "Cleanup", Time since last: 2000166958 ns, Reaching safepoint: 79130 ns, At safepoint: 3719 ns, Total: 82849 ns
[2024-02-06T08:11:46.525+0000][7][safepoint   ] Safepoint "Cleanup", Time since last: 11000721138 ns, Reaching safepoint: 80492 ns, At safepoint: 3800 ns, Total: 84292 ns
[2024-02-06T08:11:56.526+0000][7][safepoint   ] Safepoint "Cleanup", Time since last: 10000619066 ns, Reaching safepoint: 92025 ns, At safepoint: 5855 ns, Total: 97880 ns
[2024-02-06T08:12:03.526+0000][7][safepoint   ] Safepoint "Cleanup", Time since last: 7000434016 ns, Reaching safepoint: 84717 ns, At safepoint: 4977 ns, Total: 89694 ns
[2024-02-06T08:12:09.527+0000][7][safepoint   ] Safepoint "Cleanup", Time since last: 6000479039 ns, Reaching safepoint: 80668 ns, At safepoint: 3535 ns, Total: 84203 ns
[2024-02-06T08:12:14.527+0000][7][safepoint   ] Safepoint "Cleanup", Time since last: 5000356672 ns, Reaching safepoint: 78434 ns, At safepoint: 3543 ns, Total: 81977 ns
[2024-02-06T08:12:20.528+0000][7][safepoint   ] Safepoint "Cleanup", Time since last: 6000404182 ns, Reaching safepoint: 81959 ns, At safepoint: 3781 ns, Total: 85740 ns
[2024-02-06T08:12:26.528+0000][7][safepoint   ] Safepoint "Cleanup", Time since last: 6000424056 ns, Reaching safepoint: 85764 ns, At safepoint: 3875 ns, Total: 89639 ns
[2024-02-06T08:12:37.529+0000][7][safepoint   ] Safepoint "Cleanup", Time since last: 11000686190 ns, Reaching safepoint: 79457 ns, At safepoint: 3684 ns, Total: 83141 ns
[2024-02-06T08:12:49.530+0000][7][safepoint   ] Safepoint "Cleanup", Time since last: 12000852322 ns, Reaching safepoint: 78565 ns, At safepoint: 3640 ns, Total: 82205 ns
[2024-02-06T08:12:51.530+0000][7][safepoint   ] Safepoint "Cleanup", Time since last: 2000168344 ns, Reaching safepoint: 95065 ns, At safepoint: 3896 ns, Total: 98961 ns
[2024-02-06T08:12:54.531+0000][7][safepoint   ] Safepoint "Cleanup", Time since last: 3000216952 ns, Reaching safepoint: 77916 ns, At safepoint: 3761 ns, Total: 81677 ns
[2024-02-06T08:12:56.531+0000][7][safepoint   ] Safepoint "Cleanup", Time since last: 2000162065 ns, Reaching safepoint: 74485 ns, At safepoint: 3447 ns, Total: 77932 ns
[2024-02-06T08:13:37.534+0000][7][safepoint   ] Safepoint "Cleanup", Time since last: 41002461814 ns, Reaching safepoint: 102755 ns, At safepoint: 3724 ns, Total: 106479 ns
[2024-02-06T08:13:56.535+0000][7][safepoint   ] Safepoint "Cleanup", Time since last: 19001239324 ns, Reaching safepoint: 135440 ns, At safepoint: 3741 ns, Total: 139181 ns
[2024-02-06T08:13:59.535+0000][7][safepoint   ] Safepoint "Cleanup", Time since last: 3000214127 ns, Reaching safepoint: 82101 ns, At safepoint: 3751 ns, Total: 85852 ns
[2024-02-06T08:14:08.536+0000][7][safepoint   ] Safepoint "Cleanup", Time since last: 9000552099 ns, Reaching safepoint: 85503 ns, At safepoint: 3807 ns, Total: 89310 ns
[2024-02-06T08:14:09.536+0000][7][safepoint   ] Safepoint "Cleanup", Time since last: 1000104355 ns, Reaching safepoint: 80863 ns, At safepoint: 3348 ns, Total: 84211 ns
[2024-02-06T08:14:29.537+0000][7][safepoint   ] Safepoint "Cleanup", Time since last: 20001213607 ns, Reaching safepoint: 79832 ns, At safepoint: 3356 ns, Total: 83188 ns
[2024-02-06T08:14:56.539+0000][7][safepoint   ] Safepoint "Cleanup", Time since last: 27001714439 ns, Reaching safepoint: 110620 ns, At safepoint: 3997 ns, Total: 114617 ns
[2024-02-06T08:15:14.540+0000][7][safepoint   ] Safepoint "Cleanup", Time since last: 18001085346 ns, Reaching safepoint: 89149 ns, At safepoint: 9138 ns, Total: 98287 ns
[2024-02-06T08:15:26.541+0000][7][safepoint   ] Safepoint "Cleanup", Time since last: 12000759589 ns, Reaching safepoint: 95975 ns, At safepoint: 3489 ns, Total: 99464 ns
[2024-02-06T08:15:27.541+0000][7][safepoint   ] Safepoint "Cleanup", Time since last: 1000098621 ns, Reaching safepoint: 82938 ns, At safepoint: 3604 ns, Total: 86542 ns
[2024-02-06T08:15:50.543+0000][7][safepoint   ] Safepoint "Cleanup", Time since last: 23001390524 ns, Reaching safepoint: 83326 ns, At safepoint: 3523 ns, Total: 86849 ns
[2024-02-06T08:15:51.543+0000][7][safepoint   ] Safepoint "Cleanup", Time since last: 1000107746 ns, Reaching safepoint: 130872 ns, At safepoint: 3982 ns, Total: 134854 ns
[2024-02-06T08:16:57.547+0000][7][safepoint   ] Safepoint "Cleanup", Time since last: 66003949085 ns, Reaching safepoint: 85065 ns, At safepoint: 3730 ns, Total: 88795 ns
[2024-02-06T08:17:26.549+0000][7][safepoint   ] Safepoint "Cleanup", Time since last: 29001805096 ns, Reaching safepoint: 83657 ns, At safepoint: 3619 ns, Total: 87276 ns
[2024-02-06T08:17:27.549+0000][7][safepoint   ] Safepoint "Cleanup", Time since last: 1000097498 ns, Reaching safepoint: 83638 ns, At safepoint: 9257 ns, Total: 92895 ns
[2024-02-06T08:17:56.551+0000][7][safepoint   ] Safepoint "Cleanup", Time since last: 29001765151 ns, Reaching safepoint: 80968 ns, At safepoint: 5764 ns, Total: 86732 ns
[2024-02-06T08:17:57.551+0000][7][safepoint   ] Safepoint "Cleanup", Time since last: 1000163432 ns, Reaching safepoint: 79180 ns, At safepoint: 3660 ns, Total: 82840 ns
[2024-02-06T08:18:11.552+0000][7][safepoint   ] Safepoint "Cleanup", Time since last: 14000863753 ns, Reaching safepoint: 80297 ns, At safepoint: 4063 ns, Total: 84360 ns
[2024-02-06T08:18:12.552+0000][7][safepoint   ] Safepoint "Cleanup", Time since last: 1000103338 ns, Reaching safepoint: 79425 ns, At safepoint: 3125 ns, Total: 82550 ns
[2024-02-06T08:18:16.553+0000][7][safepoint   ] Safepoint "Cleanup", Time since last: 4000287786 ns, Reaching safepoint: 78219 ns, At safepoint: 3321 ns, Total: 81540 ns
[2024-02-06T08:18:17.553+0000][7][safepoint   ] Safepoint "Cleanup", Time since last: 1000102004 ns, Reaching safepoint: 81765 ns, At safepoint: 3876 ns, Total: 85641 ns
[2024-02-06T08:18:28.554+0000][7][safepoint   ] Safepoint "Cleanup", Time since last: 11000646817 ns, Reaching safepoint: 95458 ns, At safepoint: 3674 ns, Total: 99132 ns
[2024-02-06T08:18:39.555+0000][7][safepoint   ] Safepoint "Cleanup", Time since last: 11000656072 ns, Reaching safepoint: 103156 ns, At safepoint: 3668 ns, Total: 106824 ns
[2024-02-06T08:18:56.556+0000][7][safepoint   ] Safepoint "Cleanup", Time since last: 17001053031 ns, Reaching safepoint: 93634 ns, At safepoint: 8797 ns, Total: 102431 ns
[2024-02-06T08:19:26.558+0000][7][safepoint   ] Safepoint "Cleanup", Time since last: 30001798014 ns, Reaching safepoint: 81570 ns, At safepoint: 4132 ns, Total: 85702 ns
[2024-02-06T08:20:34.562+0000][7][safepoint   ] Safepoint "Cleanup", Time since last: 68004184859 ns, Reaching safepoint: 105598 ns, At safepoint: 6015 ns, Total: 111613 ns
[2024-02-06T08:20:41.562+0000][7][safepoint   ] Safepoint "Cleanup", Time since last: 7000457875 ns, Reaching safepoint: 84254 ns, At safepoint: 4595 ns, Total: 88849 ns
[2024-02-06T08:20:56.563+0000][7][safepoint   ] Safepoint "Cleanup", Time since last: 15000947932 ns, Reaching safepoint: 94916 ns, At safepoint: 3492 ns, Total: 98408 ns
[2024-02-06T08:21:53.567+0000][7][safepoint   ] Safepoint "Cleanup", Time since last: 57003400970 ns, Reaching safepoint: 95172 ns, At safepoint: 5634 ns, Total: 100806 ns
[2024-02-06T08:22:03.568+0000][7][safepoint   ] Safepoint "Cleanup", Time since last: 10000657278 ns, Reaching safepoint: 80485 ns, At safepoint: 3807 ns, Total: 84292 ns
[2024-02-06T08:22:15.569+0000][7][safepoint   ] Safepoint "Cleanup", Time since last: 12000784336 ns, Reaching safepoint: 95304 ns, At safepoint: 3811 ns, Total: 99115 ns
[2024-02-06T08:22:19.569+0000][7][safepoint   ] Safepoint "Cleanup", Time since last: 4000271268 ns, Reaching safepoint: 84766 ns, At safepoint: 5838 ns, Total: 90604 ns
[2024-02-06T08:22:26.570+0000][7][safepoint   ] Safepoint "Cleanup", Time since last: 7000457299 ns, Reaching safepoint: 88744 ns, At safepoint: 3630 ns, Total: 92374 ns
[2024-02-06T08:23:56.575+0000][7][safepoint   ] Safepoint "Cleanup", Time since last: 90005364573 ns, Reaching safepoint: 90161 ns, At safepoint: 3883 ns, Total: 94044 ns
[2024-02-06T08:24:26.577+0000][7][safepoint   ] Safepoint "Cleanup", Time since last: 30001815026 ns, Reaching safepoint: 106449 ns, At safepoint: 3658 ns, Total: 110107 ns
[2024-02-06T08:25:26.581+0000][7][safepoint   ] Safepoint "Cleanup", Time since last: 60003715336 ns, Reaching safepoint: 95972 ns, At safepoint: 3555 ns, Total: 99527 ns
[2024-02-06T08:25:56.583+0000][7][safepoint   ] Safepoint "Cleanup", Time since last: 30001804806 ns, Reaching safepoint: 107349 ns, At safepoint: 3578 ns, Total: 110927 ns
[2024-02-06T08:26:04.583+0000][7][safepoint   ] Safepoint "Cleanup", Time since last: 8000539406 ns, Reaching safepoint: 85150 ns, At safepoint: 3524 ns, Total: 88674 ns
[2024-02-06T08:26:16.584+0000][7][safepoint   ] Safepoint "Cleanup", Time since last: 12000732336 ns, Reaching safepoint: 84298 ns, At safepoint: 3891 ns, Total: 88189 ns
[2024-02-06T08:26:24.585+0000][7][safepoint   ] Safepoint "Cleanup", Time since last: 8000525936 ns, Reaching safepoint: 99492 ns, At safepoint: 3696 ns, Total: 103188 ns
[2024-02-06T08:26:26.585+0000][7][safepoint   ] Safepoint "Cleanup", Time since last: 2000157559 ns, Reaching safepoint: 83602 ns, At safepoint: 5641 ns, Total: 89243 ns
[2024-02-06T08:26:34.586+0000][7][safepoint   ] Safepoint "Cleanup", Time since last: 8000767618 ns, Reaching safepoint: 83312 ns, At safepoint: 10243 ns, Total: 93555 ns
[2024-02-06T08:27:21.589+0000][7][safepoint   ] Safepoint "Cleanup", Time since last: 47002971935 ns, Reaching safepoint: 80345 ns, At safepoint: 7565 ns, Total: 87910 ns
[2024-02-06T08:27:21.742+0000][7][gc,heap,exit] Heap
[2024-02-06T08:27:21.742+0000][7][gc,heap,exit]  garbage-first heap   total 524288K, used 227728K [0x00000000e0000000, 0x0000000100000000)
[2024-02-06T08:27:21.742+0000][7][gc,heap,exit]   region size 4096K, 44 young (180224K), 8 survivors (32768K)
[2024-02-06T08:27:21.742+0000][7][gc,heap,exit]  Metaspace       used 94374K, capacity 97746K, committed 98716K, reserved 1134592K
[2024-02-06T08:27:21.742+0000][7][gc,heap,exit]   class space    used 12670K, capacity 13721K, committed 13824K, reserved 1048576K
