[2024-02-10T17:03:57.582+0000][6][gc] Using G1
[2024-02-10T17:03:57.792+0000][6][gc,init] Version: 15.0.1+9 (release)
[2024-02-10T17:03:57.792+0000][6][gc,init] CPUs: 16 total, 16 available
[2024-02-10T17:03:57.792+0000][6][gc,init] Memory: 63240M
[2024-02-10T17:03:57.792+0000][6][gc,init] Large Page Support: Disabled
[2024-02-10T17:03:57.792+0000][6][gc,init] NUMA Support: Disabled
[2024-02-10T17:03:57.792+0000][6][gc,init] Compressed Oops: Enabled (32-bit)
[2024-02-10T17:03:57.792+0000][6][gc,init] Heap Region Size: 4M
[2024-02-10T17:03:57.792+0000][6][gc,init] Heap Min Capacity: 512M
[2024-02-10T17:03:57.792+0000][6][gc,init] Heap Initial Capacity: 512M
[2024-02-10T17:03:57.792+0000][6][gc,init] Heap Max Capacity: 512M
[2024-02-10T17:03:57.792+0000][6][gc,init] Pre-touch: Enabled
[2024-02-10T17:03:57.792+0000][6][gc,init] Parallel Workers: 13
[2024-02-10T17:03:57.792+0000][6][gc,init] Concurrent Workers: 3
[2024-02-10T17:03:57.792+0000][6][gc,init] Concurrent Refinement Workers: 13
[2024-02-10T17:03:57.792+0000][6][gc,init] Periodic GC: Disabled
[2024-02-10T17:03:57.792+0000][6][gc,cds ] Mark closed archive regions in map: [0x00000000ffc00000, 0x00000000ffc7bff8]
[2024-02-10T17:03:57.792+0000][6][gc,cds ] Mark open archive regions in map: [0x00000000ffb00000, 0x00000000ffb51ff8]
[2024-02-10T17:03:57.792+0000][6][gc,metaspace] CDS archive(s) mapped at: [0x0000000800000000-0x0000000800b2a000-0x0000000800b2a000), size 11706368, SharedBaseAddress: 0x0000000800000000, ArchiveRelocationMode: 0.
[2024-02-10T17:03:57.792+0000][6][gc,metaspace] Compressed class space mapped at: 0x0000000800b2c000-0x0000000840b2c000, size: 1073741824
[2024-02-10T17:03:57.792+0000][6][gc,metaspace] Narrow klass base: 0x0000000800000000, Narrow klass shift: 3, Narrow klass range: 0x100000000
[2024-02-10T17:03:58.037+0000][6][safepoint   ] Safepoint "ICBufferFull", Time since last: 236927869 ns, Reaching safepoint: 116359 ns, At safepoint: 4045 ns, Total: 120404 ns
[2024-02-10T17:03:58.208+0000][6][gc,start    ] GC(0) Pause Young (Normal) (G1 Evacuation Pause)
[2024-02-10T17:03:58.208+0000][6][gc,task     ] GC(0) Using 12 workers of 13 for evacuation
[2024-02-10T17:03:58.208+0000][6][gc,age      ] GC(0) Desired survivor size 2097152 bytes, new threshold 15 (max threshold 15)
[2024-02-10T17:03:58.210+0000][6][gc,age      ] GC(0) Age table with threshold 15 (max threshold 15)
[2024-02-10T17:03:58.210+0000][6][gc,age      ] GC(0) - age   1:    4167656 bytes,    4167656 total
[2024-02-10T17:03:58.211+0000][6][gc,phases   ] GC(0)   Pre Evacuate Collection Set: 0.1ms
[2024-02-10T17:03:58.211+0000][6][gc,phases   ] GC(0)   Merge Heap Roots: 0.0ms
[2024-02-10T17:03:58.211+0000][6][gc,phases   ] GC(0)   Evacuate Collection Set: 1.7ms
[2024-02-10T17:03:58.211+0000][6][gc,phases   ] GC(0)   Post Evacuate Collection Set: 0.3ms
[2024-02-10T17:03:58.211+0000][6][gc,phases   ] GC(0)   Other: 0.9ms
[2024-02-10T17:03:58.211+0000][6][gc,heap     ] GC(0) Eden regions: 6->0(6)
[2024-02-10T17:03:58.211+0000][6][gc,heap     ] GC(0) Survivor regions: 0->1(1)
[2024-02-10T17:03:58.211+0000][6][gc,heap     ] GC(0) Old regions: 0->1
[2024-02-10T17:03:58.211+0000][6][gc,heap     ] GC(0) Archive regions: 2->2
[2024-02-10T17:03:58.211+0000][6][gc,heap     ] GC(0) Humongous regions: 0->0
[2024-02-10T17:03:58.211+0000][6][gc,metaspace] GC(0) Metaspace: 8107K(9216K)->8107K(9216K) NonClass: 7204K(8192K)->7204K(8192K) Class: 902K(1024K)->902K(1024K)
[2024-02-10T17:03:58.211+0000][6][gc          ] GC(0) Pause Young (Normal) (G1 Evacuation Pause) 27M->7M(512M) 3.120ms
[2024-02-10T17:03:58.211+0000][6][gc,cpu      ] GC(0) User=0.01s Sys=0.01s Real=0.00s
[2024-02-10T17:03:58.211+0000][6][safepoint   ] Safepoint "G1CollectForAllocation", Time since last: 169938881 ns, Reaching safepoint: 157336 ns, At safepoint: 3191757 ns, Total: 3349093 ns
[2024-02-10T17:03:58.673+0000][6][gc,start    ] GC(1) Pause Young (Normal) (G1 Evacuation Pause)
[2024-02-10T17:03:58.673+0000][6][gc,task     ] GC(1) Using 12 workers of 13 for evacuation
[2024-02-10T17:03:58.673+0000][6][gc,age      ] GC(1) Desired survivor size 2097152 bytes, new threshold 1 (max threshold 15)
[2024-02-10T17:03:58.676+0000][6][gc,age      ] GC(1) Age table with threshold 1 (max threshold 15)
[2024-02-10T17:03:58.676+0000][6][gc,age      ] GC(1) - age   1:    2022464 bytes,    2022464 total
[2024-02-10T17:03:58.676+0000][6][gc,phases   ] GC(1)   Pre Evacuate Collection Set: 0.1ms
[2024-02-10T17:03:58.676+0000][6][gc,phases   ] GC(1)   Merge Heap Roots: 0.1ms
[2024-02-10T17:03:58.676+0000][6][gc,phases   ] GC(1)   Evacuate Collection Set: 2.2ms
[2024-02-10T17:03:58.676+0000][6][gc,phases   ] GC(1)   Post Evacuate Collection Set: 0.3ms
[2024-02-10T17:03:58.676+0000][6][gc,phases   ] GC(1)   Other: 0.2ms
[2024-02-10T17:03:58.676+0000][6][gc,heap     ] GC(1) Eden regions: 6->0(13)
[2024-02-10T17:03:58.676+0000][6][gc,heap     ] GC(1) Survivor regions: 1->1(1)
[2024-02-10T17:03:58.676+0000][6][gc,heap     ] GC(1) Old regions: 1->2
[2024-02-10T17:03:58.676+0000][6][gc,heap     ] GC(1) Archive regions: 2->2
[2024-02-10T17:03:58.676+0000][6][gc,heap     ] GC(1) Humongous regions: 0->0
[2024-02-10T17:03:58.676+0000][6][gc,metaspace] GC(1) Metaspace: 12335K(12928K)->12335K(12928K) NonClass: 10884K(11264K)->10884K(11264K) Class: 1450K(1664K)->1450K(1664K)
[2024-02-10T17:03:58.676+0000][6][gc          ] GC(1) Pause Young (Normal) (G1 Evacuation Pause) 31M->9M(512M) 2.956ms
[2024-02-10T17:03:58.676+0000][6][gc,cpu      ] GC(1) User=0.01s Sys=0.00s Real=0.00s
[2024-02-10T17:03:58.676+0000][6][safepoint   ] Safepoint "G1CollectForAllocation", Time since last: 461998653 ns, Reaching safepoint: 110242 ns, At safepoint: 3010382 ns, Total: 3120624 ns
[2024-02-10T17:03:59.107+0000][6][safepoint   ] Safepoint "ICBufferFull", Time since last: 431319995 ns, Reaching safepoint: 195391 ns, At safepoint: 11257 ns, Total: 206648 ns
[2024-02-10T17:03:59.159+0000][6][gc,start    ] GC(2) Pause Young (Normal) (G1 Evacuation Pause)
[2024-02-10T17:03:59.159+0000][6][gc,task     ] GC(2) Using 12 workers of 13 for evacuation
[2024-02-10T17:03:59.159+0000][6][gc,age      ] GC(2) Desired survivor size 4194304 bytes, new threshold 15 (max threshold 15)
[2024-02-10T17:03:59.162+0000][6][gc,age      ] GC(2) Age table with threshold 15 (max threshold 15)
[2024-02-10T17:03:59.162+0000][6][gc,age      ] GC(2) - age   1:    1278848 bytes,    1278848 total
[2024-02-10T17:03:59.162+0000][6][gc,age      ] GC(2) - age   2:    1994456 bytes,    3273304 total
[2024-02-10T17:03:59.162+0000][6][gc,phases   ] GC(2)   Pre Evacuate Collection Set: 0.1ms
[2024-02-10T17:03:59.162+0000][6][gc,phases   ] GC(2)   Merge Heap Roots: 0.1ms
[2024-02-10T17:03:59.162+0000][6][gc,phases   ] GC(2)   Evacuate Collection Set: 2.0ms
[2024-02-10T17:03:59.162+0000][6][gc,phases   ] GC(2)   Post Evacuate Collection Set: 0.5ms
[2024-02-10T17:03:59.162+0000][6][gc,phases   ] GC(2)   Other: 0.2ms
[2024-02-10T17:03:59.162+0000][6][gc,heap     ] GC(2) Eden regions: 13->0(64)
[2024-02-10T17:03:59.162+0000][6][gc,heap     ] GC(2) Survivor regions: 1->1(2)
[2024-02-10T17:03:59.162+0000][6][gc,heap     ] GC(2) Old regions: 2->2
[2024-02-10T17:03:59.162+0000][6][gc,heap     ] GC(2) Archive regions: 2->2
[2024-02-10T17:03:59.162+0000][6][gc,heap     ] GC(2) Humongous regions: 0->0
[2024-02-10T17:03:59.162+0000][6][gc,metaspace] GC(2) Metaspace: 14877K(15360K)->14877K(15360K) NonClass: 13188K(13568K)->13188K(13568K) Class: 1688K(1792K)->1688K(1792K)
[2024-02-10T17:03:59.162+0000][6][gc          ] GC(2) Pause Young (Normal) (G1 Evacuation Pause) 61M->11M(512M) 2.954ms
[2024-02-10T17:03:59.162+0000][6][gc,cpu      ] GC(2) User=0.02s Sys=0.00s Real=0.00s
[2024-02-10T17:03:59.162+0000][6][safepoint   ] Safepoint "G1CollectForAllocation", Time since last: 51851697 ns, Reaching safepoint: 79393 ns, At safepoint: 3016319 ns, Total: 3095712 ns
[2024-02-10T17:03:59.225+0000][6][safepoint   ] Safepoint "ICBufferFull", Time since last: 62828428 ns, Reaching safepoint: 55723 ns, At safepoint: 4456 ns, Total: 60179 ns
[2024-02-10T17:03:59.229+0000][6][safepoint   ] Safepoint "ICBufferFull", Time since last: 3485487 ns, Reaching safepoint: 38191 ns, At safepoint: 5252 ns, Total: 43443 ns
[2024-02-10T17:03:59.231+0000][6][safepoint   ] Safepoint "ICBufferFull", Time since last: 2537823 ns, Reaching safepoint: 45418 ns, At safepoint: 5425 ns, Total: 50843 ns
[2024-02-10T17:03:59.233+0000][6][safepoint   ] Safepoint "ICBufferFull", Time since last: 1975557 ns, Reaching safepoint: 45150 ns, At safepoint: 3323 ns, Total: 48473 ns
[2024-02-10T17:03:59.236+0000][6][safepoint   ] Safepoint "ICBufferFull", Time since last: 2785076 ns, Reaching safepoint: 35066 ns, At safepoint: 3954 ns, Total: 39020 ns
[2024-02-10T17:03:59.238+0000][6][safepoint   ] Safepoint "ICBufferFull", Time since last: 1954010 ns, Reaching safepoint: 38454 ns, At safepoint: 5442 ns, Total: 43896 ns
[2024-02-10T17:03:59.240+0000][6][safepoint   ] Safepoint "ICBufferFull", Time since last: 1967709 ns, Reaching safepoint: 36348 ns, At safepoint: 5646 ns, Total: 41994 ns
[2024-02-10T17:03:59.242+0000][6][safepoint   ] Safepoint "ICBufferFull", Time since last: 1981494 ns, Reaching safepoint: 37006 ns, At safepoint: 3603 ns, Total: 40609 ns
[2024-02-10T17:03:59.244+0000][6][safepoint   ] Safepoint "ICBufferFull", Time since last: 2060278 ns, Reaching safepoint: 33217 ns, At safepoint: 2775 ns, Total: 35992 ns
[2024-02-10T17:03:59.247+0000][6][safepoint   ] Safepoint "ICBufferFull", Time since last: 2609410 ns, Reaching safepoint: 33940 ns, At safepoint: 2266 ns, Total: 36206 ns
[2024-02-10T17:03:59.249+0000][6][safepoint   ] Safepoint "ICBufferFull", Time since last: 2284003 ns, Reaching safepoint: 31559 ns, At safepoint: 3117 ns, Total: 34676 ns
[2024-02-10T17:03:59.252+0000][6][safepoint   ] Safepoint "ICBufferFull", Time since last: 2332843 ns, Reaching safepoint: 42073 ns, At safepoint: 2149 ns, Total: 44222 ns
[2024-02-10T17:03:59.254+0000][6][safepoint   ] Safepoint "ICBufferFull", Time since last: 2586159 ns, Reaching safepoint: 29335 ns, At safepoint: 3603 ns, Total: 32938 ns
[2024-02-10T17:03:59.257+0000][6][safepoint   ] Safepoint "ICBufferFull", Time since last: 2667788 ns, Reaching safepoint: 31278 ns, At safepoint: 3340 ns, Total: 34618 ns
[2024-02-10T17:03:59.259+0000][6][safepoint   ] Safepoint "ICBufferFull", Time since last: 2337858 ns, Reaching safepoint: 29527 ns, At safepoint: 5911 ns, Total: 35438 ns
[2024-02-10T17:03:59.423+0000][6][safepoint   ] Safepoint "ICBufferFull", Time since last: 163874795 ns, Reaching safepoint: 156012 ns, At safepoint: 14231 ns, Total: 170243 ns
[2024-02-10T17:03:59.589+0000][6][gc,start    ] GC(3) Pause Young (Normal) (G1 Evacuation Pause)
[2024-02-10T17:03:59.589+0000][6][gc,task     ] GC(3) Using 12 workers of 13 for evacuation
[2024-02-10T17:03:59.590+0000][6][gc,age      ] GC(3) Desired survivor size 18874368 bytes, new threshold 15 (max threshold 15)
[2024-02-10T17:03:59.593+0000][6][gc,age      ] GC(3) Age table with threshold 15 (max threshold 15)
[2024-02-10T17:03:59.593+0000][6][gc,age      ] GC(3) - age   1:    6334784 bytes,    6334784 total
[2024-02-10T17:03:59.593+0000][6][gc,age      ] GC(3) - age   2:    1251456 bytes,    7586240 total
[2024-02-10T17:03:59.593+0000][6][gc,age      ] GC(3) - age   3:    1980072 bytes,    9566312 total
[2024-02-10T17:03:59.593+0000][6][gc,phases   ] GC(3)   Pre Evacuate Collection Set: 0.1ms
[2024-02-10T17:03:59.593+0000][6][gc,phases   ] GC(3)   Merge Heap Roots: 0.1ms
[2024-02-10T17:03:59.593+0000][6][gc,phases   ] GC(3)   Evacuate Collection Set: 2.7ms
[2024-02-10T17:03:59.593+0000][6][gc,phases   ] GC(3)   Post Evacuate Collection Set: 0.4ms
[2024-02-10T17:03:59.593+0000][6][gc,phases   ] GC(3)   Other: 0.2ms
[2024-02-10T17:03:59.593+0000][6][gc,heap     ] GC(3) Eden regions: 64->0(73)
[2024-02-10T17:03:59.593+0000][6][gc,heap     ] GC(3) Survivor regions: 1->3(9)
[2024-02-10T17:03:59.593+0000][6][gc,heap     ] GC(3) Old regions: 2->2
[2024-02-10T17:03:59.593+0000][6][gc,heap     ] GC(3) Archive regions: 2->2
[2024-02-10T17:03:59.593+0000][6][gc,heap     ] GC(3) Humongous regions: 0->0
[2024-02-10T17:03:59.593+0000][6][gc,metaspace] GC(3) Metaspace: 18451K(19328K)->18451K(19328K) NonClass: 16274K(16896K)->16274K(16896K) Class: 2176K(2432K)->2176K(2432K)
[2024-02-10T17:03:59.593+0000][6][gc          ] GC(3) Pause Young (Normal) (G1 Evacuation Pause) 267M->17M(512M) 3.566ms
[2024-02-10T17:03:59.593+0000][6][gc,cpu      ] GC(3) User=0.03s Sys=0.00s Real=0.00s
[2024-02-10T17:03:59.593+0000][6][safepoint   ] Safepoint "G1CollectForAllocation", Time since last: 165961622 ns, Reaching safepoint: 102805 ns, At safepoint: 3629291 ns, Total: 3732096 ns
[2024-02-10T17:03:59.882+0000][6][gc,start    ] GC(4) Pause Young (Normal) (G1 Evacuation Pause)
[2024-02-10T17:03:59.882+0000][6][gc,task     ] GC(4) Using 12 workers of 13 for evacuation
[2024-02-10T17:03:59.882+0000][6][gc,age      ] GC(4) Desired survivor size 20971520 bytes, new threshold 15 (max threshold 15)
[2024-02-10T17:03:59.885+0000][6][gc,age      ] GC(4) Age table with threshold 15 (max threshold 15)
[2024-02-10T17:03:59.885+0000][6][gc,age      ] GC(4) - age   1:    2599544 bytes,    2599544 total
[2024-02-10T17:03:59.885+0000][6][gc,age      ] GC(4) - age   2:    4375744 bytes,    6975288 total
[2024-02-10T17:03:59.885+0000][6][gc,age      ] GC(4) - age   3:    1251456 bytes,    8226744 total
[2024-02-10T17:03:59.885+0000][6][gc,age      ] GC(4) - age   4:    1980072 bytes,   10206816 total
[2024-02-10T17:03:59.885+0000][6][gc,phases   ] GC(4)   Pre Evacuate Collection Set: 0.1ms
[2024-02-10T17:03:59.885+0000][6][gc,phases   ] GC(4)   Merge Heap Roots: 0.1ms
[2024-02-10T17:03:59.885+0000][6][gc,phases   ] GC(4)   Evacuate Collection Set: 2.7ms
[2024-02-10T17:03:59.885+0000][6][gc,phases   ] GC(4)   Post Evacuate Collection Set: 0.4ms
[2024-02-10T17:03:59.885+0000][6][gc,phases   ] GC(4)   Other: 0.2ms
[2024-02-10T17:03:59.885+0000][6][gc,heap     ] GC(4) Eden regions: 73->0(73)
[2024-02-10T17:03:59.885+0000][6][gc,heap     ] GC(4) Survivor regions: 3->3(10)
[2024-02-10T17:03:59.885+0000][6][gc,heap     ] GC(4) Old regions: 2->2
[2024-02-10T17:03:59.885+0000][6][gc,heap     ] GC(4) Archive regions: 2->2
[2024-02-10T17:03:59.885+0000][6][gc,heap     ] GC(4) Humongous regions: 0->0
[2024-02-10T17:03:59.885+0000][6][gc,metaspace] GC(4) Metaspace: 19147K(20224K)->19147K(20224K) NonClass: 16875K(17664K)->16875K(17664K) Class: 2272K(2560K)->2272K(2560K)
[2024-02-10T17:03:59.885+0000][6][gc          ] GC(4) Pause Young (Normal) (G1 Evacuation Pause) 309M->18M(512M) 3.578ms
[2024-02-10T17:03:59.885+0000][6][gc,cpu      ] GC(4) User=0.02s Sys=0.00s Real=0.00s
[2024-02-10T17:03:59.885+0000][6][safepoint   ] Safepoint "G1CollectForAllocation", Time since last: 288738594 ns, Reaching safepoint: 80902 ns, At safepoint: 3641744 ns, Total: 3722646 ns
[2024-02-10T17:04:00.110+0000][6][gc,start    ] GC(5) Pause Young (Normal) (G1 Evacuation Pause)
[2024-02-10T17:04:00.110+0000][6][gc,task     ] GC(5) Using 12 workers of 13 for evacuation
[2024-02-10T17:04:00.110+0000][6][gc,age      ] GC(5) Desired survivor size 20971520 bytes, new threshold 15 (max threshold 15)
[2024-02-10T17:04:00.113+0000][6][gc,age      ] GC(5) Age table with threshold 15 (max threshold 15)
[2024-02-10T17:04:00.113+0000][6][gc,age      ] GC(5) - age   1:    1825280 bytes,    1825280 total
[2024-02-10T17:04:00.113+0000][6][gc,age      ] GC(5) - age   2:    1809728 bytes,    3635008 total
[2024-02-10T17:04:00.113+0000][6][gc,age      ] GC(5) - age   3:    4371728 bytes,    8006736 total
[2024-02-10T17:04:00.113+0000][6][gc,age      ] GC(5) - age   4:    1251456 bytes,    9258192 total
[2024-02-10T17:04:00.113+0000][6][gc,age      ] GC(5) - age   5:    1980072 bytes,   11238264 total
[2024-02-10T17:04:00.113+0000][6][gc,phases   ] GC(5)   Pre Evacuate Collection Set: 0.1ms
[2024-02-10T17:04:00.113+0000][6][gc,phases   ] GC(5)   Merge Heap Roots: 0.1ms
[2024-02-10T17:04:00.113+0000][6][gc,phases   ] GC(5)   Evacuate Collection Set: 2.4ms
[2024-02-10T17:04:00.113+0000][6][gc,phases   ] GC(5)   Post Evacuate Collection Set: 0.4ms
[2024-02-10T17:04:00.113+0000][6][gc,phases   ] GC(5)   Other: 0.2ms
[2024-02-10T17:04:00.113+0000][6][gc,heap     ] GC(5) Eden regions: 73->0(73)
[2024-02-10T17:04:00.113+0000][6][gc,heap     ] GC(5) Survivor regions: 3->3(10)
[2024-02-10T17:04:00.113+0000][6][gc,heap     ] GC(5) Old regions: 2->2
[2024-02-10T17:04:00.113+0000][6][gc,heap     ] GC(5) Archive regions: 2->2
[2024-02-10T17:04:00.113+0000][6][gc,heap     ] GC(5) Humongous regions: 0->0
[2024-02-10T17:04:00.113+0000][6][gc,metaspace] GC(5) Metaspace: 19499K(20480K)->19499K(20480K) NonClass: 17170K(17920K)->17170K(17920K) Class: 2329K(2560K)->2329K(2560K)
[2024-02-10T17:04:00.113+0000][6][gc          ] GC(5) Pause Young (Normal) (G1 Evacuation Pause) 310M->19M(512M) 3.310ms
[2024-02-10T17:04:00.113+0000][6][gc,cpu      ] GC(5) User=0.02s Sys=0.00s Real=0.00s
[2024-02-10T17:04:00.113+0000][6][safepoint   ] Safepoint "G1CollectForAllocation", Time since last: 224455949 ns, Reaching safepoint: 60212 ns, At safepoint: 3369871 ns, Total: 3430083 ns
[2024-02-10T17:04:00.328+0000][6][gc,start    ] GC(6) Pause Young (Normal) (G1 Evacuation Pause)
[2024-02-10T17:04:00.328+0000][6][gc,task     ] GC(6) Using 12 workers of 13 for evacuation
[2024-02-10T17:04:00.328+0000][6][gc,age      ] GC(6) Desired survivor size 20971520 bytes, new threshold 15 (max threshold 15)
[2024-02-10T17:04:00.332+0000][6][gc,age      ] GC(6) Age table with threshold 15 (max threshold 15)
[2024-02-10T17:04:00.332+0000][6][gc,age      ] GC(6) - age   1:    1638640 bytes,    1638640 total
[2024-02-10T17:04:00.332+0000][6][gc,age      ] GC(6) - age   2:    1474432 bytes,    3113072 total
[2024-02-10T17:04:00.332+0000][6][gc,age      ] GC(6) - age   3:    1809056 bytes,    4922128 total
[2024-02-10T17:04:00.332+0000][6][gc,age      ] GC(6) - age   4:    4371312 bytes,    9293440 total
[2024-02-10T17:04:00.332+0000][6][gc,age      ] GC(6) - age   5:    1251456 bytes,   10544896 total
[2024-02-10T17:04:00.332+0000][6][gc,age      ] GC(6) - age   6:    1980072 bytes,   12524968 total
[2024-02-10T17:04:00.332+0000][6][gc,phases   ] GC(6)   Pre Evacuate Collection Set: 0.1ms
[2024-02-10T17:04:00.332+0000][6][gc,phases   ] GC(6)   Merge Heap Roots: 0.1ms
[2024-02-10T17:04:00.332+0000][6][gc,phases   ] GC(6)   Evacuate Collection Set: 3.3ms
[2024-02-10T17:04:00.332+0000][6][gc,phases   ] GC(6)   Post Evacuate Collection Set: 0.4ms
[2024-02-10T17:04:00.332+0000][6][gc,phases   ] GC(6)   Other: 0.2ms
[2024-02-10T17:04:00.332+0000][6][gc,heap     ] GC(6) Eden regions: 73->0(72)
[2024-02-10T17:04:00.332+0000][6][gc,heap     ] GC(6) Survivor regions: 3->4(10)
[2024-02-10T17:04:00.332+0000][6][gc,heap     ] GC(6) Old regions: 2->2
[2024-02-10T17:04:00.332+0000][6][gc,heap     ] GC(6) Archive regions: 2->2
[2024-02-10T17:04:00.332+0000][6][gc,heap     ] GC(6) Humongous regions: 0->0
[2024-02-10T17:04:00.332+0000][6][gc,metaspace] GC(6) Metaspace: 19739K(20864K)->19739K(20864K) NonClass: 17363K(18176K)->17363K(18176K) Class: 2375K(2688K)->2375K(2688K)
[2024-02-10T17:04:00.332+0000][6][gc          ] GC(6) Pause Young (Normal) (G1 Evacuation Pause) 311M->20M(512M) 4.158ms
[2024-02-10T17:04:00.332+0000][6][gc,cpu      ] GC(6) User=0.02s Sys=0.00s Real=0.00s
[2024-02-10T17:04:00.332+0000][6][safepoint   ] Safepoint "G1CollectForAllocation", Time since last: 214171987 ns, Reaching safepoint: 57614 ns, At safepoint: 4218120 ns, Total: 4275734 ns
[2024-02-10T17:04:00.468+0000][6][gc,start    ] GC(7) Pause Young (Concurrent Start) (Metadata GC Threshold)
[2024-02-10T17:04:00.468+0000][6][gc,task     ] GC(7) Using 12 workers of 13 for evacuation
[2024-02-10T17:04:00.468+0000][6][gc,age      ] GC(7) Desired survivor size 20971520 bytes, new threshold 15 (max threshold 15)
[2024-02-10T17:04:00.472+0000][6][gc,age      ] GC(7) Age table with threshold 15 (max threshold 15)
[2024-02-10T17:04:00.472+0000][6][gc,age      ] GC(7) - age   1:    1665520 bytes,    1665520 total
[2024-02-10T17:04:00.472+0000][6][gc,age      ] GC(7) - age   2:     617896 bytes,    2283416 total
[2024-02-10T17:04:00.472+0000][6][gc,age      ] GC(7) - age   3:    1474368 bytes,    3757784 total
[2024-02-10T17:04:00.472+0000][6][gc,age      ] GC(7) - age   4:    1807952 bytes,    5565736 total
[2024-02-10T17:04:00.472+0000][6][gc,age      ] GC(7) - age   5:    4370888 bytes,    9936624 total
[2024-02-10T17:04:00.472+0000][6][gc,age      ] GC(7) - age   6:    1251280 bytes,   11187904 total
[2024-02-10T17:04:00.472+0000][6][gc,age      ] GC(7) - age   7:    1980072 bytes,   13167976 total
[2024-02-10T17:04:00.472+0000][6][gc,phases   ] GC(7)   Pre Evacuate Collection Set: 0.1ms
[2024-02-10T17:04:00.472+0000][6][gc,phases   ] GC(7)   Merge Heap Roots: 0.0ms
[2024-02-10T17:04:00.472+0000][6][gc,phases   ] GC(7)   Evacuate Collection Set: 3.4ms
[2024-02-10T17:04:00.472+0000][6][gc,phases   ] GC(7)   Post Evacuate Collection Set: 0.4ms
[2024-02-10T17:04:00.472+0000][6][gc,phases   ] GC(7)   Other: 0.3ms
[2024-02-10T17:04:00.472+0000][6][gc,heap     ] GC(7) Eden regions: 43->0(72)
[2024-02-10T17:04:00.472+0000][6][gc,heap     ] GC(7) Survivor regions: 4->4(10)
[2024-02-10T17:04:00.472+0000][6][gc,heap     ] GC(7) Old regions: 2->2
[2024-02-10T17:04:00.472+0000][6][gc,heap     ] GC(7) Archive regions: 2->2
[2024-02-10T17:04:00.472+0000][6][gc,heap     ] GC(7) Humongous regions: 0->0
[2024-02-10T17:04:00.472+0000][6][gc,metaspace] GC(7) Metaspace: 20037K(21296K)->20037K(21296K) NonClass: 17612K(18608K)->17612K(18608K) Class: 2424K(2688K)->2424K(2688K)
[2024-02-10T17:04:00.472+0000][6][gc          ] GC(7) Pause Young (Concurrent Start) (Metadata GC Threshold) 192M->21M(512M) 4.306ms
[2024-02-10T17:04:00.472+0000][6][gc,cpu      ] GC(7) User=0.03s Sys=0.01s Real=0.00s
[2024-02-10T17:04:00.472+0000][6][safepoint   ] Safepoint "CollectForMetadataAllocation", Time since last: 135825559 ns, Reaching safepoint: 50530 ns, At safepoint: 4487508 ns, Total: 4538038 ns
[2024-02-10T17:04:00.472+0000][6][gc          ] GC(8) Concurrent Cycle
[2024-02-10T17:04:00.472+0000][6][gc,marking  ] GC(8) Concurrent Clear Claimed Marks
[2024-02-10T17:04:00.472+0000][6][gc,marking  ] GC(8) Concurrent Clear Claimed Marks 0.024ms
[2024-02-10T17:04:00.472+0000][6][gc,marking  ] GC(8) Concurrent Scan Root Regions
[2024-02-10T17:04:00.474+0000][6][gc,marking  ] GC(8) Concurrent Scan Root Regions 2.170ms
[2024-02-10T17:04:00.474+0000][6][gc,marking  ] GC(8) Concurrent Mark (2.899s)
[2024-02-10T17:04:00.474+0000][6][gc,marking  ] GC(8) Concurrent Mark From Roots
[2024-02-10T17:04:00.474+0000][6][gc,task     ] GC(8) Using 3 workers of 3 for marking
[2024-02-10T17:04:00.478+0000][6][gc,marking  ] GC(8) Concurrent Mark From Roots 3.989ms
[2024-02-10T17:04:00.479+0000][6][gc,marking  ] GC(8) Concurrent Preclean
[2024-02-10T17:04:00.479+0000][6][gc,marking  ] GC(8) Concurrent Preclean 0.202ms
[2024-02-10T17:04:00.479+0000][6][gc,marking  ] GC(8) Concurrent Mark (2.899s, 2.903s) 4.260ms
[2024-02-10T17:04:00.479+0000][6][gc,start    ] GC(8) Pause Remark
[2024-02-10T17:04:00.480+0000][6][gc          ] GC(8) Pause Remark 31M->31M(512M) 1.162ms
[2024-02-10T17:04:00.480+0000][6][gc,cpu      ] GC(8) User=0.01s Sys=0.00s Real=0.00s
[2024-02-10T17:04:00.480+0000][6][safepoint   ] Safepoint "G1Concurrent", Time since last: 6749277 ns, Reaching safepoint: 108091 ns, At safepoint: 1232493 ns, Total: 1340584 ns
[2024-02-10T17:04:00.480+0000][6][gc,marking  ] GC(8) Concurrent Rebuild Remembered Sets
[2024-02-10T17:04:00.482+0000][6][gc,marking  ] GC(8) Concurrent Rebuild Remembered Sets 1.954ms
[2024-02-10T17:04:00.483+0000][6][gc,start    ] GC(8) Pause Cleanup
[2024-02-10T17:04:00.483+0000][6][gc          ] GC(8) Pause Cleanup 35M->35M(512M) 0.101ms
[2024-02-10T17:04:00.483+0000][6][gc,cpu      ] GC(8) User=0.00s Sys=0.00s Real=0.00s
[2024-02-10T17:04:00.483+0000][6][safepoint   ] Safepoint "G1Concurrent", Time since last: 2140762 ns, Reaching safepoint: 364729 ns, At safepoint: 173270 ns, Total: 537999 ns
[2024-02-10T17:04:00.483+0000][6][gc,marking  ] GC(8) Concurrent Cleanup for Next Mark
[2024-02-10T17:04:00.484+0000][6][gc,marking  ] GC(8) Concurrent Cleanup for Next Mark 0.851ms
[2024-02-10T17:04:00.484+0000][6][gc          ] GC(8) Concurrent Cycle 11.761ms
[2024-02-10T17:04:00.667+0000][6][gc,start    ] GC(9) Pause Young (Normal) (G1 Evacuation Pause)
[2024-02-10T17:04:00.667+0000][6][gc,task     ] GC(9) Using 12 workers of 13 for evacuation
[2024-02-10T17:04:00.667+0000][6][gc,age      ] GC(9) Desired survivor size 20971520 bytes, new threshold 15 (max threshold 15)
[2024-02-10T17:04:00.671+0000][6][gc,age      ] GC(9) Age table with threshold 15 (max threshold 15)
[2024-02-10T17:04:00.671+0000][6][gc,age      ] GC(9) - age   1:     912056 bytes,     912056 total
[2024-02-10T17:04:00.671+0000][6][gc,age      ] GC(9) - age   2:    1644648 bytes,    2556704 total
[2024-02-10T17:04:00.671+0000][6][gc,age      ] GC(9) - age   3:     616624 bytes,    3173328 total
[2024-02-10T17:04:00.671+0000][6][gc,age      ] GC(9) - age   4:    1473824 bytes,    4647152 total
[2024-02-10T17:04:00.671+0000][6][gc,age      ] GC(9) - age   5:    1807952 bytes,    6455104 total
[2024-02-10T17:04:00.671+0000][6][gc,age      ] GC(9) - age   6:    4370888 bytes,   10825992 total
[2024-02-10T17:04:00.671+0000][6][gc,age      ] GC(9) - age   7:    1250928 bytes,   12076920 total
[2024-02-10T17:04:00.671+0000][6][gc,age      ] GC(9) - age   8:    1978376 bytes,   14055296 total
[2024-02-10T17:04:00.671+0000][6][gc,phases   ] GC(9)   Pre Evacuate Collection Set: 0.1ms
[2024-02-10T17:04:00.671+0000][6][gc,phases   ] GC(9)   Merge Heap Roots: 0.1ms
[2024-02-10T17:04:00.671+0000][6][gc,phases   ] GC(9)   Evacuate Collection Set: 3.4ms
[2024-02-10T17:04:00.671+0000][6][gc,phases   ] GC(9)   Post Evacuate Collection Set: 0.4ms
[2024-02-10T17:04:00.671+0000][6][gc,phases   ] GC(9)   Other: 0.3ms
[2024-02-10T17:04:00.671+0000][6][gc,heap     ] GC(9) Eden regions: 72->0(72)
[2024-02-10T17:04:00.671+0000][6][gc,heap     ] GC(9) Survivor regions: 4->4(10)
[2024-02-10T17:04:00.671+0000][6][gc,heap     ] GC(9) Old regions: 2->2
[2024-02-10T17:04:00.671+0000][6][gc,heap     ] GC(9) Archive regions: 2->2
[2024-02-10T17:04:00.671+0000][6][gc,heap     ] GC(9) Humongous regions: 0->0
[2024-02-10T17:04:00.671+0000][6][gc,metaspace] GC(9) Metaspace: 20137K(21552K)->20137K(21552K) NonClass: 17691K(18864K)->17691K(18864K) Class: 2445K(2688K)->2445K(2688K)
[2024-02-10T17:04:00.671+0000][6][gc          ] GC(9) Pause Young (Normal) (G1 Evacuation Pause) 309M->22M(512M) 4.365ms
[2024-02-10T17:04:00.671+0000][6][gc,cpu      ] GC(9) User=0.02s Sys=0.00s Real=0.00s
[2024-02-10T17:04:00.671+0000][6][safepoint   ] Safepoint "G1CollectForAllocation", Time since last: 183770742 ns, Reaching safepoint: 39353 ns, At safepoint: 4426299 ns, Total: 4465652 ns
[2024-02-10T17:04:01.171+0000][6][safepoint   ] Safepoint "ICBufferFull", Time since last: 499184246 ns, Reaching safepoint: 151560 ns, At safepoint: 4114 ns, Total: 155674 ns
[2024-02-10T17:04:01.335+0000][6][safepoint   ] Safepoint "ICBufferFull", Time since last: 164567176 ns, Reaching safepoint: 191982 ns, At safepoint: 7390 ns, Total: 199372 ns
[2024-02-10T17:04:01.872+0000][6][safepoint   ] Safepoint "ICBufferFull", Time since last: 536975613 ns, Reaching safepoint: 145071 ns, At safepoint: 7945 ns, Total: 153016 ns
[2024-02-10T17:04:02.065+0000][6][gc,start    ] GC(10) Pause Young (Normal) (G1 Evacuation Pause)
[2024-02-10T17:04:02.065+0000][6][gc,task     ] GC(10) Using 12 workers of 13 for evacuation
[2024-02-10T17:04:02.065+0000][6][gc,age      ] GC(10) Desired survivor size 20971520 bytes, new threshold 15 (max threshold 15)
[2024-02-10T17:04:02.077+0000][6][gc,age      ] GC(10) Age table with threshold 15 (max threshold 15)
[2024-02-10T17:04:02.077+0000][6][gc,age      ] GC(10) - age   1:   21004560 bytes,   21004560 total
[2024-02-10T17:04:02.077+0000][6][gc,age      ] GC(10) - age   2:     638288 bytes,   21642848 total
[2024-02-10T17:04:02.077+0000][6][gc,age      ] GC(10) - age   3:    1634416 bytes,   23277264 total
[2024-02-10T17:04:02.077+0000][6][gc,age      ] GC(10) - age   4:     607856 bytes,   23885120 total
[2024-02-10T17:04:02.077+0000][6][gc,age      ] GC(10) - age   5:    1455536 bytes,   25340656 total
[2024-02-10T17:04:02.077+0000][6][gc,age      ] GC(10) - age   6:    1793888 bytes,   27134544 total
[2024-02-10T17:04:02.077+0000][6][gc,age      ] GC(10) - age   7:    4330824 bytes,   31465368 total
[2024-02-10T17:04:02.077+0000][6][gc,age      ] GC(10) - age   8:    1199824 bytes,   32665192 total
[2024-02-10T17:04:02.077+0000][6][gc,age      ] GC(10) - age   9:    1970072 bytes,   34635264 total
[2024-02-10T17:04:02.077+0000][6][gc,phases   ] GC(10)   Pre Evacuate Collection Set: 0.1ms
[2024-02-10T17:04:02.077+0000][6][gc,phases   ] GC(10)   Merge Heap Roots: 0.0ms
[2024-02-10T17:04:02.077+0000][6][gc,phases   ] GC(10)   Evacuate Collection Set: 11.1ms
[2024-02-10T17:04:02.077+0000][6][gc,phases   ] GC(10)   Post Evacuate Collection Set: 0.9ms
[2024-02-10T17:04:02.077+0000][6][gc,phases   ] GC(10)   Other: 0.3ms
[2024-02-10T17:04:02.077+0000][6][gc,heap     ] GC(10) Eden regions: 72->0(67)
[2024-02-10T17:04:02.077+0000][6][gc,heap     ] GC(10) Survivor regions: 4->9(10)
[2024-02-10T17:04:02.077+0000][6][gc,heap     ] GC(10) Old regions: 2->2
[2024-02-10T17:04:02.077+0000][6][gc,heap     ] GC(10) Archive regions: 2->2
[2024-02-10T17:04:02.077+0000][6][gc,heap     ] GC(10) Humongous regions: 0->0
[2024-02-10T17:04:02.077+0000][6][gc,metaspace] GC(10) Metaspace: 29989K(31920K)->29989K(31920K) NonClass: 26259K(27568K)->26259K(27568K) Class: 3730K(4352K)->3730K(4352K)
[2024-02-10T17:04:02.077+0000][6][gc          ] GC(10) Pause Young (Normal) (G1 Evacuation Pause) 310M->41M(512M) 12.494ms
[2024-02-10T17:04:02.077+0000][6][gc,cpu      ] GC(10) User=0.10s Sys=0.00s Real=0.02s
[2024-02-10T17:04:02.077+0000][6][safepoint   ] Safepoint "G1CollectForAllocation", Time since last: 192242794 ns, Reaching safepoint: 60919 ns, At safepoint: 12561918 ns, Total: 12622837 ns
[2024-02-10T17:04:02.635+0000][6][safepoint   ] Safepoint "ICBufferFull", Time since last: 557356897 ns, Reaching safepoint: 147520 ns, At safepoint: 7177 ns, Total: 154697 ns
[2024-02-10T17:04:02.706+0000][6][gc,start    ] GC(11) Pause Young (Concurrent Start) (Metadata GC Threshold)
[2024-02-10T17:04:02.706+0000][6][gc,task     ] GC(11) Using 12 workers of 13 for evacuation
[2024-02-10T17:04:02.706+0000][6][gc,age      ] GC(11) Desired survivor size 20971520 bytes, new threshold 1 (max threshold 15)
[2024-02-10T17:04:02.724+0000][6][gc,age      ] GC(11) Age table with threshold 1 (max threshold 15)
[2024-02-10T17:04:02.724+0000][6][gc,age      ] GC(11) - age   1:   17887632 bytes,   17887632 total
[2024-02-10T17:04:02.724+0000][6][gc,phases   ] GC(11)   Pre Evacuate Collection Set: 0.1ms
[2024-02-10T17:04:02.724+0000][6][gc,phases   ] GC(11)   Merge Heap Roots: 0.0ms
[2024-02-10T17:04:02.724+0000][6][gc,phases   ] GC(11)   Evacuate Collection Set: 17.2ms
[2024-02-10T17:04:02.724+0000][6][gc,phases   ] GC(11)   Post Evacuate Collection Set: 0.5ms
[2024-02-10T17:04:02.724+0000][6][gc,phases   ] GC(11)   Other: 0.3ms
[2024-02-10T17:04:02.724+0000][6][gc,heap     ] GC(11) Eden regions: 33->0(71)
[2024-02-10T17:04:02.724+0000][6][gc,heap     ] GC(11) Survivor regions: 9->5(10)
[2024-02-10T17:04:02.724+0000][6][gc,heap     ] GC(11) Old regions: 2->10
[2024-02-10T17:04:02.724+0000][6][gc,heap     ] GC(11) Archive regions: 2->2
[2024-02-10T17:04:02.724+0000][6][gc,heap     ] GC(11) Humongous regions: 0->0
[2024-02-10T17:04:02.724+0000][6][gc,metaspace] GC(11) Metaspace: 33761K(35888K)->33761K(35888K) NonClass: 29406K(30896K)->29406K(30896K) Class: 4354K(4992K)->4354K(4992K)
[2024-02-10T17:04:02.724+0000][6][gc          ] GC(11) Pause Young (Concurrent Start) (Metadata GC Threshold) 171M->60M(512M) 18.166ms
[2024-02-10T17:04:02.724+0000][6][gc,cpu      ] GC(11) User=0.15s Sys=0.00s Real=0.02s
[2024-02-10T17:04:02.725+0000][6][gc          ] GC(12) Concurrent Cycle
[2024-02-10T17:04:02.725+0000][6][gc,marking  ] GC(12) Concurrent Clear Claimed Marks
[2024-02-10T17:04:02.725+0000][6][gc,marking  ] GC(12) Concurrent Clear Claimed Marks 0.065ms
[2024-02-10T17:04:02.725+0000][6][gc,marking  ] GC(12) Concurrent Scan Root Regions
[2024-02-10T17:04:02.725+0000][6][safepoint   ] Safepoint "CollectForMetadataAllocation", Time since last: 71323012 ns, Reaching safepoint: 58409 ns, At safepoint: 18386840 ns, Total: 18445249 ns
[2024-02-10T17:04:02.737+0000][6][gc,marking  ] GC(12) Concurrent Scan Root Regions 12.123ms
[2024-02-10T17:04:02.737+0000][6][gc,marking  ] GC(12) Concurrent Mark (5.161s)
[2024-02-10T17:04:02.737+0000][6][gc,marking  ] GC(12) Concurrent Mark From Roots
[2024-02-10T17:04:02.737+0000][6][gc,task     ] GC(12) Using 3 workers of 3 for marking
[2024-02-10T17:04:02.738+0000][6][safepoint   ] Safepoint "CollectForMetadataAllocation", Time since last: 13314671 ns, Reaching safepoint: 113377 ns, At safepoint: 133828 ns, Total: 247205 ns
[2024-02-10T17:04:02.741+0000][6][gc,marking  ] GC(12) Concurrent Mark From Roots 3.614ms
[2024-02-10T17:04:02.741+0000][6][gc,marking  ] GC(12) Concurrent Preclean
[2024-02-10T17:04:02.741+0000][6][gc,marking  ] GC(12) Concurrent Preclean 0.180ms
[2024-02-10T17:04:02.741+0000][6][gc,marking  ] GC(12) Concurrent Mark (5.161s, 5.165s) 3.863ms
[2024-02-10T17:04:02.741+0000][6][gc,start    ] GC(12) Pause Remark
[2024-02-10T17:04:02.743+0000][6][gc          ] GC(12) Pause Remark 62M->62M(512M) 1.673ms
[2024-02-10T17:04:02.743+0000][6][gc,cpu      ] GC(12) User=0.01s Sys=0.00s Real=0.00s
[2024-02-10T17:04:02.743+0000][6][safepoint   ] Safepoint "G1Concurrent", Time since last: 3163002 ns, Reaching safepoint: 107732 ns, At safepoint: 1743756 ns, Total: 1851488 ns
[2024-02-10T17:04:02.743+0000][6][gc,marking  ] GC(12) Concurrent Rebuild Remembered Sets
[2024-02-10T17:04:02.755+0000][6][gc,marking  ] GC(12) Concurrent Rebuild Remembered Sets 11.438ms
[2024-02-10T17:04:02.755+0000][6][gc,start    ] GC(12) Pause Cleanup
[2024-02-10T17:04:02.755+0000][6][gc          ] GC(12) Pause Cleanup 64M->64M(512M) 0.115ms
[2024-02-10T17:04:02.755+0000][6][gc,cpu      ] GC(12) User=0.00s Sys=0.00s Real=0.00s
[2024-02-10T17:04:02.755+0000][6][safepoint   ] Safepoint "G1Concurrent", Time since last: 11523861 ns, Reaching safepoint: 319312 ns, At safepoint: 162243 ns, Total: 481555 ns
[2024-02-10T17:04:02.755+0000][6][gc,marking  ] GC(12) Concurrent Cleanup for Next Mark
[2024-02-10T17:04:02.756+0000][6][gc,marking  ] GC(12) Concurrent Cleanup for Next Mark 0.591ms
[2024-02-10T17:04:02.756+0000][6][gc          ] GC(12) Concurrent Cycle 31.248ms
[2024-02-10T17:04:03.293+0000][6][safepoint   ] Safepoint "ICBufferFull", Time since last: 537795261 ns, Reaching safepoint: 126763 ns, At safepoint: 6982 ns, Total: 133745 ns
[2024-02-10T17:04:03.892+0000][6][safepoint   ] Safepoint "ICBufferFull", Time since last: 598982867 ns, Reaching safepoint: 138039 ns, At safepoint: 7668 ns, Total: 145707 ns
[2024-02-10T17:04:03.977+0000][6][gc,start    ] GC(13) Pause Young (Concurrent Start) (G1 Evacuation Pause)
[2024-02-10T17:04:03.977+0000][6][gc,task     ] GC(13) Using 12 workers of 13 for evacuation
[2024-02-10T17:04:03.977+0000][6][gc,age      ] GC(13) Desired survivor size 20971520 bytes, new threshold 15 (max threshold 15)
[2024-02-10T17:04:03.987+0000][6][gc,age      ] GC(13) Age table with threshold 15 (max threshold 15)
[2024-02-10T17:04:03.987+0000][6][gc,age      ] GC(13) - age   1:    6506512 bytes,    6506512 total
[2024-02-10T17:04:03.988+0000][6][gc,age      ] GC(13) - age   2:   17794320 bytes,   24300832 total
[2024-02-10T17:04:03.988+0000][6][gc,phases   ] GC(13)   Pre Evacuate Collection Set: 0.1ms
[2024-02-10T17:04:03.988+0000][6][gc,phases   ] GC(13)   Merge Heap Roots: 0.1ms
[2024-02-10T17:04:03.988+0000][6][gc,phases   ] GC(13)   Evacuate Collection Set: 9.4ms
[2024-02-10T17:04:03.988+0000][6][gc,phases   ] GC(13)   Post Evacuate Collection Set: 0.7ms
[2024-02-10T17:04:03.988+0000][6][gc,phases   ] GC(13)   Other: 0.3ms
[2024-02-10T17:04:03.988+0000][6][gc,heap     ] GC(13) Eden regions: 71->0(69)
[2024-02-10T17:04:03.988+0000][6][gc,heap     ] GC(13) Survivor regions: 5->7(10)
[2024-02-10T17:04:03.988+0000][6][gc,heap     ] GC(13) Old regions: 10->10
[2024-02-10T17:04:03.988+0000][6][gc,heap     ] GC(13) Archive regions: 2->2
[2024-02-10T17:04:03.988+0000][6][gc,heap     ] GC(13) Humongous regions: 0->0
[2024-02-10T17:04:03.988+0000][6][gc,metaspace] GC(13) Metaspace: 51864K(54832K)->51864K(54832K) NonClass: 44943K(47024K)->44943K(47024K) Class: 6920K(7808K)->6920K(7808K)
[2024-02-10T17:04:03.988+0000][6][gc          ] GC(13) Pause Young (Concurrent Start) (G1 Evacuation Pause) 344M->65M(512M) 10.786ms
[2024-02-10T17:04:03.988+0000][6][gc,cpu      ] GC(13) User=0.10s Sys=0.00s Real=0.01s
[2024-02-10T17:04:03.988+0000][6][safepoint   ] Safepoint "G1CollectForAllocation", Time since last: 84508214 ns, Reaching safepoint: 145513 ns, At safepoint: 10870929 ns, Total: 11016442 ns
[2024-02-10T17:04:03.988+0000][6][gc          ] GC(14) Concurrent Cycle
[2024-02-10T17:04:03.988+0000][6][gc,marking  ] GC(14) Concurrent Clear Claimed Marks
[2024-02-10T17:04:03.988+0000][6][gc,marking  ] GC(14) Concurrent Clear Claimed Marks 0.066ms
[2024-02-10T17:04:03.988+0000][6][gc,marking  ] GC(14) Concurrent Scan Root Regions
[2024-02-10T17:04:03.999+0000][6][gc,marking  ] GC(14) Concurrent Scan Root Regions 10.500ms
[2024-02-10T17:04:03.999+0000][6][gc,marking  ] GC(14) Concurrent Mark (6.423s)
[2024-02-10T17:04:03.999+0000][6][gc,marking  ] GC(14) Concurrent Mark From Roots
[2024-02-10T17:04:03.999+0000][6][gc,task     ] GC(14) Using 3 workers of 3 for marking
[2024-02-10T17:04:04.028+0000][6][gc,marking  ] GC(14) Concurrent Mark From Roots 29.565ms
[2024-02-10T17:04:04.028+0000][6][gc,marking  ] GC(14) Concurrent Preclean
[2024-02-10T17:04:04.029+0000][6][gc,marking  ] GC(14) Concurrent Preclean 0.370ms
[2024-02-10T17:04:04.029+0000][6][gc,marking  ] GC(14) Concurrent Mark (6.423s, 6.453s) 30.055ms
[2024-02-10T17:04:04.029+0000][6][gc,start    ] GC(14) Pause Remark
[2024-02-10T17:04:04.031+0000][6][gc          ] GC(14) Pause Remark 73M->73M(512M) 2.314ms
[2024-02-10T17:04:04.031+0000][6][gc,cpu      ] GC(14) User=0.03s Sys=0.00s Real=0.00s
[2024-02-10T17:04:04.031+0000][6][safepoint   ] Safepoint "G1Concurrent", Time since last: 41063918 ns, Reaching safepoint: 90866 ns, At safepoint: 2404286 ns, Total: 2495152 ns
[2024-02-10T17:04:04.031+0000][6][gc,marking  ] GC(14) Concurrent Rebuild Remembered Sets
[2024-02-10T17:04:04.048+0000][6][gc,marking  ] GC(14) Concurrent Rebuild Remembered Sets 17.150ms
[2024-02-10T17:04:04.049+0000][6][gc,start    ] GC(14) Pause Cleanup
[2024-02-10T17:04:04.049+0000][6][gc          ] GC(14) Pause Cleanup 73M->73M(512M) 0.140ms
[2024-02-10T17:04:04.049+0000][6][gc,cpu      ] GC(14) User=0.00s Sys=0.00s Real=0.00s
[2024-02-10T17:04:04.049+0000][6][safepoint   ] Safepoint "G1Concurrent", Time since last: 17263611 ns, Reaching safepoint: 591872 ns, At safepoint: 195587 ns, Total: 787459 ns
[2024-02-10T17:04:04.049+0000][6][gc,marking  ] GC(14) Concurrent Cleanup for Next Mark
[2024-02-10T17:04:04.050+0000][6][gc,marking  ] GC(14) Concurrent Cleanup for Next Mark 1.007ms
[2024-02-10T17:04:04.050+0000][6][gc          ] GC(14) Concurrent Cycle 62.547ms
[2024-02-10T17:04:04.584+0000][6][safepoint   ] Safepoint "ICBufferFull", Time since last: 533789475 ns, Reaching safepoint: 860739 ns, At safepoint: 5041 ns, Total: 865780 ns
[2024-02-10T17:04:05.464+0000][6][safepoint   ] Safepoint "ICBufferFull", Time since last: 879913373 ns, Reaching safepoint: 127832 ns, At safepoint: 3888 ns, Total: 131720 ns
[2024-02-10T17:04:05.751+0000][6][safepoint   ] Safepoint "ICBufferFull", Time since last: 286607379 ns, Reaching safepoint: 166889 ns, At safepoint: 3398 ns, Total: 170287 ns
[2024-02-10T17:04:06.045+0000][6][safepoint   ] Safepoint "ICBufferFull", Time since last: 293897565 ns, Reaching safepoint: 207345 ns, At safepoint: 6606 ns, Total: 213951 ns
[2024-02-10T17:04:06.218+0000][6][safepoint   ] Safepoint "ICBufferFull", Time since last: 173382861 ns, Reaching safepoint: 155204 ns, At safepoint: 8657 ns, Total: 163861 ns
[2024-02-10T17:04:06.429+0000][6][gc,start    ] GC(15) Pause Young (Concurrent Start) (Metadata GC Threshold)
[2024-02-10T17:04:06.429+0000][6][gc,task     ] GC(15) Using 12 workers of 13 for evacuation
[2024-02-10T17:04:06.429+0000][6][gc,age      ] GC(15) Desired survivor size 20971520 bytes, new threshold 2 (max threshold 15)
[2024-02-10T17:04:06.441+0000][6][gc,age      ] GC(15) Age table with threshold 2 (max threshold 15)
[2024-02-10T17:04:06.441+0000][6][gc,age      ] GC(15) - age   1:   14020744 bytes,   14020744 total
[2024-02-10T17:04:06.441+0000][6][gc,age      ] GC(15) - age   2:    6156560 bytes,   20177304 total
[2024-02-10T17:04:06.441+0000][6][gc,phases   ] GC(15)   Pre Evacuate Collection Set: 0.1ms
[2024-02-10T17:04:06.441+0000][6][gc,phases   ] GC(15)   Merge Heap Roots: 0.1ms
[2024-02-10T17:04:06.441+0000][6][gc,phases   ] GC(15)   Evacuate Collection Set: 10.4ms
[2024-02-10T17:04:06.441+0000][6][gc,phases   ] GC(15)   Post Evacuate Collection Set: 1.1ms
[2024-02-10T17:04:06.441+0000][6][gc,phases   ] GC(15)   Other: 0.3ms
[2024-02-10T17:04:06.441+0000][6][gc,heap     ] GC(15) Eden regions: 60->0(70)
[2024-02-10T17:04:06.441+0000][6][gc,heap     ] GC(15) Survivor regions: 7->6(10)
[2024-02-10T17:04:06.441+0000][6][gc,heap     ] GC(15) Old regions: 10->14
[2024-02-10T17:04:06.441+0000][6][gc,heap     ] GC(15) Archive regions: 2->2
[2024-02-10T17:04:06.441+0000][6][gc,heap     ] GC(15) Humongous regions: 2->2
[2024-02-10T17:04:06.441+0000][6][gc,metaspace] GC(15) Metaspace: 87782K(91696K)->87782K(91696K) NonClass: 75929K(78768K)->75929K(78768K) Class: 11852K(12928K)->11852K(12928K)
[2024-02-10T17:04:06.441+0000][6][gc          ] GC(15) Pause Young (Concurrent Start) (Metadata GC Threshold) 310M->88M(512M) 12.014ms
[2024-02-10T17:04:06.441+0000][6][gc,cpu      ] GC(15) User=0.13s Sys=0.00s Real=0.01s
[2024-02-10T17:04:06.441+0000][6][gc          ] GC(16) Concurrent Cycle
[2024-02-10T17:04:06.441+0000][6][gc,marking  ] GC(16) Concurrent Clear Claimed Marks
[2024-02-10T17:04:06.441+0000][6][gc,marking  ] GC(16) Concurrent Clear Claimed Marks 0.077ms
[2024-02-10T17:04:06.441+0000][6][gc,marking  ] GC(16) Concurrent Scan Root Regions
[2024-02-10T17:04:06.442+0000][6][safepoint   ] Safepoint "CollectForMetadataAllocation", Time since last: 210685198 ns, Reaching safepoint: 113627 ns, At safepoint: 12231291 ns, Total: 12344918 ns
[2024-02-10T17:04:06.453+0000][6][gc,marking  ] GC(16) Concurrent Scan Root Regions 11.498ms
[2024-02-10T17:04:06.453+0000][6][gc,marking  ] GC(16) Concurrent Mark (8.877s)
[2024-02-10T17:04:06.453+0000][6][gc,marking  ] GC(16) Concurrent Mark From Roots
[2024-02-10T17:04:06.453+0000][6][gc,task     ] GC(16) Using 3 workers of 3 for marking
[2024-02-10T17:04:06.458+0000][6][safepoint   ] Safepoint "CollectForMetadataAllocation", Time since last: 16725185 ns, Reaching safepoint: 94822 ns, At safepoint: 130964 ns, Total: 225786 ns
[2024-02-10T17:04:06.471+0000][6][gc,marking  ] GC(16) Concurrent Mark From Roots 18.059ms
[2024-02-10T17:04:06.471+0000][6][gc,marking  ] GC(16) Concurrent Preclean
[2024-02-10T17:04:06.471+0000][6][gc,marking  ] GC(16) Concurrent Preclean 0.286ms
[2024-02-10T17:04:06.471+0000][6][gc,marking  ] GC(16) Concurrent Mark (8.877s, 8.896s) 18.432ms
[2024-02-10T17:04:06.472+0000][6][gc,start    ] GC(16) Pause Remark
[2024-02-10T17:04:06.473+0000][6][gc          ] GC(16) Pause Remark 92M->92M(512M) 1.619ms
[2024-02-10T17:04:06.473+0000][6][gc,cpu      ] GC(16) User=0.02s Sys=0.00s Real=0.00s
[2024-02-10T17:04:06.473+0000][6][safepoint   ] Safepoint "G1Concurrent", Time since last: 13163760 ns, Reaching safepoint: 54788 ns, At safepoint: 1700695 ns, Total: 1755483 ns
[2024-02-10T17:04:06.473+0000][6][gc,marking  ] GC(16) Concurrent Rebuild Remembered Sets
[2024-02-10T17:04:06.496+0000][6][gc,marking  ] GC(16) Concurrent Rebuild Remembered Sets 23.007ms
[2024-02-10T17:04:06.497+0000][6][gc,start    ] GC(16) Pause Cleanup
[2024-02-10T17:04:06.497+0000][6][gc          ] GC(16) Pause Cleanup 96M->96M(512M) 0.136ms
[2024-02-10T17:04:06.497+0000][6][gc,cpu      ] GC(16) User=0.00s Sys=0.00s Real=0.00s
[2024-02-10T17:04:06.497+0000][6][safepoint   ] Safepoint "G1Concurrent", Time since last: 23105449 ns, Reaching safepoint: 480045 ns, At safepoint: 203172 ns, Total: 683217 ns
[2024-02-10T17:04:06.497+0000][6][gc,marking  ] GC(16) Concurrent Cleanup for Next Mark
[2024-02-10T17:04:06.499+0000][6][gc,marking  ] GC(16) Concurrent Cleanup for Next Mark 1.663ms
[2024-02-10T17:04:06.499+0000][6][gc          ] GC(16) Concurrent Cycle 57.558ms
[2024-02-10T17:04:07.497+0000][6][safepoint   ] Safepoint "Cleanup", Time since last: 1000052923 ns, Reaching safepoint: 110515 ns, At safepoint: 3212 ns, Total: 113727 ns
[2024-02-10T17:04:09.498+0000][6][safepoint   ] Safepoint "Cleanup", Time since last: 2000166507 ns, Reaching safepoint: 59483 ns, At safepoint: 6554 ns, Total: 66037 ns
[2024-02-10T17:04:10.498+0000][6][safepoint   ] Safepoint "Cleanup", Time since last: 1000132051 ns, Reaching safepoint: 60334 ns, At safepoint: 3445 ns, Total: 63779 ns
[2024-02-10T17:04:13.498+0000][6][safepoint   ] Safepoint "Cleanup", Time since last: 3000242419 ns, Reaching safepoint: 50282 ns, At safepoint: 3006 ns, Total: 53288 ns
[2024-02-10T17:04:19.499+0000][6][safepoint   ] Safepoint "Cleanup", Time since last: 6000422670 ns, Reaching safepoint: 63924 ns, At safepoint: 3245 ns, Total: 67169 ns
[2024-02-10T17:04:23.499+0000][6][safepoint   ] Safepoint "Cleanup", Time since last: 4000307294 ns, Reaching safepoint: 56002 ns, At safepoint: 3276 ns, Total: 59278 ns
[2024-02-10T17:04:24.499+0000][6][safepoint   ] Safepoint "Cleanup", Time since last: 1000127397 ns, Reaching safepoint: 61317 ns, At safepoint: 3229 ns, Total: 64546 ns
[2024-02-10T17:04:28.499+0000][6][safepoint   ] Safepoint "Cleanup", Time since last: 4000307193 ns, Reaching safepoint: 49143 ns, At safepoint: 3108 ns, Total: 52251 ns
[2024-02-10T17:04:29.500+0000][6][safepoint   ] Safepoint "Cleanup", Time since last: 1000123892 ns, Reaching safepoint: 57722 ns, At safepoint: 3349 ns, Total: 61071 ns
[2024-02-10T17:04:30.500+0000][6][safepoint   ] Safepoint "Cleanup", Time since last: 1000121489 ns, Reaching safepoint: 52330 ns, At safepoint: 3208 ns, Total: 55538 ns
[2024-02-10T17:04:32.500+0000][6][safepoint   ] Safepoint "Cleanup", Time since last: 2000184399 ns, Reaching safepoint: 74703 ns, At safepoint: 3075 ns, Total: 77778 ns
[2024-02-10T17:04:36.500+0000][6][safepoint   ] Safepoint "Cleanup", Time since last: 4000299588 ns, Reaching safepoint: 66890 ns, At safepoint: 2116 ns, Total: 69006 ns
[2024-02-10T17:04:40.501+0000][6][safepoint   ] Safepoint "Cleanup", Time since last: 4000380940 ns, Reaching safepoint: 55354 ns, At safepoint: 3549 ns, Total: 58903 ns
[2024-02-10T17:04:42.165+0000][6][safepoint   ] Safepoint "Cleanup", Time since last: 1663601428 ns, Reaching safepoint: 67684 ns, At safepoint: 4226 ns, Total: 71910 ns
[2024-02-10T17:04:44.165+0000][6][safepoint   ] Safepoint "Cleanup", Time since last: 2000193938 ns, Reaching safepoint: 59179 ns, At safepoint: 3512 ns, Total: 62691 ns
[2024-02-10T17:04:50.165+0000][6][safepoint   ] Safepoint "Cleanup", Time since last: 6000433373 ns, Reaching safepoint: 64481 ns, At safepoint: 3167 ns, Total: 67648 ns
[2024-02-10T17:04:52.166+0000][6][safepoint   ] Safepoint "Cleanup", Time since last: 2000183973 ns, Reaching safepoint: 73411 ns, At safepoint: 11890 ns, Total: 85301 ns
[2024-02-10T17:04:53.166+0000][6][safepoint   ] Safepoint "Cleanup", Time since last: 1000129519 ns, Reaching safepoint: 62437 ns, At safepoint: 3548 ns, Total: 65985 ns
[2024-02-10T17:04:55.166+0000][6][safepoint   ] Safepoint "Cleanup", Time since last: 2000176531 ns, Reaching safepoint: 61757 ns, At safepoint: 3533 ns, Total: 65290 ns
[2024-02-10T17:05:01.167+0000][6][safepoint   ] Safepoint "Cleanup", Time since last: 6000425458 ns, Reaching safepoint: 76432 ns, At safepoint: 3346 ns, Total: 79778 ns
[2024-02-10T17:05:02.167+0000][6][safepoint   ] Safepoint "Cleanup", Time since last: 1000119638 ns, Reaching safepoint: 59033 ns, At safepoint: 3227 ns, Total: 62260 ns
[2024-02-10T17:05:04.167+0000][6][safepoint   ] Safepoint "Cleanup", Time since last: 2000185428 ns, Reaching safepoint: 61610 ns, At safepoint: 3579 ns, Total: 65189 ns
[2024-02-10T17:05:06.167+0000][6][safepoint   ] Safepoint "Cleanup", Time since last: 2000178400 ns, Reaching safepoint: 62244 ns, At safepoint: 3530 ns, Total: 65774 ns
[2024-02-10T17:05:08.167+0000][6][safepoint   ] Safepoint "Cleanup", Time since last: 2000179092 ns, Reaching safepoint: 58245 ns, At safepoint: 3303 ns, Total: 61548 ns
[2024-02-10T17:05:09.168+0000][6][safepoint   ] Safepoint "Cleanup", Time since last: 1000117629 ns, Reaching safepoint: 67718 ns, At safepoint: 3341 ns, Total: 71059 ns
[2024-02-10T17:05:11.168+0000][6][safepoint   ] Safepoint "Cleanup", Time since last: 2000186812 ns, Reaching safepoint: 62983 ns, At safepoint: 7472 ns, Total: 70455 ns
[2024-02-10T17:05:16.168+0000][6][safepoint   ] Safepoint "Cleanup", Time since last: 5000365070 ns, Reaching safepoint: 65926 ns, At safepoint: 3521 ns, Total: 69447 ns
[2024-02-10T17:05:31.169+0000][6][safepoint   ] Safepoint "Cleanup", Time since last: 15000952684 ns, Reaching safepoint: 69951 ns, At safepoint: 5046 ns, Total: 74997 ns
[2024-02-10T17:05:36.170+0000][6][safepoint   ] Safepoint "Cleanup", Time since last: 5000354425 ns, Reaching safepoint: 81055 ns, At safepoint: 4399 ns, Total: 85454 ns
[2024-02-10T17:05:37.170+0000][6][safepoint   ] Safepoint "Cleanup", Time since last: 1000118051 ns, Reaching safepoint: 68564 ns, At safepoint: 4874 ns, Total: 73438 ns
[2024-02-10T17:05:44.171+0000][6][safepoint   ] Safepoint "Cleanup", Time since last: 7000476933 ns, Reaching safepoint: 61739 ns, At safepoint: 4770 ns, Total: 66509 ns
[2024-02-10T17:05:48.171+0000][6][safepoint   ] Safepoint "Cleanup", Time since last: 4000313334 ns, Reaching safepoint: 65515 ns, At safepoint: 6029 ns, Total: 71544 ns
[2024-02-10T17:05:50.171+0000][6][safepoint   ] Safepoint "Cleanup", Time since last: 2000181587 ns, Reaching safepoint: 65857 ns, At safepoint: 3011 ns, Total: 68868 ns
[2024-02-10T17:06:04.172+0000][6][safepoint   ] Safepoint "Cleanup", Time since last: 14000882348 ns, Reaching safepoint: 81935 ns, At safepoint: 3263 ns, Total: 85198 ns
[2024-02-10T17:06:12.173+0000][6][safepoint   ] Safepoint "Cleanup", Time since last: 8000533493 ns, Reaching safepoint: 64887 ns, At safepoint: 6500 ns, Total: 71387 ns
[2024-02-10T17:06:13.173+0000][6][safepoint   ] Safepoint "Cleanup", Time since last: 1000126622 ns, Reaching safepoint: 72760 ns, At safepoint: 3511 ns, Total: 76271 ns
[2024-02-10T17:06:14.173+0000][6][safepoint   ] Safepoint "Cleanup", Time since last: 1000126981 ns, Reaching safepoint: 65200 ns, At safepoint: 3397 ns, Total: 68597 ns
[2024-02-10T17:06:15.173+0000][6][safepoint   ] Safepoint "Cleanup", Time since last: 1000126049 ns, Reaching safepoint: 64823 ns, At safepoint: 3480 ns, Total: 68303 ns
[2024-02-10T17:06:32.175+0000][6][safepoint   ] Safepoint "Cleanup", Time since last: 17001095897 ns, Reaching safepoint: 115955 ns, At safepoint: 3635 ns, Total: 119590 ns
[2024-02-10T17:06:35.175+0000][6][safepoint   ] Safepoint "Cleanup", Time since last: 3000245485 ns, Reaching safepoint: 64823 ns, At safepoint: 3403 ns, Total: 68226 ns
[2024-02-10T17:06:36.175+0000][6][safepoint   ] Safepoint "Cleanup", Time since last: 1000121716 ns, Reaching safepoint: 67941 ns, At safepoint: 3687 ns, Total: 71628 ns
[2024-02-10T17:06:39.175+0000][6][safepoint   ] Safepoint "Cleanup", Time since last: 3000241384 ns, Reaching safepoint: 67671 ns, At safepoint: 3442 ns, Total: 71113 ns
[2024-02-10T17:06:43.176+0000][6][safepoint   ] Safepoint "Cleanup", Time since last: 4000299138 ns, Reaching safepoint: 69258 ns, At safepoint: 4989 ns, Total: 74247 ns
[2024-02-10T17:06:54.177+0000][6][safepoint   ] Safepoint "Cleanup", Time since last: 11000717802 ns, Reaching safepoint: 68316 ns, At safepoint: 3341 ns, Total: 71657 ns
[2024-02-10T17:07:17.178+0000][6][safepoint   ] Safepoint "Cleanup", Time since last: 23001470744 ns, Reaching safepoint: 78835 ns, At safepoint: 3269 ns, Total: 82104 ns
[2024-02-10T17:07:20.178+0000][6][safepoint   ] Safepoint "Cleanup", Time since last: 3000239664 ns, Reaching safepoint: 67040 ns, At safepoint: 3495 ns, Total: 70535 ns
[2024-02-10T17:07:35.179+0000][6][safepoint   ] Safepoint "Cleanup", Time since last: 15000964379 ns, Reaching safepoint: 83258 ns, At safepoint: 3278 ns, Total: 86536 ns
[2024-02-10T17:07:37.180+0000][6][safepoint   ] Safepoint "Cleanup", Time since last: 2000170669 ns, Reaching safepoint: 63446 ns, At safepoint: 3209 ns, Total: 66655 ns
[2024-02-10T17:07:44.180+0000][6][safepoint   ] Safepoint "Cleanup", Time since last: 7000437501 ns, Reaching safepoint: 66166 ns, At safepoint: 3533 ns, Total: 69699 ns
[2024-02-10T17:08:02.181+0000][6][safepoint   ] Safepoint "Cleanup", Time since last: 18001085948 ns, Reaching safepoint: 82237 ns, At safepoint: 10788 ns, Total: 93025 ns
[2024-02-10T17:08:06.182+0000][6][safepoint   ] Safepoint "Cleanup", Time since last: 4000306801 ns, Reaching safepoint: 68282 ns, At safepoint: 3317 ns, Total: 71599 ns
[2024-02-10T17:08:07.182+0000][6][safepoint   ] Safepoint "Cleanup", Time since last: 1000122645 ns, Reaching safepoint: 63168 ns, At safepoint: 3316 ns, Total: 66484 ns
[2024-02-10T17:08:15.183+0000][6][safepoint   ] Safepoint "Cleanup", Time since last: 8000541889 ns, Reaching safepoint: 65329 ns, At safepoint: 3667 ns, Total: 68996 ns
[2024-02-10T17:08:17.183+0000][6][safepoint   ] Safepoint "Cleanup", Time since last: 2000191897 ns, Reaching safepoint: 71624 ns, At safepoint: 3280 ns, Total: 74904 ns
[2024-02-10T17:08:18.183+0000][6][safepoint   ] Safepoint "Cleanup", Time since last: 1000129260 ns, Reaching safepoint: 63829 ns, At safepoint: 3194 ns, Total: 67023 ns
[2024-02-10T17:08:20.183+0000][6][safepoint   ] Safepoint "Cleanup", Time since last: 2000182821 ns, Reaching safepoint: 69409 ns, At safepoint: 3466 ns, Total: 72875 ns
[2024-02-10T17:08:22.184+0000][6][safepoint   ] Safepoint "Cleanup", Time since last: 2000187735 ns, Reaching safepoint: 69474 ns, At safepoint: 3417 ns, Total: 72891 ns
[2024-02-10T17:08:24.184+0000][6][safepoint   ] Safepoint "Cleanup", Time since last: 2000188949 ns, Reaching safepoint: 69985 ns, At safepoint: 3415 ns, Total: 73400 ns
