[2024-02-11T00:25:43.326+0000][7][gc] Using G1
[2024-02-11T00:25:43.536+0000][7][gc,init] Version: 15.0.1+9 (release)
[2024-02-11T00:25:43.536+0000][7][gc,init] CPUs: 16 total, 16 available
[2024-02-11T00:25:43.536+0000][7][gc,init] Memory: 63240M
[2024-02-11T00:25:43.536+0000][7][gc,init] Large Page Support: Disabled
[2024-02-11T00:25:43.536+0000][7][gc,init] NUMA Support: Disabled
[2024-02-11T00:25:43.536+0000][7][gc,init] Compressed Oops: Enabled (32-bit)
[2024-02-11T00:25:43.536+0000][7][gc,init] Heap Region Size: 4M
[2024-02-11T00:25:43.536+0000][7][gc,init] Heap Min Capacity: 512M
[2024-02-11T00:25:43.536+0000][7][gc,init] Heap Initial Capacity: 512M
[2024-02-11T00:25:43.536+0000][7][gc,init] Heap Max Capacity: 512M
[2024-02-11T00:25:43.536+0000][7][gc,init] Pre-touch: Enabled
[2024-02-11T00:25:43.536+0000][7][gc,init] Parallel Workers: 13
[2024-02-11T00:25:43.536+0000][7][gc,init] Concurrent Workers: 3
[2024-02-11T00:25:43.536+0000][7][gc,init] Concurrent Refinement Workers: 13
[2024-02-11T00:25:43.536+0000][7][gc,init] Periodic GC: Disabled
[2024-02-11T00:25:43.536+0000][7][gc,cds ] Mark closed archive regions in map: [0x00000000ffc00000, 0x00000000ffc7bff8]
[2024-02-11T00:25:43.536+0000][7][gc,cds ] Mark open archive regions in map: [0x00000000ffb00000, 0x00000000ffb51ff8]
[2024-02-11T00:25:43.536+0000][7][gc,metaspace] CDS archive(s) mapped at: [0x0000000800000000-0x0000000800b2a000-0x0000000800b2a000), size 11706368, SharedBaseAddress: 0x0000000800000000, ArchiveRelocationMode: 0.
[2024-02-11T00:25:43.536+0000][7][gc,metaspace] Compressed class space mapped at: 0x0000000800b2c000-0x0000000840b2c000, size: 1073741824
[2024-02-11T00:25:43.537+0000][7][gc,metaspace] Narrow klass base: 0x0000000800000000, Narrow klass shift: 3, Narrow klass range: 0x100000000
[2024-02-11T00:25:43.779+0000][7][safepoint   ] Safepoint "ICBufferFull", Time since last: 234274192 ns, Reaching safepoint: 172096 ns, At safepoint: 4845 ns, Total: 176941 ns
[2024-02-11T00:25:43.968+0000][7][safepoint   ] Safepoint "ICBufferFull", Time since last: 188457816 ns, Reaching safepoint: 160377 ns, At safepoint: 7654 ns, Total: 168031 ns
[2024-02-11T00:25:43.982+0000][7][gc,start    ] GC(0) Pause Young (Normal) (G1 Evacuation Pause)
[2024-02-11T00:25:43.983+0000][7][gc,task     ] GC(0) Using 12 workers of 13 for evacuation
[2024-02-11T00:25:43.983+0000][7][gc,age      ] GC(0) Desired survivor size 2097152 bytes, new threshold 15 (max threshold 15)
[2024-02-11T00:25:43.985+0000][7][gc,age      ] GC(0) Age table with threshold 15 (max threshold 15)
[2024-02-11T00:25:43.985+0000][7][gc,age      ] GC(0) - age   1:    4168696 bytes,    4168696 total
[2024-02-11T00:25:43.985+0000][7][gc,phases   ] GC(0)   Pre Evacuate Collection Set: 0.1ms
[2024-02-11T00:25:43.985+0000][7][gc,phases   ] GC(0)   Merge Heap Roots: 0.0ms
[2024-02-11T00:25:43.985+0000][7][gc,phases   ] GC(0)   Evacuate Collection Set: 1.7ms
[2024-02-11T00:25:43.985+0000][7][gc,phases   ] GC(0)   Post Evacuate Collection Set: 0.3ms
[2024-02-11T00:25:43.985+0000][7][gc,phases   ] GC(0)   Other: 0.9ms
[2024-02-11T00:25:43.985+0000][7][gc,heap     ] GC(0) Eden regions: 6->0(6)
[2024-02-11T00:25:43.985+0000][7][gc,heap     ] GC(0) Survivor regions: 0->1(1)
[2024-02-11T00:25:43.985+0000][7][gc,heap     ] GC(0) Old regions: 0->1
[2024-02-11T00:25:43.985+0000][7][gc,heap     ] GC(0) Archive regions: 2->2
[2024-02-11T00:25:43.985+0000][7][gc,heap     ] GC(0) Humongous regions: 0->0
[2024-02-11T00:25:43.985+0000][7][gc,metaspace] GC(0) Metaspace: 8310K(9216K)->8310K(9216K) NonClass: 7387K(8192K)->7387K(8192K) Class: 923K(1024K)->923K(1024K)
[2024-02-11T00:25:43.985+0000][7][gc          ] GC(0) Pause Young (Normal) (G1 Evacuation Pause) 27M->7M(512M) 3.086ms
[2024-02-11T00:25:43.985+0000][7][gc,cpu      ] GC(0) User=0.02s Sys=0.00s Real=0.00s
[2024-02-11T00:25:43.985+0000][7][safepoint   ] Safepoint "G1CollectForAllocation", Time since last: 14491523 ns, Reaching safepoint: 34222 ns, At safepoint: 3156072 ns, Total: 3190294 ns
[2024-02-11T00:25:44.472+0000][7][gc,start    ] GC(1) Pause Young (Normal) (G1 Evacuation Pause)
[2024-02-11T00:25:44.472+0000][7][gc,task     ] GC(1) Using 12 workers of 13 for evacuation
[2024-02-11T00:25:44.472+0000][7][gc,age      ] GC(1) Desired survivor size 2097152 bytes, new threshold 1 (max threshold 15)
[2024-02-11T00:25:44.475+0000][7][gc,age      ] GC(1) Age table with threshold 1 (max threshold 15)
[2024-02-11T00:25:44.475+0000][7][gc,age      ] GC(1) - age   1:    2022024 bytes,    2022024 total
[2024-02-11T00:25:44.475+0000][7][gc,phases   ] GC(1)   Pre Evacuate Collection Set: 0.1ms
[2024-02-11T00:25:44.475+0000][7][gc,phases   ] GC(1)   Merge Heap Roots: 0.1ms
[2024-02-11T00:25:44.475+0000][7][gc,phases   ] GC(1)   Evacuate Collection Set: 1.9ms
[2024-02-11T00:25:44.475+0000][7][gc,phases   ] GC(1)   Post Evacuate Collection Set: 0.2ms
[2024-02-11T00:25:44.475+0000][7][gc,phases   ] GC(1)   Other: 0.2ms
[2024-02-11T00:25:44.475+0000][7][gc,heap     ] GC(1) Eden regions: 6->0(13)
[2024-02-11T00:25:44.475+0000][7][gc,heap     ] GC(1) Survivor regions: 1->1(1)
[2024-02-11T00:25:44.475+0000][7][gc,heap     ] GC(1) Old regions: 1->2
[2024-02-11T00:25:44.475+0000][7][gc,heap     ] GC(1) Archive regions: 2->2
[2024-02-11T00:25:44.475+0000][7][gc,heap     ] GC(1) Humongous regions: 0->0
[2024-02-11T00:25:44.475+0000][7][gc,metaspace] GC(1) Metaspace: 12539K(12928K)->12539K(12928K) NonClass: 11070K(11264K)->11070K(11264K) Class: 1469K(1664K)->1469K(1664K)
[2024-02-11T00:25:44.475+0000][7][gc          ] GC(1) Pause Young (Normal) (G1 Evacuation Pause) 31M->9M(512M) 2.539ms
[2024-02-11T00:25:44.475+0000][7][gc,cpu      ] GC(1) User=0.02s Sys=0.00s Real=0.00s
[2024-02-11T00:25:44.475+0000][7][safepoint   ] Safepoint "G1CollectForAllocation", Time since last: 487003072 ns, Reaching safepoint: 115234 ns, At safepoint: 2594321 ns, Total: 2709555 ns
[2024-02-11T00:25:44.848+0000][7][safepoint   ] Safepoint "ICBufferFull", Time since last: 373002073 ns, Reaching safepoint: 202694 ns, At safepoint: 9114 ns, Total: 211808 ns
[2024-02-11T00:25:44.905+0000][7][gc,start    ] GC(2) Pause Young (Normal) (G1 Evacuation Pause)
[2024-02-11T00:25:44.906+0000][7][gc,task     ] GC(2) Using 12 workers of 13 for evacuation
[2024-02-11T00:25:44.906+0000][7][gc,age      ] GC(2) Desired survivor size 4194304 bytes, new threshold 15 (max threshold 15)
[2024-02-11T00:25:44.908+0000][7][gc,age      ] GC(2) Age table with threshold 15 (max threshold 15)
[2024-02-11T00:25:44.908+0000][7][gc,age      ] GC(2) - age   1:    1252968 bytes,    1252968 total
[2024-02-11T00:25:44.908+0000][7][gc,age      ] GC(2) - age   2:    1995552 bytes,    3248520 total
[2024-02-11T00:25:44.908+0000][7][gc,phases   ] GC(2)   Pre Evacuate Collection Set: 0.1ms
[2024-02-11T00:25:44.908+0000][7][gc,phases   ] GC(2)   Merge Heap Roots: 0.1ms
[2024-02-11T00:25:44.908+0000][7][gc,phases   ] GC(2)   Evacuate Collection Set: 1.9ms
[2024-02-11T00:25:44.908+0000][7][gc,phases   ] GC(2)   Post Evacuate Collection Set: 0.3ms
[2024-02-11T00:25:44.908+0000][7][gc,phases   ] GC(2)   Other: 0.2ms
[2024-02-11T00:25:44.908+0000][7][gc,heap     ] GC(2) Eden regions: 13->0(64)
[2024-02-11T00:25:44.908+0000][7][gc,heap     ] GC(2) Survivor regions: 1->1(2)
[2024-02-11T00:25:44.908+0000][7][gc,heap     ] GC(2) Old regions: 2->2
[2024-02-11T00:25:44.908+0000][7][gc,heap     ] GC(2) Archive regions: 2->2
[2024-02-11T00:25:44.908+0000][7][gc,heap     ] GC(2) Humongous regions: 0->0
[2024-02-11T00:25:44.908+0000][7][gc,metaspace] GC(2) Metaspace: 14909K(15360K)->14909K(15360K) NonClass: 13222K(13568K)->13222K(13568K) Class: 1686K(1792K)->1686K(1792K)
[2024-02-11T00:25:44.908+0000][7][gc          ] GC(2) Pause Young (Normal) (G1 Evacuation Pause) 61M->11M(512M) 2.644ms
[2024-02-11T00:25:44.908+0000][7][gc,cpu      ] GC(2) User=0.02s Sys=0.00s Real=0.01s
[2024-02-11T00:25:44.908+0000][7][safepoint   ] Safepoint "G1CollectForAllocation", Time since last: 57249541 ns, Reaching safepoint: 70097 ns, At safepoint: 2701351 ns, Total: 2771448 ns
[2024-02-11T00:25:44.971+0000][7][safepoint   ] Safepoint "ICBufferFull", Time since last: 62945639 ns, Reaching safepoint: 64395 ns, At safepoint: 6054 ns, Total: 70449 ns
[2024-02-11T00:25:44.976+0000][7][safepoint   ] Safepoint "ICBufferFull", Time since last: 4826681 ns, Reaching safepoint: 63554 ns, At safepoint: 4452 ns, Total: 68006 ns
[2024-02-11T00:25:44.979+0000][7][safepoint   ] Safepoint "ICBufferFull", Time since last: 3047307 ns, Reaching safepoint: 37013 ns, At safepoint: 4140 ns, Total: 41153 ns
[2024-02-11T00:25:44.982+0000][7][safepoint   ] Safepoint "ICBufferFull", Time since last: 3023318 ns, Reaching safepoint: 27668 ns, At safepoint: 3548 ns, Total: 31216 ns
[2024-02-11T00:25:44.986+0000][7][safepoint   ] Safepoint "ICBufferFull", Time since last: 3734658 ns, Reaching safepoint: 44094 ns, At safepoint: 3101 ns, Total: 47195 ns
[2024-02-11T00:25:44.989+0000][7][safepoint   ] Safepoint "ICBufferFull", Time since last: 2879929 ns, Reaching safepoint: 31359 ns, At safepoint: 3205 ns, Total: 34564 ns
[2024-02-11T00:25:44.991+0000][7][safepoint   ] Safepoint "ICBufferFull", Time since last: 2477588 ns, Reaching safepoint: 32866 ns, At safepoint: 3107 ns, Total: 35973 ns
[2024-02-11T00:25:44.994+0000][7][safepoint   ] Safepoint "ICBufferFull", Time since last: 2999608 ns, Reaching safepoint: 30348 ns, At safepoint: 2722 ns, Total: 33070 ns
[2024-02-11T00:25:44.998+0000][7][safepoint   ] Safepoint "ICBufferFull", Time since last: 3245377 ns, Reaching safepoint: 31994 ns, At safepoint: 2925 ns, Total: 34919 ns
[2024-02-11T00:25:45.002+0000][7][safepoint   ] Safepoint "ICBufferFull", Time since last: 3864466 ns, Reaching safepoint: 28580 ns, At safepoint: 2823 ns, Total: 31403 ns
[2024-02-11T00:25:45.005+0000][7][safepoint   ] Safepoint "ICBufferFull", Time since last: 2842628 ns, Reaching safepoint: 28162 ns, At safepoint: 2836 ns, Total: 30998 ns
[2024-02-11T00:25:45.008+0000][7][safepoint   ] Safepoint "ICBufferFull", Time since last: 3376732 ns, Reaching safepoint: 32435 ns, At safepoint: 3302 ns, Total: 35737 ns
[2024-02-11T00:25:45.012+0000][7][safepoint   ] Safepoint "ICBufferFull", Time since last: 3641590 ns, Reaching safepoint: 35430 ns, At safepoint: 2879 ns, Total: 38309 ns
[2024-02-11T00:25:45.015+0000][7][safepoint   ] Safepoint "ICBufferFull", Time since last: 3710259 ns, Reaching safepoint: 28611 ns, At safepoint: 2807 ns, Total: 31418 ns
[2024-02-11T00:25:45.048+0000][7][safepoint   ] Safepoint "ICBufferFull", Time since last: 32377264 ns, Reaching safepoint: 45101 ns, At safepoint: 5941 ns, Total: 51042 ns
[2024-02-11T00:25:45.298+0000][7][safepoint   ] Safepoint "ICBufferFull", Time since last: 250193037 ns, Reaching safepoint: 155533 ns, At safepoint: 3969 ns, Total: 159502 ns
[2024-02-11T00:25:45.415+0000][7][gc,start    ] GC(3) Pause Young (Normal) (G1 Evacuation Pause)
[2024-02-11T00:25:45.415+0000][7][gc,task     ] GC(3) Using 12 workers of 13 for evacuation
[2024-02-11T00:25:45.415+0000][7][gc,age      ] GC(3) Desired survivor size 18874368 bytes, new threshold 15 (max threshold 15)
[2024-02-11T00:25:45.419+0000][7][gc,age      ] GC(3) Age table with threshold 15 (max threshold 15)
[2024-02-11T00:25:45.419+0000][7][gc,age      ] GC(3) - age   1:    6267520 bytes,    6267520 total
[2024-02-11T00:25:45.419+0000][7][gc,age      ] GC(3) - age   2:    1227880 bytes,    7495400 total
[2024-02-11T00:25:45.419+0000][7][gc,age      ] GC(3) - age   3:    1978264 bytes,    9473664 total
[2024-02-11T00:25:45.419+0000][7][gc,phases   ] GC(3)   Pre Evacuate Collection Set: 0.1ms
[2024-02-11T00:25:45.419+0000][7][gc,phases   ] GC(3)   Merge Heap Roots: 0.1ms
[2024-02-11T00:25:45.419+0000][7][gc,phases   ] GC(3)   Evacuate Collection Set: 3.0ms
[2024-02-11T00:25:45.419+0000][7][gc,phases   ] GC(3)   Post Evacuate Collection Set: 0.4ms
[2024-02-11T00:25:45.419+0000][7][gc,phases   ] GC(3)   Other: 0.2ms
[2024-02-11T00:25:45.419+0000][7][gc,heap     ] GC(3) Eden regions: 64->0(73)
[2024-02-11T00:25:45.419+0000][7][gc,heap     ] GC(3) Survivor regions: 1->3(9)
[2024-02-11T00:25:45.419+0000][7][gc,heap     ] GC(3) Old regions: 2->2
[2024-02-11T00:25:45.419+0000][7][gc,heap     ] GC(3) Archive regions: 2->2
[2024-02-11T00:25:45.419+0000][7][gc,heap     ] GC(3) Humongous regions: 0->0
[2024-02-11T00:25:45.419+0000][7][gc,metaspace] GC(3) Metaspace: 18473K(19328K)->18473K(19328K) NonClass: 16298K(16896K)->16298K(16896K) Class: 2174K(2432K)->2174K(2432K)
[2024-02-11T00:25:45.419+0000][7][gc          ] GC(3) Pause Young (Normal) (G1 Evacuation Pause) 267M->17M(512M) 3.922ms
[2024-02-11T00:25:45.419+0000][7][gc,cpu      ] GC(3) User=0.04s Sys=0.00s Real=0.01s
[2024-02-11T00:25:45.419+0000][7][safepoint   ] Safepoint "G1CollectForAllocation", Time since last: 117092783 ns, Reaching safepoint: 84489 ns, At safepoint: 4000922 ns, Total: 4085411 ns
[2024-02-11T00:25:45.750+0000][7][gc,start    ] GC(4) Pause Young (Normal) (G1 Evacuation Pause)
[2024-02-11T00:25:45.750+0000][7][gc,task     ] GC(4) Using 12 workers of 13 for evacuation
[2024-02-11T00:25:45.750+0000][7][gc,age      ] GC(4) Desired survivor size 20971520 bytes, new threshold 15 (max threshold 15)
[2024-02-11T00:25:45.753+0000][7][gc,age      ] GC(4) Age table with threshold 15 (max threshold 15)
[2024-02-11T00:25:45.754+0000][7][gc,age      ] GC(4) - age   1:    2435704 bytes,    2435704 total
[2024-02-11T00:25:45.754+0000][7][gc,age      ] GC(4) - age   2:    4375496 bytes,    6811200 total
[2024-02-11T00:25:45.754+0000][7][gc,age      ] GC(4) - age   3:    1227880 bytes,    8039080 total
[2024-02-11T00:25:45.754+0000][7][gc,age      ] GC(4) - age   4:    1978264 bytes,   10017344 total
[2024-02-11T00:25:45.754+0000][7][gc,phases   ] GC(4)   Pre Evacuate Collection Set: 0.1ms
[2024-02-11T00:25:45.754+0000][7][gc,phases   ] GC(4)   Merge Heap Roots: 0.1ms
[2024-02-11T00:25:45.754+0000][7][gc,phases   ] GC(4)   Evacuate Collection Set: 3.1ms
[2024-02-11T00:25:45.754+0000][7][gc,phases   ] GC(4)   Post Evacuate Collection Set: 0.4ms
[2024-02-11T00:25:45.754+0000][7][gc,phases   ] GC(4)   Other: 0.2ms
[2024-02-11T00:25:45.754+0000][7][gc,heap     ] GC(4) Eden regions: 73->0(73)
[2024-02-11T00:25:45.754+0000][7][gc,heap     ] GC(4) Survivor regions: 3->3(10)
[2024-02-11T00:25:45.754+0000][7][gc,heap     ] GC(4) Old regions: 2->2
[2024-02-11T00:25:45.754+0000][7][gc,heap     ] GC(4) Archive regions: 2->2
[2024-02-11T00:25:45.754+0000][7][gc,heap     ] GC(4) Humongous regions: 0->0
[2024-02-11T00:25:45.754+0000][7][gc,metaspace] GC(4) Metaspace: 19167K(20224K)->19167K(20224K) NonClass: 16897K(17664K)->16897K(17664K) Class: 2269K(2560K)->2269K(2560K)
[2024-02-11T00:25:45.754+0000][7][gc          ] GC(4) Pause Young (Normal) (G1 Evacuation Pause) 309M->18M(512M) 4.027ms
[2024-02-11T00:25:45.754+0000][7][gc,cpu      ] GC(4) User=0.02s Sys=0.00s Real=0.00s
[2024-02-11T00:25:45.754+0000][7][safepoint   ] Safepoint "G1CollectForAllocation", Time since last: 330252754 ns, Reaching safepoint: 83207 ns, At safepoint: 4091612 ns, Total: 4174819 ns
[2024-02-11T00:25:45.982+0000][7][gc,start    ] GC(5) Pause Young (Normal) (G1 Evacuation Pause)
[2024-02-11T00:25:45.982+0000][7][gc,task     ] GC(5) Using 12 workers of 13 for evacuation
[2024-02-11T00:25:45.982+0000][7][gc,age      ] GC(5) Desired survivor size 20971520 bytes, new threshold 15 (max threshold 15)
[2024-02-11T00:25:45.985+0000][7][gc,age      ] GC(5) Age table with threshold 15 (max threshold 15)
[2024-02-11T00:25:45.985+0000][7][gc,age      ] GC(5) - age   1:    2428424 bytes,    2428424 total
[2024-02-11T00:25:45.985+0000][7][gc,age      ] GC(5) - age   2:    1809856 bytes,    4238280 total
[2024-02-11T00:25:45.985+0000][7][gc,age      ] GC(5) - age   3:    4371480 bytes,    8609760 total
[2024-02-11T00:25:45.985+0000][7][gc,age      ] GC(5) - age   4:    1227880 bytes,    9837640 total
[2024-02-11T00:25:45.985+0000][7][gc,age      ] GC(5) - age   5:    1978264 bytes,   11815904 total
[2024-02-11T00:25:45.985+0000][7][gc,phases   ] GC(5)   Pre Evacuate Collection Set: 0.1ms
[2024-02-11T00:25:45.985+0000][7][gc,phases   ] GC(5)   Merge Heap Roots: 0.1ms
[2024-02-11T00:25:45.985+0000][7][gc,phases   ] GC(5)   Evacuate Collection Set: 2.8ms
[2024-02-11T00:25:45.985+0000][7][gc,phases   ] GC(5)   Post Evacuate Collection Set: 0.4ms
[2024-02-11T00:25:45.985+0000][7][gc,phases   ] GC(5)   Other: 0.3ms
[2024-02-11T00:25:45.985+0000][7][gc,heap     ] GC(5) Eden regions: 73->0(73)
[2024-02-11T00:25:45.985+0000][7][gc,heap     ] GC(5) Survivor regions: 3->3(10)
[2024-02-11T00:25:45.985+0000][7][gc,heap     ] GC(5) Old regions: 2->2
[2024-02-11T00:25:45.985+0000][7][gc,heap     ] GC(5) Archive regions: 2->2
[2024-02-11T00:25:45.985+0000][7][gc,heap     ] GC(5) Humongous regions: 0->0
[2024-02-11T00:25:45.985+0000][7][gc,metaspace] GC(5) Metaspace: 19519K(20480K)->19519K(20480K) NonClass: 17193K(17920K)->17193K(17920K) Class: 2326K(2560K)->2326K(2560K)
[2024-02-11T00:25:45.985+0000][7][gc          ] GC(5) Pause Young (Normal) (G1 Evacuation Pause) 310M->19M(512M) 3.693ms
[2024-02-11T00:25:45.985+0000][7][gc,cpu      ] GC(5) User=0.02s Sys=0.00s Real=0.00s
[2024-02-11T00:25:45.985+0000][7][safepoint   ] Safepoint "G1CollectForAllocation", Time since last: 227931883 ns, Reaching safepoint: 53239 ns, At safepoint: 3759326 ns, Total: 3812565 ns
[2024-02-11T00:25:46.196+0000][7][gc,start    ] GC(6) Pause Young (Normal) (G1 Evacuation Pause)
[2024-02-11T00:25:46.196+0000][7][gc,task     ] GC(6) Using 12 workers of 13 for evacuation
[2024-02-11T00:25:46.196+0000][7][gc,age      ] GC(6) Desired survivor size 20971520 bytes, new threshold 15 (max threshold 15)
[2024-02-11T00:25:46.202+0000][7][gc,age      ] GC(6) Age table with threshold 15 (max threshold 15)
[2024-02-11T00:25:46.202+0000][7][gc,age      ] GC(6) - age   1:    1229248 bytes,    1229248 total
[2024-02-11T00:25:46.202+0000][7][gc,age      ] GC(6) - age   2:    1474400 bytes,    2703648 total
[2024-02-11T00:25:46.202+0000][7][gc,age      ] GC(6) - age   3:    1809184 bytes,    4512832 total
[2024-02-11T00:25:46.202+0000][7][gc,age      ] GC(6) - age   4:    4371064 bytes,    8883896 total
[2024-02-11T00:25:46.202+0000][7][gc,age      ] GC(6) - age   5:    1227880 bytes,   10111776 total
[2024-02-11T00:25:46.202+0000][7][gc,age      ] GC(6) - age   6:    1978264 bytes,   12090040 total
[2024-02-11T00:25:46.202+0000][7][gc,phases   ] GC(6)   Pre Evacuate Collection Set: 0.1ms
[2024-02-11T00:25:46.202+0000][7][gc,phases   ] GC(6)   Merge Heap Roots: 0.1ms
[2024-02-11T00:25:46.202+0000][7][gc,phases   ] GC(6)   Evacuate Collection Set: 4.6ms
[2024-02-11T00:25:46.202+0000][7][gc,phases   ] GC(6)   Post Evacuate Collection Set: 0.4ms
[2024-02-11T00:25:46.202+0000][7][gc,phases   ] GC(6)   Other: 0.3ms
[2024-02-11T00:25:46.202+0000][7][gc,heap     ] GC(6) Eden regions: 73->0(72)
[2024-02-11T00:25:46.202+0000][7][gc,heap     ] GC(6) Survivor regions: 3->4(10)
[2024-02-11T00:25:46.202+0000][7][gc,heap     ] GC(6) Old regions: 2->2
[2024-02-11T00:25:46.202+0000][7][gc,heap     ] GC(6) Archive regions: 2->2
[2024-02-11T00:25:46.202+0000][7][gc,heap     ] GC(6) Humongous regions: 0->0
[2024-02-11T00:25:46.202+0000][7][gc,metaspace] GC(6) Metaspace: 19759K(20864K)->19759K(20864K) NonClass: 17386K(18176K)->17386K(18176K) Class: 2373K(2688K)->2373K(2688K)
[2024-02-11T00:25:46.202+0000][7][gc          ] GC(6) Pause Young (Normal) (G1 Evacuation Pause) 311M->20M(512M) 5.472ms
[2024-02-11T00:25:46.202+0000][7][gc,cpu      ] GC(6) User=0.03s Sys=0.00s Real=0.01s
[2024-02-11T00:25:46.202+0000][7][safepoint   ] Safepoint "G1CollectForAllocation", Time since last: 210822964 ns, Reaching safepoint: 61359 ns, At safepoint: 5533939 ns, Total: 5595298 ns
[2024-02-11T00:25:46.341+0000][7][gc,start    ] GC(7) Pause Young (Concurrent Start) (Metadata GC Threshold)
[2024-02-11T00:25:46.341+0000][7][gc,task     ] GC(7) Using 12 workers of 13 for evacuation
[2024-02-11T00:25:46.341+0000][7][gc,age      ] GC(7) Desired survivor size 20971520 bytes, new threshold 15 (max threshold 15)
[2024-02-11T00:25:46.345+0000][7][gc,age      ] GC(7) Age table with threshold 15 (max threshold 15)
[2024-02-11T00:25:46.345+0000][7][gc,age      ] GC(7) - age   1:    1665520 bytes,    1665520 total
[2024-02-11T00:25:46.345+0000][7][gc,age      ] GC(7) - age   2:     617664 bytes,    2283184 total
[2024-02-11T00:25:46.345+0000][7][gc,age      ] GC(7) - age   3:    1474336 bytes,    3757520 total
[2024-02-11T00:25:46.345+0000][7][gc,age      ] GC(7) - age   4:    1808080 bytes,    5565600 total
[2024-02-11T00:25:46.345+0000][7][gc,age      ] GC(7) - age   5:    4370640 bytes,    9936240 total
[2024-02-11T00:25:46.345+0000][7][gc,age      ] GC(7) - age   6:    1227704 bytes,   11163944 total
[2024-02-11T00:25:46.345+0000][7][gc,age      ] GC(7) - age   7:    1978264 bytes,   13142208 total
[2024-02-11T00:25:46.345+0000][7][gc,phases   ] GC(7)   Pre Evacuate Collection Set: 0.1ms
[2024-02-11T00:25:46.345+0000][7][gc,phases   ] GC(7)   Merge Heap Roots: 0.0ms
[2024-02-11T00:25:46.345+0000][7][gc,phases   ] GC(7)   Evacuate Collection Set: 3.4ms
[2024-02-11T00:25:46.345+0000][7][gc,phases   ] GC(7)   Post Evacuate Collection Set: 0.4ms
[2024-02-11T00:25:46.345+0000][7][gc,phases   ] GC(7)   Other: 0.3ms
[2024-02-11T00:25:46.345+0000][7][gc,heap     ] GC(7) Eden regions: 43->0(72)
[2024-02-11T00:25:46.345+0000][7][gc,heap     ] GC(7) Survivor regions: 4->4(10)
[2024-02-11T00:25:46.345+0000][7][gc,heap     ] GC(7) Old regions: 2->2
[2024-02-11T00:25:46.345+0000][7][gc,heap     ] GC(7) Archive regions: 2->2
[2024-02-11T00:25:46.345+0000][7][gc,heap     ] GC(7) Humongous regions: 0->0
[2024-02-11T00:25:46.346+0000][7][gc,metaspace] GC(7) Metaspace: 20055K(21296K)->20055K(21296K) NonClass: 17633K(18608K)->17633K(18608K) Class: 2422K(2688K)->2422K(2688K)
[2024-02-11T00:25:46.346+0000][7][gc          ] GC(7) Pause Young (Concurrent Start) (Metadata GC Threshold) 192M->21M(512M) 4.307ms
[2024-02-11T00:25:46.346+0000][7][gc,cpu      ] GC(7) User=0.03s Sys=0.00s Real=0.00s
[2024-02-11T00:25:46.346+0000][7][safepoint   ] Safepoint "CollectForMetadataAllocation", Time since last: 139255857 ns, Reaching safepoint: 41343 ns, At safepoint: 4503394 ns, Total: 4544737 ns
[2024-02-11T00:25:46.346+0000][7][gc          ] GC(8) Concurrent Cycle
[2024-02-11T00:25:46.346+0000][7][gc,marking  ] GC(8) Concurrent Clear Claimed Marks
[2024-02-11T00:25:46.346+0000][7][gc,marking  ] GC(8) Concurrent Clear Claimed Marks 0.026ms
[2024-02-11T00:25:46.346+0000][7][gc,marking  ] GC(8) Concurrent Scan Root Regions
[2024-02-11T00:25:46.348+0000][7][gc,marking  ] GC(8) Concurrent Scan Root Regions 2.262ms
[2024-02-11T00:25:46.348+0000][7][gc,marking  ] GC(8) Concurrent Mark (3.028s)
[2024-02-11T00:25:46.348+0000][7][gc,marking  ] GC(8) Concurrent Mark From Roots
[2024-02-11T00:25:46.348+0000][7][gc,task     ] GC(8) Using 3 workers of 3 for marking
[2024-02-11T00:25:46.352+0000][7][gc,marking  ] GC(8) Concurrent Mark From Roots 3.254ms
[2024-02-11T00:25:46.352+0000][7][gc,marking  ] GC(8) Concurrent Preclean
[2024-02-11T00:25:46.352+0000][7][gc,marking  ] GC(8) Concurrent Preclean 0.198ms
[2024-02-11T00:25:46.352+0000][7][gc,marking  ] GC(8) Concurrent Mark (3.028s, 3.032s) 3.535ms
[2024-02-11T00:25:46.352+0000][7][gc,start    ] GC(8) Pause Remark
[2024-02-11T00:25:46.354+0000][7][gc          ] GC(8) Pause Remark 25M->25M(512M) 1.315ms
[2024-02-11T00:25:46.354+0000][7][gc,cpu      ] GC(8) User=0.01s Sys=0.00s Real=0.00s
[2024-02-11T00:25:46.354+0000][7][safepoint   ] Safepoint "G1Concurrent", Time since last: 6677041 ns, Reaching safepoint: 47819 ns, At safepoint: 1388017 ns, Total: 1435836 ns
[2024-02-11T00:25:46.354+0000][7][gc,marking  ] GC(8) Concurrent Rebuild Remembered Sets
[2024-02-11T00:25:46.356+0000][7][gc,marking  ] GC(8) Concurrent Rebuild Remembered Sets 2.036ms
[2024-02-11T00:25:46.356+0000][7][gc,start    ] GC(8) Pause Cleanup
[2024-02-11T00:25:46.357+0000][7][gc          ] GC(8) Pause Cleanup 27M->27M(512M) 0.110ms
[2024-02-11T00:25:46.357+0000][7][gc,cpu      ] GC(8) User=0.00s Sys=0.00s Real=0.01s
[2024-02-11T00:25:46.357+0000][7][safepoint   ] Safepoint "G1Concurrent", Time since last: 2231804 ns, Reaching safepoint: 438541 ns, At safepoint: 172908 ns, Total: 611449 ns
[2024-02-11T00:25:46.357+0000][7][gc,marking  ] GC(8) Concurrent Cleanup for Next Mark
[2024-02-11T00:25:46.358+0000][7][gc,marking  ] GC(8) Concurrent Cleanup for Next Mark 1.431ms
[2024-02-11T00:25:46.358+0000][7][gc          ] GC(8) Concurrent Cycle 12.220ms
[2024-02-11T00:25:46.558+0000][7][gc,start    ] GC(9) Pause Young (Normal) (G1 Evacuation Pause)
[2024-02-11T00:25:46.558+0000][7][gc,task     ] GC(9) Using 12 workers of 13 for evacuation
[2024-02-11T00:25:46.558+0000][7][gc,age      ] GC(9) Desired survivor size 20971520 bytes, new threshold 15 (max threshold 15)
[2024-02-11T00:25:46.563+0000][7][gc,age      ] GC(9) Age table with threshold 15 (max threshold 15)
[2024-02-11T00:25:46.563+0000][7][gc,age      ] GC(9) - age   1:    1305440 bytes,    1305440 total
[2024-02-11T00:25:46.563+0000][7][gc,age      ] GC(9) - age   2:    1644648 bytes,    2950088 total
[2024-02-11T00:25:46.563+0000][7][gc,age      ] GC(9) - age   3:     616392 bytes,    3566480 total
[2024-02-11T00:25:46.563+0000][7][gc,age      ] GC(9) - age   4:    1473792 bytes,    5040272 total
[2024-02-11T00:25:46.563+0000][7][gc,age      ] GC(9) - age   5:    1808080 bytes,    6848352 total
[2024-02-11T00:25:46.563+0000][7][gc,age      ] GC(9) - age   6:    4370640 bytes,   11218992 total
[2024-02-11T00:25:46.563+0000][7][gc,age      ] GC(9) - age   7:    1227512 bytes,   12446504 total
[2024-02-11T00:25:46.563+0000][7][gc,age      ] GC(9) - age   8:    1976536 bytes,   14423040 total
[2024-02-11T00:25:46.563+0000][7][gc,phases   ] GC(9)   Pre Evacuate Collection Set: 0.1ms
[2024-02-11T00:25:46.563+0000][7][gc,phases   ] GC(9)   Merge Heap Roots: 0.1ms
[2024-02-11T00:25:46.563+0000][7][gc,phases   ] GC(9)   Evacuate Collection Set: 3.5ms
[2024-02-11T00:25:46.563+0000][7][gc,phases   ] GC(9)   Post Evacuate Collection Set: 0.5ms
[2024-02-11T00:25:46.563+0000][7][gc,phases   ] GC(9)   Other: 0.3ms
[2024-02-11T00:25:46.563+0000][7][gc,heap     ] GC(9) Eden regions: 72->0(72)
[2024-02-11T00:25:46.563+0000][7][gc,heap     ] GC(9) Survivor regions: 4->4(10)
[2024-02-11T00:25:46.563+0000][7][gc,heap     ] GC(9) Old regions: 2->2
[2024-02-11T00:25:46.563+0000][7][gc,heap     ] GC(9) Archive regions: 2->2
[2024-02-11T00:25:46.563+0000][7][gc,heap     ] GC(9) Humongous regions: 0->0
[2024-02-11T00:25:46.563+0000][7][gc,metaspace] GC(9) Metaspace: 20156K(21552K)->20156K(21552K) NonClass: 17712K(18864K)->17712K(18864K) Class: 2443K(2688K)->2443K(2688K)
[2024-02-11T00:25:46.563+0000][7][gc          ] GC(9) Pause Young (Normal) (G1 Evacuation Pause) 309M->22M(512M) 4.555ms
[2024-02-11T00:25:46.563+0000][7][gc,cpu      ] GC(9) User=0.02s Sys=0.01s Real=0.00s
[2024-02-11T00:25:46.563+0000][7][safepoint   ] Safepoint "G1CollectForAllocation", Time since last: 201596556 ns, Reaching safepoint: 62924 ns, At safepoint: 4621859 ns, Total: 4684783 ns
[2024-02-11T00:25:47.038+0000][7][safepoint   ] Safepoint "ICBufferFull", Time since last: 474796324 ns, Reaching safepoint: 139105 ns, At safepoint: 7132 ns, Total: 146237 ns
[2024-02-11T00:25:47.275+0000][7][safepoint   ] Safepoint "ICBufferFull", Time since last: 236847754 ns, Reaching safepoint: 135248 ns, At safepoint: 4632 ns, Total: 139880 ns
[2024-02-11T00:25:47.957+0000][7][gc,start    ] GC(10) Pause Young (Normal) (G1 Evacuation Pause)
[2024-02-11T00:25:47.957+0000][7][gc,task     ] GC(10) Using 12 workers of 13 for evacuation
[2024-02-11T00:25:47.957+0000][7][gc,age      ] GC(10) Desired survivor size 20971520 bytes, new threshold 15 (max threshold 15)
[2024-02-11T00:25:47.967+0000][7][gc,age      ] GC(10) Age table with threshold 15 (max threshold 15)
[2024-02-11T00:25:47.967+0000][7][gc,age      ] GC(10) - age   1:   21616376 bytes,   21616376 total
[2024-02-11T00:25:47.967+0000][7][gc,age      ] GC(10) - age   2:     638288 bytes,   22254664 total
[2024-02-11T00:25:47.967+0000][7][gc,age      ] GC(10) - age   3:    1634416 bytes,   23889080 total
[2024-02-11T00:25:47.967+0000][7][gc,age      ] GC(10) - age   4:     607592 bytes,   24496672 total
[2024-02-11T00:25:47.967+0000][7][gc,age      ] GC(10) - age   5:    1455600 bytes,   25952272 total
[2024-02-11T00:25:47.967+0000][7][gc,age      ] GC(10) - age   6:    1794016 bytes,   27746288 total
[2024-02-11T00:25:47.967+0000][7][gc,age      ] GC(10) - age   7:    4330608 bytes,   32076896 total
[2024-02-11T00:25:47.967+0000][7][gc,age      ] GC(10) - age   8:    1176952 bytes,   33253848 total
[2024-02-11T00:25:47.967+0000][7][gc,age      ] GC(10) - age   9:    1968392 bytes,   35222240 total
[2024-02-11T00:25:47.967+0000][7][gc,phases   ] GC(10)   Pre Evacuate Collection Set: 0.1ms
[2024-02-11T00:25:47.967+0000][7][gc,phases   ] GC(10)   Merge Heap Roots: 0.1ms
[2024-02-11T00:25:47.967+0000][7][gc,phases   ] GC(10)   Evacuate Collection Set: 9.2ms
[2024-02-11T00:25:47.967+0000][7][gc,phases   ] GC(10)   Post Evacuate Collection Set: 0.8ms
[2024-02-11T00:25:47.967+0000][7][gc,phases   ] GC(10)   Other: 0.3ms
[2024-02-11T00:25:47.967+0000][7][gc,heap     ] GC(10) Eden regions: 72->0(67)
[2024-02-11T00:25:47.967+0000][7][gc,heap     ] GC(10) Survivor regions: 4->9(10)
[2024-02-11T00:25:47.967+0000][7][gc,heap     ] GC(10) Old regions: 2->2
[2024-02-11T00:25:47.967+0000][7][gc,heap     ] GC(10) Archive regions: 2->2
[2024-02-11T00:25:47.967+0000][7][gc,heap     ] GC(10) Humongous regions: 0->0
[2024-02-11T00:25:47.967+0000][7][gc,metaspace] GC(10) Metaspace: 29967K(31920K)->29967K(31920K) NonClass: 26244K(27568K)->26244K(27568K) Class: 3722K(4352K)->3722K(4352K)
[2024-02-11T00:25:47.967+0000][7][gc          ] GC(10) Pause Young (Normal) (G1 Evacuation Pause) 310M->42M(512M) 10.516ms
[2024-02-11T00:25:47.967+0000][7][gc,cpu      ] GC(10) User=0.09s Sys=0.00s Real=0.01s
[2024-02-11T00:25:47.967+0000][7][safepoint   ] Safepoint "G1CollectForAllocation", Time since last: 681798011 ns, Reaching safepoint: 115140 ns, At safepoint: 10585145 ns, Total: 10700285 ns
[2024-02-11T00:25:48.443+0000][7][safepoint   ] Safepoint "ICBufferFull", Time since last: 475348735 ns, Reaching safepoint: 170196 ns, At safepoint: 3232 ns, Total: 173428 ns
[2024-02-11T00:25:48.575+0000][7][gc,start    ] GC(11) Pause Young (Concurrent Start) (Metadata GC Threshold)
[2024-02-11T00:25:48.575+0000][7][gc,task     ] GC(11) Using 12 workers of 13 for evacuation
[2024-02-11T00:25:48.575+0000][7][gc,age      ] GC(11) Desired survivor size 20971520 bytes, new threshold 1 (max threshold 15)
[2024-02-11T00:25:48.593+0000][7][gc,age      ] GC(11) Age table with threshold 1 (max threshold 15)
[2024-02-11T00:25:48.593+0000][7][gc,age      ] GC(11) - age   1:   17056816 bytes,   17056816 total
[2024-02-11T00:25:48.594+0000][7][gc,phases   ] GC(11)   Pre Evacuate Collection Set: 0.2ms
[2024-02-11T00:25:48.594+0000][7][gc,phases   ] GC(11)   Merge Heap Roots: 0.0ms
[2024-02-11T00:25:48.594+0000][7][gc,phases   ] GC(11)   Evacuate Collection Set: 18.1ms
[2024-02-11T00:25:48.594+0000][7][gc,phases   ] GC(11)   Post Evacuate Collection Set: 0.4ms
[2024-02-11T00:25:48.594+0000][7][gc,phases   ] GC(11)   Other: 0.3ms
[2024-02-11T00:25:48.594+0000][7][gc,heap     ] GC(11) Eden regions: 32->0(71)
[2024-02-11T00:25:48.594+0000][7][gc,heap     ] GC(11) Survivor regions: 9->5(10)
[2024-02-11T00:25:48.594+0000][7][gc,heap     ] GC(11) Old regions: 2->10
[2024-02-11T00:25:48.594+0000][7][gc,heap     ] GC(11) Archive regions: 2->2
[2024-02-11T00:25:48.594+0000][7][gc,heap     ] GC(11) Humongous regions: 0->0
[2024-02-11T00:25:48.594+0000][7][gc,metaspace] GC(11) Metaspace: 33659K(35888K)->33659K(35888K) NonClass: 29323K(30896K)->29323K(30896K) Class: 4336K(4992K)->4336K(4992K)
[2024-02-11T00:25:48.594+0000][7][gc          ] GC(11) Pause Young (Concurrent Start) (Metadata GC Threshold) 170M->61M(512M) 19.091ms
[2024-02-11T00:25:48.594+0000][7][gc,cpu      ] GC(11) User=0.17s Sys=0.01s Real=0.02s
[2024-02-11T00:25:48.594+0000][7][safepoint   ] Safepoint "CollectForMetadataAllocation", Time since last: 131577975 ns, Reaching safepoint: 87409 ns, At safepoint: 19311258 ns, Total: 19398667 ns
[2024-02-11T00:25:48.594+0000][7][gc          ] GC(12) Concurrent Cycle
[2024-02-11T00:25:48.594+0000][7][gc,marking  ] GC(12) Concurrent Clear Claimed Marks
[2024-02-11T00:25:48.594+0000][7][gc,marking  ] GC(12) Concurrent Clear Claimed Marks 0.055ms
[2024-02-11T00:25:48.594+0000][7][gc,marking  ] GC(12) Concurrent Scan Root Regions
[2024-02-11T00:25:48.604+0000][7][gc,marking  ] GC(12) Concurrent Scan Root Regions 10.100ms
[2024-02-11T00:25:48.604+0000][7][gc,marking  ] GC(12) Concurrent Mark (5.284s)
[2024-02-11T00:25:48.604+0000][7][gc,marking  ] GC(12) Concurrent Mark From Roots
[2024-02-11T00:25:48.604+0000][7][gc,task     ] GC(12) Using 3 workers of 3 for marking
[2024-02-11T00:25:48.608+0000][7][safepoint   ] Safepoint "CollectForMetadataAllocation", Time since last: 13074903 ns, Reaching safepoint: 1087853 ns, At safepoint: 133996 ns, Total: 1221849 ns
[2024-02-11T00:25:48.609+0000][7][gc,marking  ] GC(12) Concurrent Mark From Roots 5.083ms
[2024-02-11T00:25:48.609+0000][7][gc,marking  ] GC(12) Concurrent Preclean
[2024-02-11T00:25:48.609+0000][7][gc,marking  ] GC(12) Concurrent Preclean 0.145ms
[2024-02-11T00:25:48.609+0000][7][gc,marking  ] GC(12) Concurrent Mark (5.284s, 5.290s) 5.292ms
[2024-02-11T00:25:48.610+0000][7][gc,start    ] GC(12) Pause Remark
[2024-02-11T00:25:48.611+0000][7][gc          ] GC(12) Pause Remark 63M->63M(512M) 1.355ms
[2024-02-11T00:25:48.611+0000][7][gc,cpu      ] GC(12) User=0.01s Sys=0.00s Real=0.00s
[2024-02-11T00:25:48.611+0000][7][safepoint   ] Safepoint "G1Concurrent", Time since last: 1287531 ns, Reaching safepoint: 96832 ns, At safepoint: 1417809 ns, Total: 1514641 ns
[2024-02-11T00:25:48.611+0000][7][gc,marking  ] GC(12) Concurrent Rebuild Remembered Sets
[2024-02-11T00:25:48.624+0000][7][gc,marking  ] GC(12) Concurrent Rebuild Remembered Sets 13.079ms
[2024-02-11T00:25:48.625+0000][7][gc,start    ] GC(12) Pause Cleanup
[2024-02-11T00:25:48.625+0000][7][gc          ] GC(12) Pause Cleanup 65M->65M(512M) 0.091ms
[2024-02-11T00:25:48.625+0000][7][gc,cpu      ] GC(12) User=0.00s Sys=0.00s Real=0.00s
[2024-02-11T00:25:48.625+0000][7][safepoint   ] Safepoint "G1Concurrent", Time since last: 13159882 ns, Reaching safepoint: 561863 ns, At safepoint: 139115 ns, Total: 700978 ns
[2024-02-11T00:25:48.625+0000][7][gc,marking  ] GC(12) Concurrent Cleanup for Next Mark
[2024-02-11T00:25:48.626+0000][7][gc,marking  ] GC(12) Concurrent Cleanup for Next Mark 1.167ms
[2024-02-11T00:25:48.626+0000][7][gc          ] GC(12) Concurrent Cycle 32.170ms
[2024-02-11T00:25:49.196+0000][7][safepoint   ] Safepoint "ICBufferFull", Time since last: 570939891 ns, Reaching safepoint: 131164 ns, At safepoint: 4336 ns, Total: 135500 ns
[2024-02-11T00:25:49.770+0000][7][safepoint   ] Safepoint "ICBufferFull", Time since last: 574018206 ns, Reaching safepoint: 137502 ns, At safepoint: 9015 ns, Total: 146517 ns
[2024-02-11T00:25:49.864+0000][7][gc,start    ] GC(13) Pause Young (Concurrent Start) (G1 Evacuation Pause)
[2024-02-11T00:25:49.864+0000][7][gc,task     ] GC(13) Using 12 workers of 13 for evacuation
[2024-02-11T00:25:49.864+0000][7][gc,age      ] GC(13) Desired survivor size 20971520 bytes, new threshold 15 (max threshold 15)
[2024-02-11T00:25:49.876+0000][7][gc,age      ] GC(13) Age table with threshold 15 (max threshold 15)
[2024-02-11T00:25:49.876+0000][7][gc,age      ] GC(13) - age   1:    6519032 bytes,    6519032 total
[2024-02-11T00:25:49.876+0000][7][gc,age      ] GC(13) - age   2:   16987688 bytes,   23506720 total
[2024-02-11T00:25:49.876+0000][7][gc,phases   ] GC(13)   Pre Evacuate Collection Set: 0.1ms
[2024-02-11T00:25:49.876+0000][7][gc,phases   ] GC(13)   Merge Heap Roots: 0.1ms
[2024-02-11T00:25:49.876+0000][7][gc,phases   ] GC(13)   Evacuate Collection Set: 11.1ms
[2024-02-11T00:25:49.876+0000][7][gc,phases   ] GC(13)   Post Evacuate Collection Set: 0.7ms
[2024-02-11T00:25:49.876+0000][7][gc,phases   ] GC(13)   Other: 0.3ms
[2024-02-11T00:25:49.876+0000][7][gc,heap     ] GC(13) Eden regions: 71->0(69)
[2024-02-11T00:25:49.876+0000][7][gc,heap     ] GC(13) Survivor regions: 5->7(10)
[2024-02-11T00:25:49.876+0000][7][gc,heap     ] GC(13) Old regions: 10->10
[2024-02-11T00:25:49.876+0000][7][gc,heap     ] GC(13) Archive regions: 2->2
[2024-02-11T00:25:49.876+0000][7][gc,heap     ] GC(13) Humongous regions: 0->0
[2024-02-11T00:25:49.876+0000][7][gc,metaspace] GC(13) Metaspace: 51821K(55344K)->51821K(55344K) NonClass: 44911K(47536K)->44911K(47536K) Class: 6909K(7808K)->6909K(7808K)
[2024-02-11T00:25:49.876+0000][7][gc          ] GC(13) Pause Young (Concurrent Start) (G1 Evacuation Pause) 345M->65M(512M) 12.404ms
[2024-02-11T00:25:49.876+0000][7][gc,cpu      ] GC(13) User=0.14s Sys=0.00s Real=0.01s
[2024-02-11T00:25:49.876+0000][7][safepoint   ] Safepoint "G1CollectForAllocation", Time since last: 93538140 ns, Reaching safepoint: 109250 ns, At safepoint: 12484131 ns, Total: 12593381 ns
[2024-02-11T00:25:49.876+0000][7][gc          ] GC(14) Concurrent Cycle
[2024-02-11T00:25:49.876+0000][7][gc,marking  ] GC(14) Concurrent Clear Claimed Marks
[2024-02-11T00:25:49.876+0000][7][gc,marking  ] GC(14) Concurrent Clear Claimed Marks 0.061ms
[2024-02-11T00:25:49.876+0000][7][gc,marking  ] GC(14) Concurrent Scan Root Regions
[2024-02-11T00:25:49.884+0000][7][gc,marking  ] GC(14) Concurrent Scan Root Regions 7.676ms
[2024-02-11T00:25:49.884+0000][7][gc,marking  ] GC(14) Concurrent Mark (6.564s)
[2024-02-11T00:25:49.884+0000][7][gc,marking  ] GC(14) Concurrent Mark From Roots
[2024-02-11T00:25:49.884+0000][7][gc,task     ] GC(14) Using 3 workers of 3 for marking
[2024-02-11T00:25:49.911+0000][7][gc,marking  ] GC(14) Concurrent Mark From Roots 26.552ms
[2024-02-11T00:25:49.911+0000][7][gc,marking  ] GC(14) Concurrent Preclean
[2024-02-11T00:25:49.911+0000][7][gc,marking  ] GC(14) Concurrent Preclean 0.472ms
[2024-02-11T00:25:49.911+0000][7][gc,marking  ] GC(14) Concurrent Mark (6.564s, 6.591s) 27.154ms
[2024-02-11T00:25:49.912+0000][7][gc,start    ] GC(14) Pause Remark
[2024-02-11T00:25:49.917+0000][7][gc          ] GC(14) Pause Remark 73M->73M(512M) 5.121ms
[2024-02-11T00:25:49.917+0000][7][gc,cpu      ] GC(14) User=0.04s Sys=0.00s Real=0.01s
[2024-02-11T00:25:49.917+0000][7][safepoint   ] Safepoint "G1Concurrent", Time since last: 35437344 ns, Reaching safepoint: 147059 ns, At safepoint: 5209052 ns, Total: 5356111 ns
[2024-02-11T00:25:49.917+0000][7][gc,marking  ] GC(14) Concurrent Rebuild Remembered Sets
[2024-02-11T00:25:49.934+0000][7][gc,marking  ] GC(14) Concurrent Rebuild Remembered Sets 16.755ms
[2024-02-11T00:25:49.935+0000][7][gc,start    ] GC(14) Pause Cleanup
[2024-02-11T00:25:49.935+0000][7][gc          ] GC(14) Pause Cleanup 75M->75M(512M) 0.130ms
[2024-02-11T00:25:49.935+0000][7][gc,cpu      ] GC(14) User=0.01s Sys=0.00s Real=0.00s
[2024-02-11T00:25:49.935+0000][7][safepoint   ] Safepoint "G1Concurrent", Time since last: 16866173 ns, Reaching safepoint: 943740 ns, At safepoint: 188298 ns, Total: 1132038 ns
[2024-02-11T00:25:49.935+0000][7][gc,marking  ] GC(14) Concurrent Cleanup for Next Mark
[2024-02-11T00:25:49.936+0000][7][gc,marking  ] GC(14) Concurrent Cleanup for Next Mark 0.757ms
[2024-02-11T00:25:49.936+0000][7][gc          ] GC(14) Concurrent Cycle 59.597ms
[2024-02-11T00:25:50.413+0000][7][safepoint   ] Safepoint "ICBufferFull", Time since last: 478225611 ns, Reaching safepoint: 230061 ns, At safepoint: 3527 ns, Total: 233588 ns
[2024-02-11T00:25:51.180+0000][7][safepoint   ] Safepoint "ICBufferFull", Time since last: 765591266 ns, Reaching safepoint: 790309 ns, At safepoint: 5505 ns, Total: 795814 ns
[2024-02-11T00:25:51.608+0000][7][safepoint   ] Safepoint "ICBufferFull", Time since last: 428159230 ns, Reaching safepoint: 182012 ns, At safepoint: 4370 ns, Total: 186382 ns
[2024-02-11T00:25:51.858+0000][7][safepoint   ] Safepoint "ICBufferFull", Time since last: 249760629 ns, Reaching safepoint: 153375 ns, At safepoint: 7520 ns, Total: 160895 ns
[2024-02-11T00:25:51.967+0000][7][safepoint   ] Safepoint "ICBufferFull", Time since last: 109028697 ns, Reaching safepoint: 161626 ns, At safepoint: 3963 ns, Total: 165589 ns
[2024-02-11T00:25:52.267+0000][7][safepoint   ] Safepoint "ICBufferFull", Time since last: 299139366 ns, Reaching safepoint: 161070 ns, At safepoint: 9606 ns, Total: 170676 ns
[2024-02-11T00:25:52.307+0000][7][gc,start    ] GC(15) Pause Young (Concurrent Start) (Metadata GC Threshold)
[2024-02-11T00:25:52.307+0000][7][gc,task     ] GC(15) Using 12 workers of 13 for evacuation
[2024-02-11T00:25:52.307+0000][7][gc,age      ] GC(15) Desired survivor size 20971520 bytes, new threshold 2 (max threshold 15)
[2024-02-11T00:25:52.318+0000][7][gc,age      ] GC(15) Age table with threshold 2 (max threshold 15)
[2024-02-11T00:25:52.318+0000][7][gc,age      ] GC(15) - age   1:   14079008 bytes,   14079008 total
[2024-02-11T00:25:52.318+0000][7][gc,age      ] GC(15) - age   2:    6170112 bytes,   20249120 total
[2024-02-11T00:25:52.318+0000][7][gc,phases   ] GC(15)   Pre Evacuate Collection Set: 0.1ms
[2024-02-11T00:25:52.318+0000][7][gc,phases   ] GC(15)   Merge Heap Roots: 0.1ms
[2024-02-11T00:25:52.318+0000][7][gc,phases   ] GC(15)   Evacuate Collection Set: 10.1ms
[2024-02-11T00:25:52.318+0000][7][gc,phases   ] GC(15)   Post Evacuate Collection Set: 1.0ms
[2024-02-11T00:25:52.318+0000][7][gc,phases   ] GC(15)   Other: 0.3ms
[2024-02-11T00:25:52.318+0000][7][gc,heap     ] GC(15) Eden regions: 60->0(70)
[2024-02-11T00:25:52.318+0000][7][gc,heap     ] GC(15) Survivor regions: 7->6(10)
[2024-02-11T00:25:52.318+0000][7][gc,heap     ] GC(15) Old regions: 10->14
[2024-02-11T00:25:52.318+0000][7][gc,heap     ] GC(15) Archive regions: 2->2
[2024-02-11T00:25:52.318+0000][7][gc,heap     ] GC(15) Humongous regions: 2->2
[2024-02-11T00:25:52.318+0000][7][gc,metaspace] GC(15) Metaspace: 87841K(92208K)->87841K(92208K) NonClass: 75982K(79280K)->75982K(79280K) Class: 11858K(12928K)->11858K(12928K)
[2024-02-11T00:25:52.318+0000][7][gc          ] GC(15) Pause Young (Concurrent Start) (Metadata GC Threshold) 312M->87M(512M) 11.723ms
[2024-02-11T00:25:52.318+0000][7][gc,cpu      ] GC(15) User=0.14s Sys=0.00s Real=0.01s
[2024-02-11T00:25:52.319+0000][7][safepoint   ] Safepoint "CollectForMetadataAllocation", Time since last: 40017960 ns, Reaching safepoint: 62955 ns, At safepoint: 11948951 ns, Total: 12011906 ns
[2024-02-11T00:25:52.319+0000][7][gc          ] GC(16) Concurrent Cycle
[2024-02-11T00:25:52.319+0000][7][gc,marking  ] GC(16) Concurrent Clear Claimed Marks
[2024-02-11T00:25:52.319+0000][7][gc,marking  ] GC(16) Concurrent Clear Claimed Marks 0.065ms
[2024-02-11T00:25:52.319+0000][7][gc,marking  ] GC(16) Concurrent Scan Root Regions
[2024-02-11T00:25:52.330+0000][7][gc,marking  ] GC(16) Concurrent Scan Root Regions 10.774ms
[2024-02-11T00:25:52.330+0000][7][gc,marking  ] GC(16) Concurrent Mark (9.010s)
[2024-02-11T00:25:52.330+0000][7][gc,marking  ] GC(16) Concurrent Mark From Roots
[2024-02-11T00:25:52.330+0000][7][gc,task     ] GC(16) Using 3 workers of 3 for marking
[2024-02-11T00:25:52.339+0000][7][safepoint   ] Safepoint "CollectForMetadataAllocation", Time since last: 20101826 ns, Reaching safepoint: 94944 ns, At safepoint: 127763 ns, Total: 222707 ns
[2024-02-11T00:25:52.356+0000][7][gc,marking  ] GC(16) Concurrent Mark From Roots 26.878ms
[2024-02-11T00:25:52.357+0000][7][gc,marking  ] GC(16) Concurrent Preclean
[2024-02-11T00:25:52.357+0000][7][gc,marking  ] GC(16) Concurrent Preclean 0.346ms
[2024-02-11T00:25:52.357+0000][7][gc,marking  ] GC(16) Concurrent Mark (9.010s, 9.037s) 27.303ms
[2024-02-11T00:25:52.358+0000][7][gc,start    ] GC(16) Pause Remark
[2024-02-11T00:25:52.359+0000][7][gc          ] GC(16) Pause Remark 95M->95M(512M) 1.610ms
[2024-02-11T00:25:52.359+0000][7][gc,cpu      ] GC(16) User=0.01s Sys=0.00s Real=0.00s
[2024-02-11T00:25:52.359+0000][7][safepoint   ] Safepoint "G1Concurrent", Time since last: 18652657 ns, Reaching safepoint: 119277 ns, At safepoint: 1696069 ns, Total: 1815346 ns
[2024-02-11T00:25:52.359+0000][7][gc,marking  ] GC(16) Concurrent Rebuild Remembered Sets
[2024-02-11T00:25:52.387+0000][7][gc,marking  ] GC(16) Concurrent Rebuild Remembered Sets 27.673ms
[2024-02-11T00:25:52.388+0000][7][gc,start    ] GC(16) Pause Cleanup
[2024-02-11T00:25:52.388+0000][7][gc          ] GC(16) Pause Cleanup 97M->97M(512M) 0.126ms
[2024-02-11T00:25:52.388+0000][7][gc,cpu      ] GC(16) User=0.00s Sys=0.00s Real=0.00s
[2024-02-11T00:25:52.388+0000][7][safepoint   ] Safepoint "G1Concurrent", Time since last: 27860932 ns, Reaching safepoint: 276243 ns, At safepoint: 213654 ns, Total: 489897 ns
[2024-02-11T00:25:52.388+0000][7][gc,marking  ] GC(16) Concurrent Cleanup for Next Mark
[2024-02-11T00:25:52.389+0000][7][gc,marking  ] GC(16) Concurrent Cleanup for Next Mark 1.117ms
[2024-02-11T00:25:52.389+0000][7][gc          ] GC(16) Concurrent Cycle 70.301ms
[2024-02-11T00:25:54.244+0000][7][safepoint   ] Safepoint "Cleanup", Time since last: 1855806680 ns, Reaching safepoint: 100411 ns, At safepoint: 3739 ns, Total: 104150 ns
[2024-02-11T00:25:55.244+0000][7][safepoint   ] Safepoint "Cleanup", Time since last: 1000116809 ns, Reaching safepoint: 63261 ns, At safepoint: 4553 ns, Total: 67814 ns
[2024-02-11T00:25:56.244+0000][7][safepoint   ] Safepoint "Cleanup", Time since last: 1000113756 ns, Reaching safepoint: 54071 ns, At safepoint: 3250 ns, Total: 57321 ns
[2024-02-11T00:25:58.244+0000][7][safepoint   ] Safepoint "Cleanup", Time since last: 2000185121 ns, Reaching safepoint: 51668 ns, At safepoint: 3331 ns, Total: 54999 ns
[2024-02-11T00:25:59.244+0000][7][safepoint   ] Safepoint "Cleanup", Time since last: 1000119131 ns, Reaching safepoint: 51666 ns, At safepoint: 3087 ns, Total: 54753 ns
[2024-02-11T00:26:02.245+0000][7][safepoint   ] Safepoint "Cleanup", Time since last: 3000236958 ns, Reaching safepoint: 63525 ns, At safepoint: 4397 ns, Total: 67922 ns
[2024-02-11T00:26:08.245+0000][7][safepoint   ] Safepoint "Cleanup", Time since last: 6000410228 ns, Reaching safepoint: 52680 ns, At safepoint: 3179 ns, Total: 55859 ns
[2024-02-11T00:26:10.245+0000][7][safepoint   ] Safepoint "Cleanup", Time since last: 2000179245 ns, Reaching safepoint: 59713 ns, At safepoint: 3067 ns, Total: 62780 ns
[2024-02-11T00:26:15.246+0000][7][safepoint   ] Safepoint "Cleanup", Time since last: 5000360536 ns, Reaching safepoint: 56411 ns, At safepoint: 4514 ns, Total: 60925 ns
[2024-02-11T00:26:22.246+0000][7][safepoint   ] Safepoint "Cleanup", Time since last: 7000422327 ns, Reaching safepoint: 61735 ns, At safepoint: 3421 ns, Total: 65156 ns
[2024-02-11T00:26:23.247+0000][7][safepoint   ] Safepoint "Cleanup", Time since last: 1000091072 ns, Reaching safepoint: 59717 ns, At safepoint: 2334 ns, Total: 62051 ns
[2024-02-11T00:26:26.247+0000][7][safepoint   ] Safepoint "Cleanup", Time since last: 3000222768 ns, Reaching safepoint: 67243 ns, At safepoint: 4566 ns, Total: 71809 ns
[2024-02-11T00:26:36.247+0000][7][safepoint   ] Safepoint "Cleanup", Time since last: 10000468091 ns, Reaching safepoint: 100210 ns, At safepoint: 4304 ns, Total: 104514 ns
[2024-02-11T00:26:39.248+0000][7][safepoint   ] Safepoint "Cleanup", Time since last: 3000245075 ns, Reaching safepoint: 61863 ns, At safepoint: 3476 ns, Total: 65339 ns
[2024-02-11T00:26:41.248+0000][7][safepoint   ] Safepoint "Cleanup", Time since last: 2000161520 ns, Reaching safepoint: 62748 ns, At safepoint: 3232 ns, Total: 65980 ns
[2024-02-11T00:26:48.248+0000][7][safepoint   ] Safepoint "Cleanup", Time since last: 7000414149 ns, Reaching safepoint: 75550 ns, At safepoint: 3296 ns, Total: 78846 ns
[2024-02-11T00:26:50.249+0000][7][safepoint   ] Safepoint "Cleanup", Time since last: 2000166067 ns, Reaching safepoint: 63315 ns, At safepoint: 3261 ns, Total: 66576 ns
[2024-02-11T00:26:51.249+0000][7][safepoint   ] Safepoint "Cleanup", Time since last: 1000117752 ns, Reaching safepoint: 63408 ns, At safepoint: 4580 ns, Total: 67988 ns
[2024-02-11T00:26:52.249+0000][7][safepoint   ] Safepoint "Cleanup", Time since last: 1000117337 ns, Reaching safepoint: 61531 ns, At safepoint: 4418 ns, Total: 65949 ns
[2024-02-11T00:26:54.249+0000][7][safepoint   ] Safepoint "Cleanup", Time since last: 2000175054 ns, Reaching safepoint: 61468 ns, At safepoint: 3639 ns, Total: 65107 ns
[2024-02-11T00:26:55.249+0000][7][safepoint   ] Safepoint "Cleanup", Time since last: 1000115091 ns, Reaching safepoint: 61760 ns, At safepoint: 3427 ns, Total: 65187 ns
[2024-02-11T00:26:57.250+0000][7][safepoint   ] Safepoint "Cleanup", Time since last: 2000163856 ns, Reaching safepoint: 64885 ns, At safepoint: 4451 ns, Total: 69336 ns
[2024-02-11T00:27:02.250+0000][7][safepoint   ] Safepoint "Cleanup", Time since last: 5000330628 ns, Reaching safepoint: 64468 ns, At safepoint: 3285 ns, Total: 67753 ns
[2024-02-11T00:27:17.251+0000][7][safepoint   ] Safepoint "Cleanup", Time since last: 15000815029 ns, Reaching safepoint: 72810 ns, At safepoint: 3446 ns, Total: 76256 ns
[2024-02-11T00:27:36.252+0000][7][safepoint   ] Safepoint "Cleanup", Time since last: 19000998816 ns, Reaching safepoint: 63857 ns, At safepoint: 3133 ns, Total: 66990 ns
[2024-02-11T00:27:52.253+0000][7][safepoint   ] Safepoint "Cleanup", Time since last: 16000801792 ns, Reaching safepoint: 106933 ns, At safepoint: 4141 ns, Total: 111074 ns
[2024-02-11T00:27:58.253+0000][7][safepoint   ] Safepoint "Cleanup", Time since last: 6000360596 ns, Reaching safepoint: 62402 ns, At safepoint: 2585 ns, Total: 64987 ns
[2024-02-11T00:27:59.254+0000][7][safepoint   ] Safepoint "Cleanup", Time since last: 1000093920 ns, Reaching safepoint: 64815 ns, At safepoint: 3857 ns, Total: 68672 ns
[2024-02-11T00:28:00.254+0000][7][safepoint   ] Safepoint "Cleanup", Time since last: 1000110265 ns, Reaching safepoint: 61010 ns, At safepoint: 3769 ns, Total: 64779 ns
[2024-02-11T00:28:01.254+0000][7][safepoint   ] Safepoint "Cleanup", Time since last: 1000128086 ns, Reaching safepoint: 63809 ns, At safepoint: 3177 ns, Total: 66986 ns
[2024-02-11T00:28:05.254+0000][7][safepoint   ] Safepoint "Cleanup", Time since last: 4000238015 ns, Reaching safepoint: 62181 ns, At safepoint: 3578 ns, Total: 65759 ns
[2024-02-11T00:28:18.255+0000][7][safepoint   ] Safepoint "Cleanup", Time since last: 13000580150 ns, Reaching safepoint: 74957 ns, At safepoint: 4272 ns, Total: 79229 ns
[2024-02-11T00:28:29.255+0000][7][safepoint   ] Safepoint "Cleanup", Time since last: 11000444330 ns, Reaching safepoint: 63159 ns, At safepoint: 3080 ns, Total: 66239 ns
[2024-02-11T00:28:50.257+0000][7][safepoint   ] Safepoint "Cleanup", Time since last: 21001045694 ns, Reaching safepoint: 77305 ns, At safepoint: 3177 ns, Total: 80482 ns
[2024-02-11T00:29:00.257+0000][7][safepoint   ] Safepoint "Cleanup", Time since last: 10000535257 ns, Reaching safepoint: 65739 ns, At safepoint: 3079 ns, Total: 68818 ns
[2024-02-11T00:29:03.257+0000][7][safepoint   ] Safepoint "Cleanup", Time since last: 3000178832 ns, Reaching safepoint: 60703 ns, At safepoint: 3295 ns, Total: 63998 ns
[2024-02-11T00:29:06.258+0000][7][safepoint   ] Safepoint "Cleanup", Time since last: 3000178719 ns, Reaching safepoint: 79896 ns, At safepoint: 3634 ns, Total: 83530 ns
[2024-02-11T00:29:21.258+0000][7][safepoint   ] Safepoint "Cleanup", Time since last: 15000778257 ns, Reaching safepoint: 70829 ns, At safepoint: 2972 ns, Total: 73801 ns
[2024-02-11T00:29:23.259+0000][7][safepoint   ] Safepoint "Cleanup", Time since last: 2000153077 ns, Reaching safepoint: 60481 ns, At safepoint: 2743 ns, Total: 63224 ns
[2024-02-11T00:29:30.259+0000][7][safepoint   ] Safepoint "Cleanup", Time since last: 7000475626 ns, Reaching safepoint: 68140 ns, At safepoint: 3415 ns, Total: 71555 ns
[2024-02-11T00:29:48.260+0000][7][safepoint   ] Safepoint "Cleanup", Time since last: 18001173480 ns, Reaching safepoint: 68272 ns, At safepoint: 3749 ns, Total: 72021 ns
[2024-02-11T00:29:52.261+0000][7][safepoint   ] Safepoint "Cleanup", Time since last: 4000308749 ns, Reaching safepoint: 64365 ns, At safepoint: 3606 ns, Total: 67971 ns
[2024-02-11T00:29:53.261+0000][7][safepoint   ] Safepoint "Cleanup", Time since last: 1000086968 ns, Reaching safepoint: 58106 ns, At safepoint: 2544 ns, Total: 60650 ns
[2024-02-11T00:30:02.262+0000][7][safepoint   ] Safepoint "Cleanup", Time since last: 9000622286 ns, Reaching safepoint: 58036 ns, At safepoint: 3115 ns, Total: 61151 ns
[2024-02-11T00:30:03.262+0000][7][safepoint   ] Safepoint "Cleanup", Time since last: 1000120208 ns, Reaching safepoint: 58175 ns, At safepoint: 3308 ns, Total: 61483 ns
[2024-02-11T00:30:04.262+0000][7][safepoint   ] Safepoint "Cleanup", Time since last: 1000116093 ns, Reaching safepoint: 58178 ns, At safepoint: 3323 ns, Total: 61501 ns
[2024-02-11T00:30:08.262+0000][7][safepoint   ] Safepoint "Cleanup", Time since last: 4000298743 ns, Reaching safepoint: 60615 ns, At safepoint: 3471 ns, Total: 64086 ns
[2024-02-11T00:30:10.263+0000][7][safepoint   ] Safepoint "Cleanup", Time since last: 2000184417 ns, Reaching safepoint: 64136 ns, At safepoint: 3039 ns, Total: 67175 ns
[2024-02-11T00:30:22.264+0000][7][safepoint   ] Safepoint "Cleanup", Time since last: 12000798653 ns, Reaching safepoint: 67051 ns, At safepoint: 3359 ns, Total: 70410 ns
[2024-02-11T00:30:33.264+0000][7][safepoint   ] Safepoint "Cleanup", Time since last: 11000710990 ns, Reaching safepoint: 63909 ns, At safepoint: 3241 ns, Total: 67150 ns
[2024-02-11T00:30:52.266+0000][7][safepoint   ] Safepoint "Cleanup", Time since last: 19001188183 ns, Reaching safepoint: 62355 ns, At safepoint: 3363 ns, Total: 65718 ns
[2024-02-11T00:31:07.267+0000][7][safepoint   ] Safepoint "Cleanup", Time since last: 15000981249 ns, Reaching safepoint: 103083 ns, At safepoint: 3281 ns, Total: 106364 ns
[2024-02-11T00:31:25.268+0000][7][safepoint   ] Safepoint "Cleanup", Time since last: 18001141172 ns, Reaching safepoint: 65491 ns, At safepoint: 3567 ns, Total: 69058 ns
[2024-02-11T00:31:26.268+0000][7][safepoint   ] Safepoint "Cleanup", Time since last: 1000119611 ns, Reaching safepoint: 65085 ns, At safepoint: 2969 ns, Total: 68054 ns
[2024-02-11T00:31:30.268+0000][7][safepoint   ] Safepoint "Cleanup", Time since last: 4000307681 ns, Reaching safepoint: 61262 ns, At safepoint: 3395 ns, Total: 64657 ns
[2024-02-11T00:31:52.270+0000][7][safepoint   ] Safepoint "Cleanup", Time since last: 22001360737 ns, Reaching safepoint: 65582 ns, At safepoint: 3512 ns, Total: 69094 ns
[2024-02-11T00:31:53.270+0000][7][safepoint   ] Safepoint "Cleanup", Time since last: 1000123408 ns, Reaching safepoint: 65764 ns, At safepoint: 3460 ns, Total: 69224 ns
[2024-02-11T00:32:01.271+0000][7][safepoint   ] Safepoint "Cleanup", Time since last: 8000545105 ns, Reaching safepoint: 69887 ns, At safepoint: 4093 ns, Total: 73980 ns
[2024-02-11T00:32:18.272+0000][7][safepoint   ] Safepoint "Cleanup", Time since last: 17001076121 ns, Reaching safepoint: 62652 ns, At safepoint: 3453 ns, Total: 66105 ns
[2024-02-11T00:32:22.272+0000][7][safepoint   ] Safepoint "Cleanup", Time since last: 4000293187 ns, Reaching safepoint: 63203 ns, At safepoint: 3596 ns, Total: 66799 ns
[2024-02-11T00:32:55.274+0000][7][safepoint   ] Safepoint "Cleanup", Time since last: 33001935935 ns, Reaching safepoint: 96680 ns, At safepoint: 4182 ns, Total: 100862 ns
[2024-02-11T00:33:23.276+0000][7][safepoint   ] Safepoint "Cleanup", Time since last: 28001633836 ns, Reaching safepoint: 68370 ns, At safepoint: 5657 ns, Total: 74027 ns
[2024-02-11T00:33:52.278+0000][7][safepoint   ] Safepoint "Cleanup", Time since last: 29001782672 ns, Reaching safepoint: 62315 ns, At safepoint: 3457 ns, Total: 65772 ns
[2024-02-11T00:34:06.279+0000][7][safepoint   ] Safepoint "Cleanup", Time since last: 14000834950 ns, Reaching safepoint: 65179 ns, At safepoint: 6154 ns, Total: 71333 ns
[2024-02-11T00:34:07.279+0000][7][safepoint   ] Safepoint "Cleanup", Time since last: 1000124140 ns, Reaching safepoint: 72113 ns, At safepoint: 3709 ns, Total: 75822 ns
[2024-02-11T00:35:22.283+0000][7][safepoint   ] Safepoint "Cleanup", Time since last: 75004397822 ns, Reaching safepoint: 65645 ns, At safepoint: 3283 ns, Total: 68928 ns
[2024-02-11T00:35:23.284+0000][7][safepoint   ] Safepoint "Cleanup", Time since last: 1000134568 ns, Reaching safepoint: 67386 ns, At safepoint: 3560 ns, Total: 70946 ns
[2024-02-11T00:35:51.285+0000][7][safepoint   ] Safepoint "Cleanup", Time since last: 28001726937 ns, Reaching safepoint: 65074 ns, At safepoint: 3235 ns, Total: 68309 ns
[2024-02-11T00:36:16.287+0000][7][safepoint   ] Safepoint "Cleanup", Time since last: 25001556753 ns, Reaching safepoint: 63177 ns, At safepoint: 3227 ns, Total: 66404 ns
[2024-02-11T00:36:24.288+0000][7][safepoint   ] Safepoint "Cleanup", Time since last: 8000541206 ns, Reaching safepoint: 61656 ns, At safepoint: 3534 ns, Total: 65190 ns
[2024-02-11T00:36:28.288+0000][7][safepoint   ] Safepoint "Cleanup", Time since last: 4000299217 ns, Reaching safepoint: 62792 ns, At safepoint: 32316 ns, Total: 95108 ns
[2024-02-11T00:36:43.289+0000][7][safepoint   ] Safepoint "Cleanup", Time since last: 15000935506 ns, Reaching safepoint: 61467 ns, At safepoint: 3964 ns, Total: 65431 ns
[2024-02-11T00:37:42.293+0000][7][safepoint   ] Safepoint "Cleanup", Time since last: 59003562611 ns, Reaching safepoint: 174279 ns, At safepoint: 4908 ns, Total: 179187 ns
[2024-02-11T00:37:53.294+0000][7][safepoint   ] Safepoint "Cleanup", Time since last: 11000741755 ns, Reaching safepoint: 64328 ns, At safepoint: 3130 ns, Total: 67458 ns
[2024-02-11T00:38:02.294+0000][7][safepoint   ] Safepoint "Cleanup", Time since last: 9000618198 ns, Reaching safepoint: 65489 ns, At safepoint: 3572 ns, Total: 69061 ns
[2024-02-11T00:38:23.296+0000][7][safepoint   ] Safepoint "Cleanup", Time since last: 21001343209 ns, Reaching safepoint: 112304 ns, At safepoint: 3702 ns, Total: 116006 ns
[2024-02-11T00:40:40.304+0000][7][safepoint   ] Safepoint "Cleanup", Time since last: 137008163170 ns, Reaching safepoint: 66265 ns, At safepoint: 6543 ns, Total: 72808 ns
[2024-02-11T00:40:52.305+0000][7][safepoint   ] Safepoint "Cleanup", Time since last: 12000764032 ns, Reaching safepoint: 51446 ns, At safepoint: 3487 ns, Total: 54933 ns
[2024-02-11T00:41:02.305+0000][7][safepoint   ] Safepoint "Cleanup", Time since last: 10000599211 ns, Reaching safepoint: 66523 ns, At safepoint: 4116 ns, Total: 70639 ns
[2024-02-11T00:41:15.306+0000][7][safepoint   ] Safepoint "Cleanup", Time since last: 13000832962 ns, Reaching safepoint: 58022 ns, At safepoint: 3678 ns, Total: 61700 ns
[2024-02-11T00:41:48.308+0000][7][safepoint   ] Safepoint "Cleanup", Time since last: 33002012867 ns, Reaching safepoint: 67761 ns, At safepoint: 4787 ns, Total: 72548 ns
[2024-02-11T00:42:22.310+0000][7][safepoint   ] Safepoint "Cleanup", Time since last: 34002063364 ns, Reaching safepoint: 64613 ns, At safepoint: 3095 ns, Total: 67708 ns
[2024-02-11T00:43:49.316+0000][7][safepoint   ] Safepoint "Cleanup", Time since last: 87005151407 ns, Reaching safepoint: 77784 ns, At safepoint: 4307 ns, Total: 82091 ns
[2024-02-11T00:43:52.316+0000][7][safepoint   ] Safepoint "Cleanup", Time since last: 3000230409 ns, Reaching safepoint: 58888 ns, At safepoint: 3389 ns, Total: 62277 ns
[2024-02-11T00:44:52.320+0000][7][safepoint   ] Safepoint "Cleanup", Time since last: 60003501834 ns, Reaching safepoint: 60485 ns, At safepoint: 3481 ns, Total: 63966 ns
[2024-02-11T00:45:25.322+0000][7][safepoint   ] Safepoint "Cleanup", Time since last: 33001966450 ns, Reaching safepoint: 105022 ns, At safepoint: 3996 ns, Total: 109018 ns
[2024-02-11T00:45:40.323+0000][7][safepoint   ] Safepoint "Cleanup", Time since last: 15000934706 ns, Reaching safepoint: 59526 ns, At safepoint: 3300 ns, Total: 62826 ns
[2024-02-11T00:45:52.323+0000][7][safepoint   ] Safepoint "Cleanup", Time since last: 12000749069 ns, Reaching safepoint: 64818 ns, At safepoint: 3297 ns, Total: 68115 ns
[2024-02-11T00:46:45.327+0000][7][safepoint   ] Safepoint "Cleanup", Time since last: 53003209266 ns, Reaching safepoint: 67364 ns, At safepoint: 4752 ns, Total: 72116 ns
[2024-02-11T00:46:52.327+0000][7][safepoint   ] Safepoint "Cleanup", Time since last: 7000483802 ns, Reaching safepoint: 53378 ns, At safepoint: 2971 ns, Total: 56349 ns
[2024-02-11T00:47:15.329+0000][7][safepoint   ] Safepoint "Cleanup", Time since last: 23001416138 ns, Reaching safepoint: 62925 ns, At safepoint: 3332 ns, Total: 66257 ns
[2024-02-11T00:48:52.335+0000][7][safepoint   ] Safepoint "Cleanup", Time since last: 97005659136 ns, Reaching safepoint: 63572 ns, At safepoint: 2268 ns, Total: 65840 ns
[2024-02-11T00:50:04.339+0000][7][safepoint   ] Safepoint "Cleanup", Time since last: 72004276178 ns, Reaching safepoint: 55401 ns, At safepoint: 2291 ns, Total: 57692 ns
[2024-02-11T00:50:12.339+0000][7][safepoint   ] Safepoint "Cleanup", Time since last: 8000531211 ns, Reaching safepoint: 57734 ns, At safepoint: 3376 ns, Total: 61110 ns
[2024-02-11T00:50:22.340+0000][7][safepoint   ] Safepoint "Cleanup", Time since last: 10000636919 ns, Reaching safepoint: 61798 ns, At safepoint: 3328 ns, Total: 65126 ns
[2024-02-11T00:50:52.342+0000][7][safepoint   ] Safepoint "Cleanup", Time since last: 30001820422 ns, Reaching safepoint: 63413 ns, At safepoint: 3470 ns, Total: 66883 ns
[2024-02-11T00:51:22.344+0000][7][safepoint   ] Safepoint "Cleanup", Time since last: 30001757692 ns, Reaching safepoint: 59709 ns, At safepoint: 4345 ns, Total: 64054 ns
[2024-02-11T00:51:27.344+0000][7][safepoint   ] Safepoint "Cleanup", Time since last: 5000360831 ns, Reaching safepoint: 67781 ns, At safepoint: 3183 ns, Total: 70964 ns
[2024-02-11T00:52:22.348+0000][7][safepoint   ] Safepoint "Cleanup", Time since last: 55003290769 ns, Reaching safepoint: 67653 ns, At safepoint: 3273 ns, Total: 70926 ns
[2024-02-11T00:52:34.348+0000][7][safepoint   ] Safepoint "Cleanup", Time since last: 12000764823 ns, Reaching safepoint: 64773 ns, At safepoint: 3164 ns, Total: 67937 ns
[2024-02-11T00:53:46.353+0000][7][safepoint   ] Safepoint "Cleanup", Time since last: 72004261971 ns, Reaching safepoint: 64413 ns, At safepoint: 4231 ns, Total: 68644 ns
[2024-02-11T00:55:22.359+0000][7][safepoint   ] Safepoint "Cleanup", Time since last: 96005761189 ns, Reaching safepoint: 62556 ns, At safepoint: 2158 ns, Total: 64714 ns
[2024-02-11T00:56:22.362+0000][7][safepoint   ] Safepoint "Cleanup", Time since last: 60003558406 ns, Reaching safepoint: 62577 ns, At safepoint: 3292 ns, Total: 65869 ns
[2024-02-11T00:56:26.363+0000][7][safepoint   ] Safepoint "Cleanup", Time since last: 4000301627 ns, Reaching safepoint: 73439 ns, At safepoint: 3064 ns, Total: 76503 ns
[2024-02-11T00:56:52.364+0000][7][safepoint   ] Safepoint "Cleanup", Time since last: 26001568468 ns, Reaching safepoint: 59364 ns, At safepoint: 2988 ns, Total: 62352 ns
[2024-02-11T00:57:55.368+0000][7][safepoint   ] Safepoint "Cleanup", Time since last: 63003767947 ns, Reaching safepoint: 77015 ns, At safepoint: 6501 ns, Total: 83516 ns
[2024-02-11T00:58:02.369+0000][7][safepoint   ] Safepoint "Cleanup", Time since last: 7000474392 ns, Reaching safepoint: 66988 ns, At safepoint: 3554 ns, Total: 70542 ns
[2024-02-11T00:58:50.372+0000][7][safepoint   ] Safepoint "Cleanup", Time since last: 48002903745 ns, Reaching safepoint: 68420 ns, At safepoint: 3157 ns, Total: 71577 ns
[2024-02-11T00:59:52.375+0000][7][safepoint   ] Safepoint "Cleanup", Time since last: 62003713862 ns, Reaching safepoint: 63351 ns, At safepoint: 3245 ns, Total: 66596 ns
[2024-02-11T01:00:52.379+0000][7][safepoint   ] Safepoint "Cleanup", Time since last: 60003616635 ns, Reaching safepoint: 63586 ns, At safepoint: 3317 ns, Total: 66903 ns
[2024-02-11T01:01:12.380+0000][7][safepoint   ] Safepoint "Cleanup", Time since last: 20001215236 ns, Reaching safepoint: 67621 ns, At safepoint: 6482 ns, Total: 74103 ns
[2024-02-11T01:01:22.381+0000][7][safepoint   ] Safepoint "Cleanup", Time since last: 10000641786 ns, Reaching safepoint: 55190 ns, At safepoint: 4329 ns, Total: 59519 ns
[2024-02-11T01:01:24.381+0000][7][safepoint   ] Safepoint "Cleanup", Time since last: 2000182077 ns, Reaching safepoint: 59648 ns, At safepoint: 3221 ns, Total: 62869 ns
[2024-02-11T01:01:25.382+0000][7][safepoint   ] Safepoint "Cleanup", Time since last: 1000121305 ns, Reaching safepoint: 58082 ns, At safepoint: 3488 ns, Total: 61570 ns
[2024-02-11T01:03:22.389+0000][7][safepoint   ] Safepoint "Cleanup", Time since last: 117007039105 ns, Reaching safepoint: 303091 ns, At safepoint: 3602 ns, Total: 306693 ns
[2024-02-11T01:03:52.391+0000][7][safepoint   ] Safepoint "Cleanup", Time since last: 30001830114 ns, Reaching safepoint: 66342 ns, At safepoint: 5272 ns, Total: 71614 ns
[2024-02-11T01:04:22.393+0000][7][safepoint   ] Safepoint "Cleanup", Time since last: 30001798634 ns, Reaching safepoint: 124324 ns, At safepoint: 3815 ns, Total: 128139 ns
[2024-02-11T01:04:30.013+0000][7][safepoint   ] Safepoint "Cleanup", Time since last: 7620258318 ns, Reaching safepoint: 96502 ns, At safepoint: 3420 ns, Total: 99922 ns
[2024-02-11T01:04:31.859+0000][7][safepoint   ] Safepoint "Cleanup", Time since last: 1845513611 ns, Reaching safepoint: 254455 ns, At safepoint: 3859 ns, Total: 258314 ns
[2024-02-11T01:04:44.860+0000][7][safepoint   ] Safepoint "Cleanup", Time since last: 13000836209 ns, Reaching safepoint: 61491 ns, At safepoint: 3801 ns, Total: 65292 ns
[2024-02-11T01:04:52.860+0000][7][safepoint   ] Safepoint "Cleanup", Time since last: 8000529696 ns, Reaching safepoint: 68807 ns, At safepoint: 4157 ns, Total: 72964 ns
[2024-02-11T01:06:22.866+0000][7][safepoint   ] Safepoint "Cleanup", Time since last: 90005219602 ns, Reaching safepoint: 146525 ns, At safepoint: 3076 ns, Total: 149601 ns
[2024-02-11T01:06:52.868+0000][7][safepoint   ] Safepoint "Cleanup", Time since last: 30001866340 ns, Reaching safepoint: 74567 ns, At safepoint: 2456 ns, Total: 77023 ns
[2024-02-11T01:07:22.869+0000][7][safepoint   ] Safepoint "Cleanup", Time since last: 30001773797 ns, Reaching safepoint: 64148 ns, At safepoint: 2233 ns, Total: 66381 ns
[2024-02-11T01:08:22.873+0000][7][safepoint   ] Safepoint "Cleanup", Time since last: 60003594812 ns, Reaching safepoint: 70578 ns, At safepoint: 3766 ns, Total: 74344 ns
[2024-02-11T01:08:40.874+0000][7][safepoint   ] Safepoint "Cleanup", Time since last: 18001143016 ns, Reaching safepoint: 61572 ns, At safepoint: 3352 ns, Total: 64924 ns
[2024-02-11T01:08:41.875+0000][7][safepoint   ] Safepoint "Cleanup", Time since last: 1000121576 ns, Reaching safepoint: 73703 ns, At safepoint: 3387 ns, Total: 77090 ns
[2024-02-11T01:08:52.875+0000][7][safepoint   ] Safepoint "Cleanup", Time since last: 11000727101 ns, Reaching safepoint: 65272 ns, At safepoint: 3562 ns, Total: 68834 ns
[2024-02-11T01:09:21.877+0000][7][safepoint   ] Safepoint "Cleanup", Time since last: 29001786767 ns, Reaching safepoint: 67667 ns, At safepoint: 3400 ns, Total: 71067 ns
[2024-02-11T01:10:25.881+0000][7][safepoint   ] Safepoint "Cleanup", Time since last: 64003738373 ns, Reaching safepoint: 70724 ns, At safepoint: 4561 ns, Total: 75285 ns
[2024-02-11T01:10:28.881+0000][7][safepoint   ] Safepoint "Cleanup", Time since last: 3000237810 ns, Reaching safepoint: 70641 ns, At safepoint: 5381 ns, Total: 76022 ns
[2024-02-11T01:10:36.882+0000][7][safepoint   ] Safepoint "Cleanup", Time since last: 8000529315 ns, Reaching safepoint: 80095 ns, At safepoint: 3448 ns, Total: 83543 ns
[2024-02-11T01:10:37.882+0000][7][safepoint   ] Safepoint "Cleanup", Time since last: 1000117400 ns, Reaching safepoint: 65911 ns, At safepoint: 3269 ns, Total: 69180 ns
[2024-02-11T01:12:52.890+0000][7][safepoint   ] Safepoint "Cleanup", Time since last: 135007945593 ns, Reaching safepoint: 72639 ns, At safepoint: 3640 ns, Total: 76279 ns
[2024-02-11T01:16:52.904+0000][7][safepoint   ] Safepoint "Cleanup", Time since last: 240014079821 ns, Reaching safepoint: 75941 ns, At safepoint: 3259 ns, Total: 79200 ns
[2024-02-11T01:17:40.907+0000][7][safepoint   ] Safepoint "Cleanup", Time since last: 48002884654 ns, Reaching safepoint: 71144 ns, At safepoint: 3044 ns, Total: 74188 ns
[2024-02-11T01:18:26.288+0000][7][safepoint   ] Safepoint "Cleanup", Time since last: 45381123599 ns, Reaching safepoint: 86533 ns, At safepoint: 3983 ns, Total: 90516 ns
[2024-02-11T01:18:27.289+0000][7][safepoint   ] Safepoint "Cleanup", Time since last: 1000250037 ns, Reaching safepoint: 66299 ns, At safepoint: 3378 ns, Total: 69677 ns
[2024-02-11T01:18:28.289+0000][7][safepoint   ] Safepoint "Cleanup", Time since last: 1000119857 ns, Reaching safepoint: 62761 ns, At safepoint: 2390 ns, Total: 65151 ns
[2024-02-11T01:18:36.290+0000][7][safepoint   ] Safepoint "Cleanup", Time since last: 8000532668 ns, Reaching safepoint: 70361 ns, At safepoint: 5792 ns, Total: 76153 ns
[2024-02-11T01:18:52.291+0000][7][safepoint   ] Safepoint "Cleanup", Time since last: 16000999212 ns, Reaching safepoint: 70052 ns, At safepoint: 3590 ns, Total: 73642 ns
[2024-02-11T01:19:52.294+0000][7][safepoint   ] Safepoint "Cleanup", Time since last: 60003552029 ns, Reaching safepoint: 65358 ns, At safepoint: 3475 ns, Total: 68833 ns
[2024-02-11T01:20:18.296+0000][7][safepoint   ] Safepoint "Cleanup", Time since last: 26001617142 ns, Reaching safepoint: 76331 ns, At safepoint: 3625 ns, Total: 79956 ns
[2024-02-11T01:21:25.300+0000][7][safepoint   ] Safepoint "Cleanup", Time since last: 67003948112 ns, Reaching safepoint: 66104 ns, At safepoint: 3696 ns, Total: 69800 ns
[2024-02-11T01:23:22.307+0000][7][safepoint   ] Safepoint "Cleanup", Time since last: 117006882747 ns, Reaching safepoint: 72193 ns, At safepoint: 3570 ns, Total: 75763 ns
[2024-02-11T01:24:22.311+0000][7][safepoint   ] Safepoint "Cleanup", Time since last: 60003534791 ns, Reaching safepoint: 70094 ns, At safepoint: 3331 ns, Total: 73425 ns
[2024-02-11T01:24:25.311+0000][7][safepoint   ] Safepoint "Cleanup", Time since last: 3000248807 ns, Reaching safepoint: 73676 ns, At safepoint: 4512 ns, Total: 78188 ns
[2024-02-11T01:25:52.316+0000][7][safepoint   ] Safepoint "Cleanup", Time since last: 87005166676 ns, Reaching safepoint: 71852 ns, At safepoint: 3489 ns, Total: 75341 ns
[2024-02-11T01:26:22.318+0000][7][safepoint   ] Safepoint "Cleanup", Time since last: 30001755239 ns, Reaching safepoint: 67413 ns, At safepoint: 3351 ns, Total: 70764 ns
[2024-02-11T01:26:52.320+0000][7][safepoint   ] Safepoint "Cleanup", Time since last: 30001784668 ns, Reaching safepoint: 65325 ns, At safepoint: 3449 ns, Total: 68774 ns
[2024-02-11T01:27:41.323+0000][7][safepoint   ] Safepoint "Cleanup", Time since last: 49002953891 ns, Reaching safepoint: 70837 ns, At safepoint: 3224 ns, Total: 74061 ns
[2024-02-11T01:27:52.324+0000][7][safepoint   ] Safepoint "Cleanup", Time since last: 11000713250 ns, Reaching safepoint: 68524 ns, At safepoint: 3467 ns, Total: 71991 ns
[2024-02-11T01:27:53.324+0000][7][safepoint   ] Safepoint "Cleanup", Time since last: 1000119458 ns, Reaching safepoint: 66206 ns, At safepoint: 3191 ns, Total: 69397 ns
[2024-02-11T01:28:22.326+0000][7][safepoint   ] Safepoint "Cleanup", Time since last: 29001771662 ns, Reaching safepoint: 66623 ns, At safepoint: 8702 ns, Total: 75325 ns
[2024-02-11T01:28:52.328+0000][7][safepoint   ] Safepoint "Cleanup", Time since last: 30001822782 ns, Reaching safepoint: 62410 ns, At safepoint: 3792 ns, Total: 66202 ns
[2024-02-11T01:29:28.330+0000][7][safepoint   ] Safepoint "Cleanup", Time since last: 36002167581 ns, Reaching safepoint: 72245 ns, At safepoint: 4497 ns, Total: 76742 ns
[2024-02-11T01:30:00.332+0000][7][safepoint   ] Safepoint "Cleanup", Time since last: 32001975378 ns, Reaching safepoint: 70666 ns, At safepoint: 3291 ns, Total: 73957 ns
[2024-02-11T01:30:02.332+0000][7][safepoint   ] Safepoint "Cleanup", Time since last: 2000183004 ns, Reaching safepoint: 66861 ns, At safepoint: 3236 ns, Total: 70097 ns
[2024-02-11T01:30:22.333+0000][7][safepoint   ] Safepoint "Cleanup", Time since last: 20001245031 ns, Reaching safepoint: 55300 ns, At safepoint: 2180 ns, Total: 57480 ns
[2024-02-11T01:30:52.335+0000][7][safepoint   ] Safepoint "Cleanup", Time since last: 30001834044 ns, Reaching safepoint: 68190 ns, At safepoint: 3336 ns, Total: 71526 ns
[2024-02-11T01:31:22.337+0000][7][safepoint   ] Safepoint "Cleanup", Time since last: 30001860250 ns, Reaching safepoint: 74307 ns, At safepoint: 6178 ns, Total: 80485 ns
[2024-02-11T01:38:52.364+0000][7][safepoint   ] Safepoint "Cleanup", Time since last: 450026399776 ns, Reaching safepoint: 67402 ns, At safepoint: 3350 ns, Total: 70752 ns
[2024-02-11T01:40:52.371+0000][7][safepoint   ] Safepoint "Cleanup", Time since last: 120007202764 ns, Reaching safepoint: 67252 ns, At safepoint: 3885 ns, Total: 71137 ns
[2024-02-11T01:42:00.375+0000][7][safepoint   ] Safepoint "Cleanup", Time since last: 68004106816 ns, Reaching safepoint: 78711 ns, At safepoint: 4206 ns, Total: 82917 ns
[2024-02-11T01:46:44.392+0000][7][safepoint   ] Safepoint "Cleanup", Time since last: 284016588574 ns, Reaching safepoint: 64876 ns, At safepoint: 2493 ns, Total: 67369 ns
[2024-02-11T01:46:52.392+0000][7][safepoint   ] Safepoint "Cleanup", Time since last: 8000549920 ns, Reaching safepoint: 64371 ns, At safepoint: 3631 ns, Total: 68002 ns
[2024-02-11T01:49:22.401+0000][7][safepoint   ] Safepoint "Cleanup", Time since last: 150008764648 ns, Reaching safepoint: 68356 ns, At safepoint: 3892 ns, Total: 72248 ns
[2024-02-11T01:51:22.408+0000][7][safepoint   ] Safepoint "Cleanup", Time since last: 120007022543 ns, Reaching safepoint: 66060 ns, At safepoint: 3509 ns, Total: 69569 ns
[2024-02-11T01:53:22.416+0000][7][safepoint   ] Safepoint "Cleanup", Time since last: 120007108724 ns, Reaching safepoint: 71937 ns, At safepoint: 3439 ns, Total: 75376 ns
[2024-02-11T01:53:52.417+0000][7][safepoint   ] Safepoint "Cleanup", Time since last: 30001816953 ns, Reaching safepoint: 70856 ns, At safepoint: 4762 ns, Total: 75618 ns
[2024-02-11T01:54:22.419+0000][7][safepoint   ] Safepoint "Cleanup", Time since last: 30001873550 ns, Reaching safepoint: 69438 ns, At safepoint: 3471 ns, Total: 72909 ns
[2024-02-11T01:54:25.420+0000][7][safepoint   ] Safepoint "Cleanup", Time since last: 3000234783 ns, Reaching safepoint: 71267 ns, At safepoint: 4572 ns, Total: 75839 ns
[2024-02-11T01:54:52.421+0000][7][safepoint   ] Safepoint "Cleanup", Time since last: 27001652750 ns, Reaching safepoint: 69773 ns, At safepoint: 3442 ns, Total: 73215 ns
[2024-02-11T01:54:57.422+0000][7][safepoint   ] Safepoint "Cleanup", Time since last: 5000362027 ns, Reaching safepoint: 68045 ns, At safepoint: 3589 ns, Total: 71634 ns
[2024-02-11T01:55:28.424+0000][7][safepoint   ] Safepoint "Cleanup", Time since last: 31001863172 ns, Reaching safepoint: 70931 ns, At safepoint: 3333 ns, Total: 74264 ns
[2024-02-11T01:56:52.429+0000][7][safepoint   ] Safepoint "Cleanup", Time since last: 84004998727 ns, Reaching safepoint: 70132 ns, At safepoint: 2020 ns, Total: 72152 ns
[2024-02-11T01:57:38.432+0000][7][safepoint   ] Safepoint "Cleanup", Time since last: 46002821749 ns, Reaching safepoint: 95738 ns, At safepoint: 3706 ns, Total: 99444 ns
[2024-02-11T02:02:22.449+0000][7][safepoint   ] Safepoint "Cleanup", Time since last: 284016658462 ns, Reaching safepoint: 69004 ns, At safepoint: 3473 ns, Total: 72477 ns
[2024-02-11T02:03:52.454+0000][7][safepoint   ] Safepoint "Cleanup", Time since last: 90005361048 ns, Reaching safepoint: 68955 ns, At safepoint: 4826 ns, Total: 73781 ns
[2024-02-11T02:04:22.456+0000][7][safepoint   ] Safepoint "Cleanup", Time since last: 30001754377 ns, Reaching safepoint: 66452 ns, At safepoint: 7616 ns, Total: 74068 ns
[2024-02-11T02:07:22.466+0000][7][safepoint   ] Safepoint "Cleanup", Time since last: 180010564383 ns, Reaching safepoint: 71830 ns, At safepoint: 8400 ns, Total: 80230 ns
[2024-02-11T02:07:52.468+0000][7][safepoint   ] Safepoint "Cleanup", Time since last: 30001851915 ns, Reaching safepoint: 79056 ns, At safepoint: 3441 ns, Total: 82497 ns
[2024-02-11T02:08:52.472+0000][7][safepoint   ] Safepoint "Cleanup", Time since last: 60003607094 ns, Reaching safepoint: 81219 ns, At safepoint: 3426 ns, Total: 84645 ns
[2024-02-11T02:09:22.474+0000][7][safepoint   ] Safepoint "Cleanup", Time since last: 30001873785 ns, Reaching safepoint: 81821 ns, At safepoint: 3158 ns, Total: 84979 ns
[2024-02-11T02:09:51.476+0000][7][safepoint   ] Safepoint "Cleanup", Time since last: 29001803011 ns, Reaching safepoint: 71520 ns, At safepoint: 3770 ns, Total: 75290 ns
[2024-02-11T02:09:52.476+0000][7][safepoint   ] Safepoint "Cleanup", Time since last: 1000127489 ns, Reaching safepoint: 96920 ns, At safepoint: 3742 ns, Total: 100662 ns
[2024-02-11T02:10:15.478+0000][7][safepoint   ] Safepoint "Cleanup", Time since last: 23001434789 ns, Reaching safepoint: 107345 ns, At safepoint: 3899 ns, Total: 111244 ns
[2024-02-11T02:11:22.482+0000][7][safepoint   ] Safepoint "Cleanup", Time since last: 67004025673 ns, Reaching safepoint: 83889 ns, At safepoint: 3389 ns, Total: 87278 ns
[2024-02-11T02:12:02.484+0000][7][safepoint   ] Safepoint "Cleanup", Time since last: 40002414124 ns, Reaching safepoint: 77419 ns, At safepoint: 3267 ns, Total: 80686 ns
[2024-02-11T02:20:22.514+0000][7][safepoint   ] Safepoint "Cleanup", Time since last: 500029384472 ns, Reaching safepoint: 73076 ns, At safepoint: 5062 ns, Total: 78138 ns
[2024-02-11T02:20:48.515+0000][7][safepoint   ] Safepoint "Cleanup", Time since last: 26001634724 ns, Reaching safepoint: 72023 ns, At safepoint: 3512 ns, Total: 75535 ns
[2024-02-11T02:21:22.518+0000][7][safepoint   ] Safepoint "Cleanup", Time since last: 34002020208 ns, Reaching safepoint: 70453 ns, At safepoint: 3222 ns, Total: 73675 ns
[2024-02-11T02:22:22.521+0000][7][safepoint   ] Safepoint "Cleanup", Time since last: 60003554101 ns, Reaching safepoint: 72680 ns, At safepoint: 3497 ns, Total: 76177 ns
[2024-02-11T02:22:52.523+0000][7][safepoint   ] Safepoint "Cleanup", Time since last: 30001830621 ns, Reaching safepoint: 68861 ns, At safepoint: 3737 ns, Total: 72598 ns
[2024-02-11T02:25:22.532+0000][7][safepoint   ] Safepoint "Cleanup", Time since last: 150008878064 ns, Reaching safepoint: 68495 ns, At safepoint: 3401 ns, Total: 71896 ns
[2024-02-11T02:25:52.534+0000][7][safepoint   ] Safepoint "Cleanup", Time since last: 30001816049 ns, Reaching safepoint: 70829 ns, At safepoint: 4889 ns, Total: 75718 ns
[2024-02-11T02:27:22.539+0000][7][safepoint   ] Safepoint "Cleanup", Time since last: 90005313173 ns, Reaching safepoint: 69230 ns, At safepoint: 3399 ns, Total: 72629 ns
[2024-02-11T02:27:52.541+0000][7][safepoint   ] Safepoint "Cleanup", Time since last: 30001817907 ns, Reaching safepoint: 68399 ns, At safepoint: 2295 ns, Total: 70694 ns
[2024-02-11T02:28:22.543+0000][7][safepoint   ] Safepoint "Cleanup", Time since last: 30001780276 ns, Reaching safepoint: 82028 ns, At safepoint: 3167 ns, Total: 85195 ns
[2024-02-11T02:29:52.549+0000][7][safepoint   ] Safepoint "Cleanup", Time since last: 90005382970 ns, Reaching safepoint: 76050 ns, At safepoint: 3809 ns, Total: 79859 ns
[2024-02-11T02:30:52.552+0000][7][safepoint   ] Safepoint "Cleanup", Time since last: 60003611933 ns, Reaching safepoint: 68101 ns, At safepoint: 4062 ns, Total: 72163 ns
[2024-02-11T02:31:52.556+0000][7][safepoint   ] Safepoint "Cleanup", Time since last: 60003618444 ns, Reaching safepoint: 71119 ns, At safepoint: 3460 ns, Total: 74579 ns
[2024-02-11T02:32:22.558+0000][7][safepoint   ] Safepoint "Cleanup", Time since last: 30001855390 ns, Reaching safepoint: 70701 ns, At safepoint: 3098 ns, Total: 73799 ns
[2024-02-11T02:33:22.562+0000][7][safepoint   ] Safepoint "Cleanup", Time since last: 60003586484 ns, Reaching safepoint: 92675 ns, At safepoint: 3474 ns, Total: 96149 ns
[2024-02-11T02:33:52.563+0000][7][safepoint   ] Safepoint "Cleanup", Time since last: 30001796897 ns, Reaching safepoint: 69021 ns, At safepoint: 2894 ns, Total: 71915 ns
[2024-02-11T02:34:22.565+0000][7][safepoint   ] Safepoint "Cleanup", Time since last: 30001830226 ns, Reaching safepoint: 74654 ns, At safepoint: 2645 ns, Total: 77299 ns
[2024-02-11T02:34:52.567+0000][7][safepoint   ] Safepoint "Cleanup", Time since last: 30001810927 ns, Reaching safepoint: 68581 ns, At safepoint: 2744 ns, Total: 71325 ns
[2024-02-11T02:40:52.588+0000][7][safepoint   ] Safepoint "Cleanup", Time since last: 360021111732 ns, Reaching safepoint: 64536 ns, At safepoint: 3309 ns, Total: 67845 ns
[2024-02-11T02:49:45.619+0000][7][safepoint   ] Safepoint "Cleanup", Time since last: 533030934239 ns, Reaching safepoint: 66699 ns, At safepoint: 3214 ns, Total: 69913 ns
[2024-02-11T02:51:40.626+0000][7][safepoint   ] Safepoint "Cleanup", Time since last: 115006764472 ns, Reaching safepoint: 75392 ns, At safepoint: 10206 ns, Total: 85598 ns
[2024-02-11T02:54:22.636+0000][7][safepoint   ] Safepoint "Cleanup", Time since last: 162009550369 ns, Reaching safepoint: 68837 ns, At safepoint: 2733 ns, Total: 71570 ns
[2024-02-11T03:03:35.669+0000][7][safepoint   ] Safepoint "Cleanup", Time since last: 553032596615 ns, Reaching safepoint: 69906 ns, At safepoint: 3173 ns, Total: 73079 ns
[2024-02-11T03:03:52.670+0000][7][safepoint   ] Safepoint "Cleanup", Time since last: 17001033760 ns, Reaching safepoint: 104196 ns, At safepoint: 3593 ns, Total: 107789 ns
[2024-02-11T03:04:22.672+0000][7][safepoint   ] Safepoint "Cleanup", Time since last: 30001829313 ns, Reaching safepoint: 70706 ns, At safepoint: 3290 ns, Total: 73996 ns
[2024-02-11T03:04:52.673+0000][7][safepoint   ] Safepoint "Cleanup", Time since last: 30001828215 ns, Reaching safepoint: 74797 ns, At safepoint: 3369 ns, Total: 78166 ns
[2024-02-11T03:06:52.681+0000][7][safepoint   ] Safepoint "Cleanup", Time since last: 120007178935 ns, Reaching safepoint: 68762 ns, At safepoint: 3462 ns, Total: 72224 ns
[2024-02-11T03:24:52.744+0000][7][safepoint   ] Safepoint "Cleanup", Time since last: 1080063120707 ns, Reaching safepoint: 73951 ns, At safepoint: 8451 ns, Total: 82402 ns
[2024-02-11T03:25:30.368+0000][7][gc,start    ] GC(17) Pause Young (Concurrent Start) (G1 Evacuation Pause)
[2024-02-11T03:25:30.368+0000][7][gc,task     ] GC(17) Using 12 workers of 13 for evacuation
[2024-02-11T03:25:30.368+0000][7][gc,age      ] GC(17) Desired survivor size 20971520 bytes, new threshold 15 (max threshold 15)
[2024-02-11T03:25:30.376+0000][7][gc,age      ] GC(17) Age table with threshold 15 (max threshold 15)
[2024-02-11T03:25:30.376+0000][7][gc,age      ] GC(17) - age   1:    1659888 bytes,    1659888 total
[2024-02-11T03:25:30.376+0000][7][gc,age      ] GC(17) - age   2:   13643624 bytes,   15303512 total
[2024-02-11T03:25:30.376+0000][7][gc,age      ] GC(17) - age   3:    6137072 bytes,   21440584 total
[2024-02-11T03:25:30.377+0000][7][gc,phases   ] GC(17)   Pre Evacuate Collection Set: 0.2ms
[2024-02-11T03:25:30.377+0000][7][gc,phases   ] GC(17)   Merge Heap Roots: 0.1ms
[2024-02-11T03:25:30.377+0000][7][gc,phases   ] GC(17)   Evacuate Collection Set: 7.3ms
[2024-02-11T03:25:30.377+0000][7][gc,phases   ] GC(17)   Post Evacuate Collection Set: 0.9ms
[2024-02-11T03:25:30.377+0000][7][gc,phases   ] GC(17)   Other: 0.3ms
[2024-02-11T03:25:30.377+0000][7][gc,heap     ] GC(17) Eden regions: 70->0(70)
[2024-02-11T03:25:30.377+0000][7][gc,heap     ] GC(17) Survivor regions: 6->6(10)
[2024-02-11T03:25:30.377+0000][7][gc,heap     ] GC(17) Old regions: 14->14
[2024-02-11T03:25:30.377+0000][7][gc,heap     ] GC(17) Archive regions: 2->2
[2024-02-11T03:25:30.377+0000][7][gc,heap     ] GC(17) Humongous regions: 2->2
[2024-02-11T03:25:30.377+0000][7][gc,metaspace] GC(17) Metaspace: 92703K(97436K)->92703K(97436K) NonClass: 80294K(83888K)->80294K(83888K) Class: 12408K(13548K)->12408K(13548K)
[2024-02-11T03:25:30.377+0000][7][gc          ] GC(17) Pause Young (Concurrent Start) (G1 Evacuation Pause) 367M->88M(512M) 8.841ms
[2024-02-11T03:25:30.377+0000][7][gc,cpu      ] GC(17) User=0.08s Sys=0.00s Real=0.01s
[2024-02-11T03:25:30.377+0000][7][safepoint   ] Safepoint "G1CollectForAllocation", Time since last: 37623808204 ns, Reaching safepoint: 80560 ns, At safepoint: 8922417 ns, Total: 9002977 ns
[2024-02-11T03:25:30.377+0000][7][gc          ] GC(18) Concurrent Cycle
[2024-02-11T03:25:30.377+0000][7][gc,marking  ] GC(18) Concurrent Clear Claimed Marks
[2024-02-11T03:25:30.377+0000][7][gc,marking  ] GC(18) Concurrent Clear Claimed Marks 0.069ms
[2024-02-11T03:25:30.377+0000][7][gc,marking  ] GC(18) Concurrent Scan Root Regions
[2024-02-11T03:25:30.383+0000][7][gc,marking  ] GC(18) Concurrent Scan Root Regions 6.067ms
[2024-02-11T03:25:30.383+0000][7][gc,marking  ] GC(18) Concurrent Mark (10787.063s)
[2024-02-11T03:25:30.383+0000][7][gc,marking  ] GC(18) Concurrent Mark From Roots
[2024-02-11T03:25:30.383+0000][7][gc,task     ] GC(18) Using 3 workers of 3 for marking
[2024-02-11T03:25:30.415+0000][7][gc,marking  ] GC(18) Concurrent Mark From Roots 31.910ms
[2024-02-11T03:25:30.415+0000][7][gc,marking  ] GC(18) Concurrent Preclean
[2024-02-11T03:25:30.416+0000][7][gc,marking  ] GC(18) Concurrent Preclean 0.623ms
[2024-02-11T03:25:30.416+0000][7][gc,marking  ] GC(18) Concurrent Mark (10787.063s, 10787.096s) 32.665ms
[2024-02-11T03:25:30.416+0000][7][gc,start    ] GC(18) Pause Remark
[2024-02-11T03:25:30.423+0000][7][gc          ] GC(18) Pause Remark 91M->91M(512M) 7.332ms
[2024-02-11T03:25:30.423+0000][7][gc,cpu      ] GC(18) User=0.08s Sys=0.00s Real=0.01s
[2024-02-11T03:25:30.423+0000][7][safepoint   ] Safepoint "G1Concurrent", Time since last: 39057307 ns, Reaching safepoint: 69909 ns, At safepoint: 7429329 ns, Total: 7499238 ns
[2024-02-11T03:25:30.423+0000][7][gc,marking  ] GC(18) Concurrent Rebuild Remembered Sets
[2024-02-11T03:25:30.446+0000][7][gc,marking  ] GC(18) Concurrent Rebuild Remembered Sets 23.034ms
[2024-02-11T03:25:30.447+0000][7][gc,start    ] GC(18) Pause Cleanup
[2024-02-11T03:25:30.447+0000][7][gc          ] GC(18) Pause Cleanup 91M->91M(512M) 0.140ms
[2024-02-11T03:25:30.447+0000][7][gc,cpu      ] GC(18) User=0.00s Sys=0.00s Real=0.00s
[2024-02-11T03:25:30.447+0000][7][safepoint   ] Safepoint "G1Concurrent", Time since last: 23153490 ns, Reaching safepoint: 131145 ns, At safepoint: 239654 ns, Total: 370799 ns
[2024-02-11T03:25:30.447+0000][7][gc,marking  ] GC(18) Concurrent Cleanup for Next Mark
[2024-02-11T03:25:30.447+0000][7][gc,marking  ] GC(18) Concurrent Cleanup for Next Mark 0.632ms
[2024-02-11T03:25:30.448+0000][7][gc          ] GC(18) Concurrent Cycle 70.748ms
[2024-02-11T03:25:31.447+0000][7][safepoint   ] Safepoint "Cleanup", Time since last: 1000025088 ns, Reaching safepoint: 99567 ns, At safepoint: 3549 ns, Total: 103116 ns
[2024-02-11T03:25:52.447+0000][7][safepoint   ] Safepoint "Cleanup", Time since last: 21000335926 ns, Reaching safepoint: 98086 ns, At safepoint: 3529 ns, Total: 101615 ns
[2024-02-11T03:34:30.473+0000][7][safepoint   ] Safepoint "Cleanup", Time since last: 518025091085 ns, Reaching safepoint: 69252 ns, At safepoint: 2154 ns, Total: 71406 ns
[2024-02-11T03:37:22.480+0000][7][safepoint   ] Safepoint "Cleanup", Time since last: 172007095787 ns, Reaching safepoint: 72149 ns, At safepoint: 3331 ns, Total: 75480 ns
[2024-02-11T03:37:52.481+0000][7][safepoint   ] Safepoint "Cleanup", Time since last: 30000714156 ns, Reaching safepoint: 74831 ns, At safepoint: 4720 ns, Total: 79551 ns
[2024-02-11T03:38:22.481+0000][7][safepoint   ] Safepoint "Cleanup", Time since last: 30000842646 ns, Reaching safepoint: 67629 ns, At safepoint: 5079 ns, Total: 72708 ns
[2024-02-11T04:02:52.560+0000][7][safepoint   ] Safepoint "Cleanup", Time since last: 1470078109545 ns, Reaching safepoint: 118962 ns, At safepoint: 2412 ns, Total: 121374 ns
[2024-02-11T04:23:20.631+0000][7][safepoint   ] Safepoint "Cleanup", Time since last: 1228071699773 ns, Reaching safepoint: 91870 ns, At safepoint: 3298 ns, Total: 95168 ns
[2024-02-11T04:23:21.632+0000][7][safepoint   ] Safepoint "Cleanup", Time since last: 1000120629 ns, Reaching safepoint: 68299 ns, At safepoint: 2103 ns, Total: 70402 ns
[2024-02-11T04:29:29.654+0000][7][safepoint   ] Safepoint "Cleanup", Time since last: 368021780790 ns, Reaching safepoint: 75465 ns, At safepoint: 3366 ns, Total: 78831 ns
[2024-02-11T04:29:45.655+0000][7][safepoint   ] Safepoint "Cleanup", Time since last: 16000985859 ns, Reaching safepoint: 68620 ns, At safepoint: 2118 ns, Total: 70738 ns
[2024-02-11T04:29:47.655+0000][7][safepoint   ] Safepoint "Cleanup", Time since last: 2000196610 ns, Reaching safepoint: 70573 ns, At safepoint: 3306 ns, Total: 73879 ns
[2024-02-11T04:29:48.655+0000][7][safepoint   ] Safepoint "Cleanup", Time since last: 1000123267 ns, Reaching safepoint: 71439 ns, At safepoint: 3333 ns, Total: 74772 ns
[2024-02-11T04:30:52.659+0000][7][safepoint   ] Safepoint "Cleanup", Time since last: 64003788187 ns, Reaching safepoint: 73002 ns, At safepoint: 3106 ns, Total: 76108 ns
[2024-02-11T04:41:22.696+0000][7][safepoint   ] Safepoint "Cleanup", Time since last: 630037106208 ns, Reaching safepoint: 105014 ns, At safepoint: 4660 ns, Total: 109674 ns
[2024-02-11T04:41:52.698+0000][7][safepoint   ] Safepoint "Cleanup", Time since last: 30001705467 ns, Reaching safepoint: 69438 ns, At safepoint: 3575 ns, Total: 73013 ns
[2024-02-11T04:42:22.700+0000][7][safepoint   ] Safepoint "Cleanup", Time since last: 30001835131 ns, Reaching safepoint: 87417 ns, At safepoint: 3370 ns, Total: 90787 ns
[2024-02-11T04:42:52.702+0000][7][safepoint   ] Safepoint "Cleanup", Time since last: 30001881784 ns, Reaching safepoint: 66660 ns, At safepoint: 3447 ns, Total: 70107 ns
[2024-02-11T04:55:51.747+0000][7][safepoint   ] Safepoint "Cleanup", Time since last: 779045580034 ns, Reaching safepoint: 72074 ns, At safepoint: 5688 ns, Total: 77762 ns
[2024-02-11T05:13:22.810+0000][7][safepoint   ] Safepoint "Cleanup", Time since last: 1051062357921 ns, Reaching safepoint: 83516 ns, At safepoint: 3082 ns, Total: 86598 ns
[2024-02-11T05:13:25.810+0000][7][safepoint   ] Safepoint "Cleanup", Time since last: 3000248565 ns, Reaching safepoint: 68483 ns, At safepoint: 3028 ns, Total: 71511 ns
[2024-02-11T05:13:30.811+0000][7][safepoint   ] Safepoint "Cleanup", Time since last: 5000358661 ns, Reaching safepoint: 83688 ns, At safepoint: 3270 ns, Total: 86958 ns
[2024-02-11T05:13:52.812+0000][7][safepoint   ] Safepoint "Cleanup", Time since last: 22001624535 ns, Reaching safepoint: 72478 ns, At safepoint: 3129 ns, Total: 75607 ns
[2024-02-11T05:14:21.814+0000][7][safepoint   ] Safepoint "Cleanup", Time since last: 29001778284 ns, Reaching safepoint: 96700 ns, At safepoint: 3389 ns, Total: 100089 ns
[2024-02-11T05:14:22.814+0000][7][safepoint   ] Safepoint "Cleanup", Time since last: 1000122936 ns, Reaching safepoint: 68370 ns, At safepoint: 3272 ns, Total: 71642 ns
[2024-02-11T05:15:52.820+0000][7][safepoint   ] Safepoint "Cleanup", Time since last: 90005252343 ns, Reaching safepoint: 72756 ns, At safepoint: 3300 ns, Total: 76056 ns
[2024-02-11T05:17:40.826+0000][7][safepoint   ] Safepoint "Cleanup", Time since last: 108006278985 ns, Reaching safepoint: 73709 ns, At safepoint: 3472 ns, Total: 77181 ns
[2024-02-11T05:17:51.827+0000][7][safepoint   ] Safepoint "Cleanup", Time since last: 11000674630 ns, Reaching safepoint: 70623 ns, At safepoint: 3423 ns, Total: 74046 ns
[2024-02-11T05:17:52.827+0000][7][safepoint   ] Safepoint "Cleanup", Time since last: 1000122614 ns, Reaching safepoint: 71722 ns, At safepoint: 3479 ns, Total: 75201 ns
[2024-02-11T05:19:52.834+0000][7][safepoint   ] Safepoint "Cleanup", Time since last: 120007092242 ns, Reaching safepoint: 72376 ns, At safepoint: 3259 ns, Total: 75635 ns
[2024-02-11T05:22:14.843+0000][7][safepoint   ] Safepoint "Cleanup", Time since last: 142008310844 ns, Reaching safepoint: 134457 ns, At safepoint: 4743 ns, Total: 139200 ns
[2024-02-11T05:23:52.848+0000][7][safepoint   ] Safepoint "Cleanup", Time since last: 98005742537 ns, Reaching safepoint: 72713 ns, At safepoint: 3668 ns, Total: 76381 ns
[2024-02-11T05:26:30.858+0000][7][safepoint   ] Safepoint "Cleanup", Time since last: 158009247071 ns, Reaching safepoint: 74931 ns, At safepoint: 3111 ns, Total: 78042 ns
[2024-02-11T05:29:52.870+0000][7][safepoint   ] Safepoint "Cleanup", Time since last: 202011952310 ns, Reaching safepoint: 80374 ns, At safepoint: 3902 ns, Total: 84276 ns
[2024-02-11T05:45:52.926+0000][7][safepoint   ] Safepoint "Cleanup", Time since last: 960055968267 ns, Reaching safepoint: 75575 ns, At safepoint: 6417 ns, Total: 81992 ns
[2024-02-11T05:46:22.928+0000][7][safepoint   ] Safepoint "Cleanup", Time since last: 30001752794 ns, Reaching safepoint: 77160 ns, At safepoint: 3210 ns, Total: 80370 ns
[2024-02-11T06:03:52.989+0000][7][safepoint   ] Safepoint "Cleanup", Time since last: 1050060888107 ns, Reaching safepoint: 63774 ns, At safepoint: 5065 ns, Total: 68839 ns
[2024-02-11T06:14:53.027+0000][7][safepoint   ] Safepoint "Cleanup", Time since last: 660038278275 ns, Reaching safepoint: 66300 ns, At safepoint: 3237 ns, Total: 69537 ns
[2024-02-11T06:17:36.037+0000][7][safepoint   ] Safepoint "Cleanup", Time since last: 163009511589 ns, Reaching safepoint: 204203 ns, At safepoint: 3626 ns, Total: 207829 ns
[2024-02-11T06:23:58.059+0000][7][safepoint   ] Safepoint "Cleanup", Time since last: 382022297422 ns, Reaching safepoint: 69455 ns, At safepoint: 3140 ns, Total: 72595 ns
[2024-02-11T06:25:52.066+0000][7][safepoint   ] Safepoint "Cleanup", Time since last: 114006825691 ns, Reaching safepoint: 71557 ns, At safepoint: 7716 ns, Total: 79273 ns
[2024-02-11T06:28:31.076+0000][7][safepoint   ] Safepoint "Cleanup", Time since last: 159009481355 ns, Reaching safepoint: 72798 ns, At safepoint: 3421 ns, Total: 76219 ns
[2024-02-11T06:30:23.082+0000][7][safepoint   ] Safepoint "Cleanup", Time since last: 112006662336 ns, Reaching safepoint: 69374 ns, At safepoint: 2666 ns, Total: 72040 ns
[2024-02-11T06:45:42.136+0000][7][safepoint   ] Safepoint "Cleanup", Time since last: 919053787709 ns, Reaching safepoint: 76724 ns, At safepoint: 3691 ns, Total: 80415 ns
[2024-02-11T06:46:56.141+0000][7][safepoint   ] Safepoint "Cleanup", Time since last: 74004392934 ns, Reaching safepoint: 80869 ns, At safepoint: 2495 ns, Total: 83364 ns
[2024-02-11T06:47:23.142+0000][7][safepoint   ] Safepoint "Cleanup", Time since last: 27001663200 ns, Reaching safepoint: 66515 ns, At safepoint: 2566 ns, Total: 69081 ns
[2024-02-11T06:48:41.147+0000][7][safepoint   ] Safepoint "Cleanup", Time since last: 78004603549 ns, Reaching safepoint: 68202 ns, At safepoint: 3455 ns, Total: 71657 ns
[2024-02-11T06:48:53.148+0000][7][safepoint   ] Safepoint "Cleanup", Time since last: 12000731803 ns, Reaching safepoint: 68006 ns, At safepoint: 3315 ns, Total: 71321 ns
[2024-02-11T06:49:00.319+0000][7][gc,start    ] GC(19) Pause Young (Normal) (G1 Evacuation Pause)
[2024-02-11T06:49:00.319+0000][7][gc,task     ] GC(19) Using 12 workers of 13 for evacuation
[2024-02-11T06:49:00.319+0000][7][gc,age      ] GC(19) Desired survivor size 20971520 bytes, new threshold 3 (max threshold 15)
[2024-02-11T06:49:00.328+0000][7][gc,age      ] GC(19) Age table with threshold 3 (max threshold 15)
[2024-02-11T06:49:00.328+0000][7][gc,age      ] GC(19) - age   1:     243968 bytes,     243968 total
[2024-02-11T06:49:00.328+0000][7][gc,age      ] GC(19) - age   2:    1356520 bytes,    1600488 total
[2024-02-11T06:49:00.328+0000][7][gc,age      ] GC(19) - age   3:   12489480 bytes,   14089968 total
[2024-02-11T06:49:00.328+0000][7][gc,phases   ] GC(19)   Pre Evacuate Collection Set: 0.1ms
[2024-02-11T06:49:00.328+0000][7][gc,phases   ] GC(19)   Merge Heap Roots: 0.2ms
[2024-02-11T06:49:00.328+0000][7][gc,phases   ] GC(19)   Evacuate Collection Set: 7.7ms
[2024-02-11T06:49:00.328+0000][7][gc,phases   ] GC(19)   Post Evacuate Collection Set: 1.0ms
[2024-02-11T06:49:00.328+0000][7][gc,phases   ] GC(19)   Other: 0.2ms
[2024-02-11T06:49:00.328+0000][7][gc,heap     ] GC(19) Eden regions: 70->0(72)
[2024-02-11T06:49:00.328+0000][7][gc,heap     ] GC(19) Survivor regions: 6->4(10)
[2024-02-11T06:49:00.328+0000][7][gc,heap     ] GC(19) Old regions: 14->16
[2024-02-11T06:49:00.328+0000][7][gc,heap     ] GC(19) Archive regions: 2->2
[2024-02-11T06:49:00.328+0000][7][gc,heap     ] GC(19) Humongous regions: 2->2
[2024-02-11T06:49:00.328+0000][7][gc,metaspace] GC(19) Metaspace: 93494K(98204K)->93494K(98204K) NonClass: 81033K(84656K)->81033K(84656K) Class: 12460K(13548K)->12460K(13548K)
[2024-02-11T06:49:00.328+0000][7][gc          ] GC(19) Pause Young (Normal) (G1 Evacuation Pause) 368M->88M(512M) 9.185ms
[2024-02-11T06:49:00.328+0000][7][gc,cpu      ] GC(19) User=0.06s Sys=0.00s Real=0.01s
[2024-02-11T06:49:00.328+0000][7][safepoint   ] Safepoint "G1CollectForAllocation", Time since last: 7171152116 ns, Reaching safepoint: 70467 ns, At safepoint: 9266656 ns, Total: 9337123 ns
[2024-02-11T07:07:53.394+0000][7][safepoint   ] Safepoint "Cleanup", Time since last: 1133065787616 ns, Reaching safepoint: 77931 ns, At safepoint: 6492 ns, Total: 84423 ns
[2024-02-11T07:08:23.396+0000][7][safepoint   ] Safepoint "Cleanup", Time since last: 30001788600 ns, Reaching safepoint: 68978 ns, At safepoint: 8034 ns, Total: 77012 ns
[2024-02-11T07:08:53.398+0000][7][safepoint   ] Safepoint "Cleanup", Time since last: 30001885124 ns, Reaching safepoint: 72978 ns, At safepoint: 3211 ns, Total: 76189 ns
[2024-02-11T07:13:02.413+0000][7][safepoint   ] Safepoint "Cleanup", Time since last: 249014693795 ns, Reaching safepoint: 73002 ns, At safepoint: 8244 ns, Total: 81246 ns
[2024-02-11T07:13:23.414+0000][7][safepoint   ] Safepoint "Cleanup", Time since last: 21001286827 ns, Reaching safepoint: 66501 ns, At safepoint: 3509 ns, Total: 70010 ns
[2024-02-11T07:31:22.477+0000][7][safepoint   ] Safepoint "Cleanup", Time since last: 1079062707916 ns, Reaching safepoint: 65992 ns, At safepoint: 3401 ns, Total: 69393 ns
[2024-02-11T07:33:52.486+0000][7][safepoint   ] Safepoint "Cleanup", Time since last: 150008852944 ns, Reaching safepoint: 71132 ns, At safepoint: 2514 ns, Total: 73646 ns
[2024-02-11T07:40:52.510+0000][7][safepoint   ] Safepoint "Cleanup", Time since last: 420024440904 ns, Reaching safepoint: 66067 ns, At safepoint: 3543 ns, Total: 69610 ns
[2024-02-11T07:43:52.521+0000][7][safepoint   ] Safepoint "Cleanup", Time since last: 180010438545 ns, Reaching safepoint: 69772 ns, At safepoint: 3624 ns, Total: 73396 ns
[2024-02-11T07:48:22.537+0000][7][safepoint   ] Safepoint "Cleanup", Time since last: 270015861523 ns, Reaching safepoint: 66614 ns, At safepoint: 2671 ns, Total: 69285 ns
[2024-02-11T07:51:25.548+0000][7][safepoint   ] Safepoint "Cleanup", Time since last: 183010825102 ns, Reaching safepoint: 70773 ns, At safepoint: 3540 ns, Total: 74313 ns
[2024-02-11T07:51:40.549+0000][7][safepoint   ] Safepoint "Cleanup", Time since last: 15000918313 ns, Reaching safepoint: 102849 ns, At safepoint: 3065 ns, Total: 105914 ns
[2024-02-11T07:53:00.553+0000][7][safepoint   ] Safepoint "Cleanup", Time since last: 80004641434 ns, Reaching safepoint: 77325 ns, At safepoint: 2574 ns, Total: 79899 ns
[2024-02-11T07:53:02.554+0000][7][safepoint   ] Safepoint "Cleanup", Time since last: 2000171846 ns, Reaching safepoint: 71089 ns, At safepoint: 3632 ns, Total: 74721 ns
[2024-02-11T07:53:45.556+0000][7][safepoint   ] Safepoint "Cleanup", Time since last: 43002516022 ns, Reaching safepoint: 95678 ns, At safepoint: 2698 ns, Total: 98376 ns
[2024-02-11T08:04:35.594+0000][7][safepoint   ] Safepoint "Cleanup", Time since last: 650037927303 ns, Reaching safepoint: 70300 ns, At safepoint: 3097 ns, Total: 73397 ns
[2024-02-11T08:25:52.669+0000][7][safepoint   ] Safepoint "Cleanup", Time since last: 1277074555575 ns, Reaching safepoint: 69477 ns, At safepoint: 3423 ns, Total: 72900 ns
[2024-02-11T08:29:52.683+0000][7][safepoint   ] Safepoint "Cleanup", Time since last: 240014180608 ns, Reaching safepoint: 73036 ns, At safepoint: 3394 ns, Total: 76430 ns
[2024-02-11T08:33:42.697+0000][7][safepoint   ] Safepoint "Cleanup", Time since last: 230013322172 ns, Reaching safepoint: 112549 ns, At safepoint: 4037 ns, Total: 116586 ns
[2024-02-11T08:34:10.698+0000][7][safepoint   ] Safepoint "Cleanup", Time since last: 28001725386 ns, Reaching safepoint: 72652 ns, At safepoint: 3058 ns, Total: 75710 ns
[2024-02-11T08:38:52.715+0000][7][safepoint   ] Safepoint "Cleanup", Time since last: 282016568593 ns, Reaching safepoint: 78479 ns, At safepoint: 5010 ns, Total: 83489 ns
[2024-02-11T08:42:52.729+0000][7][safepoint   ] Safepoint "Cleanup", Time since last: 240014123421 ns, Reaching safepoint: 71837 ns, At safepoint: 3454 ns, Total: 75291 ns
[2024-02-11T08:48:52.750+0000][7][safepoint   ] Safepoint "Cleanup", Time since last: 360020979945 ns, Reaching safepoint: 71918 ns, At safepoint: 2671 ns, Total: 74589 ns
[2024-02-11T09:07:00.814+0000][7][safepoint   ] Safepoint "Cleanup", Time since last: 1088063782542 ns, Reaching safepoint: 71269 ns, At safepoint: 3117 ns, Total: 74386 ns
[2024-02-11T09:21:22.864+0000][7][safepoint   ] Safepoint "Cleanup", Time since last: 862049905784 ns, Reaching safepoint: 67547 ns, At safepoint: 4625 ns, Total: 72172 ns
[2024-02-11T10:16:06.055+0000][7][safepoint   ] Safepoint "Cleanup", Time since last: 3283191037953 ns, Reaching safepoint: 71783 ns, At safepoint: 3454 ns, Total: 75237 ns
[2024-02-11T10:25:33.353+0000][7][gc,start    ] GC(20) Pause Young (Normal) (G1 Evacuation Pause)
[2024-02-11T10:25:33.353+0000][7][gc,task     ] GC(20) Using 12 workers of 13 for evacuation
[2024-02-11T10:25:33.353+0000][7][gc,age      ] GC(20) Desired survivor size 20971520 bytes, new threshold 15 (max threshold 15)
[2024-02-11T10:25:33.364+0000][7][gc,age      ] GC(20) Age table with threshold 15 (max threshold 15)
[2024-02-11T10:25:33.364+0000][7][gc,age      ] GC(20) - age   1:      70856 bytes,      70856 total
[2024-02-11T10:25:33.364+0000][7][gc,age      ] GC(20) - age   2:     146560 bytes,     217416 total
[2024-02-11T10:25:33.364+0000][7][gc,age      ] GC(20) - age   3:    1283264 bytes,    1500680 total
[2024-02-11T10:25:33.364+0000][7][gc,age      ] GC(20) - age   4:   12485968 bytes,   13986648 total
[2024-02-11T10:25:33.364+0000][7][gc,phases   ] GC(20)   Pre Evacuate Collection Set: 0.1ms
[2024-02-11T10:25:33.364+0000][7][gc,phases   ] GC(20)   Merge Heap Roots: 0.1ms
[2024-02-11T10:25:33.364+0000][7][gc,phases   ] GC(20)   Evacuate Collection Set: 9.2ms
[2024-02-11T10:25:33.364+0000][7][gc,phases   ] GC(20)   Post Evacuate Collection Set: 0.8ms
[2024-02-11T10:25:33.364+0000][7][gc,phases   ] GC(20)   Other: 0.3ms
[2024-02-11T10:25:33.364+0000][7][gc,heap     ] GC(20) Eden regions: 72->0(72)
[2024-02-11T10:25:33.364+0000][7][gc,heap     ] GC(20) Survivor regions: 4->4(10)
[2024-02-11T10:25:33.364+0000][7][gc,heap     ] GC(20) Old regions: 16->16
[2024-02-11T10:25:33.364+0000][7][gc,heap     ] GC(20) Archive regions: 2->2
[2024-02-11T10:25:33.364+0000][7][gc,heap     ] GC(20) Humongous regions: 2->2
[2024-02-11T10:25:33.364+0000][7][gc,metaspace] GC(20) Metaspace: 93517K(98204K)->93517K(98204K) NonClass: 81056K(84656K)->81056K(84656K) Class: 12460K(13548K)->12460K(13548K)
[2024-02-11T10:25:33.364+0000][7][gc          ] GC(20) Pause Young (Normal) (G1 Evacuation Pause) 376M->86M(512M) 10.511ms
[2024-02-11T10:25:33.364+0000][7][gc,cpu      ] GC(20) User=0.04s Sys=0.00s Real=0.01s
[2024-02-11T10:25:33.364+0000][7][safepoint   ] Safepoint "G1CollectForAllocation", Time since last: 567297824506 ns, Reaching safepoint: 79637 ns, At safepoint: 10583173 ns, Total: 10662810 ns
[2024-02-11T10:58:53.481+0000][7][safepoint   ] Safepoint "Cleanup", Time since last: 2000117434346 ns, Reaching safepoint: 73796 ns, At safepoint: 6543 ns, Total: 80339 ns
[2024-02-11T11:03:53.499+0000][7][safepoint   ] Safepoint "Cleanup", Time since last: 300017458971 ns, Reaching safepoint: 72108 ns, At safepoint: 3670 ns, Total: 75778 ns
[2024-02-11T11:13:23.532+0000][7][safepoint   ] Safepoint "Cleanup", Time since last: 570033347628 ns, Reaching safepoint: 75123 ns, At safepoint: 8367 ns, Total: 83490 ns
[2024-02-11T11:22:23.564+0000][7][safepoint   ] Safepoint "Cleanup", Time since last: 540031303448 ns, Reaching safepoint: 73859 ns, At safepoint: 3849 ns, Total: 77708 ns
[2024-02-11T11:28:23.585+0000][7][safepoint   ] Safepoint "Cleanup", Time since last: 360021010914 ns, Reaching safepoint: 70573 ns, At safepoint: 3478 ns, Total: 74051 ns
[2024-02-11T11:30:02.591+0000][7][safepoint   ] Safepoint "Cleanup", Time since last: 99005853328 ns, Reaching safepoint: 77751 ns, At safepoint: 3386 ns, Total: 81137 ns
[2024-02-11T11:30:23.592+0000][7][safepoint   ] Safepoint "Cleanup", Time since last: 21001251659 ns, Reaching safepoint: 72501 ns, At safepoint: 3414 ns, Total: 75915 ns
[2024-02-11T11:32:52.601+0000][7][safepoint   ] Safepoint "Cleanup", Time since last: 149008910576 ns, Reaching safepoint: 66961 ns, At safepoint: 3263 ns, Total: 70224 ns
[2024-02-11T11:32:53.601+0000][7][safepoint   ] Safepoint "Cleanup", Time since last: 1000122489 ns, Reaching safepoint: 70144 ns, At safepoint: 3819 ns, Total: 73963 ns
[2024-02-11T12:03:53.710+0000][7][safepoint   ] Safepoint "Cleanup", Time since last: 1860108270998 ns, Reaching safepoint: 73033 ns, At safepoint: 4821 ns, Total: 77854 ns
[2024-02-11T12:07:22.722+0000][7][safepoint   ] Safepoint "Cleanup", Time since last: 209012171752 ns, Reaching safepoint: 75678 ns, At safepoint: 4271 ns, Total: 79949 ns
[2024-02-11T12:27:22.792+0000][7][safepoint   ] Safepoint "Cleanup", Time since last: 1200069702670 ns, Reaching safepoint: 69419 ns, At safepoint: 3538 ns, Total: 72957 ns
[2024-02-11T13:00:47.908+0000][7][safepoint   ] Safepoint "Cleanup", Time since last: 2005116378068 ns, Reaching safepoint: 70572 ns, At safepoint: 3225 ns, Total: 73797 ns
[2024-02-11T13:10:22.942+0000][7][safepoint   ] Safepoint "Cleanup", Time since last: 575033428024 ns, Reaching safepoint: 68587 ns, At safepoint: 3598 ns, Total: 72185 ns
[2024-02-11T13:12:22.949+0000][7][safepoint   ] Safepoint "Cleanup", Time since last: 120007129437 ns, Reaching safepoint: 66894 ns, At safepoint: 3290 ns, Total: 70184 ns
[2024-02-11T13:12:51.951+0000][7][safepoint   ] Safepoint "Cleanup", Time since last: 29001746210 ns, Reaching safepoint: 79319 ns, At safepoint: 3505 ns, Total: 82824 ns
[2024-02-11T13:13:52.954+0000][7][safepoint   ] Safepoint "Cleanup", Time since last: 61003575375 ns, Reaching safepoint: 78100 ns, At safepoint: 3490 ns, Total: 81590 ns
[2024-02-11T13:30:08.011+0000][7][safepoint   ] Safepoint "Cleanup", Time since last: 975056746537 ns, Reaching safepoint: 70493 ns, At safepoint: 3485 ns, Total: 73978 ns
[2024-02-11T14:02:14.409+0000][7][gc,start    ] GC(21) Pause Young (Normal) (G1 Evacuation Pause)
[2024-02-11T14:02:14.409+0000][7][gc,task     ] GC(21) Using 12 workers of 13 for evacuation
[2024-02-11T14:02:14.409+0000][7][gc,age      ] GC(21) Desired survivor size 20971520 bytes, new threshold 15 (max threshold 15)
[2024-02-11T14:02:14.417+0000][7][gc,age      ] GC(21) Age table with threshold 15 (max threshold 15)
[2024-02-11T14:02:14.417+0000][7][gc,age      ] GC(21) - age   1:      50376 bytes,      50376 total
[2024-02-11T14:02:14.417+0000][7][gc,age      ] GC(21) - age   2:      29832 bytes,      80208 total
[2024-02-11T14:02:14.417+0000][7][gc,age      ] GC(21) - age   3:     145792 bytes,     226000 total
[2024-02-11T14:02:14.417+0000][7][gc,age      ] GC(21) - age   4:    1274680 bytes,    1500680 total
[2024-02-11T14:02:14.417+0000][7][gc,age      ] GC(21) - age   5:   12477536 bytes,   13978216 total
[2024-02-11T14:02:14.417+0000][7][gc,phases   ] GC(21)   Pre Evacuate Collection Set: 0.1ms
[2024-02-11T14:02:14.417+0000][7][gc,phases   ] GC(21)   Merge Heap Roots: 0.1ms
[2024-02-11T14:02:14.417+0000][7][gc,phases   ] GC(21)   Evacuate Collection Set: 6.6ms
[2024-02-11T14:02:14.417+0000][7][gc,phases   ] GC(21)   Post Evacuate Collection Set: 0.8ms
[2024-02-11T14:02:14.417+0000][7][gc,phases   ] GC(21)   Other: 0.3ms
[2024-02-11T14:02:14.417+0000][7][gc,heap     ] GC(21) Eden regions: 72->0(72)
[2024-02-11T14:02:14.417+0000][7][gc,heap     ] GC(21) Survivor regions: 4->4(10)
[2024-02-11T14:02:14.417+0000][7][gc,heap     ] GC(21) Old regions: 16->16
[2024-02-11T14:02:14.417+0000][7][gc,heap     ] GC(21) Archive regions: 2->2
[2024-02-11T14:02:14.417+0000][7][gc,heap     ] GC(21) Humongous regions: 2->2
[2024-02-11T14:02:14.417+0000][7][gc,metaspace] GC(21) Metaspace: 93527K(98204K)->93527K(98204K) NonClass: 81067K(84656K)->81067K(84656K) Class: 12460K(13548K)->12460K(13548K)
[2024-02-11T14:02:14.417+0000][7][gc          ] GC(21) Pause Young (Normal) (G1 Evacuation Pause) 374M->87M(512M) 7.966ms
[2024-02-11T14:02:14.417+0000][7][gc,cpu      ] GC(21) User=0.04s Sys=0.00s Real=0.01s
[2024-02-11T14:02:14.417+0000][7][safepoint   ] Safepoint "G1CollectForAllocation", Time since last: 1926398054695 ns, Reaching safepoint: 69052 ns, At safepoint: 8043041 ns, Total: 8112093 ns
[2024-02-11T14:06:23.429+0000][7][safepoint   ] Safepoint "Cleanup", Time since last: 249011356866 ns, Reaching safepoint: 218510 ns, At safepoint: 3369 ns, Total: 221879 ns
[2024-02-11T14:10:06.442+0000][7][safepoint   ] Safepoint "Cleanup", Time since last: 223013381732 ns, Reaching safepoint: 70772 ns, At safepoint: 3130 ns, Total: 73902 ns
[2024-02-11T14:10:07.442+0000][7][safepoint   ] Safepoint "Cleanup", Time since last: 1000127476 ns, Reaching safepoint: 71439 ns, At safepoint: 3274 ns, Total: 74713 ns
[2024-02-11T14:10:08.443+0000][7][safepoint   ] Safepoint "Cleanup", Time since last: 1000130088 ns, Reaching safepoint: 78596 ns, At safepoint: 3310 ns, Total: 81906 ns
[2024-02-11T14:15:52.461+0000][7][safepoint   ] Safepoint "Cleanup", Time since last: 344018586183 ns, Reaching safepoint: 77972 ns, At safepoint: 2201 ns, Total: 80173 ns
[2024-02-11T14:15:53.462+0000][7][safepoint   ] Safepoint "Cleanup", Time since last: 1000129342 ns, Reaching safepoint: 69659 ns, At safepoint: 3373 ns, Total: 73032 ns
[2024-02-11T14:35:02.516+0000][7][safepoint   ] Safepoint "Cleanup", Time since last: 1149054618450 ns, Reaching safepoint: 70269 ns, At safepoint: 4845 ns, Total: 75114 ns
[2024-02-11T14:38:23.529+0000][7][safepoint   ] Safepoint "Cleanup", Time since last: 201012384178 ns, Reaching safepoint: 80904 ns, At safepoint: 3571 ns, Total: 84475 ns
[2024-02-11T14:40:52.535+0000][7][safepoint   ] Safepoint "Cleanup", Time since last: 149006046370 ns, Reaching safepoint: 72019 ns, At safepoint: 5035 ns, Total: 77054 ns
[2024-02-11T15:07:22.627+0000][7][safepoint   ] Safepoint "Cleanup", Time since last: 1590091912577 ns, Reaching safepoint: 66828 ns, At safepoint: 3312 ns, Total: 70140 ns
[2024-02-11T15:10:22.638+0000][7][safepoint   ] Safepoint "Cleanup", Time since last: 180010667412 ns, Reaching safepoint: 70596 ns, At safepoint: 3408 ns, Total: 74004 ns
[2024-02-11T15:10:23.638+0000][7][safepoint   ] Safepoint "Cleanup", Time since last: 1000133186 ns, Reaching safepoint: 65800 ns, At safepoint: 3889 ns, Total: 69689 ns
[2024-02-11T15:10:52.639+0000][7][safepoint   ] Safepoint "Cleanup", Time since last: 29001692326 ns, Reaching safepoint: 72120 ns, At safepoint: 3474 ns, Total: 75594 ns
[2024-02-11T15:17:22.663+0000][7][safepoint   ] Safepoint "Cleanup", Time since last: 390022955594 ns, Reaching safepoint: 67981 ns, At safepoint: 3358 ns, Total: 71339 ns
[2024-02-11T15:19:23.670+0000][7][safepoint   ] Safepoint "Cleanup", Time since last: 121007089125 ns, Reaching safepoint: 72410 ns, At safepoint: 2759 ns, Total: 75169 ns
[2024-02-11T15:19:53.672+0000][7][safepoint   ] Safepoint "Cleanup", Time since last: 30001773202 ns, Reaching safepoint: 69780 ns, At safepoint: 3725 ns, Total: 73505 ns
[2024-02-11T15:21:22.677+0000][7][safepoint   ] Safepoint "Cleanup", Time since last: 89005286266 ns, Reaching safepoint: 72900 ns, At safepoint: 3523 ns, Total: 76423 ns
[2024-02-11T15:21:23.677+0000][7][safepoint   ] Safepoint "Cleanup", Time since last: 1000126012 ns, Reaching safepoint: 66664 ns, At safepoint: 3473 ns, Total: 70137 ns
[2024-02-11T15:22:22.681+0000][7][safepoint   ] Safepoint "Cleanup", Time since last: 59003415151 ns, Reaching safepoint: 76133 ns, At safepoint: 10558 ns, Total: 86691 ns
[2024-02-11T15:27:32.699+0000][7][safepoint   ] Safepoint "Cleanup", Time since last: 310017872556 ns, Reaching safepoint: 73258 ns, At safepoint: 3605 ns, Total: 76863 ns
[2024-02-11T15:40:52.745+0000][7][safepoint   ] Safepoint "Cleanup", Time since last: 800046112856 ns, Reaching safepoint: 66018 ns, At safepoint: 3636 ns, Total: 69654 ns
[2024-02-11T15:40:53.745+0000][7][safepoint   ] Safepoint "Cleanup", Time since last: 1000124198 ns, Reaching safepoint: 69169 ns, At safepoint: 3337 ns, Total: 72506 ns
[2024-02-11T15:43:52.755+0000][7][safepoint   ] Safepoint "Cleanup", Time since last: 179010337075 ns, Reaching safepoint: 119182 ns, At safepoint: 4344 ns, Total: 123526 ns
[2024-02-11T16:51:53.994+0000][7][safepoint   ] Safepoint "Cleanup", Time since last: 4081238103578 ns, Reaching safepoint: 79548 ns, At safepoint: 3675 ns, Total: 83223 ns
[2024-02-11T16:52:23.996+0000][7][safepoint   ] Safepoint "Cleanup", Time since last: 30001872860 ns, Reaching safepoint: 70512 ns, At safepoint: 3396 ns, Total: 73908 ns
[2024-02-11T16:57:54.016+0000][7][safepoint   ] Safepoint "Cleanup", Time since last: 330020266554 ns, Reaching safepoint: 72448 ns, At safepoint: 6324 ns, Total: 78772 ns
[2024-02-11T17:13:23.071+0000][7][safepoint   ] Safepoint "Cleanup", Time since last: 929055398291 ns, Reaching safepoint: 83340 ns, At safepoint: 4745 ns, Total: 88085 ns
[2024-02-11T17:38:35.444+0000][7][gc,start    ] GC(22) Pause Young (Normal) (G1 Evacuation Pause)
[2024-02-11T17:38:35.444+0000][7][gc,task     ] GC(22) Using 12 workers of 13 for evacuation
[2024-02-11T17:38:35.444+0000][7][gc,age      ] GC(22) Desired survivor size 20971520 bytes, new threshold 15 (max threshold 15)
[2024-02-11T17:38:35.450+0000][7][gc,age      ] GC(22) Age table with threshold 15 (max threshold 15)
[2024-02-11T17:38:35.450+0000][7][gc,age      ] GC(22) - age   1:     145680 bytes,     145680 total
[2024-02-11T17:38:35.450+0000][7][gc,age      ] GC(22) - age   2:       9360 bytes,     155040 total
[2024-02-11T17:38:35.450+0000][7][gc,age      ] GC(22) - age   3:      29584 bytes,     184624 total
[2024-02-11T17:38:35.450+0000][7][gc,age      ] GC(22) - age   4:     143504 bytes,     328128 total
[2024-02-11T17:38:35.450+0000][7][gc,age      ] GC(22) - age   5:    1273984 bytes,    1602112 total
[2024-02-11T17:38:35.450+0000][7][gc,age      ] GC(22) - age   6:   12477256 bytes,   14079368 total
[2024-02-11T17:38:35.450+0000][7][gc,phases   ] GC(22)   Pre Evacuate Collection Set: 0.1ms
[2024-02-11T17:38:35.450+0000][7][gc,phases   ] GC(22)   Merge Heap Roots: 0.1ms
[2024-02-11T17:38:35.450+0000][7][gc,phases   ] GC(22)   Evacuate Collection Set: 5.2ms
[2024-02-11T17:38:35.450+0000][7][gc,phases   ] GC(22)   Post Evacuate Collection Set: 0.8ms
[2024-02-11T17:38:35.450+0000][7][gc,phases   ] GC(22)   Other: 0.3ms
[2024-02-11T17:38:35.450+0000][7][gc,heap     ] GC(22) Eden regions: 72->0(72)
[2024-02-11T17:38:35.450+0000][7][gc,heap     ] GC(22) Survivor regions: 4->4(10)
[2024-02-11T17:38:35.450+0000][7][gc,heap     ] GC(22) Old regions: 16->16
[2024-02-11T17:38:35.450+0000][7][gc,heap     ] GC(22) Archive regions: 2->2
[2024-02-11T17:38:35.450+0000][7][gc,heap     ] GC(22) Humongous regions: 2->2
[2024-02-11T17:38:35.450+0000][7][gc,metaspace] GC(22) Metaspace: 93565K(98204K)->93565K(98204K) NonClass: 81103K(84656K)->81103K(84656K) Class: 12461K(13548K)->12461K(13548K)
[2024-02-11T17:38:35.450+0000][7][gc          ] GC(22) Pause Young (Normal) (G1 Evacuation Pause) 375M->87M(512M) 6.541ms
[2024-02-11T17:38:35.450+0000][7][gc,cpu      ] GC(22) User=0.05s Sys=0.00s Real=0.01s
[2024-02-11T17:38:35.450+0000][7][safepoint   ] Safepoint "G1CollectForAllocation", Time since last: 1512372213576 ns, Reaching safepoint: 76651 ns, At safepoint: 6617619 ns, Total: 6694270 ns
[2024-02-11T17:40:23.457+0000][7][safepoint   ] Safepoint "Cleanup", Time since last: 108006371128 ns, Reaching safepoint: 74891 ns, At safepoint: 6717 ns, Total: 81608 ns
[2024-02-11T17:41:23.460+0000][7][safepoint   ] Safepoint "Cleanup", Time since last: 60003617278 ns, Reaching safepoint: 72761 ns, At safepoint: 3689 ns, Total: 76450 ns
[2024-02-11T17:59:30.525+0000][7][safepoint   ] Safepoint "Cleanup", Time since last: 1087064590008 ns, Reaching safepoint: 74280 ns, At safepoint: 3116 ns, Total: 77396 ns
[2024-02-11T18:09:53.563+0000][7][safepoint   ] Safepoint "Cleanup", Time since last: 623037656678 ns, Reaching safepoint: 77356 ns, At safepoint: 3072 ns, Total: 80428 ns
[2024-02-11T18:12:53.574+0000][7][safepoint   ] Safepoint "Cleanup", Time since last: 180010804090 ns, Reaching safepoint: 79664 ns, At safepoint: 3584 ns, Total: 83248 ns
[2024-02-11T18:45:29.690+0000][7][safepoint   ] Safepoint "Cleanup", Time since last: 1956115958442 ns, Reaching safepoint: 72852 ns, At safepoint: 3180 ns, Total: 76032 ns
[2024-02-11T18:55:59.727+0000][7][safepoint   ] Safepoint "Cleanup", Time since last: 630037614898 ns, Reaching safepoint: 108121 ns, At safepoint: 3621 ns, Total: 111742 ns
[2024-02-11T19:14:23.793+0000][7][safepoint   ] Safepoint "Cleanup", Time since last: 1104065774026 ns, Reaching safepoint: 71392 ns, At safepoint: 3488 ns, Total: 74880 ns
[2024-02-11T20:11:54.996+0000][7][safepoint   ] Safepoint "Cleanup", Time since last: 3451202180544 ns, Reaching safepoint: 72957 ns, At safepoint: 2855 ns, Total: 75812 ns
[2024-02-11T20:15:36.009+0000][7][safepoint   ] Safepoint "Cleanup", Time since last: 221013407122 ns, Reaching safepoint: 74819 ns, At safepoint: 2664 ns, Total: 77483 ns
[2024-02-11T20:15:39.009+0000][7][safepoint   ] Safepoint "Cleanup", Time since last: 3000251136 ns, Reaching safepoint: 73803 ns, At safepoint: 3295 ns, Total: 77098 ns
[2024-02-11T20:53:54.145+0000][7][safepoint   ] Safepoint "Cleanup", Time since last: 2295136051672 ns, Reaching safepoint: 69881 ns, At safepoint: 2502 ns, Total: 72383 ns
[2024-02-11T21:05:00.185+0000][7][safepoint   ] Safepoint "Cleanup", Time since last: 666038987501 ns, Reaching safepoint: 118752 ns, At safepoint: 5543 ns, Total: 124295 ns
[2024-02-11T21:12:13.210+0000][7][safepoint   ] Safepoint "Cleanup", Time since last: 433025240619 ns, Reaching safepoint: 76028 ns, At safepoint: 3256 ns, Total: 79284 ns
[2024-02-11T21:14:53.279+0000][7][gc,start    ] GC(23) Pause Young (Normal) (G1 Evacuation Pause)
[2024-02-11T21:14:53.279+0000][7][gc,task     ] GC(23) Using 12 workers of 13 for evacuation
[2024-02-11T21:14:53.280+0000][7][gc,age      ] GC(23) Desired survivor size 20971520 bytes, new threshold 15 (max threshold 15)
[2024-02-11T21:14:53.286+0000][7][gc,age      ] GC(23) Age table with threshold 15 (max threshold 15)
[2024-02-11T21:14:53.287+0000][7][gc,age      ] GC(23) - age   1:     185728 bytes,     185728 total
[2024-02-11T21:14:53.287+0000][7][gc,age      ] GC(23) - age   2:      80608 bytes,     266336 total
[2024-02-11T21:14:53.287+0000][7][gc,age      ] GC(23) - age   3:        888 bytes,     267224 total
[2024-02-11T21:14:53.287+0000][7][gc,age      ] GC(23) - age   4:      29184 bytes,     296408 total
[2024-02-11T21:14:53.287+0000][7][gc,age      ] GC(23) - age   5:     143464 bytes,     439872 total
[2024-02-11T21:14:53.287+0000][7][gc,age      ] GC(23) - age   6:    1273184 bytes,    1713056 total
[2024-02-11T21:14:53.287+0000][7][gc,age      ] GC(23) - age   7:   12477256 bytes,   14190312 total
[2024-02-11T21:14:53.287+0000][7][gc,phases   ] GC(23)   Pre Evacuate Collection Set: 0.1ms
[2024-02-11T21:14:53.287+0000][7][gc,phases   ] GC(23)   Merge Heap Roots: 0.1ms
[2024-02-11T21:14:53.287+0000][7][gc,phases   ] GC(23)   Evacuate Collection Set: 6.0ms
[2024-02-11T21:14:53.287+0000][7][gc,phases   ] GC(23)   Post Evacuate Collection Set: 0.8ms
[2024-02-11T21:14:53.287+0000][7][gc,phases   ] GC(23)   Other: 0.3ms
[2024-02-11T21:14:53.287+0000][7][gc,heap     ] GC(23) Eden regions: 72->0(72)
[2024-02-11T21:14:53.287+0000][7][gc,heap     ] GC(23) Survivor regions: 4->4(10)
[2024-02-11T21:14:53.287+0000][7][gc,heap     ] GC(23) Old regions: 16->16
[2024-02-11T21:14:53.287+0000][7][gc,heap     ] GC(23) Archive regions: 2->2
[2024-02-11T21:14:53.287+0000][7][gc,heap     ] GC(23) Humongous regions: 2->2
[2024-02-11T21:14:53.287+0000][7][gc,metaspace] GC(23) Metaspace: 93616K(98204K)->93616K(98204K) NonClass: 81154K(84656K)->81154K(84656K) Class: 12461K(13548K)->12461K(13548K)
[2024-02-11T21:14:53.287+0000][7][gc          ] GC(23) Pause Young (Normal) (G1 Evacuation Pause) 375M->87M(512M) 7.367ms
[2024-02-11T21:14:53.287+0000][7][gc,cpu      ] GC(23) User=0.04s Sys=0.01s Real=0.01s
[2024-02-11T21:14:53.287+0000][7][safepoint   ] Safepoint "G1CollectForAllocation", Time since last: 160069278899 ns, Reaching safepoint: 174636 ns, At safepoint: 7440798 ns, Total: 7615434 ns
[2024-02-11T21:25:59.316+0000][7][safepoint   ] Safepoint "Cleanup", Time since last: 666028681722 ns, Reaching safepoint: 73574 ns, At safepoint: 4624 ns, Total: 78198 ns
[2024-02-11T21:47:23.373+0000][7][safepoint   ] Safepoint "Cleanup", Time since last: 1284057094298 ns, Reaching safepoint: 70067 ns, At safepoint: 4963 ns, Total: 75030 ns
[2024-02-11T21:47:34.374+0000][7][safepoint   ] Safepoint "Cleanup", Time since last: 11000741469 ns, Reaching safepoint: 66475 ns, At safepoint: 3683 ns, Total: 70158 ns
[2024-02-11T21:50:53.385+0000][7][safepoint   ] Safepoint "Cleanup", Time since last: 199011800212 ns, Reaching safepoint: 69849 ns, At safepoint: 2934 ns, Total: 72783 ns
[2024-02-11T21:58:53.409+0000][7][safepoint   ] Safepoint "Cleanup", Time since last: 480023367276 ns, Reaching safepoint: 72551 ns, At safepoint: 3187 ns, Total: 75738 ns
[2024-02-11T22:10:52.451+0000][7][safepoint   ] Safepoint "Cleanup", Time since last: 719041712392 ns, Reaching safepoint: 74019 ns, At safepoint: 5010 ns, Total: 79029 ns
[2024-02-11T22:14:23.463+0000][7][safepoint   ] Safepoint "Cleanup", Time since last: 211012376519 ns, Reaching safepoint: 69573 ns, At safepoint: 2033 ns, Total: 71606 ns
[2024-02-11T22:37:46.545+0000][7][safepoint   ] Safepoint "Cleanup", Time since last: 1403081326159 ns, Reaching safepoint: 106860 ns, At safepoint: 3662 ns, Total: 110522 ns
[2024-02-11T22:46:23.575+0000][7][safepoint   ] Safepoint "Cleanup", Time since last: 517030207282 ns, Reaching safepoint: 79863 ns, At safepoint: 8561 ns, Total: 88424 ns
[2024-02-11T22:49:53.587+0000][7][safepoint   ] Safepoint "Cleanup", Time since last: 210012315845 ns, Reaching safepoint: 71375 ns, At safepoint: 6649 ns, Total: 78024 ns
[2024-02-11T22:53:23.599+0000][7][safepoint   ] Safepoint "Cleanup", Time since last: 210012143765 ns, Reaching safepoint: 69479 ns, At safepoint: 3072 ns, Total: 72551 ns
[2024-02-11T22:55:52.608+0000][7][safepoint   ] Safepoint "Cleanup", Time since last: 149008768970 ns, Reaching safepoint: 70272 ns, At safepoint: 3738 ns, Total: 74010 ns
[2024-02-11T23:20:53.696+0000][7][safepoint   ] Safepoint "Cleanup", Time since last: 1501087815456 ns, Reaching safepoint: 73387 ns, At safepoint: 3033 ns, Total: 76420 ns
[2024-02-11T23:21:23.698+0000][7][safepoint   ] Safepoint "Cleanup", Time since last: 30001780527 ns, Reaching safepoint: 66462 ns, At safepoint: 3461 ns, Total: 69923 ns
[2024-02-11T23:25:09.711+0000][7][safepoint   ] Safepoint "Cleanup", Time since last: 226013281015 ns, Reaching safepoint: 74463 ns, At safepoint: 3362 ns, Total: 77825 ns
[2024-02-11T23:38:24.758+0000][7][safepoint   ] Safepoint "Cleanup", Time since last: 795046279850 ns, Reaching safepoint: 70548 ns, At safepoint: 3144 ns, Total: 73692 ns
[2024-02-11T23:39:53.763+0000][7][safepoint   ] Safepoint "Cleanup", Time since last: 89005261926 ns, Reaching safepoint: 68738 ns, At safepoint: 3245 ns, Total: 71983 ns
[2024-02-11T23:51:52.806+0000][7][safepoint   ] Safepoint "Cleanup", Time since last: 719042338107 ns, Reaching safepoint: 67370 ns, At safepoint: 3113 ns, Total: 70483 ns
[2024-02-11T23:59:27.832+0000][7][safepoint   ] Safepoint "Cleanup", Time since last: 455026376499 ns, Reaching safepoint: 72887 ns, At safepoint: 3578 ns, Total: 76465 ns
[2024-02-12T00:17:49.896+0000][7][safepoint   ] Safepoint "Cleanup", Time since last: 1102064326926 ns, Reaching safepoint: 76018 ns, At safepoint: 3178 ns, Total: 79196 ns
[2024-02-12T00:18:03.897+0000][7][safepoint   ] Safepoint "Cleanup", Time since last: 14000899810 ns, Reaching safepoint: 65860 ns, At safepoint: 2107 ns, Total: 67967 ns
[2024-02-12T00:18:24.899+0000][7][safepoint   ] Safepoint "Cleanup", Time since last: 21001265699 ns, Reaching safepoint: 85234 ns, At safepoint: 3442 ns, Total: 88676 ns
[2024-02-12T00:18:26.899+0000][7][safepoint   ] Safepoint "Cleanup", Time since last: 2000176602 ns, Reaching safepoint: 103825 ns, At safepoint: 3276 ns, Total: 107101 ns
[2024-02-12T00:18:28.899+0000][7][safepoint   ] Safepoint "Cleanup", Time since last: 2000180046 ns, Reaching safepoint: 70022 ns, At safepoint: 3546 ns, Total: 73568 ns
[2024-02-12T00:18:35.900+0000][7][safepoint   ] Safepoint "Cleanup", Time since last: 7000432415 ns, Reaching safepoint: 60822 ns, At safepoint: 3952 ns, Total: 64774 ns
[2024-02-12T00:18:37.900+0000][7][safepoint   ] Safepoint "Cleanup", Time since last: 2000181563 ns, Reaching safepoint: 68893 ns, At safepoint: 2377 ns, Total: 71270 ns
[2024-02-12T00:18:42.900+0000][7][safepoint   ] Safepoint "Cleanup", Time since last: 5000354030 ns, Reaching safepoint: 67291 ns, At safepoint: 3493 ns, Total: 70784 ns
[2024-02-12T00:18:57.901+0000][7][safepoint   ] Safepoint "Cleanup", Time since last: 15000950350 ns, Reaching safepoint: 73071 ns, At safepoint: 3375 ns, Total: 76446 ns
[2024-02-12T00:19:42.904+0000][7][safepoint   ] Safepoint "Cleanup", Time since last: 45002724426 ns, Reaching safepoint: 76338 ns, At safepoint: 4922 ns, Total: 81260 ns
[2024-02-12T00:20:42.908+0000][7][safepoint   ] Safepoint "Cleanup", Time since last: 60003568842 ns, Reaching safepoint: 76674 ns, At safepoint: 3626 ns, Total: 80300 ns
[2024-02-12T00:22:42.915+0000][7][safepoint   ] Safepoint "Cleanup", Time since last: 120007056730 ns, Reaching safepoint: 67690 ns, At safepoint: 2418 ns, Total: 70108 ns
[2024-02-12T00:23:38.918+0000][7][safepoint   ] Safepoint "Cleanup", Time since last: 56003271193 ns, Reaching safepoint: 73480 ns, At safepoint: 3518 ns, Total: 76998 ns
[2024-02-12T00:23:39.919+0000][7][safepoint   ] Safepoint "Cleanup", Time since last: 1000120419 ns, Reaching safepoint: 67757 ns, At safepoint: 3470 ns, Total: 71227 ns
[2024-02-12T00:24:38.922+0000][7][safepoint   ] Safepoint "Cleanup", Time since last: 59003469943 ns, Reaching safepoint: 70276 ns, At safepoint: 3240 ns, Total: 73516 ns
[2024-02-12T00:26:38.929+0000][7][safepoint   ] Safepoint "Cleanup", Time since last: 120007080138 ns, Reaching safepoint: 68791 ns, At safepoint: 3352 ns, Total: 72143 ns
[2024-02-12T00:26:43.930+0000][7][safepoint   ] Safepoint "Cleanup", Time since last: 5000354653 ns, Reaching safepoint: 70625 ns, At safepoint: 3564 ns, Total: 74189 ns
[2024-02-12T00:27:42.933+0000][7][safepoint   ] Safepoint "Cleanup", Time since last: 59003514532 ns, Reaching safepoint: 103715 ns, At safepoint: 3703 ns, Total: 107418 ns
[2024-02-12T00:28:38.937+0000][7][safepoint   ] Safepoint "Cleanup", Time since last: 56003297661 ns, Reaching safepoint: 92534 ns, At safepoint: 3686 ns, Total: 96220 ns
[2024-02-12T00:43:19.988+0000][7][safepoint   ] Safepoint "Cleanup", Time since last: 881051345352 ns, Reaching safepoint: 73893 ns, At safepoint: 3751 ns, Total: 77644 ns
[2024-02-12T00:49:53.487+0000][7][gc,start    ] GC(24) Pause Young (Normal) (G1 Evacuation Pause)
[2024-02-12T00:49:53.487+0000][7][gc,task     ] GC(24) Using 12 workers of 13 for evacuation
[2024-02-12T00:49:53.487+0000][7][gc,age      ] GC(24) Desired survivor size 20971520 bytes, new threshold 15 (max threshold 15)
[2024-02-12T00:49:53.494+0000][7][gc,age      ] GC(24) Age table with threshold 15 (max threshold 15)
[2024-02-12T00:49:53.494+0000][7][gc,age      ] GC(24) - age   1:     187272 bytes,     187272 total
[2024-02-12T00:49:53.494+0000][7][gc,age      ] GC(24) - age   2:     114208 bytes,     301480 total
[2024-02-12T00:49:53.494+0000][7][gc,age      ] GC(24) - age   3:      79760 bytes,     381240 total
[2024-02-12T00:49:53.494+0000][7][gc,age      ] GC(24) - age   4:        848 bytes,     382088 total
[2024-02-12T00:49:53.494+0000][7][gc,age      ] GC(24) - age   5:      29184 bytes,     411272 total
[2024-02-12T00:49:53.494+0000][7][gc,age      ] GC(24) - age   6:     143464 bytes,     554736 total
[2024-02-12T00:49:53.494+0000][7][gc,age      ] GC(24) - age   7:    1272448 bytes,    1827184 total
[2024-02-12T00:49:53.494+0000][7][gc,age      ] GC(24) - age   8:   12477256 bytes,   14304440 total
[2024-02-12T00:49:53.494+0000][7][gc,phases   ] GC(24)   Pre Evacuate Collection Set: 0.1ms
[2024-02-12T00:49:53.494+0000][7][gc,phases   ] GC(24)   Merge Heap Roots: 0.1ms
[2024-02-12T00:49:53.494+0000][7][gc,phases   ] GC(24)   Evacuate Collection Set: 6.6ms
[2024-02-12T00:49:53.494+0000][7][gc,phases   ] GC(24)   Post Evacuate Collection Set: 0.8ms
[2024-02-12T00:49:53.494+0000][7][gc,phases   ] GC(24)   Other: 0.3ms
[2024-02-12T00:49:53.494+0000][7][gc,heap     ] GC(24) Eden regions: 72->0(72)
[2024-02-12T00:49:53.494+0000][7][gc,heap     ] GC(24) Survivor regions: 4->4(10)
[2024-02-12T00:49:53.494+0000][7][gc,heap     ] GC(24) Old regions: 16->16
[2024-02-12T00:49:53.494+0000][7][gc,heap     ] GC(24) Archive regions: 2->2
[2024-02-12T00:49:53.494+0000][7][gc,heap     ] GC(24) Humongous regions: 2->2
[2024-02-12T00:49:53.494+0000][7][gc,metaspace] GC(24) Metaspace: 93738K(98460K)->93738K(98460K) NonClass: 81276K(84912K)->81276K(84912K) Class: 12461K(13548K)->12461K(13548K)
[2024-02-12T00:49:53.494+0000][7][gc          ] GC(24) Pause Young (Normal) (G1 Evacuation Pause) 375M->88M(512M) 7.929ms
[2024-02-12T00:49:53.494+0000][7][gc,cpu      ] GC(24) User=0.04s Sys=0.00s Real=0.01s
[2024-02-12T00:49:53.495+0000][7][safepoint   ] Safepoint "G1CollectForAllocation", Time since last: 393498266931 ns, Reaching safepoint: 134495 ns, At safepoint: 8010179 ns, Total: 8144674 ns
[2024-02-12T00:59:59.999+0000][7][safepoint   ] Safepoint "Cleanup", Time since last: 606504659640 ns, Reaching safepoint: 134029 ns, At safepoint: 4341 ns, Total: 138370 ns
[2024-02-12T01:00:01.000+0000][7][safepoint   ] Safepoint "Cleanup", Time since last: 1000246515 ns, Reaching safepoint: 105735 ns, At safepoint: 3431 ns, Total: 109166 ns
[2024-02-12T01:00:16.001+0000][7][safepoint   ] Safepoint "Cleanup", Time since last: 15000945682 ns, Reaching safepoint: 74838 ns, At safepoint: 3358 ns, Total: 78196 ns
[2024-02-12T01:04:54.017+0000][7][safepoint   ] Safepoint "Cleanup", Time since last: 278016253073 ns, Reaching safepoint: 69905 ns, At safepoint: 3360 ns, Total: 73265 ns
[2024-02-12T01:05:53.021+0000][7][safepoint   ] Safepoint "Cleanup", Time since last: 59003459127 ns, Reaching safepoint: 78730 ns, At safepoint: 4675 ns, Total: 83405 ns
[2024-02-12T01:27:53.097+0000][7][safepoint   ] Safepoint "Cleanup", Time since last: 1320076438541 ns, Reaching safepoint: 69520 ns, At safepoint: 3336 ns, Total: 72856 ns
[2024-02-12T01:30:00.105+0000][7][safepoint   ] Safepoint "Cleanup", Time since last: 127007474853 ns, Reaching safepoint: 73462 ns, At safepoint: 3714 ns, Total: 77176 ns
[2024-02-12T01:38:00.133+0000][7][safepoint   ] Safepoint "Cleanup", Time since last: 480027974435 ns, Reaching safepoint: 111223 ns, At safepoint: 3395 ns, Total: 114618 ns
[2024-02-12T01:38:05.133+0000][7][safepoint   ] Safepoint "Cleanup", Time since last: 5000363314 ns, Reaching safepoint: 84940 ns, At safepoint: 3414 ns, Total: 88354 ns
[2024-02-12T01:38:23.134+0000][7][safepoint   ] Safepoint "Cleanup", Time since last: 18001106540 ns, Reaching safepoint: 69888 ns, At safepoint: 4923 ns, Total: 74811 ns
[2024-02-12T01:38:24.135+0000][7][safepoint   ] Safepoint "Cleanup", Time since last: 1000125895 ns, Reaching safepoint: 69861 ns, At safepoint: 4999 ns, Total: 74860 ns
[2024-02-12T01:38:53.136+0000][7][safepoint   ] Safepoint "Cleanup", Time since last: 29001710274 ns, Reaching safepoint: 71107 ns, At safepoint: 6522 ns, Total: 77629 ns
[2024-02-12T01:38:54.137+0000][7][safepoint   ] Safepoint "Cleanup", Time since last: 1000128691 ns, Reaching safepoint: 80068 ns, At safepoint: 3673 ns, Total: 83741 ns
[2024-02-12T01:40:27.142+0000][7][safepoint   ] Safepoint "Cleanup", Time since last: 93005448820 ns, Reaching safepoint: 75780 ns, At safepoint: 3137 ns, Total: 78917 ns
[2024-02-12T01:49:54.175+0000][7][safepoint   ] Safepoint "Cleanup", Time since last: 567032881362 ns, Reaching safepoint: 107384 ns, At safepoint: 3545 ns, Total: 110929 ns
[2024-02-12T01:56:24.198+0000][7][safepoint   ] Safepoint "Cleanup", Time since last: 390022579859 ns, Reaching safepoint: 73773 ns, At safepoint: 4968 ns, Total: 78741 ns
[2024-02-12T01:57:17.663+0000][7][safepoint   ] Safepoint "Cleanup", Time since last: 53464895339 ns, Reaching safepoint: 71705 ns, At safepoint: 2711 ns, Total: 74416 ns
[2024-02-12T01:57:18.663+0000][7][safepoint   ] Safepoint "Cleanup", Time since last: 1000243032 ns, Reaching safepoint: 86376 ns, At safepoint: 3704 ns, Total: 90080 ns
[2024-02-12T01:57:21.663+0000][7][safepoint   ] Safepoint "Cleanup", Time since last: 3000245522 ns, Reaching safepoint: 71139 ns, At safepoint: 4079 ns, Total: 75218 ns
[2024-02-12T01:57:23.664+0000][7][safepoint   ] Safepoint "Cleanup", Time since last: 2000182033 ns, Reaching safepoint: 96470 ns, At safepoint: 4953 ns, Total: 101423 ns
[2024-02-12T01:57:26.664+0000][7][safepoint   ] Safepoint "Cleanup", Time since last: 3000242299 ns, Reaching safepoint: 79470 ns, At safepoint: 4813 ns, Total: 84283 ns
[2024-02-12T01:57:53.666+0000][7][safepoint   ] Safepoint "Cleanup", Time since last: 27001648852 ns, Reaching safepoint: 76709 ns, At safepoint: 5013 ns, Total: 81722 ns
[2024-02-12T02:00:51.676+0000][7][safepoint   ] Safepoint "Cleanup", Time since last: 178010466979 ns, Reaching safepoint: 79956 ns, At safepoint: 3266 ns, Total: 83222 ns
[2024-02-12T02:04:23.689+0000][7][safepoint   ] Safepoint "Cleanup", Time since last: 212012193712 ns, Reaching safepoint: 74639 ns, At safepoint: 3053 ns, Total: 77692 ns
[2024-02-12T02:06:53.697+0000][7][safepoint   ] Safepoint "Cleanup", Time since last: 150008777736 ns, Reaching safepoint: 82582 ns, At safepoint: 3557 ns, Total: 86139 ns
[2024-02-12T02:09:23.706+0000][7][safepoint   ] Safepoint "Cleanup", Time since last: 150008832754 ns, Reaching safepoint: 69891 ns, At safepoint: 3167 ns, Total: 73058 ns
[2024-02-12T02:10:52.712+0000][7][safepoint   ] Safepoint "Cleanup", Time since last: 89005136301 ns, Reaching safepoint: 69169 ns, At safepoint: 2194 ns, Total: 71363 ns
[2024-02-12T02:13:23.721+0000][7][safepoint   ] Safepoint "Cleanup", Time since last: 151008984734 ns, Reaching safepoint: 84001 ns, At safepoint: 3200 ns, Total: 87201 ns
[2024-02-12T02:18:53.740+0000][7][safepoint   ] Safepoint "Cleanup", Time since last: 330019262955 ns, Reaching safepoint: 75120 ns, At safepoint: 8431 ns, Total: 83551 ns
[2024-02-12T02:19:23.742+0000][7][safepoint   ] Safepoint "Cleanup", Time since last: 30001797199 ns, Reaching safepoint: 68477 ns, At safepoint: 3493 ns, Total: 71970 ns
[2024-02-12T02:29:22.777+0000][7][safepoint   ] Safepoint "Cleanup", Time since last: 599035147800 ns, Reaching safepoint: 82284 ns, At safepoint: 3560 ns, Total: 85844 ns
[2024-02-12T03:20:22.956+0000][7][safepoint   ] Safepoint "Cleanup", Time since last: 3060178452707 ns, Reaching safepoint: 70336 ns, At safepoint: 3261 ns, Total: 73597 ns
[2024-02-12T03:23:52.968+0000][7][safepoint   ] Safepoint "Cleanup", Time since last: 210012112118 ns, Reaching safepoint: 74373 ns, At safepoint: 4987 ns, Total: 79360 ns
[2024-02-12T03:35:54.010+0000][7][safepoint   ] Safepoint "Cleanup", Time since last: 721041875381 ns, Reaching safepoint: 72161 ns, At safepoint: 3436 ns, Total: 75597 ns
[2024-02-12T03:38:23.019+0000][7][safepoint   ] Safepoint "Cleanup", Time since last: 149008802279 ns, Reaching safepoint: 75737 ns, At safepoint: 3370 ns, Total: 79107 ns
[2024-02-12T03:57:04.084+0000][7][safepoint   ] Safepoint "Cleanup", Time since last: 1121065569873 ns, Reaching safepoint: 106477 ns, At safepoint: 2897 ns, Total: 109374 ns
[2024-02-12T03:57:32.086+0000][7][safepoint   ] Safepoint "Cleanup", Time since last: 28001722147 ns, Reaching safepoint: 88288 ns, At safepoint: 8674 ns, Total: 96962 ns
[2024-02-12T04:13:43.143+0000][7][safepoint   ] Safepoint "Cleanup", Time since last: 971057201253 ns, Reaching safepoint: 74039 ns, At safepoint: 5005 ns, Total: 79044 ns
[2024-02-12T04:21:17.507+0000][7][gc,start    ] GC(25) Pause Young (Normal) (G1 Evacuation Pause)
[2024-02-12T04:21:17.507+0000][7][gc,task     ] GC(25) Using 12 workers of 13 for evacuation
[2024-02-12T04:21:17.507+0000][7][gc,age      ] GC(25) Desired survivor size 20971520 bytes, new threshold 15 (max threshold 15)
[2024-02-12T04:21:17.517+0000][7][gc,age      ] GC(25) Age table with threshold 15 (max threshold 15)
[2024-02-12T04:21:17.517+0000][7][gc,age      ] GC(25) - age   1:     824672 bytes,     824672 total
[2024-02-12T04:21:17.517+0000][7][gc,age      ] GC(25) - age   2:      26488 bytes,     851160 total
[2024-02-12T04:21:17.517+0000][7][gc,age      ] GC(25) - age   3:      33312 bytes,     884472 total
[2024-02-12T04:21:17.517+0000][7][gc,age      ] GC(25) - age   4:      63440 bytes,     947912 total
[2024-02-12T04:21:17.517+0000][7][gc,age      ] GC(25) - age   5:        848 bytes,     948760 total
[2024-02-12T04:21:17.517+0000][7][gc,age      ] GC(25) - age   6:      29184 bytes,     977944 total
[2024-02-12T04:21:17.517+0000][7][gc,age      ] GC(25) - age   7:     143208 bytes,    1121152 total
[2024-02-12T04:21:17.517+0000][7][gc,age      ] GC(25) - age   8:    1271016 bytes,    2392168 total
[2024-02-12T04:21:17.517+0000][7][gc,age      ] GC(25) - age   9:   12465560 bytes,   14857728 total
[2024-02-12T04:21:17.517+0000][7][gc,phases   ] GC(25)   Pre Evacuate Collection Set: 0.1ms
[2024-02-12T04:21:17.517+0000][7][gc,phases   ] GC(25)   Merge Heap Roots: 0.1ms
[2024-02-12T04:21:17.517+0000][7][gc,phases   ] GC(25)   Evacuate Collection Set: 9.4ms
[2024-02-12T04:21:17.517+0000][7][gc,phases   ] GC(25)   Post Evacuate Collection Set: 0.9ms
[2024-02-12T04:21:17.518+0000][7][gc,phases   ] GC(25)   Other: 0.3ms
[2024-02-12T04:21:17.518+0000][7][gc,heap     ] GC(25) Eden regions: 72->0(72)
[2024-02-12T04:21:17.518+0000][7][gc,heap     ] GC(25) Survivor regions: 4->4(10)
[2024-02-12T04:21:17.518+0000][7][gc,heap     ] GC(25) Old regions: 16->16
[2024-02-12T04:21:17.518+0000][7][gc,heap     ] GC(25) Archive regions: 2->2
[2024-02-12T04:21:17.518+0000][7][gc,heap     ] GC(25) Humongous regions: 2->2
[2024-02-12T04:21:17.518+0000][7][gc,metaspace] GC(25) Metaspace: 95167K(99740K)->95167K(99740K) NonClass: 82460K(85936K)->82460K(85936K) Class: 12707K(13804K)->12707K(13804K)
[2024-02-12T04:21:17.518+0000][7][gc          ] GC(25) Pause Young (Normal) (G1 Evacuation Pause) 376M->88M(512M) 10.878ms
[2024-02-12T04:21:17.518+0000][7][gc,cpu      ] GC(25) User=0.04s Sys=0.00s Real=0.01s
[2024-02-12T04:21:17.518+0000][7][safepoint   ] Safepoint "G1CollectForAllocation", Time since last: 454363286347 ns, Reaching safepoint: 71631 ns, At safepoint: 10955506 ns, Total: 11027137 ns
[2024-02-12T04:25:52.534+0000][7][safepoint   ] Safepoint "Cleanup", Time since last: 275016075607 ns, Reaching safepoint: 70565 ns, At safepoint: 6493 ns, Total: 77058 ns
[2024-02-12T04:47:53.611+0000][7][safepoint   ] Safepoint "Cleanup", Time since last: 1321077071230 ns, Reaching safepoint: 79741 ns, At safepoint: 7151 ns, Total: 86892 ns
[2024-02-12T04:47:54.611+0000][7][safepoint   ] Safepoint "Cleanup", Time since last: 1000125023 ns, Reaching safepoint: 72364 ns, At safepoint: 5794 ns, Total: 78158 ns
[2024-02-12T05:13:23.701+0000][7][safepoint   ] Safepoint "Cleanup", Time since last: 1529089326504 ns, Reaching safepoint: 79545 ns, At safepoint: 3536 ns, Total: 83081 ns
[2024-02-12T05:14:54.706+0000][7][safepoint   ] Safepoint "Cleanup", Time since last: 91005444072 ns, Reaching safepoint: 84042 ns, At safepoint: 3555 ns, Total: 87597 ns
[2024-02-12T05:15:24.708+0000][7][safepoint   ] Safepoint "Cleanup", Time since last: 30001821275 ns, Reaching safepoint: 70632 ns, At safepoint: 3517 ns, Total: 74149 ns
[2024-02-12T05:18:11.718+0000][7][safepoint   ] Safepoint "Cleanup", Time since last: 167009752996 ns, Reaching safepoint: 74111 ns, At safepoint: 2701 ns, Total: 76812 ns
[2024-02-12T05:18:13.718+0000][7][safepoint   ] Safepoint "Cleanup", Time since last: 2000189673 ns, Reaching safepoint: 70682 ns, At safepoint: 3166 ns, Total: 73848 ns
[2024-02-12T05:18:16.718+0000][7][safepoint   ] Safepoint "Cleanup", Time since last: 3000246199 ns, Reaching safepoint: 73053 ns, At safepoint: 3075 ns, Total: 76128 ns
[2024-02-12T05:18:18.719+0000][7][safepoint   ] Safepoint "Cleanup", Time since last: 2000172939 ns, Reaching safepoint: 71114 ns, At safepoint: 4787 ns, Total: 75901 ns
[2024-02-12T05:18:19.719+0000][7][safepoint   ] Safepoint "Cleanup", Time since last: 1000132748 ns, Reaching safepoint: 73064 ns, At safepoint: 3790 ns, Total: 76854 ns
[2024-02-12T05:18:24.719+0000][7][safepoint   ] Safepoint "Cleanup", Time since last: 5000308310 ns, Reaching safepoint: 68177 ns, At safepoint: 5417 ns, Total: 73594 ns
[2024-02-12T05:22:24.733+0000][7][safepoint   ] Safepoint "Cleanup", Time since last: 240014004733 ns, Reaching safepoint: 99846 ns, At safepoint: 3659 ns, Total: 103505 ns
[2024-02-12T06:18:53.929+0000][7][safepoint   ] Safepoint "Cleanup", Time since last: 3389195343861 ns, Reaching safepoint: 72582 ns, At safepoint: 3284 ns, Total: 75866 ns
[2024-02-12T06:20:53.936+0000][7][safepoint   ] Safepoint "Cleanup", Time since last: 120007114063 ns, Reaching safepoint: 71270 ns, At safepoint: 3542 ns, Total: 74812 ns
[2024-02-12T06:21:23.938+0000][7][safepoint   ] Safepoint "Cleanup", Time since last: 30001883494 ns, Reaching safepoint: 79234 ns, At safepoint: 3236 ns, Total: 82470 ns
[2024-02-12T06:41:25.008+0000][7][safepoint   ] Safepoint "Cleanup", Time since last: 1201070103366 ns, Reaching safepoint: 78931 ns, At safepoint: 2729 ns, Total: 81660 ns
[2024-02-12T06:41:27.008+0000][7][safepoint   ] Safepoint "Cleanup", Time since last: 2000174126 ns, Reaching safepoint: 74053 ns, At safepoint: 3405 ns, Total: 77458 ns
[2024-02-12T06:41:31.009+0000][7][safepoint   ] Safepoint "Cleanup", Time since last: 4000269400 ns, Reaching safepoint: 65993 ns, At safepoint: 4817 ns, Total: 70810 ns
[2024-02-12T06:41:34.009+0000][7][safepoint   ] Safepoint "Cleanup", Time since last: 3000233975 ns, Reaching safepoint: 76772 ns, At safepoint: 6151 ns, Total: 82923 ns
[2024-02-12T06:46:54.028+0000][7][safepoint   ] Safepoint "Cleanup", Time since last: 320018753670 ns, Reaching safepoint: 73717 ns, At safepoint: 6096 ns, Total: 79813 ns
[2024-02-12T07:23:54.157+0000][7][safepoint   ] Safepoint "Cleanup", Time since last: 2220129072064 ns, Reaching safepoint: 78849 ns, At safepoint: 7001 ns, Total: 85850 ns
[2024-02-12T07:25:54.164+0000][7][safepoint   ] Safepoint "Cleanup", Time since last: 120007162565 ns, Reaching safepoint: 73063 ns, At safepoint: 6988 ns, Total: 80051 ns
[2024-02-12T07:26:24.166+0000][7][safepoint   ] Safepoint "Cleanup", Time since last: 30001849269 ns, Reaching safepoint: 87695 ns, At safepoint: 3441 ns, Total: 91136 ns
[2024-02-12T07:58:23.869+0000][7][gc,start    ] GC(26) Pause Young (Normal) (G1 Evacuation Pause)
[2024-02-12T07:58:23.869+0000][7][gc,task     ] GC(26) Using 12 workers of 13 for evacuation
[2024-02-12T07:58:23.869+0000][7][gc,age      ] GC(26) Desired survivor size 20971520 bytes, new threshold 15 (max threshold 15)
[2024-02-12T07:58:23.878+0000][7][gc,age      ] GC(26) Age table with threshold 15 (max threshold 15)
[2024-02-12T07:58:23.878+0000][7][gc,age      ] GC(26) - age   1:     184768 bytes,     184768 total
[2024-02-12T07:58:23.878+0000][7][gc,age      ] GC(26) - age   2:     703504 bytes,     888272 total
[2024-02-12T07:58:23.878+0000][7][gc,age      ] GC(26) - age   3:      25624 bytes,     913896 total
[2024-02-12T07:58:23.878+0000][7][gc,age      ] GC(26) - age   4:      33152 bytes,     947048 total
[2024-02-12T07:58:23.878+0000][7][gc,age      ] GC(26) - age   5:      40208 bytes,     987256 total
[2024-02-12T07:58:23.878+0000][7][gc,age      ] GC(26) - age   6:        768 bytes,     988024 total
[2024-02-12T07:58:23.878+0000][7][gc,age      ] GC(26) - age   7:      29088 bytes,    1017112 total
[2024-02-12T07:58:23.878+0000][7][gc,age      ] GC(26) - age   8:     143208 bytes,    1160320 total
[2024-02-12T07:58:23.878+0000][7][gc,age      ] GC(26) - age   9:    1271016 bytes,    2431336 total
[2024-02-12T07:58:23.878+0000][7][gc,age      ] GC(26) - age  10:   12465560 bytes,   14896896 total
[2024-02-12T07:58:23.878+0000][7][gc,phases   ] GC(26)   Pre Evacuate Collection Set: 0.1ms
[2024-02-12T07:58:23.878+0000][7][gc,phases   ] GC(26)   Merge Heap Roots: 0.1ms
[2024-02-12T07:58:23.878+0000][7][gc,phases   ] GC(26)   Evacuate Collection Set: 7.8ms
[2024-02-12T07:58:23.878+0000][7][gc,phases   ] GC(26)   Post Evacuate Collection Set: 0.8ms
[2024-02-12T07:58:23.878+0000][7][gc,phases   ] GC(26)   Other: 0.3ms
[2024-02-12T07:58:23.878+0000][7][gc,heap     ] GC(26) Eden regions: 72->0(72)
[2024-02-12T07:58:23.878+0000][7][gc,heap     ] GC(26) Survivor regions: 4->4(10)
[2024-02-12T07:58:23.878+0000][7][gc,heap     ] GC(26) Old regions: 16->16
[2024-02-12T07:58:23.878+0000][7][gc,heap     ] GC(26) Archive regions: 2->2
[2024-02-12T07:58:23.878+0000][7][gc,heap     ] GC(26) Humongous regions: 2->2
[2024-02-12T07:58:23.878+0000][7][gc,metaspace] GC(26) Metaspace: 95237K(99996K)->95237K(99996K) NonClass: 82528K(86192K)->82528K(86192K) Class: 12708K(13804K)->12708K(13804K)
[2024-02-12T07:58:23.878+0000][7][gc          ] GC(26) Pause Young (Normal) (G1 Evacuation Pause) 376M->88M(512M) 9.186ms
[2024-02-12T07:58:23.878+0000][7][gc,cpu      ] GC(26) User=0.04s Sys=0.00s Real=0.01s
[2024-02-12T07:58:23.878+0000][7][safepoint   ] Safepoint "G1CollectForAllocation", Time since last: 1919702604467 ns, Reaching safepoint: 79016 ns, At safepoint: 9265061 ns, Total: 9344077 ns
[2024-02-12T08:26:03.975+0000][7][safepoint   ] Safepoint "Cleanup", Time since last: 1660097089312 ns, Reaching safepoint: 71318 ns, At safepoint: 2971 ns, Total: 74289 ns
[2024-02-12T08:29:53.989+0000][7][safepoint   ] Safepoint "Cleanup", Time since last: 230013324728 ns, Reaching safepoint: 69000 ns, At safepoint: 5012 ns, Total: 74012 ns
[2024-02-12T08:40:54.027+0000][7][safepoint   ] Safepoint "Cleanup", Time since last: 660038011981 ns, Reaching safepoint: 71688 ns, At safepoint: 2340 ns, Total: 74028 ns
[2024-02-12T09:40:16.234+0000][7][safepoint   ] Safepoint "Cleanup", Time since last: 3562207475848 ns, Reaching safepoint: 76515 ns, At safepoint: 4899 ns, Total: 81414 ns
[2024-02-12T09:46:37.257+0000][7][safepoint   ] Safepoint "Cleanup", Time since last: 381022452007 ns, Reaching safepoint: 80216 ns, At safepoint: 5062 ns, Total: 85278 ns
[2024-02-12T09:46:38.257+0000][7][safepoint   ] Safepoint "Cleanup", Time since last: 1000138801 ns, Reaching safepoint: 66856 ns, At safepoint: 3210 ns, Total: 70066 ns
[2024-02-12T10:11:56.346+0000][7][safepoint   ] Safepoint "Cleanup", Time since last: 1518088830789 ns, Reaching safepoint: 78348 ns, At safepoint: 3217 ns, Total: 81565 ns
[2024-02-12T10:12:08.347+0000][7][safepoint   ] Safepoint "Cleanup", Time since last: 12000784478 ns, Reaching safepoint: 75141 ns, At safepoint: 4937 ns, Total: 80078 ns
[2024-02-12T10:12:10.347+0000][7][safepoint   ] Safepoint "Cleanup", Time since last: 2000198444 ns, Reaching safepoint: 72771 ns, At safepoint: 3456 ns, Total: 76227 ns
[2024-02-12T10:18:38.370+0000][7][safepoint   ] Safepoint "Cleanup", Time since last: 388022730028 ns, Reaching safepoint: 74947 ns, At safepoint: 6566 ns, Total: 81513 ns
[2024-02-12T10:19:11.372+0000][7][safepoint   ] Safepoint "Cleanup", Time since last: 33001975190 ns, Reaching safepoint: 73424 ns, At safepoint: 5044 ns, Total: 78468 ns
[2024-02-12T10:19:12.372+0000][7][safepoint   ] Safepoint "Cleanup", Time since last: 1000134740 ns, Reaching safepoint: 71020 ns, At safepoint: 3119 ns, Total: 74139 ns
[2024-02-12T10:19:14.373+0000][7][safepoint   ] Safepoint "Cleanup", Time since last: 2000186112 ns, Reaching safepoint: 69205 ns, At safepoint: 3429 ns, Total: 72634 ns
[2024-02-12T10:19:15.373+0000][7][safepoint   ] Safepoint "Cleanup", Time since last: 1000120943 ns, Reaching safepoint: 71222 ns, At safepoint: 4753 ns, Total: 75975 ns
[2024-02-12T10:29:58.410+0000][7][safepoint   ] Safepoint "Cleanup", Time since last: 643037241597 ns, Reaching safepoint: 101643 ns, At safepoint: 3285 ns, Total: 104928 ns
[2024-02-12T11:07:00.539+0000][7][safepoint   ] Safepoint "Cleanup", Time since last: 2222128918775 ns, Reaching safepoint: 78513 ns, At safepoint: 3382 ns, Total: 81895 ns
[2024-02-12T11:13:23.562+0000][7][safepoint   ] Safepoint "Cleanup", Time since last: 383022575551 ns, Reaching safepoint: 71951 ns, At safepoint: 3321 ns, Total: 75272 ns
[2024-02-12T11:34:24.062+0000][7][gc,start    ] GC(27) Pause Young (Normal) (G1 Evacuation Pause)
[2024-02-12T11:34:24.062+0000][7][gc,task     ] GC(27) Using 12 workers of 13 for evacuation
[2024-02-12T11:34:24.062+0000][7][gc,age      ] GC(27) Desired survivor size 20971520 bytes, new threshold 15 (max threshold 15)
[2024-02-12T11:34:24.069+0000][7][gc,age      ] GC(27) Age table with threshold 15 (max threshold 15)
[2024-02-12T11:34:24.069+0000][7][gc,age      ] GC(27) - age   1:     215904 bytes,     215904 total
[2024-02-12T11:34:24.069+0000][7][gc,age      ] GC(27) - age   2:     138936 bytes,     354840 total
[2024-02-12T11:34:24.069+0000][7][gc,age      ] GC(27) - age   3:     702824 bytes,    1057664 total
[2024-02-12T11:34:24.069+0000][7][gc,age      ] GC(27) - age   4:      25088 bytes,    1082752 total
[2024-02-12T11:34:24.069+0000][7][gc,age      ] GC(27) - age   5:      32808 bytes,    1115560 total
[2024-02-12T11:34:24.069+0000][7][gc,age      ] GC(27) - age   6:      39448 bytes,    1155008 total
[2024-02-12T11:34:24.069+0000][7][gc,age      ] GC(27) - age   7:        768 bytes,    1155776 total
[2024-02-12T11:34:24.069+0000][7][gc,age      ] GC(27) - age   8:      28968 bytes,    1184744 total
[2024-02-12T11:34:24.069+0000][7][gc,age      ] GC(27) - age   9:     143208 bytes,    1327952 total
[2024-02-12T11:34:24.069+0000][7][gc,age      ] GC(27) - age  10:    1270856 bytes,    2598808 total
[2024-02-12T11:34:24.069+0000][7][gc,age      ] GC(27) - age  11:   12465560 bytes,   15064368 total
[2024-02-12T11:34:24.069+0000][7][gc,phases   ] GC(27)   Pre Evacuate Collection Set: 0.1ms
[2024-02-12T11:34:24.069+0000][7][gc,phases   ] GC(27)   Merge Heap Roots: 0.1ms
[2024-02-12T11:34:24.069+0000][7][gc,phases   ] GC(27)   Evacuate Collection Set: 5.9ms
[2024-02-12T11:34:24.069+0000][7][gc,phases   ] GC(27)   Post Evacuate Collection Set: 0.8ms
[2024-02-12T11:34:24.070+0000][7][gc,phases   ] GC(27)   Other: 0.3ms
[2024-02-12T11:34:24.070+0000][7][gc,heap     ] GC(27) Eden regions: 72->0(72)
[2024-02-12T11:34:24.070+0000][7][gc,heap     ] GC(27) Survivor regions: 4->4(10)
[2024-02-12T11:34:24.070+0000][7][gc,heap     ] GC(27) Old regions: 16->16
[2024-02-12T11:34:24.070+0000][7][gc,heap     ] GC(27) Archive regions: 2->2
[2024-02-12T11:34:24.070+0000][7][gc,heap     ] GC(27) Humongous regions: 2->2
[2024-02-12T11:34:24.070+0000][7][gc,metaspace] GC(27) Metaspace: 95309K(99996K)->95309K(99996K) NonClass: 82600K(86192K)->82600K(86192K) Class: 12709K(13804K)->12709K(13804K)
[2024-02-12T11:34:24.070+0000][7][gc          ] GC(27) Pause Young (Normal) (G1 Evacuation Pause) 376M->88M(512M) 7.237ms
[2024-02-12T11:34:24.070+0000][7][gc,cpu      ] GC(27) User=0.04s Sys=0.01s Real=0.01s
[2024-02-12T11:34:24.070+0000][7][safepoint   ] Safepoint "G1CollectForAllocation", Time since last: 1260500510502 ns, Reaching safepoint: 98377 ns, At safepoint: 7317988 ns, Total: 7416365 ns
[2024-02-12T12:20:54.234+0000][7][safepoint   ] Safepoint "Cleanup", Time since last: 2790164418947 ns, Reaching safepoint: 78914 ns, At safepoint: 3221 ns, Total: 82135 ns
[2024-02-12T12:34:02.280+0000][7][safepoint   ] Safepoint "Cleanup", Time since last: 788046120488 ns, Reaching safepoint: 72849 ns, At safepoint: 3377 ns, Total: 76226 ns
[2024-02-12T14:18:54.651+0000][7][safepoint   ] Safepoint "Cleanup", Time since last: 6292370411744 ns, Reaching safepoint: 78685 ns, At safepoint: 3281 ns, Total: 81966 ns
[2024-02-12T15:12:24.841+0000][7][safepoint   ] Safepoint "Cleanup", Time since last: 3210190234393 ns, Reaching safepoint: 86354 ns, At safepoint: 3266 ns, Total: 89620 ns
[2024-02-12T15:12:40.681+0000][7][gc,start    ] GC(28) Pause Young (Normal) (G1 Evacuation Pause)
[2024-02-12T15:12:40.681+0000][7][gc,task     ] GC(28) Using 12 workers of 13 for evacuation
[2024-02-12T15:12:40.681+0000][7][gc,age      ] GC(28) Desired survivor size 20971520 bytes, new threshold 15 (max threshold 15)
[2024-02-12T15:12:40.689+0000][7][gc,age      ] GC(28) Age table with threshold 15 (max threshold 15)
[2024-02-12T15:12:40.689+0000][7][gc,age      ] GC(28) - age   1:      51072 bytes,      51072 total
[2024-02-12T15:12:40.689+0000][7][gc,age      ] GC(28) - age   2:      75648 bytes,     126720 total
[2024-02-12T15:12:40.689+0000][7][gc,age      ] GC(28) - age   3:       9264 bytes,     135984 total
[2024-02-12T15:12:40.689+0000][7][gc,age      ] GC(28) - age   4:     702584 bytes,     838568 total
[2024-02-12T15:12:40.689+0000][7][gc,age      ] GC(28) - age   5:      25088 bytes,     863656 total
[2024-02-12T15:12:40.689+0000][7][gc,age      ] GC(28) - age   6:      32728 bytes,     896384 total
[2024-02-12T15:12:40.689+0000][7][gc,age      ] GC(28) - age   7:      38384 bytes,     934768 total
[2024-02-12T15:12:40.689+0000][7][gc,age      ] GC(28) - age   8:        768 bytes,     935536 total
[2024-02-12T15:12:40.689+0000][7][gc,age      ] GC(28) - age   9:      28968 bytes,     964504 total
[2024-02-12T15:12:40.689+0000][7][gc,age      ] GC(28) - age  10:     143208 bytes,    1107712 total
[2024-02-12T15:12:40.689+0000][7][gc,age      ] GC(28) - age  11:    1270856 bytes,    2378568 total
[2024-02-12T15:12:40.689+0000][7][gc,age      ] GC(28) - age  12:   12465544 bytes,   14844112 total
[2024-02-12T15:12:40.689+0000][7][gc,phases   ] GC(28)   Pre Evacuate Collection Set: 0.1ms
[2024-02-12T15:12:40.689+0000][7][gc,phases   ] GC(28)   Merge Heap Roots: 0.1ms
[2024-02-12T15:12:40.689+0000][7][gc,phases   ] GC(28)   Evacuate Collection Set: 6.6ms
[2024-02-12T15:12:40.689+0000][7][gc,phases   ] GC(28)   Post Evacuate Collection Set: 0.8ms
[2024-02-12T15:12:40.689+0000][7][gc,phases   ] GC(28)   Other: 0.3ms
[2024-02-12T15:12:40.689+0000][7][gc,heap     ] GC(28) Eden regions: 72->0(72)
[2024-02-12T15:12:40.689+0000][7][gc,heap     ] GC(28) Survivor regions: 4->4(10)
[2024-02-12T15:12:40.689+0000][7][gc,heap     ] GC(28) Old regions: 16->16
[2024-02-12T15:12:40.689+0000][7][gc,heap     ] GC(28) Archive regions: 2->2
[2024-02-12T15:12:40.689+0000][7][gc,heap     ] GC(28) Humongous regions: 2->2
[2024-02-12T15:12:40.689+0000][7][gc,metaspace] GC(28) Metaspace: 95340K(99996K)->95340K(99996K) NonClass: 82628K(86192K)->82628K(86192K) Class: 12711K(13804K)->12711K(13804K)
[2024-02-12T15:12:40.689+0000][7][gc          ] GC(28) Pause Young (Normal) (G1 Evacuation Pause) 376M->88M(512M) 8.107ms
[2024-02-12T15:12:40.689+0000][7][gc,cpu      ] GC(28) User=0.05s Sys=0.00s Real=0.01s
[2024-02-12T15:12:40.689+0000][7][safepoint   ] Safepoint "G1CollectForAllocation", Time since last: 15839761345 ns, Reaching safepoint: 69263 ns, At safepoint: 8183286 ns, Total: 8252549 ns
[2024-02-12T15:15:11.698+0000][7][safepoint   ] Safepoint "Cleanup", Time since last: 151008666097 ns, Reaching safepoint: 123447 ns, At safepoint: 3410 ns, Total: 126857 ns
[2024-02-12T15:20:35.717+0000][7][safepoint   ] Safepoint "Cleanup", Time since last: 324019016556 ns, Reaching safepoint: 110202 ns, At safepoint: 4822 ns, Total: 115024 ns
[2024-02-12T15:21:50.722+0000][7][safepoint   ] Safepoint "Cleanup", Time since last: 75004510740 ns, Reaching safepoint: 85508 ns, At safepoint: 3428 ns, Total: 88936 ns
[2024-02-12T15:21:52.722+0000][7][safepoint   ] Safepoint "Cleanup", Time since last: 2000185035 ns, Reaching safepoint: 71084 ns, At safepoint: 3550 ns, Total: 74634 ns
[2024-02-12T15:21:55.722+0000][7][safepoint   ] Safepoint "Cleanup", Time since last: 3000241272 ns, Reaching safepoint: 70540 ns, At safepoint: 2959 ns, Total: 73499 ns
[2024-02-12T15:26:41.739+0000][7][safepoint   ] Safepoint "Cleanup", Time since last: 286016756320 ns, Reaching safepoint: 77905 ns, At safepoint: 5089 ns, Total: 82994 ns
[2024-02-12T15:26:48.740+0000][7][safepoint   ] Safepoint "Cleanup", Time since last: 7000489527 ns, Reaching safepoint: 77677 ns, At safepoint: 3301 ns, Total: 80978 ns
[2024-02-12T15:38:14.780+0000][7][safepoint   ] Safepoint "Cleanup", Time since last: 686040333730 ns, Reaching safepoint: 78343 ns, At safepoint: 7825 ns, Total: 86168 ns
[2024-02-12T15:42:40.796+0000][7][safepoint   ] Safepoint "Cleanup", Time since last: 266015690649 ns, Reaching safepoint: 78413 ns, At safepoint: 4741 ns, Total: 83154 ns
[2024-02-12T15:44:44.803+0000][7][safepoint   ] Safepoint "Cleanup", Time since last: 124007430343 ns, Reaching safepoint: 78065 ns, At safepoint: 2236 ns, Total: 80301 ns
[2024-02-12T15:44:45.804+0000][7][safepoint   ] Safepoint "Cleanup", Time since last: 1000127430 ns, Reaching safepoint: 72212 ns, At safepoint: 3280 ns, Total: 75492 ns
[2024-02-12T15:44:46.804+0000][7][safepoint   ] Safepoint "Cleanup", Time since last: 1000137411 ns, Reaching safepoint: 75274 ns, At safepoint: 5084 ns, Total: 80358 ns
[2024-02-12T15:44:48.804+0000][7][safepoint   ] Safepoint "Cleanup", Time since last: 2000183027 ns, Reaching safepoint: 70105 ns, At safepoint: 3461 ns, Total: 73566 ns
[2024-02-12T15:44:49.804+0000][7][safepoint   ] Safepoint "Cleanup", Time since last: 1000125549 ns, Reaching safepoint: 69841 ns, At safepoint: 3468 ns, Total: 73309 ns
[2024-02-12T16:09:24.892+0000][7][safepoint   ] Safepoint "Cleanup", Time since last: 1475087614049 ns, Reaching safepoint: 74262 ns, At safepoint: 4482 ns, Total: 78744 ns
[2024-02-12T16:09:53.894+0000][7][safepoint   ] Safepoint "Cleanup", Time since last: 29001764000 ns, Reaching safepoint: 75375 ns, At safepoint: 3426 ns, Total: 78801 ns
[2024-02-12T16:09:54.894+0000][7][safepoint   ] Safepoint "Cleanup", Time since last: 1000125817 ns, Reaching safepoint: 77247 ns, At safepoint: 7699 ns, Total: 84946 ns
[2024-02-12T16:21:10.934+0000][7][safepoint   ] Safepoint "Cleanup", Time since last: 676040104046 ns, Reaching safepoint: 74345 ns, At safepoint: 6296 ns, Total: 80641 ns
[2024-02-12T16:23:54.944+0000][7][safepoint   ] Safepoint "Cleanup", Time since last: 164009707959 ns, Reaching safepoint: 75046 ns, At safepoint: 5614 ns, Total: 80660 ns
[2024-02-12T16:29:24.963+0000][7][safepoint   ] Safepoint "Cleanup", Time since last: 330019433965 ns, Reaching safepoint: 76420 ns, At safepoint: 6146 ns, Total: 82566 ns
[2024-02-12T17:10:55.113+0000][7][safepoint   ] Safepoint "Cleanup", Time since last: 2490149839784 ns, Reaching safepoint: 77791 ns, At safepoint: 3569 ns, Total: 81360 ns
[2024-02-12T17:13:23.122+0000][7][safepoint   ] Safepoint "Cleanup", Time since last: 148008994726 ns, Reaching safepoint: 80998 ns, At safepoint: 5013 ns, Total: 86011 ns
[2024-02-12T17:55:52.276+0000][7][safepoint   ] Safepoint "Cleanup", Time since last: 2549153012149 ns, Reaching safepoint: 72717 ns, At safepoint: 3529 ns, Total: 76246 ns
[2024-02-12T18:09:25.325+0000][7][safepoint   ] Safepoint "Cleanup", Time since last: 813048913005 ns, Reaching safepoint: 78705 ns, At safepoint: 4778 ns, Total: 83483 ns
[2024-02-12T18:47:02.816+0000][7][gc,start    ] GC(29) Pause Young (Normal) (G1 Evacuation Pause)
[2024-02-12T18:47:02.816+0000][7][gc,task     ] GC(29) Using 12 workers of 13 for evacuation
[2024-02-12T18:47:02.816+0000][7][gc,age      ] GC(29) Desired survivor size 20971520 bytes, new threshold 15 (max threshold 15)
[2024-02-12T18:47:02.823+0000][7][gc,age      ] GC(29) Age table with threshold 15 (max threshold 15)
[2024-02-12T18:47:02.823+0000][7][gc,age      ] GC(29) - age   1:     291344 bytes,     291344 total
[2024-02-12T18:47:02.823+0000][7][gc,age      ] GC(29) - age   2:      23728 bytes,     315072 total
[2024-02-12T18:47:02.823+0000][7][gc,age      ] GC(29) - age   3:      74624 bytes,     389696 total
[2024-02-12T18:47:02.823+0000][7][gc,age      ] GC(29) - age   4:       8784 bytes,     398480 total
[2024-02-12T18:47:02.823+0000][7][gc,age      ] GC(29) - age   5:     702344 bytes,    1100824 total
[2024-02-12T18:47:02.823+0000][7][gc,age      ] GC(29) - age   6:      25088 bytes,    1125912 total
[2024-02-12T18:47:02.824+0000][7][gc,age      ] GC(29) - age   7:      32648 bytes,    1158560 total
[2024-02-12T18:47:02.824+0000][7][gc,age      ] GC(29) - age   8:      38344 bytes,    1196904 total
[2024-02-12T18:47:02.824+0000][7][gc,age      ] GC(29) - age   9:        768 bytes,    1197672 total
[2024-02-12T18:47:02.824+0000][7][gc,age      ] GC(29) - age  10:      28888 bytes,    1226560 total
[2024-02-12T18:47:02.824+0000][7][gc,age      ] GC(29) - age  11:     143168 bytes,    1369728 total
[2024-02-12T18:47:02.824+0000][7][gc,age      ] GC(29) - age  12:    1270856 bytes,    2640584 total
[2024-02-12T18:47:02.824+0000][7][gc,age      ] GC(29) - age  13:   12465544 bytes,   15106128 total
[2024-02-12T18:47:02.824+0000][7][gc,phases   ] GC(29)   Pre Evacuate Collection Set: 0.1ms
[2024-02-12T18:47:02.824+0000][7][gc,phases   ] GC(29)   Merge Heap Roots: 0.2ms
[2024-02-12T18:47:02.824+0000][7][gc,phases   ] GC(29)   Evacuate Collection Set: 5.8ms
[2024-02-12T18:47:02.824+0000][7][gc,phases   ] GC(29)   Post Evacuate Collection Set: 0.8ms
[2024-02-12T18:47:02.824+0000][7][gc,phases   ] GC(29)   Other: 0.3ms
[2024-02-12T18:47:02.824+0000][7][gc,heap     ] GC(29) Eden regions: 72->0(72)
[2024-02-12T18:47:02.824+0000][7][gc,heap     ] GC(29) Survivor regions: 4->4(10)
[2024-02-12T18:47:02.824+0000][7][gc,heap     ] GC(29) Old regions: 16->16
[2024-02-12T18:47:02.824+0000][7][gc,heap     ] GC(29) Archive regions: 2->2
[2024-02-12T18:47:02.824+0000][7][gc,heap     ] GC(29) Humongous regions: 2->2
[2024-02-12T18:47:02.824+0000][7][gc,metaspace] GC(29) Metaspace: 95453K(99996K)->95453K(99996K) NonClass: 82741K(86192K)->82741K(86192K) Class: 12711K(13804K)->12711K(13804K)
[2024-02-12T18:47:02.824+0000][7][gc          ] GC(29) Pause Young (Normal) (G1 Evacuation Pause) 376M->87M(512M) 7.338ms
[2024-02-12T18:47:02.824+0000][7][gc,cpu      ] GC(29) User=0.04s Sys=0.00s Real=0.01s
[2024-02-12T18:47:02.824+0000][7][safepoint   ] Safepoint "G1CollectForAllocation", Time since last: 2257491715333 ns, Reaching safepoint: 77076 ns, At safepoint: 7427961 ns, Total: 7505037 ns
[2024-02-12T18:52:54.845+0000][7][safepoint   ] Safepoint "Cleanup", Time since last: 352020813272 ns, Reaching safepoint: 74830 ns, At safepoint: 3349 ns, Total: 78179 ns
[2024-02-12T18:55:52.855+0000][7][safepoint   ] Safepoint "Cleanup", Time since last: 178010655371 ns, Reaching safepoint: 77482 ns, At safepoint: 10380 ns, Total: 87862 ns
[2024-02-12T19:05:52.891+0000][7][safepoint   ] Safepoint "Cleanup", Time since last: 600035296167 ns, Reaching safepoint: 80857 ns, At safepoint: 4671 ns, Total: 85528 ns
[2024-02-12T19:06:53.895+0000][7][safepoint   ] Safepoint "Cleanup", Time since last: 61003642470 ns, Reaching safepoint: 72685 ns, At safepoint: 3564 ns, Total: 76249 ns
[2024-02-12T19:14:46.918+0000][7][safepoint   ] Safepoint "Cleanup", Time since last: 473023078682 ns, Reaching safepoint: 77380 ns, At safepoint: 3190 ns, Total: 80570 ns
[2024-02-12T19:15:52.922+0000][7][safepoint   ] Safepoint "Cleanup", Time since last: 66004135569 ns, Reaching safepoint: 87021 ns, At safepoint: 3443 ns, Total: 90464 ns
[2024-02-12T19:23:46.951+0000][7][safepoint   ] Safepoint "Cleanup", Time since last: 474028744075 ns, Reaching safepoint: 76226 ns, At safepoint: 3658 ns, Total: 79884 ns
[2024-02-12T19:38:40.997+0000][7][safepoint   ] Safepoint "Cleanup", Time since last: 894046452323 ns, Reaching safepoint: 75559 ns, At safepoint: 3512 ns, Total: 79071 ns
[2024-02-12T19:40:52.005+0000][7][safepoint   ] Safepoint "Cleanup", Time since last: 131007609455 ns, Reaching safepoint: 72182 ns, At safepoint: 3640 ns, Total: 75822 ns
[2024-02-12T20:09:55.105+0000][7][safepoint   ] Safepoint "Cleanup", Time since last: 1743100107520 ns, Reaching safepoint: 78237 ns, At safepoint: 3156 ns, Total: 81393 ns
[2024-02-12T20:28:37.173+0000][7][safepoint   ] Safepoint "Cleanup", Time since last: 1122067521611 ns, Reaching safepoint: 79426 ns, At safepoint: 6065 ns, Total: 85491 ns
[2024-02-12T20:29:28.176+0000][7][safepoint   ] Safepoint "Cleanup", Time since last: 51003204374 ns, Reaching safepoint: 76780 ns, At safepoint: 3307 ns, Total: 80087 ns
[2024-02-12T20:36:55.203+0000][7][safepoint   ] Safepoint "Cleanup", Time since last: 447026975678 ns, Reaching safepoint: 76200 ns, At safepoint: 3215 ns, Total: 79415 ns
[2024-02-12T20:39:55.215+0000][7][safepoint   ] Safepoint "Cleanup", Time since last: 180011321799 ns, Reaching safepoint: 110905 ns, At safepoint: 4251 ns, Total: 115156 ns
[2024-02-12T20:41:55.222+0000][7][safepoint   ] Safepoint "Cleanup", Time since last: 120007347310 ns, Reaching safepoint: 81085 ns, At safepoint: 5997 ns, Total: 87082 ns
[2024-02-12T20:44:05.230+0000][7][safepoint   ] Safepoint "Cleanup", Time since last: 130007823350 ns, Reaching safepoint: 77776 ns, At safepoint: 8317 ns, Total: 86093 ns
[2024-02-12T20:46:25.238+0000][7][safepoint   ] Safepoint "Cleanup", Time since last: 140008287260 ns, Reaching safepoint: 79192 ns, At safepoint: 3687 ns, Total: 82879 ns
[2024-02-12T21:14:23.337+0000][7][safepoint   ] Safepoint "Cleanup", Time since last: 1678098259023 ns, Reaching safepoint: 75933 ns, At safepoint: 3559 ns, Total: 79492 ns
[2024-02-12T21:31:54.398+0000][7][safepoint   ] Safepoint "Cleanup", Time since last: 1051060927046 ns, Reaching safepoint: 75180 ns, At safepoint: 3346 ns, Total: 78526 ns
[2024-02-12T21:50:55.465+0000][7][safepoint   ] Safepoint "Cleanup", Time since last: 1141067056163 ns, Reaching safepoint: 78836 ns, At safepoint: 3754 ns, Total: 82590 ns
[2024-02-12T21:55:52.482+0000][7][safepoint   ] Safepoint "Cleanup", Time since last: 297017356788 ns, Reaching safepoint: 75461 ns, At safepoint: 2661 ns, Total: 78122 ns
[2024-02-12T22:12:25.541+0000][7][safepoint   ] Safepoint "Cleanup", Time since last: 993058285339 ns, Reaching safepoint: 78696 ns, At safepoint: 3143 ns, Total: 81839 ns
[2024-02-12T22:12:55.542+0000][7][safepoint   ] Safepoint "Cleanup", Time since last: 30001835467 ns, Reaching safepoint: 74791 ns, At safepoint: 3458 ns, Total: 78249 ns
[2024-02-12T22:17:23.558+0000][7][safepoint   ] Safepoint "Cleanup", Time since last: 268015637070 ns, Reaching safepoint: 79441 ns, At safepoint: 3355 ns, Total: 82796 ns
[2024-02-12T22:18:23.562+0000][7][safepoint   ] Safepoint "Cleanup", Time since last: 60003501327 ns, Reaching safepoint: 76997 ns, At safepoint: 8366 ns, Total: 85363 ns
[2024-02-12T22:24:37.923+0000][7][gc,start    ] GC(30) Pause Young (Normal) (G1 Evacuation Pause)
[2024-02-12T22:24:37.923+0000][7][gc,task     ] GC(30) Using 12 workers of 13 for evacuation
[2024-02-12T22:24:37.923+0000][7][gc,age      ] GC(30) Desired survivor size 20971520 bytes, new threshold 15 (max threshold 15)
[2024-02-12T22:24:37.931+0000][7][gc,age      ] GC(30) Age table with threshold 15 (max threshold 15)
[2024-02-12T22:24:37.931+0000][7][gc,age      ] GC(30) - age   1:      45528 bytes,      45528 total
[2024-02-12T22:24:37.931+0000][7][gc,age      ] GC(30) - age   2:      72224 bytes,     117752 total
[2024-02-12T22:24:37.931+0000][7][gc,age      ] GC(30) - age   3:       7192 bytes,     124944 total
[2024-02-12T22:24:37.931+0000][7][gc,age      ] GC(30) - age   4:      58472 bytes,     183416 total
[2024-02-12T22:24:37.931+0000][7][gc,age      ] GC(30) - age   5:       8688 bytes,     192104 total
[2024-02-12T22:24:37.931+0000][7][gc,age      ] GC(30) - age   6:     702264 bytes,     894368 total
[2024-02-12T22:24:37.931+0000][7][gc,age      ] GC(30) - age   7:      25088 bytes,     919456 total
[2024-02-12T22:24:37.931+0000][7][gc,age      ] GC(30) - age   8:      32648 bytes,     952104 total
[2024-02-12T22:24:37.931+0000][7][gc,age      ] GC(30) - age   9:      38304 bytes,     990408 total
[2024-02-12T22:24:37.931+0000][7][gc,age      ] GC(30) - age  10:        768 bytes,     991176 total
[2024-02-12T22:24:37.931+0000][7][gc,age      ] GC(30) - age  11:      28888 bytes,    1020064 total
[2024-02-12T22:24:37.931+0000][7][gc,age      ] GC(30) - age  12:     142992 bytes,    1163056 total
[2024-02-12T22:24:37.931+0000][7][gc,age      ] GC(30) - age  13:    1270752 bytes,    2433808 total
[2024-02-12T22:24:37.931+0000][7][gc,age      ] GC(30) - age  14:   12465096 bytes,   14898904 total
[2024-02-12T22:24:37.931+0000][7][gc,phases   ] GC(30)   Pre Evacuate Collection Set: 0.1ms
[2024-02-12T22:24:37.931+0000][7][gc,phases   ] GC(30)   Merge Heap Roots: 0.1ms
[2024-02-12T22:24:37.931+0000][7][gc,phases   ] GC(30)   Evacuate Collection Set: 7.2ms
[2024-02-12T22:24:37.931+0000][7][gc,phases   ] GC(30)   Post Evacuate Collection Set: 0.8ms
[2024-02-12T22:24:37.931+0000][7][gc,phases   ] GC(30)   Other: 0.4ms
[2024-02-12T22:24:37.931+0000][7][gc,heap     ] GC(30) Eden regions: 72->0(72)
[2024-02-12T22:24:37.931+0000][7][gc,heap     ] GC(30) Survivor regions: 4->4(10)
[2024-02-12T22:24:37.931+0000][7][gc,heap     ] GC(30) Old regions: 16->16
[2024-02-12T22:24:37.931+0000][7][gc,heap     ] GC(30) Archive regions: 2->2
[2024-02-12T22:24:37.931+0000][7][gc,heap     ] GC(30) Humongous regions: 2->2
[2024-02-12T22:24:37.931+0000][7][gc,metaspace] GC(30) Metaspace: 95521K(100252K)->95521K(100252K) NonClass: 82805K(86448K)->82805K(86448K) Class: 12716K(13804K)->12716K(13804K)
[2024-02-12T22:24:37.931+0000][7][gc          ] GC(30) Pause Young (Normal) (G1 Evacuation Pause) 375M->88M(512M) 8.601ms
[2024-02-12T22:24:37.932+0000][7][gc,cpu      ] GC(30) User=0.04s Sys=0.00s Real=0.01s
[2024-02-12T22:24:37.932+0000][7][safepoint   ] Safepoint "G1CollectForAllocation", Time since last: 374361038597 ns, Reaching safepoint: 73414 ns, At safepoint: 8676698 ns, Total: 8750112 ns
[2024-02-12T22:50:05.985+0000][7][safepoint   ] Safepoint "Cleanup", Time since last: 1528053217624 ns, Reaching safepoint: 78224 ns, At safepoint: 5133 ns, Total: 83357 ns
[2024-02-12T22:50:08.985+0000][7][safepoint   ] Safepoint "Cleanup", Time since last: 3000177370 ns, Reaching safepoint: 74049 ns, At safepoint: 3541 ns, Total: 77590 ns
[2024-02-12T22:54:52.995+0000][7][safepoint   ] Safepoint "Cleanup", Time since last: 284009592327 ns, Reaching safepoint: 70893 ns, At safepoint: 3307 ns, Total: 74200 ns
[2024-02-12T22:54:53.995+0000][7][safepoint   ] Safepoint "Cleanup", Time since last: 1000126296 ns, Reaching safepoint: 74163 ns, At safepoint: 3311 ns, Total: 77474 ns
[2024-02-12T23:10:03.043+0000][7][safepoint   ] Safepoint "Cleanup", Time since last: 909048060794 ns, Reaching safepoint: 80737 ns, At safepoint: 3588 ns, Total: 84325 ns
[2024-02-12T23:13:24.055+0000][7][safepoint   ] Safepoint "Cleanup", Time since last: 201011791108 ns, Reaching safepoint: 75262 ns, At safepoint: 5799 ns, Total: 81061 ns
[2024-02-12T23:16:25.066+0000][7][safepoint   ] Safepoint "Cleanup", Time since last: 181010688630 ns, Reaching safepoint: 77489 ns, At safepoint: 3230 ns, Total: 80719 ns
[2024-02-12T23:21:24.083+0000][7][safepoint   ] Safepoint "Cleanup", Time since last: 299017526623 ns, Reaching safepoint: 76819 ns, At safepoint: 3503 ns, Total: 80322 ns
[2024-02-12T23:21:54.085+0000][7][safepoint   ] Safepoint "Cleanup", Time since last: 30001840669 ns, Reaching safepoint: 71085 ns, At safepoint: 3617 ns, Total: 74702 ns
[2024-02-13T00:32:36.334+0000][7][safepoint   ] Safepoint "Cleanup", Time since last: 4242248279040 ns, Reaching safepoint: 103953 ns, At safepoint: 2897 ns, Total: 106850 ns
[2024-02-13T00:58:23.424+0000][7][safepoint   ] Safepoint "Cleanup", Time since last: 1547090666223 ns, Reaching safepoint: 91143 ns, At safepoint: 3640 ns, Total: 94783 ns
[2024-02-13T01:02:30.439+0000][7][safepoint   ] Safepoint "Cleanup", Time since last: 247014814476 ns, Reaching safepoint: 104997 ns, At safepoint: 3258 ns, Total: 108255 ns
[2024-02-13T01:02:34.440+0000][7][safepoint   ] Safepoint "Cleanup", Time since last: 4000306524 ns, Reaching safepoint: 74731 ns, At safepoint: 3851 ns, Total: 78582 ns
[2024-02-13T01:05:22.450+0000][7][safepoint   ] Safepoint "Cleanup", Time since last: 168009754954 ns, Reaching safepoint: 102778 ns, At safepoint: 2933 ns, Total: 105711 ns
[2024-02-13T01:05:25.450+0000][7][safepoint   ] Safepoint "Cleanup", Time since last: 3000257271 ns, Reaching safepoint: 73557 ns, At safepoint: 4063 ns, Total: 77620 ns
[2024-02-13T01:07:05.456+0000][7][safepoint   ] Safepoint "Cleanup", Time since last: 100005851212 ns, Reaching safepoint: 83802 ns, At safepoint: 3462 ns, Total: 87264 ns
[2024-02-13T01:30:00.536+0000][7][safepoint   ] Safepoint "Cleanup", Time since last: 1375079980552 ns, Reaching safepoint: 81046 ns, At safepoint: 6395 ns, Total: 87441 ns
[2024-02-13T01:38:00.564+0000][7][safepoint   ] Safepoint "Cleanup", Time since last: 480028113277 ns, Reaching safepoint: 84363 ns, At safepoint: 3776 ns, Total: 88139 ns
[2024-02-13T01:59:54.222+0000][7][gc,start    ] GC(31) Pause Young (Normal) (G1 Evacuation Pause)
[2024-02-13T01:59:54.222+0000][7][gc,task     ] GC(31) Using 12 workers of 13 for evacuation
[2024-02-13T01:59:54.222+0000][7][gc,age      ] GC(31) Desired survivor size 20971520 bytes, new threshold 15 (max threshold 15)
[2024-02-13T01:59:54.234+0000][7][gc,age      ] GC(31) Age table with threshold 15 (max threshold 15)
[2024-02-13T01:59:54.234+0000][7][gc,age      ] GC(31) - age   1:     198992 bytes,     198992 total
[2024-02-13T01:59:54.234+0000][7][gc,age      ] GC(31) - age   2:      23936 bytes,     222928 total
[2024-02-13T01:59:54.234+0000][7][gc,age      ] GC(31) - age   3:      70528 bytes,     293456 total
[2024-02-13T01:59:54.234+0000][7][gc,age      ] GC(31) - age   4:       7152 bytes,     300608 total
[2024-02-13T01:59:54.234+0000][7][gc,age      ] GC(31) - age   5:      42280 bytes,     342888 total
[2024-02-13T01:59:54.234+0000][7][gc,age      ] GC(31) - age   6:       8648 bytes,     351536 total
[2024-02-13T01:59:54.234+0000][7][gc,age      ] GC(31) - age   7:     701520 bytes,    1053056 total
[2024-02-13T01:59:54.234+0000][7][gc,age      ] GC(31) - age   8:      25088 bytes,    1078144 total
[2024-02-13T01:59:54.234+0000][7][gc,age      ] GC(31) - age   9:      32648 bytes,    1110792 total
[2024-02-13T01:59:54.234+0000][7][gc,age      ] GC(31) - age  10:      38304 bytes,    1149096 total
[2024-02-13T01:59:54.234+0000][7][gc,age      ] GC(31) - age  11:        768 bytes,    1149864 total
[2024-02-13T01:59:54.234+0000][7][gc,age      ] GC(31) - age  12:      28888 bytes,    1178752 total
[2024-02-13T01:59:54.234+0000][7][gc,age      ] GC(31) - age  13:     141768 bytes,    1320520 total
[2024-02-13T01:59:54.234+0000][7][gc,age      ] GC(31) - age  14:    1270752 bytes,    2591272 total
[2024-02-13T01:59:54.234+0000][7][gc,age      ] GC(31) - age  15:   12465016 bytes,   15056288 total
[2024-02-13T01:59:54.234+0000][7][gc,phases   ] GC(31)   Pre Evacuate Collection Set: 0.1ms
[2024-02-13T01:59:54.234+0000][7][gc,phases   ] GC(31)   Merge Heap Roots: 0.1ms
[2024-02-13T01:59:54.234+0000][7][gc,phases   ] GC(31)   Evacuate Collection Set: 11.2ms
[2024-02-13T01:59:54.234+0000][7][gc,phases   ] GC(31)   Post Evacuate Collection Set: 0.8ms
[2024-02-13T01:59:54.234+0000][7][gc,phases   ] GC(31)   Other: 0.4ms
[2024-02-13T01:59:54.234+0000][7][gc,heap     ] GC(31) Eden regions: 72->0(72)
[2024-02-13T01:59:54.234+0000][7][gc,heap     ] GC(31) Survivor regions: 4->4(10)
[2024-02-13T01:59:54.234+0000][7][gc,heap     ] GC(31) Old regions: 16->16
[2024-02-13T01:59:54.234+0000][7][gc,heap     ] GC(31) Archive regions: 2->2
[2024-02-13T01:59:54.234+0000][7][gc,heap     ] GC(31) Humongous regions: 2->2
[2024-02-13T01:59:54.234+0000][7][gc,metaspace] GC(31) Metaspace: 95591K(100252K)->95591K(100252K) NonClass: 82875K(86448K)->82875K(86448K) Class: 12716K(13804K)->12716K(13804K)
[2024-02-13T01:59:54.234+0000][7][gc          ] GC(31) Pause Young (Normal) (G1 Evacuation Pause) 376M->88M(512M) 12.598ms
[2024-02-13T01:59:54.234+0000][7][gc,cpu      ] GC(31) User=0.04s Sys=0.00s Real=0.01s
[2024-02-13T01:59:54.234+0000][7][safepoint   ] Safepoint "G1CollectForAllocation", Time since last: 1313657533348 ns, Reaching safepoint: 77316 ns, At safepoint: 12675640 ns, Total: 12752956 ns
[2024-02-13T02:29:04.328+0000][7][safepoint   ] Safepoint "Cleanup", Time since last: 1750093306898 ns, Reaching safepoint: 86471 ns, At safepoint: 2711 ns, Total: 89182 ns
[2024-02-13T02:36:25.349+0000][7][safepoint   ] Safepoint "Cleanup", Time since last: 441021464586 ns, Reaching safepoint: 79322 ns, At safepoint: 2886 ns, Total: 82208 ns
[2024-02-13T02:36:29.890+0000][7][safepoint   ] Safepoint "ICBufferFull", Time since last: 4539797225 ns, Reaching safepoint: 388081 ns, At safepoint: 9468 ns, Total: 397549 ns
[2024-02-13T02:36:30.056+0000][7][safepoint   ] Safepoint "ICBufferFull", Time since last: 166476576 ns, Reaching safepoint: 217543 ns, At safepoint: 8981 ns, Total: 226524 ns
[2024-02-13T02:36:30.243+0000][7][safepoint   ] Safepoint "ICBufferFull", Time since last: 186187905 ns, Reaching safepoint: 253435 ns, At safepoint: 11110 ns, Total: 264545 ns
[2024-02-13T02:36:30.895+0000][7][safepoint   ] Safepoint "ICBufferFull", Time since last: 652167015 ns, Reaching safepoint: 197176 ns, At safepoint: 6912 ns, Total: 204088 ns
[2024-02-13T02:36:31.895+0000][7][safepoint   ] Safepoint "Cleanup", Time since last: 1000183157 ns, Reaching safepoint: 166443 ns, At safepoint: 3481 ns, Total: 169924 ns
[2024-02-13T02:36:32.896+0000][7][safepoint   ] Safepoint "Cleanup", Time since last: 1000201724 ns, Reaching safepoint: 87315 ns, At safepoint: 5035 ns, Total: 92350 ns
[2024-02-13T02:36:34.896+0000][7][safepoint   ] Safepoint "Cleanup", Time since last: 2000196238 ns, Reaching safepoint: 122502 ns, At safepoint: 3331 ns, Total: 125833 ns
[2024-02-13T02:36:51.897+0000][7][safepoint   ] Safepoint "Cleanup", Time since last: 17001063326 ns, Reaching safepoint: 102802 ns, At safepoint: 5676 ns, Total: 108478 ns
[2024-02-13T02:36:54.898+0000][7][safepoint   ] Safepoint "Cleanup", Time since last: 3000255035 ns, Reaching safepoint: 81186 ns, At safepoint: 6998 ns, Total: 88184 ns
[2024-02-13T02:36:59.898+0000][7][safepoint   ] Safepoint "Cleanup", Time since last: 5000399015 ns, Reaching safepoint: 85127 ns, At safepoint: 3797 ns, Total: 88924 ns
[2024-02-13T02:37:23.900+0000][7][safepoint   ] Safepoint "Cleanup", Time since last: 24001689633 ns, Reaching safepoint: 79300 ns, At safepoint: 3705 ns, Total: 83005 ns
[2024-02-13T02:37:24.900+0000][7][safepoint   ] Safepoint "Cleanup", Time since last: 1000140705 ns, Reaching safepoint: 77183 ns, At safepoint: 2695 ns, Total: 79878 ns
[2024-02-13T02:37:29.901+0000][7][safepoint   ] Safepoint "Cleanup", Time since last: 5000369495 ns, Reaching safepoint: 113437 ns, At safepoint: 5594 ns, Total: 119031 ns
[2024-02-13T02:37:32.901+0000][7][safepoint   ] Safepoint "Cleanup", Time since last: 3000314089 ns, Reaching safepoint: 80882 ns, At safepoint: 4361 ns, Total: 85243 ns
[2024-02-13T02:37:50.902+0000][7][safepoint   ] Safepoint "Cleanup", Time since last: 18001192801 ns, Reaching safepoint: 117469 ns, At safepoint: 3763 ns, Total: 121232 ns
[2024-02-13T02:37:51.902+0000][7][safepoint   ] Safepoint "Cleanup", Time since last: 1000132020 ns, Reaching safepoint: 120241 ns, At safepoint: 3529 ns, Total: 123770 ns
[2024-02-13T02:37:54.903+0000][7][safepoint   ] Safepoint "Cleanup", Time since last: 3000223420 ns, Reaching safepoint: 117953 ns, At safepoint: 3662 ns, Total: 121615 ns
[2024-02-13T02:38:39.906+0000][7][safepoint   ] Safepoint "Cleanup", Time since last: 45003182088 ns, Reaching safepoint: 83121 ns, At safepoint: 3708 ns, Total: 86829 ns
[2024-02-13T02:39:20.909+0000][7][safepoint   ] Safepoint "Cleanup", Time since last: 41002796325 ns, Reaching safepoint: 87053 ns, At safepoint: 3863 ns, Total: 90916 ns
[2024-02-13T02:40:00.912+0000][7][safepoint   ] Safepoint "Cleanup", Time since last: 40002589919 ns, Reaching safepoint: 92158 ns, At safepoint: 3250 ns, Total: 95408 ns
[2024-02-13T02:40:36.914+0000][7][safepoint   ] Safepoint "Cleanup", Time since last: 36002354024 ns, Reaching safepoint: 80048 ns, At safepoint: 3192 ns, Total: 83240 ns
[2024-02-13T02:40:38.914+0000][7][safepoint   ] Safepoint "Cleanup", Time since last: 2000173947 ns, Reaching safepoint: 175730 ns, At safepoint: 2571 ns, Total: 178301 ns
[2024-02-13T02:40:39.915+0000][7][safepoint   ] Safepoint "Cleanup", Time since last: 1000212891 ns, Reaching safepoint: 117501 ns, At safepoint: 5353 ns, Total: 122854 ns
[2024-02-13T02:40:42.915+0000][7][safepoint   ] Safepoint "Cleanup", Time since last: 3000258592 ns, Reaching safepoint: 92388 ns, At safepoint: 4200 ns, Total: 96588 ns
[2024-02-13T02:40:49.916+0000][7][safepoint   ] Safepoint "Cleanup", Time since last: 7000452489 ns, Reaching safepoint: 88725 ns, At safepoint: 2617 ns, Total: 91342 ns
[2024-02-13T02:40:50.916+0000][7][safepoint   ] Safepoint "Cleanup", Time since last: 1000128609 ns, Reaching safepoint: 98008 ns, At safepoint: 2687 ns, Total: 100695 ns
[2024-02-13T02:40:54.916+0000][7][safepoint   ] Safepoint "Cleanup", Time since last: 4000291899 ns, Reaching safepoint: 79163 ns, At safepoint: 4976 ns, Total: 84139 ns
[2024-02-13T02:40:56.917+0000][7][safepoint   ] Safepoint "Cleanup", Time since last: 2000185005 ns, Reaching safepoint: 101020 ns, At safepoint: 3608 ns, Total: 104628 ns
[2024-02-13T02:41:03.917+0000][7][safepoint   ] Safepoint "Cleanup", Time since last: 7000495683 ns, Reaching safepoint: 93815 ns, At safepoint: 3568 ns, Total: 97383 ns
[2024-02-13T02:41:24.919+0000][7][safepoint   ] Safepoint "Cleanup", Time since last: 21001413838 ns, Reaching safepoint: 88770 ns, At safepoint: 3728 ns, Total: 92498 ns
[2024-02-13T02:41:32.919+0000][7][safepoint   ] Safepoint "Cleanup", Time since last: 8000549749 ns, Reaching safepoint: 80835 ns, At safepoint: 3549 ns, Total: 84384 ns
[2024-02-13T02:41:51.921+0000][7][safepoint   ] Safepoint "Cleanup", Time since last: 19001292864 ns, Reaching safepoint: 92379 ns, At safepoint: 3718 ns, Total: 96097 ns
[2024-02-13T02:43:12.926+0000][7][safepoint   ] Safepoint "Cleanup", Time since last: 81005049089 ns, Reaching safepoint: 97299 ns, At safepoint: 5015 ns, Total: 102314 ns
[2024-02-13T02:44:24.930+0000][7][safepoint   ] Safepoint "Cleanup", Time since last: 72004492180 ns, Reaching safepoint: 92730 ns, At safepoint: 3932 ns, Total: 96662 ns
[2024-02-13T02:44:54.932+0000][7][safepoint   ] Safepoint "Cleanup", Time since last: 30001794675 ns, Reaching safepoint: 90577 ns, At safepoint: 3287 ns, Total: 93864 ns
[2024-02-13T02:44:57.933+0000][7][safepoint   ] Safepoint "Cleanup", Time since last: 3000250348 ns, Reaching safepoint: 91594 ns, At safepoint: 3707 ns, Total: 95301 ns
[2024-02-13T02:44:58.933+0000][7][safepoint   ] Safepoint "Cleanup", Time since last: 1000131946 ns, Reaching safepoint: 154337 ns, At safepoint: 3853 ns, Total: 158190 ns
[2024-02-13T02:45:41.936+0000][7][safepoint   ] Safepoint "Cleanup", Time since last: 43002617359 ns, Reaching safepoint: 88577 ns, At safepoint: 5843 ns, Total: 94420 ns
[2024-02-13T02:45:42.936+0000][7][safepoint   ] Safepoint "Cleanup", Time since last: 1000139528 ns, Reaching safepoint: 88679 ns, At safepoint: 3010 ns, Total: 91689 ns
[2024-02-13T02:46:41.940+0000][7][safepoint   ] Safepoint "Cleanup", Time since last: 59003489825 ns, Reaching safepoint: 86695 ns, At safepoint: 3610 ns, Total: 90305 ns
[2024-02-13T02:50:34.953+0000][7][safepoint   ] Safepoint "Cleanup", Time since last: 233013834564 ns, Reaching safepoint: 104936 ns, At safepoint: 5875 ns, Total: 110811 ns
[2024-02-13T02:50:35.159+0000][7][gc,heap,exit] Heap
[2024-02-13T02:50:35.159+0000][7][gc,heap,exit]  garbage-first heap   total 524288K, used 258523K [0x00000000e0000000, 0x0000000100000000)
[2024-02-13T02:50:35.159+0000][7][gc,heap,exit]   region size 4096K, 47 young (192512K), 4 survivors (16384K)
[2024-02-13T02:50:35.159+0000][7][gc,heap,exit]  Metaspace       used 98870K, capacity 102419K, committed 103708K, reserved 1138688K
[2024-02-13T02:50:35.159+0000][7][gc,heap,exit]   class space    used 13006K, capacity 14109K, committed 14188K, reserved 1048576K
