[2024-02-06T08:36:47.387+0000][7][gc] Using G1
[2024-02-06T08:36:47.598+0000][7][gc,init] Version: 15.0.1+9 (release)
[2024-02-06T08:36:47.598+0000][7][gc,init] CPUs: 16 total, 16 available
[2024-02-06T08:36:47.598+0000][7][gc,init] Memory: 63240M
[2024-02-06T08:36:47.598+0000][7][gc,init] Large Page Support: Disabled
[2024-02-06T08:36:47.598+0000][7][gc,init] NUMA Support: Disabled
[2024-02-06T08:36:47.598+0000][7][gc,init] Compressed Oops: Enabled (32-bit)
[2024-02-06T08:36:47.598+0000][7][gc,init] Heap Region Size: 4M
[2024-02-06T08:36:47.598+0000][7][gc,init] Heap Min Capacity: 512M
[2024-02-06T08:36:47.598+0000][7][gc,init] Heap Initial Capacity: 512M
[2024-02-06T08:36:47.598+0000][7][gc,init] Heap Max Capacity: 512M
[2024-02-06T08:36:47.598+0000][7][gc,init] Pre-touch: Enabled
[2024-02-06T08:36:47.598+0000][7][gc,init] Parallel Workers: 13
[2024-02-06T08:36:47.598+0000][7][gc,init] Concurrent Workers: 3
[2024-02-06T08:36:47.598+0000][7][gc,init] Concurrent Refinement Workers: 13
[2024-02-06T08:36:47.598+0000][7][gc,init] Periodic GC: Disabled
[2024-02-06T08:36:47.598+0000][7][gc,cds ] Mark closed archive regions in map: [0x00000000ffc00000, 0x00000000ffc7bff8]
[2024-02-06T08:36:47.598+0000][7][gc,cds ] Mark open archive regions in map: [0x00000000ffb00000, 0x00000000ffb51ff8]
[2024-02-06T08:36:47.598+0000][7][gc,metaspace] CDS archive(s) mapped at: [0x0000000800000000-0x0000000800b2a000-0x0000000800b2a000), size 11706368, SharedBaseAddress: 0x0000000800000000, ArchiveRelocationMode: 0.
[2024-02-06T08:36:47.598+0000][7][gc,metaspace] Compressed class space mapped at: 0x0000000800b2c000-0x0000000840b2c000, size: 1073741824
[2024-02-06T08:36:47.598+0000][7][gc,metaspace] Narrow klass base: 0x0000000800000000, Narrow klass shift: 3, Narrow klass range: 0x100000000
[2024-02-06T08:36:47.850+0000][7][safepoint   ] Safepoint "ICBufferFull", Time since last: 243640302 ns, Reaching safepoint: 106672 ns, At safepoint: 3567 ns, Total: 110239 ns
[2024-02-06T08:36:48.046+0000][7][gc,start    ] GC(0) Pause Young (Normal) (G1 Evacuation Pause)
[2024-02-06T08:36:48.047+0000][7][gc,task     ] GC(0) Using 12 workers of 13 for evacuation
[2024-02-06T08:36:48.047+0000][7][gc,age      ] GC(0) Desired survivor size 2097152 bytes, new threshold 15 (max threshold 15)
[2024-02-06T08:36:48.049+0000][7][gc,age      ] GC(0) Age table with threshold 15 (max threshold 15)
[2024-02-06T08:36:48.049+0000][7][gc,age      ] GC(0) - age   1:    4165640 bytes,    4165640 total
[2024-02-06T08:36:48.049+0000][7][gc,phases   ] GC(0)   Pre Evacuate Collection Set: 0.0ms
[2024-02-06T08:36:48.049+0000][7][gc,phases   ] GC(0)   Merge Heap Roots: 0.0ms
[2024-02-06T08:36:48.049+0000][7][gc,phases   ] GC(0)   Evacuate Collection Set: 1.4ms
[2024-02-06T08:36:48.049+0000][7][gc,phases   ] GC(0)   Post Evacuate Collection Set: 0.3ms
[2024-02-06T08:36:48.049+0000][7][gc,phases   ] GC(0)   Other: 0.7ms
[2024-02-06T08:36:48.049+0000][7][gc,heap     ] GC(0) Eden regions: 6->0(6)
[2024-02-06T08:36:48.049+0000][7][gc,heap     ] GC(0) Survivor regions: 0->1(1)
[2024-02-06T08:36:48.049+0000][7][gc,heap     ] GC(0) Old regions: 0->1
[2024-02-06T08:36:48.049+0000][7][gc,heap     ] GC(0) Archive regions: 2->2
[2024-02-06T08:36:48.049+0000][7][gc,heap     ] GC(0) Humongous regions: 0->0
[2024-02-06T08:36:48.049+0000][7][gc,metaspace] GC(0) Metaspace: 8103K(9216K)->8103K(9216K) NonClass: 7206K(8192K)->7206K(8192K) Class: 896K(1024K)->896K(1024K)
[2024-02-06T08:36:48.049+0000][7][gc          ] GC(0) Pause Young (Normal) (G1 Evacuation Pause) 27M->7M(512M) 2.511ms
[2024-02-06T08:36:48.049+0000][7][gc,cpu      ] GC(0) User=0.02s Sys=0.00s Real=0.01s
[2024-02-06T08:36:48.049+0000][7][safepoint   ] Safepoint "G1CollectForAllocation", Time since last: 196059458 ns, Reaching safepoint: 110718 ns, At safepoint: 2574170 ns, Total: 2684888 ns
[2024-02-06T08:36:48.518+0000][7][gc,start    ] GC(1) Pause Young (Normal) (G1 Evacuation Pause)
[2024-02-06T08:36:48.518+0000][7][gc,task     ] GC(1) Using 12 workers of 13 for evacuation
[2024-02-06T08:36:48.518+0000][7][gc,age      ] GC(1) Desired survivor size 2097152 bytes, new threshold 1 (max threshold 15)
[2024-02-06T08:36:48.520+0000][7][gc,age      ] GC(1) Age table with threshold 1 (max threshold 15)
[2024-02-06T08:36:48.520+0000][7][gc,age      ] GC(1) - age   1:    2026976 bytes,    2026976 total
[2024-02-06T08:36:48.520+0000][7][gc,phases   ] GC(1)   Pre Evacuate Collection Set: 0.0ms
[2024-02-06T08:36:48.520+0000][7][gc,phases   ] GC(1)   Merge Heap Roots: 0.0ms
[2024-02-06T08:36:48.520+0000][7][gc,phases   ] GC(1)   Evacuate Collection Set: 2.0ms
[2024-02-06T08:36:48.520+0000][7][gc,phases   ] GC(1)   Post Evacuate Collection Set: 0.2ms
[2024-02-06T08:36:48.520+0000][7][gc,phases   ] GC(1)   Other: 0.1ms
[2024-02-06T08:36:48.520+0000][7][gc,heap     ] GC(1) Eden regions: 6->0(13)
[2024-02-06T08:36:48.520+0000][7][gc,heap     ] GC(1) Survivor regions: 1->1(1)
[2024-02-06T08:36:48.520+0000][7][gc,heap     ] GC(1) Old regions: 1->2
[2024-02-06T08:36:48.520+0000][7][gc,heap     ] GC(1) Archive regions: 2->2
[2024-02-06T08:36:48.520+0000][7][gc,heap     ] GC(1) Humongous regions: 0->0
[2024-02-06T08:36:48.520+0000][7][gc,metaspace] GC(1) Metaspace: 12315K(12928K)->12315K(12928K) NonClass: 10870K(11264K)->10870K(11264K) Class: 1444K(1664K)->1444K(1664K)
[2024-02-06T08:36:48.520+0000][7][gc          ] GC(1) Pause Young (Normal) (G1 Evacuation Pause) 31M->9M(512M) 2.530ms
[2024-02-06T08:36:48.520+0000][7][gc,cpu      ] GC(1) User=0.02s Sys=0.00s Real=0.00s
[2024-02-06T08:36:48.520+0000][7][safepoint   ] Safepoint "G1CollectForAllocation", Time since last: 468700768 ns, Reaching safepoint: 104565 ns, At safepoint: 2573847 ns, Total: 2678412 ns
[2024-02-06T08:36:48.923+0000][7][safepoint   ] Safepoint "ICBufferFull", Time since last: 402076465 ns, Reaching safepoint: 154052 ns, At safepoint: 4207 ns, Total: 158259 ns
[2024-02-06T08:36:48.991+0000][7][gc,start    ] GC(2) Pause Young (Normal) (G1 Evacuation Pause)
[2024-02-06T08:36:48.991+0000][7][gc,task     ] GC(2) Using 12 workers of 13 for evacuation
[2024-02-06T08:36:48.991+0000][7][gc,age      ] GC(2) Desired survivor size 4194304 bytes, new threshold 15 (max threshold 15)
[2024-02-06T08:36:48.993+0000][7][gc,age      ] GC(2) Age table with threshold 15 (max threshold 15)
[2024-02-06T08:36:48.993+0000][7][gc,age      ] GC(2) - age   1:    1277616 bytes,    1277616 total
[2024-02-06T08:36:48.993+0000][7][gc,age      ] GC(2) - age   2:    1995320 bytes,    3272936 total
[2024-02-06T08:36:48.993+0000][7][gc,phases   ] GC(2)   Pre Evacuate Collection Set: 0.1ms
[2024-02-06T08:36:48.993+0000][7][gc,phases   ] GC(2)   Merge Heap Roots: 0.0ms
[2024-02-06T08:36:48.993+0000][7][gc,phases   ] GC(2)   Evacuate Collection Set: 1.9ms
[2024-02-06T08:36:48.993+0000][7][gc,phases   ] GC(2)   Post Evacuate Collection Set: 0.3ms
[2024-02-06T08:36:48.993+0000][7][gc,phases   ] GC(2)   Other: 0.2ms
[2024-02-06T08:36:48.993+0000][7][gc,heap     ] GC(2) Eden regions: 13->0(64)
[2024-02-06T08:36:48.993+0000][7][gc,heap     ] GC(2) Survivor regions: 1->1(2)
[2024-02-06T08:36:48.993+0000][7][gc,heap     ] GC(2) Old regions: 2->2
[2024-02-06T08:36:48.993+0000][7][gc,heap     ] GC(2) Archive regions: 2->2
[2024-02-06T08:36:48.993+0000][7][gc,heap     ] GC(2) Humongous regions: 0->0
[2024-02-06T08:36:48.993+0000][7][gc,metaspace] GC(2) Metaspace: 14857K(15360K)->14857K(15360K) NonClass: 13175K(13568K)->13175K(13568K) Class: 1681K(1792K)->1681K(1792K)
[2024-02-06T08:36:48.993+0000][7][gc          ] GC(2) Pause Young (Normal) (G1 Evacuation Pause) 61M->11M(512M) 2.609ms
[2024-02-06T08:36:48.993+0000][7][gc,cpu      ] GC(2) User=0.02s Sys=0.01s Real=0.00s
[2024-02-06T08:36:48.993+0000][7][safepoint   ] Safepoint "G1CollectForAllocation", Time since last: 67914326 ns, Reaching safepoint: 87499 ns, At safepoint: 2671786 ns, Total: 2759285 ns
[2024-02-06T08:36:49.058+0000][7][safepoint   ] Safepoint "ICBufferFull", Time since last: 64608858 ns, Reaching safepoint: 82459 ns, At safepoint: 4764 ns, Total: 87223 ns
[2024-02-06T08:36:49.062+0000][7][safepoint   ] Safepoint "ICBufferFull", Time since last: 3540985 ns, Reaching safepoint: 53444 ns, At safepoint: 3149 ns, Total: 56593 ns
[2024-02-06T08:36:49.064+0000][7][safepoint   ] Safepoint "ICBufferFull", Time since last: 2635704 ns, Reaching safepoint: 53099 ns, At safepoint: 4270 ns, Total: 57369 ns
[2024-02-06T08:36:49.066+0000][7][safepoint   ] Safepoint "ICBufferFull", Time since last: 2116651 ns, Reaching safepoint: 37114 ns, At safepoint: 3860 ns, Total: 40974 ns
[2024-02-06T08:36:49.069+0000][7][safepoint   ] Safepoint "ICBufferFull", Time since last: 2919333 ns, Reaching safepoint: 39930 ns, At safepoint: 4715 ns, Total: 44645 ns
[2024-02-06T08:36:49.071+0000][7][safepoint   ] Safepoint "ICBufferFull", Time since last: 1970529 ns, Reaching safepoint: 39962 ns, At safepoint: 3626 ns, Total: 43588 ns
[2024-02-06T08:36:49.073+0000][7][safepoint   ] Safepoint "ICBufferFull", Time since last: 1809972 ns, Reaching safepoint: 34597 ns, At safepoint: 3431 ns, Total: 38028 ns
[2024-02-06T08:36:49.076+0000][7][safepoint   ] Safepoint "ICBufferFull", Time since last: 2295486 ns, Reaching safepoint: 50161 ns, At safepoint: 3653 ns, Total: 53814 ns
[2024-02-06T08:36:49.078+0000][7][safepoint   ] Safepoint "ICBufferFull", Time since last: 2007333 ns, Reaching safepoint: 97090 ns, At safepoint: 4693 ns, Total: 101783 ns
[2024-02-06T08:36:49.080+0000][7][safepoint   ] Safepoint "ICBufferFull", Time since last: 2532516 ns, Reaching safepoint: 36347 ns, At safepoint: 3737 ns, Total: 40084 ns
[2024-02-06T08:36:49.082+0000][7][safepoint   ] Safepoint "ICBufferFull", Time since last: 2093590 ns, Reaching safepoint: 37785 ns, At safepoint: 4998 ns, Total: 42783 ns
[2024-02-06T08:36:49.085+0000][7][safepoint   ] Safepoint "ICBufferFull", Time since last: 2417526 ns, Reaching safepoint: 35480 ns, At safepoint: 3569 ns, Total: 39049 ns
[2024-02-06T08:36:49.088+0000][7][safepoint   ] Safepoint "ICBufferFull", Time since last: 3037138 ns, Reaching safepoint: 34293 ns, At safepoint: 3496 ns, Total: 37789 ns
[2024-02-06T08:36:49.091+0000][7][safepoint   ] Safepoint "ICBufferFull", Time since last: 2548983 ns, Reaching safepoint: 33807 ns, At safepoint: 3770 ns, Total: 37577 ns
[2024-02-06T08:36:49.121+0000][7][safepoint   ] Safepoint "ICBufferFull", Time since last: 30459146 ns, Reaching safepoint: 130919 ns, At safepoint: 5344 ns, Total: 136263 ns
[2024-02-06T08:36:49.333+0000][7][safepoint   ] Safepoint "ICBufferFull", Time since last: 211682523 ns, Reaching safepoint: 237181 ns, At safepoint: 6010 ns, Total: 243191 ns
[2024-02-06T08:36:49.420+0000][7][gc,start    ] GC(3) Pause Young (Normal) (G1 Evacuation Pause)
[2024-02-06T08:36:49.420+0000][7][gc,task     ] GC(3) Using 12 workers of 13 for evacuation
[2024-02-06T08:36:49.420+0000][7][gc,age      ] GC(3) Desired survivor size 18874368 bytes, new threshold 15 (max threshold 15)
[2024-02-06T08:36:49.423+0000][7][gc,age      ] GC(3) Age table with threshold 15 (max threshold 15)
[2024-02-06T08:36:49.423+0000][7][gc,age      ] GC(3) - age   1:    6241832 bytes,    6241832 total
[2024-02-06T08:36:49.423+0000][7][gc,age      ] GC(3) - age   2:    1249248 bytes,    7491080 total
[2024-02-06T08:36:49.423+0000][7][gc,age      ] GC(3) - age   3:    1980824 bytes,    9471904 total
[2024-02-06T08:36:49.423+0000][7][gc,phases   ] GC(3)   Pre Evacuate Collection Set: 0.0ms
[2024-02-06T08:36:49.423+0000][7][gc,phases   ] GC(3)   Merge Heap Roots: 0.0ms
[2024-02-06T08:36:49.423+0000][7][gc,phases   ] GC(3)   Evacuate Collection Set: 2.5ms
[2024-02-06T08:36:49.423+0000][7][gc,phases   ] GC(3)   Post Evacuate Collection Set: 0.4ms
[2024-02-06T08:36:49.423+0000][7][gc,phases   ] GC(3)   Other: 0.2ms
[2024-02-06T08:36:49.423+0000][7][gc,heap     ] GC(3) Eden regions: 64->0(73)
[2024-02-06T08:36:49.423+0000][7][gc,heap     ] GC(3) Survivor regions: 1->3(9)
[2024-02-06T08:36:49.423+0000][7][gc,heap     ] GC(3) Old regions: 2->2
[2024-02-06T08:36:49.423+0000][7][gc,heap     ] GC(3) Archive regions: 2->2
[2024-02-06T08:36:49.423+0000][7][gc,heap     ] GC(3) Humongous regions: 0->0
[2024-02-06T08:36:49.423+0000][7][gc,metaspace] GC(3) Metaspace: 18420K(19072K)->18420K(19072K) NonClass: 16251K(16640K)->16251K(16640K) Class: 2169K(2432K)->2169K(2432K)
[2024-02-06T08:36:49.423+0000][7][gc          ] GC(3) Pause Young (Normal) (G1 Evacuation Pause) 267M->17M(512M) 3.164ms
[2024-02-06T08:36:49.423+0000][7][gc,cpu      ] GC(3) User=0.03s Sys=0.00s Real=0.00s
[2024-02-06T08:36:49.423+0000][7][safepoint   ] Safepoint "G1CollectForAllocation", Time since last: 86782596 ns, Reaching safepoint: 75867 ns, At safepoint: 3220401 ns, Total: 3296268 ns
[2024-02-06T08:36:49.691+0000][7][gc,start    ] GC(4) Pause Young (Normal) (G1 Evacuation Pause)
[2024-02-06T08:36:49.691+0000][7][gc,task     ] GC(4) Using 12 workers of 13 for evacuation
[2024-02-06T08:36:49.691+0000][7][gc,age      ] GC(4) Desired survivor size 20971520 bytes, new threshold 15 (max threshold 15)
[2024-02-06T08:36:49.695+0000][7][gc,age      ] GC(4) Age table with threshold 15 (max threshold 15)
[2024-02-06T08:36:49.695+0000][7][gc,age      ] GC(4) - age   1:    2593088 bytes,    2593088 total
[2024-02-06T08:36:49.695+0000][7][gc,age      ] GC(4) - age   2:    4375496 bytes,    6968584 total
[2024-02-06T08:36:49.695+0000][7][gc,age      ] GC(4) - age   3:    1249248 bytes,    8217832 total
[2024-02-06T08:36:49.695+0000][7][gc,age      ] GC(4) - age   4:    1980824 bytes,   10198656 total
[2024-02-06T08:36:49.695+0000][7][gc,phases   ] GC(4)   Pre Evacuate Collection Set: 0.1ms
[2024-02-06T08:36:49.695+0000][7][gc,phases   ] GC(4)   Merge Heap Roots: 0.0ms
[2024-02-06T08:36:49.695+0000][7][gc,phases   ] GC(4)   Evacuate Collection Set: 3.0ms
[2024-02-06T08:36:49.695+0000][7][gc,phases   ] GC(4)   Post Evacuate Collection Set: 0.4ms
[2024-02-06T08:36:49.695+0000][7][gc,phases   ] GC(4)   Other: 0.2ms
[2024-02-06T08:36:49.695+0000][7][gc,heap     ] GC(4) Eden regions: 73->0(73)
[2024-02-06T08:36:49.695+0000][7][gc,heap     ] GC(4) Survivor regions: 3->3(10)
[2024-02-06T08:36:49.695+0000][7][gc,heap     ] GC(4) Old regions: 2->2
[2024-02-06T08:36:49.695+0000][7][gc,heap     ] GC(4) Archive regions: 2->2
[2024-02-06T08:36:49.695+0000][7][gc,heap     ] GC(4) Humongous regions: 0->0
[2024-02-06T08:36:49.695+0000][7][gc,metaspace] GC(4) Metaspace: 19117K(20224K)->19117K(20224K) NonClass: 16852K(17664K)->16852K(17664K) Class: 2264K(2560K)->2264K(2560K)
[2024-02-06T08:36:49.695+0000][7][gc          ] GC(4) Pause Young (Normal) (G1 Evacuation Pause) 309M->17M(512M) 3.743ms
[2024-02-06T08:36:49.695+0000][7][gc,cpu      ] GC(4) User=0.03s Sys=0.00s Real=0.00s
[2024-02-06T08:36:49.695+0000][7][safepoint   ] Safepoint "G1CollectForAllocation", Time since last: 267687313 ns, Reaching safepoint: 70816 ns, At safepoint: 3799994 ns, Total: 3870810 ns
[2024-02-06T08:36:49.942+0000][7][gc,start    ] GC(5) Pause Young (Normal) (G1 Evacuation Pause)
[2024-02-06T08:36:49.942+0000][7][gc,task     ] GC(5) Using 12 workers of 13 for evacuation
[2024-02-06T08:36:49.942+0000][7][gc,age      ] GC(5) Desired survivor size 20971520 bytes, new threshold 15 (max threshold 15)
[2024-02-06T08:36:49.945+0000][7][gc,age      ] GC(5) Age table with threshold 15 (max threshold 15)
[2024-02-06T08:36:49.945+0000][7][gc,age      ] GC(5) - age   1:    1919104 bytes,    1919104 total
[2024-02-06T08:36:49.945+0000][7][gc,age      ] GC(5) - age   2:    1809856 bytes,    3728960 total
[2024-02-06T08:36:49.945+0000][7][gc,age      ] GC(5) - age   3:    4371480 bytes,    8100440 total
[2024-02-06T08:36:49.945+0000][7][gc,age      ] GC(5) - age   4:    1249248 bytes,    9349688 total
[2024-02-06T08:36:49.945+0000][7][gc,age      ] GC(5) - age   5:    1980824 bytes,   11330512 total
[2024-02-06T08:36:49.945+0000][7][gc,phases   ] GC(5)   Pre Evacuate Collection Set: 0.0ms
[2024-02-06T08:36:49.945+0000][7][gc,phases   ] GC(5)   Merge Heap Roots: 0.0ms
[2024-02-06T08:36:49.945+0000][7][gc,phases   ] GC(5)   Evacuate Collection Set: 2.5ms
[2024-02-06T08:36:49.945+0000][7][gc,phases   ] GC(5)   Post Evacuate Collection Set: 0.4ms
[2024-02-06T08:36:49.945+0000][7][gc,phases   ] GC(5)   Other: 0.2ms
[2024-02-06T08:36:49.945+0000][7][gc,heap     ] GC(5) Eden regions: 73->0(73)
[2024-02-06T08:36:49.945+0000][7][gc,heap     ] GC(5) Survivor regions: 3->3(10)
[2024-02-06T08:36:49.945+0000][7][gc,heap     ] GC(5) Old regions: 2->2
[2024-02-06T08:36:49.945+0000][7][gc,heap     ] GC(5) Archive regions: 2->2
[2024-02-06T08:36:49.945+0000][7][gc,heap     ] GC(5) Humongous regions: 0->0
[2024-02-06T08:36:49.945+0000][7][gc,metaspace] GC(5) Metaspace: 19469K(20480K)->19469K(20480K) NonClass: 17147K(17920K)->17147K(17920K) Class: 2321K(2560K)->2321K(2560K)
[2024-02-06T08:36:49.945+0000][7][gc          ] GC(5) Pause Young (Normal) (G1 Evacuation Pause) 309M->19M(512M) 3.220ms
[2024-02-06T08:36:49.945+0000][7][gc,cpu      ] GC(5) User=0.02s Sys=0.00s Real=0.00s
[2024-02-06T08:36:49.945+0000][7][safepoint   ] Safepoint "G1CollectForAllocation", Time since last: 247370249 ns, Reaching safepoint: 52191 ns, At safepoint: 3269700 ns, Total: 3321891 ns
[2024-02-06T08:36:50.181+0000][7][gc,start    ] GC(6) Pause Young (Normal) (G1 Evacuation Pause)
[2024-02-06T08:36:50.181+0000][7][gc,task     ] GC(6) Using 12 workers of 13 for evacuation
[2024-02-06T08:36:50.181+0000][7][gc,age      ] GC(6) Desired survivor size 20971520 bytes, new threshold 15 (max threshold 15)
[2024-02-06T08:36:50.185+0000][7][gc,age      ] GC(6) Age table with threshold 15 (max threshold 15)
[2024-02-06T08:36:50.185+0000][7][gc,age      ] GC(6) - age   1:    1881584 bytes,    1881584 total
[2024-02-06T08:36:50.185+0000][7][gc,age      ] GC(6) - age   2:    1474432 bytes,    3356016 total
[2024-02-06T08:36:50.185+0000][7][gc,age      ] GC(6) - age   3:    1809184 bytes,    5165200 total
[2024-02-06T08:36:50.185+0000][7][gc,age      ] GC(6) - age   4:    4371064 bytes,    9536264 total
[2024-02-06T08:36:50.185+0000][7][gc,age      ] GC(6) - age   5:    1249248 bytes,   10785512 total
[2024-02-06T08:36:50.185+0000][7][gc,age      ] GC(6) - age   6:    1980824 bytes,   12766336 total
[2024-02-06T08:36:50.185+0000][7][gc,phases   ] GC(6)   Pre Evacuate Collection Set: 0.1ms
[2024-02-06T08:36:50.185+0000][7][gc,phases   ] GC(6)   Merge Heap Roots: 0.0ms
[2024-02-06T08:36:50.185+0000][7][gc,phases   ] GC(6)   Evacuate Collection Set: 3.4ms
[2024-02-06T08:36:50.185+0000][7][gc,phases   ] GC(6)   Post Evacuate Collection Set: 0.4ms
[2024-02-06T08:36:50.185+0000][7][gc,phases   ] GC(6)   Other: 0.2ms
[2024-02-06T08:36:50.185+0000][7][gc,heap     ] GC(6) Eden regions: 73->0(72)
[2024-02-06T08:36:50.185+0000][7][gc,heap     ] GC(6) Survivor regions: 3->4(10)
[2024-02-06T08:36:50.185+0000][7][gc,heap     ] GC(6) Old regions: 2->2
[2024-02-06T08:36:50.185+0000][7][gc,heap     ] GC(6) Archive regions: 2->2
[2024-02-06T08:36:50.185+0000][7][gc,heap     ] GC(6) Humongous regions: 0->0
[2024-02-06T08:36:50.185+0000][7][gc,metaspace] GC(6) Metaspace: 19709K(20864K)->19709K(20864K) NonClass: 17341K(18176K)->17341K(18176K) Class: 2368K(2688K)->2368K(2688K)
[2024-02-06T08:36:50.185+0000][7][gc          ] GC(6) Pause Young (Normal) (G1 Evacuation Pause) 311M->20M(512M) 4.176ms
[2024-02-06T08:36:50.185+0000][7][gc,cpu      ] GC(6) User=0.03s Sys=0.00s Real=0.00s
[2024-02-06T08:36:50.185+0000][7][safepoint   ] Safepoint "G1CollectForAllocation", Time since last: 235445408 ns, Reaching safepoint: 69115 ns, At safepoint: 4229913 ns, Total: 4299028 ns
[2024-02-06T08:36:50.342+0000][7][gc,start    ] GC(7) Pause Young (Concurrent Start) (Metadata GC Threshold)
[2024-02-06T08:36:50.342+0000][7][gc,task     ] GC(7) Using 12 workers of 13 for evacuation
[2024-02-06T08:36:50.342+0000][7][gc,age      ] GC(7) Desired survivor size 20971520 bytes, new threshold 15 (max threshold 15)
[2024-02-06T08:36:50.346+0000][7][gc,age      ] GC(7) Age table with threshold 15 (max threshold 15)
[2024-02-06T08:36:50.346+0000][7][gc,age      ] GC(7) - age   1:    1683040 bytes,    1683040 total
[2024-02-06T08:36:50.346+0000][7][gc,age      ] GC(7) - age   2:     617896 bytes,    2300936 total
[2024-02-06T08:36:50.346+0000][7][gc,age      ] GC(7) - age   3:    1474368 bytes,    3775304 total
[2024-02-06T08:36:50.346+0000][7][gc,age      ] GC(7) - age   4:    1808080 bytes,    5583384 total
[2024-02-06T08:36:50.346+0000][7][gc,age      ] GC(7) - age   5:    4370640 bytes,    9954024 total
[2024-02-06T08:36:50.346+0000][7][gc,age      ] GC(7) - age   6:    1249072 bytes,   11203096 total
[2024-02-06T08:36:50.346+0000][7][gc,age      ] GC(7) - age   7:    1980824 bytes,   13183920 total
[2024-02-06T08:36:50.346+0000][7][gc,phases   ] GC(7)   Pre Evacuate Collection Set: 0.1ms
[2024-02-06T08:36:50.346+0000][7][gc,phases   ] GC(7)   Merge Heap Roots: 0.0ms
[2024-02-06T08:36:50.346+0000][7][gc,phases   ] GC(7)   Evacuate Collection Set: 2.9ms
[2024-02-06T08:36:50.346+0000][7][gc,phases   ] GC(7)   Post Evacuate Collection Set: 0.4ms
[2024-02-06T08:36:50.346+0000][7][gc,phases   ] GC(7)   Other: 0.2ms
[2024-02-06T08:36:50.346+0000][7][gc,heap     ] GC(7) Eden regions: 51->0(72)
[2024-02-06T08:36:50.346+0000][7][gc,heap     ] GC(7) Survivor regions: 4->4(10)
[2024-02-06T08:36:50.346+0000][7][gc,heap     ] GC(7) Old regions: 2->2
[2024-02-06T08:36:50.346+0000][7][gc,heap     ] GC(7) Archive regions: 2->2
[2024-02-06T08:36:50.346+0000][7][gc,heap     ] GC(7) Humongous regions: 0->0
[2024-02-06T08:36:50.346+0000][7][gc,metaspace] GC(7) Metaspace: 20030K(21296K)->20030K(21296K) NonClass: 17607K(18608K)->17607K(18608K) Class: 2423K(2688K)->2423K(2688K)
[2024-02-06T08:36:50.346+0000][7][gc          ] GC(7) Pause Young (Concurrent Start) (Metadata GC Threshold) 222M->21M(512M) 3.595ms
[2024-02-06T08:36:50.346+0000][7][gc,cpu      ] GC(7) User=0.02s Sys=0.00s Real=0.00s
[2024-02-06T08:36:50.346+0000][7][gc          ] GC(8) Concurrent Cycle
[2024-02-06T08:36:50.346+0000][7][gc,marking  ] GC(8) Concurrent Clear Claimed Marks
[2024-02-06T08:36:50.346+0000][7][gc,marking  ] GC(8) Concurrent Clear Claimed Marks 0.026ms
[2024-02-06T08:36:50.346+0000][7][gc,marking  ] GC(8) Concurrent Scan Root Regions
[2024-02-06T08:36:50.346+0000][7][safepoint   ] Safepoint "CollectForMetadataAllocation", Time since last: 157040016 ns, Reaching safepoint: 109205 ns, At safepoint: 3805490 ns, Total: 3914695 ns
[2024-02-06T08:36:50.349+0000][7][gc,marking  ] GC(8) Concurrent Scan Root Regions 2.783ms
[2024-02-06T08:36:50.349+0000][7][gc,marking  ] GC(8) Concurrent Mark (2.968s)
[2024-02-06T08:36:50.349+0000][7][gc,marking  ] GC(8) Concurrent Mark From Roots
[2024-02-06T08:36:50.349+0000][7][gc,task     ] GC(8) Using 3 workers of 3 for marking
[2024-02-06T08:36:50.354+0000][7][gc,marking  ] GC(8) Concurrent Mark From Roots 4.729ms
[2024-02-06T08:36:50.354+0000][7][gc,marking  ] GC(8) Concurrent Preclean
[2024-02-06T08:36:50.354+0000][7][gc,marking  ] GC(8) Concurrent Preclean 0.196ms
[2024-02-06T08:36:50.354+0000][7][gc,marking  ] GC(8) Concurrent Mark (2.968s, 2.973s) 4.957ms
[2024-02-06T08:36:50.354+0000][7][gc,start    ] GC(8) Pause Remark
[2024-02-06T08:36:50.355+0000][7][gc          ] GC(8) Pause Remark 25M->25M(512M) 1.096ms
[2024-02-06T08:36:50.355+0000][7][gc,cpu      ] GC(8) User=0.00s Sys=0.00s Real=0.00s
[2024-02-06T08:36:50.355+0000][7][safepoint   ] Safepoint "G1Concurrent", Time since last: 7681381 ns, Reaching safepoint: 105100 ns, At safepoint: 1137621 ns, Total: 1242721 ns
[2024-02-06T08:36:50.355+0000][7][gc,marking  ] GC(8) Concurrent Rebuild Remembered Sets
[2024-02-06T08:36:50.357+0000][7][gc,marking  ] GC(8) Concurrent Rebuild Remembered Sets 1.771ms
[2024-02-06T08:36:50.357+0000][7][gc,start    ] GC(8) Pause Cleanup
[2024-02-06T08:36:50.357+0000][7][gc          ] GC(8) Pause Cleanup 29M->29M(512M) 0.055ms
[2024-02-06T08:36:50.357+0000][7][gc,cpu      ] GC(8) User=0.00s Sys=0.00s Real=0.00s
[2024-02-06T08:36:50.357+0000][7][safepoint   ] Safepoint "G1Concurrent", Time since last: 1812922 ns, Reaching safepoint: 346281 ns, At safepoint: 80375 ns, Total: 426656 ns
[2024-02-06T08:36:50.357+0000][7][gc,marking  ] GC(8) Concurrent Cleanup for Next Mark
[2024-02-06T08:36:50.358+0000][7][gc,marking  ] GC(8) Concurrent Cleanup for Next Mark 0.705ms
[2024-02-06T08:36:50.358+0000][7][gc          ] GC(8) Concurrent Cycle 12.056ms
[2024-02-06T08:36:50.542+0000][7][gc,start    ] GC(9) Pause Young (Normal) (G1 Evacuation Pause)
[2024-02-06T08:36:50.542+0000][7][gc,task     ] GC(9) Using 12 workers of 13 for evacuation
[2024-02-06T08:36:50.542+0000][7][gc,age      ] GC(9) Desired survivor size 20971520 bytes, new threshold 15 (max threshold 15)
[2024-02-06T08:36:50.546+0000][7][gc,age      ] GC(9) Age table with threshold 15 (max threshold 15)
[2024-02-06T08:36:50.546+0000][7][gc,age      ] GC(9) - age   1:     784800 bytes,     784800 total
[2024-02-06T08:36:50.546+0000][7][gc,age      ] GC(9) - age   2:    1662080 bytes,    2446880 total
[2024-02-06T08:36:50.546+0000][7][gc,age      ] GC(9) - age   3:     616624 bytes,    3063504 total
[2024-02-06T08:36:50.546+0000][7][gc,age      ] GC(9) - age   4:    1473824 bytes,    4537328 total
[2024-02-06T08:36:50.546+0000][7][gc,age      ] GC(9) - age   5:    1808080 bytes,    6345408 total
[2024-02-06T08:36:50.546+0000][7][gc,age      ] GC(9) - age   6:    4370640 bytes,   10716048 total
[2024-02-06T08:36:50.546+0000][7][gc,age      ] GC(9) - age   7:    1248720 bytes,   11964768 total
[2024-02-06T08:36:50.546+0000][7][gc,age      ] GC(9) - age   8:    1979128 bytes,   13943896 total
[2024-02-06T08:36:50.546+0000][7][gc,phases   ] GC(9)   Pre Evacuate Collection Set: 0.1ms
[2024-02-06T08:36:50.546+0000][7][gc,phases   ] GC(9)   Merge Heap Roots: 0.0ms
[2024-02-06T08:36:50.546+0000][7][gc,phases   ] GC(9)   Evacuate Collection Set: 3.6ms
[2024-02-06T08:36:50.546+0000][7][gc,phases   ] GC(9)   Post Evacuate Collection Set: 0.4ms
[2024-02-06T08:36:50.546+0000][7][gc,phases   ] GC(9)   Other: 0.2ms
[2024-02-06T08:36:50.546+0000][7][gc,heap     ] GC(9) Eden regions: 72->0(72)
[2024-02-06T08:36:50.546+0000][7][gc,heap     ] GC(9) Survivor regions: 4->4(10)
[2024-02-06T08:36:50.546+0000][7][gc,heap     ] GC(9) Old regions: 2->2
[2024-02-06T08:36:50.546+0000][7][gc,heap     ] GC(9) Archive regions: 2->2
[2024-02-06T08:36:50.546+0000][7][gc,heap     ] GC(9) Humongous regions: 0->0
[2024-02-06T08:36:50.546+0000][7][gc,metaspace] GC(9) Metaspace: 20126K(21552K)->20126K(21552K) NonClass: 17688K(18864K)->17688K(18864K) Class: 2438K(2688K)->2438K(2688K)
[2024-02-06T08:36:50.546+0000][7][gc          ] GC(9) Pause Young (Normal) (G1 Evacuation Pause) 309M->22M(512M) 4.370ms
[2024-02-06T08:36:50.546+0000][7][gc,cpu      ] GC(9) User=0.04s Sys=0.00s Real=0.00s
[2024-02-06T08:36:50.546+0000][7][safepoint   ] Safepoint "G1CollectForAllocation", Time since last: 184681255 ns, Reaching safepoint: 81054 ns, At safepoint: 4419930 ns, Total: 4500984 ns
[2024-02-06T08:36:51.060+0000][7][safepoint   ] Safepoint "ICBufferFull", Time since last: 513481678 ns, Reaching safepoint: 134152 ns, At safepoint: 4106 ns, Total: 138258 ns
[2024-02-06T08:36:51.283+0000][7][safepoint   ] Safepoint "ICBufferFull", Time since last: 222871363 ns, Reaching safepoint: 189764 ns, At safepoint: 5035 ns, Total: 194799 ns
[2024-02-06T08:36:51.968+0000][7][gc,start    ] GC(10) Pause Young (Normal) (G1 Evacuation Pause)
[2024-02-06T08:36:51.968+0000][7][gc,task     ] GC(10) Using 12 workers of 13 for evacuation
[2024-02-06T08:36:51.968+0000][7][gc,age      ] GC(10) Desired survivor size 20971520 bytes, new threshold 15 (max threshold 15)
[2024-02-06T08:36:51.979+0000][7][gc,age      ] GC(10) Age table with threshold 15 (max threshold 15)
[2024-02-06T08:36:51.979+0000][7][gc,age      ] GC(10) - age   1:   24092040 bytes,   24092040 total
[2024-02-06T08:36:51.979+0000][7][gc,age      ] GC(10) - age   2:     739920 bytes,   24831960 total
[2024-02-06T08:36:51.979+0000][7][gc,age      ] GC(10) - age   3:    1650648 bytes,   26482608 total
[2024-02-06T08:36:51.979+0000][7][gc,age      ] GC(10) - age   4:     607856 bytes,   27090464 total
[2024-02-06T08:36:51.979+0000][7][gc,age      ] GC(10) - age   5:    1455536 bytes,   28546000 total
[2024-02-06T08:36:51.979+0000][7][gc,age      ] GC(10) - age   6:    1794048 bytes,   30340048 total
[2024-02-06T08:36:51.979+0000][7][gc,age      ] GC(10) - age   7:    4330512 bytes,   34670560 total
[2024-02-06T08:36:51.979+0000][7][gc,age      ] GC(10) - age   8:    1197552 bytes,   35868112 total
[2024-02-06T08:36:51.979+0000][7][gc,age      ] GC(10) - age   9:    1970792 bytes,   37838904 total
[2024-02-06T08:36:51.979+0000][7][gc,phases   ] GC(10)   Pre Evacuate Collection Set: 0.1ms
[2024-02-06T08:36:51.979+0000][7][gc,phases   ] GC(10)   Merge Heap Roots: 0.0ms
[2024-02-06T08:36:51.979+0000][7][gc,phases   ] GC(10)   Evacuate Collection Set: 9.6ms
[2024-02-06T08:36:51.979+0000][7][gc,phases   ] GC(10)   Post Evacuate Collection Set: 0.8ms
[2024-02-06T08:36:51.979+0000][7][gc,phases   ] GC(10)   Other: 0.2ms
[2024-02-06T08:36:51.979+0000][7][gc,heap     ] GC(10) Eden regions: 72->0(66)
[2024-02-06T08:36:51.979+0000][7][gc,heap     ] GC(10) Survivor regions: 4->10(10)
[2024-02-06T08:36:51.979+0000][7][gc,heap     ] GC(10) Old regions: 2->2
[2024-02-06T08:36:51.979+0000][7][gc,heap     ] GC(10) Archive regions: 2->2
[2024-02-06T08:36:51.979+0000][7][gc,heap     ] GC(10) Humongous regions: 0->0
[2024-02-06T08:36:51.979+0000][7][gc,metaspace] GC(10) Metaspace: 29946K(31920K)->29946K(31920K) NonClass: 26224K(27568K)->26224K(27568K) Class: 3721K(4352K)->3721K(4352K)
[2024-02-06T08:36:51.979+0000][7][gc          ] GC(10) Pause Young (Normal) (G1 Evacuation Pause) 310M->44M(512M) 10.773ms
[2024-02-06T08:36:51.979+0000][7][gc,cpu      ] GC(10) User=0.09s Sys=0.00s Real=0.01s
[2024-02-06T08:36:51.979+0000][7][safepoint   ] Safepoint "G1CollectForAllocation", Time since last: 685037541 ns, Reaching safepoint: 114064 ns, At safepoint: 10836806 ns, Total: 10950870 ns
[2024-02-06T08:36:52.372+0000][7][safepoint   ] Safepoint "ICBufferFull", Time since last: 393143389 ns, Reaching safepoint: 187182 ns, At safepoint: 4617 ns, Total: 191799 ns
[2024-02-06T08:36:52.427+0000][7][gc,start    ] GC(11) Pause Young (Concurrent Start) (Metadata GC Threshold)
[2024-02-06T08:36:52.427+0000][7][gc,task     ] GC(11) Using 12 workers of 13 for evacuation
[2024-02-06T08:36:52.427+0000][7][gc,age      ] GC(11) Desired survivor size 20971520 bytes, new threshold 1 (max threshold 15)
[2024-02-06T08:36:52.448+0000][7][gc,age      ] GC(11) Age table with threshold 1 (max threshold 15)
[2024-02-06T08:36:52.448+0000][7][gc,age      ] GC(11) - age   1:   14338040 bytes,   14338040 total
[2024-02-06T08:36:52.448+0000][7][gc,phases   ] GC(11)   Pre Evacuate Collection Set: 0.1ms
[2024-02-06T08:36:52.448+0000][7][gc,phases   ] GC(11)   Merge Heap Roots: 0.0ms
[2024-02-06T08:36:52.448+0000][7][gc,phases   ] GC(11)   Evacuate Collection Set: 19.9ms
[2024-02-06T08:36:52.448+0000][7][gc,phases   ] GC(11)   Post Evacuate Collection Set: 0.5ms
[2024-02-06T08:36:52.448+0000][7][gc,phases   ] GC(11)   Other: 0.3ms
[2024-02-06T08:36:52.448+0000][7][gc,heap     ] GC(11) Eden regions: 25->0(71)
[2024-02-06T08:36:52.448+0000][7][gc,heap     ] GC(11) Survivor regions: 10->5(10)
[2024-02-06T08:36:52.448+0000][7][gc,heap     ] GC(11) Old regions: 2->11
[2024-02-06T08:36:52.448+0000][7][gc,heap     ] GC(11) Archive regions: 2->2
[2024-02-06T08:36:52.448+0000][7][gc,heap     ] GC(11) Humongous regions: 0->0
[2024-02-06T08:36:52.448+0000][7][gc,metaspace] GC(11) Metaspace: 33578K(35888K)->33578K(35888K) NonClass: 29252K(30896K)->29252K(30896K) Class: 4325K(4992K)->4325K(4992K)
[2024-02-06T08:36:52.448+0000][7][gc          ] GC(11) Pause Young (Concurrent Start) (Metadata GC Threshold) 143M->61M(512M) 20.798ms
[2024-02-06T08:36:52.448+0000][7][gc,cpu      ] GC(11) User=0.20s Sys=0.00s Real=0.02s
[2024-02-06T08:36:52.448+0000][7][gc          ] GC(12) Concurrent Cycle
[2024-02-06T08:36:52.448+0000][7][gc,marking  ] GC(12) Concurrent Clear Claimed Marks
[2024-02-06T08:36:52.448+0000][7][gc,marking  ] GC(12) Concurrent Clear Claimed Marks 0.055ms
[2024-02-06T08:36:52.448+0000][7][gc,marking  ] GC(12) Concurrent Scan Root Regions
[2024-02-06T08:36:52.448+0000][7][safepoint   ] Safepoint "CollectForMetadataAllocation", Time since last: 54316424 ns, Reaching safepoint: 98585 ns, At safepoint: 20981450 ns, Total: 21080035 ns
[2024-02-06T08:36:52.458+0000][7][gc,marking  ] GC(12) Concurrent Scan Root Regions 10.605ms
[2024-02-06T08:36:52.458+0000][7][gc,marking  ] GC(12) Concurrent Mark (5.077s)
[2024-02-06T08:36:52.458+0000][7][gc,marking  ] GC(12) Concurrent Mark From Roots
[2024-02-06T08:36:52.458+0000][7][gc,task     ] GC(12) Using 3 workers of 3 for marking
[2024-02-06T08:36:52.462+0000][7][gc,marking  ] GC(12) Concurrent Mark From Roots 3.183ms
[2024-02-06T08:36:52.462+0000][7][gc,marking  ] GC(12) Concurrent Preclean
[2024-02-06T08:36:52.462+0000][7][gc,marking  ] GC(12) Concurrent Preclean 0.142ms
[2024-02-06T08:36:52.462+0000][7][gc,marking  ] GC(12) Concurrent Mark (5.077s, 5.081s) 3.365ms
[2024-02-06T08:36:52.463+0000][7][gc,start    ] GC(12) Pause Remark
[2024-02-06T08:36:52.464+0000][7][gc          ] GC(12) Pause Remark 63M->63M(512M) 1.114ms
[2024-02-06T08:36:52.464+0000][7][gc,cpu      ] GC(12) User=0.00s Sys=0.00s Real=0.00s
[2024-02-06T08:36:52.464+0000][7][safepoint   ] Safepoint "G1Concurrent", Time since last: 14108120 ns, Reaching safepoint: 839126 ns, At safepoint: 1165704 ns, Total: 2004830 ns
[2024-02-06T08:36:52.464+0000][7][gc,marking  ] GC(12) Concurrent Rebuild Remembered Sets
[2024-02-06T08:36:52.474+0000][7][gc,marking  ] GC(12) Concurrent Rebuild Remembered Sets 10.153ms
[2024-02-06T08:36:52.474+0000][7][gc,start    ] GC(12) Pause Cleanup
[2024-02-06T08:36:52.475+0000][7][gc          ] GC(12) Pause Cleanup 63M->63M(512M) 0.068ms
[2024-02-06T08:36:52.475+0000][7][gc,cpu      ] GC(12) User=0.00s Sys=0.00s Real=0.00s
[2024-02-06T08:36:52.475+0000][7][safepoint   ] Safepoint "G1Concurrent", Time since last: 10207418 ns, Reaching safepoint: 270478 ns, At safepoint: 150098 ns, Total: 420576 ns
[2024-02-06T08:36:52.475+0000][7][gc,marking  ] GC(12) Concurrent Cleanup for Next Mark
[2024-02-06T08:36:52.475+0000][7][gc,marking  ] GC(12) Concurrent Cleanup for Next Mark 0.486ms
[2024-02-06T08:36:52.475+0000][7][gc          ] GC(12) Concurrent Cycle 27.386ms
[2024-02-06T08:36:53.071+0000][7][safepoint   ] Safepoint "ICBufferFull", Time since last: 596476297 ns, Reaching safepoint: 117493 ns, At safepoint: 3850 ns, Total: 121343 ns
[2024-02-06T08:36:53.673+0000][7][safepoint   ] Safepoint "ICBufferFull", Time since last: 601470212 ns, Reaching safepoint: 172507 ns, At safepoint: 5563 ns, Total: 178070 ns
[2024-02-06T08:36:53.781+0000][7][gc,start    ] GC(13) Pause Young (Normal) (G1 Evacuation Pause)
[2024-02-06T08:36:53.781+0000][7][gc,task     ] GC(13) Using 12 workers of 13 for evacuation
[2024-02-06T08:36:53.781+0000][7][gc,age      ] GC(13) Desired survivor size 20971520 bytes, new threshold 15 (max threshold 15)
[2024-02-06T08:36:53.789+0000][7][gc,age      ] GC(13) Age table with threshold 15 (max threshold 15)
[2024-02-06T08:36:53.789+0000][7][gc,age      ] GC(13) - age   1:    6547768 bytes,    6547768 total
[2024-02-06T08:36:53.789+0000][7][gc,age      ] GC(13) - age   2:   14251448 bytes,   20799216 total
[2024-02-06T08:36:53.789+0000][7][gc,phases   ] GC(13)   Pre Evacuate Collection Set: 0.1ms
[2024-02-06T08:36:53.789+0000][7][gc,phases   ] GC(13)   Merge Heap Roots: 0.1ms
[2024-02-06T08:36:53.789+0000][7][gc,phases   ] GC(13)   Evacuate Collection Set: 7.1ms
[2024-02-06T08:36:53.789+0000][7][gc,phases   ] GC(13)   Post Evacuate Collection Set: 0.7ms
[2024-02-06T08:36:53.789+0000][7][gc,phases   ] GC(13)   Other: 0.2ms
[2024-02-06T08:36:53.789+0000][7][gc,heap     ] GC(13) Eden regions: 71->0(70)
[2024-02-06T08:36:53.789+0000][7][gc,heap     ] GC(13) Survivor regions: 5->6(10)
[2024-02-06T08:36:53.789+0000][7][gc,heap     ] GC(13) Old regions: 11->11
[2024-02-06T08:36:53.789+0000][7][gc,heap     ] GC(13) Archive regions: 2->2
[2024-02-06T08:36:53.789+0000][7][gc,heap     ] GC(13) Humongous regions: 0->0
[2024-02-06T08:36:53.789+0000][7][gc,metaspace] GC(13) Metaspace: 51841K(55344K)->51841K(55344K) NonClass: 44927K(47536K)->44927K(47536K) Class: 6914K(7808K)->6914K(7808K)
[2024-02-06T08:36:53.789+0000][7][gc          ] GC(13) Pause Young (Normal) (G1 Evacuation Pause) 345M->65M(512M) 8.199ms
[2024-02-06T08:36:53.789+0000][7][gc,cpu      ] GC(13) User=0.07s Sys=0.00s Real=0.01s
[2024-02-06T08:36:53.789+0000][7][safepoint   ] Safepoint "G1CollectForAllocation", Time since last: 107951297 ns, Reaching safepoint: 141869 ns, At safepoint: 8261828 ns, Total: 8403697 ns
[2024-02-06T08:36:54.072+0000][7][gc,start    ] GC(14) Pause Young (Concurrent Start) (Metadata GC Threshold)
[2024-02-06T08:36:54.072+0000][7][gc,task     ] GC(14) Using 12 workers of 13 for evacuation
[2024-02-06T08:36:54.072+0000][7][gc,age      ] GC(14) Desired survivor size 20971520 bytes, new threshold 15 (max threshold 15)
[2024-02-06T08:36:54.079+0000][7][gc,age      ] GC(14) Age table with threshold 15 (max threshold 15)
[2024-02-06T08:36:54.079+0000][7][gc,age      ] GC(14) - age   1:    2236576 bytes,    2236576 total
[2024-02-06T08:36:54.079+0000][7][gc,age      ] GC(14) - age   2:    6382232 bytes,    8618808 total
[2024-02-06T08:36:54.079+0000][7][gc,age      ] GC(14) - age   3:   14250880 bytes,   22869688 total
[2024-02-06T08:36:54.079+0000][7][gc,phases   ] GC(14)   Pre Evacuate Collection Set: 0.1ms
[2024-02-06T08:36:54.079+0000][7][gc,phases   ] GC(14)   Merge Heap Roots: 0.0ms
[2024-02-06T08:36:54.079+0000][7][gc,phases   ] GC(14)   Evacuate Collection Set: 6.5ms
[2024-02-06T08:36:54.079+0000][7][gc,phases   ] GC(14)   Post Evacuate Collection Set: 0.4ms
[2024-02-06T08:36:54.079+0000][7][gc,phases   ] GC(14)   Other: 0.2ms
[2024-02-06T08:36:54.079+0000][7][gc,heap     ] GC(14) Eden regions: 8->0(70)
[2024-02-06T08:36:54.079+0000][7][gc,heap     ] GC(14) Survivor regions: 6->6(10)
[2024-02-06T08:36:54.079+0000][7][gc,heap     ] GC(14) Old regions: 11->11
[2024-02-06T08:36:54.079+0000][7][gc,heap     ] GC(14) Archive regions: 2->2
[2024-02-06T08:36:54.079+0000][7][gc,heap     ] GC(14) Humongous regions: 0->0
[2024-02-06T08:36:54.079+0000][7][gc,metaspace] GC(14) Metaspace: 56484K(60208K)->56484K(60208K) NonClass: 49073K(51888K)->49073K(51888K) Class: 7410K(8320K)->7410K(8320K)
[2024-02-06T08:36:54.079+0000][7][gc          ] GC(14) Pause Young (Concurrent Start) (Metadata GC Threshold) 97M->67M(512M) 7.305ms
[2024-02-06T08:36:54.079+0000][7][gc,cpu      ] GC(14) User=0.05s Sys=0.00s Real=0.01s
[2024-02-06T08:36:54.079+0000][7][gc          ] GC(15) Concurrent Cycle
[2024-02-06T08:36:54.079+0000][7][gc,marking  ] GC(15) Concurrent Clear Claimed Marks
[2024-02-06T08:36:54.079+0000][7][gc,marking  ] GC(15) Concurrent Clear Claimed Marks 0.046ms
[2024-02-06T08:36:54.079+0000][7][safepoint   ] Safepoint "CollectForMetadataAllocation", Time since last: 282367380 ns, Reaching safepoint: 205002 ns, At safepoint: 7443097 ns, Total: 7648099 ns
[2024-02-06T08:36:54.079+0000][7][gc,marking  ] GC(15) Concurrent Scan Root Regions
[2024-02-06T08:36:54.086+0000][7][gc,marking  ] GC(15) Concurrent Scan Root Regions 7.124ms
[2024-02-06T08:36:54.086+0000][7][gc,marking  ] GC(15) Concurrent Mark (6.705s)
[2024-02-06T08:36:54.086+0000][7][gc,marking  ] GC(15) Concurrent Mark From Roots
[2024-02-06T08:36:54.086+0000][7][gc,task     ] GC(15) Using 3 workers of 3 for marking
[2024-02-06T08:36:54.094+0000][7][safepoint   ] Safepoint "CollectForMetadataAllocation", Time since last: 15050603 ns, Reaching safepoint: 76396 ns, At safepoint: 124144 ns, Total: 200540 ns
[2024-02-06T08:36:54.112+0000][7][safepoint   ] Safepoint "CollectForMetadataAllocation", Time since last: 16810493 ns, Reaching safepoint: 69657 ns, At safepoint: 156391 ns, Total: 226048 ns
[2024-02-06T08:36:54.115+0000][7][gc,marking  ] GC(15) Concurrent Mark From Roots 28.888ms
[2024-02-06T08:36:54.115+0000][7][gc,marking  ] GC(15) Concurrent Preclean
[2024-02-06T08:36:54.116+0000][7][gc,marking  ] GC(15) Concurrent Preclean 0.339ms
[2024-02-06T08:36:54.116+0000][7][gc,marking  ] GC(15) Concurrent Mark (6.705s, 6.735s) 29.282ms
[2024-02-06T08:36:54.116+0000][7][gc,start    ] GC(15) Pause Remark
[2024-02-06T08:36:54.117+0000][7][gc          ] GC(15) Pause Remark 73M->73M(512M) 1.406ms
[2024-02-06T08:36:54.117+0000][7][gc,cpu      ] GC(15) User=0.01s Sys=0.00s Real=0.01s
[2024-02-06T08:36:54.117+0000][7][safepoint   ] Safepoint "G1Concurrent", Time since last: 4180457 ns, Reaching safepoint: 117320 ns, At safepoint: 1473973 ns, Total: 1591293 ns
[2024-02-06T08:36:54.118+0000][7][gc,marking  ] GC(15) Concurrent Rebuild Remembered Sets
[2024-02-06T08:36:54.137+0000][7][gc,marking  ] GC(15) Concurrent Rebuild Remembered Sets 19.818ms
[2024-02-06T08:36:54.138+0000][7][gc,start    ] GC(15) Pause Cleanup
[2024-02-06T08:36:54.138+0000][7][gc          ] GC(15) Pause Cleanup 73M->73M(512M) 0.090ms
[2024-02-06T08:36:54.138+0000][7][gc,cpu      ] GC(15) User=0.00s Sys=0.00s Real=0.00s
[2024-02-06T08:36:54.138+0000][7][safepoint   ] Safepoint "G1Concurrent", Time since last: 20294585 ns, Reaching safepoint: 494682 ns, At safepoint: 132308 ns, Total: 626990 ns
[2024-02-06T08:36:54.138+0000][7][gc,marking  ] GC(15) Concurrent Cleanup for Next Mark
[2024-02-06T08:36:54.139+0000][7][gc,marking  ] GC(15) Concurrent Cleanup for Next Mark 0.517ms
[2024-02-06T08:36:54.139+0000][7][gc          ] GC(15) Concurrent Cycle 59.632ms
[2024-02-06T08:36:55.091+0000][7][safepoint   ] Safepoint "ICBufferFull", Time since last: 952287214 ns, Reaching safepoint: 917755 ns, At safepoint: 8707 ns, Total: 926462 ns
[2024-02-06T08:36:55.570+0000][7][safepoint   ] Safepoint "ICBufferFull", Time since last: 478165979 ns, Reaching safepoint: 173728 ns, At safepoint: 4533 ns, Total: 178261 ns
[2024-02-06T08:36:55.782+0000][7][safepoint   ] Safepoint "ICBufferFull", Time since last: 212236305 ns, Reaching safepoint: 157536 ns, At safepoint: 10160 ns, Total: 167696 ns
[2024-02-06T08:36:55.939+0000][7][safepoint   ] Safepoint "ICBufferFull", Time since last: 156850998 ns, Reaching safepoint: 152723 ns, At safepoint: 6202 ns, Total: 158925 ns
[2024-02-06T08:36:56.218+0000][7][safepoint   ] Safepoint "ICBufferFull", Time since last: 278653883 ns, Reaching safepoint: 148267 ns, At safepoint: 5494 ns, Total: 153761 ns
[2024-02-06T08:36:56.344+0000][7][safepoint   ] Safepoint "ICBufferFull", Time since last: 126157320 ns, Reaching safepoint: 147306 ns, At safepoint: 5771 ns, Total: 153077 ns
[2024-02-06T08:36:57.345+0000][7][safepoint   ] Safepoint "Cleanup", Time since last: 1000171308 ns, Reaching safepoint: 116940 ns, At safepoint: 9135 ns, Total: 126075 ns
[2024-02-06T08:36:59.345+0000][7][safepoint   ] Safepoint "Cleanup", Time since last: 2000223265 ns, Reaching safepoint: 58925 ns, At safepoint: 2928 ns, Total: 61853 ns
[2024-02-06T08:37:01.161+0000][7][safepoint   ] Safepoint "Cleanup", Time since last: 1816384121 ns, Reaching safepoint: 154836 ns, At safepoint: 5335 ns, Total: 160171 ns
[2024-02-06T08:37:02.224+0000][7][safepoint   ] Safepoint "Cleanup", Time since last: 1062157335 ns, Reaching safepoint: 133414 ns, At safepoint: 3233 ns, Total: 136647 ns
[2024-02-06T08:37:03.224+0000][7][safepoint   ] Safepoint "Cleanup", Time since last: 1000098161 ns, Reaching safepoint: 129975 ns, At safepoint: 4069 ns, Total: 134044 ns
[2024-02-06T08:37:04.224+0000][7][safepoint   ] Safepoint "Cleanup", Time since last: 1000099333 ns, Reaching safepoint: 72658 ns, At safepoint: 5161 ns, Total: 77819 ns
[2024-02-06T08:37:05.620+0000][7][gc,start    ] GC(16) Pause Young (Concurrent Start) (G1 Evacuation Pause)
[2024-02-06T08:37:05.620+0000][7][gc,task     ] GC(16) Using 12 workers of 13 for evacuation
[2024-02-06T08:37:05.620+0000][7][gc,age      ] GC(16) Desired survivor size 20971520 bytes, new threshold 3 (max threshold 15)
[2024-02-06T08:37:05.632+0000][7][gc,age      ] GC(16) Age table with threshold 3 (max threshold 15)
[2024-02-06T08:37:05.632+0000][7][gc,age      ] GC(16) - age   1:   15263688 bytes,   15263688 total
[2024-02-06T08:37:05.632+0000][7][gc,age      ] GC(16) - age   2:    2163944 bytes,   17427632 total
[2024-02-06T08:37:05.632+0000][7][gc,age      ] GC(16) - age   3:    6113592 bytes,   23541224 total
[2024-02-06T08:37:05.632+0000][7][gc,phases   ] GC(16)   Pre Evacuate Collection Set: 0.1ms
[2024-02-06T08:37:05.632+0000][7][gc,phases   ] GC(16)   Merge Heap Roots: 0.1ms
[2024-02-06T08:37:05.632+0000][7][gc,phases   ] GC(16)   Evacuate Collection Set: 10.5ms
[2024-02-06T08:37:05.632+0000][7][gc,phases   ] GC(16)   Post Evacuate Collection Set: 0.9ms
[2024-02-06T08:37:05.632+0000][7][gc,phases   ] GC(16)   Other: 0.2ms
[2024-02-06T08:37:05.632+0000][7][gc,heap     ] GC(16) Eden regions: 70->0(70)
[2024-02-06T08:37:05.632+0000][7][gc,heap     ] GC(16) Survivor regions: 6->6(10)
[2024-02-06T08:37:05.632+0000][7][gc,heap     ] GC(16) Old regions: 11->14
[2024-02-06T08:37:05.632+0000][7][gc,heap     ] GC(16) Archive regions: 2->2
[2024-02-06T08:37:05.632+0000][7][gc,heap     ] GC(16) Humongous regions: 2->2
[2024-02-06T08:37:05.632+0000][7][gc,metaspace] GC(16) Metaspace: 93152K(97564K)->93152K(97564K) NonClass: 80584K(83868K)->80584K(83868K) Class: 12568K(13696K)->12568K(13696K)
[2024-02-06T08:37:05.632+0000][7][gc          ] GC(16) Pause Young (Concurrent Start) (G1 Evacuation Pause) 355M->89M(512M) 11.937ms
[2024-02-06T08:37:05.632+0000][7][gc,cpu      ] GC(16) User=0.10s Sys=0.01s Real=0.01s
[2024-02-06T08:37:05.632+0000][7][gc          ] GC(17) Concurrent Cycle
[2024-02-06T08:37:05.632+0000][7][gc,marking  ] GC(17) Concurrent Clear Claimed Marks
[2024-02-06T08:37:05.632+0000][7][gc,marking  ] GC(17) Concurrent Clear Claimed Marks 0.079ms
[2024-02-06T08:37:05.632+0000][7][gc,marking  ] GC(17) Concurrent Scan Root Regions
[2024-02-06T08:37:05.632+0000][7][safepoint   ] Safepoint "G1CollectForAllocation", Time since last: 1395888336 ns, Reaching safepoint: 145095 ns, At safepoint: 12031208 ns, Total: 12176303 ns
[2024-02-06T08:37:05.643+0000][7][gc,marking  ] GC(17) Concurrent Scan Root Regions 10.729ms
[2024-02-06T08:37:05.643+0000][7][gc,marking  ] GC(17) Concurrent Mark (18.262s)
[2024-02-06T08:37:05.643+0000][7][gc,marking  ] GC(17) Concurrent Mark From Roots
[2024-02-06T08:37:05.643+0000][7][gc,task     ] GC(17) Using 3 workers of 3 for marking
[2024-02-06T08:37:05.670+0000][7][gc,marking  ] GC(17) Concurrent Mark From Roots 27.400ms
[2024-02-06T08:37:05.671+0000][7][gc,marking  ] GC(17) Concurrent Preclean
[2024-02-06T08:37:05.671+0000][7][gc,marking  ] GC(17) Concurrent Preclean 0.260ms
[2024-02-06T08:37:05.671+0000][7][gc,marking  ] GC(17) Concurrent Mark (18.262s, 18.290s) 27.721ms
[2024-02-06T08:37:05.671+0000][7][gc,start    ] GC(17) Pause Remark
[2024-02-06T08:37:05.672+0000][7][gc          ] GC(17) Pause Remark 97M->97M(512M) 1.507ms
[2024-02-06T08:37:05.672+0000][7][gc,cpu      ] GC(17) User=0.01s Sys=0.00s Real=0.00s
[2024-02-06T08:37:05.672+0000][7][safepoint   ] Safepoint "G1Concurrent", Time since last: 38616186 ns, Reaching safepoint: 78888 ns, At safepoint: 1577180 ns, Total: 1656068 ns
[2024-02-06T08:37:05.672+0000][7][gc,marking  ] GC(17) Concurrent Rebuild Remembered Sets
[2024-02-06T08:37:05.695+0000][7][gc,marking  ] GC(17) Concurrent Rebuild Remembered Sets 22.816ms
[2024-02-06T08:37:05.696+0000][7][gc,start    ] GC(17) Pause Cleanup
[2024-02-06T08:37:05.696+0000][7][gc          ] GC(17) Pause Cleanup 97M->97M(512M) 0.077ms
[2024-02-06T08:37:05.696+0000][7][gc,cpu      ] GC(17) User=0.00s Sys=0.00s Real=0.00s
[2024-02-06T08:37:05.696+0000][7][safepoint   ] Safepoint "G1Concurrent", Time since last: 22880533 ns, Reaching safepoint: 345151 ns, At safepoint: 149673 ns, Total: 494824 ns
[2024-02-06T08:37:05.696+0000][7][gc,marking  ] GC(17) Concurrent Cleanup for Next Mark
[2024-02-06T08:37:05.697+0000][7][gc,marking  ] GC(17) Concurrent Cleanup for Next Mark 0.685ms
[2024-02-06T08:37:05.697+0000][7][gc          ] GC(17) Concurrent Cycle 64.382ms
[2024-02-06T08:37:11.696+0000][7][safepoint   ] Safepoint "Cleanup", Time since last: 6000382278 ns, Reaching safepoint: 98249 ns, At safepoint: 3813 ns, Total: 102062 ns
[2024-02-06T08:37:12.697+0000][7][safepoint   ] Safepoint "Cleanup", Time since last: 1000104847 ns, Reaching safepoint: 97659 ns, At safepoint: 3997 ns, Total: 101656 ns
[2024-02-06T08:37:13.697+0000][7][safepoint   ] Safepoint "Cleanup", Time since last: 1000103199 ns, Reaching safepoint: 106092 ns, At safepoint: 3620 ns, Total: 109712 ns
[2024-02-06T08:37:21.697+0000][7][safepoint   ] Safepoint "Cleanup", Time since last: 8000484101 ns, Reaching safepoint: 93560 ns, At safepoint: 4357 ns, Total: 97917 ns
[2024-02-06T08:37:22.698+0000][7][safepoint   ] Safepoint "Cleanup", Time since last: 1000099548 ns, Reaching safepoint: 79027 ns, At safepoint: 9571 ns, Total: 88598 ns
[2024-02-06T08:37:26.698+0000][7][safepoint   ] Safepoint "Cleanup", Time since last: 4000284968 ns, Reaching safepoint: 88355 ns, At safepoint: 2999 ns, Total: 91354 ns
[2024-02-06T08:37:27.698+0000][7][safepoint   ] Safepoint "Cleanup", Time since last: 1000180087 ns, Reaching safepoint: 85342 ns, At safepoint: 3337 ns, Total: 88679 ns
[2024-02-06T08:37:28.698+0000][7][safepoint   ] Safepoint "Cleanup", Time since last: 1000097861 ns, Reaching safepoint: 78164 ns, At safepoint: 5677 ns, Total: 83841 ns
[2024-02-06T08:37:31.699+0000][7][safepoint   ] Safepoint "Cleanup", Time since last: 3000214849 ns, Reaching safepoint: 107453 ns, At safepoint: 8869 ns, Total: 116322 ns
[2024-02-06T08:37:34.699+0000][7][safepoint   ] Safepoint "Cleanup", Time since last: 3000203727 ns, Reaching safepoint: 84664 ns, At safepoint: 3547 ns, Total: 88211 ns
[2024-02-06T08:37:36.699+0000][7][safepoint   ] Safepoint "Cleanup", Time since last: 2000157800 ns, Reaching safepoint: 93236 ns, At safepoint: 3568 ns, Total: 96804 ns
[2024-02-06T08:37:38.699+0000][7][safepoint   ] Safepoint "Cleanup", Time since last: 2000156348 ns, Reaching safepoint: 79573 ns, At safepoint: 3132 ns, Total: 82705 ns
[2024-02-06T08:37:39.700+0000][7][safepoint   ] Safepoint "Cleanup", Time since last: 1000100640 ns, Reaching safepoint: 85705 ns, At safepoint: 3518 ns, Total: 89223 ns
[2024-02-06T08:37:42.700+0000][7][safepoint   ] Safepoint "Cleanup", Time since last: 3000221947 ns, Reaching safepoint: 86869 ns, At safepoint: 3398 ns, Total: 90267 ns
[2024-02-06T08:37:43.700+0000][7][safepoint   ] Safepoint "Cleanup", Time since last: 1000077689 ns, Reaching safepoint: 78911 ns, At safepoint: 3956 ns, Total: 82867 ns
[2024-02-06T08:37:44.700+0000][7][safepoint   ] Safepoint "Cleanup", Time since last: 1000104444 ns, Reaching safepoint: 80246 ns, At safepoint: 3563 ns, Total: 83809 ns
[2024-02-06T08:37:45.700+0000][7][safepoint   ] Safepoint "Cleanup", Time since last: 1000104241 ns, Reaching safepoint: 82559 ns, At safepoint: 3936 ns, Total: 86495 ns
[2024-02-06T08:37:46.701+0000][7][safepoint   ] Safepoint "Cleanup", Time since last: 1000106677 ns, Reaching safepoint: 110679 ns, At safepoint: 5542 ns, Total: 116221 ns
[2024-02-06T08:37:48.701+0000][7][safepoint   ] Safepoint "Cleanup", Time since last: 2000156943 ns, Reaching safepoint: 76810 ns, At safepoint: 3520 ns, Total: 80330 ns
[2024-02-06T08:37:50.701+0000][7][safepoint   ] Safepoint "Cleanup", Time since last: 2000160838 ns, Reaching safepoint: 119848 ns, At safepoint: 3515 ns, Total: 123363 ns
[2024-02-06T08:37:51.701+0000][7][safepoint   ] Safepoint "Cleanup", Time since last: 1000100334 ns, Reaching safepoint: 89966 ns, At safepoint: 2343 ns, Total: 92309 ns
[2024-02-06T08:37:55.702+0000][7][safepoint   ] Safepoint "Cleanup", Time since last: 4000281806 ns, Reaching safepoint: 86525 ns, At safepoint: 3600 ns, Total: 90125 ns
[2024-02-06T08:38:03.702+0000][7][safepoint   ] Safepoint "Cleanup", Time since last: 8000524344 ns, Reaching safepoint: 92529 ns, At safepoint: 3259 ns, Total: 95788 ns
[2024-02-06T08:38:05.703+0000][7][safepoint   ] Safepoint "Cleanup", Time since last: 2000233307 ns, Reaching safepoint: 87320 ns, At safepoint: 3281 ns, Total: 90601 ns
[2024-02-06T08:38:10.703+0000][7][safepoint   ] Safepoint "Cleanup", Time since last: 5000338566 ns, Reaching safepoint: 84172 ns, At safepoint: 8778 ns, Total: 92950 ns
[2024-02-06T08:38:13.703+0000][7][safepoint   ] Safepoint "Cleanup", Time since last: 3000225213 ns, Reaching safepoint: 79864 ns, At safepoint: 3429 ns, Total: 83293 ns
[2024-02-06T08:38:20.704+0000][7][safepoint   ] Safepoint "Cleanup", Time since last: 7000445157 ns, Reaching safepoint: 91778 ns, At safepoint: 3504 ns, Total: 95282 ns
[2024-02-06T08:38:24.704+0000][7][safepoint   ] Safepoint "Cleanup", Time since last: 4000272272 ns, Reaching safepoint: 79131 ns, At safepoint: 5986 ns, Total: 85117 ns
[2024-02-06T08:38:26.705+0000][7][safepoint   ] Safepoint "Cleanup", Time since last: 2000136753 ns, Reaching safepoint: 86754 ns, At safepoint: 5085 ns, Total: 91839 ns
[2024-02-06T08:38:35.705+0000][7][safepoint   ] Safepoint "Cleanup", Time since last: 9000643975 ns, Reaching safepoint: 75917 ns, At safepoint: 3560 ns, Total: 79477 ns
[2024-02-06T08:38:37.706+0000][7][safepoint   ] Safepoint "Cleanup", Time since last: 2000180278 ns, Reaching safepoint: 81756 ns, At safepoint: 2537 ns, Total: 84293 ns
[2024-02-06T08:38:39.706+0000][7][safepoint   ] Safepoint "Cleanup", Time since last: 2000175767 ns, Reaching safepoint: 81775 ns, At safepoint: 4049 ns, Total: 85824 ns
[2024-02-06T08:38:56.707+0000][7][safepoint   ] Safepoint "Cleanup", Time since last: 17001062243 ns, Reaching safepoint: 74951 ns, At safepoint: 3858 ns, Total: 78809 ns
[2024-02-06T08:39:01.707+0000][7][safepoint   ] Safepoint "Cleanup", Time since last: 5000388390 ns, Reaching safepoint: 82731 ns, At safepoint: 3362 ns, Total: 86093 ns
[2024-02-06T08:39:02.708+0000][7][safepoint   ] Safepoint "Cleanup", Time since last: 1000106016 ns, Reaching safepoint: 83272 ns, At safepoint: 3823 ns, Total: 87095 ns
[2024-02-06T08:39:04.708+0000][7][safepoint   ] Safepoint "Cleanup", Time since last: 2000146531 ns, Reaching safepoint: 103742 ns, At safepoint: 6620 ns, Total: 110362 ns
[2024-02-06T08:39:15.709+0000][7][safepoint   ] Safepoint "Cleanup", Time since last: 11000701406 ns, Reaching safepoint: 78369 ns, At safepoint: 19128 ns, Total: 97497 ns
[2024-02-06T08:39:32.710+0000][7][safepoint   ] Safepoint "Cleanup", Time since last: 17001166009 ns, Reaching safepoint: 82742 ns, At safepoint: 18920 ns, Total: 101662 ns
[2024-02-06T08:39:39.711+0000][7][safepoint   ] Safepoint "Cleanup", Time since last: 7000460302 ns, Reaching safepoint: 76663 ns, At safepoint: 8297 ns, Total: 84960 ns
[2024-02-06T08:39:46.711+0000][7][safepoint   ] Safepoint "Cleanup", Time since last: 7000454732 ns, Reaching safepoint: 78548 ns, At safepoint: 3670 ns, Total: 82218 ns
[2024-02-06T08:39:49.711+0000][7][safepoint   ] Safepoint "Cleanup", Time since last: 3000219037 ns, Reaching safepoint: 83282 ns, At safepoint: 3330 ns, Total: 86612 ns
[2024-02-06T08:39:56.712+0000][7][safepoint   ] Safepoint "Cleanup", Time since last: 7000473579 ns, Reaching safepoint: 99142 ns, At safepoint: 3611 ns, Total: 102753 ns
[2024-02-06T08:40:06.713+0000][7][safepoint   ] Safepoint "Cleanup", Time since last: 10000695873 ns, Reaching safepoint: 114449 ns, At safepoint: 3996 ns, Total: 118445 ns
[2024-02-06T08:40:07.713+0000][7][safepoint   ] Safepoint "Cleanup", Time since last: 1000103888 ns, Reaching safepoint: 78510 ns, At safepoint: 3598 ns, Total: 82108 ns
[2024-02-06T08:40:09.713+0000][7][safepoint   ] Safepoint "Cleanup", Time since last: 2000159463 ns, Reaching safepoint: 79359 ns, At safepoint: 3762 ns, Total: 83121 ns
[2024-02-06T08:40:19.714+0000][7][safepoint   ] Safepoint "Cleanup", Time since last: 10000643284 ns, Reaching safepoint: 75804 ns, At safepoint: 3467 ns, Total: 79271 ns
[2024-02-06T08:40:26.714+0000][7][safepoint   ] Safepoint "Cleanup", Time since last: 7000463082 ns, Reaching safepoint: 75960 ns, At safepoint: 5568 ns, Total: 81528 ns
[2024-02-06T08:40:34.715+0000][7][safepoint   ] Safepoint "Cleanup", Time since last: 8000512653 ns, Reaching safepoint: 76971 ns, At safepoint: 3995 ns, Total: 80966 ns
[2024-02-06T08:41:05.717+0000][7][safepoint   ] Safepoint "Cleanup", Time since last: 31001937880 ns, Reaching safepoint: 79089 ns, At safepoint: 5627 ns, Total: 84716 ns
[2024-02-06T08:41:23.718+0000][7][safepoint   ] Safepoint "Cleanup", Time since last: 18001156657 ns, Reaching safepoint: 87615 ns, At safepoint: 4801 ns, Total: 92416 ns
[2024-02-06T08:41:26.719+0000][7][safepoint   ] Safepoint "Cleanup", Time since last: 3000229950 ns, Reaching safepoint: 96701 ns, At safepoint: 3691 ns, Total: 100392 ns
[2024-02-06T08:41:32.719+0000][7][safepoint   ] Safepoint "Cleanup", Time since last: 6000404714 ns, Reaching safepoint: 80115 ns, At safepoint: 3738 ns, Total: 83853 ns
[2024-02-06T08:41:33.719+0000][7][safepoint   ] Safepoint "Cleanup", Time since last: 1000102768 ns, Reaching safepoint: 91186 ns, At safepoint: 3847 ns, Total: 95033 ns
[2024-02-06T08:41:34.720+0000][7][safepoint   ] Safepoint "Cleanup", Time since last: 1000109895 ns, Reaching safepoint: 82293 ns, At safepoint: 3437 ns, Total: 85730 ns
[2024-02-06T08:41:43.720+0000][7][safepoint   ] Safepoint "Cleanup", Time since last: 9000595904 ns, Reaching safepoint: 112900 ns, At safepoint: 3574 ns, Total: 116474 ns
[2024-02-06T08:41:47.721+0000][7][safepoint   ] Safepoint "Cleanup", Time since last: 4000279779 ns, Reaching safepoint: 89297 ns, At safepoint: 3866 ns, Total: 93163 ns
[2024-02-06T08:41:48.721+0000][7][safepoint   ] Safepoint "Cleanup", Time since last: 1000104632 ns, Reaching safepoint: 106935 ns, At safepoint: 3931 ns, Total: 110866 ns
[2024-02-06T08:41:50.721+0000][7][safepoint   ] Safepoint "Cleanup", Time since last: 2000161741 ns, Reaching safepoint: 81642 ns, At safepoint: 3645 ns, Total: 85287 ns
[2024-02-06T08:41:56.722+0000][7][safepoint   ] Safepoint "Cleanup", Time since last: 6000402774 ns, Reaching safepoint: 84243 ns, At safepoint: 12060 ns, Total: 96303 ns
[2024-02-06T08:41:59.722+0000][7][safepoint   ] Safepoint "Cleanup", Time since last: 3000287422 ns, Reaching safepoint: 81708 ns, At safepoint: 8458 ns, Total: 90166 ns
[2024-02-06T08:42:00.722+0000][7][safepoint   ] Safepoint "Cleanup", Time since last: 1000102668 ns, Reaching safepoint: 82357 ns, At safepoint: 5954 ns, Total: 88311 ns
[2024-02-06T08:43:09.726+0000][7][safepoint   ] Safepoint "Cleanup", Time since last: 69004123423 ns, Reaching safepoint: 96739 ns, At safepoint: 3727 ns, Total: 100466 ns
[2024-02-06T08:44:09.730+0000][7][safepoint   ] Safepoint "Cleanup", Time since last: 60003532225 ns, Reaching safepoint: 86548 ns, At safepoint: 3469 ns, Total: 90017 ns
[2024-02-06T08:44:26.731+0000][7][safepoint   ] Safepoint "Cleanup", Time since last: 17001088063 ns, Reaching safepoint: 95546 ns, At safepoint: 4088 ns, Total: 99634 ns
[2024-02-06T08:44:56.733+0000][7][safepoint   ] Safepoint "Cleanup", Time since last: 30001843366 ns, Reaching safepoint: 82235 ns, At safepoint: 3384 ns, Total: 85619 ns
[2024-02-06T08:45:00.734+0000][7][safepoint   ] Safepoint "Cleanup", Time since last: 4000345060 ns, Reaching safepoint: 94438 ns, At safepoint: 3937 ns, Total: 98375 ns
[2024-02-06T08:45:02.734+0000][7][safepoint   ] Safepoint "Cleanup", Time since last: 2000133289 ns, Reaching safepoint: 96006 ns, At safepoint: 5866 ns, Total: 101872 ns
[2024-02-06T08:45:37.736+0000][7][safepoint   ] Safepoint "Cleanup", Time since last: 35002080129 ns, Reaching safepoint: 97895 ns, At safepoint: 3731 ns, Total: 101626 ns
[2024-02-06T08:45:39.736+0000][7][safepoint   ] Safepoint "Cleanup", Time since last: 2000229001 ns, Reaching safepoint: 83587 ns, At safepoint: 3530 ns, Total: 87117 ns
[2024-02-06T08:45:41.737+0000][7][safepoint   ] Safepoint "Cleanup", Time since last: 2000172004 ns, Reaching safepoint: 92536 ns, At safepoint: 4305 ns, Total: 96841 ns
[2024-02-06T08:45:45.737+0000][7][safepoint   ] Safepoint "Cleanup", Time since last: 4000295903 ns, Reaching safepoint: 84595 ns, At safepoint: 8836 ns, Total: 93431 ns
[2024-02-06T08:45:53.738+0000][7][safepoint   ] Safepoint "Cleanup", Time since last: 8000483065 ns, Reaching safepoint: 126606 ns, At safepoint: 4403 ns, Total: 131009 ns
[2024-02-06T08:45:57.738+0000][7][safepoint   ] Safepoint "Cleanup", Time since last: 4000288599 ns, Reaching safepoint: 103340 ns, At safepoint: 8096 ns, Total: 111436 ns
[2024-02-06T08:46:56.741+0000][7][safepoint   ] Safepoint "Cleanup", Time since last: 59003433060 ns, Reaching safepoint: 84164 ns, At safepoint: 3572 ns, Total: 87736 ns
[2024-02-06T08:47:58.745+0000][7][safepoint   ] Safepoint "Cleanup", Time since last: 62003777141 ns, Reaching safepoint: 95063 ns, At safepoint: 3677 ns, Total: 98740 ns
[2024-02-06T08:48:26.747+0000][7][safepoint   ] Safepoint "Cleanup", Time since last: 28001699641 ns, Reaching safepoint: 107069 ns, At safepoint: 3557 ns, Total: 110626 ns
[2024-02-06T08:48:54.749+0000][7][safepoint   ] Safepoint "Cleanup", Time since last: 28001729630 ns, Reaching safepoint: 104818 ns, At safepoint: 3455 ns, Total: 108273 ns
[2024-02-06T08:49:03.750+0000][7][safepoint   ] Safepoint "Cleanup", Time since last: 9000555786 ns, Reaching safepoint: 100356 ns, At safepoint: 3628 ns, Total: 103984 ns
[2024-02-06T08:49:26.751+0000][7][safepoint   ] Safepoint "Cleanup", Time since last: 23001441389 ns, Reaching safepoint: 108509 ns, At safepoint: 5150 ns, Total: 113659 ns
[2024-02-06T08:49:39.752+0000][7][safepoint   ] Safepoint "Cleanup", Time since last: 13000867067 ns, Reaching safepoint: 76854 ns, At safepoint: 3583 ns, Total: 80437 ns
[2024-02-06T08:49:44.753+0000][7][safepoint   ] Safepoint "Cleanup", Time since last: 5000352793 ns, Reaching safepoint: 120766 ns, At safepoint: 4034 ns, Total: 124800 ns
[2024-02-06T08:49:56.754+0000][7][safepoint   ] Safepoint "Cleanup", Time since last: 12000760921 ns, Reaching safepoint: 91224 ns, At safepoint: 3631 ns, Total: 94855 ns
[2024-02-06T08:50:08.754+0000][7][safepoint   ] Safepoint "Cleanup", Time since last: 12000752511 ns, Reaching safepoint: 84711 ns, At safepoint: 4243 ns, Total: 88954 ns
[2024-02-06T08:50:08.933+0000][7][gc,heap,exit] Heap
[2024-02-06T08:50:08.933+0000][7][gc,heap,exit]  garbage-first heap   total 524288K, used 194487K [0x00000000e0000000, 0x0000000100000000)
[2024-02-06T08:50:08.933+0000][7][gc,heap,exit]   region size 4096K, 32 young (131072K), 6 survivors (24576K)
[2024-02-06T08:50:08.933+0000][7][gc,heap,exit]  Metaspace       used 94480K, capacity 97942K, committed 98972K, reserved 1134592K
[2024-02-06T08:50:08.933+0000][7][gc,heap,exit]   class space    used 12675K, capacity 13722K, committed 13824K, reserved 1048576K
