[2024-02-13T02:55:46.639+0000][7][gc] Using G1
[2024-02-13T02:55:46.849+0000][7][gc,init] Version: 15.0.1+9 (release)
[2024-02-13T02:55:46.849+0000][7][gc,init] CPUs: 16 total, 16 available
[2024-02-13T02:55:46.849+0000][7][gc,init] Memory: 63240M
[2024-02-13T02:55:46.849+0000][7][gc,init] Large Page Support: Disabled
[2024-02-13T02:55:46.849+0000][7][gc,init] NUMA Support: Disabled
[2024-02-13T02:55:46.849+0000][7][gc,init] Compressed Oops: Enabled (32-bit)
[2024-02-13T02:55:46.849+0000][7][gc,init] Heap Region Size: 4M
[2024-02-13T02:55:46.849+0000][7][gc,init] Heap Min Capacity: 512M
[2024-02-13T02:55:46.849+0000][7][gc,init] Heap Initial Capacity: 512M
[2024-02-13T02:55:46.849+0000][7][gc,init] Heap Max Capacity: 512M
[2024-02-13T02:55:46.849+0000][7][gc,init] Pre-touch: Enabled
[2024-02-13T02:55:46.849+0000][7][gc,init] Parallel Workers: 13
[2024-02-13T02:55:46.849+0000][7][gc,init] Concurrent Workers: 3
[2024-02-13T02:55:46.849+0000][7][gc,init] Concurrent Refinement Workers: 13
[2024-02-13T02:55:46.849+0000][7][gc,init] Periodic GC: Disabled
[2024-02-13T02:55:46.850+0000][7][gc,cds ] Mark closed archive regions in map: [0x00000000ffc00000, 0x00000000ffc7bff8]
[2024-02-13T02:55:46.850+0000][7][gc,cds ] Mark open archive regions in map: [0x00000000ffb00000, 0x00000000ffb51ff8]
[2024-02-13T02:55:46.850+0000][7][gc,metaspace] CDS archive(s) mapped at: [0x0000000800000000-0x0000000800b2a000-0x0000000800b2a000), size 11706368, SharedBaseAddress: 0x0000000800000000, ArchiveRelocationMode: 0.
[2024-02-13T02:55:46.850+0000][7][gc,metaspace] Compressed class space mapped at: 0x0000000800b2c000-0x0000000840b2c000, size: 1073741824
[2024-02-13T02:55:46.850+0000][7][gc,metaspace] Narrow klass base: 0x0000000800000000, Narrow klass shift: 3, Narrow klass range: 0x100000000
[2024-02-13T02:55:47.111+0000][7][safepoint   ] Safepoint "ICBufferFull", Time since last: 253343541 ns, Reaching safepoint: 112700 ns, At safepoint: 3409 ns, Total: 116109 ns
[2024-02-13T02:55:47.290+0000][7][gc,start    ] GC(0) Pause Young (Normal) (G1 Evacuation Pause)
[2024-02-13T02:55:47.291+0000][7][gc,task     ] GC(0) Using 12 workers of 13 for evacuation
[2024-02-13T02:55:47.291+0000][7][gc,age      ] GC(0) Desired survivor size 2097152 bytes, new threshold 15 (max threshold 15)
[2024-02-13T02:55:47.294+0000][7][gc,age      ] GC(0) Age table with threshold 15 (max threshold 15)
[2024-02-13T02:55:47.294+0000][7][gc,age      ] GC(0) - age   1:    4166736 bytes,    4166736 total
[2024-02-13T02:55:47.294+0000][7][gc,phases   ] GC(0)   Pre Evacuate Collection Set: 0.1ms
[2024-02-13T02:55:47.294+0000][7][gc,phases   ] GC(0)   Merge Heap Roots: 0.1ms
[2024-02-13T02:55:47.294+0000][7][gc,phases   ] GC(0)   Evacuate Collection Set: 2.0ms
[2024-02-13T02:55:47.294+0000][7][gc,phases   ] GC(0)   Post Evacuate Collection Set: 0.3ms
[2024-02-13T02:55:47.294+0000][7][gc,phases   ] GC(0)   Other: 1.1ms
[2024-02-13T02:55:47.294+0000][7][gc,heap     ] GC(0) Eden regions: 6->0(6)
[2024-02-13T02:55:47.294+0000][7][gc,heap     ] GC(0) Survivor regions: 0->1(1)
[2024-02-13T02:55:47.294+0000][7][gc,heap     ] GC(0) Old regions: 0->1
[2024-02-13T02:55:47.294+0000][7][gc,heap     ] GC(0) Archive regions: 2->2
[2024-02-13T02:55:47.294+0000][7][gc,heap     ] GC(0) Humongous regions: 0->0
[2024-02-13T02:55:47.294+0000][7][gc,metaspace] GC(0) Metaspace: 8178K(9216K)->8178K(9216K) NonClass: 7271K(8192K)->7271K(8192K) Class: 907K(1024K)->907K(1024K)
[2024-02-13T02:55:47.294+0000][7][gc          ] GC(0) Pause Young (Normal) (G1 Evacuation Pause) 27M->7M(512M) 3.532ms
[2024-02-13T02:55:47.294+0000][7][gc,cpu      ] GC(0) User=0.02s Sys=0.00s Real=0.00s
[2024-02-13T02:55:47.294+0000][7][safepoint   ] Safepoint "G1CollectForAllocation", Time since last: 178897008 ns, Reaching safepoint: 133659 ns, At safepoint: 3620785 ns, Total: 3754444 ns
[2024-02-13T02:55:47.747+0000][7][gc,start    ] GC(1) Pause Young (Normal) (G1 Evacuation Pause)
[2024-02-13T02:55:47.747+0000][7][gc,task     ] GC(1) Using 12 workers of 13 for evacuation
[2024-02-13T02:55:47.747+0000][7][gc,age      ] GC(1) Desired survivor size 2097152 bytes, new threshold 1 (max threshold 15)
[2024-02-13T02:55:47.750+0000][7][gc,age      ] GC(1) Age table with threshold 1 (max threshold 15)
[2024-02-13T02:55:47.750+0000][7][gc,age      ] GC(1) - age   1:    2026896 bytes,    2026896 total
[2024-02-13T02:55:47.750+0000][7][gc,phases   ] GC(1)   Pre Evacuate Collection Set: 0.1ms
[2024-02-13T02:55:47.750+0000][7][gc,phases   ] GC(1)   Merge Heap Roots: 0.1ms
[2024-02-13T02:55:47.750+0000][7][gc,phases   ] GC(1)   Evacuate Collection Set: 2.4ms
[2024-02-13T02:55:47.750+0000][7][gc,phases   ] GC(1)   Post Evacuate Collection Set: 0.3ms
[2024-02-13T02:55:47.750+0000][7][gc,phases   ] GC(1)   Other: 0.2ms
[2024-02-13T02:55:47.750+0000][7][gc,heap     ] GC(1) Eden regions: 6->0(13)
[2024-02-13T02:55:47.750+0000][7][gc,heap     ] GC(1) Survivor regions: 1->1(1)
[2024-02-13T02:55:47.750+0000][7][gc,heap     ] GC(1) Old regions: 1->2
[2024-02-13T02:55:47.750+0000][7][gc,heap     ] GC(1) Archive regions: 2->2
[2024-02-13T02:55:47.750+0000][7][gc,heap     ] GC(1) Humongous regions: 0->0
[2024-02-13T02:55:47.750+0000][7][gc,metaspace] GC(1) Metaspace: 12378K(12928K)->12378K(12928K) NonClass: 10920K(11264K)->10920K(11264K) Class: 1457K(1664K)->1457K(1664K)
[2024-02-13T02:55:47.750+0000][7][gc          ] GC(1) Pause Young (Normal) (G1 Evacuation Pause) 31M->9M(512M) 3.160ms
[2024-02-13T02:55:47.750+0000][7][gc,cpu      ] GC(1) User=0.02s Sys=0.00s Real=0.00s
[2024-02-13T02:55:47.750+0000][7][safepoint   ] Safepoint "G1CollectForAllocation", Time since last: 453048763 ns, Reaching safepoint: 105467 ns, At safepoint: 3220046 ns, Total: 3325513 ns
[2024-02-13T02:55:48.156+0000][7][safepoint   ] Safepoint "ICBufferFull", Time since last: 405247648 ns, Reaching safepoint: 131574 ns, At safepoint: 4980 ns, Total: 136554 ns
[2024-02-13T02:55:48.222+0000][7][gc,start    ] GC(2) Pause Young (Normal) (G1 Evacuation Pause)
[2024-02-13T02:55:48.222+0000][7][gc,task     ] GC(2) Using 12 workers of 13 for evacuation
[2024-02-13T02:55:48.222+0000][7][gc,age      ] GC(2) Desired survivor size 4194304 bytes, new threshold 15 (max threshold 15)
[2024-02-13T02:55:48.224+0000][7][gc,age      ] GC(2) Age table with threshold 15 (max threshold 15)
[2024-02-13T02:55:48.224+0000][7][gc,age      ] GC(2) - age   1:    1292712 bytes,    1292712 total
[2024-02-13T02:55:48.224+0000][7][gc,age      ] GC(2) - age   2:    2000312 bytes,    3293024 total
[2024-02-13T02:55:48.225+0000][7][gc,phases   ] GC(2)   Pre Evacuate Collection Set: 0.1ms
[2024-02-13T02:55:48.225+0000][7][gc,phases   ] GC(2)   Merge Heap Roots: 0.1ms
[2024-02-13T02:55:48.225+0000][7][gc,phases   ] GC(2)   Evacuate Collection Set: 2.3ms
[2024-02-13T02:55:48.225+0000][7][gc,phases   ] GC(2)   Post Evacuate Collection Set: 0.3ms
[2024-02-13T02:55:48.225+0000][7][gc,phases   ] GC(2)   Other: 0.2ms
[2024-02-13T02:55:48.225+0000][7][gc,heap     ] GC(2) Eden regions: 13->0(57)
[2024-02-13T02:55:48.225+0000][7][gc,heap     ] GC(2) Survivor regions: 1->1(2)
[2024-02-13T02:55:48.225+0000][7][gc,heap     ] GC(2) Old regions: 2->2
[2024-02-13T02:55:48.225+0000][7][gc,heap     ] GC(2) Archive regions: 2->2
[2024-02-13T02:55:48.225+0000][7][gc,heap     ] GC(2) Humongous regions: 0->0
[2024-02-13T02:55:48.225+0000][7][gc,metaspace] GC(2) Metaspace: 15030K(15744K)->15030K(15744K) NonClass: 13326K(13824K)->13326K(13824K) Class: 1703K(1920K)->1703K(1920K)
[2024-02-13T02:55:48.225+0000][7][gc          ] GC(2) Pause Young (Normal) (G1 Evacuation Pause) 61M->11M(512M) 3.120ms
[2024-02-13T02:55:48.225+0000][7][gc,cpu      ] GC(2) User=0.01s Sys=0.00s Real=0.00s
[2024-02-13T02:55:48.225+0000][7][safepoint   ] Safepoint "G1CollectForAllocation", Time since last: 65839633 ns, Reaching safepoint: 73630 ns, At safepoint: 3184650 ns, Total: 3258280 ns
[2024-02-13T02:55:48.316+0000][7][safepoint   ] Safepoint "ICBufferFull", Time since last: 91125407 ns, Reaching safepoint: 52153 ns, At safepoint: 3933 ns, Total: 56086 ns
[2024-02-13T02:55:48.321+0000][7][safepoint   ] Safepoint "ICBufferFull", Time since last: 4705010 ns, Reaching safepoint: 42106 ns, At safepoint: 3220 ns, Total: 45326 ns
[2024-02-13T02:55:48.324+0000][7][safepoint   ] Safepoint "ICBufferFull", Time since last: 3728312 ns, Reaching safepoint: 31257 ns, At safepoint: 2877 ns, Total: 34134 ns
[2024-02-13T02:55:48.327+0000][7][safepoint   ] Safepoint "ICBufferFull", Time since last: 2641784 ns, Reaching safepoint: 31074 ns, At safepoint: 2724 ns, Total: 33798 ns
[2024-02-13T02:55:48.332+0000][7][safepoint   ] Safepoint "ICBufferFull", Time since last: 4624030 ns, Reaching safepoint: 31698 ns, At safepoint: 2751 ns, Total: 34449 ns
[2024-02-13T02:55:48.335+0000][7][safepoint   ] Safepoint "ICBufferFull", Time since last: 2937266 ns, Reaching safepoint: 30066 ns, At safepoint: 2715 ns, Total: 32781 ns
[2024-02-13T02:55:48.337+0000][7][safepoint   ] Safepoint "ICBufferFull", Time since last: 2554095 ns, Reaching safepoint: 28076 ns, At safepoint: 2674 ns, Total: 30750 ns
[2024-02-13T02:55:48.340+0000][7][safepoint   ] Safepoint "ICBufferFull", Time since last: 3030197 ns, Reaching safepoint: 28777 ns, At safepoint: 2639 ns, Total: 31416 ns
[2024-02-13T02:55:48.343+0000][7][safepoint   ] Safepoint "ICBufferFull", Time since last: 3069421 ns, Reaching safepoint: 29088 ns, At safepoint: 3017 ns, Total: 32105 ns
[2024-02-13T02:55:48.347+0000][7][safepoint   ] Safepoint "ICBufferFull", Time since last: 3833125 ns, Reaching safepoint: 92616 ns, At safepoint: 3688 ns, Total: 96304 ns
[2024-02-13T02:55:48.350+0000][7][safepoint   ] Safepoint "ICBufferFull", Time since last: 2972844 ns, Reaching safepoint: 125201 ns, At safepoint: 4118 ns, Total: 129319 ns
[2024-02-13T02:55:48.353+0000][7][safepoint   ] Safepoint "ICBufferFull", Time since last: 2763310 ns, Reaching safepoint: 39208 ns, At safepoint: 2845 ns, Total: 42053 ns
[2024-02-13T02:55:48.355+0000][7][safepoint   ] Safepoint "ICBufferFull", Time since last: 1825352 ns, Reaching safepoint: 40724 ns, At safepoint: 3841 ns, Total: 44565 ns
[2024-02-13T02:55:48.359+0000][7][safepoint   ] Safepoint "ICBufferFull", Time since last: 3573180 ns, Reaching safepoint: 29909 ns, At safepoint: 3287 ns, Total: 33196 ns
[2024-02-13T02:55:48.361+0000][7][safepoint   ] Safepoint "ICBufferFull", Time since last: 1976344 ns, Reaching safepoint: 30102 ns, At safepoint: 2744 ns, Total: 32846 ns
[2024-02-13T02:55:48.614+0000][7][safepoint   ] Safepoint "ICBufferFull", Time since last: 253167455 ns, Reaching safepoint: 123511 ns, At safepoint: 4013 ns, Total: 127524 ns
[2024-02-13T02:55:48.651+0000][7][gc,start    ] GC(3) Pause Young (Normal) (G1 Evacuation Pause)
[2024-02-13T02:55:48.651+0000][7][gc,task     ] GC(3) Using 12 workers of 13 for evacuation
[2024-02-13T02:55:48.651+0000][7][gc,age      ] GC(3) Desired survivor size 16777216 bytes, new threshold 15 (max threshold 15)
[2024-02-13T02:55:48.655+0000][7][gc,age      ] GC(3) Age table with threshold 15 (max threshold 15)
[2024-02-13T02:55:48.655+0000][7][gc,age      ] GC(3) - age   1:    4427096 bytes,    4427096 total
[2024-02-13T02:55:48.655+0000][7][gc,age      ] GC(3) - age   2:    1266608 bytes,    5693704 total
[2024-02-13T02:55:48.655+0000][7][gc,age      ] GC(3) - age   3:    1985840 bytes,    7679544 total
[2024-02-13T02:55:48.655+0000][7][gc,phases   ] GC(3)   Pre Evacuate Collection Set: 0.1ms
[2024-02-13T02:55:48.655+0000][7][gc,phases   ] GC(3)   Merge Heap Roots: 0.1ms
[2024-02-13T02:55:48.655+0000][7][gc,phases   ] GC(3)   Evacuate Collection Set: 3.0ms
[2024-02-13T02:55:48.655+0000][7][gc,phases   ] GC(3)   Post Evacuate Collection Set: 0.4ms
[2024-02-13T02:55:48.655+0000][7][gc,phases   ] GC(3)   Other: 0.2ms
[2024-02-13T02:55:48.655+0000][7][gc,heap     ] GC(3) Eden regions: 57->0(74)
[2024-02-13T02:55:48.655+0000][7][gc,heap     ] GC(3) Survivor regions: 1->2(8)
[2024-02-13T02:55:48.655+0000][7][gc,heap     ] GC(3) Old regions: 2->2
[2024-02-13T02:55:48.655+0000][7][gc,heap     ] GC(3) Archive regions: 2->2
[2024-02-13T02:55:48.655+0000][7][gc,heap     ] GC(3) Humongous regions: 0->0
[2024-02-13T02:55:48.655+0000][7][gc,metaspace] GC(3) Metaspace: 18585K(19328K)->18585K(19328K) NonClass: 16394K(16896K)->16394K(16896K) Class: 2191K(2432K)->2191K(2432K)
[2024-02-13T02:55:48.655+0000][7][gc          ] GC(3) Pause Young (Normal) (G1 Evacuation Pause) 239M->15M(512M) 3.854ms
[2024-02-13T02:55:48.655+0000][7][gc,cpu      ] GC(3) User=0.04s Sys=0.00s Real=0.00s
[2024-02-13T02:55:48.655+0000][7][safepoint   ] Safepoint "G1CollectForAllocation", Time since last: 37165564 ns, Reaching safepoint: 76255 ns, At safepoint: 3915955 ns, Total: 3992210 ns
[2024-02-13T02:55:48.920+0000][7][gc,start    ] GC(4) Pause Young (Normal) (G1 Evacuation Pause)
[2024-02-13T02:55:48.920+0000][7][gc,task     ] GC(4) Using 12 workers of 13 for evacuation
[2024-02-13T02:55:48.920+0000][7][gc,age      ] GC(4) Desired survivor size 20971520 bytes, new threshold 15 (max threshold 15)
[2024-02-13T02:55:48.923+0000][7][gc,age      ] GC(4) Age table with threshold 15 (max threshold 15)
[2024-02-13T02:55:48.923+0000][7][gc,age      ] GC(4) - age   1:    2149232 bytes,    2149232 total
[2024-02-13T02:55:48.923+0000][7][gc,age      ] GC(4) - age   2:    4374480 bytes,    6523712 total
[2024-02-13T02:55:48.923+0000][7][gc,age      ] GC(4) - age   3:    1266608 bytes,    7790320 total
[2024-02-13T02:55:48.923+0000][7][gc,age      ] GC(4) - age   4:    1985840 bytes,    9776160 total
[2024-02-13T02:55:48.923+0000][7][gc,phases   ] GC(4)   Pre Evacuate Collection Set: 0.1ms
[2024-02-13T02:55:48.923+0000][7][gc,phases   ] GC(4)   Merge Heap Roots: 0.1ms
[2024-02-13T02:55:48.923+0000][7][gc,phases   ] GC(4)   Evacuate Collection Set: 2.8ms
[2024-02-13T02:55:48.923+0000][7][gc,phases   ] GC(4)   Post Evacuate Collection Set: 0.4ms
[2024-02-13T02:55:48.923+0000][7][gc,phases   ] GC(4)   Other: 0.2ms
[2024-02-13T02:55:48.923+0000][7][gc,heap     ] GC(4) Eden regions: 74->0(73)
[2024-02-13T02:55:48.923+0000][7][gc,heap     ] GC(4) Survivor regions: 2->3(10)
[2024-02-13T02:55:48.923+0000][7][gc,heap     ] GC(4) Old regions: 2->2
[2024-02-13T02:55:48.923+0000][7][gc,heap     ] GC(4) Archive regions: 2->2
[2024-02-13T02:55:48.923+0000][7][gc,heap     ] GC(4) Humongous regions: 0->0
[2024-02-13T02:55:48.923+0000][7][gc,metaspace] GC(4) Metaspace: 19274K(20224K)->19274K(20224K) NonClass: 16987K(17664K)->16987K(17664K) Class: 2286K(2560K)->2286K(2560K)
[2024-02-13T02:55:48.923+0000][7][gc          ] GC(4) Pause Young (Normal) (G1 Evacuation Pause) 311M->17M(512M) 3.659ms
[2024-02-13T02:55:48.923+0000][7][gc,cpu      ] GC(4) User=0.03s Sys=0.00s Real=0.00s
[2024-02-13T02:55:48.923+0000][7][safepoint   ] Safepoint "G1CollectForAllocation", Time since last: 264387401 ns, Reaching safepoint: 80447 ns, At safepoint: 3724610 ns, Total: 3805057 ns
[2024-02-13T02:55:49.172+0000][7][gc,start    ] GC(5) Pause Young (Normal) (G1 Evacuation Pause)
[2024-02-13T02:55:49.172+0000][7][gc,task     ] GC(5) Using 12 workers of 13 for evacuation
[2024-02-13T02:55:49.172+0000][7][gc,age      ] GC(5) Desired survivor size 20971520 bytes, new threshold 15 (max threshold 15)
[2024-02-13T02:55:49.175+0000][7][gc,age      ] GC(5) Age table with threshold 15 (max threshold 15)
[2024-02-13T02:55:49.175+0000][7][gc,age      ] GC(5) - age   1:    1941368 bytes,    1941368 total
[2024-02-13T02:55:49.175+0000][7][gc,age      ] GC(5) - age   2:    1809760 bytes,    3751128 total
[2024-02-13T02:55:49.175+0000][7][gc,age      ] GC(5) - age   3:    4370464 bytes,    8121592 total
[2024-02-13T02:55:49.175+0000][7][gc,age      ] GC(5) - age   4:    1266608 bytes,    9388200 total
[2024-02-13T02:55:49.175+0000][7][gc,age      ] GC(5) - age   5:    1985840 bytes,   11374040 total
[2024-02-13T02:55:49.175+0000][7][gc,phases   ] GC(5)   Pre Evacuate Collection Set: 0.1ms
[2024-02-13T02:55:49.175+0000][7][gc,phases   ] GC(5)   Merge Heap Roots: 0.1ms
[2024-02-13T02:55:49.175+0000][7][gc,phases   ] GC(5)   Evacuate Collection Set: 2.4ms
[2024-02-13T02:55:49.175+0000][7][gc,phases   ] GC(5)   Post Evacuate Collection Set: 0.4ms
[2024-02-13T02:55:49.175+0000][7][gc,phases   ] GC(5)   Other: 0.2ms
[2024-02-13T02:55:49.175+0000][7][gc,heap     ] GC(5) Eden regions: 73->0(73)
[2024-02-13T02:55:49.175+0000][7][gc,heap     ] GC(5) Survivor regions: 3->3(10)
[2024-02-13T02:55:49.175+0000][7][gc,heap     ] GC(5) Old regions: 2->2
[2024-02-13T02:55:49.175+0000][7][gc,heap     ] GC(5) Archive regions: 2->2
[2024-02-13T02:55:49.175+0000][7][gc,heap     ] GC(5) Humongous regions: 0->0
[2024-02-13T02:55:49.175+0000][7][gc,metaspace] GC(5) Metaspace: 19594K(20480K)->19594K(20480K) NonClass: 17258K(17920K)->17258K(17920K) Class: 2336K(2560K)->2336K(2560K)
[2024-02-13T02:55:49.175+0000][7][gc          ] GC(5) Pause Young (Normal) (G1 Evacuation Pause) 309M->19M(512M) 3.286ms
[2024-02-13T02:55:49.175+0000][7][gc,cpu      ] GC(5) User=0.03s Sys=0.00s Real=0.00s
[2024-02-13T02:55:49.175+0000][7][safepoint   ] Safepoint "G1CollectForAllocation", Time since last: 248278052 ns, Reaching safepoint: 57286 ns, At safepoint: 3359557 ns, Total: 3416843 ns
[2024-02-13T02:55:49.382+0000][7][gc,start    ] GC(6) Pause Young (Normal) (G1 Evacuation Pause)
[2024-02-13T02:55:49.383+0000][7][gc,task     ] GC(6) Using 12 workers of 13 for evacuation
[2024-02-13T02:55:49.383+0000][7][gc,age      ] GC(6) Desired survivor size 20971520 bytes, new threshold 15 (max threshold 15)
[2024-02-13T02:55:49.386+0000][7][gc,age      ] GC(6) Age table with threshold 15 (max threshold 15)
[2024-02-13T02:55:49.386+0000][7][gc,age      ] GC(6) - age   1:    1037272 bytes,    1037272 total
[2024-02-13T02:55:49.386+0000][7][gc,age      ] GC(6) - age   2:    1426080 bytes,    2463352 total
[2024-02-13T02:55:49.386+0000][7][gc,age      ] GC(6) - age   3:    1809088 bytes,    4272440 total
[2024-02-13T02:55:49.386+0000][7][gc,age      ] GC(6) - age   4:    4370048 bytes,    8642488 total
[2024-02-13T02:55:49.386+0000][7][gc,age      ] GC(6) - age   5:    1266608 bytes,    9909096 total
[2024-02-13T02:55:49.386+0000][7][gc,age      ] GC(6) - age   6:    1985840 bytes,   11894936 total
[2024-02-13T02:55:49.386+0000][7][gc,phases   ] GC(6)   Pre Evacuate Collection Set: 0.1ms
[2024-02-13T02:55:49.386+0000][7][gc,phases   ] GC(6)   Merge Heap Roots: 0.1ms
[2024-02-13T02:55:49.386+0000][7][gc,phases   ] GC(6)   Evacuate Collection Set: 2.7ms
[2024-02-13T02:55:49.386+0000][7][gc,phases   ] GC(6)   Post Evacuate Collection Set: 0.4ms
[2024-02-13T02:55:49.386+0000][7][gc,phases   ] GC(6)   Other: 0.3ms
[2024-02-13T02:55:49.386+0000][7][gc,heap     ] GC(6) Eden regions: 73->0(72)
[2024-02-13T02:55:49.386+0000][7][gc,heap     ] GC(6) Survivor regions: 3->4(10)
[2024-02-13T02:55:49.386+0000][7][gc,heap     ] GC(6) Old regions: 2->2
[2024-02-13T02:55:49.386+0000][7][gc,heap     ] GC(6) Archive regions: 2->2
[2024-02-13T02:55:49.386+0000][7][gc,heap     ] GC(6) Humongous regions: 0->0
[2024-02-13T02:55:49.386+0000][7][gc,metaspace] GC(6) Metaspace: 19857K(21120K)->19857K(21120K) NonClass: 17470K(18432K)->17470K(18432K) Class: 2386K(2688K)->2386K(2688K)
[2024-02-13T02:55:49.386+0000][7][gc          ] GC(6) Pause Young (Normal) (G1 Evacuation Pause) 311M->20M(512M) 3.606ms
[2024-02-13T02:55:49.386+0000][7][gc,cpu      ] GC(6) User=0.02s Sys=0.00s Real=0.00s
[2024-02-13T02:55:49.386+0000][7][safepoint   ] Safepoint "G1CollectForAllocation", Time since last: 207335531 ns, Reaching safepoint: 52293 ns, At safepoint: 3662129 ns, Total: 3714422 ns
[2024-02-13T02:55:49.535+0000][7][gc,start    ] GC(7) Pause Young (Concurrent Start) (Metadata GC Threshold)
[2024-02-13T02:55:49.535+0000][7][gc,task     ] GC(7) Using 12 workers of 13 for evacuation
[2024-02-13T02:55:49.535+0000][7][gc,age      ] GC(7) Desired survivor size 20971520 bytes, new threshold 15 (max threshold 15)
[2024-02-13T02:55:49.539+0000][7][gc,age      ] GC(7) Age table with threshold 15 (max threshold 15)
[2024-02-13T02:55:49.539+0000][7][gc,age      ] GC(7) - age   1:    1909536 bytes,    1909536 total
[2024-02-13T02:55:49.539+0000][7][gc,age      ] GC(7) - age   2:     441016 bytes,    2350552 total
[2024-02-13T02:55:49.539+0000][7][gc,age      ] GC(7) - age   3:    1426080 bytes,    3776632 total
[2024-02-13T02:55:49.539+0000][7][gc,age      ] GC(7) - age   4:    1808048 bytes,    5584680 total
[2024-02-13T02:55:49.539+0000][7][gc,age      ] GC(7) - age   5:    4369944 bytes,    9954624 total
[2024-02-13T02:55:49.539+0000][7][gc,age      ] GC(7) - age   6:    1266432 bytes,   11221056 total
[2024-02-13T02:55:49.539+0000][7][gc,age      ] GC(7) - age   7:    1985840 bytes,   13206896 total
[2024-02-13T02:55:49.539+0000][7][gc,phases   ] GC(7)   Pre Evacuate Collection Set: 0.1ms
[2024-02-13T02:55:49.539+0000][7][gc,phases   ] GC(7)   Merge Heap Roots: 0.0ms
[2024-02-13T02:55:49.539+0000][7][gc,phases   ] GC(7)   Evacuate Collection Set: 3.0ms
[2024-02-13T02:55:49.539+0000][7][gc,phases   ] GC(7)   Post Evacuate Collection Set: 0.5ms
[2024-02-13T02:55:49.539+0000][7][gc,phases   ] GC(7)   Other: 0.3ms
[2024-02-13T02:55:49.539+0000][7][gc,heap     ] GC(7) Eden regions: 48->0(72)
[2024-02-13T02:55:49.539+0000][7][gc,heap     ] GC(7) Survivor regions: 4->4(10)
[2024-02-13T02:55:49.539+0000][7][gc,heap     ] GC(7) Old regions: 2->2
[2024-02-13T02:55:49.539+0000][7][gc,heap     ] GC(7) Archive regions: 2->2
[2024-02-13T02:55:49.539+0000][7][gc,heap     ] GC(7) Humongous regions: 0->0
[2024-02-13T02:55:49.539+0000][7][gc,metaspace] GC(7) Metaspace: 20136K(21296K)->20136K(21296K) NonClass: 17702K(18608K)->17702K(18608K) Class: 2433K(2688K)->2433K(2688K)
[2024-02-13T02:55:49.539+0000][7][gc          ] GC(7) Pause Young (Concurrent Start) (Metadata GC Threshold) 212M->21M(512M) 4.009ms
[2024-02-13T02:55:49.539+0000][7][gc,cpu      ] GC(7) User=0.03s Sys=0.00s Real=0.01s
[2024-02-13T02:55:49.539+0000][7][safepoint   ] Safepoint "CollectForMetadataAllocation", Time since last: 148771122 ns, Reaching safepoint: 55613 ns, At safepoint: 4228605 ns, Total: 4284218 ns
[2024-02-13T02:55:49.539+0000][7][gc          ] GC(8) Concurrent Cycle
[2024-02-13T02:55:49.539+0000][7][gc,marking  ] GC(8) Concurrent Clear Claimed Marks
[2024-02-13T02:55:49.539+0000][7][gc,marking  ] GC(8) Concurrent Clear Claimed Marks 0.022ms
[2024-02-13T02:55:49.539+0000][7][gc,marking  ] GC(8) Concurrent Scan Root Regions
[2024-02-13T02:55:49.542+0000][7][gc,marking  ] GC(8) Concurrent Scan Root Regions 2.303ms
[2024-02-13T02:55:49.542+0000][7][gc,marking  ] GC(8) Concurrent Mark (2.908s)
[2024-02-13T02:55:49.542+0000][7][gc,marking  ] GC(8) Concurrent Mark From Roots
[2024-02-13T02:55:49.542+0000][7][gc,task     ] GC(8) Using 3 workers of 3 for marking
[2024-02-13T02:55:49.546+0000][7][gc,marking  ] GC(8) Concurrent Mark From Roots 4.833ms
[2024-02-13T02:55:49.547+0000][7][gc,marking  ] GC(8) Concurrent Preclean
[2024-02-13T02:55:49.547+0000][7][gc,marking  ] GC(8) Concurrent Preclean 0.205ms
[2024-02-13T02:55:49.547+0000][7][gc,marking  ] GC(8) Concurrent Mark (2.908s, 2.913s) 5.111ms
[2024-02-13T02:55:49.548+0000][7][gc,start    ] GC(8) Pause Remark
[2024-02-13T02:55:49.549+0000][7][gc          ] GC(8) Pause Remark 25M->25M(512M) 1.520ms
[2024-02-13T02:55:49.549+0000][7][gc,cpu      ] GC(8) User=0.01s Sys=0.00s Real=0.00s
[2024-02-13T02:55:49.549+0000][7][safepoint   ] Safepoint "G1Concurrent", Time since last: 8389231 ns, Reaching safepoint: 42928 ns, At safepoint: 1594482 ns, Total: 1637410 ns
[2024-02-13T02:55:49.549+0000][7][gc,marking  ] GC(8) Concurrent Rebuild Remembered Sets
[2024-02-13T02:55:49.551+0000][7][gc,marking  ] GC(8) Concurrent Rebuild Remembered Sets 1.669ms
[2024-02-13T02:55:49.551+0000][7][gc,start    ] GC(8) Pause Cleanup
[2024-02-13T02:55:49.551+0000][7][gc          ] GC(8) Pause Cleanup 29M->29M(512M) 0.096ms
[2024-02-13T02:55:49.552+0000][7][gc,cpu      ] GC(8) User=0.00s Sys=0.00s Real=0.00s
[2024-02-13T02:55:49.552+0000][7][safepoint   ] Safepoint "G1Concurrent", Time since last: 1825412 ns, Reaching safepoint: 309341 ns, At safepoint: 177709 ns, Total: 487050 ns
[2024-02-13T02:55:49.552+0000][7][gc,marking  ] GC(8) Concurrent Cleanup for Next Mark
[2024-02-13T02:55:49.552+0000][7][gc,marking  ] GC(8) Concurrent Cleanup for Next Mark 0.601ms
[2024-02-13T02:55:49.552+0000][7][gc          ] GC(8) Concurrent Cycle 13.051ms
[2024-02-13T02:55:49.754+0000][7][gc,start    ] GC(9) Pause Young (Normal) (G1 Evacuation Pause)
[2024-02-13T02:55:49.755+0000][7][gc,task     ] GC(9) Using 12 workers of 13 for evacuation
[2024-02-13T02:55:49.755+0000][7][gc,age      ] GC(9) Desired survivor size 20971520 bytes, new threshold 15 (max threshold 15)
[2024-02-13T02:55:49.759+0000][7][gc,age      ] GC(9) Age table with threshold 15 (max threshold 15)
[2024-02-13T02:55:49.759+0000][7][gc,age      ] GC(9) - age   1:    1179632 bytes,    1179632 total
[2024-02-13T02:55:49.759+0000][7][gc,age      ] GC(9) - age   2:    1863544 bytes,    3043176 total
[2024-02-13T02:55:49.759+0000][7][gc,age      ] GC(9) - age   3:     439136 bytes,    3482312 total
[2024-02-13T02:55:49.759+0000][7][gc,age      ] GC(9) - age   4:    1425472 bytes,    4907784 total
[2024-02-13T02:55:49.759+0000][7][gc,age      ] GC(9) - age   5:    1807984 bytes,    6715768 total
[2024-02-13T02:55:49.759+0000][7][gc,age      ] GC(9) - age   6:    4369624 bytes,   11085392 total
[2024-02-13T02:55:49.759+0000][7][gc,age      ] GC(9) - age   7:    1266016 bytes,   12351408 total
[2024-02-13T02:55:49.759+0000][7][gc,age      ] GC(9) - age   8:    1984208 bytes,   14335616 total
[2024-02-13T02:55:49.759+0000][7][gc,phases   ] GC(9)   Pre Evacuate Collection Set: 0.1ms
[2024-02-13T02:55:49.759+0000][7][gc,phases   ] GC(9)   Merge Heap Roots: 0.1ms
[2024-02-13T02:55:49.759+0000][7][gc,phases   ] GC(9)   Evacuate Collection Set: 3.2ms
[2024-02-13T02:55:49.759+0000][7][gc,phases   ] GC(9)   Post Evacuate Collection Set: 0.6ms
[2024-02-13T02:55:49.759+0000][7][gc,phases   ] GC(9)   Other: 0.3ms
[2024-02-13T02:55:49.759+0000][7][gc,heap     ] GC(9) Eden regions: 72->0(72)
[2024-02-13T02:55:49.759+0000][7][gc,heap     ] GC(9) Survivor regions: 4->4(10)
[2024-02-13T02:55:49.759+0000][7][gc,heap     ] GC(9) Old regions: 2->2
[2024-02-13T02:55:49.759+0000][7][gc,heap     ] GC(9) Archive regions: 2->2
[2024-02-13T02:55:49.759+0000][7][gc,heap     ] GC(9) Humongous regions: 0->0
[2024-02-13T02:55:49.759+0000][7][gc,metaspace] GC(9) Metaspace: 20268K(21552K)->20268K(21552K) NonClass: 17808K(18864K)->17808K(18864K) Class: 2460K(2688K)->2460K(2688K)
[2024-02-13T02:55:49.759+0000][7][gc          ] GC(9) Pause Young (Normal) (G1 Evacuation Pause) 309M->22M(512M) 4.365ms
[2024-02-13T02:55:49.759+0000][7][gc,cpu      ] GC(9) User=0.03s Sys=0.00s Real=0.01s
[2024-02-13T02:55:49.759+0000][7][safepoint   ] Safepoint "G1CollectForAllocation", Time since last: 202894856 ns, Reaching safepoint: 41319 ns, At safepoint: 4431567 ns, Total: 4472886 ns
[2024-02-13T02:55:50.235+0000][7][safepoint   ] Safepoint "ICBufferFull", Time since last: 476425970 ns, Reaching safepoint: 136683 ns, At safepoint: 4309 ns, Total: 140992 ns
[2024-02-13T02:55:50.492+0000][7][safepoint   ] Safepoint "ICBufferFull", Time since last: 255800150 ns, Reaching safepoint: 246278 ns, At safepoint: 8633 ns, Total: 254911 ns
[2024-02-13T02:55:51.074+0000][7][gc,start    ] GC(10) Pause Young (Normal) (G1 Evacuation Pause)
[2024-02-13T02:55:51.074+0000][7][gc,task     ] GC(10) Using 12 workers of 13 for evacuation
[2024-02-13T02:55:51.074+0000][7][gc,age      ] GC(10) Desired survivor size 20971520 bytes, new threshold 15 (max threshold 15)
[2024-02-13T02:55:51.088+0000][7][gc,age      ] GC(10) Age table with threshold 15 (max threshold 15)
[2024-02-13T02:55:51.088+0000][7][gc,age      ] GC(10) - age   1:   20486112 bytes,   20486112 total
[2024-02-13T02:55:51.088+0000][7][gc,age      ] GC(10) - age   2:     646008 bytes,   21132120 total
[2024-02-13T02:55:51.088+0000][7][gc,age      ] GC(10) - age   3:    1852968 bytes,   22985088 total
[2024-02-13T02:55:51.088+0000][7][gc,age      ] GC(10) - age   4:     429736 bytes,   23414824 total
[2024-02-13T02:55:51.088+0000][7][gc,age      ] GC(10) - age   5:    1407184 bytes,   24822008 total
[2024-02-13T02:55:51.088+0000][7][gc,age      ] GC(10) - age   6:    1794048 bytes,   26616056 total
[2024-02-13T02:55:51.088+0000][7][gc,age      ] GC(10) - age   7:    4330544 bytes,   30946600 total
[2024-02-13T02:55:51.088+0000][7][gc,age      ] GC(10) - age   8:    1215008 bytes,   32161608 total
[2024-02-13T02:55:51.088+0000][7][gc,age      ] GC(10) - age   9:    1975952 bytes,   34137560 total
[2024-02-13T02:55:51.088+0000][7][gc,phases   ] GC(10)   Pre Evacuate Collection Set: 0.1ms
[2024-02-13T02:55:51.088+0000][7][gc,phases   ] GC(10)   Merge Heap Roots: 0.1ms
[2024-02-13T02:55:51.088+0000][7][gc,phases   ] GC(10)   Evacuate Collection Set: 13.0ms
[2024-02-13T02:55:51.088+0000][7][gc,phases   ] GC(10)   Post Evacuate Collection Set: 0.8ms
[2024-02-13T02:55:51.088+0000][7][gc,phases   ] GC(10)   Other: 0.3ms
[2024-02-13T02:55:51.088+0000][7][gc,heap     ] GC(10) Eden regions: 72->0(67)
[2024-02-13T02:55:51.088+0000][7][gc,heap     ] GC(10) Survivor regions: 4->9(10)
[2024-02-13T02:55:51.088+0000][7][gc,heap     ] GC(10) Old regions: 2->2
[2024-02-13T02:55:51.088+0000][7][gc,heap     ] GC(10) Archive regions: 2->2
[2024-02-13T02:55:51.088+0000][7][gc,heap     ] GC(10) Humongous regions: 0->0
[2024-02-13T02:55:51.088+0000][7][gc,metaspace] GC(10) Metaspace: 30191K(32176K)->30191K(32176K) NonClass: 26428K(27824K)->26428K(27824K) Class: 3763K(4352K)->3763K(4352K)
[2024-02-13T02:55:51.088+0000][7][gc          ] GC(10) Pause Young (Normal) (G1 Evacuation Pause) 310M->41M(512M) 14.370ms
[2024-02-13T02:55:51.088+0000][7][gc,cpu      ] GC(10) User=0.10s Sys=0.00s Real=0.02s
[2024-02-13T02:55:51.088+0000][7][safepoint   ] Safepoint "G1CollectForAllocation", Time since last: 582233296 ns, Reaching safepoint: 95118 ns, At safepoint: 14440154 ns, Total: 14535272 ns
[2024-02-13T02:55:51.577+0000][7][safepoint   ] Safepoint "ICBufferFull", Time since last: 488325336 ns, Reaching safepoint: 139350 ns, At safepoint: 3205 ns, Total: 142555 ns
[2024-02-13T02:55:51.717+0000][7][gc,start    ] GC(11) Pause Young (Concurrent Start) (Metadata GC Threshold)
[2024-02-13T02:55:51.717+0000][7][gc,task     ] GC(11) Using 12 workers of 13 for evacuation
[2024-02-13T02:55:51.717+0000][7][gc,age      ] GC(11) Desired survivor size 20971520 bytes, new threshold 2 (max threshold 15)
[2024-02-13T02:55:51.735+0000][7][gc,age      ] GC(11) Age table with threshold 2 (max threshold 15)
[2024-02-13T02:55:51.735+0000][7][gc,age      ] GC(11) - age   1:   18190576 bytes,   18190576 total
[2024-02-13T02:55:51.735+0000][7][gc,age      ] GC(11) - age   2:   20168200 bytes,   38358776 total
[2024-02-13T02:55:51.735+0000][7][gc,phases   ] GC(11)   Pre Evacuate Collection Set: 0.2ms
[2024-02-13T02:55:51.735+0000][7][gc,phases   ] GC(11)   Merge Heap Roots: 0.1ms
[2024-02-13T02:55:51.735+0000][7][gc,phases   ] GC(11)   Evacuate Collection Set: 17.2ms
[2024-02-13T02:55:51.735+0000][7][gc,phases   ] GC(11)   Post Evacuate Collection Set: 0.5ms
[2024-02-13T02:55:51.735+0000][7][gc,phases   ] GC(11)   Other: 0.3ms
[2024-02-13T02:55:51.735+0000][7][gc,heap     ] GC(11) Eden regions: 33->0(66)
[2024-02-13T02:55:51.735+0000][7][gc,heap     ] GC(11) Survivor regions: 9->10(10)
[2024-02-13T02:55:51.735+0000][7][gc,heap     ] GC(11) Old regions: 2->5
[2024-02-13T02:55:51.735+0000][7][gc,heap     ] GC(11) Archive regions: 2->2
[2024-02-13T02:55:51.735+0000][7][gc,heap     ] GC(11) Humongous regions: 0->0
[2024-02-13T02:55:51.735+0000][7][gc,metaspace] GC(11) Metaspace: 33775K(35888K)->33775K(35888K) NonClass: 29420K(30896K)->29420K(30896K) Class: 4355K(4992K)->4355K(4992K)
[2024-02-13T02:55:51.735+0000][7][gc          ] GC(11) Pause Young (Concurrent Start) (Metadata GC Threshold) 169M->60M(512M) 18.303ms
[2024-02-13T02:55:51.735+0000][7][gc,cpu      ] GC(11) User=0.15s Sys=0.00s Real=0.01s
[2024-02-13T02:55:51.735+0000][7][gc          ] GC(12) Concurrent Cycle
[2024-02-13T02:55:51.735+0000][7][safepoint   ] Safepoint "CollectForMetadataAllocation", Time since last: 139955839 ns, Reaching safepoint: 79277 ns, At safepoint: 18519926 ns, Total: 18599203 ns
[2024-02-13T02:55:51.735+0000][7][gc,marking  ] GC(12) Concurrent Clear Claimed Marks
[2024-02-13T02:55:51.737+0000][7][gc,marking  ] GC(12) Concurrent Clear Claimed Marks 1.826ms
[2024-02-13T02:55:51.737+0000][7][gc,marking  ] GC(12) Concurrent Scan Root Regions
[2024-02-13T02:55:51.747+0000][7][gc,marking  ] GC(12) Concurrent Scan Root Regions 10.220ms
[2024-02-13T02:55:51.747+0000][7][gc,marking  ] GC(12) Concurrent Mark (5.114s)
[2024-02-13T02:55:51.747+0000][7][gc,marking  ] GC(12) Concurrent Mark From Roots
[2024-02-13T02:55:51.747+0000][7][gc,task     ] GC(12) Using 3 workers of 3 for marking
[2024-02-13T02:55:51.749+0000][7][safepoint   ] Safepoint "CollectForMetadataAllocation", Time since last: 13812159 ns, Reaching safepoint: 70190 ns, At safepoint: 155341 ns, Total: 225531 ns
[2024-02-13T02:55:51.751+0000][7][gc,marking  ] GC(12) Concurrent Mark From Roots 3.472ms
[2024-02-13T02:55:51.751+0000][7][gc,marking  ] GC(12) Concurrent Preclean
[2024-02-13T02:55:51.751+0000][7][gc,marking  ] GC(12) Concurrent Preclean 0.200ms
[2024-02-13T02:55:51.751+0000][7][gc,marking  ] GC(12) Concurrent Mark (5.114s, 5.118s) 3.760ms
[2024-02-13T02:55:51.751+0000][7][gc,start    ] GC(12) Pause Remark
[2024-02-13T02:55:51.753+0000][7][gc          ] GC(12) Pause Remark 62M->62M(512M) 1.691ms
[2024-02-13T02:55:51.753+0000][7][gc,cpu      ] GC(12) User=0.01s Sys=0.00s Real=0.00s
[2024-02-13T02:55:51.753+0000][7][safepoint   ] Safepoint "G1Concurrent", Time since last: 1872411 ns, Reaching safepoint: 153621 ns, At safepoint: 1767849 ns, Total: 1921470 ns
[2024-02-13T02:55:51.753+0000][7][gc,marking  ] GC(12) Concurrent Rebuild Remembered Sets
[2024-02-13T02:55:51.761+0000][7][gc,marking  ] GC(12) Concurrent Rebuild Remembered Sets 7.635ms
[2024-02-13T02:55:51.761+0000][7][gc,start    ] GC(12) Pause Cleanup
[2024-02-13T02:55:51.762+0000][7][gc          ] GC(12) Pause Cleanup 62M->62M(512M) 0.106ms
[2024-02-13T02:55:51.762+0000][7][gc,cpu      ] GC(12) User=0.00s Sys=0.00s Real=0.00s
[2024-02-13T02:55:51.762+0000][7][safepoint   ] Safepoint "G1Concurrent", Time since last: 7984462 ns, Reaching safepoint: 306658 ns, At safepoint: 195218 ns, Total: 501876 ns
[2024-02-13T02:55:51.762+0000][7][gc,marking  ] GC(12) Concurrent Cleanup for Next Mark
[2024-02-13T02:55:51.762+0000][7][gc,marking  ] GC(12) Concurrent Cleanup for Next Mark 0.762ms
[2024-02-13T02:55:51.762+0000][7][gc          ] GC(12) Concurrent Cycle 27.186ms
[2024-02-13T02:55:52.333+0000][7][safepoint   ] Safepoint "ICBufferFull", Time since last: 570787719 ns, Reaching safepoint: 131026 ns, At safepoint: 6277 ns, Total: 137303 ns
[2024-02-13T02:55:52.921+0000][7][safepoint   ] Safepoint "ICBufferFull", Time since last: 587885155 ns, Reaching safepoint: 222410 ns, At safepoint: 5139 ns, Total: 227549 ns
[2024-02-13T02:55:52.960+0000][7][gc,start    ] GC(13) Pause Young (Concurrent Start) (G1 Evacuation Pause)
[2024-02-13T02:55:52.960+0000][7][gc,task     ] GC(13) Using 12 workers of 13 for evacuation
[2024-02-13T02:55:52.960+0000][7][gc,age      ] GC(13) Desired survivor size 20971520 bytes, new threshold 2 (max threshold 15)
[2024-02-13T02:55:52.980+0000][7][gc,age      ] GC(13) Age table with threshold 2 (max threshold 15)
[2024-02-13T02:55:52.980+0000][7][gc,age      ] GC(13) - age   1:    6509104 bytes,    6509104 total
[2024-02-13T02:55:52.980+0000][7][gc,age      ] GC(13) - age   2:   18118808 bytes,   24627912 total
[2024-02-13T02:55:52.980+0000][7][gc,phases   ] GC(13)   Pre Evacuate Collection Set: 0.2ms
[2024-02-13T02:55:52.980+0000][7][gc,phases   ] GC(13)   Merge Heap Roots: 0.1ms
[2024-02-13T02:55:52.980+0000][7][gc,phases   ] GC(13)   Evacuate Collection Set: 18.5ms
[2024-02-13T02:55:52.980+0000][7][gc,phases   ] GC(13)   Post Evacuate Collection Set: 0.9ms
[2024-02-13T02:55:52.980+0000][7][gc,phases   ] GC(13)   Other: 0.3ms
[2024-02-13T02:55:52.980+0000][7][gc,heap     ] GC(13) Eden regions: 66->0(69)
[2024-02-13T02:55:52.980+0000][7][gc,heap     ] GC(13) Survivor regions: 10->7(10)
[2024-02-13T02:55:52.980+0000][7][gc,heap     ] GC(13) Old regions: 5->10
[2024-02-13T02:55:52.980+0000][7][gc,heap     ] GC(13) Archive regions: 2->2
[2024-02-13T02:55:52.980+0000][7][gc,heap     ] GC(13) Humongous regions: 0->0
[2024-02-13T02:55:52.980+0000][7][gc,metaspace] GC(13) Metaspace: 51931K(54832K)->51931K(54832K) NonClass: 45001K(47024K)->45001K(47024K) Class: 6930K(7808K)->6930K(7808K)
[2024-02-13T02:55:52.980+0000][7][gc          ] GC(13) Pause Young (Concurrent Start) (G1 Evacuation Pause) 324M->66M(512M) 20.070ms
[2024-02-13T02:55:52.980+0000][7][gc,cpu      ] GC(13) User=0.22s Sys=0.00s Real=0.02s
[2024-02-13T02:55:52.980+0000][7][safepoint   ] Safepoint "G1CollectForAllocation", Time since last: 39202040 ns, Reaching safepoint: 140451 ns, At safepoint: 20165431 ns, Total: 20305882 ns
[2024-02-13T02:55:52.981+0000][7][gc          ] GC(14) Concurrent Cycle
[2024-02-13T02:55:52.981+0000][7][gc,marking  ] GC(14) Concurrent Clear Claimed Marks
[2024-02-13T02:55:52.981+0000][7][gc,marking  ] GC(14) Concurrent Clear Claimed Marks 0.071ms
[2024-02-13T02:55:52.981+0000][7][gc,marking  ] GC(14) Concurrent Scan Root Regions
[2024-02-13T02:55:52.993+0000][7][gc,marking  ] GC(14) Concurrent Scan Root Regions 12.319ms
[2024-02-13T02:55:52.993+0000][7][gc,marking  ] GC(14) Concurrent Mark (6.360s)
[2024-02-13T02:55:52.993+0000][7][gc,marking  ] GC(14) Concurrent Mark From Roots
[2024-02-13T02:55:52.993+0000][7][gc,task     ] GC(14) Using 3 workers of 3 for marking
[2024-02-13T02:55:53.007+0000][7][gc,marking  ] GC(14) Concurrent Mark From Roots 13.802ms
[2024-02-13T02:55:53.007+0000][7][gc,marking  ] GC(14) Concurrent Preclean
[2024-02-13T02:55:53.007+0000][7][gc,marking  ] GC(14) Concurrent Preclean 0.254ms
[2024-02-13T02:55:53.007+0000][7][gc,marking  ] GC(14) Concurrent Mark (6.360s, 6.374s) 14.164ms
[2024-02-13T02:55:53.008+0000][7][gc,start    ] GC(14) Pause Remark
[2024-02-13T02:55:53.010+0000][7][gc          ] GC(14) Pause Remark 78M->78M(512M) 2.576ms
[2024-02-13T02:55:53.010+0000][7][gc,cpu      ] GC(14) User=0.03s Sys=0.00s Real=0.00s
[2024-02-13T02:55:53.010+0000][7][safepoint   ] Safepoint "G1Concurrent", Time since last: 27165628 ns, Reaching safepoint: 304397 ns, At safepoint: 2661319 ns, Total: 2965716 ns
[2024-02-13T02:55:53.011+0000][7][gc,marking  ] GC(14) Concurrent Rebuild Remembered Sets
[2024-02-13T02:55:53.033+0000][7][gc,marking  ] GC(14) Concurrent Rebuild Remembered Sets 22.692ms
[2024-02-13T02:55:53.034+0000][7][gc,start    ] GC(14) Pause Cleanup
[2024-02-13T02:55:53.034+0000][7][gc          ] GC(14) Pause Cleanup 88M->88M(512M) 0.155ms
[2024-02-13T02:55:53.034+0000][7][gc,cpu      ] GC(14) User=0.00s Sys=0.00s Real=0.00s
[2024-02-13T02:55:53.034+0000][7][safepoint   ] Safepoint "G1Concurrent", Time since last: 23068596 ns, Reaching safepoint: 769886 ns, At safepoint: 213957 ns, Total: 983843 ns
[2024-02-13T02:55:53.034+0000][7][gc,marking  ] GC(14) Concurrent Cleanup for Next Mark
[2024-02-13T02:55:53.036+0000][7][gc,marking  ] GC(14) Concurrent Cleanup for Next Mark 1.457ms
[2024-02-13T02:55:53.036+0000][7][gc          ] GC(14) Concurrent Cycle 55.280ms
[2024-02-13T02:55:53.308+0000][7][safepoint   ] Safepoint "ICBufferFull", Time since last: 273446648 ns, Reaching safepoint: 163045 ns, At safepoint: 5659 ns, Total: 168704 ns
[2024-02-13T02:55:54.118+0000][7][safepoint   ] Safepoint "ICBufferFull", Time since last: 809088033 ns, Reaching safepoint: 836046 ns, At safepoint: 4213 ns, Total: 840259 ns
[2024-02-13T02:55:54.706+0000][7][safepoint   ] Safepoint "ICBufferFull", Time since last: 587716837 ns, Reaching safepoint: 233152 ns, At safepoint: 7460 ns, Total: 240612 ns
[2024-02-13T02:55:54.947+0000][7][safepoint   ] Safepoint "ICBufferFull", Time since last: 241239516 ns, Reaching safepoint: 141161 ns, At safepoint: 9503 ns, Total: 150664 ns
[2024-02-13T02:55:55.094+0000][7][safepoint   ] Safepoint "ICBufferFull", Time since last: 146681868 ns, Reaching safepoint: 149920 ns, At safepoint: 5256 ns, Total: 155176 ns
[2024-02-13T02:55:55.213+0000][7][safepoint   ] Safepoint "ICBufferFull", Time since last: 119218625 ns, Reaching safepoint: 174533 ns, At safepoint: 4365 ns, Total: 178898 ns
[2024-02-13T02:55:55.336+0000][7][gc,start    ] GC(15) Pause Young (Concurrent Start) (Metadata GC Threshold)
[2024-02-13T02:55:55.336+0000][7][gc,task     ] GC(15) Using 12 workers of 13 for evacuation
[2024-02-13T02:55:55.336+0000][7][gc,age      ] GC(15) Desired survivor size 20971520 bytes, new threshold 2 (max threshold 15)
[2024-02-13T02:55:55.351+0000][7][gc,age      ] GC(15) Age table with threshold 2 (max threshold 15)
[2024-02-13T02:55:55.351+0000][7][gc,age      ] GC(15) - age   1:   13842552 bytes,   13842552 total
[2024-02-13T02:55:55.351+0000][7][gc,age      ] GC(15) - age   2:    6170904 bytes,   20013456 total
[2024-02-13T02:55:55.351+0000][7][gc,phases   ] GC(15)   Pre Evacuate Collection Set: 0.2ms
[2024-02-13T02:55:55.351+0000][7][gc,phases   ] GC(15)   Merge Heap Roots: 0.1ms
[2024-02-13T02:55:55.351+0000][7][gc,phases   ] GC(15)   Evacuate Collection Set: 13.1ms
[2024-02-13T02:55:55.351+0000][7][gc,phases   ] GC(15)   Post Evacuate Collection Set: 1.0ms
[2024-02-13T02:55:55.351+0000][7][gc,phases   ] GC(15)   Other: 0.3ms
[2024-02-13T02:55:55.351+0000][7][gc,heap     ] GC(15) Eden regions: 65->0(70)
[2024-02-13T02:55:55.351+0000][7][gc,heap     ] GC(15) Survivor regions: 7->6(10)
[2024-02-13T02:55:55.351+0000][7][gc,heap     ] GC(15) Old regions: 10->14
[2024-02-13T02:55:55.351+0000][7][gc,heap     ] GC(15) Archive regions: 2->2
[2024-02-13T02:55:55.351+0000][7][gc,heap     ] GC(15) Humongous regions: 2->2
[2024-02-13T02:55:55.351+0000][7][gc,metaspace] GC(15) Metaspace: 87334K(91388K)->87334K(91388K) NonClass: 75550K(78512K)->75550K(78512K) Class: 11784K(12876K)->11784K(12876K)
[2024-02-13T02:55:55.351+0000][7][gc          ] GC(15) Pause Young (Concurrent Start) (Metadata GC Threshold) 332M->88M(512M) 14.735ms
[2024-02-13T02:55:55.351+0000][7][gc,cpu      ] GC(15) User=0.14s Sys=0.01s Real=0.02s
[2024-02-13T02:55:55.351+0000][7][safepoint   ] Safepoint "CollectForMetadataAllocation", Time since last: 122747189 ns, Reaching safepoint: 95412 ns, At safepoint: 14961815 ns, Total: 15057227 ns
[2024-02-13T02:55:55.352+0000][7][gc          ] GC(16) Concurrent Cycle
[2024-02-13T02:55:55.352+0000][7][gc,marking  ] GC(16) Concurrent Clear Claimed Marks
[2024-02-13T02:55:55.352+0000][7][gc,marking  ] GC(16) Concurrent Clear Claimed Marks 0.075ms
[2024-02-13T02:55:55.352+0000][7][gc,marking  ] GC(16) Concurrent Scan Root Regions
[2024-02-13T02:55:55.364+0000][7][gc,marking  ] GC(16) Concurrent Scan Root Regions 12.356ms
[2024-02-13T02:55:55.364+0000][7][gc,marking  ] GC(16) Concurrent Mark (8.731s)
[2024-02-13T02:55:55.364+0000][7][gc,marking  ] GC(16) Concurrent Mark From Roots
[2024-02-13T02:55:55.364+0000][7][gc,task     ] GC(16) Using 3 workers of 3 for marking
[2024-02-13T02:55:55.367+0000][7][safepoint   ] Safepoint "CollectForMetadataAllocation", Time since last: 15725037 ns, Reaching safepoint: 103944 ns, At safepoint: 135456 ns, Total: 239400 ns
[2024-02-13T02:55:55.383+0000][7][safepoint   ] Safepoint "CollectForMetadataAllocation", Time since last: 15459160 ns, Reaching safepoint: 80462 ns, At safepoint: 144998 ns, Total: 225460 ns
[2024-02-13T02:55:55.386+0000][7][gc,marking  ] GC(16) Concurrent Mark From Roots 21.649ms
[2024-02-13T02:55:55.386+0000][7][gc,marking  ] GC(16) Concurrent Preclean
[2024-02-13T02:55:55.386+0000][7][gc,marking  ] GC(16) Concurrent Preclean 0.300ms
[2024-02-13T02:55:55.386+0000][7][gc,marking  ] GC(16) Concurrent Mark (8.731s, 8.753s) 22.037ms
[2024-02-13T02:55:55.386+0000][7][gc,start    ] GC(16) Pause Remark
[2024-02-13T02:55:55.388+0000][7][gc          ] GC(16) Pause Remark 93M->93M(512M) 1.659ms
[2024-02-13T02:55:55.388+0000][7][gc,cpu      ] GC(16) User=0.01s Sys=0.00s Real=0.01s
[2024-02-13T02:55:55.388+0000][7][safepoint   ] Safepoint "G1Concurrent", Time since last: 3277909 ns, Reaching safepoint: 73536 ns, At safepoint: 1749649 ns, Total: 1823185 ns
[2024-02-13T02:55:55.388+0000][7][gc,marking  ] GC(16) Concurrent Rebuild Remembered Sets
[2024-02-13T02:55:55.414+0000][7][gc,marking  ] GC(16) Concurrent Rebuild Remembered Sets 25.823ms
[2024-02-13T02:55:55.414+0000][7][gc,start    ] GC(16) Pause Cleanup
[2024-02-13T02:55:55.414+0000][7][gc          ] GC(16) Pause Cleanup 95M->95M(512M) 0.135ms
[2024-02-13T02:55:55.414+0000][7][gc,cpu      ] GC(16) User=0.00s Sys=0.00s Real=0.00s
[2024-02-13T02:55:55.415+0000][7][safepoint   ] Safepoint "G1Concurrent", Time since last: 25921520 ns, Reaching safepoint: 357215 ns, At safepoint: 198154 ns, Total: 555369 ns
[2024-02-13T02:55:55.415+0000][7][gc,marking  ] GC(16) Concurrent Cleanup for Next Mark
[2024-02-13T02:55:55.415+0000][7][gc,marking  ] GC(16) Concurrent Cleanup for Next Mark 0.908ms
[2024-02-13T02:55:55.415+0000][7][gc          ] GC(16) Concurrent Cycle 63.898ms
[2024-02-13T02:55:56.415+0000][7][safepoint   ] Safepoint "Cleanup", Time since last: 1000081439 ns, Reaching safepoint: 142687 ns, At safepoint: 4376 ns, Total: 147063 ns
[2024-02-13T02:55:59.415+0000][7][safepoint   ] Safepoint "Cleanup", Time since last: 3000311423 ns, Reaching safepoint: 62154 ns, At safepoint: 3520 ns, Total: 65674 ns
[2024-02-13T02:56:00.846+0000][7][safepoint   ] Safepoint "Cleanup", Time since last: 1430952356 ns, Reaching safepoint: 55425 ns, At safepoint: 3303 ns, Total: 58728 ns
[2024-02-13T02:56:02.406+0000][7][safepoint   ] Safepoint "Cleanup", Time since last: 1560261611 ns, Reaching safepoint: 96702 ns, At safepoint: 3355 ns, Total: 100057 ns
[2024-02-13T02:56:03.407+0000][7][safepoint   ] Safepoint "Cleanup", Time since last: 1000106028 ns, Reaching safepoint: 65982 ns, At safepoint: 4912 ns, Total: 70894 ns
[2024-02-13T02:56:05.407+0000][7][safepoint   ] Safepoint "Cleanup", Time since last: 2000184961 ns, Reaching safepoint: 61189 ns, At safepoint: 3941 ns, Total: 65130 ns
[2024-02-13T02:56:06.407+0000][7][safepoint   ] Safepoint "Cleanup", Time since last: 1000119528 ns, Reaching safepoint: 63179 ns, At safepoint: 3366 ns, Total: 66545 ns
[2024-02-13T02:56:13.408+0000][7][safepoint   ] Safepoint "Cleanup", Time since last: 7000474818 ns, Reaching safepoint: 69000 ns, At safepoint: 3168 ns, Total: 72168 ns
[2024-02-13T02:56:22.408+0000][7][safepoint   ] Safepoint "Cleanup", Time since last: 9000617657 ns, Reaching safepoint: 78199 ns, At safepoint: 3604 ns, Total: 81803 ns
[2024-02-13T02:56:24.409+0000][7][safepoint   ] Safepoint "Cleanup", Time since last: 2000184078 ns, Reaching safepoint: 131521 ns, At safepoint: 7911 ns, Total: 139432 ns
[2024-02-13T02:56:25.409+0000][7][safepoint   ] Safepoint "Cleanup", Time since last: 1000118779 ns, Reaching safepoint: 65432 ns, At safepoint: 2034 ns, Total: 67466 ns
[2024-02-13T02:56:27.409+0000][7][safepoint   ] Safepoint "Cleanup", Time since last: 2000249043 ns, Reaching safepoint: 76878 ns, At safepoint: 3217 ns, Total: 80095 ns
[2024-02-13T02:56:28.409+0000][7][safepoint   ] Safepoint "Cleanup", Time since last: 1000123039 ns, Reaching safepoint: 69445 ns, At safepoint: 3233 ns, Total: 72678 ns
[2024-02-13T02:56:32.410+0000][7][safepoint   ] Safepoint "Cleanup", Time since last: 4000275560 ns, Reaching safepoint: 77814 ns, At safepoint: 3422 ns, Total: 81236 ns
[2024-02-13T02:56:36.410+0000][7][safepoint   ] Safepoint "Cleanup", Time since last: 4000300245 ns, Reaching safepoint: 85392 ns, At safepoint: 3304 ns, Total: 88696 ns
[2024-02-13T02:56:38.410+0000][7][safepoint   ] Safepoint "Cleanup", Time since last: 2000182835 ns, Reaching safepoint: 95219 ns, At safepoint: 3595 ns, Total: 98814 ns
[2024-02-13T02:56:44.411+0000][7][safepoint   ] Safepoint "Cleanup", Time since last: 6000424177 ns, Reaching safepoint: 87274 ns, At safepoint: 3190 ns, Total: 90464 ns
[2024-02-13T02:56:48.411+0000][7][safepoint   ] Safepoint "Cleanup", Time since last: 4000301213 ns, Reaching safepoint: 66484 ns, At safepoint: 8280 ns, Total: 74764 ns
[2024-02-13T02:56:50.412+0000][7][safepoint   ] Safepoint "Cleanup", Time since last: 2000187908 ns, Reaching safepoint: 67235 ns, At safepoint: 3583 ns, Total: 70818 ns
[2024-02-13T02:56:51.412+0000][7][safepoint   ] Safepoint "Cleanup", Time since last: 1000129590 ns, Reaching safepoint: 75322 ns, At safepoint: 3139 ns, Total: 78461 ns
[2024-02-13T02:56:52.412+0000][7][safepoint   ] Safepoint "Cleanup", Time since last: 1000113595 ns, Reaching safepoint: 63082 ns, At safepoint: 3668 ns, Total: 66750 ns
[2024-02-13T02:56:53.412+0000][7][safepoint   ] Safepoint "Cleanup", Time since last: 1000126647 ns, Reaching safepoint: 61258 ns, At safepoint: 3555 ns, Total: 64813 ns
[2024-02-13T02:56:54.412+0000][7][safepoint   ] Safepoint "Cleanup", Time since last: 1000120999 ns, Reaching safepoint: 63830 ns, At safepoint: 3179 ns, Total: 67009 ns
[2024-02-13T02:56:55.413+0000][7][safepoint   ] Safepoint "Cleanup", Time since last: 1000135815 ns, Reaching safepoint: 65572 ns, At safepoint: 3262 ns, Total: 68834 ns
[2024-02-13T02:56:56.413+0000][7][safepoint   ] Safepoint "Cleanup", Time since last: 1000127020 ns, Reaching safepoint: 64882 ns, At safepoint: 3488 ns, Total: 68370 ns
[2024-02-13T02:56:57.413+0000][7][safepoint   ] Safepoint "Cleanup", Time since last: 1000124696 ns, Reaching safepoint: 62443 ns, At safepoint: 3582 ns, Total: 66025 ns
[2024-02-13T02:57:00.413+0000][7][safepoint   ] Safepoint "Cleanup", Time since last: 3000247493 ns, Reaching safepoint: 63378 ns, At safepoint: 3310 ns, Total: 66688 ns
[2024-02-13T02:57:08.414+0000][7][safepoint   ] Safepoint "Cleanup", Time since last: 8000552583 ns, Reaching safepoint: 67058 ns, At safepoint: 3569 ns, Total: 70627 ns
[2024-02-13T02:57:16.414+0000][7][safepoint   ] Safepoint "Cleanup", Time since last: 8000556804 ns, Reaching safepoint: 65014 ns, At safepoint: 3499 ns, Total: 68513 ns
[2024-02-13T02:57:20.415+0000][7][safepoint   ] Safepoint "Cleanup", Time since last: 4000313262 ns, Reaching safepoint: 67267 ns, At safepoint: 3340 ns, Total: 70607 ns
[2024-02-13T02:57:25.415+0000][7][safepoint   ] Safepoint "Cleanup", Time since last: 5000368136 ns, Reaching safepoint: 65021 ns, At safepoint: 3200 ns, Total: 68221 ns
[2024-02-13T02:57:32.416+0000][7][safepoint   ] Safepoint "Cleanup", Time since last: 7000554563 ns, Reaching safepoint: 66925 ns, At safepoint: 3286 ns, Total: 70211 ns
[2024-02-13T02:57:38.416+0000][7][safepoint   ] Safepoint "Cleanup", Time since last: 6000428578 ns, Reaching safepoint: 70073 ns, At safepoint: 3538 ns, Total: 73611 ns
[2024-02-13T02:57:48.417+0000][7][safepoint   ] Safepoint "Cleanup", Time since last: 10000675997 ns, Reaching safepoint: 78370 ns, At safepoint: 3892 ns, Total: 82262 ns
[2024-02-13T02:57:55.418+0000][7][safepoint   ] Safepoint "Cleanup", Time since last: 7000490616 ns, Reaching safepoint: 82703 ns, At safepoint: 5067 ns, Total: 87770 ns
[2024-02-13T02:58:01.418+0000][7][safepoint   ] Safepoint "Cleanup", Time since last: 6000482483 ns, Reaching safepoint: 98193 ns, At safepoint: 3545 ns, Total: 101738 ns
[2024-02-13T02:58:02.419+0000][7][safepoint   ] Safepoint "Cleanup", Time since last: 1000127599 ns, Reaching safepoint: 74094 ns, At safepoint: 5241 ns, Total: 79335 ns
[2024-02-13T02:58:19.420+0000][7][safepoint   ] Safepoint "Cleanup", Time since last: 17001110828 ns, Reaching safepoint: 70171 ns, At safepoint: 3379 ns, Total: 73550 ns
[2024-02-13T02:58:25.420+0000][7][safepoint   ] Safepoint "Cleanup", Time since last: 6000429301 ns, Reaching safepoint: 86549 ns, At safepoint: 2216 ns, Total: 88765 ns
[2024-02-13T02:58:28.421+0000][7][safepoint   ] Safepoint "Cleanup", Time since last: 3000302378 ns, Reaching safepoint: 72817 ns, At safepoint: 8031 ns, Total: 80848 ns
[2024-02-13T02:58:32.421+0000][7][safepoint   ] Safepoint "Cleanup", Time since last: 4000286221 ns, Reaching safepoint: 70527 ns, At safepoint: 3771 ns, Total: 74298 ns
[2024-02-13T02:58:51.422+0000][7][safepoint   ] Safepoint "Cleanup", Time since last: 19001188009 ns, Reaching safepoint: 65127 ns, At safepoint: 3404 ns, Total: 68531 ns
[2024-02-13T02:58:55.423+0000][7][safepoint   ] Safepoint "Cleanup", Time since last: 4000308798 ns, Reaching safepoint: 71823 ns, At safepoint: 3579 ns, Total: 75402 ns
[2024-02-13T02:58:58.423+0000][7][safepoint   ] Safepoint "Cleanup", Time since last: 3000313997 ns, Reaching safepoint: 68341 ns, At safepoint: 3403 ns, Total: 71744 ns
[2024-02-13T02:59:06.424+0000][7][safepoint   ] Safepoint "Cleanup", Time since last: 8000570552 ns, Reaching safepoint: 70758 ns, At safepoint: 3424 ns, Total: 74182 ns
[2024-02-13T02:59:19.425+0000][7][safepoint   ] Safepoint "Cleanup", Time since last: 13000847370 ns, Reaching safepoint: 76321 ns, At safepoint: 4881 ns, Total: 81202 ns
[2024-02-13T02:59:25.425+0000][7][safepoint   ] Safepoint "Cleanup", Time since last: 6000428322 ns, Reaching safepoint: 69707 ns, At safepoint: 3408 ns, Total: 73115 ns
[2024-02-13T02:59:38.426+0000][7][safepoint   ] Safepoint "Cleanup", Time since last: 13000918230 ns, Reaching safepoint: 70133 ns, At safepoint: 3484 ns, Total: 73617 ns
[2024-02-13T02:59:55.427+0000][7][safepoint   ] Safepoint "Cleanup", Time since last: 17001031690 ns, Reaching safepoint: 64849 ns, At safepoint: 3080 ns, Total: 67929 ns
[2024-02-13T03:00:08.428+0000][7][safepoint   ] Safepoint "Cleanup", Time since last: 13000922028 ns, Reaching safepoint: 66901 ns, At safepoint: 3705 ns, Total: 70606 ns
[2024-02-13T03:00:18.429+0000][7][safepoint   ] Safepoint "Cleanup", Time since last: 10000668075 ns, Reaching safepoint: 66444 ns, At safepoint: 3452 ns, Total: 69896 ns
[2024-02-13T03:00:32.430+0000][7][safepoint   ] Safepoint "Cleanup", Time since last: 14000913787 ns, Reaching safepoint: 70551 ns, At safepoint: 2289 ns, Total: 72840 ns
[2024-02-13T03:01:09.432+0000][7][safepoint   ] Safepoint "Cleanup", Time since last: 37002383498 ns, Reaching safepoint: 70305 ns, At safepoint: 5226 ns, Total: 75531 ns
[2024-02-13T03:01:15.433+0000][7][safepoint   ] Safepoint "Cleanup", Time since last: 6000469064 ns, Reaching safepoint: 69123 ns, At safepoint: 3284 ns, Total: 72407 ns
[2024-02-13T03:01:21.433+0000][7][safepoint   ] Safepoint "Cleanup", Time since last: 6000367948 ns, Reaching safepoint: 72463 ns, At safepoint: 3190 ns, Total: 75653 ns
[2024-02-13T03:01:22.434+0000][7][safepoint   ] Safepoint "Cleanup", Time since last: 1000122174 ns, Reaching safepoint: 82348 ns, At safepoint: 8334 ns, Total: 90682 ns
[2024-02-13T03:01:25.434+0000][7][safepoint   ] Safepoint "Cleanup", Time since last: 3000250820 ns, Reaching safepoint: 65887 ns, At safepoint: 4882 ns, Total: 70769 ns
[2024-02-13T03:01:32.435+0000][7][safepoint   ] Safepoint "Cleanup", Time since last: 7000535250 ns, Reaching safepoint: 88378 ns, At safepoint: 3136 ns, Total: 91514 ns
[2024-02-13T03:01:40.435+0000][7][safepoint   ] Safepoint "Cleanup", Time since last: 8000553457 ns, Reaching safepoint: 95916 ns, At safepoint: 3394 ns, Total: 99310 ns
[2024-02-13T03:01:55.436+0000][7][safepoint   ] Safepoint "Cleanup", Time since last: 15000955077 ns, Reaching safepoint: 70924 ns, At safepoint: 3398 ns, Total: 74322 ns
[2024-02-13T03:02:25.438+0000][7][safepoint   ] Safepoint "Cleanup", Time since last: 30001934180 ns, Reaching safepoint: 81088 ns, At safepoint: 3403 ns, Total: 84491 ns
[2024-02-13T03:02:55.440+0000][7][safepoint   ] Safepoint "Cleanup", Time since last: 30001879051 ns, Reaching safepoint: 82996 ns, At safepoint: 3286 ns, Total: 86282 ns
[2024-02-13T03:03:03.441+0000][7][safepoint   ] Safepoint "Cleanup", Time since last: 8000536726 ns, Reaching safepoint: 68110 ns, At safepoint: 5305 ns, Total: 73415 ns
[2024-02-13T03:03:25.442+0000][7][safepoint   ] Safepoint "Cleanup", Time since last: 22001405731 ns, Reaching safepoint: 77788 ns, At safepoint: 3893 ns, Total: 81681 ns
[2024-02-13T03:03:37.443+0000][7][safepoint   ] Safepoint "Cleanup", Time since last: 12000784427 ns, Reaching safepoint: 68633 ns, At safepoint: 3687 ns, Total: 72320 ns
[2024-02-13T03:03:55.444+0000][7][safepoint   ] Safepoint "Cleanup", Time since last: 18001067001 ns, Reaching safepoint: 70632 ns, At safepoint: 3405 ns, Total: 74037 ns
[2024-02-13T03:04:01.445+0000][7][safepoint   ] Safepoint "Cleanup", Time since last: 6000501783 ns, Reaching safepoint: 77831 ns, At safepoint: 3687 ns, Total: 81518 ns
[2024-02-13T03:04:55.448+0000][7][safepoint   ] Safepoint "Cleanup", Time since last: 54003198127 ns, Reaching safepoint: 72964 ns, At safepoint: 3329 ns, Total: 76293 ns
[2024-02-13T03:05:13.449+0000][7][safepoint   ] Safepoint "Cleanup", Time since last: 18001218930 ns, Reaching safepoint: 75514 ns, At safepoint: 5258 ns, Total: 80772 ns
[2024-02-13T03:05:25.450+0000][7][safepoint   ] Safepoint "Cleanup", Time since last: 12000774744 ns, Reaching safepoint: 69283 ns, At safepoint: 3171 ns, Total: 72454 ns
[2024-02-13T03:05:47.452+0000][7][safepoint   ] Safepoint "Cleanup", Time since last: 22001428599 ns, Reaching safepoint: 80034 ns, At safepoint: 3693 ns, Total: 83727 ns
[2024-02-13T03:05:55.452+0000][7][safepoint   ] Safepoint "Cleanup", Time since last: 8000561244 ns, Reaching safepoint: 76213 ns, At safepoint: 3516 ns, Total: 79729 ns
[2024-02-13T03:06:00.453+0000][7][safepoint   ] Safepoint "Cleanup", Time since last: 5000367853 ns, Reaching safepoint: 102735 ns, At safepoint: 4144 ns, Total: 106879 ns
[2024-02-13T03:06:45.456+0000][7][safepoint   ] Safepoint "Cleanup", Time since last: 45002807170 ns, Reaching safepoint: 87078 ns, At safepoint: 3714 ns, Total: 90792 ns
[2024-02-13T03:06:46.456+0000][7][safepoint   ] Safepoint "Cleanup", Time since last: 1000117330 ns, Reaching safepoint: 72128 ns, At safepoint: 3309 ns, Total: 75437 ns
[2024-02-13T03:07:05.457+0000][7][safepoint   ] Safepoint "Cleanup", Time since last: 19001175792 ns, Reaching safepoint: 92530 ns, At safepoint: 3361 ns, Total: 95891 ns
[2024-02-13T03:07:15.458+0000][7][safepoint   ] Safepoint "Cleanup", Time since last: 10000664522 ns, Reaching safepoint: 76069 ns, At safepoint: 3424 ns, Total: 79493 ns
[2024-02-13T03:07:34.459+0000][7][safepoint   ] Safepoint "Cleanup", Time since last: 19001185017 ns, Reaching safepoint: 90592 ns, At safepoint: 3705 ns, Total: 94297 ns
[2024-02-13T03:07:39.460+0000][7][safepoint   ] Safepoint "Cleanup", Time since last: 5000298031 ns, Reaching safepoint: 72901 ns, At safepoint: 3385 ns, Total: 76286 ns
[2024-02-13T03:08:25.463+0000][7][safepoint   ] Safepoint "Cleanup", Time since last: 46002787285 ns, Reaching safepoint: 90271 ns, At safepoint: 3814 ns, Total: 94085 ns
[2024-02-13T03:09:27.466+0000][7][safepoint   ] Safepoint "Cleanup", Time since last: 62003651007 ns, Reaching safepoint: 95732 ns, At safepoint: 3182 ns, Total: 98914 ns
[2024-02-13T03:09:33.467+0000][7][safepoint   ] Safepoint "Cleanup", Time since last: 6000409008 ns, Reaching safepoint: 87019 ns, At safepoint: 6099 ns, Total: 93118 ns
[2024-02-13T03:09:48.468+0000][7][safepoint   ] Safepoint "Cleanup", Time since last: 15000906704 ns, Reaching safepoint: 75004 ns, At safepoint: 5653 ns, Total: 80657 ns
[2024-02-13T03:09:58.469+0000][7][safepoint   ] Safepoint "Cleanup", Time since last: 10000666203 ns, Reaching safepoint: 99480 ns, At safepoint: 3326 ns, Total: 102806 ns
[2024-02-13T03:10:25.470+0000][7][safepoint   ] Safepoint "Cleanup", Time since last: 27001631547 ns, Reaching safepoint: 73117 ns, At safepoint: 3455 ns, Total: 76572 ns
[2024-02-13T03:10:55.472+0000][7][safepoint   ] Safepoint "Cleanup", Time since last: 30001879267 ns, Reaching safepoint: 73047 ns, At safepoint: 3332 ns, Total: 76379 ns
[2024-02-13T03:11:55.476+0000][7][safepoint   ] Safepoint "Cleanup", Time since last: 60003689872 ns, Reaching safepoint: 83777 ns, At safepoint: 3624 ns, Total: 87401 ns
[2024-02-13T03:12:09.477+0000][7][safepoint   ] Safepoint "Cleanup", Time since last: 14000895614 ns, Reaching safepoint: 96841 ns, At safepoint: 4109 ns, Total: 100950 ns
[2024-02-13T03:12:13.477+0000][7][safepoint   ] Safepoint "Cleanup", Time since last: 4000295669 ns, Reaching safepoint: 71597 ns, At safepoint: 3561 ns, Total: 75158 ns
[2024-02-13T03:12:25.478+0000][7][safepoint   ] Safepoint "Cleanup", Time since last: 12000777740 ns, Reaching safepoint: 69365 ns, At safepoint: 3363 ns, Total: 72728 ns
[2024-02-13T03:12:58.480+0000][7][safepoint   ] Safepoint "Cleanup", Time since last: 33002024572 ns, Reaching safepoint: 80707 ns, At safepoint: 3357 ns, Total: 84064 ns
[2024-02-13T03:14:55.487+0000][7][safepoint   ] Safepoint "Cleanup", Time since last: 117007052001 ns, Reaching safepoint: 80470 ns, At safepoint: 3984 ns, Total: 84454 ns
[2024-02-13T03:15:08.488+0000][7][safepoint   ] Safepoint "Cleanup", Time since last: 13000856361 ns, Reaching safepoint: 92210 ns, At safepoint: 3458 ns, Total: 95668 ns
[2024-02-13T03:16:25.493+0000][7][safepoint   ] Safepoint "Cleanup", Time since last: 77004709495 ns, Reaching safepoint: 88400 ns, At safepoint: 5594 ns, Total: 93994 ns
[2024-02-13T03:16:37.494+0000][7][safepoint   ] Safepoint "Cleanup", Time since last: 12000801771 ns, Reaching safepoint: 90260 ns, At safepoint: 4779 ns, Total: 95039 ns
[2024-02-13T03:16:55.495+0000][7][safepoint   ] Safepoint "Cleanup", Time since last: 18001162642 ns, Reaching safepoint: 72061 ns, At safepoint: 3416 ns, Total: 75477 ns
[2024-02-13T03:17:55.499+0000][7][safepoint   ] Safepoint "Cleanup", Time since last: 60003546659 ns, Reaching safepoint: 85975 ns, At safepoint: 3615 ns, Total: 89590 ns
[2024-02-13T03:19:18.504+0000][7][safepoint   ] Safepoint "Cleanup", Time since last: 83004964129 ns, Reaching safepoint: 83694 ns, At safepoint: 3157 ns, Total: 86851 ns
[2024-02-13T03:19:25.505+0000][7][safepoint   ] Safepoint "Cleanup", Time since last: 7000478089 ns, Reaching safepoint: 76621 ns, At safepoint: 5482 ns, Total: 82103 ns
[2024-02-13T03:19:55.507+0000][7][safepoint   ] Safepoint "Cleanup", Time since last: 30001833621 ns, Reaching safepoint: 79464 ns, At safepoint: 3613 ns, Total: 83077 ns
[2024-02-13T03:20:08.507+0000][7][safepoint   ] Safepoint "Cleanup", Time since last: 13000852536 ns, Reaching safepoint: 86778 ns, At safepoint: 3468 ns, Total: 90246 ns
[2024-02-13T03:20:23.508+0000][7][safepoint   ] Safepoint "Cleanup", Time since last: 15000941295 ns, Reaching safepoint: 70790 ns, At safepoint: 5592 ns, Total: 76382 ns
[2024-02-13T03:20:25.509+0000][7][safepoint   ] Safepoint "Cleanup", Time since last: 2000187232 ns, Reaching safepoint: 75118 ns, At safepoint: 3337 ns, Total: 78455 ns
[2024-02-13T03:20:38.510+0000][7][safepoint   ] Safepoint "Cleanup", Time since last: 13000841731 ns, Reaching safepoint: 88700 ns, At safepoint: 3125 ns, Total: 91825 ns
[2024-02-13T03:20:55.511+0000][7][safepoint   ] Safepoint "Cleanup", Time since last: 17001074479 ns, Reaching safepoint: 72892 ns, At safepoint: 5203 ns, Total: 78095 ns
[2024-02-13T03:21:25.513+0000][7][safepoint   ] Safepoint "Cleanup", Time since last: 30001878946 ns, Reaching safepoint: 97874 ns, At safepoint: 3424 ns, Total: 101298 ns
[2024-02-13T03:21:55.515+0000][7][safepoint   ] Safepoint "Cleanup", Time since last: 30001864770 ns, Reaching safepoint: 95691 ns, At safepoint: 6061 ns, Total: 101752 ns
[2024-02-13T03:22:25.517+0000][7][safepoint   ] Safepoint "Cleanup", Time since last: 30001866513 ns, Reaching safepoint: 121189 ns, At safepoint: 10436 ns, Total: 131625 ns
[2024-02-13T03:22:52.518+0000][7][safepoint   ] Safepoint "Cleanup", Time since last: 27001572707 ns, Reaching safepoint: 83112 ns, At safepoint: 3700 ns, Total: 86812 ns
[2024-02-13T03:22:55.519+0000][7][safepoint   ] Safepoint "Cleanup", Time since last: 3000239943 ns, Reaching safepoint: 100316 ns, At safepoint: 5644 ns, Total: 105960 ns
[2024-02-13T03:23:12.520+0000][7][safepoint   ] Safepoint "Cleanup", Time since last: 17001086998 ns, Reaching safepoint: 85437 ns, At safepoint: 5586 ns, Total: 91023 ns
[2024-02-13T03:23:25.521+0000][7][safepoint   ] Safepoint "Cleanup", Time since last: 13000826634 ns, Reaching safepoint: 72955 ns, At safepoint: 5132 ns, Total: 78087 ns
[2024-02-13T03:24:25.525+0000][7][safepoint   ] Safepoint "Cleanup", Time since last: 60003600945 ns, Reaching safepoint: 117672 ns, At safepoint: 9601 ns, Total: 127273 ns
[2024-02-13T03:24:55.527+0000][7][safepoint   ] Safepoint "Cleanup", Time since last: 30001850389 ns, Reaching safepoint: 82780 ns, At safepoint: 3396 ns, Total: 86176 ns
[2024-02-13T03:25:25.528+0000][7][safepoint   ] Safepoint "Cleanup", Time since last: 30001825481 ns, Reaching safepoint: 81554 ns, At safepoint: 3309 ns, Total: 84863 ns
[2024-02-13T03:26:05.531+0000][7][safepoint   ] Safepoint "Cleanup", Time since last: 40002411438 ns, Reaching safepoint: 89672 ns, At safepoint: 3572 ns, Total: 93244 ns
[2024-02-13T03:26:25.532+0000][7][safepoint   ] Safepoint "Cleanup", Time since last: 20001248545 ns, Reaching safepoint: 107459 ns, At safepoint: 3649 ns, Total: 111108 ns
[2024-02-13T03:26:29.533+0000][7][safepoint   ] Safepoint "Cleanup", Time since last: 4000290691 ns, Reaching safepoint: 92127 ns, At safepoint: 3711 ns, Total: 95838 ns
[2024-02-13T03:26:55.534+0000][7][safepoint   ] Safepoint "Cleanup", Time since last: 26001598015 ns, Reaching safepoint: 105918 ns, At safepoint: 3665 ns, Total: 109583 ns
[2024-02-13T03:27:25.536+0000][7][safepoint   ] Safepoint "Cleanup", Time since last: 30001803413 ns, Reaching safepoint: 85640 ns, At safepoint: 3296 ns, Total: 88936 ns
[2024-02-13T03:27:55.538+0000][7][safepoint   ] Safepoint "Cleanup", Time since last: 30001875934 ns, Reaching safepoint: 116309 ns, At safepoint: 3292 ns, Total: 119601 ns
[2024-02-13T03:28:48.542+0000][7][safepoint   ] Safepoint "Cleanup", Time since last: 53003280941 ns, Reaching safepoint: 88368 ns, At safepoint: 3452 ns, Total: 91820 ns
[2024-02-13T03:30:44.549+0000][7][safepoint   ] Safepoint "Cleanup", Time since last: 116006875912 ns, Reaching safepoint: 104086 ns, At safepoint: 4392 ns, Total: 108478 ns
[2024-02-13T03:30:45.549+0000][7][safepoint   ] Safepoint "Cleanup", Time since last: 1000122017 ns, Reaching safepoint: 71536 ns, At safepoint: 3685 ns, Total: 75221 ns
[2024-02-13T03:31:23.551+0000][7][safepoint   ] Safepoint "Cleanup", Time since last: 38002336360 ns, Reaching safepoint: 83749 ns, At safepoint: 3379 ns, Total: 87128 ns
[2024-02-13T03:31:28.552+0000][7][safepoint   ] Safepoint "Cleanup", Time since last: 5000332774 ns, Reaching safepoint: 84313 ns, At safepoint: 5931 ns, Total: 90244 ns
[2024-02-13T03:31:47.553+0000][7][safepoint   ] Safepoint "Cleanup", Time since last: 19001225591 ns, Reaching safepoint: 79393 ns, At safepoint: 3835 ns, Total: 83228 ns
[2024-02-13T03:33:55.561+0000][7][safepoint   ] Safepoint "Cleanup", Time since last: 128007583613 ns, Reaching safepoint: 95025 ns, At safepoint: 2603 ns, Total: 97628 ns
[2024-02-13T03:35:58.568+0000][7][safepoint   ] Safepoint "Cleanup", Time since last: 123007237895 ns, Reaching safepoint: 114367 ns, At safepoint: 3495 ns, Total: 117862 ns
[2024-02-13T03:38:43.578+0000][7][safepoint   ] Safepoint "Cleanup", Time since last: 165009931465 ns, Reaching safepoint: 86661 ns, At safepoint: 3409 ns, Total: 90070 ns
[2024-02-13T03:38:45.578+0000][7][safepoint   ] Safepoint "Cleanup", Time since last: 2000185749 ns, Reaching safepoint: 73889 ns, At safepoint: 3333 ns, Total: 77222 ns
[2024-02-13T03:38:55.579+0000][7][safepoint   ] Safepoint "Cleanup", Time since last: 10000629861 ns, Reaching safepoint: 72637 ns, At safepoint: 3525 ns, Total: 76162 ns
[2024-02-13T03:40:31.585+0000][7][safepoint   ] Safepoint "Cleanup", Time since last: 96005741897 ns, Reaching safepoint: 90222 ns, At safepoint: 4102 ns, Total: 94324 ns
[2024-02-13T03:40:40.586+0000][7][safepoint   ] Safepoint "Cleanup", Time since last: 9000600014 ns, Reaching safepoint: 74725 ns, At safepoint: 4099 ns, Total: 78824 ns
[2024-02-13T03:41:05.587+0000][7][safepoint   ] Safepoint "Cleanup", Time since last: 25001570828 ns, Reaching safepoint: 90085 ns, At safepoint: 3553 ns, Total: 93638 ns
[2024-02-13T03:41:25.588+0000][7][safepoint   ] Safepoint "Cleanup", Time since last: 20001208962 ns, Reaching safepoint: 73087 ns, At safepoint: 3258 ns, Total: 76345 ns
[2024-02-13T03:43:55.597+0000][7][safepoint   ] Safepoint "Cleanup", Time since last: 150008821380 ns, Reaching safepoint: 85533 ns, At safepoint: 3057 ns, Total: 88590 ns
[2024-02-13T03:44:25.599+0000][7][safepoint   ] Safepoint "Cleanup", Time since last: 30001804922 ns, Reaching safepoint: 79010 ns, At safepoint: 6245 ns, Total: 85255 ns
[2024-02-13T03:45:18.603+0000][7][safepoint   ] Safepoint "Cleanup", Time since last: 53003235776 ns, Reaching safepoint: 122675 ns, At safepoint: 3821 ns, Total: 126496 ns
[2024-02-13T03:48:25.614+0000][7][safepoint   ] Safepoint "Cleanup", Time since last: 187011035417 ns, Reaching safepoint: 81018 ns, At safepoint: 5698 ns, Total: 86716 ns
[2024-02-13T03:48:30.614+0000][7][safepoint   ] Safepoint "Cleanup", Time since last: 5000344992 ns, Reaching safepoint: 72905 ns, At safepoint: 5330 ns, Total: 78235 ns
[2024-02-13T03:53:53.633+0000][7][safepoint   ] Safepoint "Cleanup", Time since last: 323019114703 ns, Reaching safepoint: 85927 ns, At safepoint: 2887 ns, Total: 88814 ns
[2024-02-13T03:54:25.635+0000][7][safepoint   ] Safepoint "Cleanup", Time since last: 32001966916 ns, Reaching safepoint: 88255 ns, At safepoint: 5388 ns, Total: 93643 ns
[2024-02-13T03:54:55.637+0000][7][safepoint   ] Safepoint "Cleanup", Time since last: 30001801512 ns, Reaching safepoint: 116260 ns, At safepoint: 4181 ns, Total: 120441 ns
[2024-02-13T03:55:55.641+0000][7][safepoint   ] Safepoint "Cleanup", Time since last: 60003613675 ns, Reaching safepoint: 85384 ns, At safepoint: 3457 ns, Total: 88841 ns
[2024-02-13T03:57:55.648+0000][7][safepoint   ] Safepoint "Cleanup", Time since last: 120007062858 ns, Reaching safepoint: 86352 ns, At safepoint: 7495 ns, Total: 93847 ns
[2024-02-13T03:59:25.654+0000][7][safepoint   ] Safepoint "Cleanup", Time since last: 90005351533 ns, Reaching safepoint: 95192 ns, At safepoint: 2840 ns, Total: 98032 ns
[2024-02-13T03:59:55.656+0000][7][safepoint   ] Safepoint "Cleanup", Time since last: 30001885224 ns, Reaching safepoint: 95384 ns, At safepoint: 3253 ns, Total: 98637 ns
[2024-02-13T04:00:03.656+0000][7][safepoint   ] Safepoint "Cleanup", Time since last: 8000549910 ns, Reaching safepoint: 70183 ns, At safepoint: 3462 ns, Total: 73645 ns
[2024-02-13T04:00:04.657+0000][7][safepoint   ] Safepoint "Cleanup", Time since last: 1000130039 ns, Reaching safepoint: 66920 ns, At safepoint: 4001 ns, Total: 70921 ns
[2024-02-13T04:03:40.669+0000][7][safepoint   ] Safepoint "Cleanup", Time since last: 216012675922 ns, Reaching safepoint: 86210 ns, At safepoint: 3006 ns, Total: 89216 ns
[2024-02-13T04:04:51.674+0000][7][safepoint   ] Safepoint "Cleanup", Time since last: 71004195962 ns, Reaching safepoint: 83464 ns, At safepoint: 3461 ns, Total: 86925 ns
[2024-02-13T04:05:55.677+0000][7][safepoint   ] Safepoint "Cleanup", Time since last: 64003819358 ns, Reaching safepoint: 82101 ns, At safepoint: 3239 ns, Total: 85340 ns
[2024-02-13T04:06:58.681+0000][7][safepoint   ] Safepoint "Cleanup", Time since last: 63003772618 ns, Reaching safepoint: 88817 ns, At safepoint: 4082 ns, Total: 92899 ns
[2024-02-13T04:07:55.685+0000][7][safepoint   ] Safepoint "Cleanup", Time since last: 57003382268 ns, Reaching safepoint: 88627 ns, At safepoint: 3739 ns, Total: 92366 ns
[2024-02-13T04:10:55.696+0000][7][safepoint   ] Safepoint "Cleanup", Time since last: 180010756511 ns, Reaching safepoint: 100301 ns, At safepoint: 7022 ns, Total: 107323 ns
[2024-02-13T04:12:25.701+0000][7][safepoint   ] Safepoint "Cleanup", Time since last: 90005320177 ns, Reaching safepoint: 92226 ns, At safepoint: 3765 ns, Total: 95991 ns
[2024-02-13T04:12:55.703+0000][7][safepoint   ] Safepoint "Cleanup", Time since last: 30001821591 ns, Reaching safepoint: 87597 ns, At safepoint: 3225 ns, Total: 90822 ns
[2024-02-13T04:14:25.709+0000][7][safepoint   ] Safepoint "Cleanup", Time since last: 90005433352 ns, Reaching safepoint: 94056 ns, At safepoint: 10001 ns, Total: 104057 ns
[2024-02-13T04:15:55.714+0000][7][safepoint   ] Safepoint "Cleanup", Time since last: 90005392179 ns, Reaching safepoint: 78594 ns, At safepoint: 3411 ns, Total: 82005 ns
[2024-02-13T04:16:23.716+0000][7][safepoint   ] Safepoint "Cleanup", Time since last: 28001715415 ns, Reaching safepoint: 83119 ns, At safepoint: 9443 ns, Total: 92562 ns
[2024-02-13T04:16:25.716+0000][7][safepoint   ] Safepoint "Cleanup", Time since last: 2000183682 ns, Reaching safepoint: 75894 ns, At safepoint: 3314 ns, Total: 79208 ns
[2024-02-13T04:17:48.721+0000][7][safepoint   ] Safepoint "Cleanup", Time since last: 83004956637 ns, Reaching safepoint: 86332 ns, At safepoint: 3709 ns, Total: 90041 ns
[2024-02-13T04:24:25.743+0000][7][safepoint   ] Safepoint "Cleanup", Time since last: 397021890878 ns, Reaching safepoint: 85242 ns, At safepoint: 3797 ns, Total: 89039 ns
[2024-02-13T04:24:55.744+0000][7][safepoint   ] Safepoint "Cleanup", Time since last: 30000982525 ns, Reaching safepoint: 84606 ns, At safepoint: 3582 ns, Total: 88188 ns
[2024-02-13T04:26:25.748+0000][7][safepoint   ] Safepoint "Cleanup", Time since last: 90003737584 ns, Reaching safepoint: 89714 ns, At safepoint: 10354 ns, Total: 100068 ns
[2024-02-13T04:27:40.753+0000][7][safepoint   ] Safepoint "Cleanup", Time since last: 75004475410 ns, Reaching safepoint: 82341 ns, At safepoint: 3530 ns, Total: 85871 ns
[2024-02-13T04:28:25.755+0000][7][safepoint   ] Safepoint "Cleanup", Time since last: 45002624487 ns, Reaching safepoint: 82185 ns, At safepoint: 3787 ns, Total: 85972 ns
[2024-02-13T04:32:55.773+0000][7][safepoint   ] Safepoint "Cleanup", Time since last: 270017196604 ns, Reaching safepoint: 91603 ns, At safepoint: 6065 ns, Total: 97668 ns
[2024-02-13T04:33:55.776+0000][7][safepoint   ] Safepoint "Cleanup", Time since last: 60003622053 ns, Reaching safepoint: 115660 ns, At safepoint: 2080 ns, Total: 117740 ns
[2024-02-13T04:35:25.782+0000][7][safepoint   ] Safepoint "Cleanup", Time since last: 90005348055 ns, Reaching safepoint: 86683 ns, At safepoint: 3212 ns, Total: 89895 ns
[2024-02-13T04:35:55.784+0000][7][safepoint   ] Safepoint "Cleanup", Time since last: 30001814557 ns, Reaching safepoint: 91866 ns, At safepoint: 3818 ns, Total: 95684 ns
[2024-02-13T04:36:25.786+0000][7][safepoint   ] Safepoint "Cleanup", Time since last: 30001824287 ns, Reaching safepoint: 84914 ns, At safepoint: 3102 ns, Total: 88016 ns
[2024-02-13T04:36:50.787+0000][7][safepoint   ] Safepoint "Cleanup", Time since last: 25001532562 ns, Reaching safepoint: 72776 ns, At safepoint: 3632 ns, Total: 76408 ns
[2024-02-13T04:40:11.799+0000][7][safepoint   ] Safepoint "Cleanup", Time since last: 201011875236 ns, Reaching safepoint: 90628 ns, At safepoint: 3824 ns, Total: 94452 ns
[2024-02-13T04:40:55.802+0000][7][safepoint   ] Safepoint "Cleanup", Time since last: 44002669392 ns, Reaching safepoint: 90594 ns, At safepoint: 3361 ns, Total: 93955 ns
[2024-02-13T04:41:54.806+0000][7][safepoint   ] Safepoint "Cleanup", Time since last: 59003514591 ns, Reaching safepoint: 83281 ns, At safepoint: 3604 ns, Total: 86885 ns
[2024-02-13T04:42:03.806+0000][7][safepoint   ] Safepoint "Cleanup", Time since last: 9000562157 ns, Reaching safepoint: 80050 ns, At safepoint: 5619 ns, Total: 85669 ns
[2024-02-13T04:45:55.820+0000][7][safepoint   ] Safepoint "Cleanup", Time since last: 232013618068 ns, Reaching safepoint: 89738 ns, At safepoint: 3476 ns, Total: 93214 ns
[2024-02-13T04:46:18.821+0000][7][safepoint   ] Safepoint "Cleanup", Time since last: 23001436976 ns, Reaching safepoint: 86821 ns, At safepoint: 3491 ns, Total: 90312 ns
[2024-02-13T04:46:25.822+0000][7][safepoint   ] Safepoint "Cleanup", Time since last: 7000487052 ns, Reaching safepoint: 75369 ns, At safepoint: 3659 ns, Total: 79028 ns
[2024-02-13T04:47:48.827+0000][7][safepoint   ] Safepoint "Cleanup", Time since last: 83004879939 ns, Reaching safepoint: 88421 ns, At safepoint: 3976 ns, Total: 92397 ns
[2024-02-13T04:47:55.827+0000][7][safepoint   ] Safepoint "Cleanup", Time since last: 7000465451 ns, Reaching safepoint: 74881 ns, At safepoint: 2594 ns, Total: 77475 ns
[2024-02-13T04:48:24.829+0000][7][safepoint   ] Safepoint "Cleanup", Time since last: 29001752823 ns, Reaching safepoint: 73700 ns, At safepoint: 2687 ns, Total: 76387 ns
[2024-02-13T04:50:38.837+0000][7][safepoint   ] Safepoint "Cleanup", Time since last: 134007835887 ns, Reaching safepoint: 87636 ns, At safepoint: 3317 ns, Total: 90953 ns
[2024-02-13T04:51:25.840+0000][7][safepoint   ] Safepoint "Cleanup", Time since last: 47002834953 ns, Reaching safepoint: 89168 ns, At safepoint: 3449 ns, Total: 92617 ns
[2024-02-13T04:52:25.844+0000][7][safepoint   ] Safepoint "Cleanup", Time since last: 60003568488 ns, Reaching safepoint: 87472 ns, At safepoint: 3499 ns, Total: 90971 ns
[2024-02-13T04:53:25.847+0000][7][safepoint   ] Safepoint "Cleanup", Time since last: 60003555464 ns, Reaching safepoint: 88630 ns, At safepoint: 3649 ns, Total: 92279 ns
[2024-02-13T04:53:55.849+0000][7][safepoint   ] Safepoint "Cleanup", Time since last: 30001847669 ns, Reaching safepoint: 83485 ns, At safepoint: 3842 ns, Total: 87327 ns
[2024-02-13T04:54:43.852+0000][7][safepoint   ] Safepoint "Cleanup", Time since last: 48002896590 ns, Reaching safepoint: 93230 ns, At safepoint: 3277 ns, Total: 96507 ns
[2024-02-13T04:55:55.857+0000][7][safepoint   ] Safepoint "Cleanup", Time since last: 72004312107 ns, Reaching safepoint: 121895 ns, At safepoint: 2111 ns, Total: 124006 ns
[2024-02-13T04:56:55.861+0000][7][safepoint   ] Safepoint "Cleanup", Time since last: 60003591589 ns, Reaching safepoint: 96272 ns, At safepoint: 3909 ns, Total: 100181 ns
[2024-02-13T04:59:25.869+0000][7][safepoint   ] Safepoint "Cleanup", Time since last: 150008832464 ns, Reaching safepoint: 91504 ns, At safepoint: 5705 ns, Total: 97209 ns
[2024-02-13T04:59:55.871+0000][7][safepoint   ] Safepoint "Cleanup", Time since last: 30001848901 ns, Reaching safepoint: 94746 ns, At safepoint: 3381 ns, Total: 98127 ns
[2024-02-13T05:00:55.875+0000][7][safepoint   ] Safepoint "Cleanup", Time since last: 60003555231 ns, Reaching safepoint: 85439 ns, At safepoint: 3890 ns, Total: 89329 ns
[2024-02-13T05:01:25.877+0000][7][safepoint   ] Safepoint "Cleanup", Time since last: 30001782920 ns, Reaching safepoint: 96920 ns, At safepoint: 5384 ns, Total: 102304 ns
[2024-02-13T05:01:54.879+0000][7][safepoint   ] Safepoint "Cleanup", Time since last: 29001737743 ns, Reaching safepoint: 87726 ns, At safepoint: 5580 ns, Total: 93306 ns
[2024-02-13T05:01:55.879+0000][7][safepoint   ] Safepoint "Cleanup", Time since last: 1000120625 ns, Reaching safepoint: 72949 ns, At safepoint: 5497 ns, Total: 78446 ns
[2024-02-13T05:02:25.881+0000][7][safepoint   ] Safepoint "Cleanup", Time since last: 30001825043 ns, Reaching safepoint: 90878 ns, At safepoint: 3426 ns, Total: 94304 ns
[2024-02-13T05:03:25.885+0000][7][safepoint   ] Safepoint "Cleanup", Time since last: 60003661959 ns, Reaching safepoint: 327509 ns, At safepoint: 3617 ns, Total: 331126 ns
[2024-02-13T05:03:55.887+0000][7][safepoint   ] Safepoint "Cleanup", Time since last: 30001876062 ns, Reaching safepoint: 87013 ns, At safepoint: 3469 ns, Total: 90482 ns
[2024-02-13T05:04:25.889+0000][7][safepoint   ] Safepoint "Cleanup", Time since last: 30001810904 ns, Reaching safepoint: 89117 ns, At safepoint: 3921 ns, Total: 93038 ns
[2024-02-13T05:09:18.906+0000][7][safepoint   ] Safepoint "Cleanup", Time since last: 293017514096 ns, Reaching safepoint: 100075 ns, At safepoint: 8072 ns, Total: 108147 ns
[2024-02-13T05:10:55.912+0000][7][safepoint   ] Safepoint "Cleanup", Time since last: 97005741366 ns, Reaching safepoint: 97371 ns, At safepoint: 3401 ns, Total: 100772 ns
[2024-02-13T05:11:25.914+0000][7][safepoint   ] Safepoint "Cleanup", Time since last: 30001849960 ns, Reaching safepoint: 88132 ns, At safepoint: 3529 ns, Total: 91661 ns
[2024-02-13T05:13:25.921+0000][7][safepoint   ] Safepoint "Cleanup", Time since last: 120006988656 ns, Reaching safepoint: 114837 ns, At safepoint: 3548 ns, Total: 118385 ns
[2024-02-13T05:14:35.246+0000][7][gc,start    ] GC(17) Pause Young (Concurrent Start) (G1 Evacuation Pause)
[2024-02-13T05:14:35.246+0000][7][gc,task     ] GC(17) Using 12 workers of 13 for evacuation
[2024-02-13T05:14:35.246+0000][7][gc,age      ] GC(17) Desired survivor size 20971520 bytes, new threshold 15 (max threshold 15)
[2024-02-13T05:14:35.255+0000][7][gc,age      ] GC(17) Age table with threshold 15 (max threshold 15)
[2024-02-13T05:14:35.255+0000][7][gc,age      ] GC(17) - age   1:    3435440 bytes,    3435440 total
[2024-02-13T05:14:35.255+0000][7][gc,age      ] GC(17) - age   2:   13322936 bytes,   16758376 total
[2024-02-13T05:14:35.255+0000][7][gc,age      ] GC(17) - age   3:    6052968 bytes,   22811344 total
[2024-02-13T05:14:35.256+0000][7][gc,phases   ] GC(17)   Pre Evacuate Collection Set: 0.2ms
[2024-02-13T05:14:35.256+0000][7][gc,phases   ] GC(17)   Merge Heap Roots: 0.1ms
[2024-02-13T05:14:35.256+0000][7][gc,phases   ] GC(17)   Evacuate Collection Set: 8.0ms
[2024-02-13T05:14:35.256+0000][7][gc,phases   ] GC(17)   Post Evacuate Collection Set: 0.8ms
[2024-02-13T05:14:35.256+0000][7][gc,phases   ] GC(17)   Other: 0.3ms
[2024-02-13T05:14:35.256+0000][7][gc,heap     ] GC(17) Eden regions: 70->0(69)
[2024-02-13T05:14:35.256+0000][7][gc,heap     ] GC(17) Survivor regions: 6->7(10)
[2024-02-13T05:14:35.256+0000][7][gc,heap     ] GC(17) Old regions: 14->14
[2024-02-13T05:14:35.256+0000][7][gc,heap     ] GC(17) Archive regions: 2->2
[2024-02-13T05:14:35.256+0000][7][gc,heap     ] GC(17) Humongous regions: 2->2
[2024-02-13T05:14:35.256+0000][7][gc,metaspace] GC(17) Metaspace: 94391K(98632K)->94391K(98632K) NonClass: 81754K(84912K)->81754K(84912K) Class: 12637K(13720K)->12637K(13720K)
[2024-02-13T05:14:35.256+0000][7][gc          ] GC(17) Pause Young (Concurrent Start) (G1 Evacuation Pause) 368M->91M(512M) 9.633ms
[2024-02-13T05:14:35.256+0000][7][gc,cpu      ] GC(17) User=0.08s Sys=0.01s Real=0.01s
[2024-02-13T05:14:35.256+0000][7][safepoint   ] Safepoint "G1CollectForAllocation", Time since last: 69324639701 ns, Reaching safepoint: 99360 ns, At safepoint: 9720871 ns, Total: 9820231 ns
[2024-02-13T05:14:35.256+0000][7][gc          ] GC(18) Concurrent Cycle
[2024-02-13T05:14:35.256+0000][7][gc,marking  ] GC(18) Concurrent Clear Claimed Marks
[2024-02-13T05:14:35.256+0000][7][gc,marking  ] GC(18) Concurrent Clear Claimed Marks 0.092ms
[2024-02-13T05:14:35.256+0000][7][gc,marking  ] GC(18) Concurrent Scan Root Regions
[2024-02-13T05:14:35.262+0000][7][gc,marking  ] GC(18) Concurrent Scan Root Regions 5.492ms
[2024-02-13T05:14:35.262+0000][7][gc,marking  ] GC(18) Concurrent Mark (8328.628s)
[2024-02-13T05:14:35.262+0000][7][gc,marking  ] GC(18) Concurrent Mark From Roots
[2024-02-13T05:14:35.262+0000][7][gc,task     ] GC(18) Using 3 workers of 3 for marking
[2024-02-13T05:14:35.286+0000][7][gc,marking  ] GC(18) Concurrent Mark From Roots 24.130ms
[2024-02-13T05:14:35.286+0000][7][gc,marking  ] GC(18) Concurrent Preclean
[2024-02-13T05:14:35.286+0000][7][gc,marking  ] GC(18) Concurrent Preclean 0.531ms
[2024-02-13T05:14:35.286+0000][7][gc,marking  ] GC(18) Concurrent Mark (8328.628s, 8328.653s) 24.775ms
[2024-02-13T05:14:35.287+0000][7][gc,start    ] GC(18) Pause Remark
[2024-02-13T05:14:35.294+0000][7][gc          ] GC(18) Pause Remark 93M->93M(512M) 7.320ms
[2024-02-13T05:14:35.294+0000][7][gc,cpu      ] GC(18) User=0.07s Sys=0.00s Real=0.01s
[2024-02-13T05:14:35.294+0000][7][safepoint   ] Safepoint "G1Concurrent", Time since last: 30761642 ns, Reaching safepoint: 82839 ns, At safepoint: 7434873 ns, Total: 7517712 ns
[2024-02-13T05:14:35.294+0000][7][gc,marking  ] GC(18) Concurrent Rebuild Remembered Sets
[2024-02-13T05:14:35.317+0000][7][gc,marking  ] GC(18) Concurrent Rebuild Remembered Sets 22.756ms
[2024-02-13T05:14:35.317+0000][7][gc,start    ] GC(18) Pause Cleanup
[2024-02-13T05:14:35.317+0000][7][gc          ] GC(18) Pause Cleanup 93M->93M(512M) 0.121ms
[2024-02-13T05:14:35.317+0000][7][gc,cpu      ] GC(18) User=0.00s Sys=0.00s Real=0.00s
[2024-02-13T05:14:35.317+0000][7][safepoint   ] Safepoint "G1Concurrent", Time since last: 23045584 ns, Reaching safepoint: 222569 ns, At safepoint: 200187 ns, Total: 422756 ns
[2024-02-13T05:14:35.318+0000][7][gc,marking  ] GC(18) Concurrent Cleanup for Next Mark
[2024-02-13T05:14:35.318+0000][7][gc,marking  ] GC(18) Concurrent Cleanup for Next Mark 0.569ms
[2024-02-13T05:14:35.318+0000][7][gc          ] GC(18) Concurrent Cycle 62.359ms
[2024-02-13T05:14:36.318+0000][7][safepoint   ] Safepoint "Cleanup", Time since last: 1000076639 ns, Reaching safepoint: 106360 ns, At safepoint: 4129 ns, Total: 110489 ns
[2024-02-13T05:14:55.319+0000][7][safepoint   ] Safepoint "Cleanup", Time since last: 19001234578 ns, Reaching safepoint: 103185 ns, At safepoint: 6141 ns, Total: 109326 ns
[2024-02-13T05:14:56.319+0000][7][safepoint   ] Safepoint "Cleanup", Time since last: 1000122791 ns, Reaching safepoint: 83860 ns, At safepoint: 2930 ns, Total: 86790 ns
[2024-02-13T05:15:04.320+0000][7][safepoint   ] Safepoint "Cleanup", Time since last: 8000483954 ns, Reaching safepoint: 76145 ns, At safepoint: 5761 ns, Total: 81906 ns
[2024-02-13T05:15:55.323+0000][7][safepoint   ] Safepoint "Cleanup", Time since last: 51002928641 ns, Reaching safepoint: 88631 ns, At safepoint: 2458 ns, Total: 91089 ns
[2024-02-13T05:15:56.323+0000][7][safepoint   ] Safepoint "Cleanup", Time since last: 1000127019 ns, Reaching safepoint: 106627 ns, At safepoint: 3867 ns, Total: 110494 ns
[2024-02-13T05:25:55.357+0000][7][safepoint   ] Safepoint "Cleanup", Time since last: 599034047396 ns, Reaching safepoint: 87784 ns, At safepoint: 3046 ns, Total: 90830 ns
[2024-02-13T05:28:43.617+0000][7][safepoint   ] Safepoint "Cleanup", Time since last: 168260237466 ns, Reaching safepoint: 76104 ns, At safepoint: 3256 ns, Total: 79360 ns
[2024-02-13T05:28:44.618+0000][7][safepoint   ] Safepoint "Cleanup", Time since last: 1000246852 ns, Reaching safepoint: 75334 ns, At safepoint: 5185 ns, Total: 80519 ns
[2024-02-13T05:28:52.618+0000][7][safepoint   ] Safepoint "Cleanup", Time since last: 8000476563 ns, Reaching safepoint: 103946 ns, At safepoint: 2831 ns, Total: 106777 ns
[2024-02-13T05:40:55.660+0000][7][safepoint   ] Safepoint "Cleanup", Time since last: 723041313319 ns, Reaching safepoint: 85421 ns, At safepoint: 2795 ns, Total: 88216 ns
[2024-02-13T05:42:25.665+0000][7][safepoint   ] Safepoint "Cleanup", Time since last: 90005431724 ns, Reaching safepoint: 92845 ns, At safepoint: 8564 ns, Total: 101409 ns
[2024-02-13T05:43:34.670+0000][7][safepoint   ] Safepoint "Cleanup", Time since last: 69004135826 ns, Reaching safepoint: 142450 ns, At safepoint: 3906 ns, Total: 146356 ns
[2024-02-13T05:43:45.670+0000][7][safepoint   ] Safepoint "Cleanup", Time since last: 11000720308 ns, Reaching safepoint: 102896 ns, At safepoint: 3964 ns, Total: 106860 ns
[2024-02-13T05:43:45.916+0000][7][safepoint   ] Safepoint "ICBufferFull", Time since last: 245199435 ns, Reaching safepoint: 168832 ns, At safepoint: 5561 ns, Total: 174393 ns
[2024-02-13T05:43:46.916+0000][7][safepoint   ] Safepoint "Cleanup", Time since last: 1000176736 ns, Reaching safepoint: 106180 ns, At safepoint: 3738 ns, Total: 109918 ns
[2024-02-13T05:43:55.917+0000][7][safepoint   ] Safepoint "Cleanup", Time since last: 9000616937 ns, Reaching safepoint: 82549 ns, At safepoint: 4212 ns, Total: 86761 ns
[2024-02-13T05:47:55.931+0000][7][safepoint   ] Safepoint "Cleanup", Time since last: 240014504591 ns, Reaching safepoint: 101019 ns, At safepoint: 4091 ns, Total: 105110 ns
[2024-02-13T05:54:25.955+0000][7][safepoint   ] Safepoint "Cleanup", Time since last: 390023149045 ns, Reaching safepoint: 106435 ns, At safepoint: 3604 ns, Total: 110039 ns
[2024-02-13T05:55:55.960+0000][7][safepoint   ] Safepoint "Cleanup", Time since last: 90005403157 ns, Reaching safepoint: 101097 ns, At safepoint: 3340 ns, Total: 104437 ns
[2024-02-13T06:03:55.988+0000][7][safepoint   ] Safepoint "Cleanup", Time since last: 480028061858 ns, Reaching safepoint: 92230 ns, At safepoint: 9247 ns, Total: 101477 ns
[2024-02-13T06:06:25.997+0000][7][safepoint   ] Safepoint "Cleanup", Time since last: 150008834938 ns, Reaching safepoint: 104629 ns, At safepoint: 3593 ns, Total: 108222 ns
[2024-02-13T06:07:26.001+0000][7][safepoint   ] Safepoint "Cleanup", Time since last: 60003631351 ns, Reaching safepoint: 99309 ns, At safepoint: 3485 ns, Total: 102794 ns
[2024-02-13T06:07:56.003+0000][7][safepoint   ] Safepoint "Cleanup", Time since last: 30001757443 ns, Reaching safepoint: 93125 ns, At safepoint: 3778 ns, Total: 96903 ns
[2024-02-13T06:08:26.005+0000][7][safepoint   ] Safepoint "Cleanup", Time since last: 30001843417 ns, Reaching safepoint: 104797 ns, At safepoint: 3959 ns, Total: 108756 ns
[2024-02-13T06:13:56.024+0000][7][safepoint   ] Safepoint "Cleanup", Time since last: 330019246768 ns, Reaching safepoint: 99693 ns, At safepoint: 3455 ns, Total: 103148 ns
[2024-02-13T06:23:26.058+0000][7][safepoint   ] Safepoint "Cleanup", Time since last: 570033493802 ns, Reaching safepoint: 94872 ns, At safepoint: 6248 ns, Total: 101120 ns
[2024-02-13T06:25:55.995+0000][7][safepoint   ] Safepoint "Cleanup", Time since last: 149936959244 ns, Reaching safepoint: 115170 ns, At safepoint: 3960 ns, Total: 119130 ns
[2024-02-13T06:35:56.030+0000][7][safepoint   ] Safepoint "Cleanup", Time since last: 600034662775 ns, Reaching safepoint: 122750 ns, At safepoint: 4973 ns, Total: 127723 ns
[2024-02-13T06:39:56.044+0000][7][safepoint   ] Safepoint "Cleanup", Time since last: 240014125458 ns, Reaching safepoint: 90770 ns, At safepoint: 9244 ns, Total: 100014 ns
[2024-02-13T06:41:26.049+0000][7][safepoint   ] Safepoint "Cleanup", Time since last: 90005300706 ns, Reaching safepoint: 101143 ns, At safepoint: 3600 ns, Total: 104743 ns
[2024-02-13T06:41:56.051+0000][7][safepoint   ] Safepoint "Cleanup", Time since last: 30001753643 ns, Reaching safepoint: 92821 ns, At safepoint: 4803 ns, Total: 97624 ns
[2024-02-13T06:43:26.056+0000][7][safepoint   ] Safepoint "Cleanup", Time since last: 90005173261 ns, Reaching safepoint: 91977 ns, At safepoint: 9036 ns, Total: 101013 ns
[2024-02-13T06:44:26.060+0000][7][safepoint   ] Safepoint "Cleanup", Time since last: 60003582271 ns, Reaching safepoint: 93463 ns, At safepoint: 3897 ns, Total: 97360 ns
[2024-02-13T06:45:26.064+0000][7][safepoint   ] Safepoint "Cleanup", Time since last: 60003650531 ns, Reaching safepoint: 99112 ns, At safepoint: 3723 ns, Total: 102835 ns
[2024-02-13T06:50:26.082+0000][7][safepoint   ] Safepoint "Cleanup", Time since last: 300017761011 ns, Reaching safepoint: 107250 ns, At safepoint: 3897 ns, Total: 111147 ns
[2024-02-13T06:50:56.084+0000][7][safepoint   ] Safepoint "Cleanup", Time since last: 30001784442 ns, Reaching safepoint: 111970 ns, At safepoint: 6703 ns, Total: 118673 ns
[2024-02-13T07:09:11.148+0000][7][safepoint   ] Safepoint "Cleanup", Time since last: 1095064246671 ns, Reaching safepoint: 101609 ns, At safepoint: 5235 ns, Total: 106844 ns
[2024-02-13T07:09:55.151+0000][7][safepoint   ] Safepoint "Cleanup", Time since last: 44002652420 ns, Reaching safepoint: 91407 ns, At safepoint: 3473 ns, Total: 94880 ns
[2024-02-13T07:12:00.158+0000][7][safepoint   ] Safepoint "Cleanup", Time since last: 125007411837 ns, Reaching safepoint: 99714 ns, At safepoint: 3316 ns, Total: 103030 ns
[2024-02-13T07:12:02.159+0000][7][safepoint   ] Safepoint "Cleanup", Time since last: 2000178518 ns, Reaching safepoint: 93162 ns, At safepoint: 3605 ns, Total: 96767 ns
[2024-02-13T07:12:26.160+0000][7][safepoint   ] Safepoint "Cleanup", Time since last: 24001413185 ns, Reaching safepoint: 103627 ns, At safepoint: 3595 ns, Total: 107222 ns
[2024-02-13T07:12:32.161+0000][7][safepoint   ] Safepoint "Cleanup", Time since last: 6000423690 ns, Reaching safepoint: 103032 ns, At safepoint: 2372 ns, Total: 105404 ns
[2024-02-13T07:23:40.200+0000][7][safepoint   ] Safepoint "Cleanup", Time since last: 668039162974 ns, Reaching safepoint: 141905 ns, At safepoint: 3378 ns, Total: 145283 ns
[2024-02-13T07:23:41.200+0000][7][safepoint   ] Safepoint "Cleanup", Time since last: 1000130202 ns, Reaching safepoint: 98052 ns, At safepoint: 3802 ns, Total: 101854 ns
[2024-02-13T07:23:44.200+0000][7][safepoint   ] Safepoint "Cleanup", Time since last: 3000249942 ns, Reaching safepoint: 84240 ns, At safepoint: 9125 ns, Total: 93365 ns
[2024-02-13T07:23:49.201+0000][7][safepoint   ] Safepoint "Cleanup", Time since last: 5000374649 ns, Reaching safepoint: 84188 ns, At safepoint: 3529 ns, Total: 87717 ns
[2024-02-13T07:23:56.202+0000][7][safepoint   ] Safepoint "Cleanup", Time since last: 7000493284 ns, Reaching safepoint: 111203 ns, At safepoint: 3770 ns, Total: 114973 ns
[2024-02-13T07:25:55.209+0000][7][safepoint   ] Safepoint "Cleanup", Time since last: 119007048722 ns, Reaching safepoint: 108696 ns, At safepoint: 4324 ns, Total: 113020 ns
[2024-02-13T07:26:56.212+0000][7][safepoint   ] Safepoint "Cleanup", Time since last: 61003647364 ns, Reaching safepoint: 96696 ns, At safepoint: 3757 ns, Total: 100453 ns
[2024-02-13T07:26:59.213+0000][7][safepoint   ] Safepoint "Cleanup", Time since last: 3000246094 ns, Reaching safepoint: 81087 ns, At safepoint: 3917 ns, Total: 85004 ns
[2024-02-13T07:46:14.280+0000][7][safepoint   ] Safepoint "Cleanup", Time since last: 1155067246124 ns, Reaching safepoint: 87293 ns, At safepoint: 3482 ns, Total: 90775 ns
[2024-02-13T07:54:56.311+0000][7][safepoint   ] Safepoint "Cleanup", Time since last: 522030479657 ns, Reaching safepoint: 135980 ns, At safepoint: 4157 ns, Total: 140137 ns
[2024-02-13T07:56:10.788+0000][7][gc,start    ] GC(19) Pause Young (Normal) (G1 Evacuation Pause)
[2024-02-13T07:56:10.788+0000][7][gc,task     ] GC(19) Using 12 workers of 13 for evacuation
[2024-02-13T07:56:10.789+0000][7][gc,age      ] GC(19) Desired survivor size 20971520 bytes, new threshold 3 (max threshold 15)
[2024-02-13T07:56:10.799+0000][7][gc,age      ] GC(19) Age table with threshold 3 (max threshold 15)
[2024-02-13T07:56:10.800+0000][7][gc,age      ] GC(19) - age   1:    1504328 bytes,    1504328 total
[2024-02-13T07:56:10.800+0000][7][gc,age      ] GC(19) - age   2:    3069752 bytes,    4574080 total
[2024-02-13T07:56:10.800+0000][7][gc,age      ] GC(19) - age   3:   12195576 bytes,   16769656 total
[2024-02-13T07:56:10.800+0000][7][gc,phases   ] GC(19)   Pre Evacuate Collection Set: 0.1ms
[2024-02-13T07:56:10.800+0000][7][gc,phases   ] GC(19)   Merge Heap Roots: 0.2ms
[2024-02-13T07:56:10.800+0000][7][gc,phases   ] GC(19)   Evacuate Collection Set: 9.6ms
[2024-02-13T07:56:10.800+0000][7][gc,phases   ] GC(19)   Post Evacuate Collection Set: 1.0ms
[2024-02-13T07:56:10.800+0000][7][gc,phases   ] GC(19)   Other: 0.3ms
[2024-02-13T07:56:10.800+0000][7][gc,heap     ] GC(19) Eden regions: 69->0(71)
[2024-02-13T07:56:10.800+0000][7][gc,heap     ] GC(19) Survivor regions: 7->5(10)
[2024-02-13T07:56:10.800+0000][7][gc,heap     ] GC(19) Old regions: 14->16
[2024-02-13T07:56:10.800+0000][7][gc,heap     ] GC(19) Archive regions: 2->2
[2024-02-13T07:56:10.800+0000][7][gc,heap     ] GC(19) Humongous regions: 2->2
[2024-02-13T07:56:10.800+0000][7][gc,metaspace] GC(19) Metaspace: 95523K(99784K)->95523K(99784K) NonClass: 82792K(85936K)->82792K(85936K) Class: 12730K(13848K)->12730K(13848K)
[2024-02-13T07:56:10.800+0000][7][gc          ] GC(19) Pause Young (Normal) (G1 Evacuation Pause) 367M->92M(512M) 11.302ms
[2024-02-13T07:56:10.800+0000][7][gc,cpu      ] GC(19) User=0.08s Sys=0.00s Real=0.01s
[2024-02-13T07:56:10.800+0000][7][safepoint   ] Safepoint "G1CollectForAllocation", Time since last: 74477594309 ns, Reaching safepoint: 83825 ns, At safepoint: 11390260 ns, Total: 11474085 ns
[2024-02-13T07:56:55.803+0000][7][safepoint   ] Safepoint "Cleanup", Time since last: 45002659721 ns, Reaching safepoint: 96516 ns, At safepoint: 9456 ns, Total: 105972 ns
[2024-02-13T08:01:55.821+0000][7][safepoint   ] Safepoint "Cleanup", Time since last: 300018180401 ns, Reaching safepoint: 99585 ns, At safepoint: 4091 ns, Total: 103676 ns
[2024-02-13T08:04:02.828+0000][7][safepoint   ] Safepoint "Cleanup", Time since last: 127007271594 ns, Reaching safepoint: 114633 ns, At safepoint: 3739 ns, Total: 118372 ns
[2024-02-13T08:15:54.870+0000][7][safepoint   ] Safepoint "Cleanup", Time since last: 712041683859 ns, Reaching safepoint: 92786 ns, At safepoint: 3827 ns, Total: 96613 ns
[2024-02-13T08:16:25.872+0000][7][safepoint   ] Safepoint "Cleanup", Time since last: 31001884277 ns, Reaching safepoint: 103725 ns, At safepoint: 3890 ns, Total: 107615 ns
[2024-02-13T08:22:25.893+0000][7][safepoint   ] Safepoint "Cleanup", Time since last: 360021020967 ns, Reaching safepoint: 92430 ns, At safepoint: 3437 ns, Total: 95867 ns
[2024-02-13T08:25:55.906+0000][7][safepoint   ] Safepoint "Cleanup", Time since last: 210012463470 ns, Reaching safepoint: 141233 ns, At safepoint: 4076 ns, Total: 145309 ns
[2024-02-13T08:33:33.932+0000][7][safepoint   ] Safepoint "Cleanup", Time since last: 458026528687 ns, Reaching safepoint: 116271 ns, At safepoint: 3944 ns, Total: 120215 ns
[2024-02-13T08:33:55.934+0000][7][safepoint   ] Safepoint "Cleanup", Time since last: 22001340954 ns, Reaching safepoint: 99660 ns, At safepoint: 3405 ns, Total: 103065 ns
[2024-02-13T08:34:25.936+0000][7][safepoint   ] Safepoint "Cleanup", Time since last: 30001795902 ns, Reaching safepoint: 112436 ns, At safepoint: 6282 ns, Total: 118718 ns
[2024-02-13T08:35:03.938+0000][7][safepoint   ] Safepoint "Cleanup", Time since last: 38002266393 ns, Reaching safepoint: 98374 ns, At safepoint: 3712 ns, Total: 102086 ns
[2024-02-13T08:36:55.945+0000][7][safepoint   ] Safepoint "Cleanup", Time since last: 112006634603 ns, Reaching safepoint: 110829 ns, At safepoint: 3753 ns, Total: 114582 ns
[2024-02-13T08:39:04.953+0000][7][safepoint   ] Safepoint "Cleanup", Time since last: 129007694815 ns, Reaching safepoint: 156389 ns, At safepoint: 4054 ns, Total: 160443 ns
[2024-02-13T08:40:55.959+0000][7][safepoint   ] Safepoint "Cleanup", Time since last: 111006572261 ns, Reaching safepoint: 91821 ns, At safepoint: 3757 ns, Total: 95578 ns
[2024-02-13T08:54:26.007+0000][7][safepoint   ] Safepoint "Cleanup", Time since last: 810047840475 ns, Reaching safepoint: 93284 ns, At safepoint: 3326 ns, Total: 96610 ns
[2024-02-13T08:57:26.018+0000][7][safepoint   ] Safepoint "Cleanup", Time since last: 180010712841 ns, Reaching safepoint: 96219 ns, At safepoint: 3896 ns, Total: 100115 ns
[2024-02-13T09:08:38.057+0000][7][safepoint   ] Safepoint "Cleanup", Time since last: 672039264614 ns, Reaching safepoint: 120399 ns, At safepoint: 4228 ns, Total: 124627 ns
[2024-02-13T09:14:26.078+0000][7][safepoint   ] Safepoint "Cleanup", Time since last: 348020523644 ns, Reaching safepoint: 137610 ns, At safepoint: 6620 ns, Total: 144230 ns
[2024-02-13T09:19:56.098+0000][7][safepoint   ] Safepoint "Cleanup", Time since last: 330019383538 ns, Reaching safepoint: 122418 ns, At safepoint: 3237 ns, Total: 125655 ns
[2024-02-13T09:38:57.165+0000][7][safepoint   ] Safepoint "Cleanup", Time since last: 1141067047125 ns, Reaching safepoint: 89271 ns, At safepoint: 3645 ns, Total: 92916 ns
[2024-02-13T09:44:56.186+0000][7][safepoint   ] Safepoint "Cleanup", Time since last: 359021428853 ns, Reaching safepoint: 105031 ns, At safepoint: 3670 ns, Total: 108701 ns
[2024-02-13T09:55:55.225+0000][7][safepoint   ] Safepoint "Cleanup", Time since last: 659038896949 ns, Reaching safepoint: 101005 ns, At safepoint: 6023 ns, Total: 107028 ns
[2024-02-13T10:23:05.321+0000][7][safepoint   ] Safepoint "Cleanup", Time since last: 1630095234722 ns, Reaching safepoint: 103311 ns, At safepoint: 3779 ns, Total: 107090 ns
[2024-02-13T10:23:56.324+0000][7][safepoint   ] Safepoint "Cleanup", Time since last: 51003075725 ns, Reaching safepoint: 94953 ns, At safepoint: 3125 ns, Total: 98078 ns
[2024-02-13T10:24:26.326+0000][7][safepoint   ] Safepoint "Cleanup", Time since last: 30001873702 ns, Reaching safepoint: 129714 ns, At safepoint: 3611 ns, Total: 133325 ns
[2024-02-13T10:25:26.330+0000][7][safepoint   ] Safepoint "Cleanup", Time since last: 60003589618 ns, Reaching safepoint: 97035 ns, At safepoint: 3662 ns, Total: 100697 ns
[2024-02-13T10:32:45.355+0000][7][safepoint   ] Safepoint "Cleanup", Time since last: 439025421203 ns, Reaching safepoint: 90496 ns, At safepoint: 3680 ns, Total: 94176 ns
[2024-02-13T10:32:46.355+0000][7][safepoint   ] Safepoint "Cleanup", Time since last: 1000130239 ns, Reaching safepoint: 80199 ns, At safepoint: 3797 ns, Total: 83996 ns
[2024-02-13T10:35:26.365+0000][7][safepoint   ] Safepoint "Cleanup", Time since last: 160009550918 ns, Reaching safepoint: 97079 ns, At safepoint: 3476 ns, Total: 100555 ns
[2024-02-13T10:36:56.370+0000][7][safepoint   ] Safepoint "Cleanup", Time since last: 90005440986 ns, Reaching safepoint: 95972 ns, At safepoint: 3791 ns, Total: 99763 ns
[2024-02-13T10:39:26.379+0000][7][safepoint   ] Safepoint "Cleanup", Time since last: 150008801614 ns, Reaching safepoint: 87749 ns, At safepoint: 3569 ns, Total: 91318 ns
[2024-02-13T10:43:23.394+0000][7][safepoint   ] Safepoint "Cleanup", Time since last: 237014169753 ns, Reaching safepoint: 140965 ns, At safepoint: 5172 ns, Total: 146137 ns
[2024-02-13T10:43:26.394+0000][7][safepoint   ] Safepoint "Cleanup", Time since last: 3000262892 ns, Reaching safepoint: 97507 ns, At safepoint: 3942 ns, Total: 101449 ns
[2024-02-13T10:43:56.396+0000][7][safepoint   ] Safepoint "Cleanup", Time since last: 30001830584 ns, Reaching safepoint: 130379 ns, At safepoint: 4185 ns, Total: 134564 ns
[2024-02-13T10:44:57.400+0000][7][safepoint   ] Safepoint "Cleanup", Time since last: 61003737849 ns, Reaching safepoint: 97714 ns, At safepoint: 3622 ns, Total: 101336 ns
[2024-02-13T10:54:56.435+0000][7][safepoint   ] Safepoint "Cleanup", Time since last: 599035305330 ns, Reaching safepoint: 95867 ns, At safepoint: 4302 ns, Total: 100169 ns
[2024-02-13T10:55:26.437+0000][7][safepoint   ] Safepoint "Cleanup", Time since last: 30001820101 ns, Reaching safepoint: 99119 ns, At safepoint: 9399 ns, Total: 108518 ns
[2024-02-13T10:58:08.611+0000][7][gc,start    ] GC(20) Pause Young (Normal) (G1 Evacuation Pause)
[2024-02-13T10:58:08.611+0000][7][gc,task     ] GC(20) Using 12 workers of 13 for evacuation
[2024-02-13T10:58:08.611+0000][7][gc,age      ] GC(20) Desired survivor size 20971520 bytes, new threshold 15 (max threshold 15)
[2024-02-13T10:58:08.617+0000][7][gc,age      ] GC(20) Age table with threshold 15 (max threshold 15)
[2024-02-13T10:58:08.617+0000][7][gc,age      ] GC(20) - age   1:     292160 bytes,     292160 total
[2024-02-13T10:58:08.617+0000][7][gc,age      ] GC(20) - age   2:    1083600 bytes,    1375760 total
[2024-02-13T10:58:08.617+0000][7][gc,age      ] GC(20) - age   3:    2986032 bytes,    4361792 total
[2024-02-13T10:58:08.617+0000][7][gc,age      ] GC(20) - age   4:   12185432 bytes,   16547224 total
[2024-02-13T10:58:08.617+0000][7][gc,phases   ] GC(20)   Pre Evacuate Collection Set: 0.1ms
[2024-02-13T10:58:08.617+0000][7][gc,phases   ] GC(20)   Merge Heap Roots: 0.2ms
[2024-02-13T10:58:08.617+0000][7][gc,phases   ] GC(20)   Evacuate Collection Set: 4.9ms
[2024-02-13T10:58:08.617+0000][7][gc,phases   ] GC(20)   Post Evacuate Collection Set: 0.8ms
[2024-02-13T10:58:08.617+0000][7][gc,phases   ] GC(20)   Other: 0.3ms
[2024-02-13T10:58:08.617+0000][7][gc,heap     ] GC(20) Eden regions: 71->0(71)
[2024-02-13T10:58:08.617+0000][7][gc,heap     ] GC(20) Survivor regions: 5->5(10)
[2024-02-13T10:58:08.617+0000][7][gc,heap     ] GC(20) Old regions: 16->16
[2024-02-13T10:58:08.617+0000][7][gc,heap     ] GC(20) Archive regions: 2->2
[2024-02-13T10:58:08.617+0000][7][gc,heap     ] GC(20) Humongous regions: 2->2
[2024-02-13T10:58:08.617+0000][7][gc,metaspace] GC(20) Metaspace: 95621K(99784K)->95621K(99784K) NonClass: 82883K(85936K)->82883K(85936K) Class: 12738K(13848K)->12738K(13848K)
[2024-02-13T10:58:08.618+0000][7][gc          ] GC(20) Pause Young (Normal) (G1 Evacuation Pause) 376M->91M(512M) 6.433ms
[2024-02-13T10:58:08.618+0000][7][gc,cpu      ] GC(20) User=0.04s Sys=0.00s Real=0.01s
[2024-02-13T10:58:08.618+0000][7][safepoint   ] Safepoint "G1CollectForAllocation", Time since last: 162173762804 ns, Reaching safepoint: 91065 ns, At safepoint: 6523435 ns, Total: 6614500 ns
[2024-02-13T11:06:55.649+0000][7][safepoint   ] Safepoint "Cleanup", Time since last: 527030821149 ns, Reaching safepoint: 94182 ns, At safepoint: 8629 ns, Total: 102811 ns
[2024-02-13T11:13:25.671+0000][7][safepoint   ] Safepoint "Cleanup", Time since last: 390022821730 ns, Reaching safepoint: 99250 ns, At safepoint: 8223 ns, Total: 107473 ns
[2024-02-13T11:52:25.808+0000][7][safepoint   ] Safepoint "Cleanup", Time since last: 2340136968611 ns, Reaching safepoint: 92716 ns, At safepoint: 3688 ns, Total: 96404 ns
[2024-02-13T11:53:55.814+0000][7][safepoint   ] Safepoint "Cleanup", Time since last: 90005219895 ns, Reaching safepoint: 101058 ns, At safepoint: 3809 ns, Total: 104867 ns
[2024-02-13T12:12:56.881+0000][7][safepoint   ] Safepoint "Cleanup", Time since last: 1141066832387 ns, Reaching safepoint: 98249 ns, At safepoint: 3552 ns, Total: 101801 ns
[2024-02-13T12:21:55.913+0000][7][safepoint   ] Safepoint "Cleanup", Time since last: 539031778324 ns, Reaching safepoint: 143116 ns, At safepoint: 3239 ns, Total: 146355 ns
[2024-02-13T12:36:55.965+0000][7][safepoint   ] Safepoint "Cleanup", Time since last: 900052358480 ns, Reaching safepoint: 96400 ns, At safepoint: 11328 ns, Total: 107728 ns
[2024-02-13T12:48:26.006+0000][7][safepoint   ] Safepoint "Cleanup", Time since last: 690040558967 ns, Reaching safepoint: 103843 ns, At safepoint: 3499 ns, Total: 107342 ns
[2024-02-13T13:02:38.055+0000][7][safepoint   ] Safepoint "Cleanup", Time since last: 852049589615 ns, Reaching safepoint: 93427 ns, At safepoint: 3092 ns, Total: 96519 ns
[2024-02-13T13:08:56.078+0000][7][safepoint   ] Safepoint "Cleanup", Time since last: 378022161006 ns, Reaching safepoint: 91654 ns, At safepoint: 3474 ns, Total: 95128 ns
[2024-02-13T13:26:56.141+0000][7][safepoint   ] Safepoint "Cleanup", Time since last: 1080062822218 ns, Reaching safepoint: 96804 ns, At safepoint: 8109 ns, Total: 104913 ns
[2024-02-13T13:27:56.144+0000][7][safepoint   ] Safepoint "Cleanup", Time since last: 60003509471 ns, Reaching safepoint: 94157 ns, At safepoint: 3636 ns, Total: 97793 ns
[2024-02-13T13:37:09.177+0000][7][safepoint   ] Safepoint "Cleanup", Time since last: 553032203083 ns, Reaching safepoint: 129275 ns, At safepoint: 4356 ns, Total: 133631 ns
[2024-02-13T13:40:55.190+0000][7][safepoint   ] Safepoint "Cleanup", Time since last: 226013450600 ns, Reaching safepoint: 125301 ns, At safepoint: 4176 ns, Total: 129477 ns
[2024-02-13T13:40:56.190+0000][7][safepoint   ] Safepoint "Cleanup", Time since last: 1000136393 ns, Reaching safepoint: 101773 ns, At safepoint: 3844 ns, Total: 105617 ns
[2024-02-13T13:54:56.239+0000][7][safepoint   ] Safepoint "Cleanup", Time since last: 840048755567 ns, Reaching safepoint: 121087 ns, At safepoint: 4158 ns, Total: 125245 ns
[2024-02-13T13:56:56.247+0000][7][safepoint   ] Safepoint "Cleanup", Time since last: 120007126338 ns, Reaching safepoint: 92787 ns, At safepoint: 8575 ns, Total: 101362 ns
[2024-02-13T13:58:26.252+0000][7][safepoint   ] Safepoint "Cleanup", Time since last: 90005315465 ns, Reaching safepoint: 97366 ns, At safepoint: 3983 ns, Total: 101349 ns
[2024-02-13T13:58:56.254+0000][7][safepoint   ] Safepoint "Cleanup", Time since last: 30001803473 ns, Reaching safepoint: 128132 ns, At safepoint: 6434 ns, Total: 134566 ns
[2024-02-13T14:01:56.265+0000][7][safepoint   ] Safepoint "Cleanup", Time since last: 180010569704 ns, Reaching safepoint: 91684 ns, At safepoint: 3407 ns, Total: 95091 ns
[2024-02-13T14:03:25.800+0000][7][gc,start    ] GC(21) Pause Young (Normal) (G1 Evacuation Pause)
[2024-02-13T14:03:25.801+0000][7][gc,task     ] GC(21) Using 12 workers of 13 for evacuation
[2024-02-13T14:03:25.801+0000][7][gc,age      ] GC(21) Desired survivor size 20971520 bytes, new threshold 15 (max threshold 15)
[2024-02-13T14:03:25.809+0000][7][gc,age      ] GC(21) Age table with threshold 15 (max threshold 15)
[2024-02-13T14:03:25.809+0000][7][gc,age      ] GC(21) - age   1:     103648 bytes,     103648 total
[2024-02-13T14:03:25.809+0000][7][gc,age      ] GC(21) - age   2:     136504 bytes,     240152 total
[2024-02-13T14:03:25.809+0000][7][gc,age      ] GC(21) - age   3:    1070624 bytes,    1310776 total
[2024-02-13T14:03:25.809+0000][7][gc,age      ] GC(21) - age   4:    2932632 bytes,    4243408 total
[2024-02-13T14:03:25.809+0000][7][gc,age      ] GC(21) - age   5:   12177000 bytes,   16420408 total
[2024-02-13T14:03:25.809+0000][7][gc,phases   ] GC(21)   Pre Evacuate Collection Set: 0.1ms
[2024-02-13T14:03:25.809+0000][7][gc,phases   ] GC(21)   Merge Heap Roots: 0.1ms
[2024-02-13T14:03:25.809+0000][7][gc,phases   ] GC(21)   Evacuate Collection Set: 6.9ms
[2024-02-13T14:03:25.809+0000][7][gc,phases   ] GC(21)   Post Evacuate Collection Set: 0.8ms
[2024-02-13T14:03:25.809+0000][7][gc,phases   ] GC(21)   Other: 0.3ms
[2024-02-13T14:03:25.809+0000][7][gc,heap     ] GC(21) Eden regions: 71->0(71)
[2024-02-13T14:03:25.809+0000][7][gc,heap     ] GC(21) Survivor regions: 5->5(10)
[2024-02-13T14:03:25.809+0000][7][gc,heap     ] GC(21) Old regions: 16->16
[2024-02-13T14:03:25.809+0000][7][gc,heap     ] GC(21) Archive regions: 2->2
[2024-02-13T14:03:25.809+0000][7][gc,heap     ] GC(21) Humongous regions: 2->2
[2024-02-13T14:03:25.809+0000][7][gc,metaspace] GC(21) Metaspace: 95688K(100040K)->95688K(100040K) NonClass: 82949K(86192K)->82949K(86192K) Class: 12738K(13848K)->12738K(13848K)
[2024-02-13T14:03:25.809+0000][7][gc          ] GC(21) Pause Young (Normal) (G1 Evacuation Pause) 375M->91M(512M) 8.448ms
[2024-02-13T14:03:25.809+0000][7][gc,cpu      ] GC(21) User=0.05s Sys=0.00s Real=0.01s
[2024-02-13T14:03:25.809+0000][7][safepoint   ] Safepoint "G1CollectForAllocation", Time since last: 89535717094 ns, Reaching safepoint: 163240 ns, At safepoint: 8541901 ns, Total: 8705141 ns
[2024-02-13T14:12:05.837+0000][7][safepoint   ] Safepoint "Cleanup", Time since last: 520027583402 ns, Reaching safepoint: 107884 ns, At safepoint: 3936 ns, Total: 111820 ns
[2024-02-13T14:12:25.838+0000][7][safepoint   ] Safepoint "Cleanup", Time since last: 20001162286 ns, Reaching safepoint: 93524 ns, At safepoint: 2900 ns, Total: 96424 ns
[2024-02-13T14:17:25.855+0000][7][safepoint   ] Safepoint "Cleanup", Time since last: 300016530086 ns, Reaching safepoint: 95584 ns, At safepoint: 26933 ns, Total: 122517 ns
[2024-02-13T14:24:25.879+0000][7][safepoint   ] Safepoint "Cleanup", Time since last: 420024644070 ns, Reaching safepoint: 96907 ns, At safepoint: 3557 ns, Total: 100464 ns
[2024-02-13T14:29:18.898+0000][7][safepoint   ] Safepoint "Cleanup", Time since last: 293017163977 ns, Reaching safepoint: 1609297 ns, At safepoint: 7688 ns, Total: 1616985 ns
[2024-02-13T14:29:20.898+0000][7][safepoint   ] Safepoint "Cleanup", Time since last: 2000190837 ns, Reaching safepoint: 79742 ns, At safepoint: 3205 ns, Total: 82947 ns
[2024-02-13T14:29:22.899+0000][7][safepoint   ] Safepoint "Cleanup", Time since last: 2000189376 ns, Reaching safepoint: 83230 ns, At safepoint: 3315 ns, Total: 86545 ns
[2024-02-13T14:37:25.927+0000][7][safepoint   ] Safepoint "Cleanup", Time since last: 483028209283 ns, Reaching safepoint: 93480 ns, At safepoint: 3979 ns, Total: 97459 ns
[2024-02-13T14:37:55.929+0000][7][safepoint   ] Safepoint "Cleanup", Time since last: 30001851396 ns, Reaching safepoint: 93378 ns, At safepoint: 3741 ns, Total: 97119 ns
[2024-02-13T14:47:25.962+0000][7][safepoint   ] Safepoint "Cleanup", Time since last: 570033373590 ns, Reaching safepoint: 97182 ns, At safepoint: 3476 ns, Total: 100658 ns
[2024-02-13T14:51:25.977+0000][7][safepoint   ] Safepoint "Cleanup", Time since last: 240014065024 ns, Reaching safepoint: 93236 ns, At safepoint: 3591 ns, Total: 96827 ns
[2024-02-13T14:52:25.980+0000][7][safepoint   ] Safepoint "Cleanup", Time since last: 60003595863 ns, Reaching safepoint: 98351 ns, At safepoint: 3440 ns, Total: 101791 ns
[2024-02-13T14:58:56.003+0000][7][safepoint   ] Safepoint "Cleanup", Time since last: 390022675622 ns, Reaching safepoint: 97718 ns, At safepoint: 4072 ns, Total: 101790 ns
[2024-02-13T15:01:26.012+0000][7][safepoint   ] Safepoint "Cleanup", Time since last: 150008735345 ns, Reaching safepoint: 98881 ns, At safepoint: 3817 ns, Total: 102698 ns
[2024-02-13T15:26:56.102+0000][7][safepoint   ] Safepoint "Cleanup", Time since last: 1530090150783 ns, Reaching safepoint: 92690 ns, At safepoint: 3501 ns, Total: 96191 ns
[2024-02-13T15:35:26.132+0000][7][safepoint   ] Safepoint "Cleanup", Time since last: 510029525190 ns, Reaching safepoint: 97761 ns, At safepoint: 3191 ns, Total: 100952 ns
[2024-02-13T15:38:02.141+0000][7][safepoint   ] Safepoint "Cleanup", Time since last: 156009509217 ns, Reaching safepoint: 92526 ns, At safepoint: 3647 ns, Total: 96173 ns
[2024-02-13T15:38:55.145+0000][7][safepoint   ] Safepoint "Cleanup", Time since last: 53003235191 ns, Reaching safepoint: 100672 ns, At safepoint: 3732 ns, Total: 104404 ns
[2024-02-13T15:41:27.154+0000][7][safepoint   ] Safepoint "Cleanup", Time since last: 152008919269 ns, Reaching safepoint: 95493 ns, At safepoint: 5289 ns, Total: 100782 ns
[2024-02-13T15:41:28.154+0000][7][safepoint   ] Safepoint "Cleanup", Time since last: 1000135077 ns, Reaching safepoint: 82177 ns, At safepoint: 3601 ns, Total: 85778 ns
[2024-02-13T15:41:55.156+0000][7][safepoint   ] Safepoint "Cleanup", Time since last: 27001684865 ns, Reaching safepoint: 94863 ns, At safepoint: 6323 ns, Total: 101186 ns
[2024-02-13T15:41:56.156+0000][7][safepoint   ] Safepoint "Cleanup", Time since last: 1000128709 ns, Reaching safepoint: 85461 ns, At safepoint: 3440 ns, Total: 88901 ns
[2024-02-13T15:41:59.156+0000][7][safepoint   ] Safepoint "Cleanup", Time since last: 3000252350 ns, Reaching safepoint: 92163 ns, At safepoint: 3932 ns, Total: 96095 ns
[2024-02-13T15:42:00.157+0000][7][safepoint   ] Safepoint "Cleanup", Time since last: 1000130952 ns, Reaching safepoint: 100958 ns, At safepoint: 4115 ns, Total: 105073 ns
[2024-02-13T15:42:01.157+0000][7][safepoint   ] Safepoint "Cleanup", Time since last: 1000145657 ns, Reaching safepoint: 88885 ns, At safepoint: 6957 ns, Total: 95842 ns
[2024-02-13T15:42:02.157+0000][7][safepoint   ] Safepoint "Cleanup", Time since last: 1000134483 ns, Reaching safepoint: 99518 ns, At safepoint: 4282 ns, Total: 103800 ns
[2024-02-13T15:42:03.157+0000][7][safepoint   ] Safepoint "Cleanup", Time since last: 1000129623 ns, Reaching safepoint: 80803 ns, At safepoint: 6083 ns, Total: 86886 ns
[2024-02-13T15:42:04.157+0000][7][safepoint   ] Safepoint "Cleanup", Time since last: 1000128174 ns, Reaching safepoint: 77615 ns, At safepoint: 3612 ns, Total: 81227 ns
[2024-02-13T15:42:05.158+0000][7][safepoint   ] Safepoint "Cleanup", Time since last: 1000128429 ns, Reaching safepoint: 98094 ns, At safepoint: 3750 ns, Total: 101844 ns
[2024-02-13T15:42:06.158+0000][7][safepoint   ] Safepoint "Cleanup", Time since last: 1000131450 ns, Reaching safepoint: 88322 ns, At safepoint: 3343 ns, Total: 91665 ns
[2024-02-13T15:42:07.158+0000][7][safepoint   ] Safepoint "Cleanup", Time since last: 1000128946 ns, Reaching safepoint: 123816 ns, At safepoint: 3805 ns, Total: 127621 ns
[2024-02-13T15:42:08.158+0000][7][safepoint   ] Safepoint "Cleanup", Time since last: 1000134259 ns, Reaching safepoint: 89660 ns, At safepoint: 3833 ns, Total: 93493 ns
[2024-02-13T15:42:09.159+0000][7][safepoint   ] Safepoint "Cleanup", Time since last: 1000132342 ns, Reaching safepoint: 92149 ns, At safepoint: 3649 ns, Total: 95798 ns
[2024-02-13T15:42:10.159+0000][7][safepoint   ] Safepoint "Cleanup", Time since last: 1000132925 ns, Reaching safepoint: 85552 ns, At safepoint: 3566 ns, Total: 89118 ns
[2024-02-13T15:42:11.159+0000][7][safepoint   ] Safepoint "Cleanup", Time since last: 1000133415 ns, Reaching safepoint: 82558 ns, At safepoint: 7772 ns, Total: 90330 ns
[2024-02-13T15:42:12.159+0000][7][safepoint   ] Safepoint "Cleanup", Time since last: 1000131681 ns, Reaching safepoint: 86593 ns, At safepoint: 9903 ns, Total: 96496 ns
[2024-02-13T15:42:26.160+0000][7][safepoint   ] Safepoint "Cleanup", Time since last: 14000909183 ns, Reaching safepoint: 105216 ns, At safepoint: 3830 ns, Total: 109046 ns
[2024-02-13T15:45:21.755+0000][7][safepoint   ] Safepoint "Cleanup", Time since last: 175594513158 ns, Reaching safepoint: 155535 ns, At safepoint: 4144 ns, Total: 159679 ns
[2024-02-13T15:45:22.755+0000][7][safepoint   ] Safepoint "Cleanup", Time since last: 1000278392 ns, Reaching safepoint: 90404 ns, At safepoint: 3834 ns, Total: 94238 ns
[2024-02-13T15:45:25.756+0000][7][safepoint   ] Safepoint "Cleanup", Time since last: 3000237878 ns, Reaching safepoint: 97587 ns, At safepoint: 3624 ns, Total: 101211 ns
[2024-02-13T15:57:39.799+0000][7][safepoint   ] Safepoint "Cleanup", Time since last: 734043244615 ns, Reaching safepoint: 137122 ns, At safepoint: 3957 ns, Total: 141079 ns
[2024-02-13T15:57:42.799+0000][7][safepoint   ] Safepoint "Cleanup", Time since last: 3000256324 ns, Reaching safepoint: 94188 ns, At safepoint: 3901 ns, Total: 98089 ns
[2024-02-13T15:57:44.800+0000][7][safepoint   ] Safepoint "Cleanup", Time since last: 2000183529 ns, Reaching safepoint: 120051 ns, At safepoint: 6851 ns, Total: 126902 ns
[2024-02-13T15:57:47.800+0000][7][safepoint   ] Safepoint "Cleanup", Time since last: 3000260501 ns, Reaching safepoint: 96589 ns, At safepoint: 7492 ns, Total: 104081 ns
[2024-02-13T15:57:50.800+0000][7][safepoint   ] Safepoint "Cleanup", Time since last: 3000204979 ns, Reaching safepoint: 99878 ns, At safepoint: 10056 ns, Total: 109934 ns
[2024-02-13T15:57:54.801+0000][7][safepoint   ] Safepoint "Cleanup", Time since last: 4000323868 ns, Reaching safepoint: 95103 ns, At safepoint: 3779 ns, Total: 98882 ns
[2024-02-13T15:57:55.801+0000][7][safepoint   ] Safepoint "Cleanup", Time since last: 1000112079 ns, Reaching safepoint: 92334 ns, At safepoint: 9089 ns, Total: 101423 ns
[2024-02-13T15:57:58.801+0000][7][safepoint   ] Safepoint "Cleanup", Time since last: 3000263524 ns, Reaching safepoint: 101625 ns, At safepoint: 3857 ns, Total: 105482 ns
[2024-02-13T15:58:14.803+0000][7][safepoint   ] Safepoint "Cleanup", Time since last: 16001047122 ns, Reaching safepoint: 97993 ns, At safepoint: 3146 ns, Total: 101139 ns
[2024-02-13T15:58:17.803+0000][7][safepoint   ] Safepoint "Cleanup", Time since last: 3000259600 ns, Reaching safepoint: 109787 ns, At safepoint: 3886 ns, Total: 113673 ns
[2024-02-13T15:58:23.803+0000][7][safepoint   ] Safepoint "Cleanup", Time since last: 6000427209 ns, Reaching safepoint: 93765 ns, At safepoint: 3872 ns, Total: 97637 ns
[2024-02-13T15:58:25.804+0000][7][safepoint   ] Safepoint "Cleanup", Time since last: 2000192289 ns, Reaching safepoint: 92094 ns, At safepoint: 3572 ns, Total: 95666 ns
[2024-02-13T15:58:26.804+0000][7][safepoint   ] Safepoint "Cleanup", Time since last: 1000132952 ns, Reaching safepoint: 106833 ns, At safepoint: 3635 ns, Total: 110468 ns
[2024-02-13T15:58:33.805+0000][7][safepoint   ] Safepoint "Cleanup", Time since last: 7000494661 ns, Reaching safepoint: 93750 ns, At safepoint: 3899 ns, Total: 97649 ns
[2024-02-13T15:58:49.806+0000][7][safepoint   ] Safepoint "Cleanup", Time since last: 16001030515 ns, Reaching safepoint: 124892 ns, At safepoint: 8526 ns, Total: 133418 ns
[2024-02-13T15:58:52.806+0000][7][safepoint   ] Safepoint "Cleanup", Time since last: 3000227033 ns, Reaching safepoint: 94864 ns, At safepoint: 3674 ns, Total: 98538 ns
[2024-02-13T15:58:55.806+0000][7][safepoint   ] Safepoint "Cleanup", Time since last: 3000230126 ns, Reaching safepoint: 93989 ns, At safepoint: 2813 ns, Total: 96802 ns
[2024-02-13T15:58:56.807+0000][7][safepoint   ] Safepoint "Cleanup", Time since last: 1000106153 ns, Reaching safepoint: 97630 ns, At safepoint: 6214 ns, Total: 103844 ns
[2024-02-13T15:58:59.807+0000][7][safepoint   ] Safepoint "Cleanup", Time since last: 3000263299 ns, Reaching safepoint: 115842 ns, At safepoint: 4112 ns, Total: 119954 ns
[2024-02-13T15:59:01.807+0000][7][safepoint   ] Safepoint "Cleanup", Time since last: 2000203063 ns, Reaching safepoint: 92139 ns, At safepoint: 6344 ns, Total: 98483 ns
[2024-02-13T15:59:07.808+0000][7][safepoint   ] Safepoint "Cleanup", Time since last: 6000423984 ns, Reaching safepoint: 111305 ns, At safepoint: 6573 ns, Total: 117878 ns
[2024-02-13T15:59:13.808+0000][7][safepoint   ] Safepoint "Cleanup", Time since last: 6000439766 ns, Reaching safepoint: 106298 ns, At safepoint: 4381 ns, Total: 110679 ns
[2024-02-13T15:59:22.809+0000][7][safepoint   ] Safepoint "Cleanup", Time since last: 9000628492 ns, Reaching safepoint: 105921 ns, At safepoint: 4263 ns, Total: 110184 ns
[2024-02-13T15:59:33.810+0000][7][safepoint   ] Safepoint "Cleanup", Time since last: 11000706874 ns, Reaching safepoint: 95140 ns, At safepoint: 3087 ns, Total: 98227 ns
[2024-02-13T16:01:57.819+0000][7][safepoint   ] Safepoint "Cleanup", Time since last: 144008524477 ns, Reaching safepoint: 139537 ns, At safepoint: 4285 ns, Total: 143822 ns
[2024-02-13T16:01:58.819+0000][7][safepoint   ] Safepoint "Cleanup", Time since last: 1000122841 ns, Reaching safepoint: 115014 ns, At safepoint: 4147 ns, Total: 119161 ns
[2024-02-13T16:01:59.819+0000][7][safepoint   ] Safepoint "Cleanup", Time since last: 1000126515 ns, Reaching safepoint: 91528 ns, At safepoint: 4006 ns, Total: 95534 ns
[2024-02-13T16:02:07.820+0000][7][safepoint   ] Safepoint "Cleanup", Time since last: 8000539002 ns, Reaching safepoint: 96435 ns, At safepoint: 6622 ns, Total: 103057 ns
[2024-02-13T16:02:14.820+0000][7][safepoint   ] Safepoint "Cleanup", Time since last: 7000455867 ns, Reaching safepoint: 90430 ns, At safepoint: 4255 ns, Total: 94685 ns
[2024-02-13T16:02:25.821+0000][7][safepoint   ] Safepoint "Cleanup", Time since last: 11000696479 ns, Reaching safepoint: 138784 ns, At safepoint: 4265 ns, Total: 143049 ns
[2024-02-13T16:02:34.822+0000][7][safepoint   ] Safepoint "Cleanup", Time since last: 9000562413 ns, Reaching safepoint: 93497 ns, At safepoint: 8806 ns, Total: 102303 ns
[2024-02-13T16:02:35.822+0000][7][safepoint   ] Safepoint "Cleanup", Time since last: 1000133407 ns, Reaching safepoint: 97971 ns, At safepoint: 6407 ns, Total: 104378 ns
[2024-02-13T16:02:55.823+0000][7][safepoint   ] Safepoint "Cleanup", Time since last: 20001258744 ns, Reaching safepoint: 109441 ns, At safepoint: 3733 ns, Total: 113174 ns
[2024-02-13T16:03:12.825+0000][7][safepoint   ] Safepoint "Cleanup", Time since last: 17001067992 ns, Reaching safepoint: 116259 ns, At safepoint: 3442 ns, Total: 119701 ns
[2024-02-13T16:03:13.825+0000][7][safepoint   ] Safepoint "Cleanup", Time since last: 1000141329 ns, Reaching safepoint: 92930 ns, At safepoint: 3205 ns, Total: 96135 ns
[2024-02-13T16:03:22.826+0000][7][safepoint   ] Safepoint "Cleanup", Time since last: 9000623042 ns, Reaching safepoint: 119002 ns, At safepoint: 15033 ns, Total: 134035 ns
[2024-02-13T16:03:35.827+0000][7][safepoint   ] Safepoint "Cleanup", Time since last: 13000879381 ns, Reaching safepoint: 89770 ns, At safepoint: 3862 ns, Total: 93632 ns
[2024-02-13T16:03:55.828+0000][7][safepoint   ] Safepoint "Cleanup", Time since last: 20001284075 ns, Reaching safepoint: 121070 ns, At safepoint: 4696 ns, Total: 125766 ns
[2024-02-13T16:04:55.832+0000][7][safepoint   ] Safepoint "Cleanup", Time since last: 60003611442 ns, Reaching safepoint: 111317 ns, At safepoint: 3799 ns, Total: 115116 ns
[2024-02-13T16:08:25.844+0000][7][safepoint   ] Safepoint "Cleanup", Time since last: 210012329441 ns, Reaching safepoint: 100972 ns, At safepoint: 4115 ns, Total: 105087 ns
[2024-02-13T16:08:26.844+0000][7][safepoint   ] Safepoint "Cleanup", Time since last: 1000126235 ns, Reaching safepoint: 83268 ns, At safepoint: 4010 ns, Total: 87278 ns
[2024-02-13T16:12:25.859+0000][7][safepoint   ] Safepoint "Cleanup", Time since last: 239014114147 ns, Reaching safepoint: 121743 ns, At safepoint: 4306 ns, Total: 126049 ns
[2024-02-13T16:12:56.861+0000][7][safepoint   ] Safepoint "Cleanup", Time since last: 31001869110 ns, Reaching safepoint: 101218 ns, At safepoint: 6550 ns, Total: 107768 ns
[2024-02-13T16:16:13.872+0000][7][safepoint   ] Safepoint "Cleanup", Time since last: 197011555801 ns, Reaching safepoint: 106690 ns, At safepoint: 3353 ns, Total: 110043 ns
[2024-02-13T16:16:14.872+0000][7][safepoint   ] Safepoint "Cleanup", Time since last: 1000127425 ns, Reaching safepoint: 120508 ns, At safepoint: 4066 ns, Total: 124574 ns
[2024-02-13T16:17:06.876+0000][7][safepoint   ] Safepoint "Cleanup", Time since last: 52003024877 ns, Reaching safepoint: 85192 ns, At safepoint: 3264 ns, Total: 88456 ns
[2024-02-13T16:17:36.878+0000][7][safepoint   ] Safepoint "Cleanup", Time since last: 30001973241 ns, Reaching safepoint: 123849 ns, At safepoint: 4966 ns, Total: 128815 ns
[2024-02-13T16:18:23.881+0000][7][safepoint   ] Safepoint "Cleanup", Time since last: 47002788244 ns, Reaching safepoint: 86789 ns, At safepoint: 2794 ns, Total: 89583 ns
[2024-02-13T16:18:59.883+0000][7][safepoint   ] Safepoint "Cleanup", Time since last: 36002174506 ns, Reaching safepoint: 87829 ns, At safepoint: 6181 ns, Total: 94010 ns
[2024-02-13T16:19:34.885+0000][7][safepoint   ] Safepoint "Cleanup", Time since last: 35002183425 ns, Reaching safepoint: 89170 ns, At safepoint: 3777 ns, Total: 92947 ns
[2024-02-13T16:20:33.889+0000][7][safepoint   ] Safepoint "Cleanup", Time since last: 59003616358 ns, Reaching safepoint: 88465 ns, At safepoint: 5771 ns, Total: 94236 ns
[2024-02-13T16:24:59.904+0000][7][gc,start    ] GC(22) Pause Young (Normal) (G1 Evacuation Pause)
[2024-02-13T16:24:59.904+0000][7][gc,task     ] GC(22) Using 12 workers of 13 for evacuation
[2024-02-13T16:24:59.904+0000][7][gc,age      ] GC(22) Desired survivor size 20971520 bytes, new threshold 15 (max threshold 15)
[2024-02-13T16:24:59.911+0000][7][gc,age      ] GC(22) Age table with threshold 15 (max threshold 15)
[2024-02-13T16:24:59.911+0000][7][gc,age      ] GC(22) - age   1:    2244696 bytes,    2244696 total
[2024-02-13T16:24:59.911+0000][7][gc,age      ] GC(22) - age   2:      69848 bytes,    2314544 total
[2024-02-13T16:24:59.911+0000][7][gc,age      ] GC(22) - age   3:     133816 bytes,    2448360 total
[2024-02-13T16:24:59.911+0000][7][gc,age      ] GC(22) - age   4:     992296 bytes,    3440656 total
[2024-02-13T16:24:59.911+0000][7][gc,age      ] GC(22) - age   5:    2929704 bytes,    6370360 total
[2024-02-13T16:24:59.911+0000][7][gc,age      ] GC(22) - age   6:   12175960 bytes,   18546320 total
[2024-02-13T16:24:59.911+0000][7][gc,phases   ] GC(22)   Pre Evacuate Collection Set: 0.1ms
[2024-02-13T16:24:59.911+0000][7][gc,phases   ] GC(22)   Merge Heap Roots: 0.1ms
[2024-02-13T16:24:59.911+0000][7][gc,phases   ] GC(22)   Evacuate Collection Set: 5.9ms
[2024-02-13T16:24:59.911+0000][7][gc,phases   ] GC(22)   Post Evacuate Collection Set: 0.9ms
[2024-02-13T16:24:59.911+0000][7][gc,phases   ] GC(22)   Other: 0.3ms
[2024-02-13T16:24:59.911+0000][7][gc,heap     ] GC(22) Eden regions: 71->0(71)
[2024-02-13T16:24:59.911+0000][7][gc,heap     ] GC(22) Survivor regions: 5->5(10)
[2024-02-13T16:24:59.911+0000][7][gc,heap     ] GC(22) Old regions: 16->16
[2024-02-13T16:24:59.911+0000][7][gc,heap     ] GC(22) Archive regions: 2->2
[2024-02-13T16:24:59.911+0000][7][gc,heap     ] GC(22) Humongous regions: 2->2
[2024-02-13T16:24:59.911+0000][7][gc,metaspace] GC(22) Metaspace: 97189K(101448K)->97189K(101448K) NonClass: 84367K(87472K)->84367K(87472K) Class: 12822K(13976K)->12822K(13976K)
[2024-02-13T16:24:59.911+0000][7][gc          ] GC(22) Pause Young (Normal) (G1 Evacuation Pause) 375M->92M(512M) 7.454ms
[2024-02-13T16:24:59.911+0000][7][gc,cpu      ] GC(22) User=0.05s Sys=0.00s Real=0.01s
[2024-02-13T16:24:59.911+0000][7][safepoint   ] Safepoint "G1CollectForAllocation", Time since last: 266014701797 ns, Reaching safepoint: 83717 ns, At safepoint: 7550959 ns, Total: 7634676 ns
[2024-02-13T16:25:55.915+0000][7][safepoint   ] Safepoint "Cleanup", Time since last: 56003340194 ns, Reaching safepoint: 83152 ns, At safepoint: 7400 ns, Total: 90552 ns
[2024-02-13T16:30:26.931+0000][7][safepoint   ] Safepoint "Cleanup", Time since last: 271016094791 ns, Reaching safepoint: 88535 ns, At safepoint: 3720 ns, Total: 92255 ns
[2024-02-13T16:33:08.941+0000][7][safepoint   ] Safepoint "Cleanup", Time since last: 162009899196 ns, Reaching safepoint: 93281 ns, At safepoint: 11825 ns, Total: 105106 ns
[2024-02-13T16:35:19.249+0000][7][safepoint   ] Safepoint "Cleanup", Time since last: 130307741563 ns, Reaching safepoint: 179657 ns, At safepoint: 12770 ns, Total: 192427 ns
[2024-02-13T16:35:19.262+0000][7][gc,heap,exit] Heap
[2024-02-13T16:35:19.262+0000][7][gc,heap,exit]  garbage-first heap   total 524288K, used 123655K [0x00000000e0000000, 0x0000000100000000)
[2024-02-13T16:35:19.262+0000][7][gc,heap,exit]   region size 4096K, 13 young (53248K), 5 survivors (20480K)
[2024-02-13T16:35:19.262+0000][7][gc,heap,exit]  Metaspace       used 97390K, capacity 100740K, committed 101704K, reserved 1136640K
[2024-02-13T16:35:19.262+0000][7][gc,heap,exit]   class space    used 12862K, capacity 13933K, committed 13976K, reserved 1048576K
