[2024-02-16T17:41:14.216+0000][7][gc] Using G1
[2024-02-16T17:41:14.641+0000][7][gc,init] Version: 15.0.1+9 (release)
[2024-02-16T17:41:14.641+0000][7][gc,init] CPUs: 16 total, 16 available
[2024-02-16T17:41:14.641+0000][7][gc,init] Memory: 63240M
[2024-02-16T17:41:14.641+0000][7][gc,init] Large Page Support: Disabled
[2024-02-16T17:41:14.641+0000][7][gc,init] NUMA Support: Disabled
[2024-02-16T17:41:14.641+0000][7][gc,init] Compressed Oops: Enabled (32-bit)
[2024-02-16T17:41:14.641+0000][7][gc,init] Heap Region Size: 4M
[2024-02-16T17:41:14.641+0000][7][gc,init] Heap Min Capacity: 1G
[2024-02-16T17:41:14.641+0000][7][gc,init] Heap Initial Capacity: 1G
[2024-02-16T17:41:14.641+0000][7][gc,init] Heap Max Capacity: 1G
[2024-02-16T17:41:14.641+0000][7][gc,init] Pre-touch: Enabled
[2024-02-16T17:41:14.641+0000][7][gc,init] Parallel Workers: 13
[2024-02-16T17:41:14.641+0000][7][gc,init] Concurrent Workers: 3
[2024-02-16T17:41:14.641+0000][7][gc,init] Concurrent Refinement Workers: 13
[2024-02-16T17:41:14.641+0000][7][gc,init] Periodic GC: Disabled
[2024-02-16T17:41:14.641+0000][7][gc,cds ] Mark closed archive regions in map: [0x00000000ffc00000, 0x00000000ffc7bff8]
[2024-02-16T17:41:14.642+0000][7][gc,cds ] Mark open archive regions in map: [0x00000000ffb00000, 0x00000000ffb51ff8]
[2024-02-16T17:41:14.642+0000][7][gc,metaspace] CDS archive(s) mapped at: [0x0000000800000000-0x0000000800b2a000-0x0000000800b2a000), size 11706368, SharedBaseAddress: 0x0000000800000000, ArchiveRelocationMode: 0.
[2024-02-16T17:41:14.642+0000][7][gc,metaspace] Compressed class space mapped at: 0x0000000800b2c000-0x0000000840b2c000, size: 1073741824
[2024-02-16T17:41:14.642+0000][7][gc,metaspace] Narrow klass base: 0x0000000800000000, Narrow klass shift: 3, Narrow klass range: 0x100000000
[2024-02-16T17:41:14.890+0000][7][safepoint   ] Safepoint "ICBufferFull", Time since last: 239561681 ns, Reaching safepoint: 112859 ns, At safepoint: 5895 ns, Total: 118754 ns
[2024-02-16T17:41:15.088+0000][7][safepoint   ] Safepoint "ICBufferFull", Time since last: 198434294 ns, Reaching safepoint: 106478 ns, At safepoint: 4577 ns, Total: 111055 ns
[2024-02-16T17:41:15.494+0000][7][gc,start    ] GC(0) Pause Young (Normal) (G1 Evacuation Pause)
[2024-02-16T17:41:15.495+0000][7][gc,task     ] GC(0) Using 13 workers of 13 for evacuation
[2024-02-16T17:41:15.495+0000][7][gc,age      ] GC(0) Desired survivor size 4194304 bytes, new threshold 15 (max threshold 15)
[2024-02-16T17:41:15.498+0000][7][gc,age      ] GC(0) Age table with threshold 15 (max threshold 15)
[2024-02-16T17:41:15.498+0000][7][gc,age      ] GC(0) - age   1:    6208064 bytes,    6208064 total
[2024-02-16T17:41:15.498+0000][7][gc,phases   ] GC(0)   Pre Evacuate Collection Set: 0.1ms
[2024-02-16T17:41:15.498+0000][7][gc,phases   ] GC(0)   Merge Heap Roots: 0.0ms
[2024-02-16T17:41:15.498+0000][7][gc,phases   ] GC(0)   Evacuate Collection Set: 2.7ms
[2024-02-16T17:41:15.498+0000][7][gc,phases   ] GC(0)   Post Evacuate Collection Set: 0.3ms
[2024-02-16T17:41:15.498+0000][7][gc,phases   ] GC(0)   Other: 0.9ms
[2024-02-16T17:41:15.498+0000][7][gc,heap     ] GC(0) Eden regions: 12->0(11)
[2024-02-16T17:41:15.498+0000][7][gc,heap     ] GC(0) Survivor regions: 0->2(2)
[2024-02-16T17:41:15.498+0000][7][gc,heap     ] GC(0) Old regions: 0->0
[2024-02-16T17:41:15.498+0000][7][gc,heap     ] GC(0) Archive regions: 2->2
[2024-02-16T17:41:15.498+0000][7][gc,heap     ] GC(0) Humongous regions: 0->0
[2024-02-16T17:41:15.498+0000][7][gc,metaspace] GC(0) Metaspace: 12158K(12544K)->12158K(12544K) NonClass: 10726K(11008K)->10726K(11008K) Class: 1432K(1536K)->1432K(1536K)
[2024-02-16T17:41:15.498+0000][7][gc          ] GC(0) Pause Young (Normal) (G1 Evacuation Pause) 51M->9M(1024M) 4.146ms
[2024-02-16T17:41:15.498+0000][7][gc,cpu      ] GC(0) User=0.03s Sys=0.00s Real=0.01s
[2024-02-16T17:41:15.498+0000][7][safepoint   ] Safepoint "G1CollectForAllocation", Time since last: 406121915 ns, Reaching safepoint: 96278 ns, At safepoint: 4220994 ns, Total: 4317272 ns
[2024-02-16T17:41:15.922+0000][7][safepoint   ] Safepoint "ICBufferFull", Time since last: 423348690 ns, Reaching safepoint: 137415 ns, At safepoint: 7017 ns, Total: 144432 ns
[2024-02-16T17:41:15.994+0000][7][gc,start    ] GC(1) Pause Young (Normal) (G1 Evacuation Pause)
[2024-02-16T17:41:15.994+0000][7][gc,task     ] GC(1) Using 13 workers of 13 for evacuation
[2024-02-16T17:41:15.994+0000][7][gc,age      ] GC(1) Desired survivor size 4194304 bytes, new threshold 1 (max threshold 15)
[2024-02-16T17:41:15.998+0000][7][gc,age      ] GC(1) Age table with threshold 1 (max threshold 15)
[2024-02-16T17:41:15.998+0000][7][gc,age      ] GC(1) - age   1:    1205680 bytes,    1205680 total
[2024-02-16T17:41:15.998+0000][7][gc,phases   ] GC(1)   Pre Evacuate Collection Set: 0.1ms
[2024-02-16T17:41:15.998+0000][7][gc,phases   ] GC(1)   Merge Heap Roots: 0.0ms
[2024-02-16T17:41:15.998+0000][7][gc,phases   ] GC(1)   Evacuate Collection Set: 3.3ms
[2024-02-16T17:41:15.998+0000][7][gc,phases   ] GC(1)   Post Evacuate Collection Set: 0.4ms
[2024-02-16T17:41:15.998+0000][7][gc,phases   ] GC(1)   Other: 0.3ms
[2024-02-16T17:41:15.998+0000][7][gc,heap     ] GC(1) Eden regions: 11->0(22)
[2024-02-16T17:41:15.998+0000][7][gc,heap     ] GC(1) Survivor regions: 2->1(2)
[2024-02-16T17:41:15.998+0000][7][gc,heap     ] GC(1) Old regions: 0->2
[2024-02-16T17:41:15.998+0000][7][gc,heap     ] GC(1) Archive regions: 2->2
[2024-02-16T17:41:15.998+0000][7][gc,heap     ] GC(1) Humongous regions: 0->0
[2024-02-16T17:41:15.998+0000][7][gc,metaspace] GC(1) Metaspace: 14816K(15360K)->14816K(15360K) NonClass: 13136K(13568K)->13136K(13568K) Class: 1680K(1792K)->1680K(1792K)
[2024-02-16T17:41:15.998+0000][7][gc          ] GC(1) Pause Young (Normal) (G1 Evacuation Pause) 53M->11M(1024M) 4.155ms
[2024-02-16T17:41:15.998+0000][7][gc,cpu      ] GC(1) User=0.03s Sys=0.01s Real=0.01s
[2024-02-16T17:41:15.998+0000][7][safepoint   ] Safepoint "G1CollectForAllocation", Time since last: 71583653 ns, Reaching safepoint: 100055 ns, At safepoint: 4222658 ns, Total: 4322713 ns
[2024-02-16T17:41:16.098+0000][7][safepoint   ] Safepoint "ICBufferFull", Time since last: 100282279 ns, Reaching safepoint: 107347 ns, At safepoint: 3803 ns, Total: 111150 ns
[2024-02-16T17:41:16.101+0000][7][safepoint   ] Safepoint "ICBufferFull", Time since last: 2975621 ns, Reaching safepoint: 37581 ns, At safepoint: 3751 ns, Total: 41332 ns
[2024-02-16T17:41:16.103+0000][7][safepoint   ] Safepoint "ICBufferFull", Time since last: 2147224 ns, Reaching safepoint: 39599 ns, At safepoint: 3182 ns, Total: 42781 ns
[2024-02-16T17:41:16.106+0000][7][safepoint   ] Safepoint "ICBufferFull", Time since last: 2026153 ns, Reaching safepoint: 32552 ns, At safepoint: 3927 ns, Total: 36479 ns
[2024-02-16T17:41:16.109+0000][7][safepoint   ] Safepoint "ICBufferFull", Time since last: 3287596 ns, Reaching safepoint: 41551 ns, At safepoint: 3280 ns, Total: 44831 ns
[2024-02-16T17:41:16.111+0000][7][safepoint   ] Safepoint "ICBufferFull", Time since last: 2554961 ns, Reaching safepoint: 36595 ns, At safepoint: 3956 ns, Total: 40551 ns
[2024-02-16T17:41:16.113+0000][7][safepoint   ] Safepoint "ICBufferFull", Time since last: 1948423 ns, Reaching safepoint: 30986 ns, At safepoint: 2869 ns, Total: 33855 ns
[2024-02-16T17:41:16.115+0000][7][safepoint   ] Safepoint "ICBufferFull", Time since last: 1379345 ns, Reaching safepoint: 30063 ns, At safepoint: 2908 ns, Total: 32971 ns
[2024-02-16T17:41:16.117+0000][7][safepoint   ] Safepoint "ICBufferFull", Time since last: 2284170 ns, Reaching safepoint: 31036 ns, At safepoint: 2821 ns, Total: 33857 ns
[2024-02-16T17:41:16.120+0000][7][safepoint   ] Safepoint "ICBufferFull", Time since last: 2336827 ns, Reaching safepoint: 29210 ns, At safepoint: 5206 ns, Total: 34416 ns
[2024-02-16T17:41:16.122+0000][7][safepoint   ] Safepoint "ICBufferFull", Time since last: 2263349 ns, Reaching safepoint: 30265 ns, At safepoint: 2832 ns, Total: 33097 ns
[2024-02-16T17:41:16.124+0000][7][safepoint   ] Safepoint "ICBufferFull", Time since last: 2157342 ns, Reaching safepoint: 34609 ns, At safepoint: 3206 ns, Total: 37815 ns
[2024-02-16T17:41:16.126+0000][7][safepoint   ] Safepoint "ICBufferFull", Time since last: 2085002 ns, Reaching safepoint: 35050 ns, At safepoint: 4140 ns, Total: 39190 ns
[2024-02-16T17:41:16.130+0000][7][safepoint   ] Safepoint "ICBufferFull", Time since last: 3793436 ns, Reaching safepoint: 39822 ns, At safepoint: 3186 ns, Total: 43008 ns
[2024-02-16T17:41:16.132+0000][7][safepoint   ] Safepoint "ICBufferFull", Time since last: 2105069 ns, Reaching safepoint: 37581 ns, At safepoint: 3102 ns, Total: 40683 ns
[2024-02-16T17:41:16.216+0000][7][gc,start    ] GC(2) Pause Young (Normal) (G1 Evacuation Pause)
[2024-02-16T17:41:16.216+0000][7][gc,task     ] GC(2) Using 13 workers of 13 for evacuation
[2024-02-16T17:41:16.216+0000][7][gc,age      ] GC(2) Desired survivor size 6291456 bytes, new threshold 15 (max threshold 15)
[2024-02-16T17:41:16.218+0000][7][gc,age      ] GC(2) Age table with threshold 15 (max threshold 15)
[2024-02-16T17:41:16.218+0000][7][gc,age      ] GC(2) - age   1:    4042128 bytes,    4042128 total
[2024-02-16T17:41:16.218+0000][7][gc,age      ] GC(2) - age   2:    1169184 bytes,    5211312 total
[2024-02-16T17:41:16.218+0000][7][gc,phases   ] GC(2)   Pre Evacuate Collection Set: 0.1ms
[2024-02-16T17:41:16.218+0000][7][gc,phases   ] GC(2)   Merge Heap Roots: 0.1ms
[2024-02-16T17:41:16.218+0000][7][gc,phases   ] GC(2)   Evacuate Collection Set: 1.8ms
[2024-02-16T17:41:16.218+0000][7][gc,phases   ] GC(2)   Post Evacuate Collection Set: 0.3ms
[2024-02-16T17:41:16.218+0000][7][gc,phases   ] GC(2)   Other: 0.3ms
[2024-02-16T17:41:16.218+0000][7][gc,heap     ] GC(2) Eden regions: 22->0(151)
[2024-02-16T17:41:16.218+0000][7][gc,heap     ] GC(2) Survivor regions: 1->2(3)
[2024-02-16T17:41:16.218+0000][7][gc,heap     ] GC(2) Old regions: 2->2
[2024-02-16T17:41:16.218+0000][7][gc,heap     ] GC(2) Archive regions: 2->2
[2024-02-16T17:41:16.218+0000][7][gc,heap     ] GC(2) Humongous regions: 0->0
[2024-02-16T17:41:16.218+0000][7][gc,metaspace] GC(2) Metaspace: 16604K(17152K)->16604K(17152K) NonClass: 14656K(15104K)->14656K(15104K) Class: 1947K(2048K)->1947K(2048K)
[2024-02-16T17:41:16.218+0000][7][gc          ] GC(2) Pause Young (Normal) (G1 Evacuation Pause) 99M->14M(1024M) 2.682ms
[2024-02-16T17:41:16.218+0000][7][gc,cpu      ] GC(2) User=0.02s Sys=0.00s Real=0.01s
[2024-02-16T17:41:16.218+0000][7][safepoint   ] Safepoint "G1CollectForAllocation", Time since last: 83239624 ns, Reaching safepoint: 99455 ns, At safepoint: 2750601 ns, Total: 2850056 ns
[2024-02-16T17:41:16.572+0000][7][safepoint   ] Safepoint "ICBufferFull", Time since last: 353127554 ns, Reaching safepoint: 139205 ns, At safepoint: 4200 ns, Total: 143405 ns
[2024-02-16T17:41:16.846+0000][7][gc,start    ] GC(3) Pause Young (Normal) (G1 Evacuation Pause)
[2024-02-16T17:41:16.846+0000][7][gc,task     ] GC(3) Using 13 workers of 13 for evacuation
[2024-02-16T17:41:16.846+0000][7][gc,age      ] GC(3) Desired survivor size 41943040 bytes, new threshold 15 (max threshold 15)
[2024-02-16T17:41:16.849+0000][7][gc,age      ] GC(3) Age table with threshold 15 (max threshold 15)
[2024-02-16T17:41:16.849+0000][7][gc,age      ] GC(3) - age   1:    7035104 bytes,    7035104 total
[2024-02-16T17:41:16.849+0000][7][gc,age      ] GC(3) - age   2:    1469416 bytes,    8504520 total
[2024-02-16T17:41:16.849+0000][7][gc,age      ] GC(3) - age   3:    1168880 bytes,    9673400 total
[2024-02-16T17:41:16.849+0000][7][gc,phases   ] GC(3)   Pre Evacuate Collection Set: 0.1ms
[2024-02-16T17:41:16.849+0000][7][gc,phases   ] GC(3)   Merge Heap Roots: 0.1ms
[2024-02-16T17:41:16.849+0000][7][gc,phases   ] GC(3)   Evacuate Collection Set: 2.4ms
[2024-02-16T17:41:16.849+0000][7][gc,phases   ] GC(3)   Post Evacuate Collection Set: 0.5ms
[2024-02-16T17:41:16.849+0000][7][gc,phases   ] GC(3)   Other: 0.3ms
[2024-02-16T17:41:16.849+0000][7][gc,heap     ] GC(3) Eden regions: 151->0(150)
[2024-02-16T17:41:16.849+0000][7][gc,heap     ] GC(3) Survivor regions: 2->3(20)
[2024-02-16T17:41:16.849+0000][7][gc,heap     ] GC(3) Old regions: 2->2
[2024-02-16T17:41:16.849+0000][7][gc,heap     ] GC(3) Archive regions: 2->2
[2024-02-16T17:41:16.849+0000][7][gc,heap     ] GC(3) Humongous regions: 0->0
[2024-02-16T17:41:16.849+0000][7][gc,metaspace] GC(3) Metaspace: 19300K(20224K)->19300K(20224K) NonClass: 17010K(17664K)->17010K(17664K) Class: 2290K(2560K)->2290K(2560K)
[2024-02-16T17:41:16.849+0000][7][gc          ] GC(3) Pause Young (Normal) (G1 Evacuation Pause) 618M->19M(1024M) 3.520ms
[2024-02-16T17:41:16.849+0000][7][gc,cpu      ] GC(3) User=0.03s Sys=0.00s Real=0.01s
[2024-02-16T17:41:16.849+0000][7][safepoint   ] Safepoint "G1CollectForAllocation", Time since last: 274113663 ns, Reaching safepoint: 71246 ns, At safepoint: 3588787 ns, Total: 3660033 ns
[2024-02-16T17:41:17.294+0000][7][gc,start    ] GC(4) Pause Young (Normal) (G1 Evacuation Pause)
[2024-02-16T17:41:17.294+0000][7][gc,task     ] GC(4) Using 13 workers of 13 for evacuation
[2024-02-16T17:41:17.294+0000][7][gc,age      ] GC(4) Desired survivor size 41943040 bytes, new threshold 15 (max threshold 15)
[2024-02-16T17:41:17.297+0000][7][gc,age      ] GC(4) Age table with threshold 15 (max threshold 15)
[2024-02-16T17:41:17.297+0000][7][gc,age      ] GC(4) - age   1:    3036752 bytes,    3036752 total
[2024-02-16T17:41:17.297+0000][7][gc,age      ] GC(4) - age   2:    6005280 bytes,    9042032 total
[2024-02-16T17:41:17.297+0000][7][gc,age      ] GC(4) - age   3:    1469416 bytes,   10511448 total
[2024-02-16T17:41:17.297+0000][7][gc,age      ] GC(4) - age   4:    1168704 bytes,   11680152 total
[2024-02-16T17:41:17.297+0000][7][gc,phases   ] GC(4)   Pre Evacuate Collection Set: 0.1ms
[2024-02-16T17:41:17.297+0000][7][gc,phases   ] GC(4)   Merge Heap Roots: 0.1ms
[2024-02-16T17:41:17.297+0000][7][gc,phases   ] GC(4)   Evacuate Collection Set: 2.2ms
[2024-02-16T17:41:17.297+0000][7][gc,phases   ] GC(4)   Post Evacuate Collection Set: 0.5ms
[2024-02-16T17:41:17.297+0000][7][gc,phases   ] GC(4)   Other: 0.3ms
[2024-02-16T17:41:17.297+0000][7][gc,heap     ] GC(4) Eden regions: 150->0(150)
[2024-02-16T17:41:17.297+0000][7][gc,heap     ] GC(4) Survivor regions: 3->3(20)
[2024-02-16T17:41:17.297+0000][7][gc,heap     ] GC(4) Old regions: 2->2
[2024-02-16T17:41:17.297+0000][7][gc,heap     ] GC(4) Archive regions: 2->2
[2024-02-16T17:41:17.297+0000][7][gc,heap     ] GC(4) Humongous regions: 0->0
[2024-02-16T17:41:17.297+0000][7][gc,metaspace] GC(4) Metaspace: 19976K(21296K)->19976K(21296K) NonClass: 17564K(18608K)->17564K(18608K) Class: 2412K(2688K)->2412K(2688K)
[2024-02-16T17:41:17.297+0000][7][gc          ] GC(4) Pause Young (Normal) (G1 Evacuation Pause) 619M->21M(1024M) 3.284ms
[2024-02-16T17:41:17.297+0000][7][gc,cpu      ] GC(4) User=0.01s Sys=0.01s Real=0.01s
[2024-02-16T17:41:17.297+0000][7][safepoint   ] Safepoint "G1CollectForAllocation", Time since last: 444726868 ns, Reaching safepoint: 77234 ns, At safepoint: 3350696 ns, Total: 3427930 ns
[2024-02-16T17:41:17.313+0000][7][gc,start    ] GC(5) Pause Young (Concurrent Start) (Metadata GC Threshold)
[2024-02-16T17:41:17.313+0000][7][gc,task     ] GC(5) Using 13 workers of 13 for evacuation
[2024-02-16T17:41:17.313+0000][7][gc,age      ] GC(5) Desired survivor size 41943040 bytes, new threshold 15 (max threshold 15)
[2024-02-16T17:41:17.316+0000][7][gc,age      ] GC(5) Age table with threshold 15 (max threshold 15)
[2024-02-16T17:41:17.316+0000][7][gc,age      ] GC(5) - age   1:      65576 bytes,      65576 total
[2024-02-16T17:41:17.316+0000][7][gc,age      ] GC(5) - age   2:    2486488 bytes,    2552064 total
[2024-02-16T17:41:17.316+0000][7][gc,age      ] GC(5) - age   3:    6004896 bytes,    8556960 total
[2024-02-16T17:41:17.316+0000][7][gc,age      ] GC(5) - age   4:    1469416 bytes,   10026376 total
[2024-02-16T17:41:17.316+0000][7][gc,age      ] GC(5) - age   5:    1168704 bytes,   11195080 total
[2024-02-16T17:41:17.316+0000][7][gc,phases   ] GC(5)   Pre Evacuate Collection Set: 0.2ms
[2024-02-16T17:41:17.316+0000][7][gc,phases   ] GC(5)   Merge Heap Roots: 0.0ms
[2024-02-16T17:41:17.316+0000][7][gc,phases   ] GC(5)   Evacuate Collection Set: 2.6ms
[2024-02-16T17:41:17.316+0000][7][gc,phases   ] GC(5)   Post Evacuate Collection Set: 0.3ms
[2024-02-16T17:41:17.316+0000][7][gc,phases   ] GC(5)   Other: 0.3ms
[2024-02-16T17:41:17.316+0000][7][gc,heap     ] GC(5) Eden regions: 5->0(150)
[2024-02-16T17:41:17.316+0000][7][gc,heap     ] GC(5) Survivor regions: 3->3(20)
[2024-02-16T17:41:17.316+0000][7][gc,heap     ] GC(5) Old regions: 2->2
[2024-02-16T17:41:17.316+0000][7][gc,heap     ] GC(5) Archive regions: 2->2
[2024-02-16T17:41:17.316+0000][7][gc,heap     ] GC(5) Humongous regions: 0->0
[2024-02-16T17:41:17.316+0000][7][gc,metaspace] GC(5) Metaspace: 20009K(21296K)->20009K(21296K) NonClass: 17592K(18608K)->17592K(18608K) Class: 2417K(2688K)->2417K(2688K)
[2024-02-16T17:41:17.316+0000][7][gc          ] GC(5) Pause Young (Concurrent Start) (Metadata GC Threshold) 41M->21M(1024M) 3.517ms
[2024-02-16T17:41:17.316+0000][7][gc,cpu      ] GC(5) User=0.02s Sys=0.00s Real=0.00s
[2024-02-16T17:41:17.317+0000][7][safepoint   ] Safepoint "CollectForMetadataAllocation", Time since last: 15409817 ns, Reaching safepoint: 72641 ns, At safepoint: 3736389 ns, Total: 3809030 ns
[2024-02-16T17:41:17.317+0000][7][gc          ] GC(6) Concurrent Cycle
[2024-02-16T17:41:17.317+0000][7][gc,marking  ] GC(6) Concurrent Clear Claimed Marks
[2024-02-16T17:41:17.317+0000][7][gc,marking  ] GC(6) Concurrent Clear Claimed Marks 0.025ms
[2024-02-16T17:41:17.317+0000][7][gc,marking  ] GC(6) Concurrent Scan Root Regions
[2024-02-16T17:41:17.320+0000][7][gc,marking  ] GC(6) Concurrent Scan Root Regions 3.420ms
[2024-02-16T17:41:17.320+0000][7][gc,marking  ] GC(6) Concurrent Mark (3.111s)
[2024-02-16T17:41:17.320+0000][7][gc,marking  ] GC(6) Concurrent Mark From Roots
[2024-02-16T17:41:17.320+0000][7][gc,task     ] GC(6) Using 3 workers of 3 for marking
[2024-02-16T17:41:17.325+0000][7][gc,marking  ] GC(6) Concurrent Mark From Roots 4.757ms
[2024-02-16T17:41:17.325+0000][7][gc,marking  ] GC(6) Concurrent Preclean
[2024-02-16T17:41:17.325+0000][7][gc,marking  ] GC(6) Concurrent Preclean 0.203ms
[2024-02-16T17:41:17.325+0000][7][gc,marking  ] GC(6) Concurrent Mark (3.111s, 3.116s) 5.063ms
[2024-02-16T17:41:17.326+0000][7][gc,start    ] GC(6) Pause Remark
[2024-02-16T17:41:17.328+0000][7][gc          ] GC(6) Pause Remark 33M->33M(1024M) 2.055ms
[2024-02-16T17:41:17.328+0000][7][gc,cpu      ] GC(6) User=0.01s Sys=0.01s Real=0.01s
[2024-02-16T17:41:17.328+0000][7][safepoint   ] Safepoint "G1Concurrent", Time since last: 8796692 ns, Reaching safepoint: 145243 ns, At safepoint: 2142899 ns, Total: 2288142 ns
[2024-02-16T17:41:17.328+0000][7][gc,marking  ] GC(6) Concurrent Rebuild Remembered Sets
[2024-02-16T17:41:17.330+0000][7][gc,marking  ] GC(6) Concurrent Rebuild Remembered Sets 2.639ms
[2024-02-16T17:41:17.331+0000][7][gc,start    ] GC(6) Pause Cleanup
[2024-02-16T17:41:17.331+0000][7][gc          ] GC(6) Pause Cleanup 37M->37M(1024M) 0.149ms
[2024-02-16T17:41:17.331+0000][7][gc,cpu      ] GC(6) User=0.00s Sys=0.00s Real=0.00s
[2024-02-16T17:41:17.331+0000][7][safepoint   ] Safepoint "G1Concurrent", Time since last: 2731584 ns, Reaching safepoint: 457874 ns, At safepoint: 212995 ns, Total: 670869 ns
[2024-02-16T17:41:17.331+0000][7][gc,marking  ] GC(6) Concurrent Cleanup for Next Mark
[2024-02-16T17:41:17.332+0000][7][gc,marking  ] GC(6) Concurrent Cleanup for Next Mark 1.127ms
[2024-02-16T17:41:17.333+0000][7][gc          ] GC(6) Concurrent Cycle 15.807ms
[2024-02-16T17:41:17.985+0000][7][safepoint   ] Safepoint "ICBufferFull", Time since last: 653299184 ns, Reaching safepoint: 144701 ns, At safepoint: 3772 ns, Total: 148473 ns
[2024-02-16T17:41:18.149+0000][7][safepoint   ] Safepoint "ICBufferFull", Time since last: 164289995 ns, Reaching safepoint: 145154 ns, At safepoint: 4231 ns, Total: 149385 ns
[2024-02-16T17:41:18.944+0000][7][gc,start    ] GC(7) Pause Young (Normal) (G1 Evacuation Pause)
[2024-02-16T17:41:18.944+0000][7][gc,task     ] GC(7) Using 13 workers of 13 for evacuation
[2024-02-16T17:41:18.944+0000][7][gc,age      ] GC(7) Desired survivor size 41943040 bytes, new threshold 15 (max threshold 15)
[2024-02-16T17:41:18.955+0000][7][gc,age      ] GC(7) Age table with threshold 15 (max threshold 15)
[2024-02-16T17:41:18.955+0000][7][gc,age      ] GC(7) - age   1:   24519816 bytes,   24519816 total
[2024-02-16T17:41:18.955+0000][7][gc,age      ] GC(7) - age   2:      48048 bytes,   24567864 total
[2024-02-16T17:41:18.955+0000][7][gc,age      ] GC(7) - age   3:    2454080 bytes,   27021944 total
[2024-02-16T17:41:18.955+0000][7][gc,age      ] GC(7) - age   4:    5969680 bytes,   32991624 total
[2024-02-16T17:41:18.955+0000][7][gc,age      ] GC(7) - age   5:    1425648 bytes,   34417272 total
[2024-02-16T17:41:18.955+0000][7][gc,age      ] GC(7) - age   6:    1136144 bytes,   35553416 total
[2024-02-16T17:41:18.955+0000][7][gc,phases   ] GC(7)   Pre Evacuate Collection Set: 0.1ms
[2024-02-16T17:41:18.955+0000][7][gc,phases   ] GC(7)   Merge Heap Roots: 0.1ms
[2024-02-16T17:41:18.955+0000][7][gc,phases   ] GC(7)   Evacuate Collection Set: 10.1ms
[2024-02-16T17:41:18.955+0000][7][gc,phases   ] GC(7)   Post Evacuate Collection Set: 0.8ms
[2024-02-16T17:41:18.955+0000][7][gc,phases   ] GC(7)   Other: 0.3ms
[2024-02-16T17:41:18.955+0000][7][gc,heap     ] GC(7) Eden regions: 150->0(144)
[2024-02-16T17:41:18.955+0000][7][gc,heap     ] GC(7) Survivor regions: 3->9(20)
[2024-02-16T17:41:18.955+0000][7][gc,heap     ] GC(7) Old regions: 2->2
[2024-02-16T17:41:18.955+0000][7][gc,heap     ] GC(7) Archive regions: 2->2
[2024-02-16T17:41:18.955+0000][7][gc,heap     ] GC(7) Humongous regions: 0->0
[2024-02-16T17:41:18.955+0000][7][gc,metaspace] GC(7) Metaspace: 29935K(31920K)->29935K(31920K) NonClass: 26214K(27568K)->26214K(27568K) Class: 3721K(4352K)->3721K(4352K)
[2024-02-16T17:41:18.955+0000][7][gc          ] GC(7) Pause Young (Normal) (G1 Evacuation Pause) 621M->44M(1024M) 11.503ms
[2024-02-16T17:41:18.955+0000][7][gc,cpu      ] GC(7) User=0.08s Sys=0.00s Real=0.01s
[2024-02-16T17:41:18.955+0000][7][safepoint   ] Safepoint "G1CollectForAllocation", Time since last: 794637925 ns, Reaching safepoint: 106057 ns, At safepoint: 11569793 ns, Total: 11675850 ns
[2024-02-16T17:41:19.338+0000][7][safepoint   ] Safepoint "ICBufferFull", Time since last: 382826675 ns, Reaching safepoint: 190522 ns, At safepoint: 4355 ns, Total: 194877 ns
[2024-02-16T17:41:19.513+0000][7][gc,start    ] GC(8) Pause Young (Concurrent Start) (Metadata GC Threshold)
[2024-02-16T17:41:19.513+0000][7][gc,task     ] GC(8) Using 13 workers of 13 for evacuation
[2024-02-16T17:41:19.513+0000][7][gc,age      ] GC(8) Desired survivor size 41943040 bytes, new threshold 15 (max threshold 15)
[2024-02-16T17:41:19.532+0000][7][gc,age      ] GC(8) Age table with threshold 15 (max threshold 15)
[2024-02-16T17:41:19.532+0000][7][gc,age      ] GC(8) - age   1:   15437152 bytes,   15437152 total
[2024-02-16T17:41:19.532+0000][7][gc,age      ] GC(8) - age   2:   23599400 bytes,   39036552 total
[2024-02-16T17:41:19.532+0000][7][gc,age      ] GC(8) - age   3:      48048 bytes,   39084600 total
[2024-02-16T17:41:19.532+0000][7][gc,age      ] GC(8) - age   4:    2453984 bytes,   41538584 total
[2024-02-16T17:41:19.532+0000][7][gc,age      ] GC(8) - age   5:    5964848 bytes,   47503432 total
[2024-02-16T17:41:19.532+0000][7][gc,age      ] GC(8) - age   6:    1425584 bytes,   48929016 total
[2024-02-16T17:41:19.532+0000][7][gc,age      ] GC(8) - age   7:    1135976 bytes,   50064992 total
[2024-02-16T17:41:19.532+0000][7][gc,phases   ] GC(8)   Pre Evacuate Collection Set: 0.2ms
[2024-02-16T17:41:19.532+0000][7][gc,phases   ] GC(8)   Merge Heap Roots: 0.0ms
[2024-02-16T17:41:19.532+0000][7][gc,phases   ] GC(8)   Evacuate Collection Set: 17.3ms
[2024-02-16T17:41:19.532+0000][7][gc,phases   ] GC(8)   Post Evacuate Collection Set: 0.7ms
[2024-02-16T17:41:19.532+0000][7][gc,phases   ] GC(8)   Other: 0.4ms
[2024-02-16T17:41:19.532+0000][7][gc,heap     ] GC(8) Eden regions: 28->0(140)
[2024-02-16T17:41:19.532+0000][7][gc,heap     ] GC(8) Survivor regions: 9->13(20)
[2024-02-16T17:41:19.532+0000][7][gc,heap     ] GC(8) Old regions: 2->2
[2024-02-16T17:41:19.532+0000][7][gc,heap     ] GC(8) Archive regions: 2->2
[2024-02-16T17:41:19.532+0000][7][gc,heap     ] GC(8) Humongous regions: 0->0
[2024-02-16T17:41:19.532+0000][7][gc,metaspace] GC(8) Metaspace: 33739K(35888K)->33739K(35888K) NonClass: 29392K(30896K)->29392K(30896K) Class: 4347K(4992K)->4347K(4992K)
[2024-02-16T17:41:19.532+0000][7][gc          ] GC(8) Pause Young (Concurrent Start) (Metadata GC Threshold) 156M->60M(1024M) 18.742ms
[2024-02-16T17:41:19.532+0000][7][gc,cpu      ] GC(8) User=0.15s Sys=0.00s Real=0.02s
[2024-02-16T17:41:19.532+0000][7][safepoint   ] Safepoint "CollectForMetadataAllocation", Time since last: 174720888 ns, Reaching safepoint: 111755 ns, At safepoint: 18963201 ns, Total: 19074956 ns
[2024-02-16T17:41:19.532+0000][7][gc          ] GC(9) Concurrent Cycle
[2024-02-16T17:41:19.533+0000][7][gc,marking  ] GC(9) Concurrent Clear Claimed Marks
[2024-02-16T17:41:19.533+0000][7][gc,marking  ] GC(9) Concurrent Clear Claimed Marks 0.087ms
[2024-02-16T17:41:19.533+0000][7][gc,marking  ] GC(9) Concurrent Scan Root Regions
[2024-02-16T17:41:19.545+0000][7][gc,marking  ] GC(9) Concurrent Scan Root Regions 12.825ms
[2024-02-16T17:41:19.546+0000][7][gc,marking  ] GC(9) Concurrent Mark (5.336s)
[2024-02-16T17:41:19.546+0000][7][gc,marking  ] GC(9) Concurrent Mark From Roots
[2024-02-16T17:41:19.546+0000][7][gc,task     ] GC(9) Using 3 workers of 3 for marking
[2024-02-16T17:41:19.550+0000][7][gc,marking  ] GC(9) Concurrent Mark From Roots 4.913ms
[2024-02-16T17:41:19.551+0000][7][gc,marking  ] GC(9) Concurrent Preclean
[2024-02-16T17:41:19.551+0000][7][gc,marking  ] GC(9) Concurrent Preclean 0.194ms
[2024-02-16T17:41:19.551+0000][7][gc,marking  ] GC(9) Concurrent Mark (5.336s, 5.341s) 5.215ms
[2024-02-16T17:41:19.551+0000][7][gc,start    ] GC(9) Pause Remark
[2024-02-16T17:41:19.553+0000][7][gc          ] GC(9) Pause Remark 62M->62M(1024M) 2.109ms
[2024-02-16T17:41:19.553+0000][7][gc,cpu      ] GC(9) User=0.01s Sys=0.00s Real=0.00s
[2024-02-16T17:41:19.553+0000][7][safepoint   ] Safepoint "G1Concurrent", Time since last: 18802099 ns, Reaching safepoint: 123331 ns, At safepoint: 2200543 ns, Total: 2323874 ns
[2024-02-16T17:41:19.554+0000][7][gc,marking  ] GC(9) Concurrent Rebuild Remembered Sets
[2024-02-16T17:41:19.556+0000][7][gc,marking  ] GC(9) Concurrent Rebuild Remembered Sets 2.762ms
[2024-02-16T17:41:19.558+0000][7][gc,start    ] GC(9) Pause Cleanup
[2024-02-16T17:41:19.558+0000][7][gc          ] GC(9) Pause Cleanup 62M->62M(1024M) 0.163ms
[2024-02-16T17:41:19.558+0000][7][gc,cpu      ] GC(9) User=0.00s Sys=0.00s Real=0.00s
[2024-02-16T17:41:19.558+0000][7][safepoint   ] Safepoint "G1Concurrent", Time since last: 3407157 ns, Reaching safepoint: 851125 ns, At safepoint: 247659 ns, Total: 1098784 ns
[2024-02-16T17:41:19.558+0000][7][gc,marking  ] GC(9) Concurrent Cleanup for Next Mark
[2024-02-16T17:41:19.559+0000][7][gc,marking  ] GC(9) Concurrent Cleanup for Next Mark 1.255ms
[2024-02-16T17:41:19.559+0000][7][gc          ] GC(9) Concurrent Cycle 27.096ms
[2024-02-16T17:41:20.078+0000][7][safepoint   ] Safepoint "ICBufferFull", Time since last: 519976590 ns, Reaching safepoint: 138961 ns, At safepoint: 3096 ns, Total: 142057 ns
[2024-02-16T17:41:20.658+0000][7][safepoint   ] Safepoint "ICBufferFull", Time since last: 580341660 ns, Reaching safepoint: 167906 ns, At safepoint: 5364 ns, Total: 173270 ns
[2024-02-16T17:41:20.723+0000][7][safepoint   ] Safepoint "ICBufferFull", Time since last: 63944360 ns, Reaching safepoint: 275309 ns, At safepoint: 8791 ns, Total: 284100 ns
[2024-02-16T17:41:21.035+0000][7][gc,start    ] GC(10) Pause Young (Concurrent Start) (Metadata GC Threshold)
[2024-02-16T17:41:21.035+0000][7][gc,task     ] GC(10) Using 13 workers of 13 for evacuation
[2024-02-16T17:41:21.035+0000][7][gc,age      ] GC(10) Desired survivor size 41943040 bytes, new threshold 5 (max threshold 15)
[2024-02-16T17:41:21.049+0000][7][gc,age      ] GC(10) Age table with threshold 5 (max threshold 15)
[2024-02-16T17:41:21.049+0000][7][gc,age      ] GC(10) - age   1:    8949168 bytes,    8949168 total
[2024-02-16T17:41:21.049+0000][7][gc,age      ] GC(10) - age   2:   15352816 bytes,   24301984 total
[2024-02-16T17:41:21.049+0000][7][gc,age      ] GC(10) - age   3:   23402464 bytes,   47704448 total
[2024-02-16T17:41:21.049+0000][7][gc,age      ] GC(10) - age   4:      44512 bytes,   47748960 total
[2024-02-16T17:41:21.049+0000][7][gc,age      ] GC(10) - age   5:    2432576 bytes,   50181536 total
[2024-02-16T17:41:21.050+0000][7][gc,phases   ] GC(10)   Pre Evacuate Collection Set: 0.1ms
[2024-02-16T17:41:21.050+0000][7][gc,phases   ] GC(10)   Merge Heap Roots: 0.1ms
[2024-02-16T17:41:21.050+0000][7][gc,phases   ] GC(10)   Evacuate Collection Set: 12.9ms
[2024-02-16T17:41:21.050+0000][7][gc,phases   ] GC(10)   Post Evacuate Collection Set: 1.2ms
[2024-02-16T17:41:21.050+0000][7][gc,phases   ] GC(10)   Other: 0.4ms
[2024-02-16T17:41:21.050+0000][7][gc,heap     ] GC(10) Eden regions: 81->0(140)
[2024-02-16T17:41:21.050+0000][7][gc,heap     ] GC(10) Survivor regions: 13->13(20)
[2024-02-16T17:41:21.050+0000][7][gc,heap     ] GC(10) Old regions: 2->4
[2024-02-16T17:41:21.050+0000][7][gc,heap     ] GC(10) Archive regions: 2->2
[2024-02-16T17:41:21.050+0000][7][gc,heap     ] GC(10) Humongous regions: 0->0
[2024-02-16T17:41:21.050+0000][7][gc,metaspace] GC(10) Metaspace: 57076K(60240K)->57076K(60240K) NonClass: 49611K(51792K)->49611K(51792K) Class: 7465K(8448K)->7465K(8448K)
[2024-02-16T17:41:21.050+0000][7][gc          ] GC(10) Pause Young (Concurrent Start) (Metadata GC Threshold) 382M->69M(1024M) 14.787ms
[2024-02-16T17:41:21.050+0000][7][gc,cpu      ] GC(10) User=0.13s Sys=0.00s Real=0.02s
[2024-02-16T17:41:21.050+0000][7][safepoint   ] Safepoint "CollectForMetadataAllocation", Time since last: 312020205 ns, Reaching safepoint: 163416 ns, At safepoint: 14989600 ns, Total: 15153016 ns
[2024-02-16T17:41:21.050+0000][7][gc          ] GC(11) Concurrent Cycle
[2024-02-16T17:41:21.050+0000][7][gc,marking  ] GC(11) Concurrent Clear Claimed Marks
[2024-02-16T17:41:21.050+0000][7][gc,marking  ] GC(11) Concurrent Clear Claimed Marks 0.063ms
[2024-02-16T17:41:21.050+0000][7][gc,marking  ] GC(11) Concurrent Scan Root Regions
[2024-02-16T17:41:21.059+0000][7][gc,marking  ] GC(11) Concurrent Scan Root Regions 9.490ms
[2024-02-16T17:41:21.060+0000][7][gc,marking  ] GC(11) Concurrent Mark (6.850s)
[2024-02-16T17:41:21.060+0000][7][gc,marking  ] GC(11) Concurrent Mark From Roots
[2024-02-16T17:41:21.060+0000][7][gc,task     ] GC(11) Using 3 workers of 3 for marking
[2024-02-16T17:41:21.065+0000][7][safepoint   ] Safepoint "CollectForMetadataAllocation", Time since last: 14504390 ns, Reaching safepoint: 69754 ns, At safepoint: 130187 ns, Total: 199941 ns
[2024-02-16T17:41:21.065+0000][7][gc,marking  ] GC(11) Concurrent Mark From Roots 5.056ms
[2024-02-16T17:41:21.065+0000][7][gc,marking  ] GC(11) Concurrent Preclean
[2024-02-16T17:41:21.065+0000][7][gc,marking  ] GC(11) Concurrent Preclean 0.180ms
[2024-02-16T17:41:21.065+0000][7][gc,marking  ] GC(11) Concurrent Mark (6.850s, 6.855s) 5.326ms
[2024-02-16T17:41:21.065+0000][7][gc,start    ] GC(11) Pause Remark
[2024-02-16T17:41:21.067+0000][7][gc          ] GC(11) Pause Remark 73M->73M(1024M) 1.560ms
[2024-02-16T17:41:21.067+0000][7][gc,cpu      ] GC(11) User=0.01s Sys=0.00s Real=0.01s
[2024-02-16T17:41:21.067+0000][7][safepoint   ] Safepoint "G1Concurrent", Time since last: 357718 ns, Reaching safepoint: 323605 ns, At safepoint: 1645454 ns, Total: 1969059 ns
[2024-02-16T17:41:21.067+0000][7][gc,marking  ] GC(11) Concurrent Rebuild Remembered Sets
[2024-02-16T17:41:21.070+0000][7][gc,marking  ] GC(11) Concurrent Rebuild Remembered Sets 3.351ms
[2024-02-16T17:41:21.071+0000][7][gc,start    ] GC(11) Pause Cleanup
[2024-02-16T17:41:21.071+0000][7][gc          ] GC(11) Pause Cleanup 73M->73M(1024M) 0.148ms
[2024-02-16T17:41:21.071+0000][7][gc,cpu      ] GC(11) User=0.00s Sys=0.00s Real=0.00s
[2024-02-16T17:41:21.071+0000][7][safepoint   ] Safepoint "G1Concurrent", Time since last: 3498926 ns, Reaching safepoint: 486344 ns, At safepoint: 223246 ns, Total: 709590 ns
[2024-02-16T17:41:21.071+0000][7][gc,marking  ] GC(11) Concurrent Cleanup for Next Mark
[2024-02-16T17:41:21.072+0000][7][gc,marking  ] GC(11) Concurrent Cleanup for Next Mark 1.068ms
[2024-02-16T17:41:21.072+0000][7][gc          ] GC(11) Concurrent Cycle 22.556ms
[2024-02-16T17:41:21.995+0000][7][safepoint   ] Safepoint "ICBufferFull", Time since last: 923352806 ns, Reaching safepoint: 862506 ns, At safepoint: 5306 ns, Total: 867812 ns
[2024-02-16T17:41:22.436+0000][7][safepoint   ] Safepoint "ICBufferFull", Time since last: 440833701 ns, Reaching safepoint: 172097 ns, At safepoint: 3550 ns, Total: 175647 ns
[2024-02-16T17:41:22.669+0000][7][safepoint   ] Safepoint "ICBufferFull", Time since last: 233022081 ns, Reaching safepoint: 145930 ns, At safepoint: 6778 ns, Total: 152708 ns
[2024-02-16T17:41:22.820+0000][7][safepoint   ] Safepoint "ICBufferFull", Time since last: 150533121 ns, Reaching safepoint: 158167 ns, At safepoint: 6406 ns, Total: 164573 ns
[2024-02-16T17:41:23.085+0000][7][safepoint   ] Safepoint "ICBufferFull", Time since last: 264331343 ns, Reaching safepoint: 157773 ns, At safepoint: 6863 ns, Total: 164636 ns
[2024-02-16T17:41:23.247+0000][7][safepoint   ] Safepoint "ICBufferFull", Time since last: 162527253 ns, Reaching safepoint: 143998 ns, At safepoint: 4278 ns, Total: 148276 ns
[2024-02-16T17:41:24.248+0000][7][safepoint   ] Safepoint "Cleanup", Time since last: 1000213125 ns, Reaching safepoint: 94603 ns, At safepoint: 2443 ns, Total: 97046 ns
[2024-02-16T17:41:27.248+0000][7][safepoint   ] Safepoint "Cleanup", Time since last: 3000263666 ns, Reaching safepoint: 59284 ns, At safepoint: 2762 ns, Total: 62046 ns
[2024-02-16T17:41:30.248+0000][7][safepoint   ] Safepoint "Cleanup", Time since last: 3000261516 ns, Reaching safepoint: 66633 ns, At safepoint: 3305 ns, Total: 69938 ns
[2024-02-16T17:41:34.249+0000][7][safepoint   ] Safepoint "Cleanup", Time since last: 4000321331 ns, Reaching safepoint: 57728 ns, At safepoint: 2920 ns, Total: 60648 ns
[2024-02-16T17:41:36.249+0000][7][safepoint   ] Safepoint "Cleanup", Time since last: 2000203445 ns, Reaching safepoint: 63560 ns, At safepoint: 2917 ns, Total: 66477 ns
[2024-02-16T17:41:37.249+0000][7][safepoint   ] Safepoint "Cleanup", Time since last: 1000147759 ns, Reaching safepoint: 64237 ns, At safepoint: 3230 ns, Total: 67467 ns
[2024-02-16T17:41:44.583+0000][7][safepoint   ] Safepoint "Cleanup", Time since last: 7333763072 ns, Reaching safepoint: 93209 ns, At safepoint: 4288 ns, Total: 97497 ns
[2024-02-16T17:41:45.727+0000][7][safepoint   ] Safepoint "Cleanup", Time since last: 1144269313 ns, Reaching safepoint: 137168 ns, At safepoint: 3498 ns, Total: 140666 ns
[2024-02-16T17:41:50.728+0000][7][safepoint   ] Safepoint "Cleanup", Time since last: 5000377662 ns, Reaching safepoint: 84117 ns, At safepoint: 3497 ns, Total: 87614 ns
[2024-02-16T17:41:52.710+0000][7][safepoint   ] Safepoint "Cleanup", Time since last: 1981695095 ns, Reaching safepoint: 148540 ns, At safepoint: 4485 ns, Total: 153025 ns
[2024-02-16T17:41:53.752+0000][7][safepoint   ] Safepoint "Cleanup", Time since last: 1042082344 ns, Reaching safepoint: 79512 ns, At safepoint: 3260 ns, Total: 82772 ns
[2024-02-16T17:41:55.752+0000][7][safepoint   ] Safepoint "Cleanup", Time since last: 2000277436 ns, Reaching safepoint: 71074 ns, At safepoint: 3428 ns, Total: 74502 ns
[2024-02-16T17:41:56.753+0000][7][safepoint   ] Safepoint "Cleanup", Time since last: 1000155632 ns, Reaching safepoint: 73277 ns, At safepoint: 3206 ns, Total: 76483 ns
[2024-02-16T17:42:01.753+0000][7][safepoint   ] Safepoint "Cleanup", Time since last: 5000400759 ns, Reaching safepoint: 63918 ns, At safepoint: 2526 ns, Total: 66444 ns
[2024-02-16T17:42:05.753+0000][7][safepoint   ] Safepoint "Cleanup", Time since last: 4000335717 ns, Reaching safepoint: 69018 ns, At safepoint: 3435 ns, Total: 72453 ns
[2024-02-16T17:42:06.754+0000][7][safepoint   ] Safepoint "Cleanup", Time since last: 1000149733 ns, Reaching safepoint: 83173 ns, At safepoint: 6780 ns, Total: 89953 ns
[2024-02-16T17:42:11.754+0000][7][safepoint   ] Safepoint "Cleanup", Time since last: 5000398149 ns, Reaching safepoint: 107375 ns, At safepoint: 4139 ns, Total: 111514 ns
[2024-02-16T17:42:16.755+0000][7][safepoint   ] Safepoint "Cleanup", Time since last: 5000394352 ns, Reaching safepoint: 80758 ns, At safepoint: 8510 ns, Total: 89268 ns
[2024-02-16T17:42:18.755+0000][7][safepoint   ] Safepoint "Cleanup", Time since last: 2000229316 ns, Reaching safepoint: 88291 ns, At safepoint: 4038 ns, Total: 92329 ns
[2024-02-16T17:42:22.755+0000][7][safepoint   ] Safepoint "Cleanup", Time since last: 4000323353 ns, Reaching safepoint: 73203 ns, At safepoint: 7205 ns, Total: 80408 ns
[2024-02-16T17:42:28.756+0000][7][safepoint   ] Safepoint "Cleanup", Time since last: 6000492488 ns, Reaching safepoint: 121049 ns, At safepoint: 6683 ns, Total: 127732 ns
[2024-02-16T17:42:41.757+0000][7][safepoint   ] Safepoint "Cleanup", Time since last: 13000976578 ns, Reaching safepoint: 71727 ns, At safepoint: 3238 ns, Total: 74965 ns
[2024-02-16T17:42:42.757+0000][7][safepoint   ] Safepoint "Cleanup", Time since last: 1000146060 ns, Reaching safepoint: 70831 ns, At safepoint: 3316 ns, Total: 74147 ns
[2024-02-16T17:42:45.758+0000][7][safepoint   ] Safepoint "Cleanup", Time since last: 3000262343 ns, Reaching safepoint: 70492 ns, At safepoint: 10096 ns, Total: 80588 ns
[2024-02-16T17:42:46.758+0000][7][safepoint   ] Safepoint "Cleanup", Time since last: 1000149390 ns, Reaching safepoint: 75458 ns, At safepoint: 3240 ns, Total: 78698 ns
[2024-02-16T17:42:47.758+0000][7][safepoint   ] Safepoint "Cleanup", Time since last: 1000145976 ns, Reaching safepoint: 73544 ns, At safepoint: 3519 ns, Total: 77063 ns
[2024-02-16T17:42:49.758+0000][7][safepoint   ] Safepoint "Cleanup", Time since last: 2000208904 ns, Reaching safepoint: 111066 ns, At safepoint: 3479 ns, Total: 114545 ns
[2024-02-16T17:42:53.759+0000][7][safepoint   ] Safepoint "Cleanup", Time since last: 4000291556 ns, Reaching safepoint: 102287 ns, At safepoint: 3394 ns, Total: 105681 ns
[2024-02-16T17:42:57.759+0000][7][safepoint   ] Safepoint "Cleanup", Time since last: 4000387170 ns, Reaching safepoint: 73139 ns, At safepoint: 3323 ns, Total: 76462 ns
[2024-02-16T17:43:01.760+0000][7][safepoint   ] Safepoint "Cleanup", Time since last: 4000316909 ns, Reaching safepoint: 85704 ns, At safepoint: 9154 ns, Total: 94858 ns
[2024-02-16T17:43:05.760+0000][7][safepoint   ] Safepoint "Cleanup", Time since last: 4000330355 ns, Reaching safepoint: 72018 ns, At safepoint: 3293 ns, Total: 75311 ns
[2024-02-16T17:43:06.760+0000][7][safepoint   ] Safepoint "Cleanup", Time since last: 1000156881 ns, Reaching safepoint: 76310 ns, At safepoint: 3079 ns, Total: 79389 ns
[2024-02-16T17:43:10.761+0000][7][safepoint   ] Safepoint "Cleanup", Time since last: 4000330796 ns, Reaching safepoint: 76960 ns, At safepoint: 3107 ns, Total: 80067 ns
[2024-02-16T17:43:23.762+0000][7][safepoint   ] Safepoint "Cleanup", Time since last: 13000879921 ns, Reaching safepoint: 121591 ns, At safepoint: 2300 ns, Total: 123891 ns
[2024-02-16T17:43:28.762+0000][7][safepoint   ] Safepoint "Cleanup", Time since last: 5000422014 ns, Reaching safepoint: 78331 ns, At safepoint: 3191 ns, Total: 81522 ns
[2024-02-16T17:43:29.762+0000][7][safepoint   ] Safepoint "Cleanup", Time since last: 1000151510 ns, Reaching safepoint: 116606 ns, At safepoint: 3319 ns, Total: 119925 ns
[2024-02-16T17:43:32.763+0000][7][safepoint   ] Safepoint "Cleanup", Time since last: 3000268166 ns, Reaching safepoint: 113825 ns, At safepoint: 3515 ns, Total: 117340 ns
[2024-02-16T17:43:46.764+0000][7][safepoint   ] Safepoint "Cleanup", Time since last: 14000915338 ns, Reaching safepoint: 74311 ns, At safepoint: 3288 ns, Total: 77599 ns
[2024-02-16T17:43:51.764+0000][7][safepoint   ] Safepoint "Cleanup", Time since last: 5000344287 ns, Reaching safepoint: 89069 ns, At safepoint: 2937 ns, Total: 92006 ns
[2024-02-16T17:43:52.765+0000][7][safepoint   ] Safepoint "Cleanup", Time since last: 1000141485 ns, Reaching safepoint: 74965 ns, At safepoint: 4529 ns, Total: 79494 ns
[2024-02-16T17:43:53.765+0000][7][safepoint   ] Safepoint "Cleanup", Time since last: 1000162340 ns, Reaching safepoint: 102872 ns, At safepoint: 2636 ns, Total: 105508 ns
[2024-02-16T17:43:59.765+0000][7][safepoint   ] Safepoint "Cleanup", Time since last: 6000535032 ns, Reaching safepoint: 105662 ns, At safepoint: 4068 ns, Total: 109730 ns
[2024-02-16T17:44:20.767+0000][7][safepoint   ] Safepoint "Cleanup", Time since last: 21001311936 ns, Reaching safepoint: 125923 ns, At safepoint: 3454 ns, Total: 129377 ns
[2024-02-16T17:44:33.768+0000][7][safepoint   ] Safepoint "Cleanup", Time since last: 13000847217 ns, Reaching safepoint: 82928 ns, At safepoint: 9788 ns, Total: 92716 ns
[2024-02-16T17:44:46.769+0000][7][safepoint   ] Safepoint "Cleanup", Time since last: 13000959635 ns, Reaching safepoint: 83761 ns, At safepoint: 3340 ns, Total: 87101 ns
[2024-02-16T17:44:52.769+0000][7][safepoint   ] Safepoint "Cleanup", Time since last: 6000433504 ns, Reaching safepoint: 96329 ns, At safepoint: 5430 ns, Total: 101759 ns
[2024-02-16T17:45:01.770+0000][7][safepoint   ] Safepoint "Cleanup", Time since last: 9000623419 ns, Reaching safepoint: 83914 ns, At safepoint: 3557 ns, Total: 87471 ns
[2024-02-16T17:45:15.771+0000][7][safepoint   ] Safepoint "Cleanup", Time since last: 14000995716 ns, Reaching safepoint: 101375 ns, At safepoint: 3784 ns, Total: 105159 ns
[2024-02-16T17:45:16.771+0000][7][safepoint   ] Safepoint "Cleanup", Time since last: 1000145955 ns, Reaching safepoint: 75847 ns, At safepoint: 4926 ns, Total: 80773 ns
[2024-02-16T17:45:22.772+0000][7][safepoint   ] Safepoint "Cleanup", Time since last: 6000408086 ns, Reaching safepoint: 88932 ns, At safepoint: 3203 ns, Total: 92135 ns
[2024-02-16T17:45:52.774+0000][7][safepoint   ] Safepoint "Cleanup", Time since last: 30001888453 ns, Reaching safepoint: 88058 ns, At safepoint: 3424 ns, Total: 91482 ns
[2024-02-16T17:45:59.775+0000][7][safepoint   ] Safepoint "Cleanup", Time since last: 7000585327 ns, Reaching safepoint: 78274 ns, At safepoint: 3539 ns, Total: 81813 ns
[2024-02-16T17:46:01.775+0000][7][safepoint   ] Safepoint "Cleanup", Time since last: 2000299218 ns, Reaching safepoint: 73569 ns, At safepoint: 3308 ns, Total: 76877 ns
[2024-02-16T17:46:12.776+0000][7][safepoint   ] Safepoint "Cleanup", Time since last: 11000744401 ns, Reaching safepoint: 91905 ns, At safepoint: 5258 ns, Total: 97163 ns
[2024-02-16T17:46:13.776+0000][7][safepoint   ] Safepoint "Cleanup", Time since last: 1000157015 ns, Reaching safepoint: 158480 ns, At safepoint: 2922 ns, Total: 161402 ns
[2024-02-16T17:46:14.776+0000][7][safepoint   ] Safepoint "Cleanup", Time since last: 1000151891 ns, Reaching safepoint: 86174 ns, At safepoint: 3492 ns, Total: 89666 ns
[2024-02-16T17:46:22.777+0000][7][safepoint   ] Safepoint "Cleanup", Time since last: 8000551494 ns, Reaching safepoint: 79397 ns, At safepoint: 3419 ns, Total: 82816 ns
[2024-02-16T17:46:26.777+0000][7][safepoint   ] Safepoint "Cleanup", Time since last: 4000398745 ns, Reaching safepoint: 80779 ns, At safepoint: 5258 ns, Total: 86037 ns
[2024-02-16T17:46:52.779+0000][7][safepoint   ] Safepoint "Cleanup", Time since last: 26001665713 ns, Reaching safepoint: 94464 ns, At safepoint: 3456 ns, Total: 97920 ns
[2024-02-16T17:46:58.780+0000][7][safepoint   ] Safepoint "Cleanup", Time since last: 6000432107 ns, Reaching safepoint: 82261 ns, At safepoint: 3408 ns, Total: 85669 ns
[2024-02-16T17:47:22.782+0000][7][safepoint   ] Safepoint "Cleanup", Time since last: 24001627319 ns, Reaching safepoint: 148081 ns, At safepoint: 4236 ns, Total: 152317 ns
[2024-02-16T17:47:23.782+0000][7][safepoint   ] Safepoint "Cleanup", Time since last: 1000160104 ns, Reaching safepoint: 141121 ns, At safepoint: 3945 ns, Total: 145066 ns
[2024-02-16T17:47:26.782+0000][7][safepoint   ] Safepoint "Cleanup", Time since last: 3000245935 ns, Reaching safepoint: 116472 ns, At safepoint: 3685 ns, Total: 120157 ns
[2024-02-16T17:47:37.783+0000][7][safepoint   ] Safepoint "Cleanup", Time since last: 11001021902 ns, Reaching safepoint: 161181 ns, At safepoint: 4104 ns, Total: 165285 ns
[2024-02-16T17:47:38.784+0000][7][safepoint   ] Safepoint "Cleanup", Time since last: 1000124452 ns, Reaching safepoint: 87094 ns, At safepoint: 8263 ns, Total: 95357 ns
[2024-02-16T17:47:52.785+0000][7][safepoint   ] Safepoint "Cleanup", Time since last: 14000924966 ns, Reaching safepoint: 116367 ns, At safepoint: 3494 ns, Total: 119861 ns
[2024-02-16T17:47:53.785+0000][7][safepoint   ] Safepoint "Cleanup", Time since last: 1000148171 ns, Reaching safepoint: 79820 ns, At safepoint: 3092 ns, Total: 82912 ns
[2024-02-16T17:48:22.787+0000][7][safepoint   ] Safepoint "Cleanup", Time since last: 29001779380 ns, Reaching safepoint: 95163 ns, At safepoint: 4385 ns, Total: 99548 ns
[2024-02-16T17:48:47.788+0000][7][safepoint   ] Safepoint "Cleanup", Time since last: 25001604988 ns, Reaching safepoint: 77264 ns, At safepoint: 3610 ns, Total: 80874 ns
[2024-02-16T17:48:53.789+0000][7][safepoint   ] Safepoint "Cleanup", Time since last: 6000437241 ns, Reaching safepoint: 81035 ns, At safepoint: 3771 ns, Total: 84806 ns
[2024-02-16T17:49:16.791+0000][7][safepoint   ] Safepoint "Cleanup", Time since last: 23001547960 ns, Reaching safepoint: 89549 ns, At safepoint: 5390 ns, Total: 94939 ns
[2024-02-16T17:49:42.792+0000][7][safepoint   ] Safepoint "Cleanup", Time since last: 26001597402 ns, Reaching safepoint: 80864 ns, At safepoint: 3758 ns, Total: 84622 ns
[2024-02-16T17:50:22.795+0000][7][safepoint   ] Safepoint "Cleanup", Time since last: 40002527684 ns, Reaching safepoint: 92129 ns, At safepoint: 3725 ns, Total: 95854 ns
[2024-02-16T17:50:23.795+0000][7][safepoint   ] Safepoint "Cleanup", Time since last: 1000207567 ns, Reaching safepoint: 79603 ns, At safepoint: 3176 ns, Total: 82779 ns
[2024-02-16T17:50:39.796+0000][7][safepoint   ] Safepoint "Cleanup", Time since last: 16001116695 ns, Reaching safepoint: 104235 ns, At safepoint: 3681 ns, Total: 107916 ns
[2024-02-16T17:51:15.799+0000][7][safepoint   ] Safepoint "Cleanup", Time since last: 36002324268 ns, Reaching safepoint: 95642 ns, At safepoint: 4018 ns, Total: 99660 ns
[2024-02-16T17:51:23.800+0000][7][safepoint   ] Safepoint "Cleanup", Time since last: 8000645119 ns, Reaching safepoint: 89695 ns, At safepoint: 3530 ns, Total: 93225 ns
[2024-02-16T17:52:21.803+0000][7][safepoint   ] Safepoint "Cleanup", Time since last: 58003561864 ns, Reaching safepoint: 95035 ns, At safepoint: 3715 ns, Total: 98750 ns
[2024-02-16T17:52:31.804+0000][7][safepoint   ] Safepoint "Cleanup", Time since last: 10000741730 ns, Reaching safepoint: 106664 ns, At safepoint: 3627 ns, Total: 110291 ns
[2024-02-16T17:52:50.805+0000][7][safepoint   ] Safepoint "Cleanup", Time since last: 19001226212 ns, Reaching safepoint: 99970 ns, At safepoint: 3699 ns, Total: 103669 ns
[2024-02-16T17:52:53.806+0000][7][safepoint   ] Safepoint "Cleanup", Time since last: 3000216510 ns, Reaching safepoint: 80750 ns, At safepoint: 5376 ns, Total: 86126 ns
[2024-02-16T17:53:22.808+0000][7][safepoint   ] Safepoint "Cleanup", Time since last: 29001670405 ns, Reaching safepoint: 94490 ns, At safepoint: 3583 ns, Total: 98073 ns
[2024-02-16T17:54:08.810+0000][7][safepoint   ] Safepoint "Cleanup", Time since last: 46002746803 ns, Reaching safepoint: 92559 ns, At safepoint: 7721 ns, Total: 100280 ns
[2024-02-16T17:54:57.813+0000][7][safepoint   ] Safepoint "Cleanup", Time since last: 49002960984 ns, Reaching safepoint: 92257 ns, At safepoint: 3969 ns, Total: 96226 ns
[2024-02-16T17:56:22.819+0000][7][safepoint   ] Safepoint "Cleanup", Time since last: 85005117051 ns, Reaching safepoint: 85937 ns, At safepoint: 3452 ns, Total: 89389 ns
[2024-02-16T17:56:25.819+0000][7][safepoint   ] Safepoint "Cleanup", Time since last: 3000266294 ns, Reaching safepoint: 90708 ns, At safepoint: 12741 ns, Total: 103449 ns
[2024-02-16T17:56:47.820+0000][7][safepoint   ] Safepoint "Cleanup", Time since last: 22001391521 ns, Reaching safepoint: 78739 ns, At safepoint: 3653 ns, Total: 82392 ns
[2024-02-16T17:56:52.821+0000][7][safepoint   ] Safepoint "Cleanup", Time since last: 5000376745 ns, Reaching safepoint: 78775 ns, At safepoint: 5487 ns, Total: 84262 ns
[2024-02-16T17:56:53.821+0000][7][safepoint   ] Safepoint "Cleanup", Time since last: 1000144981 ns, Reaching safepoint: 81598 ns, At safepoint: 3613 ns, Total: 85211 ns
[2024-02-16T17:57:02.822+0000][7][safepoint   ] Safepoint "Cleanup", Time since last: 9000624437 ns, Reaching safepoint: 97120 ns, At safepoint: 8556 ns, Total: 105676 ns
[2024-02-16T17:57:17.823+0000][7][safepoint   ] Safepoint "Cleanup", Time since last: 15000975289 ns, Reaching safepoint: 83593 ns, At safepoint: 10461 ns, Total: 94054 ns
[2024-02-16T17:58:33.828+0000][7][safepoint   ] Safepoint "Cleanup", Time since last: 76004531767 ns, Reaching safepoint: 96963 ns, At safepoint: 16684 ns, Total: 113647 ns
[2024-02-16T17:58:43.828+0000][7][safepoint   ] Safepoint "Cleanup", Time since last: 10000651591 ns, Reaching safepoint: 81688 ns, At safepoint: 5296 ns, Total: 86984 ns
[2024-02-16T17:59:53.833+0000][7][safepoint   ] Safepoint "Cleanup", Time since last: 70004210215 ns, Reaching safepoint: 99393 ns, At safepoint: 3504 ns, Total: 102897 ns
[2024-02-16T18:00:07.206+0000][7][safepoint   ] Safepoint "Cleanup", Time since last: 13373465262 ns, Reaching safepoint: 69356 ns, At safepoint: 3678 ns, Total: 73034 ns
[2024-02-16T18:00:08.207+0000][7][safepoint   ] Safepoint "Cleanup", Time since last: 1000239427 ns, Reaching safepoint: 80618 ns, At safepoint: 2474 ns, Total: 83092 ns
[2024-02-16T18:00:23.208+0000][7][safepoint   ] Safepoint "Cleanup", Time since last: 15001008124 ns, Reaching safepoint: 118195 ns, At safepoint: 4541 ns, Total: 122736 ns
[2024-02-16T18:00:36.209+0000][7][safepoint   ] Safepoint "Cleanup", Time since last: 13000869204 ns, Reaching safepoint: 135295 ns, At safepoint: 3975 ns, Total: 139270 ns
[2024-02-16T18:00:37.209+0000][7][safepoint   ] Safepoint "Cleanup", Time since last: 1000144063 ns, Reaching safepoint: 85418 ns, At safepoint: 3795 ns, Total: 89213 ns
[2024-02-16T18:01:53.214+0000][7][safepoint   ] Safepoint "Cleanup", Time since last: 76004543258 ns, Reaching safepoint: 88910 ns, At safepoint: 3360 ns, Total: 92270 ns
[2024-02-16T18:02:47.217+0000][7][safepoint   ] Safepoint "Cleanup", Time since last: 54003226003 ns, Reaching safepoint: 96874 ns, At safepoint: 3537 ns, Total: 100411 ns
[2024-02-16T18:02:51.217+0000][7][safepoint   ] Safepoint "Cleanup", Time since last: 4000329628 ns, Reaching safepoint: 89505 ns, At safepoint: 3847 ns, Total: 93352 ns
[2024-02-16T18:02:53.218+0000][7][safepoint   ] Safepoint "Cleanup", Time since last: 2000210279 ns, Reaching safepoint: 83964 ns, At safepoint: 3492 ns, Total: 87456 ns
[2024-02-16T18:03:15.219+0000][7][safepoint   ] Safepoint "Cleanup", Time since last: 22001421105 ns, Reaching safepoint: 97423 ns, At safepoint: 3476 ns, Total: 100899 ns
[2024-02-16T18:03:23.220+0000][7][safepoint   ] Safepoint "Cleanup", Time since last: 8000505916 ns, Reaching safepoint: 80689 ns, At safepoint: 3954 ns, Total: 84643 ns
[2024-02-16T18:03:53.222+0000][7][safepoint   ] Safepoint "Cleanup", Time since last: 30001893101 ns, Reaching safepoint: 106564 ns, At safepoint: 3652 ns, Total: 110216 ns
[2024-02-16T18:03:54.222+0000][7][safepoint   ] Safepoint "Cleanup", Time since last: 1000142604 ns, Reaching safepoint: 79011 ns, At safepoint: 4532 ns, Total: 83543 ns
[2024-02-16T18:04:23.224+0000][7][safepoint   ] Safepoint "Cleanup", Time since last: 29001801519 ns, Reaching safepoint: 81033 ns, At safepoint: 8607 ns, Total: 89640 ns
[2024-02-16T18:04:53.226+0000][7][safepoint   ] Safepoint "Cleanup", Time since last: 30001852061 ns, Reaching safepoint: 104795 ns, At safepoint: 3561 ns, Total: 108356 ns
[2024-02-16T18:05:23.228+0000][7][safepoint   ] Safepoint "Cleanup", Time since last: 30001834593 ns, Reaching safepoint: 102447 ns, At safepoint: 3726 ns, Total: 106173 ns
[2024-02-16T18:06:53.233+0000][7][safepoint   ] Safepoint "Cleanup", Time since last: 90005373259 ns, Reaching safepoint: 100823 ns, At safepoint: 3707 ns, Total: 104530 ns
[2024-02-16T18:07:23.235+0000][7][safepoint   ] Safepoint "Cleanup", Time since last: 30001873207 ns, Reaching safepoint: 97976 ns, At safepoint: 3405 ns, Total: 101381 ns
[2024-02-16T18:07:53.237+0000][7][safepoint   ] Safepoint "Cleanup", Time since last: 30001878696 ns, Reaching safepoint: 94103 ns, At safepoint: 3622 ns, Total: 97725 ns
[2024-02-16T18:08:36.240+0000][7][safepoint   ] Safepoint "Cleanup", Time since last: 43002522308 ns, Reaching safepoint: 94200 ns, At safepoint: 10398 ns, Total: 104598 ns
[2024-02-16T18:08:57.241+0000][7][safepoint   ] Safepoint "Cleanup", Time since last: 21001322887 ns, Reaching safepoint: 95737 ns, At safepoint: 3724 ns, Total: 99461 ns
[2024-02-16T18:09:23.243+0000][7][safepoint   ] Safepoint "Cleanup", Time since last: 26001595554 ns, Reaching safepoint: 88406 ns, At safepoint: 3470 ns, Total: 91876 ns
[2024-02-16T18:09:53.245+0000][7][safepoint   ] Safepoint "Cleanup", Time since last: 30001836237 ns, Reaching safepoint: 99728 ns, At safepoint: 5442 ns, Total: 105170 ns
[2024-02-16T18:10:23.247+0000][7][safepoint   ] Safepoint "Cleanup", Time since last: 30001855273 ns, Reaching safepoint: 99851 ns, At safepoint: 5574 ns, Total: 105425 ns
[2024-02-16T18:11:21.250+0000][7][safepoint   ] Safepoint "Cleanup", Time since last: 58003428707 ns, Reaching safepoint: 98978 ns, At safepoint: 7515 ns, Total: 106493 ns
[2024-02-16T18:11:57.253+0000][7][safepoint   ] Safepoint "Cleanup", Time since last: 36002252173 ns, Reaching safepoint: 108931 ns, At safepoint: 3993 ns, Total: 112924 ns
[2024-02-16T18:12:23.254+0000][7][safepoint   ] Safepoint "Cleanup", Time since last: 26001662869 ns, Reaching safepoint: 111074 ns, At safepoint: 3737 ns, Total: 114811 ns
[2024-02-16T18:13:26.258+0000][7][safepoint   ] Safepoint "Cleanup", Time since last: 63003876383 ns, Reaching safepoint: 135373 ns, At safepoint: 3753 ns, Total: 139126 ns
[2024-02-16T18:13:53.260+0000][7][safepoint   ] Safepoint "Cleanup", Time since last: 27001552731 ns, Reaching safepoint: 95946 ns, At safepoint: 7908 ns, Total: 103854 ns
[2024-02-16T18:14:16.262+0000][7][safepoint   ] Safepoint "Cleanup", Time since last: 23001409662 ns, Reaching safepoint: 136228 ns, At safepoint: 4792 ns, Total: 141020 ns
[2024-02-16T18:15:23.266+0000][7][safepoint   ] Safepoint "Cleanup", Time since last: 67004044537 ns, Reaching safepoint: 120514 ns, At safepoint: 3938 ns, Total: 124452 ns
[2024-02-16T18:15:53.268+0000][7][safepoint   ] Safepoint "Cleanup", Time since last: 30001758824 ns, Reaching safepoint: 94419 ns, At safepoint: 3604 ns, Total: 98023 ns
[2024-02-16T18:16:56.272+0000][7][safepoint   ] Safepoint "Cleanup", Time since last: 63003681031 ns, Reaching safepoint: 135970 ns, At safepoint: 4089 ns, Total: 140059 ns
[2024-02-16T18:17:23.273+0000][7][safepoint   ] Safepoint "Cleanup", Time since last: 27001679076 ns, Reaching safepoint: 93187 ns, At safepoint: 3521 ns, Total: 96708 ns
[2024-02-16T18:18:23.277+0000][7][safepoint   ] Safepoint "Cleanup", Time since last: 60003541230 ns, Reaching safepoint: 93785 ns, At safepoint: 3452 ns, Total: 97237 ns
[2024-02-16T18:20:54.286+0000][7][safepoint   ] Safepoint "Cleanup", Time since last: 151008835001 ns, Reaching safepoint: 82693 ns, At safepoint: 3595 ns, Total: 86288 ns
[2024-02-16T18:20:57.286+0000][7][safepoint   ] Safepoint "Cleanup", Time since last: 3000255932 ns, Reaching safepoint: 82256 ns, At safepoint: 3470 ns, Total: 85726 ns
[2024-02-16T18:21:00.287+0000][7][safepoint   ] Safepoint "Cleanup", Time since last: 3000257362 ns, Reaching safepoint: 115661 ns, At safepoint: 3898 ns, Total: 119559 ns
[2024-02-16T18:21:04.287+0000][7][safepoint   ] Safepoint "Cleanup", Time since last: 4000325001 ns, Reaching safepoint: 80063 ns, At safepoint: 3318 ns, Total: 83381 ns
[2024-02-16T18:21:07.287+0000][7][safepoint   ] Safepoint "Cleanup", Time since last: 3000257075 ns, Reaching safepoint: 104188 ns, At safepoint: 4563 ns, Total: 108751 ns
[2024-02-16T18:21:11.288+0000][7][safepoint   ] Safepoint "Cleanup", Time since last: 4000308423 ns, Reaching safepoint: 91306 ns, At safepoint: 3890 ns, Total: 95196 ns
[2024-02-16T18:21:15.288+0000][7][safepoint   ] Safepoint "Cleanup", Time since last: 4000315572 ns, Reaching safepoint: 92414 ns, At safepoint: 3940 ns, Total: 96354 ns
[2024-02-16T18:21:25.289+0000][7][safepoint   ] Safepoint "Cleanup", Time since last: 10000645677 ns, Reaching safepoint: 117652 ns, At safepoint: 5539 ns, Total: 123191 ns
[2024-02-16T18:21:53.291+0000][7][safepoint   ] Safepoint "Cleanup", Time since last: 28001663129 ns, Reaching safepoint: 97338 ns, At safepoint: 2878 ns, Total: 100216 ns
[2024-02-16T18:23:23.296+0000][7][safepoint   ] Safepoint "Cleanup", Time since last: 90005311872 ns, Reaching safepoint: 100781 ns, At safepoint: 3381 ns, Total: 104162 ns
[2024-02-16T18:23:53.298+0000][7][safepoint   ] Safepoint "Cleanup", Time since last: 30001837547 ns, Reaching safepoint: 133889 ns, At safepoint: 3679 ns, Total: 137568 ns
[2024-02-16T18:24:11.299+0000][7][safepoint   ] Safepoint "Cleanup", Time since last: 18001158944 ns, Reaching safepoint: 139341 ns, At safepoint: 4177 ns, Total: 143518 ns
[2024-02-16T18:24:13.300+0000][7][safepoint   ] Safepoint "Cleanup", Time since last: 2000192369 ns, Reaching safepoint: 130401 ns, At safepoint: 4123 ns, Total: 134524 ns
[2024-02-16T18:24:23.300+0000][7][safepoint   ] Safepoint "Cleanup", Time since last: 10000669783 ns, Reaching safepoint: 87397 ns, At safepoint: 3763 ns, Total: 91160 ns
[2024-02-16T18:25:59.306+0000][7][safepoint   ] Safepoint "Cleanup", Time since last: 96005652778 ns, Reaching safepoint: 135961 ns, At safepoint: 3735 ns, Total: 139696 ns
[2024-02-16T18:26:08.307+0000][7][safepoint   ] Safepoint "Cleanup", Time since last: 9000600334 ns, Reaching safepoint: 137713 ns, At safepoint: 3446 ns, Total: 141159 ns
[2024-02-16T18:28:53.317+0000][7][safepoint   ] Safepoint "Cleanup", Time since last: 165009661441 ns, Reaching safepoint: 99269 ns, At safepoint: 3312 ns, Total: 102581 ns
[2024-02-16T18:29:06.318+0000][7][safepoint   ] Safepoint "Cleanup", Time since last: 13000834648 ns, Reaching safepoint: 82891 ns, At safepoint: 3602 ns, Total: 86493 ns
[2024-02-16T18:31:41.327+0000][7][safepoint   ] Safepoint "Cleanup", Time since last: 155009069612 ns, Reaching safepoint: 102083 ns, At safepoint: 5767 ns, Total: 107850 ns
[2024-02-16T18:33:56.335+0000][7][safepoint   ] Safepoint "Cleanup", Time since last: 135007956852 ns, Reaching safepoint: 97684 ns, At safepoint: 3399 ns, Total: 101083 ns
[2024-02-16T18:34:23.337+0000][7][safepoint   ] Safepoint "Cleanup", Time since last: 27001697223 ns, Reaching safepoint: 104596 ns, At safepoint: 3705 ns, Total: 108301 ns
[2024-02-16T18:38:23.351+0000][7][safepoint   ] Safepoint "Cleanup", Time since last: 240014041800 ns, Reaching safepoint: 96705 ns, At safepoint: 5677 ns, Total: 102382 ns
[2024-02-16T18:38:53.353+0000][7][safepoint   ] Safepoint "Cleanup", Time since last: 30001817346 ns, Reaching safepoint: 94855 ns, At safepoint: 3213 ns, Total: 98068 ns
[2024-02-16T18:39:23.355+0000][7][safepoint   ] Safepoint "Cleanup", Time since last: 30001824022 ns, Reaching safepoint: 94089 ns, At safepoint: 5573 ns, Total: 99662 ns
[2024-02-16T18:39:53.357+0000][7][safepoint   ] Safepoint "Cleanup", Time since last: 30001823651 ns, Reaching safepoint: 114051 ns, At safepoint: 3901 ns, Total: 117952 ns
[2024-02-16T18:40:01.357+0000][7][safepoint   ] Safepoint "Cleanup", Time since last: 8000531024 ns, Reaching safepoint: 87280 ns, At safepoint: 3950 ns, Total: 91230 ns
[2024-02-16T18:40:13.358+0000][7][safepoint   ] Safepoint "Cleanup", Time since last: 12000790612 ns, Reaching safepoint: 88372 ns, At safepoint: 3604 ns, Total: 91976 ns
[2024-02-16T18:40:23.359+0000][7][safepoint   ] Safepoint "Cleanup", Time since last: 10000669996 ns, Reaching safepoint: 106153 ns, At safepoint: 4726 ns, Total: 110879 ns
[2024-02-16T18:41:23.363+0000][7][safepoint   ] Safepoint "Cleanup", Time since last: 60003651268 ns, Reaching safepoint: 98323 ns, At safepoint: 3447 ns, Total: 101770 ns
[2024-02-16T18:45:23.377+0000][7][safepoint   ] Safepoint "Cleanup", Time since last: 240014075845 ns, Reaching safepoint: 95359 ns, At safepoint: 3246 ns, Total: 98605 ns
[2024-02-16T18:45:31.378+0000][7][safepoint   ] Safepoint "Cleanup", Time since last: 8000560203 ns, Reaching safepoint: 87288 ns, At safepoint: 3496 ns, Total: 90784 ns
[2024-02-16T18:45:32.378+0000][7][safepoint   ] Safepoint "Cleanup", Time since last: 1000153053 ns, Reaching safepoint: 85494 ns, At safepoint: 6777 ns, Total: 92271 ns
[2024-02-16T18:45:53.379+0000][7][safepoint   ] Safepoint "Cleanup", Time since last: 21001339667 ns, Reaching safepoint: 109497 ns, At safepoint: 6093 ns, Total: 115590 ns
[2024-02-16T18:53:48.407+0000][7][safepoint   ] Safepoint "Cleanup", Time since last: 475027592723 ns, Reaching safepoint: 83928 ns, At safepoint: 3500 ns, Total: 87428 ns
[2024-02-16T18:53:51.407+0000][7][safepoint   ] Safepoint "Cleanup", Time since last: 3000262851 ns, Reaching safepoint: 85869 ns, At safepoint: 5783 ns, Total: 91652 ns
[2024-02-16T18:53:54.408+0000][7][safepoint   ] Safepoint "Cleanup", Time since last: 3000254544 ns, Reaching safepoint: 101313 ns, At safepoint: 3874 ns, Total: 105187 ns
[2024-02-16T18:57:23.420+0000][7][safepoint   ] Safepoint "Cleanup", Time since last: 209012268382 ns, Reaching safepoint: 99935 ns, At safepoint: 3485 ns, Total: 103420 ns
[2024-02-16T19:00:08.430+0000][7][safepoint   ] Safepoint "Cleanup", Time since last: 165009769257 ns, Reaching safepoint: 97827 ns, At safepoint: 3921 ns, Total: 101748 ns
[2024-02-16T19:01:58.436+0000][7][safepoint   ] Safepoint "Cleanup", Time since last: 110006375111 ns, Reaching safepoint: 96084 ns, At safepoint: 3547 ns, Total: 99631 ns
[2024-02-16T19:05:23.448+0000][7][safepoint   ] Safepoint "Cleanup", Time since last: 205012029354 ns, Reaching safepoint: 102848 ns, At safepoint: 6999 ns, Total: 109847 ns
[2024-02-16T19:06:53.454+0000][7][safepoint   ] Safepoint "Cleanup", Time since last: 90005420721 ns, Reaching safepoint: 99822 ns, At safepoint: 3341 ns, Total: 103163 ns
[2024-02-16T19:09:53.465+0000][7][safepoint   ] Safepoint "Cleanup", Time since last: 180010596296 ns, Reaching safepoint: 147080 ns, At safepoint: 3841 ns, Total: 150921 ns
[2024-02-16T19:13:08.476+0000][7][safepoint   ] Safepoint "Cleanup", Time since last: 195011580292 ns, Reaching safepoint: 101818 ns, At safepoint: 8605 ns, Total: 110423 ns
[2024-02-16T19:17:53.493+0000][7][safepoint   ] Safepoint "Cleanup", Time since last: 285016839195 ns, Reaching safepoint: 101602 ns, At safepoint: 3014 ns, Total: 104616 ns
[2024-02-16T19:19:23.499+0000][7][safepoint   ] Safepoint "Cleanup", Time since last: 90005484887 ns, Reaching safepoint: 102312 ns, At safepoint: 3631 ns, Total: 105943 ns
[2024-02-16T19:19:41.500+0000][7][safepoint   ] Safepoint "Cleanup", Time since last: 18001148342 ns, Reaching safepoint: 96205 ns, At safepoint: 4003 ns, Total: 100208 ns
[2024-02-16T19:21:23.506+0000][7][safepoint   ] Safepoint "Cleanup", Time since last: 102006132444 ns, Reaching safepoint: 140635 ns, At safepoint: 3925 ns, Total: 144560 ns
[2024-02-16T19:23:53.516+0000][7][safepoint   ] Safepoint "Cleanup", Time since last: 150009043731 ns, Reaching safepoint: 112574 ns, At safepoint: 3801 ns, Total: 116375 ns
[2024-02-16T19:24:23.518+0000][7][safepoint   ] Safepoint "Cleanup", Time since last: 30001887512 ns, Reaching safepoint: 108906 ns, At safepoint: 3721 ns, Total: 112627 ns
[2024-02-16T19:26:23.525+0000][7][safepoint   ] Safepoint "Cleanup", Time since last: 120007310358 ns, Reaching safepoint: 148710 ns, At safepoint: 5876 ns, Total: 154586 ns
[2024-02-16T19:27:01.528+0000][7][safepoint   ] Safepoint "Cleanup", Time since last: 38002317268 ns, Reaching safepoint: 138631 ns, At safepoint: 3884 ns, Total: 142515 ns
[2024-02-16T19:27:22.529+0000][7][safepoint   ] Safepoint "Cleanup", Time since last: 21001252289 ns, Reaching safepoint: 128490 ns, At safepoint: 4264 ns, Total: 132754 ns
[2024-02-16T19:27:23.529+0000][7][safepoint   ] Safepoint "Cleanup", Time since last: 1000144449 ns, Reaching safepoint: 103048 ns, At safepoint: 3585 ns, Total: 106633 ns
[2024-02-16T19:27:53.531+0000][7][safepoint   ] Safepoint "Cleanup", Time since last: 30001862380 ns, Reaching safepoint: 111885 ns, At safepoint: 3591 ns, Total: 115476 ns
[2024-02-16T19:28:23.533+0000][7][safepoint   ] Safepoint "Cleanup", Time since last: 30001828778 ns, Reaching safepoint: 98440 ns, At safepoint: 3878 ns, Total: 102318 ns
[2024-02-16T19:30:04.539+0000][7][safepoint   ] Safepoint "Cleanup", Time since last: 101006161654 ns, Reaching safepoint: 105159 ns, At safepoint: 3426 ns, Total: 108585 ns
[2024-02-16T19:34:23.555+0000][7][safepoint   ] Safepoint "Cleanup", Time since last: 259015351578 ns, Reaching safepoint: 96821 ns, At safepoint: 3629 ns, Total: 100450 ns
[2024-02-16T19:35:23.559+0000][7][safepoint   ] Safepoint "Cleanup", Time since last: 60003648094 ns, Reaching safepoint: 108663 ns, At safepoint: 3646 ns, Total: 112309 ns
[2024-02-16T19:37:23.566+0000][7][safepoint   ] Safepoint "Cleanup", Time since last: 120007203307 ns, Reaching safepoint: 101604 ns, At safepoint: 4006 ns, Total: 105610 ns
[2024-02-16T19:37:53.568+0000][7][safepoint   ] Safepoint "Cleanup", Time since last: 30001868080 ns, Reaching safepoint: 104289 ns, At safepoint: 3725 ns, Total: 108014 ns
[2024-02-16T19:38:04.569+0000][7][safepoint   ] Safepoint "Cleanup", Time since last: 11000747534 ns, Reaching safepoint: 101191 ns, At safepoint: 3835 ns, Total: 105026 ns
[2024-02-16T19:40:23.577+0000][7][safepoint   ] Safepoint "Cleanup", Time since last: 139008311959 ns, Reaching safepoint: 104365 ns, At safepoint: 3404 ns, Total: 107769 ns
[2024-02-16T19:41:23.581+0000][7][safepoint   ] Safepoint "Cleanup", Time since last: 60003645608 ns, Reaching safepoint: 103271 ns, At safepoint: 3470 ns, Total: 106741 ns
[2024-02-16T19:43:23.588+0000][7][safepoint   ] Safepoint "Cleanup", Time since last: 120007238460 ns, Reaching safepoint: 103030 ns, At safepoint: 11486 ns, Total: 114516 ns
[2024-02-16T19:46:53.601+0000][7][safepoint   ] Safepoint "Cleanup", Time since last: 210012295112 ns, Reaching safepoint: 121721 ns, At safepoint: 2649 ns, Total: 124370 ns
[2024-02-16T19:47:01.601+0000][7][safepoint   ] Safepoint "Cleanup", Time since last: 8000561193 ns, Reaching safepoint: 102481 ns, At safepoint: 4103 ns, Total: 106584 ns
[2024-02-16T19:48:23.606+0000][7][safepoint   ] Safepoint "Cleanup", Time since last: 82004928967 ns, Reaching safepoint: 127960 ns, At safepoint: 3728 ns, Total: 131688 ns
[2024-02-16T19:48:53.608+0000][7][safepoint   ] Safepoint "Cleanup", Time since last: 30001707319 ns, Reaching safepoint: 126407 ns, At safepoint: 4128 ns, Total: 130535 ns
[2024-02-16T19:49:23.610+0000][7][safepoint   ] Safepoint "Cleanup", Time since last: 30001812044 ns, Reaching safepoint: 123908 ns, At safepoint: 4072 ns, Total: 127980 ns
[2024-02-16T19:49:53.612+0000][7][safepoint   ] Safepoint "Cleanup", Time since last: 30001807689 ns, Reaching safepoint: 101692 ns, At safepoint: 6340 ns, Total: 108032 ns
[2024-02-16T19:52:23.621+0000][7][safepoint   ] Safepoint "Cleanup", Time since last: 150008728796 ns, Reaching safepoint: 101436 ns, At safepoint: 3423 ns, Total: 104859 ns
[2024-02-16T19:55:00.845+0000][7][gc,start    ] GC(12) Pause Young (Concurrent Start) (G1 Evacuation Pause)
[2024-02-16T19:55:00.845+0000][7][gc,task     ] GC(12) Using 13 workers of 13 for evacuation
[2024-02-16T19:55:00.845+0000][7][gc,age      ] GC(12) Desired survivor size 41943040 bytes, new threshold 3 (max threshold 15)
[2024-02-16T19:55:00.862+0000][7][gc,age      ] GC(12) Age table with threshold 3 (max threshold 15)
[2024-02-16T19:55:00.862+0000][7][gc,age      ] GC(12) - age   1:   15441144 bytes,   15441144 total
[2024-02-16T19:55:00.862+0000][7][gc,age      ] GC(12) - age   2:    8453928 bytes,   23895072 total
[2024-02-16T19:55:00.862+0000][7][gc,age      ] GC(12) - age   3:   15335768 bytes,   39230840 total
[2024-02-16T19:55:00.862+0000][7][gc,phases   ] GC(12)   Pre Evacuate Collection Set: 0.2ms
[2024-02-16T19:55:00.862+0000][7][gc,phases   ] GC(12)   Merge Heap Roots: 0.2ms
[2024-02-16T19:55:00.862+0000][7][gc,phases   ] GC(12)   Evacuate Collection Set: 15.4ms
[2024-02-16T19:55:00.862+0000][7][gc,phases   ] GC(12)   Post Evacuate Collection Set: 1.2ms
[2024-02-16T19:55:00.862+0000][7][gc,phases   ] GC(12)   Other: 0.4ms
[2024-02-16T19:55:00.862+0000][7][gc,heap     ] GC(12) Eden regions: 140->0(142)
[2024-02-16T19:55:00.862+0000][7][gc,heap     ] GC(12) Survivor regions: 13->11(20)
[2024-02-16T19:55:00.862+0000][7][gc,heap     ] GC(12) Old regions: 4->10
[2024-02-16T19:55:00.863+0000][7][gc,heap     ] GC(12) Archive regions: 2->2
[2024-02-16T19:55:00.863+0000][7][gc,heap     ] GC(12) Humongous regions: 2->2
[2024-02-16T19:55:00.863+0000][7][gc,metaspace] GC(12) Metaspace: 95099K(99408K)->95099K(99408K) NonClass: 82392K(85584K)->82392K(85584K) Class: 12706K(13824K)->12706K(13824K)
[2024-02-16T19:55:00.863+0000][7][gc          ] GC(12) Pause Young (Concurrent Start) (G1 Evacuation Pause) 637M->93M(1024M) 17.448ms
[2024-02-16T19:55:00.863+0000][7][gc,cpu      ] GC(12) User=0.17s Sys=0.00s Real=0.02s
[2024-02-16T19:55:00.863+0000][7][safepoint   ] Safepoint "G1CollectForAllocation", Time since last: 157224036537 ns, Reaching safepoint: 94968 ns, At safepoint: 17549706 ns, Total: 17644674 ns
[2024-02-16T19:55:00.863+0000][7][gc          ] GC(13) Concurrent Cycle
[2024-02-16T19:55:00.863+0000][7][gc,marking  ] GC(13) Concurrent Clear Claimed Marks
[2024-02-16T19:55:00.863+0000][7][gc,marking  ] GC(13) Concurrent Clear Claimed Marks 0.089ms
[2024-02-16T19:55:00.863+0000][7][gc,marking  ] GC(13) Concurrent Scan Root Regions
[2024-02-16T19:55:00.875+0000][7][gc,marking  ] GC(13) Concurrent Scan Root Regions 12.099ms
[2024-02-16T19:55:00.875+0000][7][gc,marking  ] GC(13) Concurrent Mark (8026.666s)
[2024-02-16T19:55:00.875+0000][7][gc,marking  ] GC(13) Concurrent Mark From Roots
[2024-02-16T19:55:00.875+0000][7][gc,task     ] GC(13) Using 3 workers of 3 for marking
[2024-02-16T19:55:00.881+0000][7][gc,marking  ] GC(13) Concurrent Mark From Roots 5.349ms
[2024-02-16T19:55:00.881+0000][7][gc,marking  ] GC(13) Concurrent Preclean
[2024-02-16T19:55:00.881+0000][7][gc,marking  ] GC(13) Concurrent Preclean 0.329ms
[2024-02-16T19:55:00.881+0000][7][gc,marking  ] GC(13) Concurrent Mark (8026.666s, 8026.671s) 5.826ms
[2024-02-16T19:55:00.881+0000][7][gc,start    ] GC(13) Pause Remark
[2024-02-16T19:55:00.889+0000][7][gc          ] GC(13) Pause Remark 96M->96M(1024M) 7.272ms
[2024-02-16T19:55:00.889+0000][7][gc,cpu      ] GC(13) User=0.06s Sys=0.01s Real=0.01s
[2024-02-16T19:55:00.889+0000][7][safepoint   ] Safepoint "G1Concurrent", Time since last: 18413911 ns, Reaching safepoint: 189883 ns, At safepoint: 7397015 ns, Total: 7586898 ns
[2024-02-16T19:55:00.889+0000][7][gc,marking  ] GC(13) Concurrent Rebuild Remembered Sets
[2024-02-16T19:55:00.903+0000][7][gc,marking  ] GC(13) Concurrent Rebuild Remembered Sets 14.799ms
[2024-02-16T19:55:00.906+0000][7][gc,start    ] GC(13) Pause Cleanup
[2024-02-16T19:55:00.906+0000][7][gc          ] GC(13) Pause Cleanup 96M->96M(1024M) 0.151ms
[2024-02-16T19:55:00.906+0000][7][gc,cpu      ] GC(13) User=0.00s Sys=0.00s Real=0.00s
[2024-02-16T19:55:00.906+0000][7][safepoint   ] Safepoint "G1Concurrent", Time since last: 14970597 ns, Reaching safepoint: 2384554 ns, At safepoint: 240338 ns, Total: 2624892 ns
[2024-02-16T19:55:00.906+0000][7][gc,marking  ] GC(13) Concurrent Cleanup for Next Mark
[2024-02-16T19:55:00.908+0000][7][gc,marking  ] GC(13) Concurrent Cleanup for Next Mark 1.567ms
[2024-02-16T19:55:00.908+0000][7][gc          ] GC(13) Concurrent Cycle 45.069ms
[2024-02-16T19:55:01.906+0000][7][safepoint   ] Safepoint "Cleanup", Time since last: 1000076984 ns, Reaching safepoint: 105117 ns, At safepoint: 2972 ns, Total: 108089 ns
[2024-02-16T19:55:22.908+0000][7][safepoint   ] Safepoint "Cleanup", Time since last: 21001302875 ns, Reaching safepoint: 87079 ns, At safepoint: 3055 ns, Total: 90134 ns
[2024-02-16T19:55:23.908+0000][7][safepoint   ] Safepoint "Cleanup", Time since last: 1000139748 ns, Reaching safepoint: 112872 ns, At safepoint: 3362 ns, Total: 116234 ns
[2024-02-16T19:56:22.912+0000][7][safepoint   ] Safepoint "Cleanup", Time since last: 59003459560 ns, Reaching safepoint: 115600 ns, At safepoint: 2972 ns, Total: 118572 ns
[2024-02-16T19:57:51.917+0000][7][safepoint   ] Safepoint "Cleanup", Time since last: 89005187267 ns, Reaching safepoint: 107268 ns, At safepoint: 3258 ns, Total: 110526 ns
[2024-02-16T20:00:02.925+0000][7][safepoint   ] Safepoint "Cleanup", Time since last: 131007718922 ns, Reaching safepoint: 114844 ns, At safepoint: 3794 ns, Total: 118638 ns
[2024-02-16T20:00:23.926+0000][7][safepoint   ] Safepoint "Cleanup", Time since last: 21001319459 ns, Reaching safepoint: 105225 ns, At safepoint: 3688 ns, Total: 108913 ns
[2024-02-16T20:01:23.930+0000][7][safepoint   ] Safepoint "Cleanup", Time since last: 60003496777 ns, Reaching safepoint: 100060 ns, At safepoint: 3564 ns, Total: 103624 ns
[2024-02-16T20:05:26.944+0000][7][safepoint   ] Safepoint "Cleanup", Time since last: 243014171730 ns, Reaching safepoint: 99894 ns, At safepoint: 3540 ns, Total: 103434 ns
[2024-02-16T20:07:23.951+0000][7][safepoint   ] Safepoint "Cleanup", Time since last: 117006966336 ns, Reaching safepoint: 134927 ns, At safepoint: 7112 ns, Total: 142039 ns
[2024-02-16T20:08:12.954+0000][7][safepoint   ] Safepoint "Cleanup", Time since last: 49002865710 ns, Reaching safepoint: 113470 ns, At safepoint: 3067 ns, Total: 116537 ns
[2024-02-16T20:09:22.958+0000][7][safepoint   ] Safepoint "Cleanup", Time since last: 70004161201 ns, Reaching safepoint: 92005 ns, At safepoint: 3605 ns, Total: 95610 ns
[2024-02-16T20:10:36.963+0000][7][safepoint   ] Safepoint "Cleanup", Time since last: 74004386957 ns, Reaching safepoint: 106841 ns, At safepoint: 3654 ns, Total: 110495 ns
[2024-02-16T20:14:21.976+0000][7][safepoint   ] Safepoint "Cleanup", Time since last: 225013141615 ns, Reaching safepoint: 97660 ns, At safepoint: 3546 ns, Total: 101206 ns
[2024-02-16T20:26:23.018+0000][7][safepoint   ] Safepoint "Cleanup", Time since last: 721042041897 ns, Reaching safepoint: 97951 ns, At safepoint: 3804 ns, Total: 101755 ns
[2024-02-16T20:30:23.032+0000][7][safepoint   ] Safepoint "Cleanup", Time since last: 240014050248 ns, Reaching safepoint: 95452 ns, At safepoint: 3705 ns, Total: 99157 ns
[2024-02-16T20:30:53.034+0000][7][safepoint   ] Safepoint "Cleanup", Time since last: 30001879074 ns, Reaching safepoint: 100346 ns, At safepoint: 3522 ns, Total: 103868 ns
[2024-02-16T20:38:23.061+0000][7][safepoint   ] Safepoint "Cleanup", Time since last: 450026393755 ns, Reaching safepoint: 97597 ns, At safepoint: 3895 ns, Total: 101492 ns
[2024-02-16T20:38:24.061+0000][7][safepoint   ] Safepoint "Cleanup", Time since last: 1000140509 ns, Reaching safepoint: 84037 ns, At safepoint: 4024 ns, Total: 88061 ns
[2024-02-16T20:39:16.064+0000][7][safepoint   ] Safepoint "Cleanup", Time since last: 52003111559 ns, Reaching safepoint: 101583 ns, At safepoint: 4116 ns, Total: 105699 ns
[2024-02-16T20:41:23.072+0000][7][safepoint   ] Safepoint "Cleanup", Time since last: 127007389749 ns, Reaching safepoint: 104082 ns, At safepoint: 3371 ns, Total: 107453 ns
[2024-02-16T20:42:53.077+0000][7][safepoint   ] Safepoint "Cleanup", Time since last: 90005279625 ns, Reaching safepoint: 111488 ns, At safepoint: 3355 ns, Total: 114843 ns
[2024-02-16T20:43:30.080+0000][7][safepoint   ] Safepoint "Cleanup", Time since last: 37002250844 ns, Reaching safepoint: 181945 ns, At safepoint: 4318 ns, Total: 186263 ns
[2024-02-16T20:45:24.087+0000][7][safepoint   ] Safepoint "Cleanup", Time since last: 114006755055 ns, Reaching safepoint: 102613 ns, At safepoint: 3135 ns, Total: 105748 ns
[2024-02-16T20:50:32.105+0000][7][safepoint   ] Safepoint "Cleanup", Time since last: 308017968954 ns, Reaching safepoint: 102155 ns, At safepoint: 3501 ns, Total: 105656 ns
[2024-02-16T20:50:36.105+0000][7][safepoint   ] Safepoint "Cleanup", Time since last: 4000325963 ns, Reaching safepoint: 80075 ns, At safepoint: 3628 ns, Total: 83703 ns
[2024-02-16T20:50:40.105+0000][7][safepoint   ] Safepoint "Cleanup", Time since last: 4000339159 ns, Reaching safepoint: 80954 ns, At safepoint: 3606 ns, Total: 84560 ns
[2024-02-16T20:50:42.106+0000][7][safepoint   ] Safepoint "Cleanup", Time since last: 2000201049 ns, Reaching safepoint: 112040 ns, At safepoint: 5667 ns, Total: 117707 ns
[2024-02-16T20:50:53.107+0000][7][safepoint   ] Safepoint "Cleanup", Time since last: 11000717204 ns, Reaching safepoint: 121843 ns, At safepoint: 3577 ns, Total: 125420 ns
[2024-02-16T20:52:23.112+0000][7][safepoint   ] Safepoint "Cleanup", Time since last: 90005390821 ns, Reaching safepoint: 100790 ns, At safepoint: 3307 ns, Total: 104097 ns
[2024-02-16T20:52:53.114+0000][7][safepoint   ] Safepoint "Cleanup", Time since last: 30001820968 ns, Reaching safepoint: 94499 ns, At safepoint: 3947 ns, Total: 98446 ns
[2024-02-16T20:53:53.118+0000][7][safepoint   ] Safepoint "Cleanup", Time since last: 60003474975 ns, Reaching safepoint: 136656 ns, At safepoint: 4311 ns, Total: 140967 ns
[2024-02-16T21:02:50.149+0000][7][safepoint   ] Safepoint "Cleanup", Time since last: 537030924166 ns, Reaching safepoint: 119981 ns, At safepoint: 6131 ns, Total: 126112 ns
[2024-02-16T21:06:02.160+0000][7][safepoint   ] Safepoint "Cleanup", Time since last: 192011321349 ns, Reaching safepoint: 95888 ns, At safepoint: 3609 ns, Total: 99497 ns
[2024-02-16T21:06:04.160+0000][7][safepoint   ] Safepoint "Cleanup", Time since last: 2000193693 ns, Reaching safepoint: 95209 ns, At safepoint: 3874 ns, Total: 99083 ns
[2024-02-16T21:06:16.161+0000][7][safepoint   ] Safepoint "Cleanup", Time since last: 12000768459 ns, Reaching safepoint: 81873 ns, At safepoint: 3611 ns, Total: 85484 ns
[2024-02-16T21:06:21.162+0000][7][safepoint   ] Safepoint "Cleanup", Time since last: 5000378531 ns, Reaching safepoint: 86179 ns, At safepoint: 3828 ns, Total: 90007 ns
[2024-02-16T21:06:38.163+0000][7][safepoint   ] Safepoint "Cleanup", Time since last: 17001099531 ns, Reaching safepoint: 94433 ns, At safepoint: 3927 ns, Total: 98360 ns
[2024-02-16T21:07:08.165+0000][7][safepoint   ] Safepoint "Cleanup", Time since last: 30001776190 ns, Reaching safepoint: 95167 ns, At safepoint: 3499 ns, Total: 98666 ns
[2024-02-16T21:07:23.166+0000][7][safepoint   ] Safepoint "Cleanup", Time since last: 15000945016 ns, Reaching safepoint: 81064 ns, At safepoint: 3764 ns, Total: 84828 ns
[2024-02-16T21:07:28.166+0000][7][safepoint   ] Safepoint "Cleanup", Time since last: 5000396875 ns, Reaching safepoint: 86875 ns, At safepoint: 3691 ns, Total: 90566 ns
[2024-02-16T21:07:30.167+0000][7][safepoint   ] Safepoint "Cleanup", Time since last: 2000202908 ns, Reaching safepoint: 96541 ns, At safepoint: 3502 ns, Total: 100043 ns
[2024-02-16T21:07:32.167+0000][7][safepoint   ] Safepoint "Cleanup", Time since last: 2000202555 ns, Reaching safepoint: 90764 ns, At safepoint: 6341 ns, Total: 97105 ns
[2024-02-16T21:07:35.167+0000][7][safepoint   ] Safepoint "Cleanup", Time since last: 3000256326 ns, Reaching safepoint: 132823 ns, At safepoint: 4062 ns, Total: 136885 ns
[2024-02-16T21:07:51.169+0000][7][safepoint   ] Safepoint "Cleanup", Time since last: 16001024552 ns, Reaching safepoint: 124167 ns, At safepoint: 6508 ns, Total: 130675 ns
[2024-02-16T21:08:11.170+0000][7][safepoint   ] Safepoint "Cleanup", Time since last: 20001201095 ns, Reaching safepoint: 103283 ns, At safepoint: 3710 ns, Total: 106993 ns
[2024-02-16T21:08:13.170+0000][7][safepoint   ] Safepoint "Cleanup", Time since last: 2000194999 ns, Reaching safepoint: 85883 ns, At safepoint: 3560 ns, Total: 89443 ns
[2024-02-16T21:08:21.171+0000][7][safepoint   ] Safepoint "Cleanup", Time since last: 8000548499 ns, Reaching safepoint: 83675 ns, At safepoint: 3569 ns, Total: 87244 ns
[2024-02-16T21:08:30.171+0000][7][safepoint   ] Safepoint "Cleanup", Time since last: 9000599007 ns, Reaching safepoint: 85784 ns, At safepoint: 3551 ns, Total: 89335 ns
[2024-02-16T21:08:37.172+0000][7][safepoint   ] Safepoint "Cleanup", Time since last: 7000471035 ns, Reaching safepoint: 93585 ns, At safepoint: 3520 ns, Total: 97105 ns
[2024-02-16T21:08:47.173+0000][7][safepoint   ] Safepoint "Cleanup", Time since last: 10000669153 ns, Reaching safepoint: 82267 ns, At safepoint: 3778 ns, Total: 86045 ns
[2024-02-16T21:09:27.175+0000][7][safepoint   ] Safepoint "Cleanup", Time since last: 40002450177 ns, Reaching safepoint: 101142 ns, At safepoint: 3639 ns, Total: 104781 ns
[2024-02-16T21:09:30.176+0000][7][safepoint   ] Safepoint "Cleanup", Time since last: 3000263834 ns, Reaching safepoint: 96110 ns, At safepoint: 3748 ns, Total: 99858 ns
[2024-02-16T21:09:37.176+0000][7][safepoint   ] Safepoint "Cleanup", Time since last: 7000491006 ns, Reaching safepoint: 90957 ns, At safepoint: 3504 ns, Total: 94461 ns
[2024-02-16T21:09:42.177+0000][7][safepoint   ] Safepoint "Cleanup", Time since last: 5000351829 ns, Reaching safepoint: 88918 ns, At safepoint: 13532 ns, Total: 102450 ns
[2024-02-16T21:10:57.181+0000][7][safepoint   ] Safepoint "Cleanup", Time since last: 75004450910 ns, Reaching safepoint: 107803 ns, At safepoint: 8371 ns, Total: 116174 ns
[2024-02-16T21:11:13.182+0000][7][safepoint   ] Safepoint "Cleanup", Time since last: 16000925016 ns, Reaching safepoint: 94952 ns, At safepoint: 3721 ns, Total: 98673 ns
[2024-02-16T21:11:30.183+0000][7][safepoint   ] Safepoint "Cleanup", Time since last: 17001014363 ns, Reaching safepoint: 86645 ns, At safepoint: 3520 ns, Total: 90165 ns
[2024-02-16T21:11:44.184+0000][7][safepoint   ] Safepoint "Cleanup", Time since last: 14000885811 ns, Reaching safepoint: 125752 ns, At safepoint: 6597 ns, Total: 132349 ns
[2024-02-16T21:12:00.185+0000][7][safepoint   ] Safepoint "Cleanup", Time since last: 16000971609 ns, Reaching safepoint: 89085 ns, At safepoint: 3406 ns, Total: 92491 ns
[2024-02-16T21:15:02.196+0000][7][safepoint   ] Safepoint "Cleanup", Time since last: 182010721155 ns, Reaching safepoint: 107432 ns, At safepoint: 3695 ns, Total: 111127 ns
[2024-02-16T21:18:14.208+0000][7][safepoint   ] Safepoint "Cleanup", Time since last: 192011290802 ns, Reaching safepoint: 102716 ns, At safepoint: 3716 ns, Total: 106432 ns
[2024-02-16T21:19:21.212+0000][7][safepoint   ] Safepoint "Cleanup", Time since last: 67003915004 ns, Reaching safepoint: 92667 ns, At safepoint: 6001 ns, Total: 98668 ns
[2024-02-16T21:21:23.219+0000][7][safepoint   ] Safepoint "Cleanup", Time since last: 122007074191 ns, Reaching safepoint: 98836 ns, At safepoint: 3557 ns, Total: 102393 ns
[2024-02-16T21:28:53.245+0000][7][safepoint   ] Safepoint "Cleanup", Time since last: 450026364324 ns, Reaching safepoint: 100386 ns, At safepoint: 3715 ns, Total: 104101 ns
[2024-02-16T21:30:23.251+0000][7][safepoint   ] Safepoint "Cleanup", Time since last: 90005223658 ns, Reaching safepoint: 103391 ns, At safepoint: 3780 ns, Total: 107171 ns
[2024-02-16T21:37:23.275+0000][7][safepoint   ] Safepoint "Cleanup", Time since last: 420024466373 ns, Reaching safepoint: 103407 ns, At safepoint: 3645 ns, Total: 107052 ns
[2024-02-16T21:40:23.286+0000][7][safepoint   ] Safepoint "Cleanup", Time since last: 180010543511 ns, Reaching safepoint: 96568 ns, At safepoint: 3318 ns, Total: 99886 ns
[2024-02-16T21:53:53.333+0000][7][safepoint   ] Safepoint "Cleanup", Time since last: 810047377706 ns, Reaching safepoint: 104467 ns, At safepoint: 4103 ns, Total: 108570 ns
[2024-02-16T21:57:53.348+0000][7][safepoint   ] Safepoint "Cleanup", Time since last: 240014085453 ns, Reaching safepoint: 139294 ns, At safepoint: 3166 ns, Total: 142460 ns
[2024-02-16T21:58:23.350+0000][7][safepoint   ] Safepoint "Cleanup", Time since last: 30001869724 ns, Reaching safepoint: 180740 ns, At safepoint: 3442 ns, Total: 184182 ns
[2024-02-16T22:05:23.374+0000][7][safepoint   ] Safepoint "Cleanup", Time since last: 420024607887 ns, Reaching safepoint: 103877 ns, At safepoint: 3631 ns, Total: 107508 ns
[2024-02-16T22:10:06.391+0000][7][safepoint   ] Safepoint "Cleanup", Time since last: 283016621204 ns, Reaching safepoint: 103763 ns, At safepoint: 3674 ns, Total: 107437 ns
[2024-02-16T22:10:07.391+0000][7][safepoint   ] Safepoint "Cleanup", Time since last: 1000147118 ns, Reaching safepoint: 108905 ns, At safepoint: 3864 ns, Total: 112769 ns
[2024-02-16T22:10:53.394+0000][7][safepoint   ] Safepoint "Cleanup", Time since last: 46002737096 ns, Reaching safepoint: 121854 ns, At safepoint: 3658 ns, Total: 125512 ns
[2024-02-16T22:12:23.400+0000][7][safepoint   ] Safepoint "Cleanup", Time since last: 90005345750 ns, Reaching safepoint: 108196 ns, At safepoint: 3680 ns, Total: 111876 ns
[2024-02-16T22:16:53.415+0000][7][safepoint   ] Safepoint "Cleanup", Time since last: 270015674620 ns, Reaching safepoint: 98838 ns, At safepoint: 3785 ns, Total: 102623 ns
[2024-02-16T22:26:23.449+0000][7][safepoint   ] Safepoint "Cleanup", Time since last: 570033050468 ns, Reaching safepoint: 166045 ns, At safepoint: 4143 ns, Total: 170188 ns
[2024-02-16T22:39:16.493+0000][7][safepoint   ] Safepoint "Cleanup", Time since last: 773044488830 ns, Reaching safepoint: 99716 ns, At safepoint: 3647 ns, Total: 103363 ns
[2024-02-16T22:39:24.155+0000][7][safepoint   ] Safepoint "Cleanup", Time since last: 7661710858 ns, Reaching safepoint: 119512 ns, At safepoint: 3951 ns, Total: 123463 ns
[2024-02-16T22:39:26.155+0000][7][safepoint   ] Safepoint "Cleanup", Time since last: 2000171231 ns, Reaching safepoint: 88842 ns, At safepoint: 3619 ns, Total: 92461 ns
[2024-02-16T22:41:23.162+0000][7][safepoint   ] Safepoint "Cleanup", Time since last: 117006872241 ns, Reaching safepoint: 97618 ns, At safepoint: 3582 ns, Total: 101200 ns
[2024-02-16T22:41:54.164+0000][7][safepoint   ] Safepoint "Cleanup", Time since last: 31001832645 ns, Reaching safepoint: 104590 ns, At safepoint: 3466 ns, Total: 108056 ns
[2024-02-16T22:42:54.168+0000][7][safepoint   ] Safepoint "Cleanup", Time since last: 60003529279 ns, Reaching safepoint: 100830 ns, At safepoint: 4044 ns, Total: 104874 ns
[2024-02-16T22:49:24.190+0000][7][safepoint   ] Safepoint "Cleanup", Time since last: 390022368536 ns, Reaching safepoint: 101574 ns, At safepoint: 3602 ns, Total: 105176 ns
[2024-02-16T22:51:23.197+0000][7][safepoint   ] Safepoint "Cleanup", Time since last: 119006920059 ns, Reaching safepoint: 93781 ns, At safepoint: 3372 ns, Total: 97153 ns
[2024-02-16T22:51:24.198+0000][7][safepoint   ] Safepoint "Cleanup", Time since last: 1000145498 ns, Reaching safepoint: 93003 ns, At safepoint: 3564 ns, Total: 96567 ns
[2024-02-16T23:04:38.244+0000][7][safepoint   ] Safepoint "Cleanup", Time since last: 794046526038 ns, Reaching safepoint: 97828 ns, At safepoint: 3075 ns, Total: 100903 ns
[2024-02-16T23:05:05.246+0000][7][safepoint   ] Safepoint "Cleanup", Time since last: 27001686972 ns, Reaching safepoint: 99985 ns, At safepoint: 3453 ns, Total: 103438 ns
[2024-02-16T23:16:23.285+0000][7][safepoint   ] Safepoint "Cleanup", Time since last: 678039234252 ns, Reaching safepoint: 94416 ns, At safepoint: 8562 ns, Total: 102978 ns
[2024-02-16T23:33:41.345+0000][7][safepoint   ] Safepoint "Cleanup", Time since last: 1038059725444 ns, Reaching safepoint: 100297 ns, At safepoint: 3243 ns, Total: 103540 ns
[2024-02-16T23:39:43.362+0000][7][safepoint   ] Safepoint "Cleanup", Time since last: 362016941617 ns, Reaching safepoint: 127970 ns, At safepoint: 3797 ns, Total: 131767 ns
[2024-02-16T23:51:32.391+0000][7][safepoint   ] Safepoint "Cleanup", Time since last: 709028173925 ns, Reaching safepoint: 302977 ns, At safepoint: 6284 ns, Total: 309261 ns
[2024-02-16T23:55:53.400+0000][7][safepoint   ] Safepoint "Cleanup", Time since last: 261009011378 ns, Reaching safepoint: 83189 ns, At safepoint: 2423 ns, Total: 85612 ns
[2024-02-16T23:56:53.403+0000][7][safepoint   ] Safepoint "Cleanup", Time since last: 60003342974 ns, Reaching safepoint: 101165 ns, At safepoint: 6641 ns, Total: 107806 ns
[2024-02-17T00:03:19.420+0000][7][safepoint   ] Safepoint "Cleanup", Time since last: 386016713937 ns, Reaching safepoint: 102975 ns, At safepoint: 3419 ns, Total: 106394 ns
[2024-02-17T00:03:21.420+0000][7][safepoint   ] Safepoint "Cleanup", Time since last: 2000156754 ns, Reaching safepoint: 119153 ns, At safepoint: 6600 ns, Total: 125753 ns
[2024-02-17T00:28:53.498+0000][7][safepoint   ] Safepoint "Cleanup", Time since last: 1532077612303 ns, Reaching safepoint: 100022 ns, At safepoint: 8725 ns, Total: 108747 ns
[2024-02-17T00:40:53.540+0000][7][safepoint   ] Safepoint "Cleanup", Time since last: 720041890441 ns, Reaching safepoint: 106682 ns, At safepoint: 3701 ns, Total: 110383 ns
[2024-02-17T00:41:23.542+0000][7][safepoint   ] Safepoint "Cleanup", Time since last: 30001864206 ns, Reaching safepoint: 144042 ns, At safepoint: 3669 ns, Total: 147711 ns
[2024-02-17T00:47:23.563+0000][7][safepoint   ] Safepoint "Cleanup", Time since last: 360020931224 ns, Reaching safepoint: 97952 ns, At safepoint: 4166 ns, Total: 102118 ns
[2024-02-17T00:47:53.565+0000][7][safepoint   ] Safepoint "Cleanup", Time since last: 30001842808 ns, Reaching safepoint: 99138 ns, At safepoint: 3618 ns, Total: 102756 ns
[2024-02-17T01:00:00.608+0000][7][safepoint   ] Safepoint "Cleanup", Time since last: 727042889399 ns, Reaching safepoint: 84370 ns, At safepoint: 3592 ns, Total: 87962 ns
[2024-02-17T01:03:22.620+0000][7][safepoint   ] Safepoint "Cleanup", Time since last: 202011796693 ns, Reaching safepoint: 107305 ns, At safepoint: 8426 ns, Total: 115731 ns
[2024-02-17T01:03:53.622+0000][7][safepoint   ] Safepoint "Cleanup", Time since last: 31001865700 ns, Reaching safepoint: 112200 ns, At safepoint: 3305 ns, Total: 115505 ns
[2024-02-17T01:06:23.631+0000][7][safepoint   ] Safepoint "Cleanup", Time since last: 150008710114 ns, Reaching safepoint: 97548 ns, At safepoint: 3658 ns, Total: 101206 ns
[2024-02-17T01:09:23.642+0000][7][safepoint   ] Safepoint "Cleanup", Time since last: 180010764678 ns, Reaching safepoint: 99185 ns, At safepoint: 3403 ns, Total: 102588 ns
[2024-02-17T01:10:53.647+0000][7][safepoint   ] Safepoint "Cleanup", Time since last: 90005428161 ns, Reaching safepoint: 104373 ns, At safepoint: 3645 ns, Total: 108018 ns
[2024-02-17T01:11:23.649+0000][7][safepoint   ] Safepoint "Cleanup", Time since last: 30001872105 ns, Reaching safepoint: 98875 ns, At safepoint: 3239 ns, Total: 102114 ns
[2024-02-17T01:16:23.667+0000][7][safepoint   ] Safepoint "Cleanup", Time since last: 300017708649 ns, Reaching safepoint: 102480 ns, At safepoint: 3077 ns, Total: 105557 ns
[2024-02-17T01:17:53.672+0000][7][safepoint   ] Safepoint "Cleanup", Time since last: 90005309834 ns, Reaching safepoint: 103535 ns, At safepoint: 3652 ns, Total: 107187 ns
[2024-02-17T01:22:23.689+0000][7][safepoint   ] Safepoint "Cleanup", Time since last: 270016005871 ns, Reaching safepoint: 100043 ns, At safepoint: 3423 ns, Total: 103466 ns
[2024-02-17T01:24:23.696+0000][7][safepoint   ] Safepoint "Cleanup", Time since last: 120007134133 ns, Reaching safepoint: 111602 ns, At safepoint: 5796 ns, Total: 117398 ns
[2024-02-17T01:27:53.708+0000][7][safepoint   ] Safepoint "Cleanup", Time since last: 210012379303 ns, Reaching safepoint: 96831 ns, At safepoint: 3612 ns, Total: 100443 ns
[2024-02-17T01:30:00.716+0000][7][safepoint   ] Safepoint "Cleanup", Time since last: 127007288010 ns, Reaching safepoint: 88348 ns, At safepoint: 3613 ns, Total: 91961 ns
[2024-02-17T01:35:35.736+0000][7][safepoint   ] Safepoint "Cleanup", Time since last: 335019816856 ns, Reaching safepoint: 176571 ns, At safepoint: 6257 ns, Total: 182828 ns
[2024-02-17T01:35:53.737+0000][7][safepoint   ] Safepoint "Cleanup", Time since last: 18001139505 ns, Reaching safepoint: 85435 ns, At safepoint: 5949 ns, Total: 91384 ns
[2024-02-17T01:38:00.745+0000][7][safepoint   ] Safepoint "Cleanup", Time since last: 127007475410 ns, Reaching safepoint: 106641 ns, At safepoint: 3866 ns, Total: 110507 ns
[2024-02-17T01:38:02.745+0000][7][safepoint   ] Safepoint "Cleanup", Time since last: 2000207582 ns, Reaching safepoint: 89874 ns, At safepoint: 6339 ns, Total: 96213 ns
[2024-02-17T01:40:25.753+0000][7][safepoint   ] Safepoint "Cleanup", Time since last: 143008455876 ns, Reaching safepoint: 99461 ns, At safepoint: 3747 ns, Total: 103208 ns
[2024-02-17T01:43:53.766+0000][7][safepoint   ] Safepoint "Cleanup", Time since last: 208012112960 ns, Reaching safepoint: 141075 ns, At safepoint: 4667 ns, Total: 145742 ns
[2024-02-17T01:52:53.345+0000][7][gc,start    ] GC(14) Pause Young (Normal) (G1 Evacuation Pause)
[2024-02-17T01:52:53.345+0000][7][gc,task     ] GC(14) Using 13 workers of 13 for evacuation
[2024-02-17T01:52:53.345+0000][7][gc,age      ] GC(14) Desired survivor size 41943040 bytes, new threshold 15 (max threshold 15)
[2024-02-17T01:52:53.356+0000][7][gc,age      ] GC(14) Age table with threshold 15 (max threshold 15)
[2024-02-17T01:52:53.356+0000][7][gc,age      ] GC(14) - age   1:     807344 bytes,     807344 total
[2024-02-17T01:52:53.356+0000][7][gc,age      ] GC(14) - age   2:   13509912 bytes,   14317256 total
[2024-02-17T01:52:53.356+0000][7][gc,age      ] GC(14) - age   3:    7936328 bytes,   22253584 total
[2024-02-17T01:52:53.356+0000][7][gc,age      ] GC(14) - age   4:   15245584 bytes,   37499168 total
[2024-02-17T01:52:53.356+0000][7][gc,phases   ] GC(14)   Pre Evacuate Collection Set: 0.2ms
[2024-02-17T01:52:53.356+0000][7][gc,phases   ] GC(14)   Merge Heap Roots: 0.2ms
[2024-02-17T01:52:53.356+0000][7][gc,phases   ] GC(14)   Evacuate Collection Set: 9.8ms
[2024-02-17T01:52:53.356+0000][7][gc,phases   ] GC(14)   Post Evacuate Collection Set: 1.2ms
[2024-02-17T01:52:53.356+0000][7][gc,phases   ] GC(14)   Other: 0.4ms
[2024-02-17T01:52:53.356+0000][7][gc,heap     ] GC(14) Eden regions: 142->0(143)
[2024-02-17T01:52:53.356+0000][7][gc,heap     ] GC(14) Survivor regions: 11->10(20)
[2024-02-17T01:52:53.356+0000][7][gc,heap     ] GC(14) Old regions: 10->10
[2024-02-17T01:52:53.356+0000][7][gc,heap     ] GC(14) Archive regions: 2->2
[2024-02-17T01:52:53.356+0000][7][gc,heap     ] GC(14) Humongous regions: 2->2
[2024-02-17T01:52:53.356+0000][7][gc,metaspace] GC(14) Metaspace: 96239K(100944K)->96239K(100944K) NonClass: 83389K(86864K)->83389K(86864K) Class: 12849K(14080K)->12849K(14080K)
[2024-02-17T01:52:53.356+0000][7][gc          ] GC(14) Pause Young (Normal) (G1 Evacuation Pause) 661M->91M(1024M) 11.855ms
[2024-02-17T01:52:53.357+0000][7][gc,cpu      ] GC(14) User=0.10s Sys=0.01s Real=0.01s
[2024-02-17T01:52:53.357+0000][7][safepoint   ] Safepoint "G1CollectForAllocation", Time since last: 539578815761 ns, Reaching safepoint: 159415 ns, At safepoint: 11950384 ns, Total: 12109799 ns
[2024-02-17T02:08:07.406+0000][7][safepoint   ] Safepoint "Cleanup", Time since last: 914049719541 ns, Reaching safepoint: 102740 ns, At safepoint: 8983 ns, Total: 111723 ns
[2024-02-17T02:08:23.408+0000][7][safepoint   ] Safepoint "Cleanup", Time since last: 16001037463 ns, Reaching safepoint: 113045 ns, At safepoint: 6094 ns, Total: 119139 ns
[2024-02-17T02:08:25.408+0000][7][safepoint   ] Safepoint "Cleanup", Time since last: 2000212818 ns, Reaching safepoint: 111437 ns, At safepoint: 4132 ns, Total: 115569 ns
[2024-02-17T02:12:22.422+0000][7][safepoint   ] Safepoint "Cleanup", Time since last: 237014048748 ns, Reaching safepoint: 101121 ns, At safepoint: 3787 ns, Total: 104908 ns
[2024-02-17T02:15:54.435+0000][7][safepoint   ] Safepoint "Cleanup", Time since last: 212012399616 ns, Reaching safepoint: 100365 ns, At safepoint: 3800 ns, Total: 104165 ns
[2024-02-17T02:15:55.435+0000][7][safepoint   ] Safepoint "Cleanup", Time since last: 1000150979 ns, Reaching safepoint: 95466 ns, At safepoint: 5739 ns, Total: 101205 ns
[2024-02-17T02:15:56.435+0000][7][safepoint   ] Safepoint "Cleanup", Time since last: 1000158162 ns, Reaching safepoint: 106550 ns, At safepoint: 3900 ns, Total: 110450 ns
[2024-02-17T02:15:57.435+0000][7][safepoint   ] Safepoint "Cleanup", Time since last: 1000144294 ns, Reaching safepoint: 82707 ns, At safepoint: 2277 ns, Total: 84984 ns
[2024-02-17T02:15:58.436+0000][7][safepoint   ] Safepoint "Cleanup", Time since last: 1000140028 ns, Reaching safepoint: 109746 ns, At safepoint: 4092 ns, Total: 113838 ns
[2024-02-17T02:15:59.436+0000][7][safepoint   ] Safepoint "Cleanup", Time since last: 1000146970 ns, Reaching safepoint: 95238 ns, At safepoint: 3880 ns, Total: 99118 ns
[2024-02-17T02:16:01.287+0000][7][safepoint   ] Safepoint "Cleanup", Time since last: 1850709892 ns, Reaching safepoint: 94347 ns, At safepoint: 3850 ns, Total: 98197 ns
[2024-02-17T02:18:42.296+0000][7][safepoint   ] Safepoint "Cleanup", Time since last: 161009679386 ns, Reaching safepoint: 113596 ns, At safepoint: 3928 ns, Total: 117524 ns
[2024-02-17T02:18:44.297+0000][7][safepoint   ] Safepoint "Cleanup", Time since last: 2000199552 ns, Reaching safepoint: 89709 ns, At safepoint: 3462 ns, Total: 93171 ns
[2024-02-17T02:18:47.297+0000][7][safepoint   ] Safepoint "Cleanup", Time since last: 3000272037 ns, Reaching safepoint: 123666 ns, At safepoint: 4140 ns, Total: 127806 ns
[2024-02-17T02:31:33.341+0000][7][safepoint   ] Safepoint "Cleanup", Time since last: 766044104648 ns, Reaching safepoint: 123384 ns, At safepoint: 4092 ns, Total: 127476 ns
[2024-02-17T02:31:51.343+0000][7][safepoint   ] Safepoint "Cleanup", Time since last: 18001167004 ns, Reaching safepoint: 89773 ns, At safepoint: 4190 ns, Total: 93963 ns
[2024-02-17T02:34:03.350+0000][7][safepoint   ] Safepoint "Cleanup", Time since last: 132007681729 ns, Reaching safepoint: 129332 ns, At safepoint: 3939 ns, Total: 133271 ns
[2024-02-17T02:37:24.362+0000][7][safepoint   ] Safepoint "Cleanup", Time since last: 201011671807 ns, Reaching safepoint: 119053 ns, At safepoint: 4060 ns, Total: 123113 ns
[2024-02-17T02:37:53.364+0000][7][safepoint   ] Safepoint "Cleanup", Time since last: 29001797736 ns, Reaching safepoint: 96411 ns, At safepoint: 3423 ns, Total: 99834 ns
[2024-02-17T02:37:54.364+0000][7][safepoint   ] Safepoint "Cleanup", Time since last: 1000139226 ns, Reaching safepoint: 108939 ns, At safepoint: 4337 ns, Total: 113276 ns
[2024-02-17T02:38:24.366+0000][7][safepoint   ] Safepoint "Cleanup", Time since last: 30001784267 ns, Reaching safepoint: 103642 ns, At safepoint: 3545 ns, Total: 107187 ns
[2024-02-17T02:43:23.384+0000][7][safepoint   ] Safepoint "Cleanup", Time since last: 299017683030 ns, Reaching safepoint: 104863 ns, At safepoint: 3686 ns, Total: 108549 ns
[2024-02-17T02:43:24.384+0000][7][safepoint   ] Safepoint "Cleanup", Time since last: 1000139887 ns, Reaching safepoint: 125834 ns, At safepoint: 6094 ns, Total: 131928 ns
[2024-02-17T02:43:33.385+0000][7][safepoint   ] Safepoint "Cleanup", Time since last: 9000636413 ns, Reaching safepoint: 88566 ns, At safepoint: 3657 ns, Total: 92223 ns
[2024-02-17T02:45:23.392+0000][7][safepoint   ] Safepoint "Cleanup", Time since last: 110006460289 ns, Reaching safepoint: 96279 ns, At safepoint: 3334 ns, Total: 99613 ns
[2024-02-17T02:52:23.416+0000][7][safepoint   ] Safepoint "Cleanup", Time since last: 420024302490 ns, Reaching safepoint: 92348 ns, At safepoint: 3386 ns, Total: 95734 ns
[2024-02-17T02:53:23.420+0000][7][safepoint   ] Safepoint "Cleanup", Time since last: 60003591964 ns, Reaching safepoint: 105578 ns, At safepoint: 8734 ns, Total: 114312 ns
[2024-02-17T02:54:23.423+0000][7][safepoint   ] Safepoint "Cleanup", Time since last: 60003512790 ns, Reaching safepoint: 93417 ns, At safepoint: 3846 ns, Total: 97263 ns
[2024-02-17T02:56:53.432+0000][7][safepoint   ] Safepoint "Cleanup", Time since last: 150008800624 ns, Reaching safepoint: 124608 ns, At safepoint: 3731 ns, Total: 128339 ns
[2024-02-17T02:57:23.434+0000][7][safepoint   ] Safepoint "Cleanup", Time since last: 30001848717 ns, Reaching safepoint: 121676 ns, At safepoint: 3619 ns, Total: 125295 ns
[2024-02-17T02:57:53.436+0000][7][safepoint   ] Safepoint "Cleanup", Time since last: 30001851969 ns, Reaching safepoint: 97469 ns, At safepoint: 3980 ns, Total: 101449 ns
[2024-02-17T03:11:23.483+0000][7][safepoint   ] Safepoint "Cleanup", Time since last: 810046944641 ns, Reaching safepoint: 101653 ns, At safepoint: 4005 ns, Total: 105658 ns
[2024-02-17T03:20:23.515+0000][7][safepoint   ] Safepoint "Cleanup", Time since last: 540031448384 ns, Reaching safepoint: 95912 ns, At safepoint: 3781 ns, Total: 99693 ns
[2024-02-17T03:31:45.555+0000][7][safepoint   ] Safepoint "Cleanup", Time since last: 682039860877 ns, Reaching safepoint: 99933 ns, At safepoint: 3184 ns, Total: 103117 ns
[2024-02-17T03:31:47.555+0000][7][safepoint   ] Safepoint "Cleanup", Time since last: 2000203081 ns, Reaching safepoint: 115552 ns, At safepoint: 4167 ns, Total: 119719 ns
[2024-02-17T03:43:53.598+0000][7][safepoint   ] Safepoint "Cleanup", Time since last: 726042389185 ns, Reaching safepoint: 131945 ns, At safepoint: 3695 ns, Total: 135640 ns
[2024-02-17T04:08:53.684+0000][7][safepoint   ] Safepoint "Cleanup", Time since last: 1500086829663 ns, Reaching safepoint: 109497 ns, At safepoint: 4414 ns, Total: 113911 ns
[2024-02-17T04:12:23.697+0000][7][safepoint   ] Safepoint "Cleanup", Time since last: 210012169461 ns, Reaching safepoint: 102598 ns, At safepoint: 4021 ns, Total: 106619 ns
[2024-02-17T04:20:23.725+0000][7][safepoint   ] Safepoint "Cleanup", Time since last: 480027832191 ns, Reaching safepoint: 139061 ns, At safepoint: 3356 ns, Total: 142417 ns
[2024-02-17T04:20:53.727+0000][7][safepoint   ] Safepoint "Cleanup", Time since last: 30001851449 ns, Reaching safepoint: 94816 ns, At safepoint: 5935 ns, Total: 100751 ns
[2024-02-17T04:21:03.727+0000][7][safepoint   ] Safepoint "Cleanup", Time since last: 10000665602 ns, Reaching safepoint: 104481 ns, At safepoint: 5593 ns, Total: 110074 ns
[2024-02-17T04:22:53.734+0000][7][safepoint   ] Safepoint "Cleanup", Time since last: 110006453840 ns, Reaching safepoint: 112394 ns, At safepoint: 3952 ns, Total: 116346 ns
[2024-02-17T04:29:25.757+0000][7][safepoint   ] Safepoint "Cleanup", Time since last: 392022964681 ns, Reaching safepoint: 146501 ns, At safepoint: 5947 ns, Total: 152448 ns
[2024-02-17T04:39:05.791+0000][7][safepoint   ] Safepoint "Cleanup", Time since last: 580033820737 ns, Reaching safepoint: 101818 ns, At safepoint: 3965 ns, Total: 105783 ns
[2024-02-17T04:39:23.792+0000][7][safepoint   ] Safepoint "Cleanup", Time since last: 18001166891 ns, Reaching safepoint: 90287 ns, At safepoint: 6048 ns, Total: 96335 ns
[2024-02-17T04:42:31.804+0000][7][safepoint   ] Safepoint "Cleanup", Time since last: 188011171927 ns, Reaching safepoint: 225966 ns, At safepoint: 4513 ns, Total: 230479 ns
[2024-02-17T04:49:23.827+0000][7][safepoint   ] Safepoint "Cleanup", Time since last: 412022959830 ns, Reaching safepoint: 105782 ns, At safepoint: 6036 ns, Total: 111818 ns
[2024-02-17T04:53:53.842+0000][7][safepoint   ] Safepoint "Cleanup", Time since last: 270015265521 ns, Reaching safepoint: 99274 ns, At safepoint: 2966 ns, Total: 102240 ns
[2024-02-17T04:55:23.848+0000][7][safepoint   ] Safepoint "Cleanup", Time since last: 90005285967 ns, Reaching safepoint: 107068 ns, At safepoint: 79680 ns, Total: 186748 ns
[2024-02-17T04:57:50.855+0000][7][safepoint   ] Safepoint "Cleanup", Time since last: 147007243916 ns, Reaching safepoint: 103262 ns, At safepoint: 6366 ns, Total: 109628 ns
[2024-02-17T04:57:52.855+0000][7][safepoint   ] Safepoint "Cleanup", Time since last: 2000210231 ns, Reaching safepoint: 97907 ns, At safepoint: 4056 ns, Total: 101963 ns
[2024-02-17T05:15:53.910+0000][7][safepoint   ] Safepoint "Cleanup", Time since last: 1081054934250 ns, Reaching safepoint: 99171 ns, At safepoint: 3703 ns, Total: 102874 ns
[2024-02-17T05:52:34.033+0000][7][safepoint   ] Safepoint "Cleanup", Time since last: 2200122288852 ns, Reaching safepoint: 128471 ns, At safepoint: 4171 ns, Total: 132642 ns
[2024-02-17T05:58:46.054+0000][7][safepoint   ] Safepoint "Cleanup", Time since last: 372021587077 ns, Reaching safepoint: 99369 ns, At safepoint: 4091 ns, Total: 103460 ns
[2024-02-17T06:08:17.088+0000][7][safepoint   ] Safepoint "Cleanup", Time since last: 571032954424 ns, Reaching safepoint: 139951 ns, At safepoint: 3514 ns, Total: 143465 ns
[2024-02-17T06:24:54.146+0000][7][safepoint   ] Safepoint "Cleanup", Time since last: 997058320440 ns, Reaching safepoint: 103143 ns, At safepoint: 3439 ns, Total: 106582 ns
[2024-02-17T06:27:54.157+0000][7][safepoint   ] Safepoint "Cleanup", Time since last: 180010532270 ns, Reaching safepoint: 271790 ns, At safepoint: 3928 ns, Total: 275718 ns
[2024-02-17T06:28:23.159+0000][7][safepoint   ] Safepoint "Cleanup", Time since last: 29001772374 ns, Reaching safepoint: 106042 ns, At safepoint: 3419 ns, Total: 109461 ns
[2024-02-17T06:38:54.196+0000][7][safepoint   ] Safepoint "Cleanup", Time since last: 631036719535 ns, Reaching safepoint: 103241 ns, At safepoint: 4281 ns, Total: 107522 ns
[2024-02-17T06:46:06.221+0000][7][safepoint   ] Safepoint "Cleanup", Time since last: 432025658580 ns, Reaching safepoint: 137426 ns, At safepoint: 4630 ns, Total: 142056 ns
[2024-02-17T07:53:23.702+0000][7][gc,start    ] GC(15) Pause Young (Normal) (G1 Evacuation Pause)
[2024-02-17T07:53:23.702+0000][7][gc,task     ] GC(15) Using 13 workers of 13 for evacuation
[2024-02-17T07:53:23.702+0000][7][gc,age      ] GC(15) Desired survivor size 41943040 bytes, new threshold 15 (max threshold 15)
[2024-02-17T07:53:23.714+0000][7][gc,age      ] GC(15) Age table with threshold 15 (max threshold 15)
[2024-02-17T07:53:23.714+0000][7][gc,age      ] GC(15) - age   1:     840752 bytes,     840752 total
[2024-02-17T07:53:23.714+0000][7][gc,age      ] GC(15) - age   2:     732656 bytes,    1573408 total
[2024-02-17T07:53:23.714+0000][7][gc,age      ] GC(15) - age   3:   13421784 bytes,   14995192 total
[2024-02-17T07:53:23.714+0000][7][gc,age      ] GC(15) - age   4:    7936216 bytes,   22931408 total
[2024-02-17T07:53:23.714+0000][7][gc,age      ] GC(15) - age   5:   15245584 bytes,   38176992 total
[2024-02-17T07:53:23.714+0000][7][gc,phases   ] GC(15)   Pre Evacuate Collection Set: 0.2ms
[2024-02-17T07:53:23.714+0000][7][gc,phases   ] GC(15)   Merge Heap Roots: 0.2ms
[2024-02-17T07:53:23.714+0000][7][gc,phases   ] GC(15)   Evacuate Collection Set: 10.8ms
[2024-02-17T07:53:23.714+0000][7][gc,phases   ] GC(15)   Post Evacuate Collection Set: 1.1ms
[2024-02-17T07:53:23.714+0000][7][gc,phases   ] GC(15)   Other: 0.4ms
[2024-02-17T07:53:23.714+0000][7][gc,heap     ] GC(15) Eden regions: 143->0(143)
[2024-02-17T07:53:23.714+0000][7][gc,heap     ] GC(15) Survivor regions: 10->10(20)
[2024-02-17T07:53:23.714+0000][7][gc,heap     ] GC(15) Old regions: 10->10
[2024-02-17T07:53:23.714+0000][7][gc,heap     ] GC(15) Archive regions: 2->2
[2024-02-17T07:53:23.714+0000][7][gc,heap     ] GC(15) Humongous regions: 2->2
[2024-02-17T07:53:23.714+0000][7][gc,metaspace] GC(15) Metaspace: 96648K(101200K)->96648K(101200K) NonClass: 83766K(87120K)->83766K(87120K) Class: 12881K(14080K)->12881K(14080K)
[2024-02-17T07:53:23.714+0000][7][gc          ] GC(15) Pause Young (Normal) (G1 Evacuation Pause) 663M->91M(1024M) 12.738ms
[2024-02-17T07:53:23.714+0000][7][gc,cpu      ] GC(15) User=0.08s Sys=0.01s Real=0.01s
[2024-02-17T07:53:23.715+0000][7][safepoint   ] Safepoint "G1CollectForAllocation", Time since last: 4037480200517 ns, Reaching safepoint: 151666 ns, At safepoint: 12831744 ns, Total: 12983410 ns
[2024-02-17T07:54:04.717+0000][7][safepoint   ] Safepoint "Cleanup", Time since last: 41002393496 ns, Reaching safepoint: 119918 ns, At safepoint: 3792 ns, Total: 123710 ns
[2024-02-17T07:57:03.728+0000][7][safepoint   ] Safepoint "Cleanup", Time since last: 179010492417 ns, Reaching safepoint: 140588 ns, At safepoint: 4355 ns, Total: 144943 ns
[2024-02-17T08:14:46.790+0000][7][safepoint   ] Safepoint "Cleanup", Time since last: 1063062059183 ns, Reaching safepoint: 124541 ns, At safepoint: 4152 ns, Total: 128693 ns
[2024-02-17T08:22:23.817+0000][7][safepoint   ] Safepoint "Cleanup", Time since last: 457026636445 ns, Reaching safepoint: 113252 ns, At safepoint: 6846 ns, Total: 120098 ns
[2024-02-17T08:24:23.824+0000][7][safepoint   ] Safepoint "Cleanup", Time since last: 120007125280 ns, Reaching safepoint: 98783 ns, At safepoint: 5640 ns, Total: 104423 ns
[2024-02-17T08:26:23.831+0000][7][safepoint   ] Safepoint "Cleanup", Time since last: 120007139052 ns, Reaching safepoint: 107509 ns, At safepoint: 3736 ns, Total: 111245 ns
[2024-02-17T08:28:23.838+0000][7][safepoint   ] Safepoint "Cleanup", Time since last: 120007164353 ns, Reaching safepoint: 117554 ns, At safepoint: 4377 ns, Total: 121931 ns
[2024-02-17T08:28:53.840+0000][7][safepoint   ] Safepoint "Cleanup", Time since last: 30001805828 ns, Reaching safepoint: 136426 ns, At safepoint: 3984 ns, Total: 140410 ns
[2024-02-17T08:36:23.867+0000][7][safepoint   ] Safepoint "Cleanup", Time since last: 450026335252 ns, Reaching safepoint: 102765 ns, At safepoint: 3394 ns, Total: 106159 ns
[2024-02-17T08:41:33.885+0000][7][safepoint   ] Safepoint "Cleanup", Time since last: 310018193788 ns, Reaching safepoint: 133687 ns, At safepoint: 4303 ns, Total: 137990 ns
[2024-02-17T09:05:23.969+0000][7][safepoint   ] Safepoint "Cleanup", Time since last: 1430083693489 ns, Reaching safepoint: 104014 ns, At safepoint: 3518 ns, Total: 107532 ns
[2024-02-17T09:05:53.971+0000][7][safepoint   ] Safepoint "Cleanup", Time since last: 30001827935 ns, Reaching safepoint: 130965 ns, At safepoint: 4256 ns, Total: 135221 ns
[2024-02-17T09:44:24.106+0000][7][safepoint   ] Safepoint "Cleanup", Time since last: 2310135103092 ns, Reaching safepoint: 106615 ns, At safepoint: 3832 ns, Total: 110447 ns
[2024-02-17T10:14:24.212+0000][7][safepoint   ] Safepoint "Cleanup", Time since last: 1800105389718 ns, Reaching safepoint: 100905 ns, At safepoint: 3647 ns, Total: 104552 ns
[2024-02-17T10:19:23.229+0000][7][safepoint   ] Safepoint "Cleanup", Time since last: 299017531080 ns, Reaching safepoint: 95057 ns, At safepoint: 3704 ns, Total: 98761 ns
[2024-02-17T10:19:52.231+0000][7][safepoint   ] Safepoint "Cleanup", Time since last: 29001767244 ns, Reaching safepoint: 104453 ns, At safepoint: 3676 ns, Total: 108129 ns
[2024-02-17T10:19:53.231+0000][7][safepoint   ] Safepoint "Cleanup", Time since last: 1000145869 ns, Reaching safepoint: 89512 ns, At safepoint: 3623 ns, Total: 93135 ns
[2024-02-17T10:21:54.239+0000][7][safepoint   ] Safepoint "Cleanup", Time since last: 121007179741 ns, Reaching safepoint: 117320 ns, At safepoint: 5925 ns, Total: 123245 ns
[2024-02-17T10:23:24.244+0000][7][safepoint   ] Safepoint "Cleanup", Time since last: 90005335362 ns, Reaching safepoint: 106054 ns, At safepoint: 8502 ns, Total: 114556 ns
[2024-02-17T10:25:22.251+0000][7][safepoint   ] Safepoint "Cleanup", Time since last: 118006884146 ns, Reaching safepoint: 122845 ns, At safepoint: 3805 ns, Total: 126650 ns
[2024-02-17T10:25:38.252+0000][7][safepoint   ] Safepoint "Cleanup", Time since last: 16001029665 ns, Reaching safepoint: 116715 ns, At safepoint: 4048 ns, Total: 120763 ns
[2024-02-17T10:25:39.252+0000][7][safepoint   ] Safepoint "Cleanup", Time since last: 1000141183 ns, Reaching safepoint: 86716 ns, At safepoint: 3742 ns, Total: 90458 ns
[2024-02-17T10:25:40.253+0000][7][safepoint   ] Safepoint "Cleanup", Time since last: 1000146666 ns, Reaching safepoint: 84145 ns, At safepoint: 3777 ns, Total: 87922 ns
[2024-02-17T10:25:42.253+0000][7][safepoint   ] Safepoint "Cleanup", Time since last: 2000200833 ns, Reaching safepoint: 88253 ns, At safepoint: 6028 ns, Total: 94281 ns
[2024-02-17T10:27:24.259+0000][7][safepoint   ] Safepoint "Cleanup", Time since last: 102006108519 ns, Reaching safepoint: 104914 ns, At safepoint: 3665 ns, Total: 108579 ns
[2024-02-17T10:45:24.323+0000][7][safepoint   ] Safepoint "Cleanup", Time since last: 1080063338165 ns, Reaching safepoint: 130008 ns, At safepoint: 4323 ns, Total: 134331 ns
[2024-02-17T10:48:54.335+0000][7][safepoint   ] Safepoint "Cleanup", Time since last: 210012163411 ns, Reaching safepoint: 105353 ns, At safepoint: 3424 ns, Total: 108777 ns
[2024-02-17T11:03:23.386+0000][7][safepoint   ] Safepoint "Cleanup", Time since last: 869050651819 ns, Reaching safepoint: 102452 ns, At safepoint: 3223 ns, Total: 105675 ns
[2024-02-17T11:16:53.433+0000][7][safepoint   ] Safepoint "Cleanup", Time since last: 810047549758 ns, Reaching safepoint: 94270 ns, At safepoint: 3677 ns, Total: 97947 ns
[2024-02-17T11:30:53.482+0000][7][safepoint   ] Safepoint "Cleanup", Time since last: 840048603656 ns, Reaching safepoint: 122228 ns, At safepoint: 3798 ns, Total: 126026 ns
[2024-02-17T14:16:46.837+0000][7][gc,start    ] GC(16) Pause Young (Normal) (G1 Evacuation Pause)
[2024-02-17T14:16:46.838+0000][7][gc,task     ] GC(16) Using 13 workers of 13 for evacuation
[2024-02-17T14:16:46.838+0000][7][gc,age      ] GC(16) Desired survivor size 41943040 bytes, new threshold 15 (max threshold 15)
[2024-02-17T14:16:46.850+0000][7][gc,age      ] GC(16) Age table with threshold 15 (max threshold 15)
[2024-02-17T14:16:46.850+0000][7][gc,age      ] GC(16) - age   1:      74680 bytes,      74680 total
[2024-02-17T14:16:46.850+0000][7][gc,age      ] GC(16) - age   2:     611448 bytes,     686128 total
[2024-02-17T14:16:46.850+0000][7][gc,age      ] GC(16) - age   3:     697512 bytes,    1383640 total
[2024-02-17T14:16:46.850+0000][7][gc,age      ] GC(16) - age   4:   13391288 bytes,   14774928 total
[2024-02-17T14:16:46.850+0000][7][gc,age      ] GC(16) - age   5:    7936216 bytes,   22711144 total
[2024-02-17T14:16:46.850+0000][7][gc,age      ] GC(16) - age   6:   15245584 bytes,   37956728 total
[2024-02-17T14:16:46.850+0000][7][gc,phases   ] GC(16)   Pre Evacuate Collection Set: 0.1ms
[2024-02-17T14:16:46.850+0000][7][gc,phases   ] GC(16)   Merge Heap Roots: 0.2ms
[2024-02-17T14:16:46.850+0000][7][gc,phases   ] GC(16)   Evacuate Collection Set: 10.5ms
[2024-02-17T14:16:46.850+0000][7][gc,phases   ] GC(16)   Post Evacuate Collection Set: 1.1ms
[2024-02-17T14:16:46.850+0000][7][gc,phases   ] GC(16)   Other: 0.4ms
[2024-02-17T14:16:46.850+0000][7][gc,heap     ] GC(16) Eden regions: 143->0(143)
[2024-02-17T14:16:46.850+0000][7][gc,heap     ] GC(16) Survivor regions: 10->10(20)
[2024-02-17T14:16:46.850+0000][7][gc,heap     ] GC(16) Old regions: 10->10
[2024-02-17T14:16:46.850+0000][7][gc,heap     ] GC(16) Archive regions: 2->2
[2024-02-17T14:16:46.850+0000][7][gc,heap     ] GC(16) Humongous regions: 2->2
[2024-02-17T14:16:46.850+0000][7][gc,metaspace] GC(16) Metaspace: 96735K(101200K)->96735K(101200K) NonClass: 83852K(87120K)->83852K(87120K) Class: 12883K(14080K)->12883K(14080K)
[2024-02-17T14:16:46.850+0000][7][gc          ] GC(16) Pause Young (Normal) (G1 Evacuation Pause) 663M->90M(1024M) 12.473ms
[2024-02-17T14:16:46.850+0000][7][gc,cpu      ] GC(16) User=0.10s Sys=0.00s Real=0.01s
[2024-02-17T14:16:46.850+0000][7][safepoint   ] Safepoint "G1CollectForAllocation", Time since last: 9953355285212 ns, Reaching safepoint: 95605 ns, At safepoint: 12579709 ns, Total: 12675314 ns
[2024-02-17T14:44:55.949+0000][7][safepoint   ] Safepoint "Cleanup", Time since last: 1689099163214 ns, Reaching safepoint: 132071 ns, At safepoint: 3727 ns, Total: 135798 ns
[2024-02-17T14:45:23.951+0000][7][safepoint   ] Safepoint "Cleanup", Time since last: 28001679593 ns, Reaching safepoint: 99371 ns, At safepoint: 3488 ns, Total: 102859 ns
[2024-02-17T14:51:23.972+0000][7][safepoint   ] Safepoint "Cleanup", Time since last: 360021191119 ns, Reaching safepoint: 101796 ns, At safepoint: 3387 ns, Total: 105183 ns
[2024-02-17T14:53:54.981+0000][7][safepoint   ] Safepoint "Cleanup", Time since last: 151008891712 ns, Reaching safepoint: 124963 ns, At safepoint: 12915 ns, Total: 137878 ns
[2024-02-17T14:56:22.991+0000][7][safepoint   ] Safepoint "Cleanup", Time since last: 148008980952 ns, Reaching safepoint: 126374 ns, At safepoint: 4107 ns, Total: 130481 ns
[2024-02-17T14:59:21.001+0000][7][safepoint   ] Safepoint "Cleanup", Time since last: 178010529740 ns, Reaching safepoint: 128888 ns, At safepoint: 3929 ns, Total: 132817 ns
[2024-02-17T15:02:51.014+0000][7][safepoint   ] Safepoint "Cleanup", Time since last: 210012485475 ns, Reaching safepoint: 106035 ns, At safepoint: 3929 ns, Total: 109964 ns
[2024-02-17T15:20:55.078+0000][7][safepoint   ] Safepoint "Cleanup", Time since last: 1084064276157 ns, Reaching safepoint: 129786 ns, At safepoint: 4513 ns, Total: 134299 ns
[2024-02-17T15:26:23.098+0000][7][safepoint   ] Safepoint "Cleanup", Time since last: 328019484687 ns, Reaching safepoint: 123110 ns, At safepoint: 4617 ns, Total: 127727 ns
[2024-02-17T16:00:24.217+0000][7][safepoint   ] Safepoint "Cleanup", Time since last: 2041119327981 ns, Reaching safepoint: 132335 ns, At safepoint: 8259 ns, Total: 140594 ns
[2024-02-17T16:39:24.355+0000][7][safepoint   ] Safepoint "Cleanup", Time since last: 2340137289645 ns, Reaching safepoint: 102368 ns, At safepoint: 3766 ns, Total: 106134 ns
[2024-02-17T16:41:24.362+0000][7][safepoint   ] Safepoint "Cleanup", Time since last: 120007191924 ns, Reaching safepoint: 140555 ns, At safepoint: 4040 ns, Total: 144595 ns
[2024-02-17T16:55:06.411+0000][7][safepoint   ] Safepoint "Cleanup", Time since last: 822048406287 ns, Reaching safepoint: 102687 ns, At safepoint: 3966 ns, Total: 106653 ns
[2024-02-17T16:56:16.415+0000][7][safepoint   ] Safepoint "Cleanup", Time since last: 70004167993 ns, Reaching safepoint: 103848 ns, At safepoint: 17518 ns, Total: 121366 ns
[2024-02-17T16:56:21.415+0000][7][safepoint   ] Safepoint "Cleanup", Time since last: 5000391343 ns, Reaching safepoint: 104253 ns, At safepoint: 8681 ns, Total: 112934 ns
[2024-02-17T16:57:07.418+0000][7][safepoint   ] Safepoint "Cleanup", Time since last: 46002729903 ns, Reaching safepoint: 108103 ns, At safepoint: 3916 ns, Total: 112019 ns
[2024-02-17T16:57:14.419+0000][7][safepoint   ] Safepoint "Cleanup", Time since last: 7000514295 ns, Reaching safepoint: 85600 ns, At safepoint: 3401 ns, Total: 89001 ns
[2024-02-17T16:57:20.419+0000][7][safepoint   ] Safepoint "Cleanup", Time since last: 6000458141 ns, Reaching safepoint: 102023 ns, At safepoint: 3558 ns, Total: 105581 ns
[2024-02-17T16:57:25.420+0000][7][safepoint   ] Safepoint "Cleanup", Time since last: 5000389071 ns, Reaching safepoint: 90279 ns, At safepoint: 3482 ns, Total: 93761 ns
[2024-02-17T16:57:28.420+0000][7][safepoint   ] Safepoint "Cleanup", Time since last: 3000276011 ns, Reaching safepoint: 87201 ns, At safepoint: 9191 ns, Total: 96392 ns
[2024-02-17T16:57:35.421+0000][7][safepoint   ] Safepoint "Cleanup", Time since last: 7000508045 ns, Reaching safepoint: 89498 ns, At safepoint: 3240 ns, Total: 92738 ns
[2024-02-17T16:58:21.424+0000][7][safepoint   ] Safepoint "Cleanup", Time since last: 46002772966 ns, Reaching safepoint: 115603 ns, At safepoint: 3589 ns, Total: 119192 ns
[2024-02-17T16:58:45.425+0000][7][safepoint   ] Safepoint "Cleanup", Time since last: 24001526775 ns, Reaching safepoint: 91464 ns, At safepoint: 9421 ns, Total: 100885 ns
[2024-02-17T16:59:24.428+0000][7][safepoint   ] Safepoint "Cleanup", Time since last: 39002408835 ns, Reaching safepoint: 104594 ns, At safepoint: 3611 ns, Total: 108205 ns
[2024-02-17T17:00:54.433+0000][7][safepoint   ] Safepoint "Cleanup", Time since last: 90005410234 ns, Reaching safepoint: 151044 ns, At safepoint: 3791 ns, Total: 154835 ns
[2024-02-17T17:01:05.434+0000][7][safepoint   ] Safepoint "Cleanup", Time since last: 11000742785 ns, Reaching safepoint: 89286 ns, At safepoint: 4577 ns, Total: 93863 ns
[2024-02-17T17:04:00.445+0000][7][safepoint   ] Safepoint "Cleanup", Time since last: 175010352456 ns, Reaching safepoint: 114915 ns, At safepoint: 6174 ns, Total: 121089 ns
[2024-02-17T17:16:24.489+0000][7][safepoint   ] Safepoint "Cleanup", Time since last: 744044610796 ns, Reaching safepoint: 113961 ns, At safepoint: 8946 ns, Total: 122907 ns
[2024-02-17T17:33:24.550+0000][7][safepoint   ] Safepoint "Cleanup", Time since last: 1020060223289 ns, Reaching safepoint: 105499 ns, At safepoint: 3751 ns, Total: 109250 ns
[2024-02-17T18:20:24.716+0000][7][safepoint   ] Safepoint "Cleanup", Time since last: 2820165868374 ns, Reaching safepoint: 134602 ns, At safepoint: 4081 ns, Total: 138683 ns
[2024-02-17T19:05:49.877+0000][7][safepoint   ] Safepoint "Cleanup", Time since last: 2725161030578 ns, Reaching safepoint: 144902 ns, At safepoint: 4632 ns, Total: 149534 ns
[2024-02-17T19:47:00.020+0000][7][safepoint   ] Safepoint "Cleanup", Time since last: 2470143423792 ns, Reaching safepoint: 91901 ns, At safepoint: 3112 ns, Total: 95013 ns
[2024-02-17T19:49:15.029+0000][7][safepoint   ] Safepoint "Cleanup", Time since last: 135007999042 ns, Reaching safepoint: 125898 ns, At safepoint: 3621 ns, Total: 129519 ns
[2024-02-17T19:50:48.034+0000][7][safepoint   ] Safepoint "Cleanup", Time since last: 93005510993 ns, Reaching safepoint: 90389 ns, At safepoint: 3785 ns, Total: 94174 ns
[2024-02-17T19:51:36.037+0000][7][safepoint   ] Safepoint "Cleanup", Time since last: 48002899525 ns, Reaching safepoint: 100966 ns, At safepoint: 5921 ns, Total: 106887 ns
[2024-02-17T19:52:24.040+0000][7][safepoint   ] Safepoint "Cleanup", Time since last: 48002852626 ns, Reaching safepoint: 110777 ns, At safepoint: 3919 ns, Total: 114696 ns
[2024-02-17T19:54:48.049+0000][7][safepoint   ] Safepoint "Cleanup", Time since last: 144008470148 ns, Reaching safepoint: 129381 ns, At safepoint: 4391 ns, Total: 133772 ns
[2024-02-17T19:55:36.052+0000][7][safepoint   ] Safepoint "Cleanup", Time since last: 48002932904 ns, Reaching safepoint: 101101 ns, At safepoint: 2554 ns, Total: 103655 ns
[2024-02-17T19:56:24.055+0000][7][safepoint   ] Safepoint "Cleanup", Time since last: 48002923563 ns, Reaching safepoint: 100250 ns, At safepoint: 3544 ns, Total: 103794 ns
[2024-02-17T19:57:19.058+0000][7][safepoint   ] Safepoint "Cleanup", Time since last: 55003298176 ns, Reaching safepoint: 106112 ns, At safepoint: 3777 ns, Total: 109889 ns
[2024-02-17T20:01:46.074+0000][7][safepoint   ] Safepoint "Cleanup", Time since last: 267015624082 ns, Reaching safepoint: 101027 ns, At safepoint: 3478 ns, Total: 104505 ns
[2024-02-17T20:02:43.078+0000][7][safepoint   ] Safepoint "Cleanup", Time since last: 57003423627 ns, Reaching safepoint: 129075 ns, At safepoint: 4147 ns, Total: 133222 ns
[2024-02-17T20:04:39.084+0000][7][safepoint   ] Safepoint "Cleanup", Time since last: 116006818931 ns, Reaching safepoint: 100432 ns, At safepoint: 3337 ns, Total: 103769 ns
[2024-02-17T20:37:30.842+0000][7][gc,start    ] GC(17) Pause Young (Normal) (G1 Evacuation Pause)
[2024-02-17T20:37:30.842+0000][7][gc,task     ] GC(17) Using 13 workers of 13 for evacuation
[2024-02-17T20:37:30.842+0000][7][gc,age      ] GC(17) Desired survivor size 41943040 bytes, new threshold 15 (max threshold 15)
[2024-02-17T20:37:30.855+0000][7][gc,age      ] GC(17) Age table with threshold 15 (max threshold 15)
[2024-02-17T20:37:30.855+0000][7][gc,age      ] GC(17) - age   1:     131640 bytes,     131640 total
[2024-02-17T20:37:30.855+0000][7][gc,age      ] GC(17) - age   2:      59456 bytes,     191096 total
[2024-02-17T20:37:30.855+0000][7][gc,age      ] GC(17) - age   3:     595000 bytes,     786096 total
[2024-02-17T20:37:30.855+0000][7][gc,age      ] GC(17) - age   4:     697008 bytes,    1483104 total
[2024-02-17T20:37:30.855+0000][7][gc,age      ] GC(17) - age   5:   13374168 bytes,   14857272 total
[2024-02-17T20:37:30.855+0000][7][gc,age      ] GC(17) - age   6:    7935032 bytes,   22792304 total
[2024-02-17T20:37:30.855+0000][7][gc,age      ] GC(17) - age   7:   15245584 bytes,   38037888 total
[2024-02-17T20:37:30.855+0000][7][gc,phases   ] GC(17)   Pre Evacuate Collection Set: 0.1ms
[2024-02-17T20:37:30.855+0000][7][gc,phases   ] GC(17)   Merge Heap Roots: 0.1ms
[2024-02-17T20:37:30.855+0000][7][gc,phases   ] GC(17)   Evacuate Collection Set: 11.1ms
[2024-02-17T20:37:30.855+0000][7][gc,phases   ] GC(17)   Post Evacuate Collection Set: 1.0ms
[2024-02-17T20:37:30.855+0000][7][gc,phases   ] GC(17)   Other: 0.4ms
[2024-02-17T20:37:30.855+0000][7][gc,heap     ] GC(17) Eden regions: 143->0(143)
[2024-02-17T20:37:30.855+0000][7][gc,heap     ] GC(17) Survivor regions: 10->10(20)
[2024-02-17T20:37:30.855+0000][7][gc,heap     ] GC(17) Old regions: 10->10
[2024-02-17T20:37:30.855+0000][7][gc,heap     ] GC(17) Archive regions: 2->2
[2024-02-17T20:37:30.855+0000][7][gc,heap     ] GC(17) Humongous regions: 2->2
[2024-02-17T20:37:30.855+0000][7][gc,metaspace] GC(17) Metaspace: 97145K(101712K)->97145K(101712K) NonClass: 84230K(87632K)->84230K(87632K) Class: 12914K(14080K)->12914K(14080K)
[2024-02-17T20:37:30.855+0000][7][gc          ] GC(17) Pause Young (Normal) (G1 Evacuation Pause) 662M->90M(1024M) 12.910ms
[2024-02-17T20:37:30.855+0000][7][gc,cpu      ] GC(17) User=0.08s Sys=0.00s Real=0.01s
[2024-02-17T20:37:30.855+0000][7][safepoint   ] Safepoint "G1CollectForAllocation", Time since last: 1971757420670 ns, Reaching safepoint: 97143 ns, At safepoint: 12999648 ns, Total: 13096791 ns
[2024-02-17T20:45:24.883+0000][7][safepoint   ] Safepoint "Cleanup", Time since last: 474027572148 ns, Reaching safepoint: 154231 ns, At safepoint: 3659 ns, Total: 157890 ns
[2024-02-17T20:45:53.885+0000][7][safepoint   ] Safepoint "Cleanup", Time since last: 29001783729 ns, Reaching safepoint: 106719 ns, At safepoint: 3771 ns, Total: 110490 ns
[2024-02-17T20:51:23.904+0000][7][safepoint   ] Safepoint "Cleanup", Time since last: 330019146724 ns, Reaching safepoint: 103696 ns, At safepoint: 3579 ns, Total: 107275 ns
[2024-02-17T20:59:50.934+0000][7][safepoint   ] Safepoint "Cleanup", Time since last: 507029769259 ns, Reaching safepoint: 91203 ns, At safepoint: 6006 ns, Total: 97209 ns
[2024-02-17T20:59:51.934+0000][7][safepoint   ] Safepoint "Cleanup", Time since last: 1000168057 ns, Reaching safepoint: 89437 ns, At safepoint: 3623 ns, Total: 93060 ns
[2024-02-17T20:59:54.934+0000][7][safepoint   ] Safepoint "Cleanup", Time since last: 3000268611 ns, Reaching safepoint: 100955 ns, At safepoint: 3594 ns, Total: 104549 ns
[2024-02-17T21:01:54.942+0000][7][safepoint   ] Safepoint "Cleanup", Time since last: 120007119204 ns, Reaching safepoint: 158751 ns, At safepoint: 4139 ns, Total: 162890 ns
[2024-02-17T21:54:44.127+0000][7][safepoint   ] Safepoint "Cleanup", Time since last: 3169185121787 ns, Reaching safepoint: 97660 ns, At safepoint: 5986 ns, Total: 103646 ns
[2024-02-17T21:57:18.136+0000][7][safepoint   ] Safepoint "Cleanup", Time since last: 154009073031 ns, Reaching safepoint: 123428 ns, At safepoint: 4122 ns, Total: 127550 ns
[2024-02-17T21:57:19.136+0000][7][safepoint   ] Safepoint "Cleanup", Time since last: 1000152156 ns, Reaching safepoint: 105744 ns, At safepoint: 3673 ns, Total: 109417 ns
[2024-02-17T21:57:20.137+0000][7][safepoint   ] Safepoint "Cleanup", Time since last: 1000150876 ns, Reaching safepoint: 98035 ns, At safepoint: 3834 ns, Total: 101869 ns
[2024-02-17T21:57:22.137+0000][7][safepoint   ] Safepoint "Cleanup", Time since last: 2000213403 ns, Reaching safepoint: 122200 ns, At safepoint: 3641 ns, Total: 125841 ns
[2024-02-17T21:57:23.137+0000][7][safepoint   ] Safepoint "Cleanup", Time since last: 1000168524 ns, Reaching safepoint: 103159 ns, At safepoint: 3684 ns, Total: 106843 ns
[2024-02-17T21:57:24.137+0000][7][safepoint   ] Safepoint "Cleanup", Time since last: 1000150338 ns, Reaching safepoint: 104958 ns, At safepoint: 4095 ns, Total: 109053 ns
[2024-02-17T21:57:25.138+0000][7][safepoint   ] Safepoint "Cleanup", Time since last: 1000116325 ns, Reaching safepoint: 95584 ns, At safepoint: 6050 ns, Total: 101634 ns
[2024-02-17T21:57:26.138+0000][7][safepoint   ] Safepoint "Cleanup", Time since last: 1000157715 ns, Reaching safepoint: 95574 ns, At safepoint: 5949 ns, Total: 101523 ns
[2024-02-17T21:57:27.138+0000][7][safepoint   ] Safepoint "Cleanup", Time since last: 1000153916 ns, Reaching safepoint: 83664 ns, At safepoint: 3559 ns, Total: 87223 ns
[2024-02-17T21:57:28.138+0000][7][safepoint   ] Safepoint "Cleanup", Time since last: 1000154878 ns, Reaching safepoint: 93787 ns, At safepoint: 3265 ns, Total: 97052 ns
[2024-02-17T21:57:29.139+0000][7][safepoint   ] Safepoint "Cleanup", Time since last: 1000147872 ns, Reaching safepoint: 93087 ns, At safepoint: 6498 ns, Total: 99585 ns
[2024-02-17T21:57:30.139+0000][7][safepoint   ] Safepoint "Cleanup", Time since last: 1000153704 ns, Reaching safepoint: 88776 ns, At safepoint: 3327 ns, Total: 92103 ns
[2024-02-17T21:57:31.139+0000][7][safepoint   ] Safepoint "Cleanup", Time since last: 1000152717 ns, Reaching safepoint: 117310 ns, At safepoint: 4598 ns, Total: 121908 ns
[2024-02-17T21:57:32.139+0000][7][safepoint   ] Safepoint "Cleanup", Time since last: 1000151926 ns, Reaching safepoint: 105748 ns, At safepoint: 4149 ns, Total: 109897 ns
[2024-02-17T21:57:33.140+0000][7][safepoint   ] Safepoint "Cleanup", Time since last: 1000151195 ns, Reaching safepoint: 90916 ns, At safepoint: 6252 ns, Total: 97168 ns
[2024-02-17T21:57:33.807+0000][7][safepoint   ] Safepoint "ICBufferFull", Time since last: 667290225 ns, Reaching safepoint: 219676 ns, At safepoint: 11852 ns, Total: 231528 ns
[2024-02-17T21:57:34.811+0000][7][safepoint   ] Safepoint "Cleanup", Time since last: 1003408686 ns, Reaching safepoint: 137525 ns, At safepoint: 4201 ns, Total: 141726 ns
[2024-02-17T21:57:35.811+0000][7][safepoint   ] Safepoint "Cleanup", Time since last: 1000142341 ns, Reaching safepoint: 114651 ns, At safepoint: 5292 ns, Total: 119943 ns
[2024-02-17T22:19:54.861+0000][7][safepoint   ] Safepoint "Cleanup", Time since last: 1339049670980 ns, Reaching safepoint: 145815 ns, At safepoint: 6112 ns, Total: 151927 ns
[2024-02-17T22:21:54.865+0000][7][safepoint   ] Safepoint "Cleanup", Time since last: 120003969652 ns, Reaching safepoint: 106154 ns, At safepoint: 5941 ns, Total: 112095 ns
[2024-02-17T22:22:24.867+0000][7][safepoint   ] Safepoint "Cleanup", Time since last: 30001445973 ns, Reaching safepoint: 104796 ns, At safepoint: 6376 ns, Total: 111172 ns
[2024-02-17T22:27:29.879+0000][7][safepoint   ] Safepoint "Cleanup", Time since last: 305012838966 ns, Reaching safepoint: 100788 ns, At safepoint: 3776 ns, Total: 104564 ns
[2024-02-17T22:37:24.912+0000][7][safepoint   ] Safepoint "Cleanup", Time since last: 595032588291 ns, Reaching safepoint: 132049 ns, At safepoint: 3426 ns, Total: 135475 ns
[2024-02-17T23:00:58.995+0000][7][safepoint   ] Safepoint "Cleanup", Time since last: 1414082928539 ns, Reaching safepoint: 110747 ns, At safepoint: 3809 ns, Total: 114556 ns
[2024-02-17T23:01:21.997+0000][7][safepoint   ] Safepoint "Cleanup", Time since last: 23001409454 ns, Reaching safepoint: 130006 ns, At safepoint: 4194 ns, Total: 134200 ns
[2024-02-17T23:17:25.053+0000][7][safepoint   ] Safepoint "Cleanup", Time since last: 963055887510 ns, Reaching safepoint: 126707 ns, At safepoint: 4216 ns, Total: 130923 ns
[2024-02-17T23:25:55.083+0000][7][safepoint   ] Safepoint "Cleanup", Time since last: 510029797676 ns, Reaching safepoint: 125881 ns, At safepoint: 3825 ns, Total: 129706 ns
[2024-02-17T23:27:48.089+0000][7][safepoint   ] Safepoint "Cleanup", Time since last: 113006559535 ns, Reaching safepoint: 131530 ns, At safepoint: 3486 ns, Total: 135016 ns
[2024-02-17T23:55:55.189+0000][7][safepoint   ] Safepoint "Cleanup", Time since last: 1687098972593 ns, Reaching safepoint: 133625 ns, At safepoint: 3894 ns, Total: 137519 ns
[2024-02-18T00:13:52.252+0000][7][safepoint   ] Safepoint "Cleanup", Time since last: 1077063768442 ns, Reaching safepoint: 126413 ns, At safepoint: 3612 ns, Total: 130025 ns
[2024-02-18T01:01:50.420+0000][7][safepoint   ] Safepoint "Cleanup", Time since last: 2878167155327 ns, Reaching safepoint: 106058 ns, At safepoint: 3708 ns, Total: 109766 ns
[2024-02-18T01:07:24.439+0000][7][safepoint   ] Safepoint "Cleanup", Time since last: 334019447607 ns, Reaching safepoint: 112161 ns, At safepoint: 3541 ns, Total: 115702 ns
[2024-02-18T01:12:21.457+0000][7][safepoint   ] Safepoint "Cleanup", Time since last: 297017394046 ns, Reaching safepoint: 130044 ns, At safepoint: 3751 ns, Total: 133795 ns
[2024-02-18T01:12:30.458+0000][7][safepoint   ] Safepoint "Cleanup", Time since last: 9000621582 ns, Reaching safepoint: 112858 ns, At safepoint: 4829 ns, Total: 117687 ns
[2024-02-18T01:30:00.519+0000][7][safepoint   ] Safepoint "Cleanup", Time since last: 1050061192358 ns, Reaching safepoint: 127660 ns, At safepoint: 4668 ns, Total: 132328 ns
[2024-02-18T01:38:00.547+0000][7][safepoint   ] Safepoint "Cleanup", Time since last: 480028167206 ns, Reaching safepoint: 101376 ns, At safepoint: 4309 ns, Total: 105685 ns
[2024-02-18T02:21:24.750+0000][7][gc,start    ] GC(18) Pause Young (Normal) (G1 Evacuation Pause)
[2024-02-18T02:21:24.750+0000][7][gc,task     ] GC(18) Using 13 workers of 13 for evacuation
[2024-02-18T02:21:24.750+0000][7][gc,age      ] GC(18) Desired survivor size 41943040 bytes, new threshold 15 (max threshold 15)
[2024-02-18T02:21:24.761+0000][7][gc,age      ] GC(18) Age table with threshold 15 (max threshold 15)
[2024-02-18T02:21:24.761+0000][7][gc,age      ] GC(18) - age   1:     697608 bytes,     697608 total
[2024-02-18T02:21:24.761+0000][7][gc,age      ] GC(18) - age   2:     109136 bytes,     806744 total
[2024-02-18T02:21:24.761+0000][7][gc,age      ] GC(18) - age   3:      55856 bytes,     862600 total
[2024-02-18T02:21:24.761+0000][7][gc,age      ] GC(18) - age   4:     541096 bytes,    1403696 total
[2024-02-18T02:21:24.761+0000][7][gc,age      ] GC(18) - age   5:     680000 bytes,    2083696 total
[2024-02-18T02:21:24.761+0000][7][gc,age      ] GC(18) - age   6:   13373920 bytes,   15457616 total
[2024-02-18T02:21:24.761+0000][7][gc,age      ] GC(18) - age   7:    7934680 bytes,   23392296 total
[2024-02-18T02:21:24.761+0000][7][gc,age      ] GC(18) - age   8:   15245504 bytes,   38637800 total
[2024-02-18T02:21:24.762+0000][7][gc,phases   ] GC(18)   Pre Evacuate Collection Set: 0.1ms
[2024-02-18T02:21:24.762+0000][7][gc,phases   ] GC(18)   Merge Heap Roots: 0.1ms
[2024-02-18T02:21:24.762+0000][7][gc,phases   ] GC(18)   Evacuate Collection Set: 9.8ms
[2024-02-18T02:21:24.762+0000][7][gc,phases   ] GC(18)   Post Evacuate Collection Set: 1.1ms
[2024-02-18T02:21:24.762+0000][7][gc,phases   ] GC(18)   Other: 0.4ms
[2024-02-18T02:21:24.762+0000][7][gc,heap     ] GC(18) Eden regions: 143->0(143)
[2024-02-18T02:21:24.762+0000][7][gc,heap     ] GC(18) Survivor regions: 10->10(20)
[2024-02-18T02:21:24.762+0000][7][gc,heap     ] GC(18) Old regions: 10->10
[2024-02-18T02:21:24.762+0000][7][gc,heap     ] GC(18) Archive regions: 2->2
[2024-02-18T02:21:24.762+0000][7][gc,heap     ] GC(18) Humongous regions: 2->2
[2024-02-18T02:21:24.762+0000][7][gc,metaspace] GC(18) Metaspace: 98017K(102480K)->98017K(102480K) NonClass: 85057K(88400K)->85057K(88400K) Class: 12959K(14080K)->12959K(14080K)
[2024-02-18T02:21:24.762+0000][7][gc          ] GC(18) Pause Young (Normal) (G1 Evacuation Pause) 662M->91M(1024M) 11.658ms
[2024-02-18T02:21:24.762+0000][7][gc,cpu      ] GC(18) User=0.09s Sys=0.01s Real=0.01s
[2024-02-18T02:21:24.762+0000][7][safepoint   ] Safepoint "G1CollectForAllocation", Time since last: 2604202783030 ns, Reaching safepoint: 114191 ns, At safepoint: 11752213 ns, Total: 11866404 ns
[2024-02-18T03:04:54.915+0000][7][safepoint   ] Safepoint "Cleanup", Time since last: 2610152815037 ns, Reaching safepoint: 105092 ns, At safepoint: 3762 ns, Total: 108854 ns
[2024-02-18T03:07:24.924+0000][7][safepoint   ] Safepoint "Cleanup", Time since last: 150008897797 ns, Reaching safepoint: 101399 ns, At safepoint: 3404 ns, Total: 104803 ns
[2024-02-18T05:17:36.383+0000][7][safepoint   ] Safepoint "Cleanup", Time since last: 7811458990367 ns, Reaching safepoint: 101670 ns, At safepoint: 6056 ns, Total: 107726 ns
[2024-02-18T05:17:41.383+0000][7][safepoint   ] Safepoint "Cleanup", Time since last: 5000375852 ns, Reaching safepoint: 87377 ns, At safepoint: 3641 ns, Total: 91018 ns
[2024-02-18T05:17:42.384+0000][7][safepoint   ] Safepoint "Cleanup", Time since last: 1000149980 ns, Reaching safepoint: 89177 ns, At safepoint: 3203 ns, Total: 92380 ns
[2024-02-18T05:17:44.384+0000][7][safepoint   ] Safepoint "Cleanup", Time since last: 2000230850 ns, Reaching safepoint: 108493 ns, At safepoint: 3501 ns, Total: 111994 ns
[2024-02-18T05:17:45.384+0000][7][safepoint   ] Safepoint "Cleanup", Time since last: 1000153814 ns, Reaching safepoint: 84396 ns, At safepoint: 3320 ns, Total: 87716 ns
[2024-02-18T05:19:25.390+0000][7][safepoint   ] Safepoint "Cleanup", Time since last: 100005862470 ns, Reaching safepoint: 105545 ns, At safepoint: 8988 ns, Total: 114533 ns
[2024-02-18T05:36:37.445+0000][7][safepoint   ] Safepoint "Cleanup", Time since last: 1032054657085 ns, Reaching safepoint: 124932 ns, At safepoint: 3153 ns, Total: 128085 ns
[2024-02-18T05:39:07.454+0000][7][safepoint   ] Safepoint "Cleanup", Time since last: 150008857327 ns, Reaching safepoint: 95077 ns, At safepoint: 3810 ns, Total: 98887 ns
[2024-02-18T05:40:32.459+0000][7][safepoint   ] Safepoint "Cleanup", Time since last: 85005289432 ns, Reaching safepoint: 104384 ns, At safepoint: 3398 ns, Total: 107782 ns
[2024-02-18T05:40:36.460+0000][7][safepoint   ] Safepoint "Cleanup", Time since last: 4000338704 ns, Reaching safepoint: 93091 ns, At safepoint: 3632 ns, Total: 96723 ns
[2024-02-18T06:20:25.589+0000][7][safepoint   ] Safepoint "Cleanup", Time since last: 2389129529475 ns, Reaching safepoint: 102096 ns, At safepoint: 3735 ns, Total: 105831 ns
[2024-02-18T06:54:24.698+0000][7][safepoint   ] Safepoint "Cleanup", Time since last: 2039108833060 ns, Reaching safepoint: 123631 ns, At safepoint: 3610 ns, Total: 127241 ns
[2024-02-18T06:54:26.699+0000][7][safepoint   ] Safepoint "Cleanup", Time since last: 2000211309 ns, Reaching safepoint: 106479 ns, At safepoint: 3858 ns, Total: 110337 ns
[2024-02-18T06:54:47.700+0000][7][safepoint   ] Safepoint "Cleanup", Time since last: 21001122709 ns, Reaching safepoint: 101313 ns, At safepoint: 3812 ns, Total: 105125 ns
[2024-02-18T06:59:40.714+0000][7][safepoint   ] Safepoint "Cleanup", Time since last: 293013992711 ns, Reaching safepoint: 102362 ns, At safepoint: 3680 ns, Total: 106042 ns
[2024-02-18T06:59:43.714+0000][7][safepoint   ] Safepoint "Cleanup", Time since last: 3000243863 ns, Reaching safepoint: 135661 ns, At safepoint: 6608 ns, Total: 142269 ns
[2024-02-18T07:00:07.716+0000][7][safepoint   ] Safepoint "Cleanup", Time since last: 24001570453 ns, Reaching safepoint: 103443 ns, At safepoint: 3472 ns, Total: 106915 ns
[2024-02-18T07:02:45.725+0000][7][safepoint   ] Safepoint "Cleanup", Time since last: 158009340970 ns, Reaching safepoint: 138581 ns, At safepoint: 3973 ns, Total: 142554 ns
[2024-02-18T07:17:24.777+0000][7][safepoint   ] Safepoint "Cleanup", Time since last: 879051676657 ns, Reaching safepoint: 118982 ns, At safepoint: 4669 ns, Total: 123651 ns
[2024-02-18T07:17:29.778+0000][7][safepoint   ] Safepoint "Cleanup", Time since last: 5000364365 ns, Reaching safepoint: 111891 ns, At safepoint: 3782 ns, Total: 115673 ns
[2024-02-18T07:58:28.921+0000][7][safepoint   ] Safepoint "Cleanup", Time since last: 2459143382585 ns, Reaching safepoint: 141800 ns, At safepoint: 4169 ns, Total: 145969 ns
[2024-02-18T08:23:26.009+0000][7][safepoint   ] Safepoint "Cleanup", Time since last: 1497087848152 ns, Reaching safepoint: 129071 ns, At safepoint: 4135 ns, Total: 133206 ns
[2024-02-18T08:35:46.052+0000][7][safepoint   ] Safepoint "Cleanup", Time since last: 740043145060 ns, Reaching safepoint: 127081 ns, At safepoint: 3616 ns, Total: 130697 ns
[2024-02-18T08:35:47.053+0000][7][safepoint   ] Safepoint "Cleanup", Time since last: 1000146197 ns, Reaching safepoint: 89346 ns, At safepoint: 3349 ns, Total: 92695 ns
[2024-02-18T08:35:48.053+0000][7][safepoint   ] Safepoint "Cleanup", Time since last: 1000150713 ns, Reaching safepoint: 114743 ns, At safepoint: 4057 ns, Total: 118800 ns
[2024-02-18T08:35:49.053+0000][7][safepoint   ] Safepoint "Cleanup", Time since last: 1000158379 ns, Reaching safepoint: 85517 ns, At safepoint: 3584 ns, Total: 89101 ns
[2024-02-18T08:35:49.317+0000][7][gc,start    ] GC(19) Pause Young (Normal) (G1 Evacuation Pause)
[2024-02-18T08:35:49.317+0000][7][gc,task     ] GC(19) Using 13 workers of 13 for evacuation
[2024-02-18T08:35:49.318+0000][7][gc,age      ] GC(19) Desired survivor size 41943040 bytes, new threshold 15 (max threshold 15)
[2024-02-18T08:35:49.328+0000][7][gc,age      ] GC(19) Age table with threshold 15 (max threshold 15)
[2024-02-18T08:35:49.328+0000][7][gc,age      ] GC(19) - age   1:     570496 bytes,     570496 total
[2024-02-18T08:35:49.328+0000][7][gc,age      ] GC(19) - age   2:     653608 bytes,    1224104 total
[2024-02-18T08:35:49.328+0000][7][gc,age      ] GC(19) - age   3:      91336 bytes,    1315440 total
[2024-02-18T08:35:49.328+0000][7][gc,age      ] GC(19) - age   4:      39664 bytes,    1355104 total
[2024-02-18T08:35:49.328+0000][7][gc,age      ] GC(19) - age   5:     524744 bytes,    1879848 total
[2024-02-18T08:35:49.328+0000][7][gc,age      ] GC(19) - age   6:     647432 bytes,    2527280 total
[2024-02-18T08:35:49.328+0000][7][gc,age      ] GC(19) - age   7:   13372960 bytes,   15900240 total
[2024-02-18T08:35:49.328+0000][7][gc,age      ] GC(19) - age   8:    7934664 bytes,   23834904 total
[2024-02-18T08:35:49.328+0000][7][gc,age      ] GC(19) - age   9:   15245504 bytes,   39080408 total
[2024-02-18T08:35:49.328+0000][7][gc,phases   ] GC(19)   Pre Evacuate Collection Set: 0.2ms
[2024-02-18T08:35:49.328+0000][7][gc,phases   ] GC(19)   Merge Heap Roots: 0.1ms
[2024-02-18T08:35:49.328+0000][7][gc,phases   ] GC(19)   Evacuate Collection Set: 9.0ms
[2024-02-18T08:35:49.328+0000][7][gc,phases   ] GC(19)   Post Evacuate Collection Set: 1.2ms
[2024-02-18T08:35:49.328+0000][7][gc,phases   ] GC(19)   Other: 0.4ms
[2024-02-18T08:35:49.328+0000][7][gc,heap     ] GC(19) Eden regions: 143->0(143)
[2024-02-18T08:35:49.328+0000][7][gc,heap     ] GC(19) Survivor regions: 10->10(20)
[2024-02-18T08:35:49.328+0000][7][gc,heap     ] GC(19) Old regions: 10->10
[2024-02-18T08:35:49.328+0000][7][gc,heap     ] GC(19) Archive regions: 2->2
[2024-02-18T08:35:49.328+0000][7][gc,heap     ] GC(19) Humongous regions: 2->2
[2024-02-18T08:35:49.328+0000][7][gc,metaspace] GC(19) Metaspace: 98206K(102736K)->98206K(102736K) NonClass: 85244K(88656K)->85244K(88656K) Class: 12962K(14080K)->12962K(14080K)
[2024-02-18T08:35:49.328+0000][7][gc          ] GC(19) Pause Young (Normal) (G1 Evacuation Pause) 663M->91M(1024M) 10.929ms
[2024-02-18T08:35:49.328+0000][7][gc,cpu      ] GC(19) User=0.10s Sys=0.00s Real=0.01s
[2024-02-18T08:35:49.328+0000][7][safepoint   ] Safepoint "G1CollectForAllocation", Time since last: 263993681 ns, Reaching safepoint: 84736 ns, At safepoint: 11019041 ns, Total: 11103777 ns
[2024-02-18T08:35:50.329+0000][7][safepoint   ] Safepoint "Cleanup", Time since last: 1000077196 ns, Reaching safepoint: 123984 ns, At safepoint: 3646 ns, Total: 127630 ns
[2024-02-18T08:35:52.329+0000][7][safepoint   ] Safepoint "Cleanup", Time since last: 2000220145 ns, Reaching safepoint: 92561 ns, At safepoint: 6130 ns, Total: 98691 ns
[2024-02-18T08:36:37.332+0000][7][safepoint   ] Safepoint "Cleanup", Time since last: 45002609651 ns, Reaching safepoint: 112232 ns, At safepoint: 3836 ns, Total: 116068 ns
[2024-02-18T08:36:54.333+0000][7][safepoint   ] Safepoint "Cleanup", Time since last: 17001101098 ns, Reaching safepoint: 140740 ns, At safepoint: 3611 ns, Total: 144351 ns
[2024-02-18T08:38:29.339+0000][7][safepoint   ] Safepoint "Cleanup", Time since last: 95005690742 ns, Reaching safepoint: 150507 ns, At safepoint: 3809 ns, Total: 154316 ns
[2024-02-18T10:10:36.662+0000][7][safepoint   ] Safepoint "Cleanup", Time since last: 5527323116887 ns, Reaching safepoint: 106997 ns, At safepoint: 4152 ns, Total: 111149 ns
[2024-02-18T10:13:55.674+0000][7][safepoint   ] Safepoint "Cleanup", Time since last: 199011634266 ns, Reaching safepoint: 117776 ns, At safepoint: 3139 ns, Total: 120915 ns
[2024-02-18T10:34:28.746+0000][7][safepoint   ] Safepoint "Cleanup", Time since last: 1233072102545 ns, Reaching safepoint: 115422 ns, At safepoint: 3564 ns, Total: 118986 ns
[2024-02-18T10:35:02.748+0000][7][safepoint   ] Safepoint "Cleanup", Time since last: 34002078805 ns, Reaching safepoint: 134978 ns, At safepoint: 3773 ns, Total: 138751 ns
[2024-02-18T10:35:20.749+0000][7][safepoint   ] Safepoint "Cleanup", Time since last: 18001194915 ns, Reaching safepoint: 105171 ns, At safepoint: 3747 ns, Total: 108918 ns
[2024-02-18T11:05:25.855+0000][7][safepoint   ] Safepoint "Cleanup", Time since last: 1805105160800 ns, Reaching safepoint: 130414 ns, At safepoint: 3940 ns, Total: 134354 ns
[2024-02-18T11:07:53.864+0000][7][safepoint   ] Safepoint "Cleanup", Time since last: 148008834997 ns, Reaching safepoint: 111550 ns, At safepoint: 3675 ns, Total: 115225 ns
[2024-02-18T11:07:54.864+0000][7][safepoint   ] Safepoint "Cleanup", Time since last: 1000150041 ns, Reaching safepoint: 125005 ns, At safepoint: 4037 ns, Total: 129042 ns
[2024-02-18T11:08:05.865+0000][7][safepoint   ] Safepoint "Cleanup", Time since last: 11000656784 ns, Reaching safepoint: 126157 ns, At safepoint: 4072 ns, Total: 130229 ns
[2024-02-18T11:08:26.866+0000][7][safepoint   ] Safepoint "Cleanup", Time since last: 21001357551 ns, Reaching safepoint: 103000 ns, At safepoint: 4161 ns, Total: 107161 ns
[2024-02-18T11:08:32.867+0000][7][safepoint   ] Safepoint "Cleanup", Time since last: 6000404736 ns, Reaching safepoint: 119799 ns, At safepoint: 3846 ns, Total: 123645 ns
[2024-02-18T11:08:35.867+0000][7][safepoint   ] Safepoint "Cleanup", Time since last: 3000277729 ns, Reaching safepoint: 95458 ns, At safepoint: 3575 ns, Total: 99033 ns
[2024-02-18T11:08:52.868+0000][7][safepoint   ] Safepoint "Cleanup", Time since last: 17001113779 ns, Reaching safepoint: 98674 ns, At safepoint: 3491 ns, Total: 102165 ns
[2024-02-18T11:11:23.877+0000][7][safepoint   ] Safepoint "Cleanup", Time since last: 151009004788 ns, Reaching safepoint: 135655 ns, At safepoint: 3749 ns, Total: 139404 ns
[2024-02-18T11:14:33.889+0000][7][safepoint   ] Safepoint "Cleanup", Time since last: 190011326812 ns, Reaching safepoint: 111074 ns, At safepoint: 9006 ns, Total: 120080 ns
[2024-02-18T11:16:23.896+0000][7][safepoint   ] Safepoint "Cleanup", Time since last: 110006470041 ns, Reaching safepoint: 138340 ns, At safepoint: 4085 ns, Total: 142425 ns
[2024-02-18T11:24:25.924+0000][7][safepoint   ] Safepoint "Cleanup", Time since last: 482028080827 ns, Reaching safepoint: 134001 ns, At safepoint: 4696 ns, Total: 138697 ns
[2024-02-18T11:35:24.962+0000][7][safepoint   ] Safepoint "Cleanup", Time since last: 659038096421 ns, Reaching safepoint: 98293 ns, At safepoint: 3656 ns, Total: 101949 ns
[2024-02-18T11:41:22.983+0000][7][safepoint   ] Safepoint "Cleanup", Time since last: 358021133976 ns, Reaching safepoint: 106357 ns, At safepoint: 3580 ns, Total: 109937 ns
[2024-02-18T11:55:56.034+0000][7][safepoint   ] Safepoint "Cleanup", Time since last: 873050416803 ns, Reaching safepoint: 96819 ns, At safepoint: 3361 ns, Total: 100180 ns
[2024-02-18T12:11:23.088+0000][7][safepoint   ] Safepoint "Cleanup", Time since last: 927054078396 ns, Reaching safepoint: 126244 ns, At safepoint: 4200 ns, Total: 130444 ns
[2024-02-18T12:21:23.123+0000][7][safepoint   ] Safepoint "Cleanup", Time since last: 600034927438 ns, Reaching safepoint: 99839 ns, At safepoint: 3199 ns, Total: 103038 ns
[2024-02-18T12:21:56.125+0000][7][safepoint   ] Safepoint "Cleanup", Time since last: 33002000916 ns, Reaching safepoint: 112538 ns, At safepoint: 3766 ns, Total: 116304 ns
[2024-02-18T12:24:18.134+0000][7][safepoint   ] Safepoint "Cleanup", Time since last: 142008328645 ns, Reaching safepoint: 110637 ns, At safepoint: 9478 ns, Total: 120115 ns
[2024-02-18T12:31:23.159+0000][7][safepoint   ] Safepoint "Cleanup", Time since last: 425025152912 ns, Reaching safepoint: 136192 ns, At safepoint: 3820 ns, Total: 140012 ns
[2024-02-18T12:41:23.194+0000][7][safepoint   ] Safepoint "Cleanup", Time since last: 600035260018 ns, Reaching safepoint: 136474 ns, At safepoint: 4363 ns, Total: 140837 ns
[2024-02-18T13:02:05.267+0000][7][safepoint   ] Safepoint "Cleanup", Time since last: 1242072402501 ns, Reaching safepoint: 104976 ns, At safepoint: 3324 ns, Total: 108300 ns
[2024-02-18T13:04:56.277+0000][7][safepoint   ] Safepoint "Cleanup", Time since last: 171010068606 ns, Reaching safepoint: 108551 ns, At safepoint: 3602 ns, Total: 112153 ns
[2024-02-18T14:16:25.527+0000][7][safepoint   ] Safepoint "Cleanup", Time since last: 4289249927235 ns, Reaching safepoint: 129489 ns, At safepoint: 4507 ns, Total: 133996 ns
[2024-02-18T14:50:32.733+0000][7][gc,start    ] GC(20) Pause Young (Normal) (G1 Evacuation Pause)
[2024-02-18T14:50:32.733+0000][7][gc,task     ] GC(20) Using 13 workers of 13 for evacuation
[2024-02-18T14:50:32.734+0000][7][gc,age      ] GC(20) Desired survivor size 41943040 bytes, new threshold 15 (max threshold 15)
[2024-02-18T14:50:32.743+0000][7][gc,age      ] GC(20) Age table with threshold 15 (max threshold 15)
[2024-02-18T14:50:32.743+0000][7][gc,age      ] GC(20) - age   1:     196416 bytes,     196416 total
[2024-02-18T14:50:32.743+0000][7][gc,age      ] GC(20) - age   2:     412648 bytes,     609064 total
[2024-02-18T14:50:32.743+0000][7][gc,age      ] GC(20) - age   3:     529448 bytes,    1138512 total
[2024-02-18T14:50:32.743+0000][7][gc,age      ] GC(20) - age   4:      74896 bytes,    1213408 total
[2024-02-18T14:50:32.743+0000][7][gc,age      ] GC(20) - age   5:      39664 bytes,    1253072 total
[2024-02-18T14:50:32.743+0000][7][gc,age      ] GC(20) - age   6:     467936 bytes,    1721008 total
[2024-02-18T14:50:32.743+0000][7][gc,age      ] GC(20) - age   7:     647352 bytes,    2368360 total
[2024-02-18T14:50:32.743+0000][7][gc,age      ] GC(20) - age   8:   13348272 bytes,   15716632 total
[2024-02-18T14:50:32.743+0000][7][gc,age      ] GC(20) - age   9:    7934664 bytes,   23651296 total
[2024-02-18T14:50:32.743+0000][7][gc,age      ] GC(20) - age  10:   15245504 bytes,   38896800 total
[2024-02-18T14:50:32.743+0000][7][gc,phases   ] GC(20)   Pre Evacuate Collection Set: 0.1ms
[2024-02-18T14:50:32.743+0000][7][gc,phases   ] GC(20)   Merge Heap Roots: 0.1ms
[2024-02-18T14:50:32.743+0000][7][gc,phases   ] GC(20)   Evacuate Collection Set: 8.3ms
[2024-02-18T14:50:32.743+0000][7][gc,phases   ] GC(20)   Post Evacuate Collection Set: 1.1ms
[2024-02-18T14:50:32.744+0000][7][gc,phases   ] GC(20)   Other: 0.4ms
[2024-02-18T14:50:32.744+0000][7][gc,heap     ] GC(20) Eden regions: 143->0(142)
[2024-02-18T14:50:32.744+0000][7][gc,heap     ] GC(20) Survivor regions: 10->11(20)
[2024-02-18T14:50:32.744+0000][7][gc,heap     ] GC(20) Old regions: 10->10
[2024-02-18T14:50:32.744+0000][7][gc,heap     ] GC(20) Archive regions: 2->2
[2024-02-18T14:50:32.744+0000][7][gc,heap     ] GC(20) Humongous regions: 2->2
[2024-02-18T14:50:32.744+0000][7][gc,metaspace] GC(20) Metaspace: 98384K(102992K)->98384K(102992K) NonClass: 85421K(88912K)->85421K(88912K) Class: 12963K(14080K)->12963K(14080K)
[2024-02-18T14:50:32.744+0000][7][gc          ] GC(20) Pause Young (Normal) (G1 Evacuation Pause) 663M->92M(1024M) 10.244ms
[2024-02-18T14:50:32.744+0000][7][gc,cpu      ] GC(20) User=0.10s Sys=0.00s Real=0.01s
[2024-02-18T14:50:32.744+0000][7][safepoint   ] Safepoint "G1CollectForAllocation", Time since last: 2047206277573 ns, Reaching safepoint: 100730 ns, At safepoint: 10338893 ns, Total: 10439623 ns
[2024-02-18T15:11:23.817+0000][7][safepoint   ] Safepoint "Cleanup", Time since last: 1251073409307 ns, Reaching safepoint: 110180 ns, At safepoint: 3458 ns, Total: 113638 ns
[2024-02-18T15:15:26.832+0000][7][safepoint   ] Safepoint "Cleanup", Time since last: 243014253855 ns, Reaching safepoint: 102868 ns, At safepoint: 4521 ns, Total: 107389 ns
[2024-02-18T15:26:22.870+0000][7][safepoint   ] Safepoint "Cleanup", Time since last: 656038580104 ns, Reaching safepoint: 110441 ns, At safepoint: 4996 ns, Total: 115437 ns
[2024-02-18T16:09:01.021+0000][7][safepoint   ] Safepoint "Cleanup", Time since last: 2558150354578 ns, Reaching safepoint: 120711 ns, At safepoint: 4322 ns, Total: 125033 ns
[2024-02-18T16:49:57.166+0000][7][safepoint   ] Safepoint "Cleanup", Time since last: 2456145370344 ns, Reaching safepoint: 117788 ns, At safepoint: 4102 ns, Total: 121890 ns
[2024-02-18T16:50:30.168+0000][7][safepoint   ] Safepoint "Cleanup", Time since last: 33002011976 ns, Reaching safepoint: 106570 ns, At safepoint: 2461 ns, Total: 109031 ns
[2024-02-18T16:50:41.169+0000][7][safepoint   ] Safepoint "Cleanup", Time since last: 11000748801 ns, Reaching safepoint: 139778 ns, At safepoint: 3592 ns, Total: 143370 ns
[2024-02-18T16:52:19.175+0000][7][safepoint   ] Safepoint "Cleanup", Time since last: 98005930765 ns, Reaching safepoint: 116238 ns, At safepoint: 3862 ns, Total: 120100 ns
[2024-02-18T16:52:24.176+0000][7][safepoint   ] Safepoint "Cleanup", Time since last: 5000390589 ns, Reaching safepoint: 83250 ns, At safepoint: 3808 ns, Total: 87058 ns
[2024-02-18T16:54:08.182+0000][7][safepoint   ] Safepoint "Cleanup", Time since last: 104006298626 ns, Reaching safepoint: 106540 ns, At safepoint: 2664 ns, Total: 109204 ns
[2024-02-18T16:54:33.184+0000][7][safepoint   ] Safepoint "Cleanup", Time since last: 25001553434 ns, Reaching safepoint: 104745 ns, At safepoint: 3472 ns, Total: 108217 ns
[2024-02-18T16:54:35.184+0000][7][safepoint   ] Safepoint "Cleanup", Time since last: 2000213064 ns, Reaching safepoint: 92911 ns, At safepoint: 8866 ns, Total: 101777 ns
[2024-02-18T16:56:01.189+0000][7][safepoint   ] Safepoint "Cleanup", Time since last: 86005206218 ns, Reaching safepoint: 105931 ns, At safepoint: 3730 ns, Total: 109661 ns
[2024-02-18T16:56:08.190+0000][7][safepoint   ] Safepoint "Cleanup", Time since last: 7000455359 ns, Reaching safepoint: 98352 ns, At safepoint: 4477 ns, Total: 102829 ns
[2024-02-18T17:16:24.263+0000][7][safepoint   ] Safepoint "Cleanup", Time since last: 1216072661273 ns, Reaching safepoint: 115883 ns, At safepoint: 6374 ns, Total: 122257 ns
[2024-02-18T17:55:25.401+0000][7][safepoint   ] Safepoint "Cleanup", Time since last: 2341138285197 ns, Reaching safepoint: 99672 ns, At safepoint: 3341 ns, Total: 103013 ns
[2024-02-18T18:26:23.510+0000][7][safepoint   ] Safepoint "Cleanup", Time since last: 1858108517164 ns, Reaching safepoint: 102175 ns, At safepoint: 3981 ns, Total: 106156 ns
[2024-02-18T18:50:27.595+0000][7][safepoint   ] Safepoint "Cleanup", Time since last: 1444085156029 ns, Reaching safepoint: 102882 ns, At safepoint: 3907 ns, Total: 106789 ns
[2024-02-18T19:33:53.749+0000][7][safepoint   ] Safepoint "Cleanup", Time since last: 2606153860612 ns, Reaching safepoint: 109384 ns, At safepoint: 8949 ns, Total: 118333 ns
[2024-02-18T21:02:43.062+0000][7][safepoint   ] Safepoint "Cleanup", Time since last: 5329312661155 ns, Reaching safepoint: 103852 ns, At safepoint: 3366 ns, Total: 107218 ns
[2024-02-18T21:02:44.062+0000][7][safepoint   ] Safepoint "Cleanup", Time since last: 1000152558 ns, Reaching safepoint: 83763 ns, At safepoint: 5917 ns, Total: 89680 ns
[2024-02-18T21:10:53.987+0000][7][gc,start    ] GC(21) Pause Young (Normal) (G1 Evacuation Pause)
[2024-02-18T21:10:53.987+0000][7][gc,task     ] GC(21) Using 13 workers of 13 for evacuation
[2024-02-18T21:10:53.987+0000][7][gc,age      ] GC(21) Desired survivor size 41943040 bytes, new threshold 15 (max threshold 15)
[2024-02-18T21:10:53.999+0000][7][gc,age      ] GC(21) Age table with threshold 15 (max threshold 15)
[2024-02-18T21:10:53.999+0000][7][gc,age      ] GC(21) - age   1:      76992 bytes,      76992 total
[2024-02-18T21:10:53.999+0000][7][gc,age      ] GC(21) - age   2:     141392 bytes,     218384 total
[2024-02-18T21:10:53.999+0000][7][gc,age      ] GC(21) - age   3:     379928 bytes,     598312 total
[2024-02-18T21:10:53.999+0000][7][gc,age      ] GC(21) - age   4:     298368 bytes,     896680 total
[2024-02-18T21:10:53.999+0000][7][gc,age      ] GC(21) - age   5:      58608 bytes,     955288 total
[2024-02-18T21:10:53.999+0000][7][gc,age      ] GC(21) - age   6:      39624 bytes,     994912 total
[2024-02-18T21:10:53.999+0000][7][gc,age      ] GC(21) - age   7:     394936 bytes,    1389848 total
[2024-02-18T21:10:53.999+0000][7][gc,age      ] GC(21) - age   8:     612744 bytes,    2002592 total
[2024-02-18T21:10:53.999+0000][7][gc,age      ] GC(21) - age   9:   13348232 bytes,   15350824 total
[2024-02-18T21:10:53.999+0000][7][gc,age      ] GC(21) - age  10:    7934664 bytes,   23285488 total
[2024-02-18T21:10:53.999+0000][7][gc,age      ] GC(21) - age  11:   15245504 bytes,   38530992 total
[2024-02-18T21:10:53.999+0000][7][gc,phases   ] GC(21)   Pre Evacuate Collection Set: 0.2ms
[2024-02-18T21:10:53.999+0000][7][gc,phases   ] GC(21)   Merge Heap Roots: 0.2ms
[2024-02-18T21:10:53.999+0000][7][gc,phases   ] GC(21)   Evacuate Collection Set: 10.4ms
[2024-02-18T21:10:53.999+0000][7][gc,phases   ] GC(21)   Post Evacuate Collection Set: 1.2ms
[2024-02-18T21:10:53.999+0000][7][gc,phases   ] GC(21)   Other: 0.4ms
[2024-02-18T21:10:53.999+0000][7][gc,heap     ] GC(21) Eden regions: 142->0(142)
[2024-02-18T21:10:53.999+0000][7][gc,heap     ] GC(21) Survivor regions: 11->11(20)
[2024-02-18T21:10:53.999+0000][7][gc,heap     ] GC(21) Old regions: 10->10
[2024-02-18T21:10:53.999+0000][7][gc,heap     ] GC(21) Archive regions: 2->2
[2024-02-18T21:10:53.999+0000][7][gc,heap     ] GC(21) Humongous regions: 2->2
[2024-02-18T21:10:53.999+0000][7][gc,metaspace] GC(21) Metaspace: 98479K(102992K)->98479K(102992K) NonClass: 85515K(88912K)->85515K(88912K) Class: 12964K(14080K)->12964K(14080K)
[2024-02-18T21:10:53.999+0000][7][gc          ] GC(21) Pause Young (Normal) (G1 Evacuation Pause) 660M->91M(1024M) 12.454ms
[2024-02-18T21:10:53.999+0000][7][gc,cpu      ] GC(21) User=0.10s Sys=0.00s Real=0.01s
[2024-02-18T21:10:53.999+0000][7][safepoint   ] Safepoint "G1CollectForAllocation", Time since last: 489924385562 ns, Reaching safepoint: 115731 ns, At safepoint: 12553395 ns, Total: 12669126 ns
[2024-02-18T21:11:23.001+0000][7][safepoint   ] Safepoint "Cleanup", Time since last: 29001716813 ns, Reaching safepoint: 126898 ns, At safepoint: 5555 ns, Total: 132453 ns
[2024-02-18T21:49:37.134+0000][7][safepoint   ] Safepoint "Cleanup", Time since last: 2294132619882 ns, Reaching safepoint: 106630 ns, At safepoint: 3752 ns, Total: 110382 ns
[2024-02-18T23:32:10.494+0000][7][safepoint   ] Safepoint "Cleanup", Time since last: 6153359808636 ns, Reaching safepoint: 165420 ns, At safepoint: 3888 ns, Total: 169308 ns
[2024-02-19T01:00:00.800+0000][7][safepoint   ] Safepoint "Cleanup", Time since last: 5270305986410 ns, Reaching safepoint: 96266 ns, At safepoint: 3198 ns, Total: 99464 ns
[2024-02-19T01:30:00.904+0000][7][safepoint   ] Safepoint "Cleanup", Time since last: 1800104415188 ns, Reaching safepoint: 100229 ns, At safepoint: 3797 ns, Total: 104026 ns
[2024-02-19T01:38:00.933+0000][7][safepoint   ] Safepoint "Cleanup", Time since last: 480028126129 ns, Reaching safepoint: 105318 ns, At safepoint: 3667 ns, Total: 108985 ns
[2024-02-19T02:14:01.058+0000][7][safepoint   ] Safepoint "Cleanup", Time since last: 2160125609324 ns, Reaching safepoint: 121933 ns, At safepoint: 3785 ns, Total: 125718 ns
[2024-02-19T02:14:02.059+0000][7][safepoint   ] Safepoint "Cleanup", Time since last: 1000152388 ns, Reaching safepoint: 106935 ns, At safepoint: 3767 ns, Total: 110702 ns
[2024-02-19T02:34:31.131+0000][7][safepoint   ] Safepoint "Cleanup", Time since last: 1229072096986 ns, Reaching safepoint: 107056 ns, At safepoint: 3628 ns, Total: 110684 ns
[2024-02-19T02:34:37.131+0000][7][safepoint   ] Safepoint "Cleanup", Time since last: 6000420016 ns, Reaching safepoint: 111295 ns, At safepoint: 4481 ns, Total: 115776 ns
[2024-02-19T02:45:54.171+0000][7][safepoint   ] Safepoint "Cleanup", Time since last: 677039150783 ns, Reaching safepoint: 102588 ns, At safepoint: 11229 ns, Total: 113817 ns
[2024-02-19T03:35:22.850+0000][7][gc,start    ] GC(22) Pause Young (Normal) (G1 Evacuation Pause)
[2024-02-19T03:35:22.850+0000][7][gc,task     ] GC(22) Using 13 workers of 13 for evacuation
[2024-02-19T03:35:22.850+0000][7][gc,age      ] GC(22) Desired survivor size 41943040 bytes, new threshold 15 (max threshold 15)
[2024-02-19T03:35:22.861+0000][7][gc,age      ] GC(22) Age table with threshold 15 (max threshold 15)
[2024-02-19T03:35:22.861+0000][7][gc,age      ] GC(22) - age   1:     172664 bytes,     172664 total
[2024-02-19T03:35:22.861+0000][7][gc,age      ] GC(22) - age   2:      44832 bytes,     217496 total
[2024-02-19T03:35:22.861+0000][7][gc,age      ] GC(22) - age   3:     132824 bytes,     350320 total
[2024-02-19T03:35:22.861+0000][7][gc,age      ] GC(22) - age   4:     347328 bytes,     697648 total
[2024-02-19T03:35:22.861+0000][7][gc,age      ] GC(22) - age   5:     278872 bytes,     976520 total
[2024-02-19T03:35:22.861+0000][7][gc,age      ] GC(22) - age   6:      42336 bytes,    1018856 total
[2024-02-19T03:35:22.861+0000][7][gc,age      ] GC(22) - age   7:      39248 bytes,    1058104 total
[2024-02-19T03:35:22.861+0000][7][gc,age      ] GC(22) - age   8:     394856 bytes,    1452960 total
[2024-02-19T03:35:22.861+0000][7][gc,age      ] GC(22) - age   9:     596552 bytes,    2049512 total
[2024-02-19T03:35:22.861+0000][7][gc,age      ] GC(22) - age  10:   13347968 bytes,   15397480 total
[2024-02-19T03:35:22.861+0000][7][gc,age      ] GC(22) - age  11:    7934664 bytes,   23332144 total
[2024-02-19T03:35:22.861+0000][7][gc,age      ] GC(22) - age  12:   15245504 bytes,   38577648 total
[2024-02-19T03:35:22.862+0000][7][gc,phases   ] GC(22)   Pre Evacuate Collection Set: 0.1ms
[2024-02-19T03:35:22.862+0000][7][gc,phases   ] GC(22)   Merge Heap Roots: 0.1ms
[2024-02-19T03:35:22.862+0000][7][gc,phases   ] GC(22)   Evacuate Collection Set: 9.9ms
[2024-02-19T03:35:22.862+0000][7][gc,phases   ] GC(22)   Post Evacuate Collection Set: 1.2ms
[2024-02-19T03:35:22.862+0000][7][gc,phases   ] GC(22)   Other: 0.5ms
[2024-02-19T03:35:22.862+0000][7][gc,heap     ] GC(22) Eden regions: 142->0(142)
[2024-02-19T03:35:22.862+0000][7][gc,heap     ] GC(22) Survivor regions: 11->11(20)
[2024-02-19T03:35:22.862+0000][7][gc,heap     ] GC(22) Old regions: 10->10
[2024-02-19T03:35:22.862+0000][7][gc,heap     ] GC(22) Archive regions: 2->2
[2024-02-19T03:35:22.862+0000][7][gc,heap     ] GC(22) Humongous regions: 2->2
[2024-02-19T03:35:22.862+0000][7][gc,metaspace] GC(22) Metaspace: 98509K(102992K)->98509K(102992K) NonClass: 85544K(88912K)->85544K(88912K) Class: 12964K(14080K)->12964K(14080K)
[2024-02-19T03:35:22.862+0000][7][gc          ] GC(22) Pause Young (Normal) (G1 Evacuation Pause) 659M->92M(1024M) 11.874ms
[2024-02-19T03:35:22.862+0000][7][gc,cpu      ] GC(22) User=0.08s Sys=0.00s Real=0.01s
[2024-02-19T03:35:22.862+0000][7][safepoint   ] Safepoint "G1CollectForAllocation", Time since last: 2968679164288 ns, Reaching safepoint: 101318 ns, At safepoint: 11968143 ns, Total: 12069461 ns
[2024-02-19T03:35:23.862+0000][7][safepoint   ] Safepoint "Cleanup", Time since last: 1000076160 ns, Reaching safepoint: 87777 ns, At safepoint: 8834 ns, Total: 96611 ns
[2024-02-19T03:36:34.866+0000][7][safepoint   ] Safepoint "Cleanup", Time since last: 71004165751 ns, Reaching safepoint: 99897 ns, At safepoint: 3638 ns, Total: 103535 ns
[2024-02-19T03:36:38.867+0000][7][safepoint   ] Safepoint "Cleanup", Time since last: 4000324111 ns, Reaching safepoint: 98355 ns, At safepoint: 5995 ns, Total: 104350 ns
[2024-02-19T03:36:45.867+0000][7][safepoint   ] Safepoint "Cleanup", Time since last: 7000496411 ns, Reaching safepoint: 88434 ns, At safepoint: 3730 ns, Total: 92164 ns
[2024-02-19T04:37:19.077+0000][7][safepoint   ] Safepoint "Cleanup", Time since last: 3633209611996 ns, Reaching safepoint: 117507 ns, At safepoint: 3509 ns, Total: 121016 ns
[2024-02-19T05:09:44.190+0000][7][safepoint   ] Safepoint "Cleanup", Time since last: 1945112762017 ns, Reaching safepoint: 127733 ns, At safepoint: 3091 ns, Total: 130824 ns
[2024-02-19T05:11:23.196+0000][7][safepoint   ] Safepoint "Cleanup", Time since last: 99005810906 ns, Reaching safepoint: 146524 ns, At safepoint: 6045 ns, Total: 152569 ns
[2024-02-19T05:26:23.248+0000][7][safepoint   ] Safepoint "Cleanup", Time since last: 900052200321 ns, Reaching safepoint: 137451 ns, At safepoint: 9210 ns, Total: 146661 ns
[2024-02-19T07:28:29.677+0000][7][safepoint   ] Safepoint "Cleanup", Time since last: 7326429162355 ns, Reaching safepoint: 105434 ns, At safepoint: 3529 ns, Total: 108963 ns
[2024-02-19T07:30:46.686+0000][7][safepoint   ] Safepoint "Cleanup", Time since last: 137008011557 ns, Reaching safepoint: 148824 ns, At safepoint: 7651 ns, Total: 156475 ns
[2024-02-19T08:45:54.949+0000][7][safepoint   ] Safepoint "Cleanup", Time since last: 4508263295930 ns, Reaching safepoint: 103675 ns, At safepoint: 11703 ns, Total: 115378 ns
[2024-02-19T09:01:46.004+0000][7][safepoint   ] Safepoint "Cleanup", Time since last: 951055140712 ns, Reaching safepoint: 108907 ns, At safepoint: 2325 ns, Total: 111232 ns
[2024-02-19T09:11:23.038+0000][7][safepoint   ] Safepoint "Cleanup", Time since last: 577033456636 ns, Reaching safepoint: 100950 ns, At safepoint: 3606 ns, Total: 104556 ns
[2024-02-19T09:59:07.301+0000][7][gc,start    ] GC(23) Pause Young (Normal) (G1 Evacuation Pause)
[2024-02-19T09:59:07.301+0000][7][gc,task     ] GC(23) Using 13 workers of 13 for evacuation
[2024-02-19T09:59:07.301+0000][7][gc,age      ] GC(23) Desired survivor size 41943040 bytes, new threshold 15 (max threshold 15)
[2024-02-19T09:59:07.311+0000][7][gc,age      ] GC(23) Age table with threshold 15 (max threshold 15)
[2024-02-19T09:59:07.311+0000][7][gc,age      ] GC(23) - age   1:     159872 bytes,     159872 total
[2024-02-19T09:59:07.311+0000][7][gc,age      ] GC(23) - age   2:     112696 bytes,     272568 total
[2024-02-19T09:59:07.311+0000][7][gc,age      ] GC(23) - age   3:      28344 bytes,     300912 total
[2024-02-19T09:59:07.312+0000][7][gc,age      ] GC(23) - age   4:     132528 bytes,     433440 total
[2024-02-19T09:59:07.312+0000][7][gc,age      ] GC(23) - age   5:     346928 bytes,     780368 total
[2024-02-19T09:59:07.312+0000][7][gc,age      ] GC(23) - age   6:     278832 bytes,    1059200 total
[2024-02-19T09:59:07.312+0000][7][gc,age      ] GC(23) - age   7:      42176 bytes,    1101376 total
[2024-02-19T09:59:07.312+0000][7][gc,age      ] GC(23) - age   8:      39248 bytes,    1140624 total
[2024-02-19T09:59:07.312+0000][7][gc,age      ] GC(23) - age   9:     394856 bytes,    1535480 total
[2024-02-19T09:59:07.312+0000][7][gc,age      ] GC(23) - age  10:     596472 bytes,    2131952 total
[2024-02-19T09:59:07.312+0000][7][gc,age      ] GC(23) - age  11:   13346552 bytes,   15478504 total
[2024-02-19T09:59:07.312+0000][7][gc,age      ] GC(23) - age  12:    7934664 bytes,   23413168 total
[2024-02-19T09:59:07.312+0000][7][gc,age      ] GC(23) - age  13:   15245504 bytes,   38658672 total
[2024-02-19T09:59:07.312+0000][7][gc,phases   ] GC(23)   Pre Evacuate Collection Set: 0.2ms
[2024-02-19T09:59:07.312+0000][7][gc,phases   ] GC(23)   Merge Heap Roots: 0.1ms
[2024-02-19T09:59:07.312+0000][7][gc,phases   ] GC(23)   Evacuate Collection Set: 9.2ms
[2024-02-19T09:59:07.312+0000][7][gc,phases   ] GC(23)   Post Evacuate Collection Set: 1.2ms
[2024-02-19T09:59:07.312+0000][7][gc,phases   ] GC(23)   Other: 0.5ms
[2024-02-19T09:59:07.312+0000][7][gc,heap     ] GC(23) Eden regions: 142->0(142)
[2024-02-19T09:59:07.312+0000][7][gc,heap     ] GC(23) Survivor regions: 11->11(20)
[2024-02-19T09:59:07.312+0000][7][gc,heap     ] GC(23) Old regions: 10->10
[2024-02-19T09:59:07.312+0000][7][gc,heap     ] GC(23) Archive regions: 2->2
[2024-02-19T09:59:07.312+0000][7][gc,heap     ] GC(23) Humongous regions: 2->2
[2024-02-19T09:59:07.312+0000][7][gc,metaspace] GC(23) Metaspace: 98637K(103248K)->98637K(103248K) NonClass: 85666K(89168K)->85666K(89168K) Class: 12970K(14080K)->12970K(14080K)
[2024-02-19T09:59:07.312+0000][7][gc          ] GC(23) Pause Young (Normal) (G1 Evacuation Pause) 660M->91M(1024M) 11.272ms
[2024-02-19T09:59:07.312+0000][7][gc,cpu      ] GC(23) User=0.08s Sys=0.01s Real=0.01s
[2024-02-19T09:59:07.312+0000][7][safepoint   ] Safepoint "G1CollectForAllocation", Time since last: 2864262555051 ns, Reaching safepoint: 131705 ns, At safepoint: 11362885 ns, Total: 11494590 ns
[2024-02-19T10:02:16.323+0000][7][safepoint   ] Safepoint "Cleanup", Time since last: 189011145009 ns, Reaching safepoint: 147206 ns, At safepoint: 3737 ns, Total: 150943 ns
[2024-02-19T10:03:00.326+0000][7][safepoint   ] Safepoint "Cleanup", Time since last: 44002692139 ns, Reaching safepoint: 136565 ns, At safepoint: 2420 ns, Total: 138985 ns
[2024-02-19T11:56:48.728+0000][7][safepoint   ] Safepoint "Cleanup", Time since last: 6828401837088 ns, Reaching safepoint: 103892 ns, At safepoint: 3780 ns, Total: 107672 ns
[2024-02-19T11:56:50.728+0000][7][safepoint   ] Safepoint "Cleanup", Time since last: 2000213630 ns, Reaching safepoint: 105573 ns, At safepoint: 4086 ns, Total: 109659 ns
[2024-02-19T11:56:51.729+0000][7][safepoint   ] Safepoint "Cleanup", Time since last: 1000154410 ns, Reaching safepoint: 121913 ns, At safepoint: 4286 ns, Total: 126199 ns
[2024-02-19T11:56:52.729+0000][7][safepoint   ] Safepoint "Cleanup", Time since last: 1000165353 ns, Reaching safepoint: 91597 ns, At safepoint: 4223 ns, Total: 95820 ns
[2024-02-19T11:56:55.729+0000][7][safepoint   ] Safepoint "Cleanup", Time since last: 3000277729 ns, Reaching safepoint: 85729 ns, At safepoint: 3958 ns, Total: 89687 ns
[2024-02-19T11:56:58.730+0000][7][safepoint   ] Safepoint "Cleanup", Time since last: 3000276771 ns, Reaching safepoint: 89776 ns, At safepoint: 3545 ns, Total: 93321 ns
[2024-02-19T11:57:00.730+0000][7][safepoint   ] Safepoint "Cleanup", Time since last: 2000220354 ns, Reaching safepoint: 97650 ns, At safepoint: 7429 ns, Total: 105079 ns
[2024-02-19T12:14:18.790+0000][7][safepoint   ] Safepoint "Cleanup", Time since last: 1038060488286 ns, Reaching safepoint: 110578 ns, At safepoint: 8516 ns, Total: 119094 ns
[2024-02-19T12:14:20.791+0000][7][safepoint   ] Safepoint "Cleanup", Time since last: 2000213787 ns, Reaching safepoint: 116254 ns, At safepoint: 6900 ns, Total: 123154 ns
[2024-02-19T12:14:21.791+0000][7][safepoint   ] Safepoint "Cleanup", Time since last: 1000167412 ns, Reaching safepoint: 114186 ns, At safepoint: 4559 ns, Total: 118745 ns
[2024-02-19T12:14:23.791+0000][7][safepoint   ] Safepoint "Cleanup", Time since last: 2000209850 ns, Reaching safepoint: 117075 ns, At safepoint: 3872 ns, Total: 120947 ns
[2024-02-19T12:14:24.792+0000][7][safepoint   ] Safepoint "Cleanup", Time since last: 1000156366 ns, Reaching safepoint: 90602 ns, At safepoint: 3925 ns, Total: 94527 ns
[2024-02-19T12:14:26.792+0000][7][safepoint   ] Safepoint "Cleanup", Time since last: 2000231409 ns, Reaching safepoint: 98056 ns, At safepoint: 3865 ns, Total: 101921 ns
[2024-02-19T12:25:37.831+0000][7][safepoint   ] Safepoint "Cleanup", Time since last: 671038706151 ns, Reaching safepoint: 89678 ns, At safepoint: 5830 ns, Total: 95508 ns
[2024-02-19T12:42:46.891+0000][7][safepoint   ] Safepoint "Cleanup", Time since last: 1029059712499 ns, Reaching safepoint: 210006 ns, At safepoint: 4226 ns, Total: 214232 ns
[2024-02-19T12:42:47.891+0000][7][safepoint   ] Safepoint "Cleanup", Time since last: 1000142070 ns, Reaching safepoint: 92417 ns, At safepoint: 3657 ns, Total: 96074 ns
[2024-02-19T12:42:48.891+0000][7][safepoint   ] Safepoint "Cleanup", Time since last: 1000154199 ns, Reaching safepoint: 110618 ns, At safepoint: 4092 ns, Total: 114710 ns
[2024-02-19T12:42:51.892+0000][7][safepoint   ] Safepoint "Cleanup", Time since last: 3000266929 ns, Reaching safepoint: 124256 ns, At safepoint: 4774 ns, Total: 129030 ns
[2024-02-19T12:42:53.892+0000][7][safepoint   ] Safepoint "Cleanup", Time since last: 2000217186 ns, Reaching safepoint: 93516 ns, At safepoint: 6047 ns, Total: 99563 ns
[2024-02-19T12:59:11.949+0000][7][safepoint   ] Safepoint "Cleanup", Time since last: 978057134207 ns, Reaching safepoint: 145508 ns, At safepoint: 3858 ns, Total: 149366 ns
[2024-02-19T12:59:12.950+0000][7][safepoint   ] Safepoint "Cleanup", Time since last: 1000157103 ns, Reaching safepoint: 115987 ns, At safepoint: 4009 ns, Total: 119996 ns
[2024-02-19T12:59:17.950+0000][7][safepoint   ] Safepoint "Cleanup", Time since last: 5000402858 ns, Reaching safepoint: 99731 ns, At safepoint: 6213 ns, Total: 105944 ns
[2024-02-19T12:59:19.950+0000][7][safepoint   ] Safepoint "Cleanup", Time since last: 2000220811 ns, Reaching safepoint: 118311 ns, At safepoint: 4366 ns, Total: 122677 ns
[2024-02-19T13:01:13.957+0000][7][safepoint   ] Safepoint "Cleanup", Time since last: 114006699408 ns, Reaching safepoint: 137009 ns, At safepoint: 4089 ns, Total: 141098 ns
[2024-02-19T13:01:19.958+0000][7][safepoint   ] Safepoint "Cleanup", Time since last: 6000453804 ns, Reaching safepoint: 114581 ns, At safepoint: 3906 ns, Total: 118487 ns
[2024-02-19T13:13:41.001+0000][7][safepoint   ] Safepoint "Cleanup", Time since last: 741043100217 ns, Reaching safepoint: 140193 ns, At safepoint: 4630 ns, Total: 144823 ns
[2024-02-19T13:15:21.007+0000][7][safepoint   ] Safepoint "Cleanup", Time since last: 100005935840 ns, Reaching safepoint: 101124 ns, At safepoint: 2443 ns, Total: 103567 ns
[2024-02-19T13:15:23.007+0000][7][safepoint   ] Safepoint "Cleanup", Time since last: 2000217279 ns, Reaching safepoint: 129485 ns, At safepoint: 3856 ns, Total: 133341 ns
[2024-02-19T13:15:25.008+0000][7][safepoint   ] Safepoint "Cleanup", Time since last: 2000215507 ns, Reaching safepoint: 132629 ns, At safepoint: 3895 ns, Total: 136524 ns
[2024-02-19T13:15:26.008+0000][7][safepoint   ] Safepoint "Cleanup", Time since last: 1000154407 ns, Reaching safepoint: 90544 ns, At safepoint: 4074 ns, Total: 94618 ns
[2024-02-19T13:15:27.008+0000][7][safepoint   ] Safepoint "Cleanup", Time since last: 1000156417 ns, Reaching safepoint: 85637 ns, At safepoint: 2655 ns, Total: 88292 ns
[2024-02-19T13:15:28.009+0000][7][safepoint   ] Safepoint "Cleanup", Time since last: 1000157513 ns, Reaching safepoint: 105551 ns, At safepoint: 3803 ns, Total: 109354 ns
[2024-02-19T13:21:36.030+0000][7][safepoint   ] Safepoint "Cleanup", Time since last: 368021642068 ns, Reaching safepoint: 90892 ns, At safepoint: 3654 ns, Total: 94546 ns
[2024-02-19T13:24:22.040+0000][7][safepoint   ] Safepoint "Cleanup", Time since last: 166009879564 ns, Reaching safepoint: 106393 ns, At safepoint: 3705 ns, Total: 110098 ns
[2024-02-19T13:24:36.041+0000][7][safepoint   ] Safepoint "Cleanup", Time since last: 14000911856 ns, Reaching safepoint: 87033 ns, At safepoint: 3553 ns, Total: 90586 ns
[2024-02-19T13:24:37.042+0000][7][safepoint   ] Safepoint "Cleanup", Time since last: 1000152212 ns, Reaching safepoint: 89494 ns, At safepoint: 6845 ns, Total: 96339 ns
[2024-02-19T13:39:25.094+0000][7][safepoint   ] Safepoint "Cleanup", Time since last: 888052016301 ns, Reaching safepoint: 127651 ns, At safepoint: 3644 ns, Total: 131295 ns
[2024-02-19T13:39:27.094+0000][7][safepoint   ] Safepoint "Cleanup", Time since last: 2000175620 ns, Reaching safepoint: 77943 ns, At safepoint: 3668 ns, Total: 81611 ns
[2024-02-19T14:01:12.171+0000][7][safepoint   ] Safepoint "Cleanup", Time since last: 1305076758546 ns, Reaching safepoint: 109229 ns, At safepoint: 3623 ns, Total: 112852 ns
[2024-02-19T14:01:13.171+0000][7][safepoint   ] Safepoint "Cleanup", Time since last: 1000152474 ns, Reaching safepoint: 85224 ns, At safepoint: 3019 ns, Total: 88243 ns
[2024-02-19T14:01:14.171+0000][7][safepoint   ] Safepoint "Cleanup", Time since last: 1000162964 ns, Reaching safepoint: 88297 ns, At safepoint: 8963 ns, Total: 97260 ns
[2024-02-19T14:16:19.224+0000][7][safepoint   ] Safepoint "Cleanup", Time since last: 905052850130 ns, Reaching safepoint: 105403 ns, At safepoint: 3473 ns, Total: 108876 ns
[2024-02-19T14:32:05.280+0000][7][safepoint   ] Safepoint "Cleanup", Time since last: 946055334081 ns, Reaching safepoint: 141390 ns, At safepoint: 4190 ns, Total: 145580 ns
[2024-02-19T14:34:04.287+0000][7][safepoint   ] Safepoint "Cleanup", Time since last: 119007052803 ns, Reaching safepoint: 99445 ns, At safepoint: 7187 ns, Total: 106632 ns
[2024-02-19T14:45:54.329+0000][7][safepoint   ] Safepoint "Cleanup", Time since last: 710042172947 ns, Reaching safepoint: 102161 ns, At safepoint: 4265 ns, Total: 106426 ns
[2024-02-19T16:09:26.177+0000][7][gc,start    ] GC(24) Pause Young (Normal) (G1 Evacuation Pause)
[2024-02-19T16:09:26.177+0000][7][gc,task     ] GC(24) Using 13 workers of 13 for evacuation
[2024-02-19T16:09:26.177+0000][7][gc,age      ] GC(24) Desired survivor size 41943040 bytes, new threshold 15 (max threshold 15)
[2024-02-19T16:09:26.188+0000][7][gc,age      ] GC(24) Age table with threshold 15 (max threshold 15)
[2024-02-19T16:09:26.188+0000][7][gc,age      ] GC(24) - age   1:     795296 bytes,     795296 total
[2024-02-19T16:09:26.188+0000][7][gc,age      ] GC(24) - age   2:     104232 bytes,     899528 total
[2024-02-19T16:09:26.188+0000][7][gc,age      ] GC(24) - age   3:     112360 bytes,    1011888 total
[2024-02-19T16:09:26.188+0000][7][gc,age      ] GC(24) - age   4:      27944 bytes,    1039832 total
[2024-02-19T16:09:26.188+0000][7][gc,age      ] GC(24) - age   5:     131776 bytes,    1171608 total
[2024-02-19T16:09:26.188+0000][7][gc,age      ] GC(24) - age   6:     346400 bytes,    1518008 total
[2024-02-19T16:09:26.188+0000][7][gc,age      ] GC(24) - age   7:     278072 bytes,    1796080 total
[2024-02-19T16:09:26.188+0000][7][gc,age      ] GC(24) - age   8:      42176 bytes,    1838256 total
[2024-02-19T16:09:26.188+0000][7][gc,age      ] GC(24) - age   9:      39248 bytes,    1877504 total
[2024-02-19T16:09:26.188+0000][7][gc,age      ] GC(24) - age  10:     394816 bytes,    2272320 total
[2024-02-19T16:09:26.188+0000][7][gc,age      ] GC(24) - age  11:     596432 bytes,    2868752 total
[2024-02-19T16:09:26.188+0000][7][gc,age      ] GC(24) - age  12:   13344912 bytes,   16213664 total
[2024-02-19T16:09:26.188+0000][7][gc,age      ] GC(24) - age  13:    7934512 bytes,   24148176 total
[2024-02-19T16:09:26.188+0000][7][gc,age      ] GC(24) - age  14:   15245504 bytes,   39393680 total
[2024-02-19T16:09:26.188+0000][7][gc,phases   ] GC(24)   Pre Evacuate Collection Set: 0.1ms
[2024-02-19T16:09:26.188+0000][7][gc,phases   ] GC(24)   Merge Heap Roots: 0.1ms
[2024-02-19T16:09:26.188+0000][7][gc,phases   ] GC(24)   Evacuate Collection Set: 9.6ms
[2024-02-19T16:09:26.188+0000][7][gc,phases   ] GC(24)   Post Evacuate Collection Set: 1.3ms
[2024-02-19T16:09:26.188+0000][7][gc,phases   ] GC(24)   Other: 0.5ms
[2024-02-19T16:09:26.188+0000][7][gc,heap     ] GC(24) Eden regions: 142->0(142)
[2024-02-19T16:09:26.188+0000][7][gc,heap     ] GC(24) Survivor regions: 11->11(20)
[2024-02-19T16:09:26.188+0000][7][gc,heap     ] GC(24) Old regions: 10->10
[2024-02-19T16:09:26.188+0000][7][gc,heap     ] GC(24) Archive regions: 2->2
[2024-02-19T16:09:26.188+0000][7][gc,heap     ] GC(24) Humongous regions: 2->2
[2024-02-19T16:09:26.188+0000][7][gc,metaspace] GC(24) Metaspace: 98924K(103504K)->98924K(103504K) NonClass: 85951K(89424K)->85951K(89424K) Class: 12972K(14080K)->12972K(14080K)
[2024-02-19T16:09:26.188+0000][7][gc          ] GC(24) Pause Young (Normal) (G1 Evacuation Pause) 659M->92M(1024M) 11.753ms
[2024-02-19T16:09:26.188+0000][7][gc,cpu      ] GC(24) User=0.10s Sys=0.00s Real=0.02s
[2024-02-19T16:09:26.188+0000][7][safepoint   ] Safepoint "G1CollectForAllocation", Time since last: 5011847288424 ns, Reaching safepoint: 92407 ns, At safepoint: 11850450 ns, Total: 11942857 ns
[2024-02-19T17:39:40.485+0000][7][safepoint   ] Safepoint "Cleanup", Time since last: 5414295991731 ns, Reaching safepoint: 110902 ns, At safepoint: 3801 ns, Total: 114703 ns
[2024-02-19T17:40:40.488+0000][7][safepoint   ] Safepoint "Cleanup", Time since last: 60003695494 ns, Reaching safepoint: 110567 ns, At safepoint: 11495 ns, Total: 122062 ns
[2024-02-19T17:41:38.492+0000][7][safepoint   ] Safepoint "Cleanup", Time since last: 58003531715 ns, Reaching safepoint: 137742 ns, At safepoint: 6425 ns, Total: 144167 ns
[2024-02-19T17:41:56.493+0000][7][safepoint   ] Safepoint "Cleanup", Time since last: 18001179190 ns, Reaching safepoint: 132630 ns, At safepoint: 3978 ns, Total: 136608 ns
[2024-02-19T17:42:21.495+0000][7][safepoint   ] Safepoint "Cleanup", Time since last: 25001515483 ns, Reaching safepoint: 108082 ns, At safepoint: 3707 ns, Total: 111789 ns
[2024-02-19T17:42:25.495+0000][7][safepoint   ] Safepoint "Cleanup", Time since last: 4000335904 ns, Reaching safepoint: 92420 ns, At safepoint: 4570 ns, Total: 96990 ns
[2024-02-19T17:42:29.496+0000][7][safepoint   ] Safepoint "Cleanup", Time since last: 4000340521 ns, Reaching safepoint: 93660 ns, At safepoint: 4587 ns, Total: 98247 ns
[2024-02-19T17:44:12.502+0000][7][safepoint   ] Safepoint "Cleanup", Time since last: 103006202145 ns, Reaching safepoint: 139737 ns, At safepoint: 6938 ns, Total: 146675 ns
[2024-02-19T17:45:04.505+0000][7][safepoint   ] Safepoint "Cleanup", Time since last: 52003164504 ns, Reaching safepoint: 117022 ns, At safepoint: 6365 ns, Total: 123387 ns
[2024-02-19T17:45:09.506+0000][7][safepoint   ] Safepoint "Cleanup", Time since last: 5000393558 ns, Reaching safepoint: 98004 ns, At safepoint: 8872 ns, Total: 106876 ns
[2024-02-19T17:45:13.506+0000][7][safepoint   ] Safepoint "Cleanup", Time since last: 4000351668 ns, Reaching safepoint: 95978 ns, At safepoint: 2602 ns, Total: 98580 ns
[2024-02-19T20:12:10.033+0000][7][safepoint   ] Safepoint "Cleanup", Time since last: 8816526261222 ns, Reaching safepoint: 126558 ns, At safepoint: 3601 ns, Total: 130159 ns
[2024-02-19T20:25:18.079+0000][7][safepoint   ] Safepoint "Cleanup", Time since last: 788046270950 ns, Reaching safepoint: 134318 ns, At safepoint: 4027 ns, Total: 138345 ns
[2024-02-19T20:38:42.126+0000][7][safepoint   ] Safepoint "Cleanup", Time since last: 804047054435 ns, Reaching safepoint: 103042 ns, At safepoint: 3534 ns, Total: 106576 ns
[2024-02-19T22:30:56.876+0000][7][gc,start    ] GC(25) Pause Young (Normal) (G1 Evacuation Pause)
[2024-02-19T22:30:56.876+0000][7][gc,task     ] GC(25) Using 13 workers of 13 for evacuation
[2024-02-19T22:30:56.876+0000][7][gc,age      ] GC(25) Desired survivor size 41943040 bytes, new threshold 15 (max threshold 15)
[2024-02-19T22:30:56.885+0000][7][gc,age      ] GC(25) Age table with threshold 15 (max threshold 15)
[2024-02-19T22:30:56.885+0000][7][gc,age      ] GC(25) - age   1:      47480 bytes,      47480 total
[2024-02-19T22:30:56.885+0000][7][gc,age      ] GC(25) - age   2:     312160 bytes,     359640 total
[2024-02-19T22:30:56.885+0000][7][gc,age      ] GC(25) - age   3:      87176 bytes,     446816 total
[2024-02-19T22:30:56.885+0000][7][gc,age      ] GC(25) - age   4:      63736 bytes,     510552 total
[2024-02-19T22:30:56.885+0000][7][gc,age      ] GC(25) - age   5:      27648 bytes,     538200 total
[2024-02-19T22:30:56.885+0000][7][gc,age      ] GC(25) - age   6:     131736 bytes,     669936 total
[2024-02-19T22:30:56.885+0000][7][gc,age      ] GC(25) - age   7:     346400 bytes,    1016336 total
[2024-02-19T22:30:56.885+0000][7][gc,age      ] GC(25) - age   8:     252592 bytes,    1268928 total
[2024-02-19T22:30:56.885+0000][7][gc,age      ] GC(25) - age   9:      42176 bytes,    1311104 total
[2024-02-19T22:30:56.885+0000][7][gc,age      ] GC(25) - age  10:      31112 bytes,    1342216 total
[2024-02-19T22:30:56.885+0000][7][gc,age      ] GC(25) - age  11:     394816 bytes,    1737032 total
[2024-02-19T22:30:56.885+0000][7][gc,age      ] GC(25) - age  12:     580280 bytes,    2317312 total
[2024-02-19T22:30:56.885+0000][7][gc,age      ] GC(25) - age  13:   13344912 bytes,   15662224 total
[2024-02-19T22:30:56.885+0000][7][gc,age      ] GC(25) - age  14:    7934512 bytes,   23596736 total
[2024-02-19T22:30:56.885+0000][7][gc,age      ] GC(25) - age  15:   15245504 bytes,   38842240 total
[2024-02-19T22:30:56.885+0000][7][gc,phases   ] GC(25)   Pre Evacuate Collection Set: 0.1ms
[2024-02-19T22:30:56.885+0000][7][gc,phases   ] GC(25)   Merge Heap Roots: 0.1ms
[2024-02-19T22:30:56.885+0000][7][gc,phases   ] GC(25)   Evacuate Collection Set: 7.7ms
[2024-02-19T22:30:56.885+0000][7][gc,phases   ] GC(25)   Post Evacuate Collection Set: 1.2ms
[2024-02-19T22:30:56.885+0000][7][gc,phases   ] GC(25)   Other: 0.5ms
[2024-02-19T22:30:56.885+0000][7][gc,heap     ] GC(25) Eden regions: 142->0(142)
[2024-02-19T22:30:56.885+0000][7][gc,heap     ] GC(25) Survivor regions: 11->11(20)
[2024-02-19T22:30:56.885+0000][7][gc,heap     ] GC(25) Old regions: 10->10
[2024-02-19T22:30:56.885+0000][7][gc,heap     ] GC(25) Archive regions: 2->2
[2024-02-19T22:30:56.885+0000][7][gc,heap     ] GC(25) Humongous regions: 2->2
[2024-02-19T22:30:56.885+0000][7][gc,metaspace] GC(25) Metaspace: 99033K(103504K)->99033K(103504K) NonClass: 86058K(89424K)->86058K(89424K) Class: 12974K(14080K)->12974K(14080K)
[2024-02-19T22:30:56.885+0000][7][gc          ] GC(25) Pause Young (Normal) (G1 Evacuation Pause) 660M->91M(1024M) 9.640ms
[2024-02-19T22:30:56.885+0000][7][gc,cpu      ] GC(25) User=0.10s Sys=0.00s Real=0.01s
[2024-02-19T22:30:56.885+0000][7][safepoint   ] Safepoint "G1CollectForAllocation", Time since last: 6734749046671 ns, Reaching safepoint: 100666 ns, At safepoint: 9730014 ns, Total: 9830680 ns
[2024-02-19T22:44:22.925+0000][7][safepoint   ] Safepoint "Cleanup", Time since last: 806039210252 ns, Reaching safepoint: 104581 ns, At safepoint: 3677 ns, Total: 108258 ns
[2024-02-19T23:04:53.988+0000][7][safepoint   ] Safepoint "Cleanup", Time since last: 1231063688099 ns, Reaching safepoint: 107044 ns, At safepoint: 4053 ns, Total: 111097 ns
[2024-02-19T23:51:59.149+0000][7][safepoint   ] Safepoint "Cleanup", Time since last: 2825160366708 ns, Reaching safepoint: 149140 ns, At safepoint: 2992 ns, Total: 152132 ns
[2024-02-20T00:36:34.305+0000][7][safepoint   ] Safepoint "Cleanup", Time since last: 2675155648108 ns, Reaching safepoint: 110247 ns, At safepoint: 3367 ns, Total: 113614 ns
[2024-02-20T01:00:00.387+0000][7][safepoint   ] Safepoint "Cleanup", Time since last: 1406082279484 ns, Reaching safepoint: 141976 ns, At safepoint: 4479 ns, Total: 146455 ns
[2024-02-20T01:37:37.520+0000][7][safepoint   ] Safepoint "Cleanup", Time since last: 2257132769818 ns, Reaching safepoint: 133082 ns, At safepoint: 3382 ns, Total: 136464 ns
[2024-02-20T01:38:00.522+0000][7][safepoint   ] Safepoint "Cleanup", Time since last: 23001473853 ns, Reaching safepoint: 105603 ns, At safepoint: 6894 ns, Total: 112497 ns
[2024-02-20T01:49:26.562+0000][7][safepoint   ] Safepoint "Cleanup", Time since last: 686039951390 ns, Reaching safepoint: 140888 ns, At safepoint: 3233 ns, Total: 144121 ns
[2024-02-20T01:49:33.562+0000][7][safepoint   ] Safepoint "Cleanup", Time since last: 7000480009 ns, Reaching safepoint: 105467 ns, At safepoint: 5868 ns, Total: 111335 ns
[2024-02-20T01:55:12.582+0000][7][safepoint   ] Safepoint "Cleanup", Time since last: 339019933576 ns, Reaching safepoint: 144767 ns, At safepoint: 3864 ns, Total: 148631 ns
[2024-02-20T01:55:14.583+0000][7][safepoint   ] Safepoint "Cleanup", Time since last: 2000219702 ns, Reaching safepoint: 126786 ns, At safepoint: 4663 ns, Total: 131449 ns
[2024-02-20T01:55:16.583+0000][7][safepoint   ] Safepoint "Cleanup", Time since last: 2000216269 ns, Reaching safepoint: 94250 ns, At safepoint: 3237 ns, Total: 97487 ns
[2024-02-20T01:55:17.583+0000][7][safepoint   ] Safepoint "Cleanup", Time since last: 1000166515 ns, Reaching safepoint: 128610 ns, At safepoint: 3352 ns, Total: 131962 ns
[2024-02-20T01:55:18.584+0000][7][safepoint   ] Safepoint "Cleanup", Time since last: 1000154300 ns, Reaching safepoint: 92100 ns, At safepoint: 4361 ns, Total: 96461 ns
[2024-02-20T01:55:19.584+0000][7][safepoint   ] Safepoint "Cleanup", Time since last: 1000169339 ns, Reaching safepoint: 85316 ns, At safepoint: 3674 ns, Total: 88990 ns
[2024-02-20T02:07:54.629+0000][7][safepoint   ] Safepoint "Cleanup", Time since last: 755044680083 ns, Reaching safepoint: 109169 ns, At safepoint: 10377 ns, Total: 119546 ns
[2024-02-20T02:07:57.629+0000][7][safepoint   ] Safepoint "Cleanup", Time since last: 3000268522 ns, Reaching safepoint: 81576 ns, At safepoint: 3446 ns, Total: 85022 ns
[2024-02-20T02:14:35.652+0000][7][safepoint   ] Safepoint "Cleanup", Time since last: 398023220069 ns, Reaching safepoint: 135966 ns, At safepoint: 3781 ns, Total: 139747 ns
[2024-02-20T02:14:36.653+0000][7][safepoint   ] Safepoint "Cleanup", Time since last: 1000134863 ns, Reaching safepoint: 131977 ns, At safepoint: 4708 ns, Total: 136685 ns
[2024-02-20T02:14:38.653+0000][7][safepoint   ] Safepoint "Cleanup", Time since last: 2000215071 ns, Reaching safepoint: 108851 ns, At safepoint: 3827 ns, Total: 112678 ns
[2024-02-20T02:14:39.653+0000][7][safepoint   ] Safepoint "Cleanup", Time since last: 1000148919 ns, Reaching safepoint: 94228 ns, At safepoint: 7905 ns, Total: 102133 ns
[2024-02-20T02:14:41.653+0000][7][safepoint   ] Safepoint "Cleanup", Time since last: 2000214706 ns, Reaching safepoint: 106015 ns, At safepoint: 4388 ns, Total: 110403 ns
[2024-02-20T02:20:20.673+0000][7][safepoint   ] Safepoint "Cleanup", Time since last: 339019746052 ns, Reaching safepoint: 136178 ns, At safepoint: 4561 ns, Total: 140739 ns
[2024-02-20T02:30:04.708+0000][7][safepoint   ] Safepoint "Cleanup", Time since last: 584034162542 ns, Reaching safepoint: 107239 ns, At safepoint: 5525 ns, Total: 112764 ns
[2024-02-20T02:30:06.708+0000][7][safepoint   ] Safepoint "Cleanup", Time since last: 2000210166 ns, Reaching safepoint: 93699 ns, At safepoint: 4655 ns, Total: 98354 ns
[2024-02-20T02:30:07.708+0000][7][safepoint   ] Safepoint "Cleanup", Time since last: 1000162871 ns, Reaching safepoint: 87535 ns, At safepoint: 7562 ns, Total: 95097 ns
[2024-02-20T02:30:10.709+0000][7][safepoint   ] Safepoint "Cleanup", Time since last: 3000269044 ns, Reaching safepoint: 86390 ns, At safepoint: 6594 ns, Total: 92984 ns
[2024-02-20T02:30:12.709+0000][7][safepoint   ] Safepoint "Cleanup", Time since last: 2000224739 ns, Reaching safepoint: 85305 ns, At safepoint: 3374 ns, Total: 88679 ns
[2024-02-20T02:59:29.811+0000][7][safepoint   ] Safepoint "Cleanup", Time since last: 1757102183719 ns, Reaching safepoint: 100885 ns, At safepoint: 3269 ns, Total: 104154 ns
[2024-02-20T02:59:31.811+0000][7][safepoint   ] Safepoint "Cleanup", Time since last: 2000206993 ns, Reaching safepoint: 101062 ns, At safepoint: 9252 ns, Total: 110314 ns
[2024-02-20T02:59:33.812+0000][7][safepoint   ] Safepoint "Cleanup", Time since last: 2000238851 ns, Reaching safepoint: 88919 ns, At safepoint: 4072 ns, Total: 92991 ns
[2024-02-20T02:59:34.812+0000][7][safepoint   ] Safepoint "Cleanup", Time since last: 1000158128 ns, Reaching safepoint: 86449 ns, At safepoint: 3586 ns, Total: 90035 ns
[2024-02-20T03:02:39.823+0000][7][safepoint   ] Safepoint "Cleanup", Time since last: 185010852850 ns, Reaching safepoint: 98263 ns, At safepoint: 11543 ns, Total: 109806 ns
[2024-02-20T03:02:40.823+0000][7][safepoint   ] Safepoint "Cleanup", Time since last: 1000154820 ns, Reaching safepoint: 114175 ns, At safepoint: 5944 ns, Total: 120119 ns
[2024-02-20T03:14:47.866+0000][7][safepoint   ] Safepoint "Cleanup", Time since last: 727042182138 ns, Reaching safepoint: 190073 ns, At safepoint: 6617 ns, Total: 196690 ns
[2024-02-20T03:14:49.866+0000][7][safepoint   ] Safepoint "Cleanup", Time since last: 2000214863 ns, Reaching safepoint: 124771 ns, At safepoint: 3598 ns, Total: 128369 ns
[2024-02-20T03:15:37.869+0000][7][safepoint   ] Safepoint "Cleanup", Time since last: 48002822917 ns, Reaching safepoint: 141110 ns, At safepoint: 4568 ns, Total: 145678 ns
[2024-02-20T03:15:41.869+0000][7][safepoint   ] Safepoint "Cleanup", Time since last: 4000342405 ns, Reaching safepoint: 85328 ns, At safepoint: 3760 ns, Total: 89088 ns
[2024-02-20T04:42:23.558+0000][7][gc,start    ] GC(26) Pause Young (Normal) (G1 Evacuation Pause)
[2024-02-20T04:42:23.558+0000][7][gc,task     ] GC(26) Using 13 workers of 13 for evacuation
[2024-02-20T04:42:23.558+0000][7][gc,age      ] GC(26) Desired survivor size 41943040 bytes, new threshold 15 (max threshold 15)
[2024-02-20T04:42:23.569+0000][7][gc,age      ] GC(26) Age table with threshold 15 (max threshold 15)
[2024-02-20T04:42:23.570+0000][7][gc,age      ] GC(26) - age   1:     733064 bytes,     733064 total
[2024-02-20T04:42:23.570+0000][7][gc,age      ] GC(26) - age   2:      20752 bytes,     753816 total
[2024-02-20T04:42:23.570+0000][7][gc,age      ] GC(26) - age   3:     306896 bytes,    1060712 total
[2024-02-20T04:42:23.570+0000][7][gc,age      ] GC(26) - age   4:      85992 bytes,    1146704 total
[2024-02-20T04:42:23.570+0000][7][gc,age      ] GC(26) - age   5:      62504 bytes,    1209208 total
[2024-02-20T04:42:23.570+0000][7][gc,age      ] GC(26) - age   6:      27608 bytes,    1236816 total
[2024-02-20T04:42:23.570+0000][7][gc,age      ] GC(26) - age   7:     131400 bytes,    1368216 total
[2024-02-20T04:42:23.570+0000][7][gc,age      ] GC(26) - age   8:     346064 bytes,    1714280 total
[2024-02-20T04:42:23.570+0000][7][gc,age      ] GC(26) - age   9:     252592 bytes,    1966872 total
[2024-02-20T04:42:23.570+0000][7][gc,age      ] GC(26) - age  10:      42176 bytes,    2009048 total
[2024-02-20T04:42:23.570+0000][7][gc,age      ] GC(26) - age  11:      30928 bytes,    2039976 total
[2024-02-20T04:42:23.570+0000][7][gc,age      ] GC(26) - age  12:     394736 bytes,    2434712 total
[2024-02-20T04:42:23.570+0000][7][gc,age      ] GC(26) - age  13:     580240 bytes,    3014952 total
[2024-02-20T04:42:23.570+0000][7][gc,age      ] GC(26) - age  14:   13344496 bytes,   16359448 total
[2024-02-20T04:42:23.570+0000][7][gc,age      ] GC(26) - age  15:    7934512 bytes,   24293960 total
[2024-02-20T04:42:23.570+0000][7][gc,phases   ] GC(26)   Pre Evacuate Collection Set: 0.1ms
[2024-02-20T04:42:23.570+0000][7][gc,phases   ] GC(26)   Merge Heap Roots: 0.1ms
[2024-02-20T04:42:23.570+0000][7][gc,phases   ] GC(26)   Evacuate Collection Set: 10.0ms
[2024-02-20T04:42:23.570+0000][7][gc,phases   ] GC(26)   Post Evacuate Collection Set: 1.2ms
[2024-02-20T04:42:23.570+0000][7][gc,phases   ] GC(26)   Other: 0.5ms
[2024-02-20T04:42:23.570+0000][7][gc,heap     ] GC(26) Eden regions: 142->0(146)
[2024-02-20T04:42:23.570+0000][7][gc,heap     ] GC(26) Survivor regions: 11->7(20)
[2024-02-20T04:42:23.570+0000][7][gc,heap     ] GC(26) Old regions: 10->14
[2024-02-20T04:42:23.570+0000][7][gc,heap     ] GC(26) Archive regions: 2->2
[2024-02-20T04:42:23.570+0000][7][gc,heap     ] GC(26) Humongous regions: 2->2
[2024-02-20T04:42:23.570+0000][7][gc,metaspace] GC(26) Metaspace: 99200K(103760K)->99200K(103760K) NonClass: 86226K(89680K)->86226K(89680K) Class: 12974K(14080K)->12974K(14080K)
[2024-02-20T04:42:23.570+0000][7][gc          ] GC(26) Pause Young (Normal) (G1 Evacuation Pause) 659M->92M(1024M) 12.016ms
[2024-02-20T04:42:23.570+0000][7][gc,cpu      ] GC(26) User=0.09s Sys=0.00s Real=0.01s
[2024-02-20T04:42:23.570+0000][7][safepoint   ] Safepoint "G1CollectForAllocation", Time since last: 5201688314558 ns, Reaching safepoint: 87422 ns, At safepoint: 12111568 ns, Total: 12198990 ns
[2024-02-20T04:56:23.619+0000][7][safepoint   ] Safepoint "Cleanup", Time since last: 840049017386 ns, Reaching safepoint: 104181 ns, At safepoint: 3527 ns, Total: 107708 ns
[2024-02-20T10:36:59.821+0000][7][safepoint   ] Safepoint "Cleanup", Time since last: 20436201830426 ns, Reaching safepoint: 111224 ns, At safepoint: 3869 ns, Total: 115093 ns
[2024-02-20T11:18:57.441+0000][7][gc,start    ] GC(27) Pause Young (Normal) (G1 Evacuation Pause)
[2024-02-20T11:18:57.441+0000][7][gc,task     ] GC(27) Using 13 workers of 13 for evacuation
[2024-02-20T11:18:57.441+0000][7][gc,age      ] GC(27) Desired survivor size 41943040 bytes, new threshold 15 (max threshold 15)
[2024-02-20T11:18:57.452+0000][7][gc,age      ] GC(27) Age table with threshold 15 (max threshold 15)
[2024-02-20T11:18:57.452+0000][7][gc,age      ] GC(27) - age   1:      17776 bytes,      17776 total
[2024-02-20T11:18:57.452+0000][7][gc,age      ] GC(27) - age   2:     289896 bytes,     307672 total
[2024-02-20T11:18:57.452+0000][7][gc,age      ] GC(27) - age   3:       4720 bytes,     312392 total
[2024-02-20T11:18:57.452+0000][7][gc,age      ] GC(27) - age   4:     240448 bytes,     552840 total
[2024-02-20T11:18:57.452+0000][7][gc,age      ] GC(27) - age   5:      21344 bytes,     574184 total
[2024-02-20T11:18:57.452+0000][7][gc,age      ] GC(27) - age   6:      46352 bytes,     620536 total
[2024-02-20T11:18:57.452+0000][7][gc,age      ] GC(27) - age   7:      27608 bytes,     648144 total
[2024-02-20T11:18:57.452+0000][7][gc,age      ] GC(27) - age   8:     131400 bytes,     779544 total
[2024-02-20T11:18:57.452+0000][7][gc,age      ] GC(27) - age   9:     346064 bytes,    1125608 total
[2024-02-20T11:18:57.452+0000][7][gc,age      ] GC(27) - age  10:     252592 bytes,    1378200 total
[2024-02-20T11:18:57.452+0000][7][gc,age      ] GC(27) - age  11:      42176 bytes,    1420376 total
[2024-02-20T11:18:57.452+0000][7][gc,age      ] GC(27) - age  12:      30928 bytes,    1451304 total
[2024-02-20T11:18:57.452+0000][7][gc,age      ] GC(27) - age  13:     394736 bytes,    1846040 total
[2024-02-20T11:18:57.452+0000][7][gc,age      ] GC(27) - age  14:     580240 bytes,    2426280 total
[2024-02-20T11:18:57.452+0000][7][gc,age      ] GC(27) - age  15:   13344496 bytes,   15770776 total
[2024-02-20T11:18:57.452+0000][7][gc,phases   ] GC(27)   Pre Evacuate Collection Set: 0.1ms
[2024-02-20T11:18:57.452+0000][7][gc,phases   ] GC(27)   Merge Heap Roots: 0.1ms
[2024-02-20T11:18:57.452+0000][7][gc,phases   ] GC(27)   Evacuate Collection Set: 9.6ms
[2024-02-20T11:18:57.452+0000][7][gc,phases   ] GC(27)   Post Evacuate Collection Set: 1.2ms
[2024-02-20T11:18:57.452+0000][7][gc,phases   ] GC(27)   Other: 0.5ms
[2024-02-20T11:18:57.452+0000][7][gc,heap     ] GC(27) Eden regions: 146->0(148)
[2024-02-20T11:18:57.452+0000][7][gc,heap     ] GC(27) Survivor regions: 7->5(20)
[2024-02-20T11:18:57.452+0000][7][gc,heap     ] GC(27) Old regions: 14->16
[2024-02-20T11:18:57.452+0000][7][gc,heap     ] GC(27) Archive regions: 2->2
[2024-02-20T11:18:57.452+0000][7][gc,heap     ] GC(27) Humongous regions: 2->2
[2024-02-20T11:18:57.452+0000][7][gc,metaspace] GC(27) Metaspace: 99233K(103760K)->99233K(103760K) NonClass: 86258K(89680K)->86258K(89680K) Class: 12974K(14080K)->12974K(14080K)
[2024-02-20T11:18:57.453+0000][7][gc          ] GC(27) Pause Young (Normal) (G1 Evacuation Pause) 676M->92M(1024M) 11.623ms
[2024-02-20T11:18:57.453+0000][7][gc,cpu      ] GC(27) User=0.07s Sys=0.01s Real=0.01s
[2024-02-20T11:18:57.453+0000][7][safepoint   ] Safepoint "G1CollectForAllocation", Time since last: 2517619744956 ns, Reaching safepoint: 86469 ns, At safepoint: 11719167 ns, Total: 11805636 ns
[2024-02-20T11:19:27.455+0000][7][safepoint   ] Safepoint "Cleanup", Time since last: 30001854497 ns, Reaching safepoint: 106096 ns, At safepoint: 7729 ns, Total: 113825 ns
[2024-02-20T11:37:48.522+0000][7][safepoint   ] Safepoint "Cleanup", Time since last: 1101067270222 ns, Reaching safepoint: 115498 ns, At safepoint: 4942 ns, Total: 120440 ns
[2024-02-20T12:05:48.621+0000][7][safepoint   ] Safepoint "Cleanup", Time since last: 1680099372983 ns, Reaching safepoint: 146374 ns, At safepoint: 5583 ns, Total: 151957 ns
[2024-02-20T12:26:23.682+0000][7][safepoint   ] Safepoint "Cleanup", Time since last: 1235060863303 ns, Reaching safepoint: 114218 ns, At safepoint: 8022 ns, Total: 122240 ns
[2024-02-20T16:28:33.507+0000][7][safepoint   ] Safepoint "Cleanup", Time since last: 14529824342703 ns, Reaching safepoint: 129279 ns, At safepoint: 6722 ns, Total: 136001 ns
[2024-02-20T16:29:00.509+0000][7][safepoint   ] Safepoint "Cleanup", Time since last: 27001616756 ns, Reaching safepoint: 104762 ns, At safepoint: 3286 ns, Total: 108048 ns
[2024-02-20T17:56:23.818+0000][7][safepoint   ] Safepoint "Cleanup", Time since last: 5243308926995 ns, Reaching safepoint: 113752 ns, At safepoint: 3391 ns, Total: 117143 ns
[2024-02-20T17:59:54.317+0000][7][gc,start    ] GC(28) Pause Young (Normal) (G1 Evacuation Pause)
[2024-02-20T17:59:54.317+0000][7][gc,task     ] GC(28) Using 13 workers of 13 for evacuation
[2024-02-20T17:59:54.317+0000][7][gc,age      ] GC(28) Desired survivor size 41943040 bytes, new threshold 15 (max threshold 15)
[2024-02-20T17:59:54.325+0000][7][gc,age      ] GC(28) Age table with threshold 15 (max threshold 15)
[2024-02-20T17:59:54.325+0000][7][gc,age      ] GC(28) - age   1:     217784 bytes,     217784 total
[2024-02-20T17:59:54.325+0000][7][gc,age      ] GC(28) - age   2:       2768 bytes,     220552 total
[2024-02-20T17:59:54.325+0000][7][gc,age      ] GC(28) - age   3:     237512 bytes,     458064 total
[2024-02-20T17:59:54.325+0000][7][gc,age      ] GC(28) - age   4:       4384 bytes,     462448 total
[2024-02-20T17:59:54.325+0000][7][gc,age      ] GC(28) - age   5:     240328 bytes,     702776 total
[2024-02-20T17:59:54.325+0000][7][gc,age      ] GC(28) - age   6:      21144 bytes,     723920 total
[2024-02-20T17:59:54.325+0000][7][gc,age      ] GC(28) - age   7:      46312 bytes,     770232 total
[2024-02-20T17:59:54.325+0000][7][gc,age      ] GC(28) - age   8:      27608 bytes,     797840 total
[2024-02-20T17:59:54.325+0000][7][gc,age      ] GC(28) - age   9:     131024 bytes,     928864 total
[2024-02-20T17:59:54.325+0000][7][gc,age      ] GC(28) - age  10:     346064 bytes,    1274928 total
[2024-02-20T17:59:54.325+0000][7][gc,age      ] GC(28) - age  11:     252592 bytes,    1527520 total
[2024-02-20T17:59:54.325+0000][7][gc,age      ] GC(28) - age  12:      42176 bytes,    1569696 total
[2024-02-20T17:59:54.325+0000][7][gc,age      ] GC(28) - age  13:      30928 bytes,    1600624 total
[2024-02-20T17:59:54.325+0000][7][gc,age      ] GC(28) - age  14:     394736 bytes,    1995360 total
[2024-02-20T17:59:54.325+0000][7][gc,age      ] GC(28) - age  15:     580240 bytes,    2575600 total
[2024-02-20T17:59:54.325+0000][7][gc,phases   ] GC(28)   Pre Evacuate Collection Set: 0.2ms
[2024-02-20T17:59:54.325+0000][7][gc,phases   ] GC(28)   Merge Heap Roots: 0.3ms
[2024-02-20T17:59:54.325+0000][7][gc,phases   ] GC(28)   Evacuate Collection Set: 6.0ms
[2024-02-20T17:59:54.325+0000][7][gc,phases   ] GC(28)   Post Evacuate Collection Set: 0.7ms
[2024-02-20T17:59:54.325+0000][7][gc,phases   ] GC(28)   Other: 0.5ms
[2024-02-20T17:59:54.325+0000][7][gc,heap     ] GC(28) Eden regions: 148->0(151)
[2024-02-20T17:59:54.325+0000][7][gc,heap     ] GC(28) Survivor regions: 5->2(20)
[2024-02-20T17:59:54.325+0000][7][gc,heap     ] GC(28) Old regions: 16->20
[2024-02-20T17:59:54.325+0000][7][gc,heap     ] GC(28) Archive regions: 2->2
[2024-02-20T17:59:54.325+0000][7][gc,heap     ] GC(28) Humongous regions: 2->2
[2024-02-20T17:59:54.325+0000][7][gc,metaspace] GC(28) Metaspace: 99249K(103760K)->99249K(103760K) NonClass: 86274K(89680K)->86274K(89680K) Class: 12974K(14080K)->12974K(14080K)
[2024-02-20T17:59:54.325+0000][7][gc          ] GC(28) Pause Young (Normal) (G1 Evacuation Pause) 684M->92M(1024M) 7.746ms
[2024-02-20T17:59:54.325+0000][7][gc,cpu      ] GC(28) User=0.05s Sys=0.00s Real=0.00s
[2024-02-20T17:59:54.325+0000][7][safepoint   ] Safepoint "G1CollectForAllocation", Time since last: 210499380010 ns, Reaching safepoint: 95683 ns, At safepoint: 7838017 ns, Total: 7933700 ns
[2024-02-20T20:46:24.905+0000][7][safepoint   ] Safepoint "Cleanup", Time since last: 9990579737959 ns, Reaching safepoint: 102855 ns, At safepoint: 3316 ns, Total: 106171 ns
[2024-02-20T21:24:23.039+0000][7][safepoint   ] Safepoint "Cleanup", Time since last: 2278133726500 ns, Reaching safepoint: 108138 ns, At safepoint: 3258 ns, Total: 111396 ns
[2024-02-20T23:07:28.403+0000][7][safepoint   ] Safepoint "Cleanup", Time since last: 6185363885384 ns, Reaching safepoint: 130300 ns, At safepoint: 3809 ns, Total: 134109 ns
[2024-02-20T23:17:25.438+0000][7][safepoint   ] Safepoint "Cleanup", Time since last: 597034668009 ns, Reaching safepoint: 128232 ns, At safepoint: 4266 ns, Total: 132498 ns
[2024-02-21T00:41:23.732+0000][7][safepoint   ] Safepoint "Cleanup", Time since last: 5038294091715 ns, Reaching safepoint: 106652 ns, At safepoint: 3765 ns, Total: 110417 ns
[2024-02-21T00:50:00.465+0000][7][gc,start    ] GC(29) Pause Young (Normal) (G1 Evacuation Pause)
[2024-02-21T00:50:00.466+0000][7][gc,task     ] GC(29) Using 13 workers of 13 for evacuation
[2024-02-21T00:50:00.466+0000][7][gc,age      ] GC(29) Desired survivor size 41943040 bytes, new threshold 15 (max threshold 15)
[2024-02-21T00:50:00.469+0000][7][gc,age      ] GC(29) Age table with threshold 15 (max threshold 15)
[2024-02-21T00:50:00.469+0000][7][gc,age      ] GC(29) - age   1:      69568 bytes,      69568 total
[2024-02-21T00:50:00.469+0000][7][gc,age      ] GC(29) - age   2:      67656 bytes,     137224 total
[2024-02-21T00:50:00.469+0000][7][gc,age      ] GC(29) - age   3:       2136 bytes,     139360 total
[2024-02-21T00:50:00.469+0000][7][gc,age      ] GC(29) - age   4:     237272 bytes,     376632 total
[2024-02-21T00:50:00.469+0000][7][gc,age      ] GC(29) - age   5:       4384 bytes,     381016 total
[2024-02-21T00:50:00.469+0000][7][gc,age      ] GC(29) - age   6:     240328 bytes,     621344 total
[2024-02-21T00:50:00.469+0000][7][gc,age      ] GC(29) - age   7:      21144 bytes,     642488 total
[2024-02-21T00:50:00.469+0000][7][gc,age      ] GC(29) - age   8:      46312 bytes,     688800 total
[2024-02-21T00:50:00.469+0000][7][gc,age      ] GC(29) - age   9:      27608 bytes,     716408 total
[2024-02-21T00:50:00.469+0000][7][gc,age      ] GC(29) - age  10:     131024 bytes,     847432 total
[2024-02-21T00:50:00.469+0000][7][gc,age      ] GC(29) - age  11:     346064 bytes,    1193496 total
[2024-02-21T00:50:00.469+0000][7][gc,age      ] GC(29) - age  12:     252592 bytes,    1446088 total
[2024-02-21T00:50:00.469+0000][7][gc,age      ] GC(29) - age  13:      42176 bytes,    1488264 total
[2024-02-21T00:50:00.469+0000][7][gc,age      ] GC(29) - age  14:      30928 bytes,    1519192 total
[2024-02-21T00:50:00.469+0000][7][gc,age      ] GC(29) - age  15:     394736 bytes,    1913928 total
[2024-02-21T00:50:00.469+0000][7][gc,phases   ] GC(29)   Pre Evacuate Collection Set: 0.2ms
[2024-02-21T00:50:00.469+0000][7][gc,phases   ] GC(29)   Merge Heap Roots: 0.1ms
[2024-02-21T00:50:00.469+0000][7][gc,phases   ] GC(29)   Evacuate Collection Set: 2.2ms
[2024-02-21T00:50:00.469+0000][7][gc,phases   ] GC(29)   Post Evacuate Collection Set: 0.6ms
[2024-02-21T00:50:00.469+0000][7][gc,phases   ] GC(29)   Other: 0.5ms
[2024-02-21T00:50:00.469+0000][7][gc,heap     ] GC(29) Eden regions: 151->0(152)
[2024-02-21T00:50:00.469+0000][7][gc,heap     ] GC(29) Survivor regions: 2->1(20)
[2024-02-21T00:50:00.469+0000][7][gc,heap     ] GC(29) Old regions: 20->20
[2024-02-21T00:50:00.469+0000][7][gc,heap     ] GC(29) Archive regions: 2->2
[2024-02-21T00:50:00.469+0000][7][gc,heap     ] GC(29) Humongous regions: 2->2
[2024-02-21T00:50:00.469+0000][7][gc,metaspace] GC(29) Metaspace: 99263K(103760K)->99263K(103760K) NonClass: 86289K(89680K)->86289K(89680K) Class: 12974K(14080K)->12974K(14080K)
[2024-02-21T00:50:00.469+0000][7][gc          ] GC(29) Pause Young (Normal) (G1 Evacuation Pause) 696M->91M(1024M) 3.737ms
[2024-02-21T00:50:00.469+0000][7][gc,cpu      ] GC(29) User=0.01s Sys=0.00s Real=0.01s
[2024-02-21T00:50:00.469+0000][7][safepoint   ] Safepoint "G1CollectForAllocation", Time since last: 516733580087 ns, Reaching safepoint: 133811 ns, At safepoint: 3826106 ns, Total: 3959917 ns
[2024-02-21T01:38:00.640+0000][7][safepoint   ] Safepoint "Cleanup", Time since last: 2880170387497 ns, Reaching safepoint: 137424 ns, At safepoint: 3241 ns, Total: 140665 ns
[2024-02-21T02:26:28.811+0000][7][safepoint   ] Safepoint "Cleanup", Time since last: 2908170813560 ns, Reaching safepoint: 117773 ns, At safepoint: 3879 ns, Total: 121652 ns
[2024-02-21T04:29:38.241+0000][7][safepoint   ] Safepoint "Cleanup", Time since last: 7389430021970 ns, Reaching safepoint: 102925 ns, At safepoint: 3581 ns, Total: 106506 ns
[2024-02-21T05:07:06.372+0000][7][safepoint   ] Safepoint "Cleanup", Time since last: 2248130656731 ns, Reaching safepoint: 118381 ns, At safepoint: 5212 ns, Total: 123593 ns
[2024-02-21T05:22:39.426+0000][7][safepoint   ] Safepoint "Cleanup", Time since last: 933054566744 ns, Reaching safepoint: 143053 ns, At safepoint: 3678 ns, Total: 146731 ns
[2024-02-21T07:08:42.801+0000][7][safepoint   ] Safepoint "Cleanup", Time since last: 6363374297509 ns, Reaching safepoint: 124860 ns, At safepoint: 3581 ns, Total: 128441 ns
[2024-02-21T07:08:57.802+0000][7][safepoint   ] Safepoint "Cleanup", Time since last: 15000960069 ns, Reaching safepoint: 95049 ns, At safepoint: 2910 ns, Total: 97959 ns
[2024-02-21T07:09:12.724+0000][7][safepoint   ] Safepoint "Cleanup", Time since last: 14922447605 ns, Reaching safepoint: 81094 ns, At safepoint: 2994 ns, Total: 84088 ns
[2024-02-21T07:09:13.725+0000][7][safepoint   ] Safepoint "Cleanup", Time since last: 1000358828 ns, Reaching safepoint: 127518 ns, At safepoint: 3342 ns, Total: 130860 ns
[2024-02-21T07:09:24.726+0000][7][safepoint   ] Safepoint "Cleanup", Time since last: 11000711557 ns, Reaching safepoint: 108372 ns, At safepoint: 3700 ns, Total: 112072 ns
[2024-02-21T07:09:49.727+0000][7][safepoint   ] Safepoint "Cleanup", Time since last: 25001452521 ns, Reaching safepoint: 89597 ns, At safepoint: 2732 ns, Total: 92329 ns
[2024-02-21T07:11:17.733+0000][7][safepoint   ] Safepoint "Cleanup", Time since last: 88005299291 ns, Reaching safepoint: 132728 ns, At safepoint: 5748 ns, Total: 138476 ns
[2024-02-21T07:11:54.735+0000][7][safepoint   ] Safepoint "Cleanup", Time since last: 37002327214 ns, Reaching safepoint: 106436 ns, At safepoint: 4151 ns, Total: 110587 ns
[2024-02-21T07:31:54.806+0000][7][safepoint   ] Safepoint "Cleanup", Time since last: 1200071002277 ns, Reaching safepoint: 92133 ns, At safepoint: 3680 ns, Total: 95813 ns
[2024-02-21T07:33:54.814+0000][7][safepoint   ] Safepoint "Cleanup", Time since last: 120007261273 ns, Reaching safepoint: 134977 ns, At safepoint: 3867 ns, Total: 138844 ns
[2024-02-21T07:38:58.479+0000][7][gc,start    ] GC(30) Pause Young (Normal) (G1 Evacuation Pause)
[2024-02-21T07:38:58.479+0000][7][gc,task     ] GC(30) Using 13 workers of 13 for evacuation
[2024-02-21T07:38:58.479+0000][7][gc,age      ] GC(30) Desired survivor size 41943040 bytes, new threshold 15 (max threshold 15)
[2024-02-21T07:38:58.481+0000][7][gc,age      ] GC(30) Age table with threshold 15 (max threshold 15)
[2024-02-21T07:38:58.481+0000][7][gc,age      ] GC(30) - age   1:     502264 bytes,     502264 total
[2024-02-21T07:38:58.481+0000][7][gc,age      ] GC(30) - age   2:      25160 bytes,     527424 total
[2024-02-21T07:38:58.481+0000][7][gc,age      ] GC(30) - age   3:      34200 bytes,     561624 total
[2024-02-21T07:38:58.481+0000][7][gc,age      ] GC(30) - age   4:       2136 bytes,     563760 total
[2024-02-21T07:38:58.482+0000][7][gc,age      ] GC(30) - age   5:     210720 bytes,     774480 total
[2024-02-21T07:38:58.482+0000][7][gc,age      ] GC(30) - age   6:       4216 bytes,     778696 total
[2024-02-21T07:38:58.482+0000][7][gc,age      ] GC(30) - age   7:     240168 bytes,    1018864 total
[2024-02-21T07:38:58.482+0000][7][gc,age      ] GC(30) - age   8:      13048 bytes,    1031912 total
[2024-02-21T07:38:58.482+0000][7][gc,age      ] GC(30) - age   9:      46312 bytes,    1078224 total
[2024-02-21T07:38:58.482+0000][7][gc,age      ] GC(30) - age  10:      19472 bytes,    1097696 total
[2024-02-21T07:38:58.482+0000][7][gc,age      ] GC(30) - age  11:     131024 bytes,    1228720 total
[2024-02-21T07:38:58.482+0000][7][gc,age      ] GC(30) - age  12:     346064 bytes,    1574784 total
[2024-02-21T07:38:58.482+0000][7][gc,age      ] GC(30) - age  13:     202416 bytes,    1777200 total
[2024-02-21T07:38:58.482+0000][7][gc,age      ] GC(30) - age  14:      42176 bytes,    1819376 total
[2024-02-21T07:38:58.482+0000][7][gc,age      ] GC(30) - age  15:      30928 bytes,    1850304 total
[2024-02-21T07:38:58.482+0000][7][gc,phases   ] GC(30)   Pre Evacuate Collection Set: 0.2ms
[2024-02-21T07:38:58.482+0000][7][gc,phases   ] GC(30)   Merge Heap Roots: 0.1ms
[2024-02-21T07:38:58.482+0000][7][gc,phases   ] GC(30)   Evacuate Collection Set: 1.4ms
[2024-02-21T07:38:58.482+0000][7][gc,phases   ] GC(30)   Post Evacuate Collection Set: 0.6ms
[2024-02-21T07:38:58.482+0000][7][gc,phases   ] GC(30)   Other: 0.6ms
[2024-02-21T07:38:58.482+0000][7][gc,heap     ] GC(30) Eden regions: 152->0(152)
[2024-02-21T07:38:58.482+0000][7][gc,heap     ] GC(30) Survivor regions: 1->1(20)
[2024-02-21T07:38:58.482+0000][7][gc,heap     ] GC(30) Old regions: 20->20
[2024-02-21T07:38:58.482+0000][7][gc,heap     ] GC(30) Archive regions: 2->2
[2024-02-21T07:38:58.482+0000][7][gc,heap     ] GC(30) Humongous regions: 2->2
[2024-02-21T07:38:58.482+0000][7][gc,metaspace] GC(30) Metaspace: 99373K(103888K)->99373K(103888K) NonClass: 86386K(89680K)->86386K(89680K) Class: 12987K(14208K)->12987K(14208K)
[2024-02-21T07:38:58.482+0000][7][gc          ] GC(30) Pause Young (Normal) (G1 Evacuation Pause) 699M->92M(1024M) 2.874ms
[2024-02-21T07:38:58.482+0000][7][gc,cpu      ] GC(30) User=0.01s Sys=0.00s Real=0.00s
[2024-02-21T07:38:58.482+0000][7][safepoint   ] Safepoint "G1CollectForAllocation", Time since last: 303665241052 ns, Reaching safepoint: 89460 ns, At safepoint: 2966305 ns, Total: 3055765 ns
[2024-02-21T09:41:28.916+0000][7][safepoint   ] Safepoint "Cleanup", Time since last: 7350433889232 ns, Reaching safepoint: 89455 ns, At safepoint: 2716 ns, Total: 92171 ns
[2024-02-21T12:50:43.588+0000][7][safepoint   ] Safepoint "Cleanup", Time since last: 11354671746279 ns, Reaching safepoint: 97275 ns, At safepoint: 3237 ns, Total: 100512 ns
[2024-02-21T14:33:28.645+0000][7][gc,start    ] GC(31) Pause Young (Normal) (G1 Evacuation Pause)
[2024-02-21T14:33:28.645+0000][7][gc,task     ] GC(31) Using 13 workers of 13 for evacuation
[2024-02-21T14:33:28.645+0000][7][gc,age      ] GC(31) Desired survivor size 41943040 bytes, new threshold 15 (max threshold 15)
[2024-02-21T14:33:28.648+0000][7][gc,age      ] GC(31) Age table with threshold 15 (max threshold 15)
[2024-02-21T14:33:28.648+0000][7][gc,age      ] GC(31) - age   1:      55488 bytes,      55488 total
[2024-02-21T14:33:28.648+0000][7][gc,age      ] GC(31) - age   2:     119408 bytes,     174896 total
[2024-02-21T14:33:28.648+0000][7][gc,age      ] GC(31) - age   3:        200 bytes,     175096 total
[2024-02-21T14:33:28.648+0000][7][gc,age      ] GC(31) - age   4:      17672 bytes,     192768 total
[2024-02-21T14:33:28.648+0000][7][gc,age      ] GC(31) - age   5:       2136 bytes,     194904 total
[2024-02-21T14:33:28.648+0000][7][gc,age      ] GC(31) - age   6:     210720 bytes,     405624 total
[2024-02-21T14:33:28.648+0000][7][gc,age      ] GC(31) - age   7:       4216 bytes,     409840 total
[2024-02-21T14:33:28.648+0000][7][gc,age      ] GC(31) - age   8:     231736 bytes,     641576 total
[2024-02-21T14:33:28.648+0000][7][gc,age      ] GC(31) - age   9:      13048 bytes,     654624 total
[2024-02-21T14:33:28.648+0000][7][gc,age      ] GC(31) - age  10:      30160 bytes,     684784 total
[2024-02-21T14:33:28.648+0000][7][gc,age      ] GC(31) - age  11:       3280 bytes,     688064 total
[2024-02-21T14:33:28.648+0000][7][gc,age      ] GC(31) - age  12:     131024 bytes,     819088 total
[2024-02-21T14:33:28.648+0000][7][gc,age      ] GC(31) - age  13:     346064 bytes,    1165152 total
[2024-02-21T14:33:28.648+0000][7][gc,age      ] GC(31) - age  14:     202416 bytes,    1367568 total
[2024-02-21T14:33:28.648+0000][7][gc,age      ] GC(31) - age  15:      42176 bytes,    1409744 total
[2024-02-21T14:33:28.648+0000][7][gc,phases   ] GC(31)   Pre Evacuate Collection Set: 0.2ms
[2024-02-21T14:33:28.648+0000][7][gc,phases   ] GC(31)   Merge Heap Roots: 0.1ms
[2024-02-21T14:33:28.648+0000][7][gc,phases   ] GC(31)   Evacuate Collection Set: 2.0ms
[2024-02-21T14:33:28.648+0000][7][gc,phases   ] GC(31)   Post Evacuate Collection Set: 0.6ms
[2024-02-21T14:33:28.648+0000][7][gc,phases   ] GC(31)   Other: 0.5ms
[2024-02-21T14:33:28.648+0000][7][gc,heap     ] GC(31) Eden regions: 152->0(152)
[2024-02-21T14:33:28.648+0000][7][gc,heap     ] GC(31) Survivor regions: 1->1(20)
[2024-02-21T14:33:28.648+0000][7][gc,heap     ] GC(31) Old regions: 20->20
[2024-02-21T14:33:28.648+0000][7][gc,heap     ] GC(31) Archive regions: 2->2
[2024-02-21T14:33:28.648+0000][7][gc,heap     ] GC(31) Humongous regions: 2->2
[2024-02-21T14:33:28.648+0000][7][gc,metaspace] GC(31) Metaspace: 99374K(103888K)->99374K(103888K) NonClass: 86387K(89680K)->86387K(89680K) Class: 12987K(14208K)->12987K(14208K)
[2024-02-21T14:33:28.649+0000][7][gc          ] GC(31) Pause Young (Normal) (G1 Evacuation Pause) 700M->91M(1024M) 3.493ms
[2024-02-21T14:33:28.649+0000][7][gc,cpu      ] GC(31) User=0.01s Sys=0.00s Real=0.01s
[2024-02-21T14:33:28.649+0000][7][safepoint   ] Safepoint "G1CollectForAllocation", Time since last: 6165057195319 ns, Reaching safepoint: 87685 ns, At safepoint: 3587974 ns, Total: 3675659 ns
[2024-02-21T16:31:52.072+0000][7][safepoint   ] Safepoint "Cleanup", Time since last: 7103423052084 ns, Reaching safepoint: 90149 ns, At safepoint: 6121 ns, Total: 96270 ns
[2024-02-21T16:32:34.074+0000][7][safepoint   ] Safepoint "Cleanup", Time since last: 42002543957 ns, Reaching safepoint: 89380 ns, At safepoint: 3643 ns, Total: 93023 ns
[2024-02-21T16:34:26.081+0000][7][safepoint   ] Safepoint "Cleanup", Time since last: 112006687431 ns, Reaching safepoint: 89224 ns, At safepoint: 3471 ns, Total: 92695 ns
[2024-02-21T16:36:17.088+0000][7][safepoint   ] Safepoint "Cleanup", Time since last: 111006685899 ns, Reaching safepoint: 87719 ns, At safepoint: 3494 ns, Total: 91213 ns
[2024-02-21T16:37:01.091+0000][7][safepoint   ] Safepoint "Cleanup", Time since last: 44002705948 ns, Reaching safepoint: 86248 ns, At safepoint: 4505 ns, Total: 90753 ns
[2024-02-21T20:51:12.005+0000][7][safepoint   ] Safepoint "Cleanup", Time since last: 15250914671921 ns, Reaching safepoint: 90233 ns, At safepoint: 3955 ns, Total: 94188 ns
[2024-02-21T20:51:13.006+0000][7][safepoint   ] Safepoint "Cleanup", Time since last: 1000152336 ns, Reaching safepoint: 85385 ns, At safepoint: 3391 ns, Total: 88776 ns
[2024-02-21T21:22:28.948+0000][7][gc,start    ] GC(32) Pause Young (Normal) (G1 Evacuation Pause)
[2024-02-21T21:22:28.948+0000][7][gc,task     ] GC(32) Using 13 workers of 13 for evacuation
[2024-02-21T21:22:28.948+0000][7][gc,age      ] GC(32) Desired survivor size 41943040 bytes, new threshold 15 (max threshold 15)
[2024-02-21T21:22:28.952+0000][7][gc,age      ] GC(32) Age table with threshold 15 (max threshold 15)
[2024-02-21T21:22:28.952+0000][7][gc,age      ] GC(32) - age   1:     240624 bytes,     240624 total
[2024-02-21T21:22:28.952+0000][7][gc,age      ] GC(32) - age   2:      41864 bytes,     282488 total
[2024-02-21T21:22:28.952+0000][7][gc,age      ] GC(32) - age   3:     118952 bytes,     401440 total
[2024-02-21T21:22:28.952+0000][7][gc,age      ] GC(32) - age   4:         40 bytes,     401480 total
[2024-02-21T21:22:28.952+0000][7][gc,age      ] GC(32) - age   5:      17472 bytes,     418952 total
[2024-02-21T21:22:28.952+0000][7][gc,age      ] GC(32) - age   6:        952 bytes,     419904 total
[2024-02-21T21:22:28.952+0000][7][gc,age      ] GC(32) - age   7:     210600 bytes,     630504 total
[2024-02-21T21:22:28.952+0000][7][gc,age      ] GC(32) - age   8:       4216 bytes,     634720 total
[2024-02-21T21:22:28.952+0000][7][gc,age      ] GC(32) - age   9:     231736 bytes,     866456 total
[2024-02-21T21:22:28.952+0000][7][gc,age      ] GC(32) - age  10:      13048 bytes,     879504 total
[2024-02-21T21:22:28.952+0000][7][gc,age      ] GC(32) - age  11:      30120 bytes,     909624 total
[2024-02-21T21:22:28.952+0000][7][gc,age      ] GC(32) - age  12:       3240 bytes,     912864 total
[2024-02-21T21:22:28.952+0000][7][gc,age      ] GC(32) - age  13:     131024 bytes,    1043888 total
[2024-02-21T21:22:28.952+0000][7][gc,age      ] GC(32) - age  14:     346064 bytes,    1389952 total
[2024-02-21T21:22:28.952+0000][7][gc,age      ] GC(32) - age  15:     202416 bytes,    1592368 total
[2024-02-21T21:22:28.952+0000][7][gc,phases   ] GC(32)   Pre Evacuate Collection Set: 0.2ms
[2024-02-21T21:22:28.952+0000][7][gc,phases   ] GC(32)   Merge Heap Roots: 0.1ms
[2024-02-21T21:22:28.952+0000][7][gc,phases   ] GC(32)   Evacuate Collection Set: 2.9ms
[2024-02-21T21:22:28.952+0000][7][gc,phases   ] GC(32)   Post Evacuate Collection Set: 0.7ms
[2024-02-21T21:22:28.952+0000][7][gc,phases   ] GC(32)   Other: 0.5ms
[2024-02-21T21:22:28.952+0000][7][gc,heap     ] GC(32) Eden regions: 152->0(152)
[2024-02-21T21:22:28.952+0000][7][gc,heap     ] GC(32) Survivor regions: 1->1(20)
[2024-02-21T21:22:28.952+0000][7][gc,heap     ] GC(32) Old regions: 20->20
[2024-02-21T21:22:28.952+0000][7][gc,heap     ] GC(32) Archive regions: 2->2
[2024-02-21T21:22:28.952+0000][7][gc,heap     ] GC(32) Humongous regions: 2->2
[2024-02-21T21:22:28.952+0000][7][gc,metaspace] GC(32) Metaspace: 99410K(103888K)->99410K(103888K) NonClass: 86423K(89680K)->86423K(89680K) Class: 12987K(14208K)->12987K(14208K)
[2024-02-21T21:22:28.952+0000][7][gc          ] GC(32) Pause Young (Normal) (G1 Evacuation Pause) 699M->91M(1024M) 4.413ms
[2024-02-21T21:22:28.952+0000][7][gc,cpu      ] GC(32) User=0.01s Sys=0.00s Real=0.00s
[2024-02-21T21:22:28.952+0000][7][safepoint   ] Safepoint "G1CollectForAllocation", Time since last: 1875941942010 ns, Reaching safepoint: 87887 ns, At safepoint: 4504890 ns, Total: 4592777 ns
[2024-02-22T01:00:00.723+0000][7][safepoint   ] Safepoint "Cleanup", Time since last: 13051770462258 ns, Reaching safepoint: 90951 ns, At safepoint: 3585 ns, Total: 94536 ns
[2024-02-22T04:16:29.252+0000][7][gc,start    ] GC(33) Pause Young (Normal) (G1 Evacuation Pause)
[2024-02-22T04:16:29.253+0000][7][gc,task     ] GC(33) Using 13 workers of 13 for evacuation
[2024-02-22T04:16:29.253+0000][7][gc,age      ] GC(33) Desired survivor size 41943040 bytes, new threshold 15 (max threshold 15)
[2024-02-22T04:16:29.255+0000][7][gc,age      ] GC(33) Age table with threshold 15 (max threshold 15)
[2024-02-22T04:16:29.255+0000][7][gc,age      ] GC(33) - age   1:      23848 bytes,      23848 total
[2024-02-22T04:16:29.255+0000][7][gc,age      ] GC(33) - age   2:      59064 bytes,      82912 total
[2024-02-22T04:16:29.255+0000][7][gc,age      ] GC(33) - age   3:       8848 bytes,      91760 total
[2024-02-22T04:16:29.255+0000][7][gc,age      ] GC(33) - age   4:      85568 bytes,     177328 total
[2024-02-22T04:16:29.255+0000][7][gc,age      ] GC(33) - age   6:      17472 bytes,     194800 total
[2024-02-22T04:16:29.255+0000][7][gc,age      ] GC(33) - age   7:        952 bytes,     195752 total
[2024-02-22T04:16:29.255+0000][7][gc,age      ] GC(33) - age   8:     210600 bytes,     406352 total
[2024-02-22T04:16:29.255+0000][7][gc,age      ] GC(33) - age   9:       4216 bytes,     410568 total
[2024-02-22T04:16:29.255+0000][7][gc,age      ] GC(33) - age  10:     231736 bytes,     642304 total
[2024-02-22T04:16:29.255+0000][7][gc,age      ] GC(33) - age  11:      13048 bytes,     655352 total
[2024-02-22T04:16:29.255+0000][7][gc,age      ] GC(33) - age  12:      30120 bytes,     685472 total
[2024-02-22T04:16:29.255+0000][7][gc,age      ] GC(33) - age  13:       3240 bytes,     688712 total
[2024-02-22T04:16:29.255+0000][7][gc,age      ] GC(33) - age  14:     131024 bytes,     819736 total
[2024-02-22T04:16:29.255+0000][7][gc,age      ] GC(33) - age  15:     346064 bytes,    1165800 total
[2024-02-22T04:16:29.255+0000][7][gc,phases   ] GC(33)   Pre Evacuate Collection Set: 0.2ms
[2024-02-22T04:16:29.255+0000][7][gc,phases   ] GC(33)   Merge Heap Roots: 0.2ms
[2024-02-22T04:16:29.255+0000][7][gc,phases   ] GC(33)   Evacuate Collection Set: 1.6ms
[2024-02-22T04:16:29.255+0000][7][gc,phases   ] GC(33)   Post Evacuate Collection Set: 0.6ms
[2024-02-22T04:16:29.255+0000][7][gc,phases   ] GC(33)   Other: 0.5ms
[2024-02-22T04:16:29.255+0000][7][gc,heap     ] GC(33) Eden regions: 152->0(152)
[2024-02-22T04:16:29.255+0000][7][gc,heap     ] GC(33) Survivor regions: 1->1(20)
[2024-02-22T04:16:29.256+0000][7][gc,heap     ] GC(33) Old regions: 20->20
[2024-02-22T04:16:29.256+0000][7][gc,heap     ] GC(33) Archive regions: 2->2
[2024-02-22T04:16:29.256+0000][7][gc,heap     ] GC(33) Humongous regions: 2->2
[2024-02-22T04:16:29.256+0000][7][gc,metaspace] GC(33) Metaspace: 99411K(103888K)->99411K(103888K) NonClass: 86424K(89680K)->86424K(89680K) Class: 12987K(14208K)->12987K(14208K)
[2024-02-22T04:16:29.256+0000][7][gc          ] GC(33) Pause Young (Normal) (G1 Evacuation Pause) 699M->91M(1024M) 3.127ms
[2024-02-22T04:16:29.256+0000][7][gc,cpu      ] GC(33) User=0.01s Sys=0.00s Real=0.00s
[2024-02-22T04:16:29.256+0000][7][safepoint   ] Safepoint "G1CollectForAllocation", Time since last: 11788529502315 ns, Reaching safepoint: 87481 ns, At safepoint: 3228936 ns, Total: 3316417 ns
[2024-02-22T04:56:30.398+0000][7][safepoint   ] Safepoint "Cleanup", Time since last: 2401142026801 ns, Reaching safepoint: 88739 ns, At safepoint: 10514 ns, Total: 99253 ns
[2024-02-22T04:56:47.399+0000][7][safepoint   ] Safepoint "Cleanup", Time since last: 17001075713 ns, Reaching safepoint: 83926 ns, At safepoint: 11086 ns, Total: 95012 ns
[2024-02-22T05:51:47.594+0000][7][safepoint   ] Safepoint "Cleanup", Time since last: 3300195286077 ns, Reaching safepoint: 88821 ns, At safepoint: 4617 ns, Total: 93438 ns
[2024-02-22T05:52:52.598+0000][7][safepoint   ] Safepoint "Cleanup", Time since last: 65003923507 ns, Reaching safepoint: 113100 ns, At safepoint: 6474 ns, Total: 119574 ns
[2024-02-22T06:11:37.666+0000][7][safepoint   ] Safepoint "Cleanup", Time since last: 1125067224196 ns, Reaching safepoint: 102022 ns, At safepoint: 3291 ns, Total: 105313 ns
[2024-02-22T06:29:29.729+0000][7][safepoint   ] Safepoint "Cleanup", Time since last: 1072063636830 ns, Reaching safepoint: 87904 ns, At safepoint: 4313 ns, Total: 92217 ns
[2024-02-22T07:01:49.844+0000][7][safepoint   ] Safepoint "Cleanup", Time since last: 1940114674293 ns, Reaching safepoint: 92834 ns, At safepoint: 4079 ns, Total: 96913 ns
[2024-02-22T07:01:51.844+0000][7][safepoint   ] Safepoint "Cleanup", Time since last: 2000217411 ns, Reaching safepoint: 88021 ns, At safepoint: 6088 ns, Total: 94109 ns
[2024-02-22T07:56:32.069+0000][7][safepoint   ] Safepoint "Cleanup", Time since last: 3280224173029 ns, Reaching safepoint: 84039 ns, At safepoint: 5944 ns, Total: 89983 ns
[2024-02-22T07:56:34.069+0000][7][safepoint   ] Safepoint "Cleanup", Time since last: 2000225102 ns, Reaching safepoint: 119205 ns, At safepoint: 4471 ns, Total: 123676 ns
[2024-02-22T08:32:23.197+0000][7][safepoint   ] Safepoint "Cleanup", Time since last: 2149127341865 ns, Reaching safepoint: 93575 ns, At safepoint: 3685 ns, Total: 97260 ns
[2024-02-22T08:32:27.197+0000][7][safepoint   ] Safepoint "Cleanup", Time since last: 4000346087 ns, Reaching safepoint: 84056 ns, At safepoint: 8580 ns, Total: 92636 ns
[2024-02-22T08:32:36.198+0000][7][safepoint   ] Safepoint "Cleanup", Time since last: 9000621630 ns, Reaching safepoint: 96125 ns, At safepoint: 3765 ns, Total: 99890 ns
[2024-02-22T08:32:58.199+0000][7][safepoint   ] Safepoint "Cleanup", Time since last: 22001436145 ns, Reaching safepoint: 107902 ns, At safepoint: 4058 ns, Total: 111960 ns
[2024-02-22T08:57:57.289+0000][7][safepoint   ] Safepoint "Cleanup", Time since last: 1499089675174 ns, Reaching safepoint: 94079 ns, At safepoint: 8648 ns, Total: 102727 ns
[2024-02-22T10:43:19.665+0000][7][safepoint   ] Safepoint "Cleanup", Time since last: 6322375975021 ns, Reaching safepoint: 98846 ns, At safepoint: 6046 ns, Total: 104892 ns
[2024-02-22T10:59:43.009+0000][7][gc,start    ] GC(34) Pause Young (Normal) (G1 Evacuation Pause)
[2024-02-22T10:59:43.009+0000][7][gc,task     ] GC(34) Using 13 workers of 13 for evacuation
[2024-02-22T10:59:43.009+0000][7][gc,age      ] GC(34) Desired survivor size 41943040 bytes, new threshold 15 (max threshold 15)
[2024-02-22T10:59:43.011+0000][7][gc,age      ] GC(34) Age table with threshold 15 (max threshold 15)
[2024-02-22T10:59:43.011+0000][7][gc,age      ] GC(34) - age   1:     641184 bytes,     641184 total
[2024-02-22T10:59:43.011+0000][7][gc,age      ] GC(34) - age   2:        992 bytes,     642176 total
[2024-02-22T10:59:43.011+0000][7][gc,age      ] GC(34) - age   3:      58288 bytes,     700464 total
[2024-02-22T10:59:43.011+0000][7][gc,age      ] GC(34) - age   4:       8808 bytes,     709272 total
[2024-02-22T10:59:43.011+0000][7][gc,age      ] GC(34) - age   5:      82896 bytes,     792168 total
[2024-02-22T10:59:43.011+0000][7][gc,age      ] GC(34) - age   7:      17096 bytes,     809264 total
[2024-02-22T10:59:43.011+0000][7][gc,age      ] GC(34) - age   8:        952 bytes,     810216 total
[2024-02-22T10:59:43.011+0000][7][gc,age      ] GC(34) - age   9:     210400 bytes,    1020616 total
[2024-02-22T10:59:43.011+0000][7][gc,age      ] GC(34) - age  10:       4216 bytes,    1024832 total
[2024-02-22T10:59:43.011+0000][7][gc,age      ] GC(34) - age  11:     231656 bytes,    1256488 total
[2024-02-22T10:59:43.011+0000][7][gc,age      ] GC(34) - age  12:      13048 bytes,    1269536 total
[2024-02-22T10:59:43.011+0000][7][gc,age      ] GC(34) - age  13:      30120 bytes,    1299656 total
[2024-02-22T10:59:43.011+0000][7][gc,age      ] GC(34) - age  14:       3240 bytes,    1302896 total
[2024-02-22T10:59:43.011+0000][7][gc,age      ] GC(34) - age  15:     130984 bytes,    1433880 total
[2024-02-22T10:59:43.011+0000][7][gc,phases   ] GC(34)   Pre Evacuate Collection Set: 0.2ms
[2024-02-22T10:59:43.011+0000][7][gc,phases   ] GC(34)   Merge Heap Roots: 0.1ms
[2024-02-22T10:59:43.011+0000][7][gc,phases   ] GC(34)   Evacuate Collection Set: 1.1ms
[2024-02-22T10:59:43.011+0000][7][gc,phases   ] GC(34)   Post Evacuate Collection Set: 0.6ms
[2024-02-22T10:59:43.011+0000][7][gc,phases   ] GC(34)   Other: 0.5ms
[2024-02-22T10:59:43.011+0000][7][gc,heap     ] GC(34) Eden regions: 152->0(152)
[2024-02-22T10:59:43.011+0000][7][gc,heap     ] GC(34) Survivor regions: 1->1(20)
[2024-02-22T10:59:43.011+0000][7][gc,heap     ] GC(34) Old regions: 20->20
[2024-02-22T10:59:43.011+0000][7][gc,heap     ] GC(34) Archive regions: 2->2
[2024-02-22T10:59:43.011+0000][7][gc,heap     ] GC(34) Humongous regions: 2->2
[2024-02-22T10:59:43.011+0000][7][gc,metaspace] GC(34) Metaspace: 99514K(104144K)->99514K(104144K) NonClass: 86527K(89936K)->86527K(89936K) Class: 12987K(14208K)->12987K(14208K)
[2024-02-22T10:59:43.011+0000][7][gc          ] GC(34) Pause Young (Normal) (G1 Evacuation Pause) 699M->92M(1024M) 2.537ms
[2024-02-22T10:59:43.011+0000][7][gc,cpu      ] GC(34) User=0.01s Sys=0.00s Real=0.00s
[2024-02-22T10:59:43.011+0000][7][safepoint   ] Safepoint "G1CollectForAllocation", Time since last: 983343466942 ns, Reaching safepoint: 93132 ns, At safepoint: 2624319 ns, Total: 2717451 ns
[2024-02-22T11:31:23.123+0000][7][safepoint   ] Safepoint "Cleanup", Time since last: 1900111760345 ns, Reaching safepoint: 87850 ns, At safepoint: 3196 ns, Total: 91046 ns
[2024-02-22T14:47:25.820+0000][7][safepoint   ] Safepoint "Cleanup", Time since last: 11762696431123 ns, Reaching safepoint: 93684 ns, At safepoint: 3470 ns, Total: 97154 ns
[2024-02-22T15:37:31.998+0000][7][safepoint   ] Safepoint "Cleanup", Time since last: 3006177838889 ns, Reaching safepoint: 256815 ns, At safepoint: 6312 ns, Total: 263127 ns
[2024-02-22T15:37:33.998+0000][7][safepoint   ] Safepoint "Cleanup", Time since last: 2000214715 ns, Reaching safepoint: 89404 ns, At safepoint: 4080 ns, Total: 93484 ns
[2024-02-22T17:52:29.849+0000][7][gc,start    ] GC(35) Pause Young (Normal) (G1 Evacuation Pause)
[2024-02-22T17:52:29.849+0000][7][gc,task     ] GC(35) Using 13 workers of 13 for evacuation
[2024-02-22T17:52:29.850+0000][7][gc,age      ] GC(35) Desired survivor size 41943040 bytes, new threshold 15 (max threshold 15)
[2024-02-22T17:52:29.852+0000][7][gc,age      ] GC(35) Age table with threshold 15 (max threshold 15)
[2024-02-22T17:52:29.852+0000][7][gc,age      ] GC(35) - age   1:      58520 bytes,      58520 total
[2024-02-22T17:52:29.852+0000][7][gc,age      ] GC(35) - age   2:     256984 bytes,     315504 total
[2024-02-22T17:52:29.852+0000][7][gc,age      ] GC(35) - age   3:        656 bytes,     316160 total
[2024-02-22T17:52:29.852+0000][7][gc,age      ] GC(35) - age   4:      41800 bytes,     357960 total
[2024-02-22T17:52:29.852+0000][7][gc,age      ] GC(35) - age   5:       8392 bytes,     366352 total
[2024-02-22T17:52:29.852+0000][7][gc,age      ] GC(35) - age   6:      82896 bytes,     449248 total
[2024-02-22T17:52:29.852+0000][7][gc,age      ] GC(35) - age   8:      17096 bytes,     466344 total
[2024-02-22T17:52:29.852+0000][7][gc,age      ] GC(35) - age   9:        952 bytes,     467296 total
[2024-02-22T17:52:29.852+0000][7][gc,age      ] GC(35) - age  10:     210400 bytes,     677696 total
[2024-02-22T17:52:29.852+0000][7][gc,age      ] GC(35) - age  11:       4216 bytes,     681912 total
[2024-02-22T17:52:29.852+0000][7][gc,age      ] GC(35) - age  12:     231656 bytes,     913568 total
[2024-02-22T17:52:29.852+0000][7][gc,age      ] GC(35) - age  13:      13048 bytes,     926616 total
[2024-02-22T17:52:29.852+0000][7][gc,age      ] GC(35) - age  14:      30120 bytes,     956736 total
[2024-02-22T17:52:29.852+0000][7][gc,age      ] GC(35) - age  15:       3240 bytes,     959976 total
[2024-02-22T17:52:29.852+0000][7][gc,phases   ] GC(35)   Pre Evacuate Collection Set: 0.2ms
[2024-02-22T17:52:29.852+0000][7][gc,phases   ] GC(35)   Merge Heap Roots: 0.1ms
[2024-02-22T17:52:29.852+0000][7][gc,phases   ] GC(35)   Evacuate Collection Set: 1.2ms
[2024-02-22T17:52:29.852+0000][7][gc,phases   ] GC(35)   Post Evacuate Collection Set: 0.5ms
[2024-02-22T17:52:29.852+0000][7][gc,phases   ] GC(35)   Other: 0.5ms
[2024-02-22T17:52:29.852+0000][7][gc,heap     ] GC(35) Eden regions: 152->0(152)
[2024-02-22T17:52:29.852+0000][7][gc,heap     ] GC(35) Survivor regions: 1->1(20)
[2024-02-22T17:52:29.852+0000][7][gc,heap     ] GC(35) Old regions: 20->20
[2024-02-22T17:52:29.852+0000][7][gc,heap     ] GC(35) Archive regions: 2->2
[2024-02-22T17:52:29.852+0000][7][gc,heap     ] GC(35) Humongous regions: 2->2
[2024-02-22T17:52:29.852+0000][7][gc,metaspace] GC(35) Metaspace: 99517K(104144K)->99517K(104144K) NonClass: 86530K(89936K)->86530K(89936K) Class: 12987K(14208K)->12987K(14208K)
[2024-02-22T17:52:29.852+0000][7][gc          ] GC(35) Pause Young (Normal) (G1 Evacuation Pause) 700M->91M(1024M) 2.516ms
[2024-02-22T17:52:29.852+0000][7][gc,cpu      ] GC(35) User=0.01s Sys=0.00s Real=0.00s
[2024-02-22T17:52:29.852+0000][7][safepoint   ] Safepoint "G1CollectForAllocation", Time since last: 8095851119572 ns, Reaching safepoint: 151550 ns, At safepoint: 2608194 ns, Total: 2759744 ns
[2024-02-22T19:58:49.303+0000][7][safepoint   ] Safepoint "Cleanup", Time since last: 7579450948887 ns, Reaching safepoint: 94361 ns, At safepoint: 3606 ns, Total: 97967 ns
[2024-02-22T19:58:50.303+0000][7][safepoint   ] Safepoint "Cleanup", Time since last: 1000158615 ns, Reaching safepoint: 112300 ns, At safepoint: 4283 ns, Total: 116583 ns
[2024-02-22T19:58:51.304+0000][7][safepoint   ] Safepoint "Cleanup", Time since last: 1000154886 ns, Reaching safepoint: 114588 ns, At safepoint: 3954 ns, Total: 118542 ns
[2024-02-22T19:58:52.304+0000][7][safepoint   ] Safepoint "Cleanup", Time since last: 1000119279 ns, Reaching safepoint: 85959 ns, At safepoint: 2952 ns, Total: 88911 ns
[2024-02-22T19:58:53.304+0000][7][safepoint   ] Safepoint "Cleanup", Time since last: 1000158150 ns, Reaching safepoint: 120339 ns, At safepoint: 4303 ns, Total: 124642 ns
[2024-02-22T21:37:54.656+0000][7][safepoint   ] Safepoint "Cleanup", Time since last: 5941351517902 ns, Reaching safepoint: 131149 ns, At safepoint: 4617 ns, Total: 135766 ns
[2024-02-23T00:39:55.498+0000][7][gc,start    ] GC(36) Pause Young (Normal) (G1 Evacuation Pause)
[2024-02-23T00:39:55.498+0000][7][gc,task     ] GC(36) Using 13 workers of 13 for evacuation
[2024-02-23T00:39:55.498+0000][7][gc,age      ] GC(36) Desired survivor size 41943040 bytes, new threshold 15 (max threshold 15)
[2024-02-23T00:39:55.500+0000][7][gc,age      ] GC(36) Age table with threshold 15 (max threshold 15)
[2024-02-23T00:39:55.500+0000][7][gc,age      ] GC(36) - age   1:     395008 bytes,     395008 total
[2024-02-23T00:39:55.500+0000][7][gc,age      ] GC(36) - age   2:      41712 bytes,     436720 total
[2024-02-23T00:39:55.500+0000][7][gc,age      ] GC(36) - age   3:     253712 bytes,     690432 total
[2024-02-23T00:39:55.500+0000][7][gc,age      ] GC(36) - age   4:        656 bytes,     691088 total
[2024-02-23T00:39:55.500+0000][7][gc,age      ] GC(36) - age   5:      33704 bytes,     724792 total
[2024-02-23T00:39:55.500+0000][7][gc,age      ] GC(36) - age   6:        256 bytes,     725048 total
[2024-02-23T00:39:55.500+0000][7][gc,age      ] GC(36) - age   7:      82184 bytes,     807232 total
[2024-02-23T00:39:55.500+0000][7][gc,age      ] GC(36) - age   9:      17096 bytes,     824328 total
[2024-02-23T00:39:55.500+0000][7][gc,age      ] GC(36) - age  10:        952 bytes,     825280 total
[2024-02-23T00:39:55.500+0000][7][gc,age      ] GC(36) - age  11:     210400 bytes,    1035680 total
[2024-02-23T00:39:55.500+0000][7][gc,age      ] GC(36) - age  12:       4056 bytes,    1039736 total
[2024-02-23T00:39:55.500+0000][7][gc,age      ] GC(36) - age  13:     231512 bytes,    1271248 total
[2024-02-23T00:39:55.500+0000][7][gc,age      ] GC(36) - age  14:      13048 bytes,    1284296 total
[2024-02-23T00:39:55.500+0000][7][gc,age      ] GC(36) - age  15:      30120 bytes,    1314416 total
[2024-02-23T00:39:55.500+0000][7][gc,phases   ] GC(36)   Pre Evacuate Collection Set: 0.2ms
[2024-02-23T00:39:55.500+0000][7][gc,phases   ] GC(36)   Merge Heap Roots: 0.1ms
[2024-02-23T00:39:55.500+0000][7][gc,phases   ] GC(36)   Evacuate Collection Set: 1.1ms
[2024-02-23T00:39:55.500+0000][7][gc,phases   ] GC(36)   Post Evacuate Collection Set: 0.5ms
[2024-02-23T00:39:55.500+0000][7][gc,phases   ] GC(36)   Other: 0.5ms
[2024-02-23T00:39:55.500+0000][7][gc,heap     ] GC(36) Eden regions: 152->0(152)
[2024-02-23T00:39:55.501+0000][7][gc,heap     ] GC(36) Survivor regions: 1->1(20)
[2024-02-23T00:39:55.501+0000][7][gc,heap     ] GC(36) Old regions: 20->20
[2024-02-23T00:39:55.501+0000][7][gc,heap     ] GC(36) Archive regions: 2->2
[2024-02-23T00:39:55.501+0000][7][gc,heap     ] GC(36) Humongous regions: 2->2
[2024-02-23T00:39:55.501+0000][7][gc,metaspace] GC(36) Metaspace: 99590K(104144K)->99590K(104144K) NonClass: 86597K(89936K)->86597K(89936K) Class: 12993K(14208K)->12993K(14208K)
[2024-02-23T00:39:55.501+0000][7][gc          ] GC(36) Pause Young (Normal) (G1 Evacuation Pause) 699M->92M(1024M) 2.505ms
[2024-02-23T00:39:55.501+0000][7][gc,cpu      ] GC(36) User=0.01s Sys=0.01s Real=0.00s
[2024-02-23T00:39:55.501+0000][7][safepoint   ] Safepoint "G1CollectForAllocation", Time since last: 10920842244170 ns, Reaching safepoint: 85968 ns, At safepoint: 2607895 ns, Total: 2693863 ns
[2024-02-23T01:00:00.567+0000][7][safepoint   ] Safepoint "Cleanup", Time since last: 1205065951022 ns, Reaching safepoint: 132938 ns, At safepoint: 3950 ns, Total: 136888 ns
[2024-02-23T01:02:43.576+0000][7][safepoint   ] Safepoint "Cleanup", Time since last: 163009607071 ns, Reaching safepoint: 109764 ns, At safepoint: 3813 ns, Total: 113577 ns
[2024-02-23T01:02:51.577+0000][7][safepoint   ] Safepoint "Cleanup", Time since last: 8000567642 ns, Reaching safepoint: 88297 ns, At safepoint: 2886 ns, Total: 91183 ns
[2024-02-23T01:02:53.146+0000][7][safepoint   ] Safepoint "Cleanup", Time since last: 1568326535 ns, Reaching safepoint: 93552 ns, At safepoint: 3691 ns, Total: 97243 ns
[2024-02-23T01:02:54.146+0000][7][safepoint   ] Safepoint "Cleanup", Time since last: 1000296360 ns, Reaching safepoint: 91502 ns, At safepoint: 4673 ns, Total: 96175 ns
[2024-02-23T01:02:55.146+0000][7][safepoint   ] Safepoint "Cleanup", Time since last: 1000160973 ns, Reaching safepoint: 90645 ns, At safepoint: 2897 ns, Total: 93542 ns
[2024-02-23T01:02:56.146+0000][7][safepoint   ] Safepoint "Cleanup", Time since last: 1000144329 ns, Reaching safepoint: 95639 ns, At safepoint: 5915 ns, Total: 101554 ns
[2024-02-23T01:04:27.152+0000][7][safepoint   ] Safepoint "Cleanup", Time since last: 91005585865 ns, Reaching safepoint: 91735 ns, At safepoint: 9515 ns, Total: 101250 ns
[2024-02-23T01:10:37.174+0000][7][safepoint   ] Safepoint "Cleanup", Time since last: 370022095341 ns, Reaching safepoint: 123248 ns, At safepoint: 5249 ns, Total: 128497 ns
[2024-02-23T01:34:20.258+0000][7][safepoint   ] Safepoint "Cleanup", Time since last: 1423083840129 ns, Reaching safepoint: 87590 ns, At safepoint: 3484 ns, Total: 91074 ns
[2024-02-23T01:34:22.259+0000][7][safepoint   ] Safepoint "Cleanup", Time since last: 2000214491 ns, Reaching safepoint: 134381 ns, At safepoint: 3880 ns, Total: 138261 ns
[2024-02-23T01:34:23.259+0000][7][safepoint   ] Safepoint "Cleanup", Time since last: 1000154342 ns, Reaching safepoint: 88912 ns, At safepoint: 4219 ns, Total: 93131 ns
[2024-02-23T01:34:25.259+0000][7][safepoint   ] Safepoint "Cleanup", Time since last: 2000213010 ns, Reaching safepoint: 80783 ns, At safepoint: 3506 ns, Total: 84289 ns
[2024-02-23T01:34:26.259+0000][7][safepoint   ] Safepoint "Cleanup", Time since last: 1000156151 ns, Reaching safepoint: 118812 ns, At safepoint: 4315 ns, Total: 123127 ns
[2024-02-23T02:05:18.370+0000][7][safepoint   ] Safepoint "Cleanup", Time since last: 1852110057758 ns, Reaching safepoint: 86382 ns, At safepoint: 11300 ns, Total: 97682 ns
[2024-02-23T02:13:42.400+0000][7][safepoint   ] Safepoint "Cleanup", Time since last: 504030065556 ns, Reaching safepoint: 89971 ns, At safepoint: 3451 ns, Total: 93422 ns
[2024-02-23T02:14:09.402+0000][7][safepoint   ] Safepoint "Cleanup", Time since last: 27001714586 ns, Reaching safepoint: 91732 ns, At safepoint: 3659 ns, Total: 95391 ns
[2024-02-23T02:17:19.413+0000][7][safepoint   ] Safepoint "Cleanup", Time since last: 190011701984 ns, Reaching safepoint: 91754 ns, At safepoint: 9148 ns, Total: 100902 ns
[2024-02-23T02:34:41.476+0000][7][safepoint   ] Safepoint "Cleanup", Time since last: 1042062071772 ns, Reaching safepoint: 124444 ns, At safepoint: 3624 ns, Total: 128068 ns
[2024-02-23T02:56:13.553+0000][7][safepoint   ] Safepoint "Cleanup", Time since last: 1292077092257 ns, Reaching safepoint: 92074 ns, At safepoint: 4002 ns, Total: 96076 ns
[2024-02-23T02:56:45.555+0000][7][safepoint   ] Safepoint "Cleanup", Time since last: 32002120992 ns, Reaching safepoint: 115835 ns, At safepoint: 4426 ns, Total: 120261 ns
[2024-02-23T02:59:12.564+0000][7][safepoint   ] Safepoint "Cleanup", Time since last: 147008958763 ns, Reaching safepoint: 123507 ns, At safepoint: 8813 ns, Total: 132320 ns
[2024-02-23T03:00:40.570+0000][7][safepoint   ] Safepoint "Cleanup", Time since last: 88005330588 ns, Reaching safepoint: 153067 ns, At safepoint: 4444 ns, Total: 157511 ns
[2024-02-23T03:00:47.570+0000][7][safepoint   ] Safepoint "Cleanup", Time since last: 7000510292 ns, Reaching safepoint: 82430 ns, At safepoint: 9059 ns, Total: 91489 ns
[2024-02-23T03:28:04.669+0000][7][safepoint   ] Safepoint "Cleanup", Time since last: 1637098537965 ns, Reaching safepoint: 88394 ns, At safepoint: 3435 ns, Total: 91829 ns
[2024-02-23T03:28:05.669+0000][7][safepoint   ] Safepoint "Cleanup", Time since last: 1000162134 ns, Reaching safepoint: 117856 ns, At safepoint: 6920 ns, Total: 124776 ns
[2024-02-23T03:28:08.669+0000][7][safepoint   ] Safepoint "Cleanup", Time since last: 3000259213 ns, Reaching safepoint: 115336 ns, At safepoint: 4130 ns, Total: 119466 ns
[2024-02-23T03:28:11.670+0000][7][safepoint   ] Safepoint "Cleanup", Time since last: 3000306084 ns, Reaching safepoint: 84973 ns, At safepoint: 3657 ns, Total: 88630 ns
[2024-02-23T03:36:57.701+0000][7][safepoint   ] Safepoint "Cleanup", Time since last: 526031504523 ns, Reaching safepoint: 95504 ns, At safepoint: 11163 ns, Total: 106667 ns
[2024-02-23T06:20:10.286+0000][7][safepoint   ] Safepoint "Cleanup", Time since last: 9792584186019 ns, Reaching safepoint: 93501 ns, At safepoint: 8734 ns, Total: 102235 ns
[2024-02-23T06:27:09.311+0000][7][safepoint   ] Safepoint "Cleanup", Time since last: 419025366777 ns, Reaching safepoint: 99619 ns, At safepoint: 5841 ns, Total: 105460 ns
[2024-02-23T06:28:00.315+0000][7][safepoint   ] Safepoint "Cleanup", Time since last: 51003203805 ns, Reaching safepoint: 97622 ns, At safepoint: 3799 ns, Total: 101421 ns
[2024-02-23T06:28:48.318+0000][7][safepoint   ] Safepoint "Cleanup", Time since last: 48003064074 ns, Reaching safepoint: 105910 ns, At safepoint: 5966 ns, Total: 111876 ns
[2024-02-23T06:33:04.333+0000][7][safepoint   ] Safepoint "Cleanup", Time since last: 256015232593 ns, Reaching safepoint: 109703 ns, At safepoint: 6240 ns, Total: 115943 ns
[2024-02-23T06:36:38.345+0000][7][safepoint   ] Safepoint "Cleanup", Time since last: 214011548158 ns, Reaching safepoint: 95579 ns, At safepoint: 11730 ns, Total: 107309 ns
[2024-02-23T06:36:40.345+0000][7][safepoint   ] Safepoint "Cleanup", Time since last: 2000214090 ns, Reaching safepoint: 118537 ns, At safepoint: 4276 ns, Total: 122813 ns
[2024-02-23T06:36:47.346+0000][7][safepoint   ] Safepoint "Cleanup", Time since last: 7000470692 ns, Reaching safepoint: 103278 ns, At safepoint: 4558 ns, Total: 107836 ns
[2024-02-23T06:37:31.348+0000][7][safepoint   ] Safepoint "Cleanup", Time since last: 44002662350 ns, Reaching safepoint: 94376 ns, At safepoint: 3038 ns, Total: 97414 ns
[2024-02-23T06:38:28.352+0000][7][safepoint   ] Safepoint "Cleanup", Time since last: 57003466344 ns, Reaching safepoint: 99644 ns, At safepoint: 6311 ns, Total: 105955 ns
[2024-02-23T06:38:39.353+0000][7][safepoint   ] Safepoint "Cleanup", Time since last: 11000748492 ns, Reaching safepoint: 86391 ns, At safepoint: 3656 ns, Total: 90047 ns
[2024-02-23T06:38:48.663+0000][7][gc,start    ] GC(37) Pause Young (Normal) (G1 Evacuation Pause)
[2024-02-23T06:38:48.663+0000][7][gc,task     ] GC(37) Using 13 workers of 13 for evacuation
[2024-02-23T06:38:48.663+0000][7][gc,age      ] GC(37) Desired survivor size 41943040 bytes, new threshold 15 (max threshold 15)
[2024-02-23T06:38:48.665+0000][7][gc,age      ] GC(37) Age table with threshold 15 (max threshold 15)
[2024-02-23T06:38:48.665+0000][7][gc,age      ] GC(37) - age   1:    1003696 bytes,    1003696 total
[2024-02-23T06:38:48.665+0000][7][gc,age      ] GC(37) - age   2:     375400 bytes,    1379096 total
[2024-02-23T06:38:48.665+0000][7][gc,age      ] GC(37) - age   3:      41584 bytes,    1420680 total
[2024-02-23T06:38:48.665+0000][7][gc,age      ] GC(37) - age   4:     252368 bytes,    1673048 total
[2024-02-23T06:38:48.665+0000][7][gc,age      ] GC(37) - age   6:      33704 bytes,    1706752 total
[2024-02-23T06:38:48.665+0000][7][gc,age      ] GC(37) - age   7:        216 bytes,    1706968 total
[2024-02-23T06:38:48.665+0000][7][gc,age      ] GC(37) - age   8:      81976 bytes,    1788944 total
[2024-02-23T06:38:48.665+0000][7][gc,age      ] GC(37) - age  10:      17096 bytes,    1806040 total
[2024-02-23T06:38:48.665+0000][7][gc,age      ] GC(37) - age  11:        952 bytes,    1806992 total
[2024-02-23T06:38:48.665+0000][7][gc,age      ] GC(37) - age  12:     210360 bytes,    2017352 total
[2024-02-23T06:38:48.665+0000][7][gc,age      ] GC(37) - age  13:       4056 bytes,    2021408 total
[2024-02-23T06:38:48.665+0000][7][gc,age      ] GC(37) - age  14:     231512 bytes,    2252920 total
[2024-02-23T06:38:48.665+0000][7][gc,age      ] GC(37) - age  15:      13048 bytes,    2265968 total
[2024-02-23T06:38:48.665+0000][7][gc,phases   ] GC(37)   Pre Evacuate Collection Set: 0.4ms
[2024-02-23T06:38:48.665+0000][7][gc,phases   ] GC(37)   Merge Heap Roots: 0.1ms
[2024-02-23T06:38:48.665+0000][7][gc,phases   ] GC(37)   Evacuate Collection Set: 0.6ms
[2024-02-23T06:38:48.665+0000][7][gc,phases   ] GC(37)   Post Evacuate Collection Set: 0.6ms
[2024-02-23T06:38:48.665+0000][7][gc,phases   ] GC(37)   Other: 0.5ms
[2024-02-23T06:38:48.665+0000][7][gc,heap     ] GC(37) Eden regions: 152->0(152)
[2024-02-23T06:38:48.665+0000][7][gc,heap     ] GC(37) Survivor regions: 1->1(20)
[2024-02-23T06:38:48.665+0000][7][gc,heap     ] GC(37) Old regions: 20->20
[2024-02-23T06:38:48.665+0000][7][gc,heap     ] GC(37) Archive regions: 2->2
[2024-02-23T06:38:48.665+0000][7][gc,heap     ] GC(37) Humongous regions: 2->2
[2024-02-23T06:38:48.665+0000][7][gc,metaspace] GC(37) Metaspace: 100105K(104656K)->100105K(104656K) NonClass: 87093K(90448K)->87093K(90448K) Class: 13011K(14208K)->13011K(14208K)
[2024-02-23T06:38:48.666+0000][7][gc          ] GC(37) Pause Young (Normal) (G1 Evacuation Pause) 700M->93M(1024M) 2.283ms
[2024-02-23T06:38:48.666+0000][7][gc,cpu      ] GC(37) User=0.01s Sys=0.00s Real=0.00s
[2024-02-23T06:38:48.666+0000][7][safepoint   ] Safepoint "G1CollectForAllocation", Time since last: 9310295277 ns, Reaching safepoint: 105574 ns, At safepoint: 2369366 ns, Total: 2474940 ns
[2024-02-23T06:41:44.676+0000][7][safepoint   ] Safepoint "Cleanup", Time since last: 176010568711 ns, Reaching safepoint: 117086 ns, At safepoint: 4384 ns, Total: 121470 ns
[2024-02-23T06:41:45.677+0000][7][safepoint   ] Safepoint "Cleanup", Time since last: 1000170095 ns, Reaching safepoint: 132939 ns, At safepoint: 4155 ns, Total: 137094 ns
[2024-02-23T06:47:50.699+0000][7][safepoint   ] Safepoint "Cleanup", Time since last: 365022003059 ns, Reaching safepoint: 105592 ns, At safepoint: 9624 ns, Total: 115216 ns
[2024-02-23T06:51:40.712+0000][7][safepoint   ] Safepoint "Cleanup", Time since last: 230013628539 ns, Reaching safepoint: 95381 ns, At safepoint: 3405 ns, Total: 98786 ns
[2024-02-23T06:53:36.720+0000][7][safepoint   ] Safepoint "Cleanup", Time since last: 116007142944 ns, Reaching safepoint: 130010 ns, At safepoint: 3824 ns, Total: 133834 ns
[2024-02-23T07:01:47.749+0000][7][safepoint   ] Safepoint "Cleanup", Time since last: 491029344628 ns, Reaching safepoint: 90055 ns, At safepoint: 3900 ns, Total: 93955 ns
[2024-02-23T07:01:49.749+0000][7][safepoint   ] Safepoint "Cleanup", Time since last: 2000231173 ns, Reaching safepoint: 123515 ns, At safepoint: 4516 ns, Total: 128031 ns
[2024-02-23T07:01:51.750+0000][7][safepoint   ] Safepoint "Cleanup", Time since last: 2000235654 ns, Reaching safepoint: 85528 ns, At safepoint: 3832 ns, Total: 89360 ns
[2024-02-23T07:21:45.821+0000][7][safepoint   ] Safepoint "Cleanup", Time since last: 1194071006427 ns, Reaching safepoint: 89797 ns, At safepoint: 3936 ns, Total: 93733 ns
[2024-02-23T07:22:51.825+0000][7][safepoint   ] Safepoint "Cleanup", Time since last: 66004037543 ns, Reaching safepoint: 90208 ns, At safepoint: 2878 ns, Total: 93086 ns
[2024-02-23T07:22:52.825+0000][7][safepoint   ] Safepoint "Cleanup", Time since last: 1000170224 ns, Reaching safepoint: 83920 ns, At safepoint: 3445 ns, Total: 87365 ns
[2024-02-23T07:22:53.826+0000][7][safepoint   ] Safepoint "Cleanup", Time since last: 1000161643 ns, Reaching safepoint: 86780 ns, At safepoint: 12022 ns, Total: 98802 ns
[2024-02-23T07:22:54.826+0000][7][safepoint   ] Safepoint "Cleanup", Time since last: 1000195685 ns, Reaching safepoint: 83267 ns, At safepoint: 3560 ns, Total: 86827 ns
[2024-02-23T07:26:24.839+0000][7][safepoint   ] Safepoint "Cleanup", Time since last: 210012644430 ns, Reaching safepoint: 93806 ns, At safepoint: 9892 ns, Total: 103698 ns
[2024-02-23T07:34:57.866+0000][7][safepoint   ] Safepoint "Cleanup", Time since last: 513027591432 ns, Reaching safepoint: 127345 ns, At safepoint: 6444 ns, Total: 133789 ns
[2024-02-23T07:36:52.873+0000][7][safepoint   ] Safepoint "Cleanup", Time since last: 115006907704 ns, Reaching safepoint: 85662 ns, At safepoint: 3446 ns, Total: 89108 ns
[2024-02-23T07:36:56.874+0000][7][safepoint   ] Safepoint "Cleanup", Time since last: 4000339008 ns, Reaching safepoint: 92710 ns, At safepoint: 9210 ns, Total: 101920 ns
[2024-02-23T08:11:14.997+0000][7][safepoint   ] Safepoint "Cleanup", Time since last: 2058122999963 ns, Reaching safepoint: 93615 ns, At safepoint: 3580 ns, Total: 97195 ns
[2024-02-23T08:30:53.067+0000][7][safepoint   ] Safepoint "Cleanup", Time since last: 1178070398503 ns, Reaching safepoint: 102574 ns, At safepoint: 3904 ns, Total: 106478 ns
[2024-02-23T10:16:00.443+0000][7][safepoint   ] Safepoint "Cleanup", Time since last: 6307375383470 ns, Reaching safepoint: 88940 ns, At safepoint: 2947 ns, Total: 91887 ns
[2024-02-23T13:03:49.049+0000][7][gc,start    ] GC(38) Pause Young (Normal) (G1 Evacuation Pause)
[2024-02-23T13:03:49.049+0000][7][gc,task     ] GC(38) Using 13 workers of 13 for evacuation
[2024-02-23T13:03:49.049+0000][7][gc,age      ] GC(38) Desired survivor size 41943040 bytes, new threshold 15 (max threshold 15)
[2024-02-23T13:03:49.052+0000][7][gc,age      ] GC(38) Age table with threshold 15 (max threshold 15)
[2024-02-23T13:03:49.052+0000][7][gc,age      ] GC(38) - age   1:     534592 bytes,     534592 total
[2024-02-23T13:03:49.052+0000][7][gc,age      ] GC(38) - age   2:     848936 bytes,    1383528 total
[2024-02-23T13:03:49.052+0000][7][gc,age      ] GC(38) - age   3:     358680 bytes,    1742208 total
[2024-02-23T13:03:49.052+0000][7][gc,age      ] GC(38) - age   4:      40992 bytes,    1783200 total
[2024-02-23T13:03:49.052+0000][7][gc,age      ] GC(38) - age   5:     243896 bytes,    2027096 total
[2024-02-23T13:03:49.052+0000][7][gc,age      ] GC(38) - age   7:      32480 bytes,    2059576 total
[2024-02-23T13:03:49.052+0000][7][gc,age      ] GC(38) - age   8:        216 bytes,    2059792 total
[2024-02-23T13:03:49.052+0000][7][gc,age      ] GC(38) - age   9:      65824 bytes,    2125616 total
[2024-02-23T13:03:49.052+0000][7][gc,age      ] GC(38) - age  11:      17096 bytes,    2142712 total
[2024-02-23T13:03:49.052+0000][7][gc,age      ] GC(38) - age  12:        952 bytes,    2143664 total
[2024-02-23T13:03:49.052+0000][7][gc,age      ] GC(38) - age  13:     210360 bytes,    2354024 total
[2024-02-23T13:03:49.052+0000][7][gc,age      ] GC(38) - age  14:       4056 bytes,    2358080 total
[2024-02-23T13:03:49.052+0000][7][gc,age      ] GC(38) - age  15:     231512 bytes,    2589592 total
[2024-02-23T13:03:49.052+0000][7][gc,phases   ] GC(38)   Pre Evacuate Collection Set: 0.2ms
[2024-02-23T13:03:49.052+0000][7][gc,phases   ] GC(38)   Merge Heap Roots: 0.2ms
[2024-02-23T13:03:49.052+0000][7][gc,phases   ] GC(38)   Evacuate Collection Set: 2.2ms
[2024-02-23T13:03:49.052+0000][7][gc,phases   ] GC(38)   Post Evacuate Collection Set: 0.6ms
[2024-02-23T13:03:49.052+0000][7][gc,phases   ] GC(38)   Other: 0.5ms
[2024-02-23T13:03:49.052+0000][7][gc,heap     ] GC(38) Eden regions: 152->0(152)
[2024-02-23T13:03:49.052+0000][7][gc,heap     ] GC(38) Survivor regions: 1->1(20)
[2024-02-23T13:03:49.052+0000][7][gc,heap     ] GC(38) Old regions: 20->20
[2024-02-23T13:03:49.052+0000][7][gc,heap     ] GC(38) Archive regions: 2->2
[2024-02-23T13:03:49.052+0000][7][gc,heap     ] GC(38) Humongous regions: 2->2
[2024-02-23T13:03:49.052+0000][7][gc,metaspace] GC(38) Metaspace: 100332K(104912K)->100332K(104912K) NonClass: 87318K(90704K)->87318K(90704K) Class: 13013K(14208K)->13013K(14208K)
[2024-02-23T13:03:49.052+0000][7][gc          ] GC(38) Pause Young (Normal) (G1 Evacuation Pause) 701M->93M(1024M) 3.750ms
[2024-02-23T13:03:49.052+0000][7][gc,cpu      ] GC(38) User=0.00s Sys=0.00s Real=0.00s
[2024-02-23T13:03:49.052+0000][7][safepoint   ] Safepoint "G1CollectForAllocation", Time since last: 10068605514153 ns, Reaching safepoint: 128897 ns, At safepoint: 3839845 ns, Total: 3968742 ns
[2024-02-23T13:07:33.065+0000][7][safepoint   ] Safepoint "Cleanup", Time since last: 224012404031 ns, Reaching safepoint: 136788 ns, At safepoint: 4000 ns, Total: 140788 ns
[2024-02-23T14:11:32.290+0000][7][safepoint   ] Safepoint "Cleanup", Time since last: 3839225448910 ns, Reaching safepoint: 113692 ns, At safepoint: 4049 ns, Total: 117741 ns
[2024-02-23T14:47:26.419+0000][7][safepoint   ] Safepoint "Cleanup", Time since last: 2154128817874 ns, Reaching safepoint: 130647 ns, At safepoint: 2805 ns, Total: 133452 ns
[2024-02-23T15:25:52.557+0000][7][safepoint   ] Safepoint "Cleanup", Time since last: 2306137998227 ns, Reaching safepoint: 88937 ns, At safepoint: 2887 ns, Total: 91824 ns
[2024-02-23T16:41:23.826+0000][7][safepoint   ] Safepoint "Cleanup", Time since last: 4531268792335 ns, Reaching safepoint: 88398 ns, At safepoint: 9100 ns, Total: 97498 ns
[2024-02-23T16:45:56.843+0000][7][safepoint   ] Safepoint "Cleanup", Time since last: 273016460986 ns, Reaching safepoint: 85946 ns, At safepoint: 8866 ns, Total: 94812 ns
[2024-02-23T19:37:32.511+0000][7][safepoint   ] Safepoint "Cleanup", Time since last: 10295668213598 ns, Reaching safepoint: 92346 ns, At safepoint: 3884 ns, Total: 96230 ns
[2024-02-23T19:54:25.805+0000][7][gc,start    ] GC(39) Pause Young (Normal) (G1 Evacuation Pause)
[2024-02-23T19:54:25.805+0000][7][gc,task     ] GC(39) Using 13 workers of 13 for evacuation
[2024-02-23T19:54:25.805+0000][7][gc,age      ] GC(39) Desired survivor size 41943040 bytes, new threshold 15 (max threshold 15)
[2024-02-23T19:54:25.808+0000][7][gc,age      ] GC(39) Age table with threshold 15 (max threshold 15)
[2024-02-23T19:54:25.808+0000][7][gc,age      ] GC(39) - age   1:      80064 bytes,      80064 total
[2024-02-23T19:54:25.808+0000][7][gc,age      ] GC(39) - age   2:     521728 bytes,     601792 total
[2024-02-23T19:54:25.808+0000][7][gc,age      ] GC(39) - age   3:     542048 bytes,    1143840 total
[2024-02-23T19:54:25.808+0000][7][gc,age      ] GC(39) - age   4:     261664 bytes,    1405504 total
[2024-02-23T19:54:25.808+0000][7][gc,age      ] GC(39) - age   5:      40320 bytes,    1445824 total
[2024-02-23T19:54:25.808+0000][7][gc,age      ] GC(39) - age   6:     243896 bytes,    1689720 total
[2024-02-23T19:54:25.808+0000][7][gc,age      ] GC(39) - age   8:      16328 bytes,    1706048 total
[2024-02-23T19:54:25.808+0000][7][gc,age      ] GC(39) - age   9:        216 bytes,    1706264 total
[2024-02-23T19:54:25.808+0000][7][gc,age      ] GC(39) - age  10:      65784 bytes,    1772048 total
[2024-02-23T19:54:25.808+0000][7][gc,age      ] GC(39) - age  12:      17096 bytes,    1789144 total
[2024-02-23T19:54:25.808+0000][7][gc,age      ] GC(39) - age  13:        952 bytes,    1790096 total
[2024-02-23T19:54:25.808+0000][7][gc,age      ] GC(39) - age  14:     210360 bytes,    2000456 total
[2024-02-23T19:54:25.808+0000][7][gc,age      ] GC(39) - age  15:       4056 bytes,    2004512 total
[2024-02-23T19:54:25.808+0000][7][gc,phases   ] GC(39)   Pre Evacuate Collection Set: 0.2ms
[2024-02-23T19:54:25.808+0000][7][gc,phases   ] GC(39)   Merge Heap Roots: 0.1ms
[2024-02-23T19:54:25.808+0000][7][gc,phases   ] GC(39)   Evacuate Collection Set: 1.4ms
[2024-02-23T19:54:25.808+0000][7][gc,phases   ] GC(39)   Post Evacuate Collection Set: 0.6ms
[2024-02-23T19:54:25.808+0000][7][gc,phases   ] GC(39)   Other: 0.4ms
[2024-02-23T19:54:25.808+0000][7][gc,heap     ] GC(39) Eden regions: 152->0(152)
[2024-02-23T19:54:25.808+0000][7][gc,heap     ] GC(39) Survivor regions: 1->1(20)
[2024-02-23T19:54:25.808+0000][7][gc,heap     ] GC(39) Old regions: 20->20
[2024-02-23T19:54:25.808+0000][7][gc,heap     ] GC(39) Archive regions: 2->2
[2024-02-23T19:54:25.808+0000][7][gc,heap     ] GC(39) Humongous regions: 2->2
[2024-02-23T19:54:25.808+0000][7][gc,metaspace] GC(39) Metaspace: 100335K(104912K)->100335K(104912K) NonClass: 87322K(90704K)->87322K(90704K) Class: 13013K(14208K)->13013K(14208K)
[2024-02-23T19:54:25.808+0000][7][gc          ] GC(39) Pause Young (Normal) (G1 Evacuation Pause) 701M->93M(1024M) 2.766ms
[2024-02-23T19:54:25.808+0000][7][gc,cpu      ] GC(39) User=0.00s Sys=0.00s Real=0.01s
[2024-02-23T19:54:25.808+0000][7][safepoint   ] Safepoint "G1CollectForAllocation", Time since last: 1013293809204 ns, Reaching safepoint: 146863 ns, At safepoint: 2858915 ns, Total: 3005778 ns
[2024-02-23T20:39:45.970+0000][7][safepoint   ] Safepoint "Cleanup", Time since last: 2720162020516 ns, Reaching safepoint: 92264 ns, At safepoint: 3747 ns, Total: 96011 ns
[2024-02-23T20:47:25.998+0000][7][safepoint   ] Safepoint "Cleanup", Time since last: 460027227720 ns, Reaching safepoint: 121960 ns, At safepoint: 6392 ns, Total: 128352 ns
[2024-02-23T22:10:04.292+0000][7][safepoint   ] Safepoint "Cleanup", Time since last: 4958294553152 ns, Reaching safepoint: 116036 ns, At safepoint: 4299 ns, Total: 120335 ns
[2024-02-23T22:21:32.333+0000][7][safepoint   ] Safepoint "Cleanup", Time since last: 688040445216 ns, Reaching safepoint: 116690 ns, At safepoint: 4231 ns, Total: 120921 ns
[2024-02-24T01:36:13.024+0000][7][safepoint   ] Safepoint "Cleanup", Time since last: 11680691609900 ns, Reaching safepoint: 106293 ns, At safepoint: 3360 ns, Total: 109653 ns
[2024-02-24T02:12:04.154+0000][7][safepoint   ] Safepoint "Cleanup", Time since last: 2151129115752 ns, Reaching safepoint: 117101 ns, At safepoint: 9490 ns, Total: 126591 ns
[2024-02-24T02:12:05.154+0000][7][safepoint   ] Safepoint "Cleanup", Time since last: 1000153069 ns, Reaching safepoint: 88670 ns, At safepoint: 4156 ns, Total: 92826 ns
[2024-02-24T02:12:09.154+0000][7][safepoint   ] Safepoint "Cleanup", Time since last: 4000335902 ns, Reaching safepoint: 83979 ns, At safepoint: 3671 ns, Total: 87650 ns
[2024-02-24T02:12:10.155+0000][7][safepoint   ] Safepoint "Cleanup", Time since last: 1000165937 ns, Reaching safepoint: 91319 ns, At safepoint: 9933 ns, Total: 101252 ns
[2024-02-24T02:17:23.174+0000][7][safepoint   ] Safepoint "Cleanup", Time since last: 313018765067 ns, Reaching safepoint: 133275 ns, At safepoint: 5768 ns, Total: 139043 ns
[2024-02-24T02:44:13.922+0000][7][gc,start    ] GC(40) Pause Young (Normal) (G1 Evacuation Pause)
[2024-02-24T02:44:13.922+0000][7][gc,task     ] GC(40) Using 13 workers of 13 for evacuation
[2024-02-24T02:44:13.922+0000][7][gc,age      ] GC(40) Desired survivor size 41943040 bytes, new threshold 15 (max threshold 15)
[2024-02-24T02:44:13.925+0000][7][gc,age      ] GC(40) Age table with threshold 15 (max threshold 15)
[2024-02-24T02:44:13.925+0000][7][gc,age      ] GC(40) - age   1:     178776 bytes,     178776 total
[2024-02-24T02:44:13.925+0000][7][gc,age      ] GC(40) - age   2:      65976 bytes,     244752 total
[2024-02-24T02:44:13.925+0000][7][gc,age      ] GC(40) - age   3:     518232 bytes,     762984 total
[2024-02-24T02:44:13.925+0000][7][gc,age      ] GC(40) - age   4:     524448 bytes,    1287432 total
[2024-02-24T02:44:13.925+0000][7][gc,age      ] GC(40) - age   5:     261544 bytes,    1548976 total
[2024-02-24T02:44:13.925+0000][7][gc,age      ] GC(40) - age   6:      24288 bytes,    1573264 total
[2024-02-24T02:44:13.925+0000][7][gc,age      ] GC(40) - age   7:     161592 bytes,    1734856 total
[2024-02-24T02:44:13.925+0000][7][gc,age      ] GC(40) - age   9:      16288 bytes,    1751144 total
[2024-02-24T02:44:13.925+0000][7][gc,age      ] GC(40) - age  10:        216 bytes,    1751360 total
[2024-02-24T02:44:13.925+0000][7][gc,age      ] GC(40) - age  11:      65784 bytes,    1817144 total
[2024-02-24T02:44:13.925+0000][7][gc,age      ] GC(40) - age  13:      17096 bytes,    1834240 total
[2024-02-24T02:44:13.925+0000][7][gc,age      ] GC(40) - age  14:        952 bytes,    1835192 total
[2024-02-24T02:44:13.925+0000][7][gc,age      ] GC(40) - age  15:     210360 bytes,    2045552 total
[2024-02-24T02:44:13.925+0000][7][gc,phases   ] GC(40)   Pre Evacuate Collection Set: 0.2ms
[2024-02-24T02:44:13.925+0000][7][gc,phases   ] GC(40)   Merge Heap Roots: 0.2ms
[2024-02-24T02:44:13.925+0000][7][gc,phases   ] GC(40)   Evacuate Collection Set: 2.4ms
[2024-02-24T02:44:13.926+0000][7][gc,phases   ] GC(40)   Post Evacuate Collection Set: 0.6ms
[2024-02-24T02:44:13.926+0000][7][gc,phases   ] GC(40)   Other: 0.5ms
[2024-02-24T02:44:13.926+0000][7][gc,heap     ] GC(40) Eden regions: 152->0(152)
[2024-02-24T02:44:13.926+0000][7][gc,heap     ] GC(40) Survivor regions: 1->1(20)
[2024-02-24T02:44:13.926+0000][7][gc,heap     ] GC(40) Old regions: 20->20
[2024-02-24T02:44:13.926+0000][7][gc,heap     ] GC(40) Archive regions: 2->2
[2024-02-24T02:44:13.926+0000][7][gc,heap     ] GC(40) Humongous regions: 2->2
[2024-02-24T02:44:13.926+0000][7][gc,metaspace] GC(40) Metaspace: 100368K(104912K)->100368K(104912K) NonClass: 87351K(90704K)->87351K(90704K) Class: 13016K(14208K)->13016K(14208K)
[2024-02-24T02:44:13.926+0000][7][gc          ] GC(40) Pause Young (Normal) (G1 Evacuation Pause) 701M->93M(1024M) 3.926ms
[2024-02-24T02:44:13.926+0000][7][gc,cpu      ] GC(40) User=0.01s Sys=0.00s Real=0.00s
[2024-02-24T02:44:13.926+0000][7][safepoint   ] Safepoint "G1CollectForAllocation", Time since last: 1610748038586 ns, Reaching safepoint: 88316 ns, At safepoint: 4017574 ns, Total: 4105890 ns
[2024-02-24T09:37:31.613+0000][7][gc,start    ] GC(41) Pause Young (Normal) (G1 Evacuation Pause)
[2024-02-24T09:37:31.613+0000][7][gc,task     ] GC(41) Using 13 workers of 13 for evacuation
[2024-02-24T09:37:31.613+0000][7][gc,age      ] GC(41) Desired survivor size 41943040 bytes, new threshold 15 (max threshold 15)
[2024-02-24T09:37:31.615+0000][7][gc,age      ] GC(41) Age table with threshold 15 (max threshold 15)
[2024-02-24T09:37:31.615+0000][7][gc,age      ] GC(41) - age   1:      31336 bytes,      31336 total
[2024-02-24T09:37:31.615+0000][7][gc,age      ] GC(41) - age   2:      28304 bytes,      59640 total
[2024-02-24T09:37:31.615+0000][7][gc,age      ] GC(41) - age   3:      49824 bytes,     109464 total
[2024-02-24T09:37:31.615+0000][7][gc,age      ] GC(41) - age   4:     509552 bytes,     619016 total
[2024-02-24T09:37:31.615+0000][7][gc,age      ] GC(41) - age   5:     524448 bytes,    1143464 total
[2024-02-24T09:37:31.615+0000][7][gc,age      ] GC(41) - age   6:     228944 bytes,    1372408 total
[2024-02-24T09:37:31.615+0000][7][gc,age      ] GC(41) - age   7:      16152 bytes,    1388560 total
[2024-02-24T09:37:31.615+0000][7][gc,age      ] GC(41) - age   8:     153120 bytes,    1541680 total
[2024-02-24T09:37:31.615+0000][7][gc,age      ] GC(41) - age  10:      16288 bytes,    1557968 total
[2024-02-24T09:37:31.615+0000][7][gc,age      ] GC(41) - age  11:        216 bytes,    1558184 total
[2024-02-24T09:37:31.615+0000][7][gc,age      ] GC(41) - age  12:      65784 bytes,    1623968 total
[2024-02-24T09:37:31.615+0000][7][gc,age      ] GC(41) - age  14:        944 bytes,    1624912 total
[2024-02-24T09:37:31.615+0000][7][gc,age      ] GC(41) - age  15:        952 bytes,    1625864 total
[2024-02-24T09:37:31.615+0000][7][gc,phases   ] GC(41)   Pre Evacuate Collection Set: 0.2ms
[2024-02-24T09:37:31.615+0000][7][gc,phases   ] GC(41)   Merge Heap Roots: 0.1ms
[2024-02-24T09:37:31.615+0000][7][gc,phases   ] GC(41)   Evacuate Collection Set: 1.5ms
[2024-02-24T09:37:31.615+0000][7][gc,phases   ] GC(41)   Post Evacuate Collection Set: 0.6ms
[2024-02-24T09:37:31.615+0000][7][gc,phases   ] GC(41)   Other: 0.5ms
[2024-02-24T09:37:31.615+0000][7][gc,heap     ] GC(41) Eden regions: 152->0(152)
[2024-02-24T09:37:31.615+0000][7][gc,heap     ] GC(41) Survivor regions: 1->1(20)
[2024-02-24T09:37:31.615+0000][7][gc,heap     ] GC(41) Old regions: 20->20
[2024-02-24T09:37:31.615+0000][7][gc,heap     ] GC(41) Archive regions: 2->2
[2024-02-24T09:37:31.615+0000][7][gc,heap     ] GC(41) Humongous regions: 2->2
[2024-02-24T09:37:31.615+0000][7][gc,metaspace] GC(41) Metaspace: 100369K(104912K)->100369K(104912K) NonClass: 87352K(90704K)->87352K(90704K) Class: 13016K(14208K)->13016K(14208K)
[2024-02-24T09:37:31.615+0000][7][gc          ] GC(41) Pause Young (Normal) (G1 Evacuation Pause) 701M->93M(1024M) 2.953ms
[2024-02-24T09:37:31.615+0000][7][gc,cpu      ] GC(41) User=0.00s Sys=0.00s Real=0.00s
[2024-02-24T09:37:31.616+0000][7][safepoint   ] Safepoint "G1CollectForAllocation", Time since last: 24797686637358 ns, Reaching safepoint: 123486 ns, At safepoint: 3046403 ns, Total: 3169889 ns
[2024-02-24T14:35:32.678+0000][7][safepoint   ] Safepoint "Cleanup", Time since last: 17881062735619 ns, Reaching safepoint: 112519 ns, At safepoint: 4137 ns, Total: 116656 ns
[2024-02-24T14:37:31.686+0000][7][safepoint   ] Safepoint "Cleanup", Time since last: 119007182767 ns, Reaching safepoint: 126952 ns, At safepoint: 4063 ns, Total: 131015 ns
[2024-02-24T14:38:06.688+0000][7][safepoint   ] Safepoint "Cleanup", Time since last: 35002127047 ns, Reaching safepoint: 85605 ns, At safepoint: 4041 ns, Total: 89646 ns
[2024-02-24T14:38:22.689+0000][7][safepoint   ] Safepoint "Cleanup", Time since last: 16001057940 ns, Reaching safepoint: 87677 ns, At safepoint: 4518 ns, Total: 92195 ns
[2024-02-24T14:38:24.689+0000][7][safepoint   ] Safepoint "Cleanup", Time since last: 2000234984 ns, Reaching safepoint: 88507 ns, At safepoint: 3749 ns, Total: 92256 ns
[2024-02-24T14:40:02.696+0000][7][safepoint   ] Safepoint "Cleanup", Time since last: 98006088884 ns, Reaching safepoint: 137131 ns, At safepoint: 4646 ns, Total: 141777 ns
[2024-02-24T15:18:43.835+0000][7][safepoint   ] Safepoint "Cleanup", Time since last: 2321139142100 ns, Reaching safepoint: 116628 ns, At safepoint: 4632 ns, Total: 121260 ns
[2024-02-24T16:25:48.275+0000][7][gc,start    ] GC(42) Pause Young (Normal) (G1 Evacuation Pause)
[2024-02-24T16:25:48.275+0000][7][gc,task     ] GC(42) Using 13 workers of 13 for evacuation
[2024-02-24T16:25:48.276+0000][7][gc,age      ] GC(42) Desired survivor size 41943040 bytes, new threshold 15 (max threshold 15)
[2024-02-24T16:25:48.278+0000][7][gc,age      ] GC(42) Age table with threshold 15 (max threshold 15)
[2024-02-24T16:25:48.278+0000][7][gc,age      ] GC(42) - age   1:     152056 bytes,     152056 total
[2024-02-24T16:25:48.278+0000][7][gc,age      ] GC(42) - age   2:      16784 bytes,     168840 total
[2024-02-24T16:25:48.278+0000][7][gc,age      ] GC(42) - age   3:      18968 bytes,     187808 total
[2024-02-24T16:25:48.278+0000][7][gc,age      ] GC(42) - age   4:      33336 bytes,     221144 total
[2024-02-24T16:25:48.278+0000][7][gc,age      ] GC(42) - age   5:     509000 bytes,     730144 total
[2024-02-24T16:25:48.278+0000][7][gc,age      ] GC(42) - age   6:     516016 bytes,    1246160 total
[2024-02-24T16:25:48.278+0000][7][gc,age      ] GC(42) - age   7:     204240 bytes,    1450400 total
[2024-02-24T16:25:48.278+0000][7][gc,age      ] GC(42) - age   8:      16112 bytes,    1466512 total
[2024-02-24T16:25:48.278+0000][7][gc,age      ] GC(42) - age   9:      87976 bytes,    1554488 total
[2024-02-24T16:25:48.278+0000][7][gc,age      ] GC(42) - age  11:      16288 bytes,    1570776 total
[2024-02-24T16:25:48.278+0000][7][gc,age      ] GC(42) - age  12:        216 bytes,    1570992 total
[2024-02-24T16:25:48.278+0000][7][gc,age      ] GC(42) - age  13:      65784 bytes,    1636776 total
[2024-02-24T16:25:48.278+0000][7][gc,age      ] GC(42) - age  15:        944 bytes,    1637720 total
[2024-02-24T16:25:48.278+0000][7][gc,phases   ] GC(42)   Pre Evacuate Collection Set: 0.2ms
[2024-02-24T16:25:48.278+0000][7][gc,phases   ] GC(42)   Merge Heap Roots: 0.1ms
[2024-02-24T16:25:48.278+0000][7][gc,phases   ] GC(42)   Evacuate Collection Set: 1.3ms
[2024-02-24T16:25:48.278+0000][7][gc,phases   ] GC(42)   Post Evacuate Collection Set: 0.6ms
[2024-02-24T16:25:48.278+0000][7][gc,phases   ] GC(42)   Other: 0.4ms
[2024-02-24T16:25:48.278+0000][7][gc,heap     ] GC(42) Eden regions: 152->0(152)
[2024-02-24T16:25:48.278+0000][7][gc,heap     ] GC(42) Survivor regions: 1->1(20)
[2024-02-24T16:25:48.278+0000][7][gc,heap     ] GC(42) Old regions: 20->20
[2024-02-24T16:25:48.278+0000][7][gc,heap     ] GC(42) Archive regions: 2->2
[2024-02-24T16:25:48.278+0000][7][gc,heap     ] GC(42) Humongous regions: 2->2
[2024-02-24T16:25:48.278+0000][7][gc,metaspace] GC(42) Metaspace: 100396K(105168K)->100396K(105168K) NonClass: 87380K(90960K)->87380K(90960K) Class: 13016K(14208K)->13016K(14208K)
[2024-02-24T16:25:48.278+0000][7][gc          ] GC(42) Pause Young (Normal) (G1 Evacuation Pause) 701M->93M(1024M) 2.733ms
[2024-02-24T16:25:48.278+0000][7][gc,cpu      ] GC(42) User=0.01s Sys=0.01s Real=0.01s
[2024-02-24T16:25:48.278+0000][7][safepoint   ] Safepoint "G1CollectForAllocation", Time since last: 4024440340470 ns, Reaching safepoint: 126920 ns, At safepoint: 2822538 ns, Total: 2949458 ns
[2024-02-24T17:18:26.463+0000][7][safepoint   ] Safepoint "Cleanup", Time since last: 3158184620190 ns, Reaching safepoint: 129221 ns, At safepoint: 3294 ns, Total: 132515 ns
[2024-02-24T19:42:02.980+0000][7][safepoint   ] Safepoint "Cleanup", Time since last: 8616517015193 ns, Reaching safepoint: 119848 ns, At safepoint: 4524 ns, Total: 124372 ns
[2024-02-24T21:28:45.360+0000][7][safepoint   ] Safepoint "Cleanup", Time since last: 6402379562721 ns, Reaching safepoint: 92385 ns, At safepoint: 3835 ns, Total: 96220 ns
[2024-02-24T23:19:11.670+0000][7][gc,start    ] GC(43) Pause Young (Normal) (G1 Evacuation Pause)
[2024-02-24T23:19:11.670+0000][7][gc,task     ] GC(43) Using 13 workers of 13 for evacuation
[2024-02-24T23:19:11.670+0000][7][gc,age      ] GC(43) Desired survivor size 41943040 bytes, new threshold 15 (max threshold 15)
[2024-02-24T23:19:11.672+0000][7][gc,age      ] GC(43) Age table with threshold 15 (max threshold 15)
[2024-02-24T23:19:11.672+0000][7][gc,age      ] GC(43) - age   1:     135512 bytes,     135512 total
[2024-02-24T23:19:11.672+0000][7][gc,age      ] GC(43) - age   2:      67208 bytes,     202720 total
[2024-02-24T23:19:11.672+0000][7][gc,age      ] GC(43) - age   3:      16192 bytes,     218912 total
[2024-02-24T23:19:11.672+0000][7][gc,age      ] GC(43) - age   4:       9312 bytes,     228224 total
[2024-02-24T23:19:11.672+0000][7][gc,age      ] GC(43) - age   5:      33168 bytes,     261392 total
[2024-02-24T23:19:11.672+0000][7][gc,age      ] GC(43) - age   6:     508880 bytes,     770272 total
[2024-02-24T23:19:11.672+0000][7][gc,age      ] GC(43) - age   7:     516016 bytes,    1286288 total
[2024-02-24T23:19:11.672+0000][7][gc,age      ] GC(43) - age   8:     204160 bytes,    1490448 total
[2024-02-24T23:19:11.672+0000][7][gc,age      ] GC(43) - age   9:      16072 bytes,    1506520 total
[2024-02-24T23:19:11.672+0000][7][gc,age      ] GC(43) - age  10:      71744 bytes,    1578264 total
[2024-02-24T23:19:11.672+0000][7][gc,age      ] GC(43) - age  12:      16288 bytes,    1594552 total
[2024-02-24T23:19:11.672+0000][7][gc,age      ] GC(43) - age  13:        216 bytes,    1594768 total
[2024-02-24T23:19:11.672+0000][7][gc,age      ] GC(43) - age  14:      65784 bytes,    1660552 total
[2024-02-24T23:19:11.672+0000][7][gc,phases   ] GC(43)   Pre Evacuate Collection Set: 0.2ms
[2024-02-24T23:19:11.672+0000][7][gc,phases   ] GC(43)   Merge Heap Roots: 0.1ms
[2024-02-24T23:19:11.672+0000][7][gc,phases   ] GC(43)   Evacuate Collection Set: 1.1ms
[2024-02-24T23:19:11.672+0000][7][gc,phases   ] GC(43)   Post Evacuate Collection Set: 0.6ms
[2024-02-24T23:19:11.672+0000][7][gc,phases   ] GC(43)   Other: 0.5ms
[2024-02-24T23:19:11.672+0000][7][gc,heap     ] GC(43) Eden regions: 152->0(152)
[2024-02-24T23:19:11.672+0000][7][gc,heap     ] GC(43) Survivor regions: 1->1(20)
[2024-02-24T23:19:11.672+0000][7][gc,heap     ] GC(43) Old regions: 20->20
[2024-02-24T23:19:11.672+0000][7][gc,heap     ] GC(43) Archive regions: 2->2
[2024-02-24T23:19:11.672+0000][7][gc,heap     ] GC(43) Humongous regions: 2->2
[2024-02-24T23:19:11.672+0000][7][gc,metaspace] GC(43) Metaspace: 100415K(105168K)->100415K(105168K) NonClass: 87397K(90960K)->87397K(90960K) Class: 13018K(14208K)->13018K(14208K)
[2024-02-24T23:19:11.672+0000][7][gc          ] GC(43) Pause Young (Normal) (G1 Evacuation Pause) 701M->93M(1024M) 2.587ms
[2024-02-24T23:19:11.672+0000][7][gc,cpu      ] GC(43) User=0.01s Sys=0.01s Real=0.00s
[2024-02-24T23:19:11.672+0000][7][safepoint   ] Safepoint "G1CollectForAllocation", Time since last: 6626309727495 ns, Reaching safepoint: 88750 ns, At safepoint: 2682474 ns, Total: 2771224 ns
[2024-02-25T00:03:18.815+0000][7][safepoint   ] Safepoint "Cleanup", Time since last: 2647143196084 ns, Reaching safepoint: 84211 ns, At safepoint: 2834 ns, Total: 87045 ns
[2024-02-25T00:03:21.816+0000][7][safepoint   ] Safepoint "Cleanup", Time since last: 3000289588 ns, Reaching safepoint: 89816 ns, At safepoint: 3612 ns, Total: 93428 ns
[2024-02-25T00:56:00.003+0000][7][safepoint   ] Safepoint "Cleanup", Time since last: 3158186666248 ns, Reaching safepoint: 132485 ns, At safepoint: 4927 ns, Total: 137412 ns
[2024-02-25T00:56:26.004+0000][7][safepoint   ] Safepoint "Cleanup", Time since last: 26001654391 ns, Reaching safepoint: 93229 ns, At safepoint: 3855 ns, Total: 97084 ns
[2024-02-25T06:10:42.587+0000][7][gc,start    ] GC(44) Pause Young (Normal) (G1 Evacuation Pause)
[2024-02-25T06:10:42.587+0000][7][gc,task     ] GC(44) Using 13 workers of 13 for evacuation
[2024-02-25T06:10:42.587+0000][7][gc,age      ] GC(44) Desired survivor size 41943040 bytes, new threshold 15 (max threshold 15)
[2024-02-25T06:10:42.589+0000][7][gc,age      ] GC(44) Age table with threshold 15 (max threshold 15)
[2024-02-25T06:10:42.589+0000][7][gc,age      ] GC(44) - age   1:     104576 bytes,     104576 total
[2024-02-25T06:10:42.589+0000][7][gc,age      ] GC(44) - age   2:      97304 bytes,     201880 total
[2024-02-25T06:10:42.589+0000][7][gc,age      ] GC(44) - age   3:      66664 bytes,     268544 total
[2024-02-25T06:10:42.589+0000][7][gc,age      ] GC(44) - age   4:         40 bytes,     268584 total
[2024-02-25T06:10:42.589+0000][7][gc,age      ] GC(44) - age   5:       8656 bytes,     277240 total
[2024-02-25T06:10:42.589+0000][7][gc,age      ] GC(44) - age   6:      33128 bytes,     310368 total
[2024-02-25T06:10:42.589+0000][7][gc,age      ] GC(44) - age   7:     508880 bytes,     819248 total
[2024-02-25T06:10:42.589+0000][7][gc,age      ] GC(44) - age   8:     516016 bytes,    1335264 total
[2024-02-25T06:10:42.589+0000][7][gc,age      ] GC(44) - age   9:     204160 bytes,    1539424 total
[2024-02-25T06:10:42.589+0000][7][gc,age      ] GC(44) - age  10:      16072 bytes,    1555496 total
[2024-02-25T06:10:42.589+0000][7][gc,age      ] GC(44) - age  11:      71624 bytes,    1627120 total
[2024-02-25T06:10:42.589+0000][7][gc,age      ] GC(44) - age  13:      16288 bytes,    1643408 total
[2024-02-25T06:10:42.589+0000][7][gc,age      ] GC(44) - age  14:        216 bytes,    1643624 total
[2024-02-25T06:10:42.589+0000][7][gc,age      ] GC(44) - age  15:      65784 bytes,    1709408 total
[2024-02-25T06:10:42.589+0000][7][gc,phases   ] GC(44)   Pre Evacuate Collection Set: 0.5ms
[2024-02-25T06:10:42.589+0000][7][gc,phases   ] GC(44)   Merge Heap Roots: 0.1ms
[2024-02-25T06:10:42.589+0000][7][gc,phases   ] GC(44)   Evacuate Collection Set: 0.6ms
[2024-02-25T06:10:42.589+0000][7][gc,phases   ] GC(44)   Post Evacuate Collection Set: 0.5ms
[2024-02-25T06:10:42.589+0000][7][gc,phases   ] GC(44)   Other: 0.5ms
[2024-02-25T06:10:42.589+0000][7][gc,heap     ] GC(44) Eden regions: 152->0(152)
[2024-02-25T06:10:42.589+0000][7][gc,heap     ] GC(44) Survivor regions: 1->1(20)
[2024-02-25T06:10:42.589+0000][7][gc,heap     ] GC(44) Old regions: 20->20
[2024-02-25T06:10:42.589+0000][7][gc,heap     ] GC(44) Archive regions: 2->2
[2024-02-25T06:10:42.589+0000][7][gc,heap     ] GC(44) Humongous regions: 2->2
[2024-02-25T06:10:42.589+0000][7][gc,metaspace] GC(44) Metaspace: 100429K(105168K)->100429K(105168K) NonClass: 87410K(90960K)->87410K(90960K) Class: 13018K(14208K)->13018K(14208K)
[2024-02-25T06:10:42.589+0000][7][gc          ] GC(44) Pause Young (Normal) (G1 Evacuation Pause) 701M->93M(1024M) 2.362ms
[2024-02-25T06:10:42.589+0000][7][gc,cpu      ] GC(44) User=0.00s Sys=0.00s Real=0.00s
[2024-02-25T06:10:42.589+0000][7][safepoint   ] Safepoint "G1CollectForAllocation", Time since last: 18856582003034 ns, Reaching safepoint: 143167 ns, At safepoint: 2458079 ns, Total: 2601246 ns
[2024-02-25T07:23:56.837+0000][7][safepoint   ] Safepoint "Cleanup", Time since last: 4394248318908 ns, Reaching safepoint: 126907 ns, At safepoint: 5665 ns, Total: 132572 ns
[2024-02-25T07:24:15.839+0000][7][safepoint   ] Safepoint "Cleanup", Time since last: 19001243560 ns, Reaching safepoint: 86495 ns, At safepoint: 7090 ns, Total: 93585 ns
[2024-02-25T07:51:35.926+0000][7][safepoint   ] Safepoint "Cleanup", Time since last: 1640086728364 ns, Reaching safepoint: 104557 ns, At safepoint: 4509 ns, Total: 109066 ns
[2024-02-25T08:08:39.978+0000][7][safepoint   ] Safepoint "Cleanup", Time since last: 1024051887478 ns, Reaching safepoint: 131465 ns, At safepoint: 3288 ns, Total: 134753 ns
[2024-02-25T08:26:53.043+0000][7][safepoint   ] Safepoint "Cleanup", Time since last: 1093064938518 ns, Reaching safepoint: 86688 ns, At safepoint: 9120 ns, Total: 95808 ns
[2024-02-25T08:32:46.064+0000][7][safepoint   ] Safepoint "Cleanup", Time since last: 353020840916 ns, Reaching safepoint: 91145 ns, At safepoint: 2395 ns, Total: 93540 ns
[2024-02-25T08:32:48.064+0000][7][safepoint   ] Safepoint "Cleanup", Time since last: 2000244043 ns, Reaching safepoint: 82819 ns, At safepoint: 3524 ns, Total: 86343 ns
[2024-02-25T08:32:51.064+0000][7][safepoint   ] Safepoint "Cleanup", Time since last: 3000282552 ns, Reaching safepoint: 86228 ns, At safepoint: 3409 ns, Total: 89637 ns
[2024-02-25T09:09:34.195+0000][7][safepoint   ] Safepoint "Cleanup", Time since last: 2203130559791 ns, Reaching safepoint: 119631 ns, At safepoint: 4381 ns, Total: 124012 ns
[2024-02-25T09:11:15.201+0000][7][safepoint   ] Safepoint "Cleanup", Time since last: 101006084840 ns, Reaching safepoint: 87813 ns, At safepoint: 6257 ns, Total: 94070 ns
[2024-02-25T09:11:16.202+0000][7][safepoint   ] Safepoint "Cleanup", Time since last: 1000165558 ns, Reaching safepoint: 113182 ns, At safepoint: 4239 ns, Total: 117421 ns
[2024-02-25T09:15:00.215+0000][7][safepoint   ] Safepoint "Cleanup", Time since last: 224013365764 ns, Reaching safepoint: 135996 ns, At safepoint: 4462 ns, Total: 140458 ns
[2024-02-25T09:25:55.254+0000][7][safepoint   ] Safepoint "Cleanup", Time since last: 655039003477 ns, Reaching safepoint: 128039 ns, At safepoint: 3766 ns, Total: 131805 ns
[2024-02-25T12:53:02.825+0000][7][gc,start    ] GC(45) Pause Young (Normal) (G1 Evacuation Pause)
[2024-02-25T12:53:02.825+0000][7][gc,task     ] GC(45) Using 13 workers of 13 for evacuation
[2024-02-25T12:53:02.825+0000][7][gc,age      ] GC(45) Desired survivor size 41943040 bytes, new threshold 15 (max threshold 15)
[2024-02-25T12:53:02.828+0000][7][gc,age      ] GC(45) Age table with threshold 15 (max threshold 15)
[2024-02-25T12:53:02.828+0000][7][gc,age      ] GC(45) - age   1:     509472 bytes,     509472 total
[2024-02-25T12:53:02.828+0000][7][gc,age      ] GC(45) - age   2:      75456 bytes,     584928 total
[2024-02-25T12:53:02.828+0000][7][gc,age      ] GC(45) - age   3:      80824 bytes,     665752 total
[2024-02-25T12:53:02.828+0000][7][gc,age      ] GC(45) - age   4:      66048 bytes,     731800 total
[2024-02-25T12:53:02.828+0000][7][gc,age      ] GC(45) - age   6:       7808 bytes,     739608 total
[2024-02-25T12:53:02.828+0000][7][gc,age      ] GC(45) - age   7:      33128 bytes,     772736 total
[2024-02-25T12:53:02.828+0000][7][gc,age      ] GC(45) - age   8:     508456 bytes,    1281192 total
[2024-02-25T12:53:02.828+0000][7][gc,age      ] GC(45) - age   9:     507144 bytes,    1788336 total
[2024-02-25T12:53:02.828+0000][7][gc,age      ] GC(45) - age  10:     204040 bytes,    1992376 total
[2024-02-25T12:53:02.828+0000][7][gc,age      ] GC(45) - age  11:      16032 bytes,    2008408 total
[2024-02-25T12:53:02.828+0000][7][gc,age      ] GC(45) - age  12:      47040 bytes,    2055448 total
[2024-02-25T12:53:02.828+0000][7][gc,age      ] GC(45) - age  14:        136 bytes,    2055584 total
[2024-02-25T12:53:02.828+0000][7][gc,age      ] GC(45) - age  15:        216 bytes,    2055800 total
[2024-02-25T12:53:02.828+0000][7][gc,phases   ] GC(45)   Pre Evacuate Collection Set: 0.2ms
[2024-02-25T12:53:02.828+0000][7][gc,phases   ] GC(45)   Merge Heap Roots: 0.1ms
[2024-02-25T12:53:02.828+0000][7][gc,phases   ] GC(45)   Evacuate Collection Set: 1.9ms
[2024-02-25T12:53:02.828+0000][7][gc,phases   ] GC(45)   Post Evacuate Collection Set: 0.6ms
[2024-02-25T12:53:02.828+0000][7][gc,phases   ] GC(45)   Other: 0.4ms
[2024-02-25T12:53:02.828+0000][7][gc,heap     ] GC(45) Eden regions: 152->0(152)
[2024-02-25T12:53:02.828+0000][7][gc,heap     ] GC(45) Survivor regions: 1->1(20)
[2024-02-25T12:53:02.828+0000][7][gc,heap     ] GC(45) Old regions: 20->20
[2024-02-25T12:53:02.828+0000][7][gc,heap     ] GC(45) Archive regions: 2->2
[2024-02-25T12:53:02.828+0000][7][gc,heap     ] GC(45) Humongous regions: 2->2
[2024-02-25T12:53:02.828+0000][7][gc,metaspace] GC(45) Metaspace: 100489K(105168K)->100489K(105168K) NonClass: 87470K(90960K)->87470K(90960K) Class: 13018K(14208K)->13018K(14208K)
[2024-02-25T12:53:02.828+0000][7][gc          ] GC(45) Pause Young (Normal) (G1 Evacuation Pause) 701M->93M(1024M) 3.374ms
[2024-02-25T12:53:02.828+0000][7][gc,cpu      ] GC(45) User=0.01s Sys=0.00s Real=0.01s
[2024-02-25T12:53:02.828+0000][7][safepoint   ] Safepoint "G1CollectForAllocation", Time since last: 12427570376209 ns, Reaching safepoint: 159356 ns, At safepoint: 3460359 ns, Total: 3619715 ns
[2024-02-25T12:59:40.852+0000][7][safepoint   ] Safepoint "Cleanup", Time since last: 398023771830 ns, Reaching safepoint: 90798 ns, At safepoint: 3839 ns, Total: 94637 ns
[2024-02-25T13:01:15.858+0000][7][safepoint   ] Safepoint "Cleanup", Time since last: 95005664193 ns, Reaching safepoint: 103530 ns, At safepoint: 3669 ns, Total: 107199 ns
[2024-02-25T13:12:15.897+0000][7][safepoint   ] Safepoint "Cleanup", Time since last: 660039292060 ns, Reaching safepoint: 91716 ns, At safepoint: 8347 ns, Total: 100063 ns
[2024-02-25T13:24:35.941+0000][7][safepoint   ] Safepoint "Cleanup", Time since last: 740044084416 ns, Reaching safepoint: 104973 ns, At safepoint: 8955 ns, Total: 113928 ns
[2024-02-25T13:24:37.942+0000][7][safepoint   ] Safepoint "Cleanup", Time since last: 2000245671 ns, Reaching safepoint: 123377 ns, At safepoint: 4358 ns, Total: 127735 ns
[2024-02-25T16:07:48.523+0000][7][safepoint   ] Safepoint "Cleanup", Time since last: 9790580916011 ns, Reaching safepoint: 88606 ns, At safepoint: 3461 ns, Total: 92067 ns
[2024-02-25T16:07:50.523+0000][7][safepoint   ] Safepoint "Cleanup", Time since last: 2000222351 ns, Reaching safepoint: 84904 ns, At safepoint: 3648 ns, Total: 88552 ns
[2024-02-25T16:42:16.646+0000][7][safepoint   ] Safepoint "Cleanup", Time since last: 2066122957039 ns, Reaching safepoint: 91351 ns, At safepoint: 9784 ns, Total: 101135 ns
[2024-02-25T16:52:28.683+0000][7][safepoint   ] Safepoint "Cleanup", Time since last: 612036681724 ns, Reaching safepoint: 87049 ns, At safepoint: 4111 ns, Total: 91160 ns
[2024-02-25T17:00:24.712+0000][7][safepoint   ] Safepoint "Cleanup", Time since last: 476028678517 ns, Reaching safepoint: 119804 ns, At safepoint: 3625 ns, Total: 123429 ns
[2024-02-25T17:19:32.782+0000][7][safepoint   ] Safepoint "Cleanup", Time since last: 1148069829478 ns, Reaching safepoint: 131209 ns, At safepoint: 3489 ns, Total: 134698 ns
[2024-02-25T17:55:12.909+0000][7][safepoint   ] Safepoint "Cleanup", Time since last: 2140126848116 ns, Reaching safepoint: 96593 ns, At safepoint: 3594 ns, Total: 100187 ns
[2024-02-25T17:58:13.920+0000][7][safepoint   ] Safepoint "Cleanup", Time since last: 181010876465 ns, Reaching safepoint: 97909 ns, At safepoint: 3573 ns, Total: 101482 ns
[2024-02-25T18:12:37.972+0000][7][safepoint   ] Safepoint "Cleanup", Time since last: 864052326422 ns, Reaching safepoint: 87870 ns, At safepoint: 3479 ns, Total: 91349 ns
[2024-02-25T18:46:45.094+0000][7][safepoint   ] Safepoint "Cleanup", Time since last: 2047121772907 ns, Reaching safepoint: 90143 ns, At safepoint: 3376 ns, Total: 93519 ns
[2024-02-25T18:48:20.100+0000][7][safepoint   ] Safepoint "Cleanup", Time since last: 95005699878 ns, Reaching safepoint: 96126 ns, At safepoint: 4169 ns, Total: 100295 ns
[2024-02-25T19:14:21.193+0000][7][safepoint   ] Safepoint "Cleanup", Time since last: 1561093170181 ns, Reaching safepoint: 120132 ns, At safepoint: 4106 ns, Total: 124238 ns
[2024-02-25T19:31:56.082+0000][7][gc,start    ] GC(46) Pause Young (Normal) (G1 Evacuation Pause)
[2024-02-25T19:31:56.082+0000][7][gc,task     ] GC(46) Using 13 workers of 13 for evacuation
[2024-02-25T19:31:56.082+0000][7][gc,age      ] GC(46) Desired survivor size 41943040 bytes, new threshold 15 (max threshold 15)
[2024-02-25T19:31:56.084+0000][7][gc,age      ] GC(46) Age table with threshold 15 (max threshold 15)
[2024-02-25T19:31:56.084+0000][7][gc,age      ] GC(46) - age   1:      55568 bytes,      55568 total
[2024-02-25T19:31:56.084+0000][7][gc,age      ] GC(46) - age   2:     483216 bytes,     538784 total
[2024-02-25T19:31:56.084+0000][7][gc,age      ] GC(46) - age   3:      41672 bytes,     580456 total
[2024-02-25T19:31:56.084+0000][7][gc,age      ] GC(46) - age   4:      64256 bytes,     644712 total
[2024-02-25T19:31:56.084+0000][7][gc,age      ] GC(46) - age   5:      65712 bytes,     710424 total
[2024-02-25T19:31:56.084+0000][7][gc,age      ] GC(46) - age   7:       7808 bytes,     718232 total
[2024-02-25T19:31:56.084+0000][7][gc,age      ] GC(46) - age   8:      33128 bytes,     751360 total
[2024-02-25T19:31:56.084+0000][7][gc,age      ] GC(46) - age   9:     508456 bytes,    1259816 total
[2024-02-25T19:31:56.084+0000][7][gc,age      ] GC(46) - age  10:     507144 bytes,    1766960 total
[2024-02-25T19:31:56.084+0000][7][gc,age      ] GC(46) - age  11:     204040 bytes,    1971000 total
[2024-02-25T19:31:56.084+0000][7][gc,age      ] GC(46) - age  12:      16032 bytes,    1987032 total
[2024-02-25T19:31:56.084+0000][7][gc,age      ] GC(46) - age  13:      47000 bytes,    2034032 total
[2024-02-25T19:31:56.084+0000][7][gc,age      ] GC(46) - age  15:        136 bytes,    2034168 total
[2024-02-25T19:31:56.084+0000][7][gc,phases   ] GC(46)   Pre Evacuate Collection Set: 0.2ms
[2024-02-25T19:31:56.084+0000][7][gc,phases   ] GC(46)   Merge Heap Roots: 0.1ms
[2024-02-25T19:31:56.084+0000][7][gc,phases   ] GC(46)   Evacuate Collection Set: 0.6ms
[2024-02-25T19:31:56.084+0000][7][gc,phases   ] GC(46)   Post Evacuate Collection Set: 0.6ms
[2024-02-25T19:31:56.084+0000][7][gc,phases   ] GC(46)   Other: 0.4ms
[2024-02-25T19:31:56.084+0000][7][gc,heap     ] GC(46) Eden regions: 152->0(152)
[2024-02-25T19:31:56.084+0000][7][gc,heap     ] GC(46) Survivor regions: 1->1(20)
[2024-02-25T19:31:56.084+0000][7][gc,heap     ] GC(46) Old regions: 20->20
[2024-02-25T19:31:56.084+0000][7][gc,heap     ] GC(46) Archive regions: 2->2
[2024-02-25T19:31:56.084+0000][7][gc,heap     ] GC(46) Humongous regions: 2->2
[2024-02-25T19:31:56.084+0000][7][gc,metaspace] GC(46) Metaspace: 100547K(105168K)->100547K(105168K) NonClass: 87527K(90960K)->87527K(90960K) Class: 13020K(14208K)->13020K(14208K)
[2024-02-25T19:31:56.084+0000][7][gc          ] GC(46) Pause Young (Normal) (G1 Evacuation Pause) 701M->93M(1024M) 1.986ms
[2024-02-25T19:31:56.084+0000][7][gc,cpu      ] GC(46) User=0.01s Sys=0.00s Real=0.00s
[2024-02-25T19:31:56.084+0000][7][safepoint   ] Safepoint "G1CollectForAllocation", Time since last: 1054888913474 ns, Reaching safepoint: 89318 ns, At safepoint: 2074686 ns, Total: 2164004 ns
[2024-02-25T22:01:00.616+0000][7][safepoint   ] Safepoint "Cleanup", Time since last: 8944531452254 ns, Reaching safepoint: 267603 ns, At safepoint: 3366 ns, Total: 270969 ns
[2024-02-25T22:02:55.623+0000][7][safepoint   ] Safepoint "Cleanup", Time since last: 115006832877 ns, Reaching safepoint: 116946 ns, At safepoint: 3968 ns, Total: 120914 ns
[2024-02-25T22:02:57.623+0000][7][safepoint   ] Safepoint "Cleanup", Time since last: 2000218551 ns, Reaching safepoint: 111679 ns, At safepoint: 4733 ns, Total: 116412 ns
[2024-02-26T00:45:48.250+0000][7][safepoint   ] Safepoint "Cleanup", Time since last: 9770627189699 ns, Reaching safepoint: 88609 ns, At safepoint: 7696 ns, Total: 96305 ns
[2024-02-26T01:32:59.417+0000][7][safepoint   ] Safepoint "Cleanup", Time since last: 2831166402095 ns, Reaching safepoint: 113118 ns, At safepoint: 4335 ns, Total: 117453 ns
[2024-02-26T01:33:00.417+0000][7][safepoint   ] Safepoint "Cleanup", Time since last: 1000160525 ns, Reaching safepoint: 96092 ns, At safepoint: 3824 ns, Total: 99916 ns
[2024-02-26T01:33:02.417+0000][7][safepoint   ] Safepoint "Cleanup", Time since last: 2000213952 ns, Reaching safepoint: 85107 ns, At safepoint: 7726 ns, Total: 92833 ns
[2024-02-26T01:33:05.418+0000][7][safepoint   ] Safepoint "Cleanup", Time since last: 3000191625 ns, Reaching safepoint: 84824 ns, At safepoint: 5694 ns, Total: 90518 ns
[2024-02-26T01:49:57.477+0000][7][safepoint   ] Safepoint "Cleanup", Time since last: 1012059427876 ns, Reaching safepoint: 132235 ns, At safepoint: 5700 ns, Total: 137935 ns
[2024-02-26T02:18:03.425+0000][7][gc,start    ] GC(47) Pause Young (Normal) (G1 Evacuation Pause)
[2024-02-26T02:18:03.425+0000][7][gc,task     ] GC(47) Using 13 workers of 13 for evacuation
[2024-02-26T02:18:03.425+0000][7][gc,age      ] GC(47) Desired survivor size 41943040 bytes, new threshold 15 (max threshold 15)
[2024-02-26T02:18:03.427+0000][7][gc,age      ] GC(47) Age table with threshold 15 (max threshold 15)
[2024-02-26T02:18:03.427+0000][7][gc,age      ] GC(47) - age   1:      78200 bytes,      78200 total
[2024-02-26T02:18:03.427+0000][7][gc,age      ] GC(47) - age   2:      23808 bytes,     102008 total
[2024-02-26T02:18:03.427+0000][7][gc,age      ] GC(47) - age   3:     183752 bytes,     285760 total
[2024-02-26T02:18:03.427+0000][7][gc,age      ] GC(47) - age   4:      24824 bytes,     310584 total
[2024-02-26T02:18:03.427+0000][7][gc,age      ] GC(47) - age   5:      63880 bytes,     374464 total
[2024-02-26T02:18:03.427+0000][7][gc,age      ] GC(47) - age   6:      65672 bytes,     440136 total
[2024-02-26T02:18:03.427+0000][7][gc,age      ] GC(47) - age   8:       7808 bytes,     447944 total
[2024-02-26T02:18:03.427+0000][7][gc,age      ] GC(47) - age   9:      33128 bytes,     481072 total
[2024-02-26T02:18:03.428+0000][7][gc,age      ] GC(47) - age  10:     508456 bytes,     989528 total
[2024-02-26T02:18:03.428+0000][7][gc,age      ] GC(47) - age  11:     507144 bytes,    1496672 total
[2024-02-26T02:18:03.428+0000][7][gc,age      ] GC(47) - age  12:     204040 bytes,    1700712 total
[2024-02-26T02:18:03.428+0000][7][gc,age      ] GC(47) - age  13:      16032 bytes,    1716744 total
[2024-02-26T02:18:03.428+0000][7][gc,age      ] GC(47) - age  14:      46880 bytes,    1763624 total
[2024-02-26T02:18:03.428+0000][7][gc,phases   ] GC(47)   Pre Evacuate Collection Set: 0.1ms
[2024-02-26T02:18:03.428+0000][7][gc,phases   ] GC(47)   Merge Heap Roots: 0.1ms
[2024-02-26T02:18:03.428+0000][7][gc,phases   ] GC(47)   Evacuate Collection Set: 1.3ms
[2024-02-26T02:18:03.428+0000][7][gc,phases   ] GC(47)   Post Evacuate Collection Set: 0.5ms
[2024-02-26T02:18:03.428+0000][7][gc,phases   ] GC(47)   Other: 0.4ms
[2024-02-26T02:18:03.428+0000][7][gc,heap     ] GC(47) Eden regions: 152->0(152)
[2024-02-26T02:18:03.428+0000][7][gc,heap     ] GC(47) Survivor regions: 1->1(20)
[2024-02-26T02:18:03.428+0000][7][gc,heap     ] GC(47) Old regions: 20->20
[2024-02-26T02:18:03.428+0000][7][gc,heap     ] GC(47) Archive regions: 2->2
[2024-02-26T02:18:03.428+0000][7][gc,heap     ] GC(47) Humongous regions: 2->2
[2024-02-26T02:18:03.428+0000][7][gc,metaspace] GC(47) Metaspace: 100575K(105168K)->100575K(105168K) NonClass: 87551K(90960K)->87551K(90960K) Class: 13023K(14208K)->13023K(14208K)
[2024-02-26T02:18:03.428+0000][7][gc          ] GC(47) Pause Young (Normal) (G1 Evacuation Pause) 701M->93M(1024M) 2.607ms
[2024-02-26T02:18:03.428+0000][7][gc,cpu      ] GC(47) User=0.01s Sys=0.00s Real=0.01s
[2024-02-26T02:18:03.428+0000][7][safepoint   ] Safepoint "G1CollectForAllocation", Time since last: 1685947725338 ns, Reaching safepoint: 87640 ns, At safepoint: 2703075 ns, Total: 2790715 ns
[2024-02-26T04:43:12.936+0000][7][safepoint   ] Safepoint "Cleanup", Time since last: 8709508282745 ns, Reaching safepoint: 118348 ns, At safepoint: 4056 ns, Total: 122404 ns
[2024-02-26T05:32:16.111+0000][7][safepoint   ] Safepoint "Cleanup", Time since last: 2943174258441 ns, Reaching safepoint: 114618 ns, At safepoint: 4300 ns, Total: 118918 ns
[2024-02-26T06:13:37.257+0000][7][safepoint   ] Safepoint "Cleanup", Time since last: 2481146011383 ns, Reaching safepoint: 95363 ns, At safepoint: 3374 ns, Total: 98737 ns
[2024-02-26T06:26:35.303+0000][7][safepoint   ] Safepoint "Cleanup", Time since last: 778045830190 ns, Reaching safepoint: 99669 ns, At safepoint: 3890 ns, Total: 103559 ns
[2024-02-26T06:27:41.307+0000][7][safepoint   ] Safepoint "Cleanup", Time since last: 66003945721 ns, Reaching safepoint: 118350 ns, At safepoint: 4795 ns, Total: 123145 ns
[2024-02-26T07:07:13.447+0000][7][safepoint   ] Safepoint "Cleanup", Time since last: 2372140195843 ns, Reaching safepoint: 92566 ns, At safepoint: 3838 ns, Total: 96404 ns
[2024-02-26T08:30:53.744+0000][7][safepoint   ] Safepoint "Cleanup", Time since last: 5020297219835 ns, Reaching safepoint: 96808 ns, At safepoint: 8522 ns, Total: 105330 ns
[2024-02-26T09:07:32.510+0000][7][gc,start    ] GC(48) Pause Young (Normal) (G1 Evacuation Pause)
[2024-02-26T09:07:32.510+0000][7][gc,task     ] GC(48) Using 13 workers of 13 for evacuation
[2024-02-26T09:07:32.510+0000][7][gc,age      ] GC(48) Desired survivor size 41943040 bytes, new threshold 15 (max threshold 15)
[2024-02-26T09:07:32.513+0000][7][gc,age      ] GC(48) Age table with threshold 15 (max threshold 15)
[2024-02-26T09:07:32.513+0000][7][gc,age      ] GC(48) - age   1:     153400 bytes,     153400 total
[2024-02-26T09:07:32.513+0000][7][gc,age      ] GC(48) - age   2:      38048 bytes,     191448 total
[2024-02-26T09:07:32.513+0000][7][gc,age      ] GC(48) - age   3:      21912 bytes,     213360 total
[2024-02-26T09:07:32.513+0000][7][gc,age      ] GC(48) - age   4:      37632 bytes,     250992 total
[2024-02-26T09:07:32.513+0000][7][gc,age      ] GC(48) - age   5:      24624 bytes,     275616 total
[2024-02-26T09:07:32.513+0000][7][gc,age      ] GC(48) - age   6:      47688 bytes,     323304 total
[2024-02-26T09:07:32.513+0000][7][gc,age      ] GC(48) - age   7:      57536 bytes,     380840 total
[2024-02-26T09:07:32.513+0000][7][gc,age      ] GC(48) - age   9:       7808 bytes,     388648 total
[2024-02-26T09:07:32.513+0000][7][gc,age      ] GC(48) - age  10:      33088 bytes,     421736 total
[2024-02-26T09:07:32.513+0000][7][gc,age      ] GC(48) - age  11:     508456 bytes,     930192 total
[2024-02-26T09:07:32.513+0000][7][gc,age      ] GC(48) - age  12:     507144 bytes,    1437336 total
[2024-02-26T09:07:32.513+0000][7][gc,age      ] GC(48) - age  13:     204040 bytes,    1641376 total
[2024-02-26T09:07:32.513+0000][7][gc,age      ] GC(48) - age  14:      16032 bytes,    1657408 total
[2024-02-26T09:07:32.513+0000][7][gc,age      ] GC(48) - age  15:      46880 bytes,    1704288 total
[2024-02-26T09:07:32.513+0000][7][gc,phases   ] GC(48)   Pre Evacuate Collection Set: 0.2ms
[2024-02-26T09:07:32.513+0000][7][gc,phases   ] GC(48)   Merge Heap Roots: 0.1ms
[2024-02-26T09:07:32.513+0000][7][gc,phases   ] GC(48)   Evacuate Collection Set: 2.1ms
[2024-02-26T09:07:32.513+0000][7][gc,phases   ] GC(48)   Post Evacuate Collection Set: 0.6ms
[2024-02-26T09:07:32.513+0000][7][gc,phases   ] GC(48)   Other: 0.5ms
[2024-02-26T09:07:32.513+0000][7][gc,heap     ] GC(48) Eden regions: 152->0(152)
[2024-02-26T09:07:32.513+0000][7][gc,heap     ] GC(48) Survivor regions: 1->1(20)
[2024-02-26T09:07:32.513+0000][7][gc,heap     ] GC(48) Old regions: 20->20
[2024-02-26T09:07:32.513+0000][7][gc,heap     ] GC(48) Archive regions: 2->2
[2024-02-26T09:07:32.513+0000][7][gc,heap     ] GC(48) Humongous regions: 2->2
[2024-02-26T09:07:32.513+0000][7][gc,metaspace] GC(48) Metaspace: 100591K(105168K)->100591K(105168K) NonClass: 87567K(90960K)->87567K(90960K) Class: 13023K(14208K)->13023K(14208K)
[2024-02-26T09:07:32.514+0000][7][gc          ] GC(48) Pause Young (Normal) (G1 Evacuation Pause) 701M->93M(1024M) 3.620ms
[2024-02-26T09:07:32.514+0000][7][gc,cpu      ] GC(48) User=0.00s Sys=0.00s Real=0.00s
[2024-02-26T09:07:32.514+0000][7][safepoint   ] Safepoint "G1CollectForAllocation", Time since last: 2198765431437 ns, Reaching safepoint: 128037 ns, At safepoint: 3716997 ns, Total: 3845034 ns
[2024-02-26T11:21:14.989+0000][7][safepoint   ] Safepoint "Cleanup", Time since last: 8022475790042 ns, Reaching safepoint: 90126 ns, At safepoint: 6963 ns, Total: 97089 ns
[2024-02-26T15:58:26.907+0000][7][gc,start    ] GC(49) Pause Young (Normal) (G1 Evacuation Pause)
[2024-02-26T15:58:26.907+0000][7][gc,task     ] GC(49) Using 13 workers of 13 for evacuation
[2024-02-26T15:58:26.907+0000][7][gc,age      ] GC(49) Desired survivor size 41943040 bytes, new threshold 15 (max threshold 15)
[2024-02-26T15:58:26.909+0000][7][gc,age      ] GC(49) Age table with threshold 15 (max threshold 15)
[2024-02-26T15:58:26.909+0000][7][gc,age      ] GC(49) - age   1:     211808 bytes,     211808 total
[2024-02-26T15:58:26.909+0000][7][gc,age      ] GC(49) - age   2:      51824 bytes,     263632 total
[2024-02-26T15:58:26.909+0000][7][gc,age      ] GC(49) - age   3:      20896 bytes,     284528 total
[2024-02-26T15:58:26.909+0000][7][gc,age      ] GC(49) - age   4:      21688 bytes,     306216 total
[2024-02-26T15:58:26.909+0000][7][gc,age      ] GC(49) - age   5:      12392 bytes,     318608 total
[2024-02-26T15:58:26.909+0000][7][gc,age      ] GC(49) - age   6:         40 bytes,     318648 total
[2024-02-26T15:58:26.909+0000][7][gc,age      ] GC(49) - age   7:      31496 bytes,     350144 total
[2024-02-26T15:58:26.909+0000][7][gc,age      ] GC(49) - age   8:      57496 bytes,     407640 total
[2024-02-26T15:58:26.909+0000][7][gc,age      ] GC(49) - age  10:       7808 bytes,     415448 total
[2024-02-26T15:58:26.909+0000][7][gc,age      ] GC(49) - age  11:      33088 bytes,     448536 total
[2024-02-26T15:58:26.909+0000][7][gc,age      ] GC(49) - age  12:     508456 bytes,     956992 total
[2024-02-26T15:58:26.909+0000][7][gc,age      ] GC(49) - age  13:     507144 bytes,    1464136 total
[2024-02-26T15:58:26.909+0000][7][gc,age      ] GC(49) - age  14:     204040 bytes,    1668176 total
[2024-02-26T15:58:26.909+0000][7][gc,age      ] GC(49) - age  15:      16032 bytes,    1684208 total
[2024-02-26T15:58:26.909+0000][7][gc,phases   ] GC(49)   Pre Evacuate Collection Set: 0.2ms
[2024-02-26T15:58:26.909+0000][7][gc,phases   ] GC(49)   Merge Heap Roots: 0.1ms
[2024-02-26T15:58:26.909+0000][7][gc,phases   ] GC(49)   Evacuate Collection Set: 0.8ms
[2024-02-26T15:58:26.909+0000][7][gc,phases   ] GC(49)   Post Evacuate Collection Set: 0.5ms
[2024-02-26T15:58:26.909+0000][7][gc,phases   ] GC(49)   Other: 0.4ms
[2024-02-26T15:58:26.909+0000][7][gc,heap     ] GC(49) Eden regions: 152->0(152)
[2024-02-26T15:58:26.909+0000][7][gc,heap     ] GC(49) Survivor regions: 1->1(20)
[2024-02-26T15:58:26.909+0000][7][gc,heap     ] GC(49) Old regions: 20->20
[2024-02-26T15:58:26.909+0000][7][gc,heap     ] GC(49) Archive regions: 2->2
[2024-02-26T15:58:26.909+0000][7][gc,heap     ] GC(49) Humongous regions: 2->2
[2024-02-26T15:58:26.909+0000][7][gc,metaspace] GC(49) Metaspace: 100593K(105168K)->100593K(105168K) NonClass: 87569K(90960K)->87569K(90960K) Class: 13023K(14208K)->13023K(14208K)
[2024-02-26T15:58:26.909+0000][7][gc          ] GC(49) Pause Young (Normal) (G1 Evacuation Pause) 701M->93M(1024M) 2.178ms
[2024-02-26T15:58:26.909+0000][7][gc,cpu      ] GC(49) User=0.01s Sys=0.00s Real=0.00s
[2024-02-26T15:58:26.909+0000][7][safepoint   ] Safepoint "G1CollectForAllocation", Time since last: 16631917133885 ns, Reaching safepoint: 167440 ns, At safepoint: 2270569 ns, Total: 2438009 ns
[2024-02-26T19:55:07.753+0000][7][safepoint   ] Safepoint "Cleanup", Time since last: 14200843554036 ns, Reaching safepoint: 96883 ns, At safepoint: 3898 ns, Total: 100781 ns
[2024-02-26T20:51:55.953+0000][7][safepoint   ] Safepoint "Cleanup", Time since last: 3408200413716 ns, Reaching safepoint: 111761 ns, At safepoint: 4027 ns, Total: 115788 ns
[2024-02-26T22:23:39.278+0000][7][safepoint   ] Safepoint "Cleanup", Time since last: 5503325106617 ns, Reaching safepoint: 110816 ns, At safepoint: 4140 ns, Total: 114956 ns
[2024-02-26T22:46:23.966+0000][7][gc,start    ] GC(50) Pause Young (Normal) (G1 Evacuation Pause)
[2024-02-26T22:46:23.966+0000][7][gc,task     ] GC(50) Using 13 workers of 13 for evacuation
[2024-02-26T22:46:23.966+0000][7][gc,age      ] GC(50) Desired survivor size 41943040 bytes, new threshold 15 (max threshold 15)
[2024-02-26T22:46:23.968+0000][7][gc,age      ] GC(50) Age table with threshold 15 (max threshold 15)
[2024-02-26T22:46:23.968+0000][7][gc,age      ] GC(50) - age   1:      86512 bytes,      86512 total
[2024-02-26T22:46:23.968+0000][7][gc,age      ] GC(50) - age   2:      51464 bytes,     137976 total
[2024-02-26T22:46:23.968+0000][7][gc,age      ] GC(50) - age   3:      50816 bytes,     188792 total
[2024-02-26T22:46:23.968+0000][7][gc,age      ] GC(50) - age   4:       4704 bytes,     193496 total
[2024-02-26T22:46:23.968+0000][7][gc,age      ] GC(50) - age   5:       5536 bytes,     199032 total
[2024-02-26T22:46:23.968+0000][7][gc,age      ] GC(50) - age   6:      12288 bytes,     211320 total
[2024-02-26T22:46:23.968+0000][7][gc,age      ] GC(50) - age   8:      23024 bytes,     234344 total
[2024-02-26T22:46:23.968+0000][7][gc,age      ] GC(50) - age   9:      41344 bytes,     275688 total
[2024-02-26T22:46:23.968+0000][7][gc,age      ] GC(50) - age  11:       7808 bytes,     283496 total
[2024-02-26T22:46:23.968+0000][7][gc,age      ] GC(50) - age  12:      33088 bytes,     316584 total
[2024-02-26T22:46:23.968+0000][7][gc,age      ] GC(50) - age  13:     508456 bytes,     825040 total
[2024-02-26T22:46:23.968+0000][7][gc,age      ] GC(50) - age  14:     507144 bytes,    1332184 total
[2024-02-26T22:46:23.968+0000][7][gc,age      ] GC(50) - age  15:     204040 bytes,    1536224 total
[2024-02-26T22:46:23.968+0000][7][gc,phases   ] GC(50)   Pre Evacuate Collection Set: 0.1ms
[2024-02-26T22:46:23.968+0000][7][gc,phases   ] GC(50)   Merge Heap Roots: 0.1ms
[2024-02-26T22:46:23.968+0000][7][gc,phases   ] GC(50)   Evacuate Collection Set: 0.8ms
[2024-02-26T22:46:23.968+0000][7][gc,phases   ] GC(50)   Post Evacuate Collection Set: 0.6ms
[2024-02-26T22:46:23.968+0000][7][gc,phases   ] GC(50)   Other: 0.4ms
[2024-02-26T22:46:23.968+0000][7][gc,heap     ] GC(50) Eden regions: 152->0(152)
[2024-02-26T22:46:23.968+0000][7][gc,heap     ] GC(50) Survivor regions: 1->1(20)
[2024-02-26T22:46:23.968+0000][7][gc,heap     ] GC(50) Old regions: 20->20
[2024-02-26T22:46:23.968+0000][7][gc,heap     ] GC(50) Archive regions: 2->2
[2024-02-26T22:46:23.968+0000][7][gc,heap     ] GC(50) Humongous regions: 2->2
[2024-02-26T22:46:23.968+0000][7][gc,metaspace] GC(50) Metaspace: 100593K(105168K)->100593K(105168K) NonClass: 87569K(90960K)->87569K(90960K) Class: 13023K(14208K)->13023K(14208K)
[2024-02-26T22:46:23.968+0000][7][gc          ] GC(50) Pause Young (Normal) (G1 Evacuation Pause) 701M->93M(1024M) 2.194ms
[2024-02-26T22:46:23.968+0000][7][gc,cpu      ] GC(50) User=0.01s Sys=0.00s Real=0.01s
[2024-02-26T22:46:23.968+0000][7][safepoint   ] Safepoint "G1CollectForAllocation", Time since last: 1364687263429 ns, Reaching safepoint: 88097 ns, At safepoint: 2287273 ns, Total: 2375370 ns
[2024-02-27T01:29:20.545+0000][7][safepoint   ] Safepoint "Cleanup", Time since last: 9776576689899 ns, Reaching safepoint: 85222 ns, At safepoint: 3091 ns, Total: 88313 ns
[2024-02-27T01:38:09.576+0000][7][safepoint   ] Safepoint "Cleanup", Time since last: 529031179635 ns, Reaching safepoint: 125576 ns, At safepoint: 2998 ns, Total: 128574 ns
[2024-02-27T01:38:10.576+0000][7][safepoint   ] Safepoint "Cleanup", Time since last: 1000158086 ns, Reaching safepoint: 87916 ns, At safepoint: 3110 ns, Total: 91026 ns
[2024-02-27T01:38:13.577+0000][7][safepoint   ] Safepoint "Cleanup", Time since last: 3000237311 ns, Reaching safepoint: 93556 ns, At safepoint: 5534 ns, Total: 99090 ns
[2024-02-27T01:38:14.577+0000][7][safepoint   ] Safepoint "Cleanup", Time since last: 1000159982 ns, Reaching safepoint: 84662 ns, At safepoint: 3087 ns, Total: 87749 ns
[2024-02-27T02:31:54.768+0000][7][safepoint   ] Safepoint "Cleanup", Time since last: 3220190465865 ns, Reaching safepoint: 88096 ns, At safepoint: 3610 ns, Total: 91706 ns
[2024-02-27T02:31:58.768+0000][7][safepoint   ] Safepoint "Cleanup", Time since last: 4000341398 ns, Reaching safepoint: 86101 ns, At safepoint: 3541 ns, Total: 89642 ns
[2024-02-27T03:27:06.963+0000][7][safepoint   ] Safepoint "Cleanup", Time since last: 3308194440497 ns, Reaching safepoint: 113382 ns, At safepoint: 3978 ns, Total: 117360 ns
[2024-02-27T03:50:51.046+0000][7][safepoint   ] Safepoint "Cleanup", Time since last: 1424083698219 ns, Reaching safepoint: 82092 ns, At safepoint: 2768 ns, Total: 84860 ns
[2024-02-27T05:23:14.373+0000][7][safepoint   ] Safepoint "Cleanup", Time since last: 5543326362263 ns, Reaching safepoint: 87773 ns, At safepoint: 3606 ns, Total: 91379 ns
[2024-02-27T05:35:16.932+0000][7][gc,start    ] GC(51) Pause Young (Normal) (G1 Evacuation Pause)
[2024-02-27T05:35:16.932+0000][7][gc,task     ] GC(51) Using 13 workers of 13 for evacuation
[2024-02-27T05:35:16.933+0000][7][gc,age      ] GC(51) Desired survivor size 41943040 bytes, new threshold 15 (max threshold 15)
[2024-02-27T05:35:16.935+0000][7][gc,age      ] GC(51) Age table with threshold 15 (max threshold 15)
[2024-02-27T05:35:16.935+0000][7][gc,age      ] GC(51) - age   1:     213592 bytes,     213592 total
[2024-02-27T05:35:16.935+0000][7][gc,age      ] GC(51) - age   2:      66424 bytes,     280016 total
[2024-02-27T05:35:16.935+0000][7][gc,age      ] GC(51) - age   3:      42128 bytes,     322144 total
[2024-02-27T05:35:16.935+0000][7][gc,age      ] GC(51) - age   4:      50472 bytes,     372616 total
[2024-02-27T05:35:16.935+0000][7][gc,age      ] GC(51) - age   5:       3904 bytes,     376520 total
[2024-02-27T05:35:16.935+0000][7][gc,age      ] GC(51) - age   6:       5496 bytes,     382016 total
[2024-02-27T05:35:16.935+0000][7][gc,age      ] GC(51) - age   7:      12048 bytes,     394064 total
[2024-02-27T05:35:16.935+0000][7][gc,age      ] GC(51) - age   9:      23024 bytes,     417088 total
[2024-02-27T05:35:16.935+0000][7][gc,age      ] GC(51) - age  10:      41304 bytes,     458392 total
[2024-02-27T05:35:16.935+0000][7][gc,age      ] GC(51) - age  12:       7808 bytes,     466200 total
[2024-02-27T05:35:16.935+0000][7][gc,age      ] GC(51) - age  13:      33016 bytes,     499216 total
[2024-02-27T05:35:16.935+0000][7][gc,age      ] GC(51) - age  14:     508456 bytes,    1007672 total
[2024-02-27T05:35:16.935+0000][7][gc,age      ] GC(51) - age  15:     507144 bytes,    1514816 total
[2024-02-27T05:35:16.935+0000][7][gc,phases   ] GC(51)   Pre Evacuate Collection Set: 0.2ms
[2024-02-27T05:35:16.935+0000][7][gc,phases   ] GC(51)   Merge Heap Roots: 0.1ms
[2024-02-27T05:35:16.935+0000][7][gc,phases   ] GC(51)   Evacuate Collection Set: 1.2ms
[2024-02-27T05:35:16.935+0000][7][gc,phases   ] GC(51)   Post Evacuate Collection Set: 0.6ms
[2024-02-27T05:35:16.935+0000][7][gc,phases   ] GC(51)   Other: 0.4ms
[2024-02-27T05:35:16.935+0000][7][gc,heap     ] GC(51) Eden regions: 152->0(152)
[2024-02-27T05:35:16.935+0000][7][gc,heap     ] GC(51) Survivor regions: 1->1(20)
[2024-02-27T05:35:16.935+0000][7][gc,heap     ] GC(51) Old regions: 20->21
[2024-02-27T05:35:16.935+0000][7][gc,heap     ] GC(51) Archive regions: 2->2
[2024-02-27T05:35:16.935+0000][7][gc,heap     ] GC(51) Humongous regions: 2->2
[2024-02-27T05:35:16.935+0000][7][gc,metaspace] GC(51) Metaspace: 100599K(105168K)->100599K(105168K) NonClass: 87575K(90960K)->87575K(90960K) Class: 13023K(14208K)->13023K(14208K)
[2024-02-27T05:35:16.935+0000][7][gc          ] GC(51) Pause Young (Normal) (G1 Evacuation Pause) 701M->93M(1024M) 2.704ms
[2024-02-27T05:35:16.935+0000][7][gc,cpu      ] GC(51) User=0.01s Sys=0.00s Real=0.00s
[2024-02-27T05:35:16.935+0000][7][safepoint   ] Safepoint "G1CollectForAllocation", Time since last: 722559467880 ns, Reaching safepoint: 86503 ns, At safepoint: 2789621 ns, Total: 2876124 ns
[2024-02-27T06:48:12.193+0000][7][safepoint   ] Safepoint "Cleanup", Time since last: 4375258024666 ns, Reaching safepoint: 86952 ns, At safepoint: 3875 ns, Total: 90827 ns
[2024-02-27T09:13:41.709+0000][7][safepoint   ] Safepoint "Cleanup", Time since last: 8729515251768 ns, Reaching safepoint: 149169 ns, At safepoint: 4983 ns, Total: 154152 ns
[2024-02-27T10:53:07.059+0000][7][safepoint   ] Safepoint "Cleanup", Time since last: 5965350730195 ns, Reaching safepoint: 98517 ns, At safepoint: 9132 ns, Total: 107649 ns
[2024-02-27T12:28:34.935+0000][7][gc,start    ] GC(52) Pause Young (Normal) (G1 Evacuation Pause)
[2024-02-27T12:28:34.935+0000][7][gc,task     ] GC(52) Using 13 workers of 13 for evacuation
[2024-02-27T12:28:34.935+0000][7][gc,age      ] GC(52) Desired survivor size 41943040 bytes, new threshold 15 (max threshold 15)
[2024-02-27T12:28:34.937+0000][7][gc,age      ] GC(52) Age table with threshold 15 (max threshold 15)
[2024-02-27T12:28:34.937+0000][7][gc,age      ] GC(52) - age   1:      61440 bytes,      61440 total
[2024-02-27T12:28:34.937+0000][7][gc,age      ] GC(52) - age   2:      63080 bytes,     124520 total
[2024-02-27T12:28:34.937+0000][7][gc,age      ] GC(52) - age   3:      50272 bytes,     174792 total
[2024-02-27T12:28:34.937+0000][7][gc,age      ] GC(52) - age   4:       9360 bytes,     184152 total
[2024-02-27T12:28:34.937+0000][7][gc,age      ] GC(52) - age   5:      16832 bytes,     200984 total
[2024-02-27T12:28:34.937+0000][7][gc,age      ] GC(52) - age   6:       3864 bytes,     204848 total
[2024-02-27T12:28:34.938+0000][7][gc,age      ] GC(52) - age   7:       5496 bytes,     210344 total
[2024-02-27T12:28:34.938+0000][7][gc,age      ] GC(52) - age   8:       3576 bytes,     213920 total
[2024-02-27T12:28:34.938+0000][7][gc,age      ] GC(52) - age  10:      23024 bytes,     236944 total
[2024-02-27T12:28:34.938+0000][7][gc,age      ] GC(52) - age  11:        568 bytes,     237512 total
[2024-02-27T12:28:34.938+0000][7][gc,age      ] GC(52) - age  13:       7808 bytes,     245320 total
[2024-02-27T12:28:34.938+0000][7][gc,age      ] GC(52) - age  14:      33016 bytes,     278336 total
[2024-02-27T12:28:34.938+0000][7][gc,age      ] GC(52) - age  15:     508456 bytes,     786792 total
[2024-02-27T12:28:34.938+0000][7][gc,phases   ] GC(52)   Pre Evacuate Collection Set: 0.2ms
[2024-02-27T12:28:34.938+0000][7][gc,phases   ] GC(52)   Merge Heap Roots: 0.1ms
[2024-02-27T12:28:34.938+0000][7][gc,phases   ] GC(52)   Evacuate Collection Set: 1.1ms
[2024-02-27T12:28:34.938+0000][7][gc,phases   ] GC(52)   Post Evacuate Collection Set: 0.5ms
[2024-02-27T12:28:34.938+0000][7][gc,phases   ] GC(52)   Other: 0.5ms
[2024-02-27T12:28:34.938+0000][7][gc,heap     ] GC(52) Eden regions: 152->0(152)
[2024-02-27T12:28:34.938+0000][7][gc,heap     ] GC(52) Survivor regions: 1->1(20)
[2024-02-27T12:28:34.938+0000][7][gc,heap     ] GC(52) Old regions: 21->21
[2024-02-27T12:28:34.938+0000][7][gc,heap     ] GC(52) Archive regions: 2->2
[2024-02-27T12:28:34.938+0000][7][gc,heap     ] GC(52) Humongous regions: 2->2
[2024-02-27T12:28:34.938+0000][7][gc,metaspace] GC(52) Metaspace: 100599K(105168K)->100599K(105168K) NonClass: 87576K(90960K)->87576K(90960K) Class: 13023K(14208K)->13023K(14208K)
[2024-02-27T12:28:34.938+0000][7][gc          ] GC(52) Pause Young (Normal) (G1 Evacuation Pause) 701M->93M(1024M) 2.565ms
[2024-02-27T12:28:34.938+0000][7][gc,cpu      ] GC(52) User=0.01s Sys=0.00s Real=0.01s
[2024-02-27T12:28:34.938+0000][7][safepoint   ] Safepoint "G1CollectForAllocation", Time since last: 5727875480447 ns, Reaching safepoint: 187572 ns, At safepoint: 2652421 ns, Total: 2839993 ns
[2024-02-27T12:47:44.006+0000][7][safepoint   ] Safepoint "Cleanup", Time since last: 1149068211346 ns, Reaching safepoint: 112234 ns, At safepoint: 4182 ns, Total: 116416 ns
[2024-02-27T12:47:55.007+0000][7][safepoint   ] Safepoint "Cleanup", Time since last: 11000750393 ns, Reaching safepoint: 78826 ns, At safepoint: 4138 ns, Total: 82964 ns
[2024-02-27T18:23:24.198+0000][7][safepoint   ] Safepoint "Cleanup", Time since last: 20129190759105 ns, Reaching safepoint: 98458 ns, At safepoint: 3208 ns, Total: 101666 ns
[2024-02-27T19:21:10.902+0000][7][gc,start    ] GC(53) Pause Young (Normal) (G1 Evacuation Pause)
[2024-02-27T19:21:10.902+0000][7][gc,task     ] GC(53) Using 13 workers of 13 for evacuation
[2024-02-27T19:21:10.902+0000][7][gc,age      ] GC(53) Desired survivor size 41943040 bytes, new threshold 15 (max threshold 15)
[2024-02-27T19:21:10.905+0000][7][gc,age      ] GC(53) Age table with threshold 15 (max threshold 15)
[2024-02-27T19:21:10.905+0000][7][gc,age      ] GC(53) - age   1:     111544 bytes,     111544 total
[2024-02-27T19:21:10.905+0000][7][gc,age      ] GC(53) - age   2:       1200 bytes,     112744 total
[2024-02-27T19:21:10.905+0000][7][gc,age      ] GC(53) - age   3:      54464 bytes,     167208 total
[2024-02-27T19:21:10.905+0000][7][gc,age      ] GC(53) - age   4:      33744 bytes,     200952 total
[2024-02-27T19:21:10.905+0000][7][gc,age      ] GC(53) - age   5:       9320 bytes,     210272 total
[2024-02-27T19:21:10.905+0000][7][gc,age      ] GC(53) - age   6:      16832 bytes,     227104 total
[2024-02-27T19:21:10.905+0000][7][gc,age      ] GC(53) - age   7:       3864 bytes,     230968 total
[2024-02-27T19:21:10.905+0000][7][gc,age      ] GC(53) - age   8:       5496 bytes,     236464 total
[2024-02-27T19:21:10.905+0000][7][gc,age      ] GC(53) - age   9:       3576 bytes,     240040 total
[2024-02-27T19:21:10.905+0000][7][gc,age      ] GC(53) - age  11:      23024 bytes,     263064 total
[2024-02-27T19:21:10.905+0000][7][gc,age      ] GC(53) - age  12:        488 bytes,     263552 total
[2024-02-27T19:21:10.905+0000][7][gc,age      ] GC(53) - age  14:       7768 bytes,     271320 total
[2024-02-27T19:21:10.905+0000][7][gc,age      ] GC(53) - age  15:      33016 bytes,     304336 total
[2024-02-27T19:21:10.905+0000][7][gc,phases   ] GC(53)   Pre Evacuate Collection Set: 0.2ms
[2024-02-27T19:21:10.905+0000][7][gc,phases   ] GC(53)   Merge Heap Roots: 0.2ms
[2024-02-27T19:21:10.905+0000][7][gc,phases   ] GC(53)   Evacuate Collection Set: 2.0ms
[2024-02-27T19:21:10.905+0000][7][gc,phases   ] GC(53)   Post Evacuate Collection Set: 0.6ms
[2024-02-27T19:21:10.905+0000][7][gc,phases   ] GC(53)   Other: 0.5ms
[2024-02-27T19:21:10.905+0000][7][gc,heap     ] GC(53) Eden regions: 152->0(152)
[2024-02-27T19:21:10.905+0000][7][gc,heap     ] GC(53) Survivor regions: 1->1(20)
[2024-02-27T19:21:10.905+0000][7][gc,heap     ] GC(53) Old regions: 21->21
[2024-02-27T19:21:10.905+0000][7][gc,heap     ] GC(53) Archive regions: 2->2
[2024-02-27T19:21:10.905+0000][7][gc,heap     ] GC(53) Humongous regions: 2->2
[2024-02-27T19:21:10.905+0000][7][gc,metaspace] GC(53) Metaspace: 100600K(105168K)->100600K(105168K) NonClass: 87576K(90960K)->87576K(90960K) Class: 13023K(14208K)->13023K(14208K)
[2024-02-27T19:21:10.905+0000][7][gc          ] GC(53) Pause Young (Normal) (G1 Evacuation Pause) 701M->93M(1024M) 3.489ms
[2024-02-27T19:21:10.905+0000][7][gc,cpu      ] GC(53) User=0.01s Sys=0.00s Real=0.00s
[2024-02-27T19:21:10.905+0000][7][safepoint   ] Safepoint "G1CollectForAllocation", Time since last: 3466703856833 ns, Reaching safepoint: 88810 ns, At safepoint: 3583337 ns, Total: 3672147 ns
[2024-02-27T22:38:53.609+0000][7][safepoint   ] Safepoint "Cleanup", Time since last: 11862703554248 ns, Reaching safepoint: 111948 ns, At safepoint: 3862 ns, Total: 115810 ns
[2024-02-28T01:46:13.270+0000][7][safepoint   ] Safepoint "Cleanup", Time since last: 11239661198859 ns, Reaching safepoint: 128851 ns, At safepoint: 3958 ns, Total: 132809 ns
[2024-02-28T01:46:15.271+0000][7][safepoint   ] Safepoint "Cleanup", Time since last: 2000216816 ns, Reaching safepoint: 93321 ns, At safepoint: 3668 ns, Total: 96989 ns
[2024-02-28T02:11:11.125+0000][7][gc,start    ] GC(54) Pause Young (Normal) (G1 Evacuation Pause)
[2024-02-28T02:11:11.125+0000][7][gc,task     ] GC(54) Using 13 workers of 13 for evacuation
[2024-02-28T02:11:11.125+0000][7][gc,age      ] GC(54) Desired survivor size 41943040 bytes, new threshold 15 (max threshold 15)
[2024-02-28T02:11:11.127+0000][7][gc,age      ] GC(54) Age table with threshold 15 (max threshold 15)
[2024-02-28T02:11:11.127+0000][7][gc,age      ] GC(54) - age   1:     243592 bytes,     243592 total
[2024-02-28T02:11:11.127+0000][7][gc,age      ] GC(54) - age   2:      98088 bytes,     341680 total
[2024-02-28T02:11:11.127+0000][7][gc,age      ] GC(54) - age   3:        784 bytes,     342464 total
[2024-02-28T02:11:11.127+0000][7][gc,age      ] GC(54) - age   4:      45192 bytes,     387656 total
[2024-02-28T02:11:11.127+0000][7][gc,age      ] GC(54) - age   5:      17512 bytes,     405168 total
[2024-02-28T02:11:11.127+0000][7][gc,age      ] GC(54) - age   6:        344 bytes,     405512 total
[2024-02-28T02:11:11.127+0000][7][gc,age      ] GC(54) - age   7:      16752 bytes,     422264 total
[2024-02-28T02:11:11.127+0000][7][gc,age      ] GC(54) - age   8:       3784 bytes,     426048 total
[2024-02-28T02:11:11.127+0000][7][gc,age      ] GC(54) - age   9:       5496 bytes,     431544 total
[2024-02-28T02:11:11.127+0000][7][gc,age      ] GC(54) - age  10:       3496 bytes,     435040 total
[2024-02-28T02:11:11.127+0000][7][gc,age      ] GC(54) - age  12:       6872 bytes,     441912 total
[2024-02-28T02:11:11.127+0000][7][gc,age      ] GC(54) - age  13:        488 bytes,     442400 total
[2024-02-28T02:11:11.127+0000][7][gc,age      ] GC(54) - age  15:       7768 bytes,     450168 total
[2024-02-28T02:11:11.127+0000][7][gc,phases   ] GC(54)   Pre Evacuate Collection Set: 0.2ms
[2024-02-28T02:11:11.127+0000][7][gc,phases   ] GC(54)   Merge Heap Roots: 0.1ms
[2024-02-28T02:11:11.127+0000][7][gc,phases   ] GC(54)   Evacuate Collection Set: 1.0ms
[2024-02-28T02:11:11.127+0000][7][gc,phases   ] GC(54)   Post Evacuate Collection Set: 0.5ms
[2024-02-28T02:11:11.128+0000][7][gc,phases   ] GC(54)   Other: 0.5ms
[2024-02-28T02:11:11.128+0000][7][gc,heap     ] GC(54) Eden regions: 152->0(152)
[2024-02-28T02:11:11.128+0000][7][gc,heap     ] GC(54) Survivor regions: 1->1(20)
[2024-02-28T02:11:11.128+0000][7][gc,heap     ] GC(54) Old regions: 21->21
[2024-02-28T02:11:11.128+0000][7][gc,heap     ] GC(54) Archive regions: 2->2
[2024-02-28T02:11:11.128+0000][7][gc,heap     ] GC(54) Humongous regions: 2->2
[2024-02-28T02:11:11.128+0000][7][gc,metaspace] GC(54) Metaspace: 100615K(105168K)->100615K(105168K) NonClass: 87591K(90960K)->87591K(90960K) Class: 13024K(14208K)->13024K(14208K)
[2024-02-28T02:11:11.128+0000][7][gc          ] GC(54) Pause Young (Normal) (G1 Evacuation Pause) 701M->93M(1024M) 2.371ms
[2024-02-28T02:11:11.128+0000][7][gc,cpu      ] GC(54) User=0.01s Sys=0.00s Real=0.01s
[2024-02-28T02:11:11.128+0000][7][safepoint   ] Safepoint "G1CollectForAllocation", Time since last: 1495854451654 ns, Reaching safepoint: 88165 ns, At safepoint: 2459581 ns, Total: 2547746 ns
[2024-02-28T06:38:24.044+0000][7][safepoint   ] Safepoint "Cleanup", Time since last: 16032916336753 ns, Reaching safepoint: 81754 ns, At safepoint: 3704 ns, Total: 85458 ns
[2024-02-28T07:40:22.263+0000][7][safepoint   ] Safepoint "Cleanup", Time since last: 3718218861211 ns, Reaching safepoint: 119439 ns, At safepoint: 3566 ns, Total: 123005 ns
[2024-02-28T09:04:04.848+0000][7][gc,start    ] GC(55) Pause Young (Normal) (G1 Evacuation Pause)
[2024-02-28T09:04:04.848+0000][7][gc,task     ] GC(55) Using 13 workers of 13 for evacuation
[2024-02-28T09:04:04.848+0000][7][gc,age      ] GC(55) Desired survivor size 41943040 bytes, new threshold 15 (max threshold 15)
[2024-02-28T09:04:04.851+0000][7][gc,age      ] GC(55) Age table with threshold 15 (max threshold 15)
[2024-02-28T09:04:04.851+0000][7][gc,age      ] GC(55) - age   1:      47240 bytes,      47240 total
[2024-02-28T09:04:04.851+0000][7][gc,age      ] GC(55) - age   2:     101272 bytes,     148512 total
[2024-02-28T09:04:04.851+0000][7][gc,age      ] GC(55) - age   3:      98048 bytes,     246560 total
[2024-02-28T09:04:04.851+0000][7][gc,age      ] GC(55) - age   4:        408 bytes,     246968 total
[2024-02-28T09:04:04.851+0000][7][gc,age      ] GC(55) - age   5:      44856 bytes,     291824 total
[2024-02-28T09:04:04.851+0000][7][gc,age      ] GC(55) - age   6:      17176 bytes,     309000 total
[2024-02-28T09:04:04.851+0000][7][gc,age      ] GC(55) - age   7:        344 bytes,     309344 total
[2024-02-28T09:04:04.851+0000][7][gc,age      ] GC(55) - age   8:      16752 bytes,     326096 total
[2024-02-28T09:04:04.851+0000][7][gc,age      ] GC(55) - age   9:       3784 bytes,     329880 total
[2024-02-28T09:04:04.851+0000][7][gc,age      ] GC(55) - age  10:       5496 bytes,     335376 total
[2024-02-28T09:04:04.851+0000][7][gc,age      ] GC(55) - age  11:       3496 bytes,     338872 total
[2024-02-28T09:04:04.851+0000][7][gc,age      ] GC(55) - age  13:       6872 bytes,     345744 total
[2024-02-28T09:04:04.851+0000][7][gc,age      ] GC(55) - age  14:        488 bytes,     346232 total
[2024-02-28T09:04:04.851+0000][7][gc,phases   ] GC(55)   Pre Evacuate Collection Set: 0.2ms
[2024-02-28T09:04:04.851+0000][7][gc,phases   ] GC(55)   Merge Heap Roots: 0.1ms
[2024-02-28T09:04:04.851+0000][7][gc,phases   ] GC(55)   Evacuate Collection Set: 1.3ms
[2024-02-28T09:04:04.851+0000][7][gc,phases   ] GC(55)   Post Evacuate Collection Set: 0.5ms
[2024-02-28T09:04:04.851+0000][7][gc,phases   ] GC(55)   Other: 0.4ms
[2024-02-28T09:04:04.851+0000][7][gc,heap     ] GC(55) Eden regions: 152->0(152)
[2024-02-28T09:04:04.851+0000][7][gc,heap     ] GC(55) Survivor regions: 1->1(20)
[2024-02-28T09:04:04.851+0000][7][gc,heap     ] GC(55) Old regions: 21->21
[2024-02-28T09:04:04.851+0000][7][gc,heap     ] GC(55) Archive regions: 2->2
[2024-02-28T09:04:04.851+0000][7][gc,heap     ] GC(55) Humongous regions: 2->2
[2024-02-28T09:04:04.851+0000][7][gc,metaspace] GC(55) Metaspace: 100629K(105168K)->100629K(105168K) NonClass: 87604K(90960K)->87604K(90960K) Class: 13024K(14208K)->13024K(14208K)
[2024-02-28T09:04:04.851+0000][7][gc          ] GC(55) Pause Young (Normal) (G1 Evacuation Pause) 701M->93M(1024M) 2.733ms
[2024-02-28T09:04:04.851+0000][7][gc,cpu      ] GC(55) User=0.01s Sys=0.00s Real=0.00s
[2024-02-28T09:04:04.851+0000][7][safepoint   ] Safepoint "G1CollectForAllocation", Time since last: 5022585008444 ns, Reaching safepoint: 87457 ns, At safepoint: 2820293 ns, Total: 2907750 ns
[2024-02-28T12:13:50.518+0000][7][safepoint   ] Safepoint "Cleanup", Time since last: 11385667340905 ns, Reaching safepoint: 91475 ns, At safepoint: 9479 ns, Total: 100954 ns
[2024-02-28T12:54:47.664+0000][7][safepoint   ] Safepoint "Cleanup", Time since last: 2457145220078 ns, Reaching safepoint: 90748 ns, At safepoint: 5894 ns, Total: 96642 ns
[2024-02-28T13:44:06.838+0000][7][safepoint   ] Safepoint "Cleanup", Time since last: 2959174276759 ns, Reaching safepoint: 110595 ns, At safepoint: 4338 ns, Total: 114933 ns
[2024-02-28T13:44:09.839+0000][7][safepoint   ] Safepoint "Cleanup", Time since last: 3000286631 ns, Reaching safepoint: 89107 ns, At safepoint: 3944 ns, Total: 93051 ns
[2024-02-28T15:42:38.260+0000][7][safepoint   ] Safepoint "Cleanup", Time since last: 7108420926068 ns, Reaching safepoint: 120431 ns, At safepoint: 4104 ns, Total: 124535 ns
[2024-02-28T15:42:52.261+0000][7][safepoint   ] Safepoint "Cleanup", Time since last: 14000926991 ns, Reaching safepoint: 96777 ns, At safepoint: 6492 ns, Total: 103269 ns
[2024-02-28T15:44:58.268+0000][7][safepoint   ] Safepoint "Cleanup", Time since last: 126007381561 ns, Reaching safepoint: 117826 ns, At safepoint: 12819 ns, Total: 130645 ns
[2024-02-28T15:46:11.273+0000][7][safepoint   ] Safepoint "Cleanup", Time since last: 73004297901 ns, Reaching safepoint: 118245 ns, At safepoint: 3963 ns, Total: 122208 ns
[2024-02-28T15:46:12.273+0000][7][safepoint   ] Safepoint "Cleanup", Time since last: 1000167042 ns, Reaching safepoint: 108017 ns, At safepoint: 4364 ns, Total: 112381 ns
[2024-02-28T15:46:20.274+0000][7][safepoint   ] Safepoint "Cleanup", Time since last: 8000569154 ns, Reaching safepoint: 116701 ns, At safepoint: 4355 ns, Total: 121056 ns
[2024-02-28T15:46:22.274+0000][7][safepoint   ] Safepoint "Cleanup", Time since last: 2000225502 ns, Reaching safepoint: 76175 ns, At safepoint: 4217 ns, Total: 80392 ns
[2024-02-28T15:50:08.114+0000][7][gc,start    ] GC(56) Pause Young (Normal) (G1 Evacuation Pause)
[2024-02-28T15:50:08.115+0000][7][gc,task     ] GC(56) Using 13 workers of 13 for evacuation
[2024-02-28T15:50:08.115+0000][7][gc,age      ] GC(56) Desired survivor size 41943040 bytes, new threshold 15 (max threshold 15)
[2024-02-28T15:50:08.116+0000][7][gc,age      ] GC(56) Age table with threshold 15 (max threshold 15)
[2024-02-28T15:50:08.116+0000][7][gc,age      ] GC(56) - age   1:      37712 bytes,      37712 total
[2024-02-28T15:50:08.116+0000][7][gc,age      ] GC(56) - age   2:      10680 bytes,      48392 total
[2024-02-28T15:50:08.116+0000][7][gc,age      ] GC(56) - age   3:      19344 bytes,      67736 total
[2024-02-28T15:50:08.116+0000][7][gc,age      ] GC(56) - age   4:      16576 bytes,      84312 total
[2024-02-28T15:50:08.116+0000][7][gc,age      ] GC(56) - age   5:        240 bytes,      84552 total
[2024-02-28T15:50:08.116+0000][7][gc,age      ] GC(56) - age   6:       4536 bytes,      89088 total
[2024-02-28T15:50:08.116+0000][7][gc,age      ] GC(56) - age   7:        312 bytes,      89400 total
[2024-02-28T15:50:08.116+0000][7][gc,age      ] GC(56) - age   8:        304 bytes,      89704 total
[2024-02-28T15:50:08.116+0000][7][gc,age      ] GC(56) - age   9:        600 bytes,      90304 total
[2024-02-28T15:50:08.116+0000][7][gc,age      ] GC(56) - age  10:       3784 bytes,      94088 total
[2024-02-28T15:50:08.116+0000][7][gc,age      ] GC(56) - age  11:       5496 bytes,      99584 total
[2024-02-28T15:50:08.116+0000][7][gc,age      ] GC(56) - age  12:       3496 bytes,     103080 total
[2024-02-28T15:50:08.116+0000][7][gc,age      ] GC(56) - age  14:       6872 bytes,     109952 total
[2024-02-28T15:50:08.116+0000][7][gc,age      ] GC(56) - age  15:        488 bytes,     110440 total
[2024-02-28T15:50:08.116+0000][7][gc,phases   ] GC(56)   Pre Evacuate Collection Set: 0.2ms
[2024-02-28T15:50:08.116+0000][7][gc,phases   ] GC(56)   Merge Heap Roots: 0.1ms
[2024-02-28T15:50:08.116+0000][7][gc,phases   ] GC(56)   Evacuate Collection Set: 0.6ms
[2024-02-28T15:50:08.116+0000][7][gc,phases   ] GC(56)   Post Evacuate Collection Set: 0.5ms
[2024-02-28T15:50:08.116+0000][7][gc,phases   ] GC(56)   Other: 0.5ms
[2024-02-28T15:50:08.116+0000][7][gc,heap     ] GC(56) Eden regions: 152->0(152)
[2024-02-28T15:50:08.116+0000][7][gc,heap     ] GC(56) Survivor regions: 1->1(20)
[2024-02-28T15:50:08.116+0000][7][gc,heap     ] GC(56) Old regions: 21->21
[2024-02-28T15:50:08.116+0000][7][gc,heap     ] GC(56) Archive regions: 2->2
[2024-02-28T15:50:08.116+0000][7][gc,heap     ] GC(56) Humongous regions: 2->2
[2024-02-28T15:50:08.116+0000][7][gc,metaspace] GC(56) Metaspace: 100630K(105168K)->100630K(105168K) NonClass: 87605K(90960K)->87605K(90960K) Class: 13024K(14208K)->13024K(14208K)
[2024-02-28T15:50:08.116+0000][7][gc          ] GC(56) Pause Young (Normal) (G1 Evacuation Pause) 701M->92M(1024M) 1.974ms
[2024-02-28T15:50:08.116+0000][7][gc,cpu      ] GC(56) User=0.01s Sys=0.00s Real=0.00s
[2024-02-28T15:50:08.116+0000][7][safepoint   ] Safepoint "G1CollectForAllocation", Time since last: 225840475664 ns, Reaching safepoint: 91155 ns, At safepoint: 2063335 ns, Total: 2154490 ns
[2024-02-28T21:10:01.258+0000][7][safepoint   ] Safepoint "Cleanup", Time since last: 19193141461951 ns, Reaching safepoint: 106398 ns, At safepoint: 4010 ns, Total: 110408 ns
[2024-02-28T22:44:36.450+0000][7][gc,start    ] GC(57) Pause Young (Normal) (G1 Evacuation Pause)
[2024-02-28T22:44:36.450+0000][7][gc,task     ] GC(57) Using 13 workers of 13 for evacuation
[2024-02-28T22:44:36.450+0000][7][gc,age      ] GC(57) Desired survivor size 41943040 bytes, new threshold 15 (max threshold 15)
[2024-02-28T22:44:36.452+0000][7][gc,age      ] GC(57) Age table with threshold 15 (max threshold 15)
[2024-02-28T22:44:36.452+0000][7][gc,age      ] GC(57) - age   1:     160432 bytes,     160432 total
[2024-02-28T22:44:36.452+0000][7][gc,age      ] GC(57) - age   2:      16696 bytes,     177128 total
[2024-02-28T22:44:36.452+0000][7][gc,age      ] GC(57) - age   3:      10640 bytes,     187768 total
[2024-02-28T22:44:36.452+0000][7][gc,age      ] GC(57) - age   4:      19008 bytes,     206776 total
[2024-02-28T22:44:36.452+0000][7][gc,age      ] GC(57) - age   5:      16456 bytes,     223232 total
[2024-02-28T22:44:36.452+0000][7][gc,age      ] GC(57) - age   6:        240 bytes,     223472 total
[2024-02-28T22:44:36.452+0000][7][gc,age      ] GC(57) - age   7:       4496 bytes,     227968 total
[2024-02-28T22:44:36.452+0000][7][gc,age      ] GC(57) - age   8:        232 bytes,     228200 total
[2024-02-28T22:44:36.452+0000][7][gc,age      ] GC(57) - age   9:        304 bytes,     228504 total
[2024-02-28T22:44:36.452+0000][7][gc,age      ] GC(57) - age  10:        520 bytes,     229024 total
[2024-02-28T22:44:36.452+0000][7][gc,age      ] GC(57) - age  11:       3784 bytes,     232808 total
[2024-02-28T22:44:36.452+0000][7][gc,age      ] GC(57) - age  12:       5496 bytes,     238304 total
[2024-02-28T22:44:36.452+0000][7][gc,age      ] GC(57) - age  13:       3496 bytes,     241800 total
[2024-02-28T22:44:36.452+0000][7][gc,age      ] GC(57) - age  15:       6832 bytes,     248632 total
[2024-02-28T22:44:36.452+0000][7][gc,phases   ] GC(57)   Pre Evacuate Collection Set: 0.2ms
[2024-02-28T22:44:36.452+0000][7][gc,phases   ] GC(57)   Merge Heap Roots: 0.1ms
[2024-02-28T22:44:36.452+0000][7][gc,phases   ] GC(57)   Evacuate Collection Set: 1.0ms
[2024-02-28T22:44:36.452+0000][7][gc,phases   ] GC(57)   Post Evacuate Collection Set: 0.6ms
[2024-02-28T22:44:36.452+0000][7][gc,phases   ] GC(57)   Other: 0.5ms
[2024-02-28T22:44:36.452+0000][7][gc,heap     ] GC(57) Eden regions: 152->0(152)
[2024-02-28T22:44:36.452+0000][7][gc,heap     ] GC(57) Survivor regions: 1->1(20)
[2024-02-28T22:44:36.452+0000][7][gc,heap     ] GC(57) Old regions: 21->21
[2024-02-28T22:44:36.452+0000][7][gc,heap     ] GC(57) Archive regions: 2->2
[2024-02-28T22:44:36.452+0000][7][gc,heap     ] GC(57) Humongous regions: 2->2
[2024-02-28T22:44:36.452+0000][7][gc,metaspace] GC(57) Metaspace: 100631K(105168K)->100631K(105168K) NonClass: 87606K(90960K)->87606K(90960K) Class: 13024K(14208K)->13024K(14208K)
[2024-02-28T22:44:36.452+0000][7][gc          ] GC(57) Pause Young (Normal) (G1 Evacuation Pause) 700M->93M(1024M) 2.443ms
[2024-02-28T22:44:36.452+0000][7][gc,cpu      ] GC(57) User=0.01s Sys=0.00s Real=0.00s
[2024-02-28T22:44:36.452+0000][7][safepoint   ] Safepoint "G1CollectForAllocation", Time since last: 5675191750388 ns, Reaching safepoint: 185692 ns, At safepoint: 2532780 ns, Total: 2718472 ns
[2024-02-28T23:36:18.634+0000][7][safepoint   ] Safepoint "Cleanup", Time since last: 3102181369746 ns, Reaching safepoint: 117019 ns, At safepoint: 4380 ns, Total: 121399 ns
[2024-02-29T01:38:00.063+0000][7][safepoint   ] Safepoint "Cleanup", Time since last: 7301428969736 ns, Reaching safepoint: 87755 ns, At safepoint: 3751 ns, Total: 91506 ns
[2024-02-29T02:29:36.247+0000][7][safepoint   ] Safepoint "Cleanup", Time since last: 3096183701018 ns, Reaching safepoint: 86702 ns, At safepoint: 3635 ns, Total: 90337 ns
[2024-02-29T02:29:38.247+0000][7][safepoint   ] Safepoint "Cleanup", Time since last: 2000222517 ns, Reaching safepoint: 88651 ns, At safepoint: 3577 ns, Total: 92228 ns
[2024-02-29T02:29:43.248+0000][7][safepoint   ] Safepoint "Cleanup", Time since last: 5000401932 ns, Reaching safepoint: 89211 ns, At safepoint: 3611 ns, Total: 92822 ns
[2024-02-29T02:41:18.289+0000][7][safepoint   ] Safepoint "Cleanup", Time since last: 695041111565 ns, Reaching safepoint: 100155 ns, At safepoint: 4165 ns, Total: 104320 ns
[2024-02-29T03:05:36.375+0000][7][safepoint   ] Safepoint "Cleanup", Time since last: 1458086072698 ns, Reaching safepoint: 87718 ns, At safepoint: 8408 ns, Total: 96126 ns
[2024-02-29T05:34:27.898+0000][7][gc,start    ] GC(58) Pause Young (Normal) (G1 Evacuation Pause)
[2024-02-29T05:34:27.898+0000][7][gc,task     ] GC(58) Using 13 workers of 13 for evacuation
[2024-02-29T05:34:27.898+0000][7][gc,age      ] GC(58) Desired survivor size 41943040 bytes, new threshold 15 (max threshold 15)
[2024-02-29T05:34:27.900+0000][7][gc,age      ] GC(58) Age table with threshold 15 (max threshold 15)
[2024-02-29T05:34:27.900+0000][7][gc,age      ] GC(58) - age   1:     231952 bytes,     231952 total
[2024-02-29T05:34:27.900+0000][7][gc,age      ] GC(58) - age   2:     138384 bytes,     370336 total
[2024-02-29T05:34:27.900+0000][7][gc,age      ] GC(58) - age   3:        544 bytes,     370880 total
[2024-02-29T05:34:27.900+0000][7][gc,age      ] GC(58) - age   4:       1536 bytes,     372416 total
[2024-02-29T05:34:27.900+0000][7][gc,age      ] GC(58) - age   5:      17520 bytes,     389936 total
[2024-02-29T05:34:27.900+0000][7][gc,age      ] GC(58) - age   6:      16296 bytes,     406232 total
[2024-02-29T05:34:27.900+0000][7][gc,age      ] GC(58) - age   7:         80 bytes,     406312 total
[2024-02-29T05:34:27.900+0000][7][gc,age      ] GC(58) - age   8:       4072 bytes,     410384 total
[2024-02-29T05:34:27.900+0000][7][gc,age      ] GC(58) - age   9:        232 bytes,     410616 total
[2024-02-29T05:34:27.900+0000][7][gc,age      ] GC(58) - age  10:        264 bytes,     410880 total
[2024-02-29T05:34:27.900+0000][7][gc,age      ] GC(58) - age  11:        520 bytes,     411400 total
[2024-02-29T05:34:27.900+0000][7][gc,age      ] GC(58) - age  12:       3744 bytes,     415144 total
[2024-02-29T05:34:27.900+0000][7][gc,age      ] GC(58) - age  13:       5496 bytes,     420640 total
[2024-02-29T05:34:27.900+0000][7][gc,age      ] GC(58) - age  14:       3416 bytes,     424056 total
[2024-02-29T05:34:27.900+0000][7][gc,phases   ] GC(58)   Pre Evacuate Collection Set: 0.2ms
[2024-02-29T05:34:27.900+0000][7][gc,phases   ] GC(58)   Merge Heap Roots: 0.1ms
[2024-02-29T05:34:27.900+0000][7][gc,phases   ] GC(58)   Evacuate Collection Set: 0.9ms
[2024-02-29T05:34:27.900+0000][7][gc,phases   ] GC(58)   Post Evacuate Collection Set: 0.6ms
[2024-02-29T05:34:27.900+0000][7][gc,phases   ] GC(58)   Other: 0.5ms
[2024-02-29T05:34:27.900+0000][7][gc,heap     ] GC(58) Eden regions: 152->0(152)
[2024-02-29T05:34:27.900+0000][7][gc,heap     ] GC(58) Survivor regions: 1->1(20)
[2024-02-29T05:34:27.900+0000][7][gc,heap     ] GC(58) Old regions: 21->21
[2024-02-29T05:34:27.900+0000][7][gc,heap     ] GC(58) Archive regions: 2->2
[2024-02-29T05:34:27.900+0000][7][gc,heap     ] GC(58) Humongous regions: 2->2
[2024-02-29T05:34:27.900+0000][7][gc,metaspace] GC(58) Metaspace: 100639K(105168K)->100639K(105168K) NonClass: 87615K(90960K)->87615K(90960K) Class: 13024K(14208K)->13024K(14208K)
[2024-02-29T05:34:27.900+0000][7][gc          ] GC(58) Pause Young (Normal) (G1 Evacuation Pause) 701M->93M(1024M) 2.334ms
[2024-02-29T05:34:27.900+0000][7][gc,cpu      ] GC(58) User=0.01s Sys=0.00s Real=0.00s
[2024-02-29T05:34:27.900+0000][7][safepoint   ] Safepoint "G1CollectForAllocation", Time since last: 8931522862547 ns, Reaching safepoint: 84086 ns, At safepoint: 2425569 ns, Total: 2509655 ns
[2024-02-29T07:30:20.308+0000][7][safepoint   ] Safepoint "Cleanup", Time since last: 6952407954303 ns, Reaching safepoint: 83870 ns, At safepoint: 3625 ns, Total: 87495 ns
[2024-02-29T08:27:00.508+0000][7][safepoint   ] Safepoint "Cleanup", Time since last: 3400199926225 ns, Reaching safepoint: 91071 ns, At safepoint: 6363 ns, Total: 97434 ns
[2024-02-29T09:22:56.707+0000][7][safepoint   ] Safepoint "Cleanup", Time since last: 3356198742077 ns, Reaching safepoint: 90255 ns, At safepoint: 5835 ns, Total: 96090 ns
[2024-02-29T09:22:57.708+0000][7][safepoint   ] Safepoint "Cleanup", Time since last: 1000161949 ns, Reaching safepoint: 86108 ns, At safepoint: 4024 ns, Total: 90132 ns
[2024-02-29T12:25:49.287+0000][7][gc,start    ] GC(59) Pause Young (Normal) (G1 Evacuation Pause)
[2024-02-29T12:25:49.287+0000][7][gc,task     ] GC(59) Using 13 workers of 13 for evacuation
[2024-02-29T12:25:49.287+0000][7][gc,age      ] GC(59) Desired survivor size 41943040 bytes, new threshold 15 (max threshold 15)
[2024-02-29T12:25:49.289+0000][7][gc,age      ] GC(59) Age table with threshold 15 (max threshold 15)
[2024-02-29T12:25:49.289+0000][7][gc,age      ] GC(59) - age   1:      70704 bytes,      70704 total
[2024-02-29T12:25:49.289+0000][7][gc,age      ] GC(59) - age   2:      88056 bytes,     158760 total
[2024-02-29T12:25:49.289+0000][7][gc,age      ] GC(59) - age   3:     129616 bytes,     288376 total
[2024-02-29T12:25:49.289+0000][7][gc,age      ] GC(59) - age   4:        504 bytes,     288880 total
[2024-02-29T12:25:49.289+0000][7][gc,age      ] GC(59) - age   5:        272 bytes,     289152 total
[2024-02-29T12:25:49.289+0000][7][gc,age      ] GC(59) - age   6:      17480 bytes,     306632 total
[2024-02-29T12:25:49.289+0000][7][gc,age      ] GC(59) - age   7:      16296 bytes,     322928 total
[2024-02-29T12:25:49.289+0000][7][gc,age      ] GC(59) - age   8:         40 bytes,     322968 total
[2024-02-29T12:25:49.289+0000][7][gc,age      ] GC(59) - age   9:       4072 bytes,     327040 total
[2024-02-29T12:25:49.289+0000][7][gc,age      ] GC(59) - age  10:        232 bytes,     327272 total
[2024-02-29T12:25:49.289+0000][7][gc,age      ] GC(59) - age  11:        264 bytes,     327536 total
[2024-02-29T12:25:49.289+0000][7][gc,age      ] GC(59) - age  12:        520 bytes,     328056 total
[2024-02-29T12:25:49.289+0000][7][gc,age      ] GC(59) - age  13:       3744 bytes,     331800 total
[2024-02-29T12:25:49.289+0000][7][gc,age      ] GC(59) - age  14:       5496 bytes,     337296 total
[2024-02-29T12:25:49.289+0000][7][gc,age      ] GC(59) - age  15:       3416 bytes,     340712 total
[2024-02-29T12:25:49.289+0000][7][gc,phases   ] GC(59)   Pre Evacuate Collection Set: 0.2ms
[2024-02-29T12:25:49.289+0000][7][gc,phases   ] GC(59)   Merge Heap Roots: 0.1ms
[2024-02-29T12:25:49.289+0000][7][gc,phases   ] GC(59)   Evacuate Collection Set: 0.8ms
[2024-02-29T12:25:49.289+0000][7][gc,phases   ] GC(59)   Post Evacuate Collection Set: 0.5ms
[2024-02-29T12:25:49.289+0000][7][gc,phases   ] GC(59)   Other: 0.4ms
[2024-02-29T12:25:49.289+0000][7][gc,heap     ] GC(59) Eden regions: 152->0(152)
[2024-02-29T12:25:49.289+0000][7][gc,heap     ] GC(59) Survivor regions: 1->1(20)
[2024-02-29T12:25:49.289+0000][7][gc,heap     ] GC(59) Old regions: 21->21
[2024-02-29T12:25:49.289+0000][7][gc,heap     ] GC(59) Archive regions: 2->2
[2024-02-29T12:25:49.289+0000][7][gc,heap     ] GC(59) Humongous regions: 2->2
[2024-02-29T12:25:49.289+0000][7][gc,metaspace] GC(59) Metaspace: 100645K(105168K)->100645K(105168K) NonClass: 87621K(90960K)->87621K(90960K) Class: 13024K(14208K)->13024K(14208K)
[2024-02-29T12:25:49.289+0000][7][gc          ] GC(59) Pause Young (Normal) (G1 Evacuation Pause) 701M->93M(1024M) 2.222ms
[2024-02-29T12:25:49.290+0000][7][gc,cpu      ] GC(59) User=0.01s Sys=0.00s Real=0.00s
[2024-02-29T12:25:49.290+0000][7][safepoint   ] Safepoint "G1CollectForAllocation", Time since last: 10971579598323 ns, Reaching safepoint: 90301 ns, At safepoint: 2315958 ns, Total: 2406259 ns
[2024-02-29T19:10:49.725+0000][7][safepoint   ] Safepoint "Cleanup", Time since last: 24300435583494 ns, Reaching safepoint: 86725 ns, At safepoint: 3643 ns, Total: 90368 ns
[2024-02-29T19:17:28.122+0000][7][gc,start    ] GC(60) Pause Young (Normal) (G1 Evacuation Pause)
[2024-02-29T19:17:28.122+0000][7][gc,task     ] GC(60) Using 13 workers of 13 for evacuation
[2024-02-29T19:17:28.122+0000][7][gc,age      ] GC(60) Desired survivor size 41943040 bytes, new threshold 15 (max threshold 15)
[2024-02-29T19:17:28.124+0000][7][gc,age      ] GC(60) Age table with threshold 15 (max threshold 15)
[2024-02-29T19:17:28.124+0000][7][gc,age      ] GC(60) - age   1:      55416 bytes,      55416 total
[2024-02-29T19:17:28.124+0000][7][gc,age      ] GC(60) - age   2:      58408 bytes,     113824 total
[2024-02-29T19:17:28.124+0000][7][gc,age      ] GC(60) - age   3:      70720 bytes,     184544 total
[2024-02-29T19:17:28.124+0000][7][gc,age      ] GC(60) - age   4:      81080 bytes,     265624 total
[2024-02-29T19:17:28.125+0000][7][gc,age      ] GC(60) - age   5:        128 bytes,     265752 total
[2024-02-29T19:17:28.125+0000][7][gc,age      ] GC(60) - age   6:        272 bytes,     266024 total
[2024-02-29T19:17:28.125+0000][7][gc,age      ] GC(60) - age   7:      17480 bytes,     283504 total
[2024-02-29T19:17:28.125+0000][7][gc,age      ] GC(60) - age   8:      16296 bytes,     299800 total
[2024-02-29T19:17:28.125+0000][7][gc,age      ] GC(60) - age   9:         40 bytes,     299840 total
[2024-02-29T19:17:28.125+0000][7][gc,age      ] GC(60) - age  10:       4072 bytes,     303912 total
[2024-02-29T19:17:28.125+0000][7][gc,age      ] GC(60) - age  11:        232 bytes,     304144 total
[2024-02-29T19:17:28.125+0000][7][gc,age      ] GC(60) - age  12:        264 bytes,     304408 total
[2024-02-29T19:17:28.125+0000][7][gc,age      ] GC(60) - age  13:        520 bytes,     304928 total
[2024-02-29T19:17:28.125+0000][7][gc,age      ] GC(60) - age  14:       3744 bytes,     308672 total
[2024-02-29T19:17:28.125+0000][7][gc,age      ] GC(60) - age  15:       5496 bytes,     314168 total
[2024-02-29T19:17:28.125+0000][7][gc,phases   ] GC(60)   Pre Evacuate Collection Set: 0.1ms
[2024-02-29T19:17:28.125+0000][7][gc,phases   ] GC(60)   Merge Heap Roots: 0.2ms
[2024-02-29T19:17:28.125+0000][7][gc,phases   ] GC(60)   Evacuate Collection Set: 1.1ms
[2024-02-29T19:17:28.125+0000][7][gc,phases   ] GC(60)   Post Evacuate Collection Set: 0.5ms
[2024-02-29T19:17:28.125+0000][7][gc,phases   ] GC(60)   Other: 0.5ms
[2024-02-29T19:17:28.125+0000][7][gc,heap     ] GC(60) Eden regions: 152->0(152)
[2024-02-29T19:17:28.125+0000][7][gc,heap     ] GC(60) Survivor regions: 1->1(20)
[2024-02-29T19:17:28.125+0000][7][gc,heap     ] GC(60) Old regions: 21->21
[2024-02-29T19:17:28.125+0000][7][gc,heap     ] GC(60) Archive regions: 2->2
[2024-02-29T19:17:28.125+0000][7][gc,heap     ] GC(60) Humongous regions: 2->2
[2024-02-29T19:17:28.125+0000][7][gc,metaspace] GC(60) Metaspace: 100705K(105168K)->100705K(105168K) NonClass: 87680K(90960K)->87680K(90960K) Class: 13024K(14208K)->13024K(14208K)
[2024-02-29T19:17:28.125+0000][7][gc          ] GC(60) Pause Young (Normal) (G1 Evacuation Pause) 701M->93M(1024M) 2.562ms
[2024-02-29T19:17:28.125+0000][7][gc,cpu      ] GC(60) User=0.00s Sys=0.01s Real=0.00s
[2024-02-29T19:17:28.125+0000][7][safepoint   ] Safepoint "G1CollectForAllocation", Time since last: 398396842192 ns, Reaching safepoint: 158666 ns, At safepoint: 2656192 ns, Total: 2814858 ns
[2024-02-29T19:26:43.153+0000][7][safepoint   ] Safepoint "Cleanup", Time since last: 555027659884 ns, Reaching safepoint: 112167 ns, At safepoint: 3248 ns, Total: 115415 ns
[2024-02-29T19:26:44.153+0000][7][safepoint   ] Safepoint "Cleanup", Time since last: 1000153092 ns, Reaching safepoint: 91094 ns, At safepoint: 11481 ns, Total: 102575 ns
[2024-02-29T20:48:03.433+0000][7][safepoint   ] Safepoint "Cleanup", Time since last: 4879280279276 ns, Reaching safepoint: 109100 ns, At safepoint: 4339 ns, Total: 113439 ns
[2024-02-29T20:48:20.435+0000][7][safepoint   ] Safepoint "Cleanup", Time since last: 17001102357 ns, Reaching safepoint: 113643 ns, At safepoint: 4132 ns, Total: 117775 ns
[2024-02-29T20:59:28.474+0000][7][safepoint   ] Safepoint "Cleanup", Time since last: 668039305123 ns, Reaching safepoint: 83616 ns, At safepoint: 3879 ns, Total: 87495 ns
[2024-02-29T20:59:30.474+0000][7][safepoint   ] Safepoint "Cleanup", Time since last: 2000215417 ns, Reaching safepoint: 119368 ns, At safepoint: 3428 ns, Total: 122796 ns
[2024-02-29T20:59:32.475+0000][7][safepoint   ] Safepoint "Cleanup", Time since last: 2000216869 ns, Reaching safepoint: 125494 ns, At safepoint: 4433 ns, Total: 129927 ns
[2024-02-29T22:18:50.755+0000][7][safepoint   ] Safepoint "Cleanup", Time since last: 4758280696491 ns, Reaching safepoint: 122850 ns, At safepoint: 5812 ns, Total: 128662 ns
[2024-02-29T23:06:20.923+0000][7][safepoint   ] Safepoint "Cleanup", Time since last: 2850167503298 ns, Reaching safepoint: 86978 ns, At safepoint: 3554 ns, Total: 90532 ns
[2024-03-01T02:04:37.648+0000][7][gc,start    ] GC(61) Pause Young (Normal) (G1 Evacuation Pause)
[2024-03-01T02:04:37.649+0000][7][gc,task     ] GC(61) Using 13 workers of 13 for evacuation
[2024-03-01T02:04:37.649+0000][7][gc,age      ] GC(61) Desired survivor size 41943040 bytes, new threshold 15 (max threshold 15)
[2024-03-01T02:04:37.650+0000][7][gc,age      ] GC(61) Age table with threshold 15 (max threshold 15)
[2024-03-01T02:04:37.650+0000][7][gc,age      ] GC(61) - age   1:      87224 bytes,      87224 total
[2024-03-01T02:04:37.650+0000][7][gc,age      ] GC(61) - age   2:      41592 bytes,     128816 total
[2024-03-01T02:04:37.650+0000][7][gc,age      ] GC(61) - age   3:      49040 bytes,     177856 total
[2024-03-01T02:04:37.650+0000][7][gc,age      ] GC(61) - age   4:      52128 bytes,     229984 total
[2024-03-01T02:04:37.650+0000][7][gc,age      ] GC(61) - age   5:      81000 bytes,     310984 total
[2024-03-01T02:04:37.650+0000][7][gc,age      ] GC(61) - age   6:        128 bytes,     311112 total
[2024-03-01T02:04:37.650+0000][7][gc,age      ] GC(61) - age   7:        272 bytes,     311384 total
[2024-03-01T02:04:37.650+0000][7][gc,age      ] GC(61) - age   8:       1128 bytes,     312512 total
[2024-03-01T02:04:37.650+0000][7][gc,age      ] GC(61) - age   9:      16296 bytes,     328808 total
[2024-03-01T02:04:37.650+0000][7][gc,age      ] GC(61) - age  10:         40 bytes,     328848 total
[2024-03-01T02:04:37.650+0000][7][gc,age      ] GC(61) - age  11:       4072 bytes,     332920 total
[2024-03-01T02:04:37.650+0000][7][gc,age      ] GC(61) - age  12:        232 bytes,     333152 total
[2024-03-01T02:04:37.650+0000][7][gc,age      ] GC(61) - age  13:        264 bytes,     333416 total
[2024-03-01T02:04:37.650+0000][7][gc,age      ] GC(61) - age  14:        520 bytes,     333936 total
[2024-03-01T02:04:37.650+0000][7][gc,age      ] GC(61) - age  15:       3744 bytes,     337680 total
[2024-03-01T02:04:37.650+0000][7][gc,phases   ] GC(61)   Pre Evacuate Collection Set: 0.2ms
[2024-03-01T02:04:37.650+0000][7][gc,phases   ] GC(61)   Merge Heap Roots: 0.1ms
[2024-03-01T02:04:37.650+0000][7][gc,phases   ] GC(61)   Evacuate Collection Set: 0.6ms
[2024-03-01T02:04:37.650+0000][7][gc,phases   ] GC(61)   Post Evacuate Collection Set: 0.6ms
[2024-03-01T02:04:37.650+0000][7][gc,phases   ] GC(61)   Other: 0.5ms
[2024-03-01T02:04:37.650+0000][7][gc,heap     ] GC(61) Eden regions: 152->0(152)
[2024-03-01T02:04:37.650+0000][7][gc,heap     ] GC(61) Survivor regions: 1->1(20)
[2024-03-01T02:04:37.650+0000][7][gc,heap     ] GC(61) Old regions: 21->21
[2024-03-01T02:04:37.650+0000][7][gc,heap     ] GC(61) Archive regions: 2->2
[2024-03-01T02:04:37.650+0000][7][gc,heap     ] GC(61) Humongous regions: 2->2
[2024-03-01T02:04:37.650+0000][7][gc,metaspace] GC(61) Metaspace: 100716K(105168K)->100716K(105168K) NonClass: 87691K(90960K)->87691K(90960K) Class: 13024K(14208K)->13024K(14208K)
[2024-03-01T02:04:37.650+0000][7][gc          ] GC(61) Pause Young (Normal) (G1 Evacuation Pause) 701M->93M(1024M) 1.988ms
[2024-03-01T02:04:37.651+0000][7][gc,cpu      ] GC(61) User=0.00s Sys=0.00s Real=0.00s
[2024-03-01T02:04:37.651+0000][7][safepoint   ] Safepoint "G1CollectForAllocation", Time since last: 10696725320902 ns, Reaching safepoint: 115169 ns, At safepoint: 2077987 ns, Total: 2193156 ns
[2024-03-01T03:46:55.011+0000][7][safepoint   ] Safepoint "Cleanup", Time since last: 6137360135967 ns, Reaching safepoint: 95972 ns, At safepoint: 6096 ns, Total: 102068 ns
[2024-03-01T07:58:59.903+0000][7][safepoint   ] Safepoint "Cleanup", Time since last: 15124891706867 ns, Reaching safepoint: 140992 ns, At safepoint: 4429 ns, Total: 145421 ns
[2024-03-01T08:54:57.187+0000][7][gc,start    ] GC(62) Pause Young (Normal) (G1 Evacuation Pause)
[2024-03-01T08:54:57.187+0000][7][gc,task     ] GC(62) Using 13 workers of 13 for evacuation
[2024-03-01T08:54:57.187+0000][7][gc,age      ] GC(62) Desired survivor size 41943040 bytes, new threshold 15 (max threshold 15)
[2024-03-01T08:54:57.188+0000][7][gc,age      ] GC(62) Age table with threshold 15 (max threshold 15)
[2024-03-01T08:54:57.188+0000][7][gc,age      ] GC(62) - age   1:      62488 bytes,      62488 total
[2024-03-01T08:54:57.189+0000][7][gc,age      ] GC(62) - age   2:      50960 bytes,     113448 total
[2024-03-01T08:54:57.189+0000][7][gc,age      ] GC(62) - age   3:      41296 bytes,     154744 total
[2024-03-01T08:54:57.189+0000][7][gc,age      ] GC(62) - age   4:      48664 bytes,     203408 total
[2024-03-01T08:54:57.189+0000][7][gc,age      ] GC(62) - age   5:      52088 bytes,     255496 total
[2024-03-01T08:54:57.189+0000][7][gc,age      ] GC(62) - age   6:      80960 bytes,     336456 total
[2024-03-01T08:54:57.189+0000][7][gc,age      ] GC(62) - age   7:        128 bytes,     336584 total
[2024-03-01T08:54:57.189+0000][7][gc,age      ] GC(62) - age   8:        272 bytes,     336856 total
[2024-03-01T08:54:57.189+0000][7][gc,age      ] GC(62) - age   9:       1088 bytes,     337944 total
[2024-03-01T08:54:57.189+0000][7][gc,age      ] GC(62) - age  10:      16296 bytes,     354240 total
[2024-03-01T08:54:57.189+0000][7][gc,age      ] GC(62) - age  11:         40 bytes,     354280 total
[2024-03-01T08:54:57.189+0000][7][gc,age      ] GC(62) - age  12:       4072 bytes,     358352 total
[2024-03-01T08:54:57.189+0000][7][gc,age      ] GC(62) - age  13:        232 bytes,     358584 total
[2024-03-01T08:54:57.189+0000][7][gc,age      ] GC(62) - age  14:        264 bytes,     358848 total
[2024-03-01T08:54:57.189+0000][7][gc,age      ] GC(62) - age  15:        520 bytes,     359368 total
[2024-03-01T08:54:57.189+0000][7][gc,phases   ] GC(62)   Pre Evacuate Collection Set: 0.2ms
[2024-03-01T08:54:57.189+0000][7][gc,phases   ] GC(62)   Merge Heap Roots: 0.1ms
[2024-03-01T08:54:57.189+0000][7][gc,phases   ] GC(62)   Evacuate Collection Set: 0.7ms
[2024-03-01T08:54:57.189+0000][7][gc,phases   ] GC(62)   Post Evacuate Collection Set: 0.6ms
[2024-03-01T08:54:57.189+0000][7][gc,phases   ] GC(62)   Other: 0.5ms
[2024-03-01T08:54:57.189+0000][7][gc,heap     ] GC(62) Eden regions: 152->0(152)
[2024-03-01T08:54:57.189+0000][7][gc,heap     ] GC(62) Survivor regions: 1->1(20)
[2024-03-01T08:54:57.189+0000][7][gc,heap     ] GC(62) Old regions: 21->21
[2024-03-01T08:54:57.189+0000][7][gc,heap     ] GC(62) Archive regions: 2->2
[2024-03-01T08:54:57.189+0000][7][gc,heap     ] GC(62) Humongous regions: 2->2
[2024-03-01T08:54:57.189+0000][7][gc,metaspace] GC(62) Metaspace: 100721K(105168K)->100721K(105168K) NonClass: 87696K(90960K)->87696K(90960K) Class: 13024K(14208K)->13024K(14208K)
[2024-03-01T08:54:57.189+0000][7][gc          ] GC(62) Pause Young (Normal) (G1 Evacuation Pause) 701M->93M(1024M) 2.183ms
[2024-03-01T08:54:57.189+0000][7][gc,cpu      ] GC(62) User=0.00s Sys=0.00s Real=0.00s
[2024-03-01T08:54:57.189+0000][7][safepoint   ] Safepoint "G1CollectForAllocation", Time since last: 3357283917108 ns, Reaching safepoint: 89688 ns, At safepoint: 2271522 ns, Total: 2361210 ns
[2024-03-01T12:40:36.987+0000][7][safepoint   ] Safepoint "Cleanup", Time since last: 13539798405006 ns, Reaching safepoint: 89516 ns, At safepoint: 14405 ns, Total: 103921 ns
[2024-03-01T15:47:37.518+0000][7][gc,start    ] GC(63) Pause Young (Normal) (G1 Evacuation Pause)
[2024-03-01T15:47:37.518+0000][7][gc,task     ] GC(63) Using 13 workers of 13 for evacuation
[2024-03-01T15:47:37.518+0000][7][gc,age      ] GC(63) Desired survivor size 41943040 bytes, new threshold 15 (max threshold 15)
[2024-03-01T15:47:37.520+0000][7][gc,age      ] GC(63) Age table with threshold 15 (max threshold 15)
[2024-03-01T15:47:37.520+0000][7][gc,age      ] GC(63) - age   1:      87720 bytes,      87720 total
[2024-03-01T15:47:37.520+0000][7][gc,age      ] GC(63) - age   2:      48952 bytes,     136672 total
[2024-03-01T15:47:37.520+0000][7][gc,age      ] GC(63) - age   3:       1960 bytes,     138632 total
[2024-03-01T15:47:37.520+0000][7][gc,age      ] GC(63) - age   4:      32864 bytes,     171496 total
[2024-03-01T15:47:37.520+0000][7][gc,age      ] GC(63) - age   5:        208 bytes,     171704 total
[2024-03-01T15:47:37.521+0000][7][gc,age      ] GC(63) - age   6:       2648 bytes,     174352 total
[2024-03-01T15:47:37.521+0000][7][gc,age      ] GC(63) - age   7:      32504 bytes,     206856 total
[2024-03-01T15:47:37.521+0000][7][gc,age      ] GC(63) - age   8:        128 bytes,     206984 total
[2024-03-01T15:47:37.521+0000][7][gc,age      ] GC(63) - age   9:        272 bytes,     207256 total
[2024-03-01T15:47:37.521+0000][7][gc,age      ] GC(63) - age  10:        784 bytes,     208040 total
[2024-03-01T15:47:37.521+0000][7][gc,age      ] GC(63) - age  11:        144 bytes,     208184 total
[2024-03-01T15:47:37.521+0000][7][gc,age      ] GC(63) - age  12:         40 bytes,     208224 total
[2024-03-01T15:47:37.521+0000][7][gc,age      ] GC(63) - age  13:       4072 bytes,     212296 total
[2024-03-01T15:47:37.521+0000][7][gc,age      ] GC(63) - age  14:        232 bytes,     212528 total
[2024-03-01T15:47:37.521+0000][7][gc,age      ] GC(63) - age  15:        264 bytes,     212792 total
[2024-03-01T15:47:37.521+0000][7][gc,phases   ] GC(63)   Pre Evacuate Collection Set: 0.2ms
[2024-03-01T15:47:37.521+0000][7][gc,phases   ] GC(63)   Merge Heap Roots: 0.1ms
[2024-03-01T15:47:37.521+0000][7][gc,phases   ] GC(63)   Evacuate Collection Set: 1.6ms
[2024-03-01T15:47:37.521+0000][7][gc,phases   ] GC(63)   Post Evacuate Collection Set: 0.5ms
[2024-03-01T15:47:37.521+0000][7][gc,phases   ] GC(63)   Other: 0.5ms
[2024-03-01T15:47:37.521+0000][7][gc,heap     ] GC(63) Eden regions: 152->0(152)
[2024-03-01T15:47:37.521+0000][7][gc,heap     ] GC(63) Survivor regions: 1->1(20)
[2024-03-01T15:47:37.521+0000][7][gc,heap     ] GC(63) Old regions: 21->21
[2024-03-01T15:47:37.521+0000][7][gc,heap     ] GC(63) Archive regions: 2->2
[2024-03-01T15:47:37.521+0000][7][gc,heap     ] GC(63) Humongous regions: 2->2
[2024-03-01T15:47:37.521+0000][7][gc,metaspace] GC(63) Metaspace: 100721K(105168K)->100721K(105168K) NonClass: 87696K(90960K)->87696K(90960K) Class: 13024K(14208K)->13024K(14208K)
[2024-03-01T15:47:37.521+0000][7][gc          ] GC(63) Pause Young (Normal) (G1 Evacuation Pause) 701M->93M(1024M) 3.042ms
[2024-03-01T15:47:37.521+0000][7][gc,cpu      ] GC(63) User=0.01s Sys=0.00s Real=0.00s
[2024-03-01T15:47:37.521+0000][7][safepoint   ] Safepoint "G1CollectForAllocation", Time since last: 11220530221455 ns, Reaching safepoint: 89144 ns, At safepoint: 3129896 ns, Total: 3219040 ns
[2024-03-01T19:39:42.351+0000][7][safepoint   ] Safepoint "Cleanup", Time since last: 13924830394434 ns, Reaching safepoint: 92146 ns, At safepoint: 6937 ns, Total: 99083 ns
[2024-03-01T19:42:56.363+0000][7][safepoint   ] Safepoint "Cleanup", Time since last: 194011723645 ns, Reaching safepoint: 111971 ns, At safepoint: 4354 ns, Total: 116325 ns
[2024-03-01T22:36:49.805+0000][7][gc,start    ] GC(64) Pause Young (Normal) (G1 Evacuation Pause)
[2024-03-01T22:36:49.805+0000][7][gc,task     ] GC(64) Using 13 workers of 13 for evacuation
[2024-03-01T22:36:49.805+0000][7][gc,age      ] GC(64) Desired survivor size 41943040 bytes, new threshold 15 (max threshold 15)
[2024-03-01T22:36:49.806+0000][7][gc,age      ] GC(64) Age table with threshold 15 (max threshold 15)
[2024-03-01T22:36:49.807+0000][7][gc,age      ] GC(64) - age   1:     102232 bytes,     102232 total
[2024-03-01T22:36:49.807+0000][7][gc,age      ] GC(64) - age   2:       2640 bytes,     104872 total
[2024-03-01T22:36:49.807+0000][7][gc,age      ] GC(64) - age   3:        456 bytes,     105328 total
[2024-03-01T22:36:49.807+0000][7][gc,age      ] GC(64) - age   4:       1536 bytes,     106864 total
[2024-03-01T22:36:49.807+0000][7][gc,age      ] GC(64) - age   5:      16336 bytes,     123200 total
[2024-03-01T22:36:49.807+0000][7][gc,age      ] GC(64) - age   6:        168 bytes,     123368 total
[2024-03-01T22:36:49.807+0000][7][gc,age      ] GC(64) - age   7:       2608 bytes,     125976 total
[2024-03-01T22:36:49.807+0000][7][gc,age      ] GC(64) - age   8:         80 bytes,     126056 total
[2024-03-01T22:36:49.807+0000][7][gc,age      ] GC(64) - age   9:        128 bytes,     126184 total
[2024-03-01T22:36:49.807+0000][7][gc,age      ] GC(64) - age  10:        272 bytes,     126456 total
[2024-03-01T22:36:49.807+0000][7][gc,age      ] GC(64) - age  11:        784 bytes,     127240 total
[2024-03-01T22:36:49.807+0000][7][gc,age      ] GC(64) - age  12:        144 bytes,     127384 total
[2024-03-01T22:36:49.807+0000][7][gc,age      ] GC(64) - age  13:         40 bytes,     127424 total
[2024-03-01T22:36:49.807+0000][7][gc,age      ] GC(64) - age  14:       4072 bytes,     131496 total
[2024-03-01T22:36:49.807+0000][7][gc,age      ] GC(64) - age  15:        232 bytes,     131728 total
[2024-03-01T22:36:49.807+0000][7][gc,phases   ] GC(64)   Pre Evacuate Collection Set: 0.2ms
[2024-03-01T22:36:49.807+0000][7][gc,phases   ] GC(64)   Merge Heap Roots: 0.1ms
[2024-03-01T22:36:49.807+0000][7][gc,phases   ] GC(64)   Evacuate Collection Set: 0.7ms
[2024-03-01T22:36:49.807+0000][7][gc,phases   ] GC(64)   Post Evacuate Collection Set: 0.5ms
[2024-03-01T22:36:49.807+0000][7][gc,phases   ] GC(64)   Other: 0.5ms
[2024-03-01T22:36:49.807+0000][7][gc,heap     ] GC(64) Eden regions: 152->0(152)
[2024-03-01T22:36:49.807+0000][7][gc,heap     ] GC(64) Survivor regions: 1->1(20)
[2024-03-01T22:36:49.807+0000][7][gc,heap     ] GC(64) Old regions: 21->21
[2024-03-01T22:36:49.807+0000][7][gc,heap     ] GC(64) Archive regions: 2->2
[2024-03-01T22:36:49.807+0000][7][gc,heap     ] GC(64) Humongous regions: 2->2
[2024-03-01T22:36:49.807+0000][7][gc,metaspace] GC(64) Metaspace: 100721K(105168K)->100721K(105168K) NonClass: 87696K(90960K)->87696K(90960K) Class: 13024K(14208K)->13024K(14208K)
[2024-03-01T22:36:49.807+0000][7][gc          ] GC(64) Pause Young (Normal) (G1 Evacuation Pause) 701M->93M(1024M) 2.128ms
[2024-03-01T22:36:49.807+0000][7][gc,cpu      ] GC(64) User=0.01s Sys=0.00s Real=0.01s
[2024-03-01T22:36:49.807+0000][7][safepoint   ] Safepoint "G1CollectForAllocation", Time since last: 10433441448422 ns, Reaching safepoint: 82367 ns, At safepoint: 2219157 ns, Total: 2301524 ns
[2024-03-01T23:10:35.919+0000][7][safepoint   ] Safepoint "Cleanup", Time since last: 2026112400393 ns, Reaching safepoint: 110042 ns, At safepoint: 3953 ns, Total: 113995 ns
[2024-03-02T01:49:36.480+0000][7][safepoint   ] Safepoint "Cleanup", Time since last: 9540560371767 ns, Reaching safepoint: 88855 ns, At safepoint: 3662 ns, Total: 92517 ns
[2024-03-02T05:25:43.023+0000][7][gc,start    ] GC(65) Pause Young (Normal) (G1 Evacuation Pause)
[2024-03-02T05:25:43.023+0000][7][gc,task     ] GC(65) Using 13 workers of 13 for evacuation
[2024-03-02T05:25:43.023+0000][7][gc,age      ] GC(65) Desired survivor size 41943040 bytes, new threshold 15 (max threshold 15)
[2024-03-02T05:25:43.026+0000][7][gc,age      ] GC(65) Age table with threshold 15 (max threshold 15)
[2024-03-02T05:25:43.026+0000][7][gc,age      ] GC(65) - age   1:     292992 bytes,     292992 total
[2024-03-02T05:25:43.026+0000][7][gc,age      ] GC(65) - age   2:      74080 bytes,     367072 total
[2024-03-02T05:25:43.026+0000][7][gc,age      ] GC(65) - age   3:       2272 bytes,     369344 total
[2024-03-02T05:25:43.026+0000][7][gc,age      ] GC(65) - age   4:         40 bytes,     369384 total
[2024-03-02T05:25:43.026+0000][7][gc,age      ] GC(65) - age   5:        760 bytes,     370144 total
[2024-03-02T05:25:43.026+0000][7][gc,age      ] GC(65) - age   6:      16336 bytes,     386480 total
[2024-03-02T05:25:43.026+0000][7][gc,age      ] GC(65) - age   7:        128 bytes,     386608 total
[2024-03-02T05:25:43.026+0000][7][gc,age      ] GC(65) - age   8:       2160 bytes,     388768 total
[2024-03-02T05:25:43.026+0000][7][gc,age      ] GC(65) - age  10:        128 bytes,     388896 total
[2024-03-02T05:25:43.026+0000][7][gc,age      ] GC(65) - age  11:        272 bytes,     389168 total
[2024-03-02T05:25:43.026+0000][7][gc,age      ] GC(65) - age  12:        784 bytes,     389952 total
[2024-03-02T05:25:43.026+0000][7][gc,age      ] GC(65) - age  13:        104 bytes,     390056 total
[2024-03-02T05:25:43.026+0000][7][gc,age      ] GC(65) - age  14:         40 bytes,     390096 total
[2024-03-02T05:25:43.026+0000][7][gc,age      ] GC(65) - age  15:       3912 bytes,     394008 total
[2024-03-02T05:25:43.026+0000][7][gc,phases   ] GC(65)   Pre Evacuate Collection Set: 0.2ms
[2024-03-02T05:25:43.026+0000][7][gc,phases   ] GC(65)   Merge Heap Roots: 0.1ms
[2024-03-02T05:25:43.026+0000][7][gc,phases   ] GC(65)   Evacuate Collection Set: 1.8ms
[2024-03-02T05:25:43.026+0000][7][gc,phases   ] GC(65)   Post Evacuate Collection Set: 0.5ms
[2024-03-02T05:25:43.026+0000][7][gc,phases   ] GC(65)   Other: 0.4ms
[2024-03-02T05:25:43.026+0000][7][gc,heap     ] GC(65) Eden regions: 152->0(152)
[2024-03-02T05:25:43.026+0000][7][gc,heap     ] GC(65) Survivor regions: 1->1(20)
[2024-03-02T05:25:43.026+0000][7][gc,heap     ] GC(65) Old regions: 21->21
[2024-03-02T05:25:43.026+0000][7][gc,heap     ] GC(65) Archive regions: 2->2
[2024-03-02T05:25:43.026+0000][7][gc,heap     ] GC(65) Humongous regions: 2->2
[2024-03-02T05:25:43.026+0000][7][gc,metaspace] GC(65) Metaspace: 100737K(105424K)->100737K(105424K) NonClass: 87713K(91216K)->87713K(91216K) Class: 13024K(14208K)->13024K(14208K)
[2024-03-02T05:25:43.026+0000][7][gc          ] GC(65) Pause Young (Normal) (G1 Evacuation Pause) 701M->93M(1024M) 3.258ms
[2024-03-02T05:25:43.026+0000][7][gc,cpu      ] GC(65) User=0.00s Sys=0.00s Real=0.00s
[2024-03-02T05:25:43.026+0000][7][safepoint   ] Safepoint "G1CollectForAllocation", Time since last: 12966542731236 ns, Reaching safepoint: 90642 ns, At safepoint: 3354465 ns, Total: 3445107 ns
[2024-03-02T12:20:02.719+0000][7][gc,start    ] GC(66) Pause Young (Normal) (G1 Evacuation Pause)
[2024-03-02T12:20:02.719+0000][7][gc,task     ] GC(66) Using 13 workers of 13 for evacuation
[2024-03-02T12:20:02.719+0000][7][gc,age      ] GC(66) Desired survivor size 41943040 bytes, new threshold 15 (max threshold 15)
[2024-03-02T12:20:02.721+0000][7][gc,age      ] GC(66) Age table with threshold 15 (max threshold 15)
[2024-03-02T12:20:02.721+0000][7][gc,age      ] GC(66) - age   1:      77088 bytes,      77088 total
[2024-03-02T12:20:02.721+0000][7][gc,age      ] GC(66) - age   2:     127168 bytes,     204256 total
[2024-03-02T12:20:02.721+0000][7][gc,age      ] GC(66) - age   3:      33304 bytes,     237560 total
[2024-03-02T12:20:02.721+0000][7][gc,age      ] GC(66) - age   4:       1640 bytes,     239200 total
[2024-03-02T12:20:02.721+0000][7][gc,age      ] GC(66) - age   6:        464 bytes,     239664 total
[2024-03-02T12:20:02.721+0000][7][gc,age      ] GC(66) - age   7:        104 bytes,     239768 total
[2024-03-02T12:20:02.721+0000][7][gc,age      ] GC(66) - age   8:        128 bytes,     239896 total
[2024-03-02T12:20:02.721+0000][7][gc,age      ] GC(66) - age   9:       2160 bytes,     242056 total
[2024-03-02T12:20:02.721+0000][7][gc,age      ] GC(66) - age  11:        128 bytes,     242184 total
[2024-03-02T12:20:02.721+0000][7][gc,age      ] GC(66) - age  12:        272 bytes,     242456 total
[2024-03-02T12:20:02.721+0000][7][gc,age      ] GC(66) - age  13:        784 bytes,     243240 total
[2024-03-02T12:20:02.721+0000][7][gc,age      ] GC(66) - age  14:        104 bytes,     243344 total
[2024-03-02T12:20:02.721+0000][7][gc,age      ] GC(66) - age  15:         40 bytes,     243384 total
[2024-03-02T12:20:02.721+0000][7][gc,phases   ] GC(66)   Pre Evacuate Collection Set: 0.1ms
[2024-03-02T12:20:02.721+0000][7][gc,phases   ] GC(66)   Merge Heap Roots: 0.1ms
[2024-03-02T12:20:02.721+0000][7][gc,phases   ] GC(66)   Evacuate Collection Set: 1.3ms
[2024-03-02T12:20:02.721+0000][7][gc,phases   ] GC(66)   Post Evacuate Collection Set: 0.5ms
[2024-03-02T12:20:02.721+0000][7][gc,phases   ] GC(66)   Other: 0.4ms
[2024-03-02T12:20:02.721+0000][7][gc,heap     ] GC(66) Eden regions: 152->0(152)
[2024-03-02T12:20:02.721+0000][7][gc,heap     ] GC(66) Survivor regions: 1->1(20)
[2024-03-02T12:20:02.721+0000][7][gc,heap     ] GC(66) Old regions: 21->21
[2024-03-02T12:20:02.721+0000][7][gc,heap     ] GC(66) Archive regions: 2->2
[2024-03-02T12:20:02.721+0000][7][gc,heap     ] GC(66) Humongous regions: 2->2
[2024-03-02T12:20:02.721+0000][7][gc,metaspace] GC(66) Metaspace: 100737K(105424K)->100737K(105424K) NonClass: 87713K(91216K)->87713K(91216K) Class: 13024K(14208K)->13024K(14208K)
[2024-03-02T12:20:02.721+0000][7][gc          ] GC(66) Pause Young (Normal) (G1 Evacuation Pause) 701M->93M(1024M) 2.489ms
[2024-03-02T12:20:02.722+0000][7][gc,cpu      ] GC(66) User=0.01s Sys=0.00s Real=0.00s
[2024-03-02T12:20:02.722+0000][7][safepoint   ] Safepoint "G1CollectForAllocation", Time since last: 24859692787983 ns, Reaching safepoint: 80006 ns, At safepoint: 2568511 ns, Total: 2648517 ns
[2024-03-02T14:19:52.150+0000][7][safepoint   ] Safepoint "Cleanup", Time since last: 7189428502890 ns, Reaching safepoint: 118610 ns, At safepoint: 4880 ns, Total: 123490 ns
[2024-03-02T17:26:23.811+0000][7][safepoint   ] Safepoint "Cleanup", Time since last: 11191660729731 ns, Reaching safepoint: 119164 ns, At safepoint: 4262 ns, Total: 123426 ns
[2024-03-02T18:59:03.137+0000][7][safepoint   ] Safepoint "Cleanup", Time since last: 5559326236927 ns, Reaching safepoint: 106115 ns, At safepoint: 3039 ns, Total: 109154 ns
[2024-03-02T19:11:58.864+0000][7][gc,start    ] GC(67) Pause Young (Normal) (G1 Evacuation Pause)
[2024-03-02T19:11:58.864+0000][7][gc,task     ] GC(67) Using 13 workers of 13 for evacuation
[2024-03-02T19:11:58.864+0000][7][gc,age      ] GC(67) Desired survivor size 41943040 bytes, new threshold 15 (max threshold 15)
[2024-03-02T19:11:58.866+0000][7][gc,age      ] GC(67) Age table with threshold 15 (max threshold 15)
[2024-03-02T19:11:58.866+0000][7][gc,age      ] GC(67) - age   1:     113088 bytes,     113088 total
[2024-03-02T19:11:58.866+0000][7][gc,age      ] GC(67) - age   2:      65280 bytes,     178368 total
[2024-03-02T19:11:58.866+0000][7][gc,age      ] GC(67) - age   3:     117496 bytes,     295864 total
[2024-03-02T19:11:58.866+0000][7][gc,age      ] GC(67) - age   4:      17072 bytes,     312936 total
[2024-03-02T19:11:58.866+0000][7][gc,age      ] GC(67) - age   5:        456 bytes,     313392 total
[2024-03-02T19:11:58.866+0000][7][gc,age      ] GC(67) - age   7:        392 bytes,     313784 total
[2024-03-02T19:11:58.866+0000][7][gc,age      ] GC(67) - age   8:        104 bytes,     313888 total
[2024-03-02T19:11:58.866+0000][7][gc,age      ] GC(67) - age   9:         88 bytes,     313976 total
[2024-03-02T19:11:58.866+0000][7][gc,age      ] GC(67) - age  10:       2032 bytes,     316008 total
[2024-03-02T19:11:58.866+0000][7][gc,age      ] GC(67) - age  12:        128 bytes,     316136 total
[2024-03-02T19:11:58.866+0000][7][gc,age      ] GC(67) - age  13:        272 bytes,     316408 total
[2024-03-02T19:11:58.866+0000][7][gc,age      ] GC(67) - age  14:        784 bytes,     317192 total
[2024-03-02T19:11:58.866+0000][7][gc,age      ] GC(67) - age  15:        104 bytes,     317296 total
[2024-03-02T19:11:58.866+0000][7][gc,phases   ] GC(67)   Pre Evacuate Collection Set: 0.1ms
[2024-03-02T19:11:58.866+0000][7][gc,phases   ] GC(67)   Merge Heap Roots: 0.1ms
[2024-03-02T19:11:58.866+0000][7][gc,phases   ] GC(67)   Evacuate Collection Set: 1.0ms
[2024-03-02T19:11:58.866+0000][7][gc,phases   ] GC(67)   Post Evacuate Collection Set: 0.6ms
[2024-03-02T19:11:58.866+0000][7][gc,phases   ] GC(67)   Other: 0.5ms
[2024-03-02T19:11:58.866+0000][7][gc,heap     ] GC(67) Eden regions: 152->0(152)
[2024-03-02T19:11:58.866+0000][7][gc,heap     ] GC(67) Survivor regions: 1->1(20)
[2024-03-02T19:11:58.866+0000][7][gc,heap     ] GC(67) Old regions: 21->21
[2024-03-02T19:11:58.866+0000][7][gc,heap     ] GC(67) Archive regions: 2->2
[2024-03-02T19:11:58.866+0000][7][gc,heap     ] GC(67) Humongous regions: 2->2
[2024-03-02T19:11:58.866+0000][7][gc,metaspace] GC(67) Metaspace: 100742K(105424K)->100742K(105424K) NonClass: 87717K(91216K)->87717K(91216K) Class: 13024K(14208K)->13024K(14208K)
[2024-03-02T19:11:58.866+0000][7][gc          ] GC(67) Pause Young (Normal) (G1 Evacuation Pause) 701M->93M(1024M) 2.536ms
[2024-03-02T19:11:58.866+0000][7][gc,cpu      ] GC(67) User=0.00s Sys=0.01s Real=0.00s
[2024-03-02T19:11:58.866+0000][7][safepoint   ] Safepoint "G1CollectForAllocation", Time since last: 775726137226 ns, Reaching safepoint: 98934 ns, At safepoint: 2639988 ns, Total: 2738922 ns
[2024-03-03T01:38:00.219+0000][7][safepoint   ] Safepoint "Cleanup", Time since last: 23161352535109 ns, Reaching safepoint: 98660 ns, At safepoint: 3117 ns, Total: 101777 ns
[2024-03-03T01:54:32.277+0000][7][safepoint   ] Safepoint "Cleanup", Time since last: 992057542982 ns, Reaching safepoint: 128302 ns, At safepoint: 4225 ns, Total: 132527 ns
[2024-03-03T01:54:33.277+0000][7][safepoint   ] Safepoint "Cleanup", Time since last: 1000153903 ns, Reaching safepoint: 90256 ns, At safepoint: 3463 ns, Total: 93719 ns
[2024-03-03T01:54:34.277+0000][7][safepoint   ] Safepoint "Cleanup", Time since last: 1000154308 ns, Reaching safepoint: 108470 ns, At safepoint: 8670 ns, Total: 117140 ns
[2024-03-03T02:03:04.971+0000][7][gc,start    ] GC(68) Pause Young (Normal) (G1 Evacuation Pause)
[2024-03-03T02:03:04.971+0000][7][gc,task     ] GC(68) Using 13 workers of 13 for evacuation
[2024-03-03T02:03:04.971+0000][7][gc,age      ] GC(68) Desired survivor size 41943040 bytes, new threshold 15 (max threshold 15)
[2024-03-03T02:03:04.973+0000][7][gc,age      ] GC(68) Age table with threshold 15 (max threshold 15)
[2024-03-03T02:03:04.973+0000][7][gc,age      ] GC(68) - age   1:     201528 bytes,     201528 total
[2024-03-03T02:03:04.973+0000][7][gc,age      ] GC(68) - age   2:      68024 bytes,     269552 total
[2024-03-03T02:03:04.973+0000][7][gc,age      ] GC(68) - age   3:      41112 bytes,     310664 total
[2024-03-03T02:03:04.973+0000][7][gc,age      ] GC(68) - age   4:     107992 bytes,     418656 total
[2024-03-03T02:03:04.973+0000][7][gc,age      ] GC(68) - age   5:      16952 bytes,     435608 total
[2024-03-03T02:03:04.973+0000][7][gc,age      ] GC(68) - age   6:        216 bytes,     435824 total
[2024-03-03T02:03:04.973+0000][7][gc,age      ] GC(68) - age   8:        184 bytes,     436008 total
[2024-03-03T02:03:04.973+0000][7][gc,age      ] GC(68) - age   9:         64 bytes,     436072 total
[2024-03-03T02:03:04.973+0000][7][gc,age      ] GC(68) - age  10:         88 bytes,     436160 total
[2024-03-03T02:03:04.973+0000][7][gc,age      ] GC(68) - age  11:       2032 bytes,     438192 total
[2024-03-03T02:03:04.973+0000][7][gc,age      ] GC(68) - age  13:        128 bytes,     438320 total
[2024-03-03T02:03:04.973+0000][7][gc,age      ] GC(68) - age  14:        272 bytes,     438592 total
[2024-03-03T02:03:04.974+0000][7][gc,age      ] GC(68) - age  15:        664 bytes,     439256 total
[2024-03-03T02:03:04.974+0000][7][gc,phases   ] GC(68)   Pre Evacuate Collection Set: 0.1ms
[2024-03-03T02:03:04.974+0000][7][gc,phases   ] GC(68)   Merge Heap Roots: 0.1ms
[2024-03-03T02:03:04.974+0000][7][gc,phases   ] GC(68)   Evacuate Collection Set: 1.3ms
[2024-03-03T02:03:04.974+0000][7][gc,phases   ] GC(68)   Post Evacuate Collection Set: 0.5ms
[2024-03-03T02:03:04.974+0000][7][gc,phases   ] GC(68)   Other: 0.5ms
[2024-03-03T02:03:04.974+0000][7][gc,heap     ] GC(68) Eden regions: 152->0(152)
[2024-03-03T02:03:04.974+0000][7][gc,heap     ] GC(68) Survivor regions: 1->1(20)
[2024-03-03T02:03:04.974+0000][7][gc,heap     ] GC(68) Old regions: 21->21
[2024-03-03T02:03:04.974+0000][7][gc,heap     ] GC(68) Archive regions: 2->2
[2024-03-03T02:03:04.974+0000][7][gc,heap     ] GC(68) Humongous regions: 2->2
[2024-03-03T02:03:04.974+0000][7][gc,metaspace] GC(68) Metaspace: 100747K(105424K)->100747K(105424K) NonClass: 87722K(91216K)->87722K(91216K) Class: 13024K(14208K)->13024K(14208K)
[2024-03-03T02:03:04.974+0000][7][gc          ] GC(68) Pause Young (Normal) (G1 Evacuation Pause) 701M->93M(1024M) 2.653ms
[2024-03-03T02:03:04.974+0000][7][gc,cpu      ] GC(68) User=0.01s Sys=0.01s Real=0.00s
[2024-03-03T02:03:04.974+0000][7][safepoint   ] Safepoint "G1CollectForAllocation", Time since last: 510693854274 ns, Reaching safepoint: 90217 ns, At safepoint: 2745731 ns, Total: 2835948 ns
[2024-03-03T02:07:20.989+0000][7][safepoint   ] Safepoint "Cleanup", Time since last: 256014899577 ns, Reaching safepoint: 117261 ns, At safepoint: 3855 ns, Total: 121116 ns
[2024-03-03T02:52:52.147+0000][7][safepoint   ] Safepoint "Cleanup", Time since last: 2731158057514 ns, Reaching safepoint: 123400 ns, At safepoint: 4147 ns, Total: 127547 ns
[2024-03-03T02:59:10.166+0000][7][safepoint   ] Safepoint "Cleanup", Time since last: 378019240734 ns, Reaching safepoint: 108899 ns, At safepoint: 3617 ns, Total: 112516 ns
[2024-03-03T05:05:17.586+0000][7][safepoint   ] Safepoint "Cleanup", Time since last: 7567419455774 ns, Reaching safepoint: 127169 ns, At safepoint: 4099 ns, Total: 131268 ns
[2024-03-03T08:53:47.003+0000][7][gc,start    ] GC(69) Pause Young (Normal) (G1 Evacuation Pause)
[2024-03-03T08:53:47.003+0000][7][gc,task     ] GC(69) Using 13 workers of 13 for evacuation
[2024-03-03T08:53:47.003+0000][7][gc,age      ] GC(69) Desired survivor size 41943040 bytes, new threshold 15 (max threshold 15)
[2024-03-03T08:53:47.005+0000][7][gc,age      ] GC(69) Age table with threshold 15 (max threshold 15)
[2024-03-03T08:53:47.005+0000][7][gc,age      ] GC(69) - age   1:      99504 bytes,      99504 total
[2024-03-03T08:53:47.005+0000][7][gc,age      ] GC(69) - age   2:      92416 bytes,     191920 total
[2024-03-03T08:53:47.005+0000][7][gc,age      ] GC(69) - age   3:      66720 bytes,     258640 total
[2024-03-03T08:53:47.005+0000][7][gc,age      ] GC(69) - age   4:      40440 bytes,     299080 total
[2024-03-03T08:53:47.005+0000][7][gc,age      ] GC(69) - age   5:     107848 bytes,     406928 total
[2024-03-03T08:53:47.005+0000][7][gc,age      ] GC(69) - age   6:      16912 bytes,     423840 total
[2024-03-03T08:53:47.005+0000][7][gc,age      ] GC(69) - age   7:         80 bytes,     423920 total
[2024-03-03T08:53:47.005+0000][7][gc,age      ] GC(69) - age   9:        184 bytes,     424104 total
[2024-03-03T08:53:47.005+0000][7][gc,age      ] GC(69) - age  10:         64 bytes,     424168 total
[2024-03-03T08:53:47.005+0000][7][gc,age      ] GC(69) - age  11:         88 bytes,     424256 total
[2024-03-03T08:53:47.005+0000][7][gc,age      ] GC(69) - age  12:       1992 bytes,     426248 total
[2024-03-03T08:53:47.005+0000][7][gc,age      ] GC(69) - age  14:        128 bytes,     426376 total
[2024-03-03T08:53:47.006+0000][7][gc,age      ] GC(69) - age  15:        272 bytes,     426648 total
[2024-03-03T08:53:47.006+0000][7][gc,phases   ] GC(69)   Pre Evacuate Collection Set: 0.2ms
[2024-03-03T08:53:47.006+0000][7][gc,phases   ] GC(69)   Merge Heap Roots: 0.1ms
[2024-03-03T08:53:47.006+0000][7][gc,phases   ] GC(69)   Evacuate Collection Set: 1.3ms
[2024-03-03T08:53:47.006+0000][7][gc,phases   ] GC(69)   Post Evacuate Collection Set: 0.5ms
[2024-03-03T08:53:47.006+0000][7][gc,phases   ] GC(69)   Other: 0.4ms
[2024-03-03T08:53:47.006+0000][7][gc,heap     ] GC(69) Eden regions: 152->0(152)
[2024-03-03T08:53:47.006+0000][7][gc,heap     ] GC(69) Survivor regions: 1->1(20)
[2024-03-03T08:53:47.006+0000][7][gc,heap     ] GC(69) Old regions: 21->21
[2024-03-03T08:53:47.006+0000][7][gc,heap     ] GC(69) Archive regions: 2->2
[2024-03-03T08:53:47.006+0000][7][gc,heap     ] GC(69) Humongous regions: 2->2
[2024-03-03T08:53:47.006+0000][7][gc,metaspace] GC(69) Metaspace: 100807K(105424K)->100807K(105424K) NonClass: 87771K(91216K)->87771K(91216K) Class: 13035K(14208K)->13035K(14208K)
[2024-03-03T08:53:47.006+0000][7][gc          ] GC(69) Pause Young (Normal) (G1 Evacuation Pause) 701M->93M(1024M) 2.604ms
[2024-03-03T08:53:47.006+0000][7][gc,cpu      ] GC(69) User=0.01s Sys=0.00s Real=0.00s
[2024-03-03T08:53:47.006+0000][7][safepoint   ] Safepoint "G1CollectForAllocation", Time since last: 13709417077069 ns, Reaching safepoint: 92741 ns, At safepoint: 2694856 ns, Total: 2787597 ns
[2024-03-03T15:48:10.050+0000][7][gc,start    ] GC(70) Pause Young (Normal) (G1 Evacuation Pause)
[2024-03-03T15:48:10.050+0000][7][gc,task     ] GC(70) Using 13 workers of 13 for evacuation
[2024-03-03T15:48:10.050+0000][7][gc,age      ] GC(70) Desired survivor size 41943040 bytes, new threshold 15 (max threshold 15)
[2024-03-03T15:48:10.051+0000][7][gc,age      ] GC(70) Age table with threshold 15 (max threshold 15)
[2024-03-03T15:48:10.052+0000][7][gc,age      ] GC(70) - age   1:      13632 bytes,      13632 total
[2024-03-03T15:48:10.052+0000][7][gc,age      ] GC(70) - age   2:      64640 bytes,      78272 total
[2024-03-03T15:48:10.052+0000][7][gc,age      ] GC(70) - age   3:      75552 bytes,     153824 total
[2024-03-03T15:48:10.052+0000][7][gc,age      ] GC(70) - age   4:       1416 bytes,     155240 total
[2024-03-03T15:48:10.052+0000][7][gc,age      ] GC(70) - age   5:        120 bytes,     155360 total
[2024-03-03T15:48:10.052+0000][7][gc,age      ] GC(70) - age   6:       1672 bytes,     157032 total
[2024-03-03T15:48:10.052+0000][7][gc,age      ] GC(70) - age   7:      16912 bytes,     173944 total
[2024-03-03T15:48:10.052+0000][7][gc,age      ] GC(70) - age   8:         80 bytes,     174024 total
[2024-03-03T15:48:10.052+0000][7][gc,age      ] GC(70) - age  10:        184 bytes,     174208 total
[2024-03-03T15:48:10.052+0000][7][gc,age      ] GC(70) - age  11:         64 bytes,     174272 total
[2024-03-03T15:48:10.052+0000][7][gc,age      ] GC(70) - age  12:         88 bytes,     174360 total
[2024-03-03T15:48:10.052+0000][7][gc,age      ] GC(70) - age  13:       1992 bytes,     176352 total
[2024-03-03T15:48:10.052+0000][7][gc,age      ] GC(70) - age  15:        128 bytes,     176480 total
[2024-03-03T15:48:10.052+0000][7][gc,phases   ] GC(70)   Pre Evacuate Collection Set: 0.2ms
[2024-03-03T15:48:10.052+0000][7][gc,phases   ] GC(70)   Merge Heap Roots: 0.1ms
[2024-03-03T15:48:10.052+0000][7][gc,phases   ] GC(70)   Evacuate Collection Set: 0.9ms
[2024-03-03T15:48:10.052+0000][7][gc,phases   ] GC(70)   Post Evacuate Collection Set: 0.6ms
[2024-03-03T15:48:10.052+0000][7][gc,phases   ] GC(70)   Other: 0.5ms
[2024-03-03T15:48:10.052+0000][7][gc,heap     ] GC(70) Eden regions: 152->0(152)
[2024-03-03T15:48:10.052+0000][7][gc,heap     ] GC(70) Survivor regions: 1->1(20)
[2024-03-03T15:48:10.052+0000][7][gc,heap     ] GC(70) Old regions: 21->21
[2024-03-03T15:48:10.052+0000][7][gc,heap     ] GC(70) Archive regions: 2->2
[2024-03-03T15:48:10.052+0000][7][gc,heap     ] GC(70) Humongous regions: 2->2
[2024-03-03T15:48:10.052+0000][7][gc,metaspace] GC(70) Metaspace: 100807K(105424K)->100807K(105424K) NonClass: 87771K(91216K)->87771K(91216K) Class: 13035K(14208K)->13035K(14208K)
[2024-03-03T15:48:10.052+0000][7][gc          ] GC(70) Pause Young (Normal) (G1 Evacuation Pause) 701M->93M(1024M) 2.340ms
[2024-03-03T15:48:10.052+0000][7][gc,cpu      ] GC(70) User=0.00s Sys=0.00s Real=0.00s
[2024-03-03T15:48:10.052+0000][7][safepoint   ] Safepoint "G1CollectForAllocation", Time since last: 24863043650097 ns, Reaching safepoint: 91889 ns, At safepoint: 2427938 ns, Total: 2519827 ns
[2024-03-03T16:39:45.233+0000][7][safepoint   ] Safepoint "Cleanup", Time since last: 3095180636888 ns, Reaching safepoint: 131329 ns, At safepoint: 4063 ns, Total: 135392 ns
[2024-03-03T16:42:29.242+0000][7][safepoint   ] Safepoint "Cleanup", Time since last: 164009625353 ns, Reaching safepoint: 104061 ns, At safepoint: 3713 ns, Total: 107774 ns
[2024-03-03T16:42:35.243+0000][7][safepoint   ] Safepoint "Cleanup", Time since last: 6000452954 ns, Reaching safepoint: 82689 ns, At safepoint: 3513 ns, Total: 86202 ns
[2024-03-03T16:42:37.243+0000][7][safepoint   ] Safepoint "Cleanup", Time since last: 2000223677 ns, Reaching safepoint: 84983 ns, At safepoint: 10512 ns, Total: 95495 ns
[2024-03-03T16:42:38.244+0000][7][safepoint   ] Safepoint "Cleanup", Time since last: 1000153799 ns, Reaching safepoint: 84869 ns, At safepoint: 3590 ns, Total: 88459 ns
[2024-03-03T19:31:11.839+0000][7][safepoint   ] Safepoint "Cleanup", Time since last: 10113595812526 ns, Reaching safepoint: 103200 ns, At safepoint: 3732 ns, Total: 106932 ns
[2024-03-03T21:38:32.286+0000][7][safepoint   ] Safepoint "Cleanup", Time since last: 7640446100200 ns, Reaching safepoint: 112106 ns, At safepoint: 3751 ns, Total: 115857 ns
[2024-03-03T22:23:05.584+0000][7][gc,start    ] GC(71) Pause Young (Normal) (G1 Evacuation Pause)
[2024-03-03T22:23:05.585+0000][7][gc,task     ] GC(71) Using 13 workers of 13 for evacuation
[2024-03-03T22:23:05.585+0000][7][gc,age      ] GC(71) Desired survivor size 41943040 bytes, new threshold 15 (max threshold 15)
[2024-03-03T22:23:05.587+0000][7][gc,age      ] GC(71) Age table with threshold 15 (max threshold 15)
[2024-03-03T22:23:05.587+0000][7][gc,age      ] GC(71) - age   1:     186864 bytes,     186864 total
[2024-03-03T22:23:05.587+0000][7][gc,age      ] GC(71) - age   2:        632 bytes,     187496 total
[2024-03-03T22:23:05.587+0000][7][gc,age      ] GC(71) - age   3:      39720 bytes,     227216 total
[2024-03-03T22:23:05.587+0000][7][gc,age      ] GC(71) - age   4:      75176 bytes,     302392 total
[2024-03-03T22:23:05.587+0000][7][gc,age      ] GC(71) - age   5:        960 bytes,     303352 total
[2024-03-03T22:23:05.587+0000][7][gc,age      ] GC(71) - age   7:       1392 bytes,     304744 total
[2024-03-03T22:23:05.587+0000][7][gc,age      ] GC(71) - age   8:      16912 bytes,     321656 total
[2024-03-03T22:23:05.587+0000][7][gc,age      ] GC(71) - age   9:         80 bytes,     321736 total
[2024-03-03T22:23:05.587+0000][7][gc,age      ] GC(71) - age  11:        184 bytes,     321920 total
[2024-03-03T22:23:05.587+0000][7][gc,age      ] GC(71) - age  12:         64 bytes,     321984 total
[2024-03-03T22:23:05.587+0000][7][gc,age      ] GC(71) - age  13:         56 bytes,     322040 total
[2024-03-03T22:23:05.587+0000][7][gc,age      ] GC(71) - age  14:       1992 bytes,     324032 total
[2024-03-03T22:23:05.587+0000][7][gc,phases   ] GC(71)   Pre Evacuate Collection Set: 0.2ms
[2024-03-03T22:23:05.587+0000][7][gc,phases   ] GC(71)   Merge Heap Roots: 0.1ms
[2024-03-03T22:23:05.587+0000][7][gc,phases   ] GC(71)   Evacuate Collection Set: 1.1ms
[2024-03-03T22:23:05.587+0000][7][gc,phases   ] GC(71)   Post Evacuate Collection Set: 0.5ms
[2024-03-03T22:23:05.587+0000][7][gc,phases   ] GC(71)   Other: 0.4ms
[2024-03-03T22:23:05.587+0000][7][gc,heap     ] GC(71) Eden regions: 152->0(152)
[2024-03-03T22:23:05.587+0000][7][gc,heap     ] GC(71) Survivor regions: 1->1(20)
[2024-03-03T22:23:05.587+0000][7][gc,heap     ] GC(71) Old regions: 21->21
[2024-03-03T22:23:05.587+0000][7][gc,heap     ] GC(71) Archive regions: 2->2
[2024-03-03T22:23:05.587+0000][7][gc,heap     ] GC(71) Humongous regions: 2->2
[2024-03-03T22:23:05.587+0000][7][gc,metaspace] GC(71) Metaspace: 100818K(105424K)->100818K(105424K) NonClass: 87783K(91216K)->87783K(91216K) Class: 13035K(14208K)->13035K(14208K)
[2024-03-03T22:23:05.587+0000][7][gc          ] GC(71) Pause Young (Normal) (G1 Evacuation Pause) 701M->93M(1024M) 2.543ms
[2024-03-03T22:23:05.587+0000][7][gc,cpu      ] GC(71) User=0.00s Sys=0.00s Real=0.01s
[2024-03-03T22:23:05.587+0000][7][safepoint   ] Safepoint "G1CollectForAllocation", Time since last: 2673298666328 ns, Reaching safepoint: 89032 ns, At safepoint: 2636041 ns, Total: 2725073 ns
[2024-03-04T00:37:33.059+0000][7][safepoint   ] Safepoint "Cleanup", Time since last: 8067471504188 ns, Reaching safepoint: 160964 ns, At safepoint: 3555 ns, Total: 164519 ns
[2024-03-04T01:00:00.137+0000][7][safepoint   ] Safepoint "Cleanup", Time since last: 1347078150118 ns, Reaching safepoint: 134685 ns, At safepoint: 3751 ns, Total: 138436 ns
[2024-03-04T01:30:00.242+0000][7][safepoint   ] Safepoint "Cleanup", Time since last: 1800104639130 ns, Reaching safepoint: 100461 ns, At safepoint: 3852 ns, Total: 104313 ns
[2024-03-04T01:32:40.251+0000][7][safepoint   ] Safepoint "Cleanup", Time since last: 160009551185 ns, Reaching safepoint: 101375 ns, At safepoint: 3414 ns, Total: 104789 ns
[2024-03-04T01:38:00.270+0000][7][safepoint   ] Safepoint "Cleanup", Time since last: 320018905434 ns, Reaching safepoint: 141863 ns, At safepoint: 3856 ns, Total: 145719 ns
[2024-03-04T03:49:20.731+0000][7][safepoint   ] Safepoint "Cleanup", Time since last: 7880460885046 ns, Reaching safepoint: 100667 ns, At safepoint: 5727 ns, Total: 106394 ns
[2024-03-04T05:14:38.924+0000][7][gc,start    ] GC(72) Pause Young (Normal) (G1 Evacuation Pause)
[2024-03-04T05:14:38.924+0000][7][gc,task     ] GC(72) Using 13 workers of 13 for evacuation
[2024-03-04T05:14:38.924+0000][7][gc,age      ] GC(72) Desired survivor size 41943040 bytes, new threshold 15 (max threshold 15)
[2024-03-04T05:14:38.926+0000][7][gc,age      ] GC(72) Age table with threshold 15 (max threshold 15)
[2024-03-04T05:14:38.927+0000][7][gc,age      ] GC(72) - age   1:      48680 bytes,      48680 total
[2024-03-04T05:14:38.927+0000][7][gc,age      ] GC(72) - age   2:     107920 bytes,     156600 total
[2024-03-04T05:14:38.927+0000][7][gc,age      ] GC(72) - age   3:        336 bytes,     156936 total
[2024-03-04T05:14:38.927+0000][7][gc,age      ] GC(72) - age   4:      38024 bytes,     194960 total
[2024-03-04T05:14:38.927+0000][7][gc,age      ] GC(72) - age   5:      33784 bytes,     228744 total
[2024-03-04T05:14:38.927+0000][7][gc,age      ] GC(72) - age   6:        960 bytes,     229704 total
[2024-03-04T05:14:38.927+0000][7][gc,age      ] GC(72) - age   8:       1392 bytes,     231096 total
[2024-03-04T05:14:38.927+0000][7][gc,age      ] GC(72) - age   9:      16912 bytes,     248008 total
[2024-03-04T05:14:38.927+0000][7][gc,age      ] GC(72) - age  10:         80 bytes,     248088 total
[2024-03-04T05:14:38.927+0000][7][gc,age      ] GC(72) - age  12:        184 bytes,     248272 total
[2024-03-04T05:14:38.927+0000][7][gc,age      ] GC(72) - age  13:         64 bytes,     248336 total
[2024-03-04T05:14:38.927+0000][7][gc,age      ] GC(72) - age  14:         56 bytes,     248392 total
[2024-03-04T05:14:38.927+0000][7][gc,age      ] GC(72) - age  15:       1992 bytes,     250384 total
[2024-03-04T05:14:38.927+0000][7][gc,phases   ] GC(72)   Pre Evacuate Collection Set: 0.1ms
[2024-03-04T05:14:38.927+0000][7][gc,phases   ] GC(72)   Merge Heap Roots: 0.1ms
[2024-03-04T05:14:38.927+0000][7][gc,phases   ] GC(72)   Evacuate Collection Set: 1.4ms
[2024-03-04T05:14:38.927+0000][7][gc,phases   ] GC(72)   Post Evacuate Collection Set: 0.5ms
[2024-03-04T05:14:38.927+0000][7][gc,phases   ] GC(72)   Other: 0.5ms
[2024-03-04T05:14:38.927+0000][7][gc,heap     ] GC(72) Eden regions: 152->0(152)
[2024-03-04T05:14:38.927+0000][7][gc,heap     ] GC(72) Survivor regions: 1->1(20)
[2024-03-04T05:14:38.927+0000][7][gc,heap     ] GC(72) Old regions: 21->21
[2024-03-04T05:14:38.927+0000][7][gc,heap     ] GC(72) Archive regions: 2->2
[2024-03-04T05:14:38.927+0000][7][gc,heap     ] GC(72) Humongous regions: 2->2
[2024-03-04T05:14:38.927+0000][7][gc,metaspace] GC(72) Metaspace: 100839K(105424K)->100839K(105424K) NonClass: 87803K(91216K)->87803K(91216K) Class: 13035K(14208K)->13035K(14208K)
[2024-03-04T05:14:38.927+0000][7][gc          ] GC(72) Pause Young (Normal) (G1 Evacuation Pause) 701M->93M(1024M) 2.744ms
[2024-03-04T05:14:38.927+0000][7][gc,cpu      ] GC(72) User=0.00s Sys=0.00s Real=0.01s
[2024-03-04T05:14:38.927+0000][7][safepoint   ] Safepoint "G1CollectForAllocation", Time since last: 5118192490723 ns, Reaching safepoint: 90697 ns, At safepoint: 2833723 ns, Total: 2924420 ns
[2024-03-04T05:32:12.989+0000][7][safepoint   ] Safepoint "Cleanup", Time since last: 1054061964271 ns, Reaching safepoint: 144367 ns, At safepoint: 9028 ns, Total: 153395 ns
[2024-03-04T08:27:23.607+0000][7][safepoint   ] Safepoint "Cleanup", Time since last: 10510618085303 ns, Reaching safepoint: 103790 ns, At safepoint: 6220 ns, Total: 110010 ns
[2024-03-04T08:27:36.608+0000][7][safepoint   ] Safepoint "Cleanup", Time since last: 13000838997 ns, Reaching safepoint: 89212 ns, At safepoint: 4107 ns, Total: 93319 ns
[2024-03-04T08:35:46.637+0000][7][safepoint   ] Safepoint "Cleanup", Time since last: 490028733494 ns, Reaching safepoint: 134897 ns, At safepoint: 8485 ns, Total: 143382 ns
[2024-03-04T08:58:40.717+0000][7][safepoint   ] Safepoint "Cleanup", Time since last: 1374079995068 ns, Reaching safepoint: 106968 ns, At safepoint: 3799 ns, Total: 110767 ns
[2024-03-04T09:44:29.878+0000][7][safepoint   ] Safepoint "Cleanup", Time since last: 2749160524199 ns, Reaching safepoint: 127350 ns, At safepoint: 6185 ns, Total: 133535 ns
[2024-03-04T10:22:04.007+0000][7][safepoint   ] Safepoint "Cleanup", Time since last: 2254129044818 ns, Reaching safepoint: 103376 ns, At safepoint: 10306 ns, Total: 113682 ns
[2024-03-04T11:11:29.175+0000][7][safepoint   ] Safepoint "Cleanup", Time since last: 2965167938255 ns, Reaching safepoint: 130982 ns, At safepoint: 4354 ns, Total: 135336 ns
[2024-03-04T11:56:38.840+0000][7][gc,start    ] GC(73) Pause Young (Normal) (G1 Evacuation Pause)
[2024-03-04T11:56:38.840+0000][7][gc,task     ] GC(73) Using 13 workers of 13 for evacuation
[2024-03-04T11:56:38.841+0000][7][gc,age      ] GC(73) Desired survivor size 41943040 bytes, new threshold 15 (max threshold 15)
[2024-03-04T11:56:38.843+0000][7][gc,age      ] GC(73) Age table with threshold 15 (max threshold 15)
[2024-03-04T11:56:38.843+0000][7][gc,age      ] GC(73) - age   1:     617624 bytes,     617624 total
[2024-03-04T11:56:38.843+0000][7][gc,age      ] GC(73) - age   2:      35240 bytes,     652864 total
[2024-03-04T11:56:38.843+0000][7][gc,age      ] GC(73) - age   3:     107336 bytes,     760200 total
[2024-03-04T11:56:38.843+0000][7][gc,age      ] GC(73) - age   5:      37584 bytes,     797784 total
[2024-03-04T11:56:38.843+0000][7][gc,age      ] GC(73) - age   6:      33176 bytes,     830960 total
[2024-03-04T11:56:38.843+0000][7][gc,age      ] GC(73) - age   7:        720 bytes,     831680 total
[2024-03-04T11:56:38.843+0000][7][gc,age      ] GC(73) - age   9:        968 bytes,     832648 total
[2024-03-04T11:56:38.843+0000][7][gc,age      ] GC(73) - age  10:      16912 bytes,     849560 total
[2024-03-04T11:56:38.843+0000][7][gc,age      ] GC(73) - age  13:        184 bytes,     849744 total
[2024-03-04T11:56:38.843+0000][7][gc,age      ] GC(73) - age  14:         64 bytes,     849808 total
[2024-03-04T11:56:38.843+0000][7][gc,age      ] GC(73) - age  15:         56 bytes,     849864 total
[2024-03-04T11:56:38.843+0000][7][gc,phases   ] GC(73)   Pre Evacuate Collection Set: 0.2ms
[2024-03-04T11:56:38.843+0000][7][gc,phases   ] GC(73)   Merge Heap Roots: 0.1ms
[2024-03-04T11:56:38.843+0000][7][gc,phases   ] GC(73)   Evacuate Collection Set: 1.2ms
[2024-03-04T11:56:38.843+0000][7][gc,phases   ] GC(73)   Post Evacuate Collection Set: 0.5ms
[2024-03-04T11:56:38.843+0000][7][gc,phases   ] GC(73)   Other: 0.5ms
[2024-03-04T11:56:38.843+0000][7][gc,heap     ] GC(73) Eden regions: 152->0(152)
[2024-03-04T11:56:38.843+0000][7][gc,heap     ] GC(73) Survivor regions: 1->1(20)
[2024-03-04T11:56:38.843+0000][7][gc,heap     ] GC(73) Old regions: 21->21
[2024-03-04T11:56:38.843+0000][7][gc,heap     ] GC(73) Archive regions: 2->2
[2024-03-04T11:56:38.843+0000][7][gc,heap     ] GC(73) Humongous regions: 2->2
[2024-03-04T11:56:38.843+0000][7][gc,metaspace] GC(73) Metaspace: 100861K(105424K)->100861K(105424K) NonClass: 87825K(91216K)->87825K(91216K) Class: 13035K(14208K)->13035K(14208K)
[2024-03-04T11:56:38.843+0000][7][gc          ] GC(73) Pause Young (Normal) (G1 Evacuation Pause) 701M->93M(1024M) 2.623ms
[2024-03-04T11:56:38.843+0000][7][gc,cpu      ] GC(73) User=0.00s Sys=0.00s Real=0.00s
[2024-03-04T11:56:38.843+0000][7][safepoint   ] Safepoint "G1CollectForAllocation", Time since last: 2709665212371 ns, Reaching safepoint: 94091 ns, At safepoint: 2710434 ns, Total: 2804525 ns
[2024-03-04T15:23:04.568+0000][7][safepoint   ] Safepoint "Cleanup", Time since last: 12385724531794 ns, Reaching safepoint: 130003 ns, At safepoint: 3811 ns, Total: 133814 ns
[2024-03-04T18:50:23.892+0000][7][gc,start    ] GC(74) Pause Young (Normal) (G1 Evacuation Pause)
[2024-03-04T18:50:23.892+0000][7][gc,task     ] GC(74) Using 13 workers of 13 for evacuation
[2024-03-04T18:50:23.892+0000][7][gc,age      ] GC(74) Desired survivor size 41943040 bytes, new threshold 15 (max threshold 15)
[2024-03-04T18:50:23.894+0000][7][gc,age      ] GC(74) Age table with threshold 15 (max threshold 15)
[2024-03-04T18:50:23.894+0000][7][gc,age      ] GC(74) - age   1:      13256 bytes,      13256 total
[2024-03-04T18:50:23.894+0000][7][gc,age      ] GC(74) - age   2:      70520 bytes,      83776 total
[2024-03-04T18:50:23.894+0000][7][gc,age      ] GC(74) - age   3:      26888 bytes,     110664 total
[2024-03-04T18:50:23.894+0000][7][gc,age      ] GC(74) - age   4:       1832 bytes,     112496 total
[2024-03-04T18:50:23.894+0000][7][gc,age      ] GC(74) - age   6:      37584 bytes,     150080 total
[2024-03-04T18:50:23.894+0000][7][gc,age      ] GC(74) - age   7:      33176 bytes,     183256 total
[2024-03-04T18:50:23.894+0000][7][gc,age      ] GC(74) - age   8:        720 bytes,     183976 total
[2024-03-04T18:50:23.894+0000][7][gc,age      ] GC(74) - age  10:        968 bytes,     184944 total
[2024-03-04T18:50:23.894+0000][7][gc,age      ] GC(74) - age  11:      16912 bytes,     201856 total
[2024-03-04T18:50:23.894+0000][7][gc,age      ] GC(74) - age  14:        184 bytes,     202040 total
[2024-03-04T18:50:23.894+0000][7][gc,age      ] GC(74) - age  15:         64 bytes,     202104 total
[2024-03-04T18:50:23.894+0000][7][gc,phases   ] GC(74)   Pre Evacuate Collection Set: 0.2ms
[2024-03-04T18:50:23.894+0000][7][gc,phases   ] GC(74)   Merge Heap Roots: 0.1ms
[2024-03-04T18:50:23.894+0000][7][gc,phases   ] GC(74)   Evacuate Collection Set: 1.0ms
[2024-03-04T18:50:23.894+0000][7][gc,phases   ] GC(74)   Post Evacuate Collection Set: 0.6ms
[2024-03-04T18:50:23.894+0000][7][gc,phases   ] GC(74)   Other: 0.4ms
[2024-03-04T18:50:23.894+0000][7][gc,heap     ] GC(74) Eden regions: 152->0(152)
[2024-03-04T18:50:23.894+0000][7][gc,heap     ] GC(74) Survivor regions: 1->1(20)
[2024-03-04T18:50:23.894+0000][7][gc,heap     ] GC(74) Old regions: 21->21
[2024-03-04T18:50:23.894+0000][7][gc,heap     ] GC(74) Archive regions: 2->2
[2024-03-04T18:50:23.894+0000][7][gc,heap     ] GC(74) Humongous regions: 2->2
[2024-03-04T18:50:23.894+0000][7][gc,metaspace] GC(74) Metaspace: 100861K(105424K)->100861K(105424K) NonClass: 87826K(91216K)->87826K(91216K) Class: 13035K(14208K)->13035K(14208K)
[2024-03-04T18:50:23.894+0000][7][gc          ] GC(74) Pause Young (Normal) (G1 Evacuation Pause) 701M->93M(1024M) 2.419ms
[2024-03-04T18:50:23.894+0000][7][gc,cpu      ] GC(74) User=0.00s Sys=0.00s Real=0.00s
[2024-03-04T18:50:23.894+0000][7][safepoint   ] Safepoint "G1CollectForAllocation", Time since last: 12439323801415 ns, Reaching safepoint: 94400 ns, At safepoint: 2519950 ns, Total: 2614350 ns
[2024-03-04T20:40:42.795+0000][7][safepoint   ] Safepoint "Cleanup", Time since last: 6618900496696 ns, Reaching safepoint: 153537 ns, At safepoint: 3998 ns, Total: 157535 ns
[2024-03-04T22:50:40.248+0000][7][safepoint   ] Safepoint "Cleanup", Time since last: 7797452964752 ns, Reaching safepoint: 100801 ns, At safepoint: 3718 ns, Total: 104519 ns
[2024-03-05T01:43:01.938+0000][7][gc,start    ] GC(75) Pause Young (Normal) (G1 Evacuation Pause)
[2024-03-05T01:43:01.938+0000][7][gc,task     ] GC(75) Using 13 workers of 13 for evacuation
[2024-03-05T01:43:01.938+0000][7][gc,age      ] GC(75) Desired survivor size 41943040 bytes, new threshold 15 (max threshold 15)
[2024-03-05T01:43:01.939+0000][7][gc,age      ] GC(75) Age table with threshold 15 (max threshold 15)
[2024-03-05T01:43:01.940+0000][7][gc,age      ] GC(75) - age   1:     160456 bytes,     160456 total
[2024-03-05T01:43:01.940+0000][7][gc,age      ] GC(75) - age   2:        672 bytes,     161128 total
[2024-03-05T01:43:01.940+0000][7][gc,age      ] GC(75) - age   3:      29240 bytes,     190368 total
[2024-03-05T01:43:01.940+0000][7][gc,age      ] GC(75) - age   4:       8816 bytes,     199184 total
[2024-03-05T01:43:01.940+0000][7][gc,age      ] GC(75) - age   5:       1256 bytes,     200440 total
[2024-03-05T01:43:01.940+0000][7][gc,age      ] GC(75) - age   7:      37584 bytes,     238024 total
[2024-03-05T01:43:01.940+0000][7][gc,age      ] GC(75) - age   8:        160 bytes,     238184 total
[2024-03-05T01:43:01.940+0000][7][gc,age      ] GC(75) - age   9:        720 bytes,     238904 total
[2024-03-05T01:43:01.940+0000][7][gc,age      ] GC(75) - age  11:        968 bytes,     239872 total
[2024-03-05T01:43:01.940+0000][7][gc,age      ] GC(75) - age  12:        760 bytes,     240632 total
[2024-03-05T01:43:01.940+0000][7][gc,age      ] GC(75) - age  15:        184 bytes,     240816 total
[2024-03-05T01:43:01.940+0000][7][gc,phases   ] GC(75)   Pre Evacuate Collection Set: 0.2ms
[2024-03-05T01:43:01.940+0000][7][gc,phases   ] GC(75)   Merge Heap Roots: 0.1ms
[2024-03-05T01:43:01.940+0000][7][gc,phases   ] GC(75)   Evacuate Collection Set: 0.8ms
[2024-03-05T01:43:01.940+0000][7][gc,phases   ] GC(75)   Post Evacuate Collection Set: 0.6ms
[2024-03-05T01:43:01.940+0000][7][gc,phases   ] GC(75)   Other: 0.5ms
[2024-03-05T01:43:01.940+0000][7][gc,heap     ] GC(75) Eden regions: 152->0(152)
[2024-03-05T01:43:01.940+0000][7][gc,heap     ] GC(75) Survivor regions: 1->1(20)
[2024-03-05T01:43:01.940+0000][7][gc,heap     ] GC(75) Old regions: 21->21
[2024-03-05T01:43:01.940+0000][7][gc,heap     ] GC(75) Archive regions: 2->2
[2024-03-05T01:43:01.940+0000][7][gc,heap     ] GC(75) Humongous regions: 2->2
[2024-03-05T01:43:01.940+0000][7][gc,metaspace] GC(75) Metaspace: 100868K(105424K)->100868K(105424K) NonClass: 87832K(91216K)->87832K(91216K) Class: 13035K(14208K)->13035K(14208K)
[2024-03-05T01:43:01.940+0000][7][gc          ] GC(75) Pause Young (Normal) (G1 Evacuation Pause) 701M->93M(1024M) 2.206ms
[2024-03-05T01:43:01.940+0000][7][gc,cpu      ] GC(75) User=0.00s Sys=0.00s Real=0.00s
[2024-03-05T01:43:01.940+0000][7][safepoint   ] Safepoint "G1CollectForAllocation", Time since last: 10341689670204 ns, Reaching safepoint: 122514 ns, At safepoint: 2316738 ns, Total: 2439252 ns
[2024-03-05T05:20:38.705+0000][7][safepoint   ] Safepoint "Cleanup", Time since last: 13056765256887 ns, Reaching safepoint: 101861 ns, At safepoint: 9670 ns, Total: 111531 ns
[2024-03-05T05:20:59.707+0000][7][safepoint   ] Safepoint "Cleanup", Time since last: 21001362590 ns, Reaching safepoint: 89278 ns, At safepoint: 3895 ns, Total: 93173 ns
[2024-03-05T05:30:11.739+0000][7][safepoint   ] Safepoint "Cleanup", Time since last: 552032251732 ns, Reaching safepoint: 100472 ns, At safepoint: 8943 ns, Total: 109415 ns
[2024-03-05T06:40:46.986+0000][7][safepoint   ] Safepoint "Cleanup", Time since last: 4235246719946 ns, Reaching safepoint: 99694 ns, At safepoint: 3949 ns, Total: 103643 ns
[2024-03-05T07:02:40.062+0000][7][safepoint   ] Safepoint "Cleanup", Time since last: 1313075838006 ns, Reaching safepoint: 101389 ns, At safepoint: 4015 ns, Total: 105404 ns
[2024-03-05T08:34:31.839+0000][7][gc,start    ] GC(76) Pause Young (Normal) (G1 Evacuation Pause)
[2024-03-05T08:34:31.840+0000][7][gc,task     ] GC(76) Using 13 workers of 13 for evacuation
[2024-03-05T08:34:31.840+0000][7][gc,age      ] GC(76) Desired survivor size 41943040 bytes, new threshold 15 (max threshold 15)
[2024-03-05T08:34:31.841+0000][7][gc,age      ] GC(76) Age table with threshold 15 (max threshold 15)
[2024-03-05T08:34:31.841+0000][7][gc,age      ] GC(76) - age   1:     233736 bytes,     233736 total
[2024-03-05T08:34:31.841+0000][7][gc,age      ] GC(76) - age   2:      83920 bytes,     317656 total
[2024-03-05T08:34:31.841+0000][7][gc,age      ] GC(76) - age   3:         80 bytes,     317736 total
[2024-03-05T08:34:31.841+0000][7][gc,age      ] GC(76) - age   4:      25120 bytes,     342856 total
[2024-03-05T08:34:31.841+0000][7][gc,age      ] GC(76) - age   5:       8480 bytes,     351336 total
[2024-03-05T08:34:31.841+0000][7][gc,age      ] GC(76) - age   6:       1136 bytes,     352472 total
[2024-03-05T08:34:31.841+0000][7][gc,age      ] GC(76) - age   8:      37584 bytes,     390056 total
[2024-03-05T08:34:31.841+0000][7][gc,age      ] GC(76) - age   9:        120 bytes,     390176 total
[2024-03-05T08:34:31.841+0000][7][gc,age      ] GC(76) - age  10:        720 bytes,     390896 total
[2024-03-05T08:34:31.841+0000][7][gc,age      ] GC(76) - age  12:        968 bytes,     391864 total
[2024-03-05T08:34:31.841+0000][7][gc,age      ] GC(76) - age  13:        720 bytes,     392584 total
[2024-03-05T08:34:31.841+0000][7][gc,phases   ] GC(76)   Pre Evacuate Collection Set: 0.2ms
[2024-03-05T08:34:31.841+0000][7][gc,phases   ] GC(76)   Merge Heap Roots: 0.1ms
[2024-03-05T08:34:31.841+0000][7][gc,phases   ] GC(76)   Evacuate Collection Set: 0.6ms
[2024-03-05T08:34:31.841+0000][7][gc,phases   ] GC(76)   Post Evacuate Collection Set: 0.5ms
[2024-03-05T08:34:31.841+0000][7][gc,phases   ] GC(76)   Other: 0.4ms
[2024-03-05T08:34:31.841+0000][7][gc,heap     ] GC(76) Eden regions: 152->0(152)
[2024-03-05T08:34:31.841+0000][7][gc,heap     ] GC(76) Survivor regions: 1->1(20)
[2024-03-05T08:34:31.841+0000][7][gc,heap     ] GC(76) Old regions: 21->21
[2024-03-05T08:34:31.841+0000][7][gc,heap     ] GC(76) Archive regions: 2->2
[2024-03-05T08:34:31.841+0000][7][gc,heap     ] GC(76) Humongous regions: 2->2
[2024-03-05T08:34:31.841+0000][7][gc,metaspace] GC(76) Metaspace: 100884K(105424K)->100884K(105424K) NonClass: 87849K(91216K)->87849K(91216K) Class: 13035K(14208K)->13035K(14208K)
[2024-03-05T08:34:31.841+0000][7][gc          ] GC(76) Pause Young (Normal) (G1 Evacuation Pause) 701M->93M(1024M) 1.959ms
[2024-03-05T08:34:31.841+0000][7][gc,cpu      ] GC(76) User=0.00s Sys=0.00s Real=0.00s
[2024-03-05T08:34:31.841+0000][7][safepoint   ] Safepoint "G1CollectForAllocation", Time since last: 5511777464793 ns, Reaching safepoint: 94449 ns, At safepoint: 2049271 ns, Total: 2143720 ns
[2024-03-05T15:29:12.542+0000][7][gc,start    ] GC(77) Pause Young (Normal) (G1 Evacuation Pause)
[2024-03-05T15:29:12.542+0000][7][gc,task     ] GC(77) Using 13 workers of 13 for evacuation
[2024-03-05T15:29:12.542+0000][7][gc,age      ] GC(77) Desired survivor size 41943040 bytes, new threshold 15 (max threshold 15)
[2024-03-05T15:29:12.544+0000][7][gc,age      ] GC(77) Age table with threshold 15 (max threshold 15)
[2024-03-05T15:29:12.544+0000][7][gc,age      ] GC(77) - age   1:      98712 bytes,      98712 total
[2024-03-05T15:29:12.544+0000][7][gc,age      ] GC(77) - age   2:      51064 bytes,     149776 total
[2024-03-05T15:29:12.544+0000][7][gc,age      ] GC(77) - age   3:      83304 bytes,     233080 total
[2024-03-05T15:29:12.544+0000][7][gc,age      ] GC(77) - age   4:         80 bytes,     233160 total
[2024-03-05T15:29:12.544+0000][7][gc,age      ] GC(77) - age   5:      16904 bytes,     250064 total
[2024-03-05T15:29:12.544+0000][7][gc,age      ] GC(77) - age   6:        344 bytes,     250408 total
[2024-03-05T15:29:12.544+0000][7][gc,age      ] GC(77) - age   7:       1136 bytes,     251544 total
[2024-03-05T15:29:12.544+0000][7][gc,age      ] GC(77) - age   9:      37584 bytes,     289128 total
[2024-03-05T15:29:12.544+0000][7][gc,age      ] GC(77) - age  10:        120 bytes,     289248 total
[2024-03-05T15:29:12.544+0000][7][gc,age      ] GC(77) - age  11:        720 bytes,     289968 total
[2024-03-05T15:29:12.544+0000][7][gc,age      ] GC(77) - age  13:        968 bytes,     290936 total
[2024-03-05T15:29:12.544+0000][7][gc,age      ] GC(77) - age  14:        720 bytes,     291656 total
[2024-03-05T15:29:12.544+0000][7][gc,phases   ] GC(77)   Pre Evacuate Collection Set: 0.1ms
[2024-03-05T15:29:12.544+0000][7][gc,phases   ] GC(77)   Merge Heap Roots: 0.1ms
[2024-03-05T15:29:12.544+0000][7][gc,phases   ] GC(77)   Evacuate Collection Set: 0.7ms
[2024-03-05T15:29:12.544+0000][7][gc,phases   ] GC(77)   Post Evacuate Collection Set: 0.6ms
[2024-03-05T15:29:12.544+0000][7][gc,phases   ] GC(77)   Other: 0.4ms
[2024-03-05T15:29:12.544+0000][7][gc,heap     ] GC(77) Eden regions: 152->0(152)
[2024-03-05T15:29:12.544+0000][7][gc,heap     ] GC(77) Survivor regions: 1->1(20)
[2024-03-05T15:29:12.544+0000][7][gc,heap     ] GC(77) Old regions: 21->21
[2024-03-05T15:29:12.544+0000][7][gc,heap     ] GC(77) Archive regions: 2->2
[2024-03-05T15:29:12.544+0000][7][gc,heap     ] GC(77) Humongous regions: 2->2
[2024-03-05T15:29:12.544+0000][7][gc,metaspace] GC(77) Metaspace: 100887K(105424K)->100887K(105424K) NonClass: 87852K(91216K)->87852K(91216K) Class: 13035K(14208K)->13035K(14208K)
[2024-03-05T15:29:12.544+0000][7][gc          ] GC(77) Pause Young (Normal) (G1 Evacuation Pause) 701M->93M(1024M) 2.067ms
[2024-03-05T15:29:12.544+0000][7][gc,cpu      ] GC(77) User=0.01s Sys=0.00s Real=0.00s
[2024-03-05T15:29:12.544+0000][7][safepoint   ] Safepoint "G1CollectForAllocation", Time since last: 24880700267490 ns, Reaching safepoint: 124629 ns, At safepoint: 2157647 ns, Total: 2282276 ns
[2024-03-05T17:44:49.611+0000][7][safepoint   ] Safepoint "Cleanup", Time since last: 8137066359396 ns, Reaching safepoint: 131465 ns, At safepoint: 4317 ns, Total: 135782 ns
[2024-03-05T22:20:32.519+0000][7][gc,start    ] GC(78) Pause Young (Normal) (G1 Evacuation Pause)
[2024-03-05T22:20:32.519+0000][7][gc,task     ] GC(78) Using 13 workers of 13 for evacuation
[2024-03-05T22:20:32.519+0000][7][gc,age      ] GC(78) Desired survivor size 41943040 bytes, new threshold 15 (max threshold 15)
[2024-03-05T22:20:32.520+0000][7][gc,age      ] GC(78) Age table with threshold 15 (max threshold 15)
[2024-03-05T22:20:32.520+0000][7][gc,age      ] GC(78) - age   1:      77264 bytes,      77264 total
[2024-03-05T22:20:32.520+0000][7][gc,age      ] GC(78) - age   2:      58472 bytes,     135736 total
[2024-03-05T22:20:32.520+0000][7][gc,age      ] GC(78) - age   3:      42448 bytes,     178184 total
[2024-03-05T22:20:32.520+0000][7][gc,age      ] GC(78) - age   4:      83304 bytes,     261488 total
[2024-03-05T22:20:32.520+0000][7][gc,age      ] GC(78) - age   5:         40 bytes,     261528 total
[2024-03-05T22:20:32.520+0000][7][gc,age      ] GC(78) - age   6:      16904 bytes,     278432 total
[2024-03-05T22:20:32.520+0000][7][gc,age      ] GC(78) - age   7:        344 bytes,     278776 total
[2024-03-05T22:20:32.520+0000][7][gc,age      ] GC(78) - age   8:       1096 bytes,     279872 total
[2024-03-05T22:20:32.520+0000][7][gc,age      ] GC(78) - age  10:      37584 bytes,     317456 total
[2024-03-05T22:20:32.520+0000][7][gc,age      ] GC(78) - age  11:        120 bytes,     317576 total
[2024-03-05T22:20:32.520+0000][7][gc,age      ] GC(78) - age  12:        720 bytes,     318296 total
[2024-03-05T22:20:32.520+0000][7][gc,age      ] GC(78) - age  14:        928 bytes,     319224 total
[2024-03-05T22:20:32.520+0000][7][gc,age      ] GC(78) - age  15:        720 bytes,     319944 total
[2024-03-05T22:20:32.520+0000][7][gc,phases   ] GC(78)   Pre Evacuate Collection Set: 0.2ms
[2024-03-05T22:20:32.520+0000][7][gc,phases   ] GC(78)   Merge Heap Roots: 0.1ms
[2024-03-05T22:20:32.520+0000][7][gc,phases   ] GC(78)   Evacuate Collection Set: 0.5ms
[2024-03-05T22:20:32.520+0000][7][gc,phases   ] GC(78)   Post Evacuate Collection Set: 0.5ms
[2024-03-05T22:20:32.520+0000][7][gc,phases   ] GC(78)   Other: 0.4ms
[2024-03-05T22:20:32.521+0000][7][gc,heap     ] GC(78) Eden regions: 152->0(152)
[2024-03-05T22:20:32.521+0000][7][gc,heap     ] GC(78) Survivor regions: 1->1(20)
[2024-03-05T22:20:32.521+0000][7][gc,heap     ] GC(78) Old regions: 21->21
[2024-03-05T22:20:32.521+0000][7][gc,heap     ] GC(78) Archive regions: 2->2
[2024-03-05T22:20:32.521+0000][7][gc,heap     ] GC(78) Humongous regions: 2->2
[2024-03-05T22:20:32.521+0000][7][gc,metaspace] GC(78) Metaspace: 100895K(105424K)->100895K(105424K) NonClass: 87859K(91216K)->87859K(91216K) Class: 13035K(14208K)->13035K(14208K)
[2024-03-05T22:20:32.521+0000][7][gc          ] GC(78) Pause Young (Normal) (G1 Evacuation Pause) 701M->93M(1024M) 1.897ms
[2024-03-05T22:20:32.521+0000][7][gc,cpu      ] GC(78) User=0.00s Sys=0.01s Real=0.00s
[2024-03-05T22:20:32.521+0000][7][safepoint   ] Safepoint "G1CollectForAllocation", Time since last: 16542907966326 ns, Reaching safepoint: 141215 ns, At safepoint: 2010837 ns, Total: 2152052 ns
[2024-03-06T04:29:39.692+0000][7][safepoint   ] Safepoint "Cleanup", Time since last: 22147170857797 ns, Reaching safepoint: 206109 ns, At safepoint: 4832 ns, Total: 210941 ns
[2024-03-06T05:08:18.214+0000][7][gc,start    ] GC(79) Pause Young (Normal) (G1 Evacuation Pause)
[2024-03-06T05:08:18.214+0000][7][gc,task     ] GC(79) Using 13 workers of 13 for evacuation
[2024-03-06T05:08:18.214+0000][7][gc,age      ] GC(79) Desired survivor size 41943040 bytes, new threshold 15 (max threshold 15)
[2024-03-06T05:08:18.215+0000][7][gc,age      ] GC(79) Age table with threshold 15 (max threshold 15)
[2024-03-06T05:08:18.215+0000][7][gc,age      ] GC(79) - age   1:     295304 bytes,     295304 total
[2024-03-06T05:08:18.215+0000][7][gc,age      ] GC(79) - age   2:      65032 bytes,     360336 total
[2024-03-06T05:08:18.215+0000][7][gc,age      ] GC(79) - age   3:      58056 bytes,     418392 total
[2024-03-06T05:08:18.215+0000][7][gc,age      ] GC(79) - age   4:      42096 bytes,     460488 total
[2024-03-06T05:08:18.215+0000][7][gc,age      ] GC(79) - age   5:      81088 bytes,     541576 total
[2024-03-06T05:08:18.215+0000][7][gc,age      ] GC(79) - age   7:      16256 bytes,     557832 total
[2024-03-06T05:08:18.215+0000][7][gc,age      ] GC(79) - age   8:        264 bytes,     558096 total
[2024-03-06T05:08:18.215+0000][7][gc,age      ] GC(79) - age   9:       1096 bytes,     559192 total
[2024-03-06T05:08:18.215+0000][7][gc,age      ] GC(79) - age  11:      37584 bytes,     596776 total
[2024-03-06T05:08:18.215+0000][7][gc,age      ] GC(79) - age  12:        120 bytes,     596896 total
[2024-03-06T05:08:18.215+0000][7][gc,age      ] GC(79) - age  13:        720 bytes,     597616 total
[2024-03-06T05:08:18.215+0000][7][gc,age      ] GC(79) - age  15:        928 bytes,     598544 total
[2024-03-06T05:08:18.216+0000][7][gc,phases   ] GC(79)   Pre Evacuate Collection Set: 0.1ms
[2024-03-06T05:08:18.216+0000][7][gc,phases   ] GC(79)   Merge Heap Roots: 0.1ms
[2024-03-06T05:08:18.216+0000][7][gc,phases   ] GC(79)   Evacuate Collection Set: 0.7ms
[2024-03-06T05:08:18.216+0000][7][gc,phases   ] GC(79)   Post Evacuate Collection Set: 0.5ms
[2024-03-06T05:08:18.216+0000][7][gc,phases   ] GC(79)   Other: 0.4ms
[2024-03-06T05:08:18.216+0000][7][gc,heap     ] GC(79) Eden regions: 152->0(152)
[2024-03-06T05:08:18.216+0000][7][gc,heap     ] GC(79) Survivor regions: 1->1(20)
[2024-03-06T05:08:18.216+0000][7][gc,heap     ] GC(79) Old regions: 21->21
[2024-03-06T05:08:18.216+0000][7][gc,heap     ] GC(79) Archive regions: 2->2
[2024-03-06T05:08:18.216+0000][7][gc,heap     ] GC(79) Humongous regions: 2->2
[2024-03-06T05:08:18.216+0000][7][gc,metaspace] GC(79) Metaspace: 100903K(105424K)->100903K(105424K) NonClass: 87868K(91216K)->87868K(91216K) Class: 13035K(14208K)->13035K(14208K)
[2024-03-06T05:08:18.216+0000][7][gc          ] GC(79) Pause Young (Normal) (G1 Evacuation Pause) 701M->93M(1024M) 2.001ms
[2024-03-06T05:08:18.216+0000][7][gc,cpu      ] GC(79) User=0.00s Sys=0.00s Real=0.00s
[2024-03-06T05:08:18.216+0000][7][safepoint   ] Safepoint "G1CollectForAllocation", Time since last: 2318521836935 ns, Reaching safepoint: 99248 ns, At safepoint: 2089395 ns, Total: 2188643 ns
[2024-03-06T05:22:30.265+0000][7][safepoint   ] Safepoint "Cleanup", Time since last: 852049437377 ns, Reaching safepoint: 102306 ns, At safepoint: 8582 ns, Total: 110888 ns
[2024-03-06T12:02:06.762+0000][7][gc,start    ] GC(80) Pause Young (Normal) (G1 Evacuation Pause)
[2024-03-06T12:02:06.763+0000][7][gc,task     ] GC(80) Using 13 workers of 13 for evacuation
[2024-03-06T12:02:06.763+0000][7][gc,age      ] GC(80) Desired survivor size 41943040 bytes, new threshold 15 (max threshold 15)
[2024-03-06T12:02:06.764+0000][7][gc,age      ] GC(80) Age table with threshold 15 (max threshold 15)
[2024-03-06T12:02:06.764+0000][7][gc,age      ] GC(80) - age   1:      13944 bytes,      13944 total
[2024-03-06T12:02:06.764+0000][7][gc,age      ] GC(80) - age   2:      77976 bytes,      91920 total
[2024-03-06T12:02:06.764+0000][7][gc,age      ] GC(80) - age   3:        424 bytes,      92344 total
[2024-03-06T12:02:06.764+0000][7][gc,age      ] GC(80) - age   4:      41608 bytes,     133952 total
[2024-03-06T12:02:06.764+0000][7][gc,age      ] GC(80) - age   5:      17472 bytes,     151424 total
[2024-03-06T12:02:06.764+0000][7][gc,age      ] GC(80) - age   6:      48784 bytes,     200208 total
[2024-03-06T12:02:06.764+0000][7][gc,age      ] GC(80) - age   8:      16256 bytes,     216464 total
[2024-03-06T12:02:06.764+0000][7][gc,age      ] GC(80) - age   9:        264 bytes,     216728 total
[2024-03-06T12:02:06.764+0000][7][gc,age      ] GC(80) - age  10:       1096 bytes,     217824 total
[2024-03-06T12:02:06.764+0000][7][gc,age      ] GC(80) - age  12:      21432 bytes,     239256 total
[2024-03-06T12:02:06.764+0000][7][gc,age      ] GC(80) - age  13:        120 bytes,     239376 total
[2024-03-06T12:02:06.764+0000][7][gc,age      ] GC(80) - age  14:        720 bytes,     240096 total
[2024-03-06T12:02:06.764+0000][7][gc,phases   ] GC(80)   Pre Evacuate Collection Set: 0.2ms
[2024-03-06T12:02:06.764+0000][7][gc,phases   ] GC(80)   Merge Heap Roots: 0.1ms
[2024-03-06T12:02:06.764+0000][7][gc,phases   ] GC(80)   Evacuate Collection Set: 0.5ms
[2024-03-06T12:02:06.764+0000][7][gc,phases   ] GC(80)   Post Evacuate Collection Set: 0.5ms
[2024-03-06T12:02:06.764+0000][7][gc,phases   ] GC(80)   Other: 0.4ms
[2024-03-06T12:02:06.764+0000][7][gc,heap     ] GC(80) Eden regions: 152->0(152)
[2024-03-06T12:02:06.764+0000][7][gc,heap     ] GC(80) Survivor regions: 1->1(20)
[2024-03-06T12:02:06.764+0000][7][gc,heap     ] GC(80) Old regions: 21->21
[2024-03-06T12:02:06.764+0000][7][gc,heap     ] GC(80) Archive regions: 2->2
[2024-03-06T12:02:06.764+0000][7][gc,heap     ] GC(80) Humongous regions: 2->2
[2024-03-06T12:02:06.764+0000][7][gc,metaspace] GC(80) Metaspace: 100906K(105424K)->100906K(105424K) NonClass: 87870K(91216K)->87870K(91216K) Class: 13035K(14208K)->13035K(14208K)
[2024-03-06T12:02:06.764+0000][7][gc          ] GC(80) Pause Young (Normal) (G1 Evacuation Pause) 701M->93M(1024M) 1.851ms
[2024-03-06T12:02:06.764+0000][7][gc,cpu      ] GC(80) User=0.00s Sys=0.00s Real=0.00s
[2024-03-06T12:02:06.764+0000][7][safepoint   ] Safepoint "G1CollectForAllocation", Time since last: 23976497031427 ns, Reaching safepoint: 90614 ns, At safepoint: 1950015 ns, Total: 2040629 ns
[2024-03-06T14:59:54.375+0000][7][safepoint   ] Safepoint "Cleanup", Time since last: 10667610670711 ns, Reaching safepoint: 127357 ns, At safepoint: 4241 ns, Total: 131598 ns
[2024-03-06T15:00:19.377+0000][7][safepoint   ] Safepoint "Cleanup", Time since last: 25001529072 ns, Reaching safepoint: 105398 ns, At safepoint: 6201 ns, Total: 111599 ns
[2024-03-06T18:50:48.489+0000][7][gc,start    ] GC(81) Pause Young (Normal) (G1 Evacuation Pause)
[2024-03-06T18:50:48.489+0000][7][gc,task     ] GC(81) Using 13 workers of 13 for evacuation
[2024-03-06T18:50:48.489+0000][7][gc,age      ] GC(81) Desired survivor size 41943040 bytes, new threshold 15 (max threshold 15)
[2024-03-06T18:50:48.490+0000][7][gc,age      ] GC(81) Age table with threshold 15 (max threshold 15)
[2024-03-06T18:50:48.491+0000][7][gc,age      ] GC(81) - age   1:      96008 bytes,      96008 total
[2024-03-06T18:50:48.491+0000][7][gc,age      ] GC(81) - age   2:        928 bytes,      96936 total
[2024-03-06T18:50:48.491+0000][7][gc,age      ] GC(81) - age   3:      60880 bytes,     157816 total
[2024-03-06T18:50:48.491+0000][7][gc,age      ] GC(81) - age   4:        384 bytes,     158200 total
[2024-03-06T18:50:48.491+0000][7][gc,age      ] GC(81) - age   5:      25120 bytes,     183320 total
[2024-03-06T18:50:48.491+0000][7][gc,age      ] GC(81) - age   6:        824 bytes,     184144 total
[2024-03-06T18:50:48.491+0000][7][gc,age      ] GC(81) - age   7:      32552 bytes,     216696 total
[2024-03-06T18:50:48.491+0000][7][gc,age      ] GC(81) - age   9:      16256 bytes,     232952 total
[2024-03-06T18:50:48.491+0000][7][gc,age      ] GC(81) - age  10:        264 bytes,     233216 total
[2024-03-06T18:50:48.491+0000][7][gc,age      ] GC(81) - age  11:       1096 bytes,     234312 total
[2024-03-06T18:50:48.491+0000][7][gc,age      ] GC(81) - age  13:      21392 bytes,     255704 total
[2024-03-06T18:50:48.491+0000][7][gc,age      ] GC(81) - age  14:        120 bytes,     255824 total
[2024-03-06T18:50:48.491+0000][7][gc,age      ] GC(81) - age  15:        720 bytes,     256544 total
[2024-03-06T18:50:48.491+0000][7][gc,phases   ] GC(81)   Pre Evacuate Collection Set: 0.1ms
[2024-03-06T18:50:48.491+0000][7][gc,phases   ] GC(81)   Merge Heap Roots: 0.1ms
[2024-03-06T18:50:48.491+0000][7][gc,phases   ] GC(81)   Evacuate Collection Set: 0.6ms
[2024-03-06T18:50:48.491+0000][7][gc,phases   ] GC(81)   Post Evacuate Collection Set: 0.5ms
[2024-03-06T18:50:48.491+0000][7][gc,phases   ] GC(81)   Other: 0.4ms
[2024-03-06T18:50:48.491+0000][7][gc,heap     ] GC(81) Eden regions: 152->0(152)
[2024-03-06T18:50:48.491+0000][7][gc,heap     ] GC(81) Survivor regions: 1->1(20)
[2024-03-06T18:50:48.491+0000][7][gc,heap     ] GC(81) Old regions: 21->21
[2024-03-06T18:50:48.491+0000][7][gc,heap     ] GC(81) Archive regions: 2->2
[2024-03-06T18:50:48.491+0000][7][gc,heap     ] GC(81) Humongous regions: 2->2
[2024-03-06T18:50:48.491+0000][7][gc,metaspace] GC(81) Metaspace: 100923K(105424K)->100923K(105424K) NonClass: 87888K(91216K)->87888K(91216K) Class: 13035K(14208K)->13035K(14208K)
[2024-03-06T18:50:48.491+0000][7][gc          ] GC(81) Pause Young (Normal) (G1 Evacuation Pause) 701M->93M(1024M) 1.873ms
[2024-03-06T18:50:48.491+0000][7][gc,cpu      ] GC(81) User=0.01s Sys=0.00s Real=0.00s
[2024-03-06T18:50:48.491+0000][7][safepoint   ] Safepoint "G1CollectForAllocation", Time since last: 13829112018394 ns, Reaching safepoint: 106646 ns, At safepoint: 1976984 ns, Total: 2083630 ns
[2024-03-06T20:53:00.924+0000][7][safepoint   ] Safepoint "Cleanup", Time since last: 7332433277675 ns, Reaching safepoint: 112220 ns, At safepoint: 3720 ns, Total: 115940 ns
[2024-03-06T23:24:31.454+0000][7][safepoint   ] Safepoint "Cleanup", Time since last: 9090529610044 ns, Reaching safepoint: 103131 ns, At safepoint: 4039 ns, Total: 107170 ns
[2024-03-07T01:30:00.894+0000][7][safepoint   ] Safepoint "Cleanup", Time since last: 7529439817704 ns, Reaching safepoint: 130710 ns, At safepoint: 4198 ns, Total: 134908 ns
[2024-03-07T01:44:21.322+0000][7][gc,start    ] GC(82) Pause Young (Normal) (G1 Evacuation Pause)
[2024-03-07T01:44:21.322+0000][7][gc,task     ] GC(82) Using 13 workers of 13 for evacuation
[2024-03-07T01:44:21.322+0000][7][gc,age      ] GC(82) Desired survivor size 41943040 bytes, new threshold 15 (max threshold 15)
[2024-03-07T01:44:21.324+0000][7][gc,age      ] GC(82) Age table with threshold 15 (max threshold 15)
[2024-03-07T01:44:21.324+0000][7][gc,age      ] GC(82) - age   1:     110656 bytes,     110656 total
[2024-03-07T01:44:21.324+0000][7][gc,age      ] GC(82) - age   2:      19560 bytes,     130216 total
[2024-03-07T01:44:21.324+0000][7][gc,age      ] GC(82) - age   3:        592 bytes,     130808 total
[2024-03-07T01:44:21.324+0000][7][gc,age      ] GC(82) - age   4:      51504 bytes,     182312 total
[2024-03-07T01:44:21.324+0000][7][gc,age      ] GC(82) - age   5:        264 bytes,     182576 total
[2024-03-07T01:44:21.324+0000][7][gc,age      ] GC(82) - age   6:       8928 bytes,     191504 total
[2024-03-07T01:44:21.324+0000][7][gc,age      ] GC(82) - age   7:        448 bytes,     191952 total
[2024-03-07T01:44:21.324+0000][7][gc,age      ] GC(82) - age   8:      16400 bytes,     208352 total
[2024-03-07T01:44:21.324+0000][7][gc,age      ] GC(82) - age  10:      16256 bytes,     224608 total
[2024-03-07T01:44:21.324+0000][7][gc,age      ] GC(82) - age  11:        264 bytes,     224872 total
[2024-03-07T01:44:21.324+0000][7][gc,age      ] GC(82) - age  12:       1096 bytes,     225968 total
[2024-03-07T01:44:21.324+0000][7][gc,age      ] GC(82) - age  14:      21392 bytes,     247360 total
[2024-03-07T01:44:21.324+0000][7][gc,age      ] GC(82) - age  15:        120 bytes,     247480 total
[2024-03-07T01:44:21.324+0000][7][gc,phases   ] GC(82)   Pre Evacuate Collection Set: 0.1ms
[2024-03-07T01:44:21.324+0000][7][gc,phases   ] GC(82)   Merge Heap Roots: 0.1ms
[2024-03-07T01:44:21.324+0000][7][gc,phases   ] GC(82)   Evacuate Collection Set: 1.1ms
[2024-03-07T01:44:21.324+0000][7][gc,phases   ] GC(82)   Post Evacuate Collection Set: 0.5ms
[2024-03-07T01:44:21.324+0000][7][gc,phases   ] GC(82)   Other: 0.4ms
[2024-03-07T01:44:21.324+0000][7][gc,heap     ] GC(82) Eden regions: 152->0(152)
[2024-03-07T01:44:21.324+0000][7][gc,heap     ] GC(82) Survivor regions: 1->1(20)
[2024-03-07T01:44:21.324+0000][7][gc,heap     ] GC(82) Old regions: 21->21
[2024-03-07T01:44:21.324+0000][7][gc,heap     ] GC(82) Archive regions: 2->2
[2024-03-07T01:44:21.324+0000][7][gc,heap     ] GC(82) Humongous regions: 2->2
[2024-03-07T01:44:21.324+0000][7][gc,metaspace] GC(82) Metaspace: 100942K(105424K)->100942K(105424K) NonClass: 87906K(91216K)->87906K(91216K) Class: 13035K(14208K)->13035K(14208K)
[2024-03-07T01:44:21.324+0000][7][gc          ] GC(82) Pause Young (Normal) (G1 Evacuation Pause) 701M->93M(1024M) 2.390ms
[2024-03-07T01:44:21.324+0000][7][gc,cpu      ] GC(82) User=0.00s Sys=0.00s Real=0.00s
[2024-03-07T01:44:21.324+0000][7][safepoint   ] Safepoint "G1CollectForAllocation", Time since last: 860427757658 ns, Reaching safepoint: 92901 ns, At safepoint: 2486657 ns, Total: 2579558 ns
[2024-03-07T02:02:39.388+0000][7][safepoint   ] Safepoint "Cleanup", Time since last: 1098063895151 ns, Reaching safepoint: 95143 ns, At safepoint: 2908 ns, Total: 98051 ns
[2024-03-07T02:28:11.477+0000][7][safepoint   ] Safepoint "Cleanup", Time since last: 1532088458623 ns, Reaching safepoint: 104840 ns, At safepoint: 3797 ns, Total: 108637 ns
[2024-03-07T02:28:20.478+0000][7][safepoint   ] Safepoint "Cleanup", Time since last: 9000608480 ns, Reaching safepoint: 129594 ns, At safepoint: 4083 ns, Total: 133677 ns
[2024-03-07T06:11:28.261+0000][7][safepoint   ] Safepoint "Cleanup", Time since last: 13387783761521 ns, Reaching safepoint: 103555 ns, At safepoint: 3932 ns, Total: 107487 ns
[2024-03-07T06:12:52.267+0000][7][safepoint   ] Safepoint "Cleanup", Time since last: 84005047981 ns, Reaching safepoint: 127772 ns, At safepoint: 3662 ns, Total: 131434 ns
[2024-03-07T06:36:34.350+0000][7][safepoint   ] Safepoint "Cleanup", Time since last: 1422083134727 ns, Reaching safepoint: 98595 ns, At safepoint: 8453 ns, Total: 107048 ns
[2024-03-07T07:31:13.540+0000][7][safepoint   ] Safepoint "Cleanup", Time since last: 3279189752385 ns, Reaching safepoint: 151947 ns, At safepoint: 3642 ns, Total: 155589 ns
[2024-03-07T08:33:54.329+0000][7][gc,start    ] GC(83) Pause Young (Normal) (G1 Evacuation Pause)
[2024-03-07T08:33:54.329+0000][7][gc,task     ] GC(83) Using 13 workers of 13 for evacuation
[2024-03-07T08:33:54.329+0000][7][gc,age      ] GC(83) Desired survivor size 41943040 bytes, new threshold 15 (max threshold 15)
[2024-03-07T08:33:54.331+0000][7][gc,age      ] GC(83) Age table with threshold 15 (max threshold 15)
[2024-03-07T08:33:54.331+0000][7][gc,age      ] GC(83) - age   1:     342000 bytes,     342000 total
[2024-03-07T08:33:54.331+0000][7][gc,age      ] GC(83) - age   2:      82528 bytes,     424528 total
[2024-03-07T08:33:54.331+0000][7][gc,age      ] GC(83) - age   3:      18648 bytes,     443176 total
[2024-03-07T08:33:54.331+0000][7][gc,age      ] GC(83) - age   4:        592 bytes,     443768 total
[2024-03-07T08:33:54.331+0000][7][gc,age      ] GC(83) - age   5:      26432 bytes,     470200 total
[2024-03-07T08:33:54.331+0000][7][gc,age      ] GC(83) - age   6:        264 bytes,     470464 total
[2024-03-07T08:33:54.331+0000][7][gc,age      ] GC(83) - age   7:       8648 bytes,     479112 total
[2024-03-07T08:33:54.331+0000][7][gc,age      ] GC(83) - age   8:        336 bytes,     479448 total
[2024-03-07T08:33:54.331+0000][7][gc,age      ] GC(83) - age   9:      16320 bytes,     495768 total
[2024-03-07T08:33:54.332+0000][7][gc,age      ] GC(83) - age  11:      16096 bytes,     511864 total
[2024-03-07T08:33:54.332+0000][7][gc,age      ] GC(83) - age  12:        264 bytes,     512128 total
[2024-03-07T08:33:54.332+0000][7][gc,age      ] GC(83) - age  13:        808 bytes,     512936 total
[2024-03-07T08:33:54.332+0000][7][gc,age      ] GC(83) - age  15:      21392 bytes,     534328 total
[2024-03-07T08:33:54.332+0000][7][gc,phases   ] GC(83)   Pre Evacuate Collection Set: 0.2ms
[2024-03-07T08:33:54.332+0000][7][gc,phases   ] GC(83)   Merge Heap Roots: 0.1ms
[2024-03-07T08:33:54.332+0000][7][gc,phases   ] GC(83)   Evacuate Collection Set: 1.2ms
[2024-03-07T08:33:54.332+0000][7][gc,phases   ] GC(83)   Post Evacuate Collection Set: 0.5ms
[2024-03-07T08:33:54.332+0000][7][gc,phases   ] GC(83)   Other: 0.5ms
[2024-03-07T08:33:54.332+0000][7][gc,heap     ] GC(83) Eden regions: 152->0(152)
[2024-03-07T08:33:54.332+0000][7][gc,heap     ] GC(83) Survivor regions: 1->1(20)
[2024-03-07T08:33:54.332+0000][7][gc,heap     ] GC(83) Old regions: 21->21
[2024-03-07T08:33:54.332+0000][7][gc,heap     ] GC(83) Archive regions: 2->2
[2024-03-07T08:33:54.332+0000][7][gc,heap     ] GC(83) Humongous regions: 2->2
[2024-03-07T08:33:54.332+0000][7][gc,metaspace] GC(83) Metaspace: 100947K(105424K)->100947K(105424K) NonClass: 87911K(91216K)->87911K(91216K) Class: 13035K(14208K)->13035K(14208K)
[2024-03-07T08:33:54.332+0000][7][gc          ] GC(83) Pause Young (Normal) (G1 Evacuation Pause) 701M->93M(1024M) 2.613ms
[2024-03-07T08:33:54.332+0000][7][gc,cpu      ] GC(83) User=0.00s Sys=0.01s Real=0.00s
[2024-03-07T08:33:54.332+0000][7][safepoint   ] Safepoint "G1CollectForAllocation", Time since last: 3760789182567 ns, Reaching safepoint: 107940 ns, At safepoint: 2703174 ns, Total: 2811114 ns
[2024-03-07T12:09:13.088+0000][7][safepoint   ] Safepoint "Cleanup", Time since last: 12918756212624 ns, Reaching safepoint: 101320 ns, At safepoint: 3755 ns, Total: 105075 ns
[2024-03-07T12:49:15.229+0000][7][safepoint   ] Safepoint "Cleanup", Time since last: 2402141033086 ns, Reaching safepoint: 96944 ns, At safepoint: 3202 ns, Total: 100146 ns
[2024-03-07T15:26:00.772+0000][7][gc,start    ] GC(84) Pause Young (Normal) (G1 Evacuation Pause)
[2024-03-07T15:26:00.772+0000][7][gc,task     ] GC(84) Using 13 workers of 13 for evacuation
[2024-03-07T15:26:00.773+0000][7][gc,age      ] GC(84) Desired survivor size 41943040 bytes, new threshold 15 (max threshold 15)
[2024-03-07T15:26:00.774+0000][7][gc,age      ] GC(84) Age table with threshold 15 (max threshold 15)
[2024-03-07T15:26:00.774+0000][7][gc,age      ] GC(84) - age   1:      56272 bytes,      56272 total
[2024-03-07T15:26:00.774+0000][7][gc,age      ] GC(84) - age   2:      60072 bytes,     116344 total
[2024-03-07T15:26:00.774+0000][7][gc,age      ] GC(84) - age   3:      49792 bytes,     166136 total
[2024-03-07T15:26:00.774+0000][7][gc,age      ] GC(84) - age   4:      17384 bytes,     183520 total
[2024-03-07T15:26:00.774+0000][7][gc,age      ] GC(84) - age   5:        296 bytes,     183816 total
[2024-03-07T15:26:00.774+0000][7][gc,age      ] GC(84) - age   6:      26272 bytes,     210088 total
[2024-03-07T15:26:00.774+0000][7][gc,age      ] GC(84) - age   7:        264 bytes,     210352 total
[2024-03-07T15:26:00.774+0000][7][gc,age      ] GC(84) - age   8:        216 bytes,     210568 total
[2024-03-07T15:26:00.774+0000][7][gc,age      ] GC(84) - age   9:        296 bytes,     210864 total
[2024-03-07T15:26:00.774+0000][7][gc,age      ] GC(84) - age  10:        168 bytes,     211032 total
[2024-03-07T15:26:00.774+0000][7][gc,age      ] GC(84) - age  12:      16096 bytes,     227128 total
[2024-03-07T15:26:00.774+0000][7][gc,age      ] GC(84) - age  13:        264 bytes,     227392 total
[2024-03-07T15:26:00.774+0000][7][gc,age      ] GC(84) - age  14:        808 bytes,     228200 total
[2024-03-07T15:26:00.774+0000][7][gc,phases   ] GC(84)   Pre Evacuate Collection Set: 0.2ms
[2024-03-07T15:26:00.774+0000][7][gc,phases   ] GC(84)   Merge Heap Roots: 0.1ms
[2024-03-07T15:26:00.774+0000][7][gc,phases   ] GC(84)   Evacuate Collection Set: 0.6ms
[2024-03-07T15:26:00.774+0000][7][gc,phases   ] GC(84)   Post Evacuate Collection Set: 0.5ms
[2024-03-07T15:26:00.774+0000][7][gc,phases   ] GC(84)   Other: 0.4ms
[2024-03-07T15:26:00.774+0000][7][gc,heap     ] GC(84) Eden regions: 152->0(152)
[2024-03-07T15:26:00.774+0000][7][gc,heap     ] GC(84) Survivor regions: 1->1(20)
[2024-03-07T15:26:00.774+0000][7][gc,heap     ] GC(84) Old regions: 21->21
[2024-03-07T15:26:00.774+0000][7][gc,heap     ] GC(84) Archive regions: 2->2
[2024-03-07T15:26:00.774+0000][7][gc,heap     ] GC(84) Humongous regions: 2->2
[2024-03-07T15:26:00.774+0000][7][gc,metaspace] GC(84) Metaspace: 100952K(105424K)->100952K(105424K) NonClass: 87917K(91216K)->87917K(91216K) Class: 13035K(14208K)->13035K(14208K)
[2024-03-07T15:26:00.774+0000][7][gc          ] GC(84) Pause Young (Normal) (G1 Evacuation Pause) 701M->93M(1024M) 1.908ms
[2024-03-07T15:26:00.774+0000][7][gc,cpu      ] GC(84) User=0.00s Sys=0.00s Real=0.00s
[2024-03-07T15:26:00.774+0000][7][safepoint   ] Safepoint "G1CollectForAllocation", Time since last: 9405542968726 ns, Reaching safepoint: 127355 ns, At safepoint: 2012108 ns, Total: 2139463 ns
[2024-03-07T16:08:09.899+0000][7][safepoint   ] Safepoint "Cleanup", Time since last: 2529124837360 ns, Reaching safepoint: 110885 ns, At safepoint: 3612 ns, Total: 114497 ns
[2024-03-07T17:03:50.074+0000][7][safepoint   ] Safepoint "Cleanup", Time since last: 3340174381414 ns, Reaching safepoint: 144868 ns, At safepoint: 4434 ns, Total: 149302 ns
[2024-03-07T18:18:55.285+0000][7][safepoint   ] Safepoint "Cleanup", Time since last: 4505211102724 ns, Reaching safepoint: 98664 ns, At safepoint: 8408 ns, Total: 107072 ns
[2024-03-07T18:18:56.285+0000][7][safepoint   ] Safepoint "Cleanup", Time since last: 1000148371 ns, Reaching safepoint: 88280 ns, At safepoint: 11334 ns, Total: 99614 ns
[2024-03-07T18:18:57.286+0000][7][safepoint   ] Safepoint "Cleanup", Time since last: 1000163034 ns, Reaching safepoint: 84900 ns, At safepoint: 3487 ns, Total: 88387 ns
[2024-03-07T18:18:58.286+0000][7][safepoint   ] Safepoint "Cleanup", Time since last: 1000172577 ns, Reaching safepoint: 80814 ns, At safepoint: 3917 ns, Total: 84731 ns
[2024-03-07T19:11:12.467+0000][7][safepoint   ] Safepoint "Cleanup", Time since last: 3134181452206 ns, Reaching safepoint: 106928 ns, At safepoint: 4089 ns, Total: 111017 ns
[2024-03-07T21:09:54.883+0000][7][safepoint   ] Safepoint "Cleanup", Time since last: 7122415461200 ns, Reaching safepoint: 104027 ns, At safepoint: 6150 ns, Total: 110177 ns
[2024-03-07T22:09:29.823+0000][7][gc,start    ] GC(85) Pause Young (Normal) (G1 Evacuation Pause)
[2024-03-07T22:09:29.823+0000][7][gc,task     ] GC(85) Using 13 workers of 13 for evacuation
[2024-03-07T22:09:29.823+0000][7][gc,age      ] GC(85) Desired survivor size 41943040 bytes, new threshold 15 (max threshold 15)
[2024-03-07T22:09:29.824+0000][7][gc,age      ] GC(85) Age table with threshold 15 (max threshold 15)
[2024-03-07T22:09:29.824+0000][7][gc,age      ] GC(85) - age   1:     275320 bytes,     275320 total
[2024-03-07T22:09:29.825+0000][7][gc,age      ] GC(85) - age   2:      26760 bytes,     302080 total
[2024-03-07T22:09:29.825+0000][7][gc,age      ] GC(85) - age   3:      50456 bytes,     352536 total
[2024-03-07T22:09:29.825+0000][7][gc,age      ] GC(85) - age   4:      49416 bytes,     401952 total
[2024-03-07T22:09:29.825+0000][7][gc,age      ] GC(85) - age   5:       1136 bytes,     403088 total
[2024-03-07T22:09:29.825+0000][7][gc,age      ] GC(85) - age   6:        296 bytes,     403384 total
[2024-03-07T22:09:29.825+0000][7][gc,age      ] GC(85) - age   7:      26000 bytes,     429384 total
[2024-03-07T22:09:29.825+0000][7][gc,age      ] GC(85) - age   8:        224 bytes,     429608 total
[2024-03-07T22:09:29.825+0000][7][gc,age      ] GC(85) - age   9:        216 bytes,     429824 total
[2024-03-07T22:09:29.825+0000][7][gc,age      ] GC(85) - age  10:        216 bytes,     430040 total
[2024-03-07T22:09:29.825+0000][7][gc,age      ] GC(85) - age  11:        128 bytes,     430168 total
[2024-03-07T22:09:29.825+0000][7][gc,age      ] GC(85) - age  13:      16016 bytes,     446184 total
[2024-03-07T22:09:29.825+0000][7][gc,age      ] GC(85) - age  14:        264 bytes,     446448 total
[2024-03-07T22:09:29.825+0000][7][gc,age      ] GC(85) - age  15:        520 bytes,     446968 total
[2024-03-07T22:09:29.825+0000][7][gc,phases   ] GC(85)   Pre Evacuate Collection Set: 0.2ms
[2024-03-07T22:09:29.825+0000][7][gc,phases   ] GC(85)   Merge Heap Roots: 0.1ms
[2024-03-07T22:09:29.825+0000][7][gc,phases   ] GC(85)   Evacuate Collection Set: 0.8ms
[2024-03-07T22:09:29.825+0000][7][gc,phases   ] GC(85)   Post Evacuate Collection Set: 0.5ms
[2024-03-07T22:09:29.825+0000][7][gc,phases   ] GC(85)   Other: 0.5ms
[2024-03-07T22:09:29.825+0000][7][gc,heap     ] GC(85) Eden regions: 152->0(152)
[2024-03-07T22:09:29.825+0000][7][gc,heap     ] GC(85) Survivor regions: 1->1(20)
[2024-03-07T22:09:29.825+0000][7][gc,heap     ] GC(85) Old regions: 21->21
[2024-03-07T22:09:29.825+0000][7][gc,heap     ] GC(85) Archive regions: 2->2
[2024-03-07T22:09:29.825+0000][7][gc,heap     ] GC(85) Humongous regions: 2->2
[2024-03-07T22:09:29.825+0000][7][gc,metaspace] GC(85) Metaspace: 100955K(105424K)->100955K(105424K) NonClass: 87919K(91216K)->87919K(91216K) Class: 13035K(14208K)->13035K(14208K)
[2024-03-07T22:09:29.825+0000][7][gc          ] GC(85) Pause Young (Normal) (G1 Evacuation Pause) 701M->93M(1024M) 2.168ms
[2024-03-07T22:09:29.825+0000][7][gc,cpu      ] GC(85) User=0.00s Sys=0.00s Real=0.00s
[2024-03-07T22:09:29.825+0000][7][safepoint   ] Safepoint "G1CollectForAllocation", Time since last: 3574939542746 ns, Reaching safepoint: 119854 ns, At safepoint: 2259934 ns, Total: 2379788 ns
[2024-03-07T23:25:01.088+0000][7][safepoint   ] Safepoint "Cleanup", Time since last: 4531263067189 ns, Reaching safepoint: 142035 ns, At safepoint: 3295 ns, Total: 145330 ns
[2024-03-08T00:58:22.418+0000][7][safepoint   ] Safepoint "Cleanup", Time since last: 5601329677124 ns, Reaching safepoint: 142698 ns, At safepoint: 3140 ns, Total: 145838 ns
[2024-03-08T01:33:04.540+0000][7][safepoint   ] Safepoint "Cleanup", Time since last: 2082121556887 ns, Reaching safepoint: 101664 ns, At safepoint: 3495 ns, Total: 105159 ns
[2024-03-08T01:33:08.540+0000][7][safepoint   ] Safepoint "Cleanup", Time since last: 4000324788 ns, Reaching safepoint: 86981 ns, At safepoint: 2589 ns, Total: 89570 ns
[2024-03-08T04:05:31.074+0000][7][safepoint   ] Safepoint "Cleanup", Time since last: 9142534027184 ns, Reaching safepoint: 104854 ns, At safepoint: 3130 ns, Total: 107984 ns
[2024-03-08T04:05:40.075+0000][7][safepoint   ] Safepoint "Cleanup", Time since last: 9000541923 ns, Reaching safepoint: 83909 ns, At safepoint: 5806 ns, Total: 89715 ns
[2024-03-08T04:05:41.075+0000][7][safepoint   ] Safepoint "Cleanup", Time since last: 1000154380 ns, Reaching safepoint: 87533 ns, At safepoint: 3953 ns, Total: 91486 ns
[2024-03-08T04:58:15.144+0000][7][gc,start    ] GC(86) Pause Young (Normal) (G1 Evacuation Pause)
[2024-03-08T04:58:15.144+0000][7][gc,task     ] GC(86) Using 13 workers of 13 for evacuation
[2024-03-08T04:58:15.144+0000][7][gc,age      ] GC(86) Desired survivor size 41943040 bytes, new threshold 15 (max threshold 15)
[2024-03-08T04:58:15.146+0000][7][gc,age      ] GC(86) Age table with threshold 15 (max threshold 15)
[2024-03-08T04:58:15.146+0000][7][gc,age      ] GC(86) - age   1:     295488 bytes,     295488 total
[2024-03-08T04:58:15.146+0000][7][gc,age      ] GC(86) - age   2:     166320 bytes,     461808 total
[2024-03-08T04:58:15.146+0000][7][gc,age      ] GC(86) - age   3:      25832 bytes,     487640 total
[2024-03-08T04:58:15.146+0000][7][gc,age      ] GC(86) - age   4:      33688 bytes,     521328 total
[2024-03-08T04:58:15.146+0000][7][gc,age      ] GC(86) - age   5:      48680 bytes,     570008 total
[2024-03-08T04:58:15.146+0000][7][gc,age      ] GC(86) - age   6:       1032 bytes,     571040 total
[2024-03-08T04:58:15.146+0000][7][gc,age      ] GC(86) - age   8:      25840 bytes,     596880 total
[2024-03-08T04:58:15.146+0000][7][gc,age      ] GC(86) - age   9:        184 bytes,     597064 total
[2024-03-08T04:58:15.146+0000][7][gc,age      ] GC(86) - age  10:        216 bytes,     597280 total
[2024-03-08T04:58:15.146+0000][7][gc,age      ] GC(86) - age  11:        216 bytes,     597496 total
[2024-03-08T04:58:15.146+0000][7][gc,age      ] GC(86) - age  12:        128 bytes,     597624 total
[2024-03-08T04:58:15.146+0000][7][gc,age      ] GC(86) - age  14:      15976 bytes,     613600 total
[2024-03-08T04:58:15.146+0000][7][gc,age      ] GC(86) - age  15:        264 bytes,     613864 total
[2024-03-08T04:58:15.147+0000][7][gc,phases   ] GC(86)   Pre Evacuate Collection Set: 0.2ms
[2024-03-08T04:58:15.147+0000][7][gc,phases   ] GC(86)   Merge Heap Roots: 0.2ms
[2024-03-08T04:58:15.147+0000][7][gc,phases   ] GC(86)   Evacuate Collection Set: 1.0ms
[2024-03-08T04:58:15.147+0000][7][gc,phases   ] GC(86)   Post Evacuate Collection Set: 0.5ms
[2024-03-08T04:58:15.147+0000][7][gc,phases   ] GC(86)   Other: 0.4ms
[2024-03-08T04:58:15.147+0000][7][gc,heap     ] GC(86) Eden regions: 152->0(152)
[2024-03-08T04:58:15.147+0000][7][gc,heap     ] GC(86) Survivor regions: 1->1(20)
[2024-03-08T04:58:15.147+0000][7][gc,heap     ] GC(86) Old regions: 21->21
[2024-03-08T04:58:15.147+0000][7][gc,heap     ] GC(86) Archive regions: 2->2
[2024-03-08T04:58:15.147+0000][7][gc,heap     ] GC(86) Humongous regions: 2->2
[2024-03-08T04:58:15.147+0000][7][gc,metaspace] GC(86) Metaspace: 100968K(105424K)->100968K(105424K) NonClass: 87932K(91216K)->87932K(91216K) Class: 13035K(14208K)->13035K(14208K)
[2024-03-08T04:58:15.147+0000][7][gc          ] GC(86) Pause Young (Normal) (G1 Evacuation Pause) 701M->93M(1024M) 2.425ms
[2024-03-08T04:58:15.147+0000][7][gc,cpu      ] GC(86) User=0.00s Sys=0.00s Real=0.01s
[2024-03-08T04:58:15.147+0000][7][safepoint   ] Safepoint "G1CollectForAllocation", Time since last: 3154069110871 ns, Reaching safepoint: 91888 ns, At safepoint: 2516605 ns, Total: 2608493 ns
[2024-03-08T06:57:51.561+0000][7][safepoint   ] Safepoint "Cleanup", Time since last: 7176414562208 ns, Reaching safepoint: 92622 ns, At safepoint: 5927 ns, Total: 98549 ns
[2024-03-08T09:17:59.058+0000][7][safepoint   ] Safepoint "Cleanup", Time since last: 8407496381342 ns, Reaching safepoint: 136675 ns, At safepoint: 11583 ns, Total: 148258 ns
[2024-03-08T11:49:45.541+0000][7][gc,start    ] GC(87) Pause Young (Normal) (G1 Evacuation Pause)
[2024-03-08T11:49:45.541+0000][7][gc,task     ] GC(87) Using 13 workers of 13 for evacuation
[2024-03-08T11:49:45.541+0000][7][gc,age      ] GC(87) Desired survivor size 41943040 bytes, new threshold 15 (max threshold 15)
[2024-03-08T11:49:45.543+0000][7][gc,age      ] GC(87) Age table with threshold 15 (max threshold 15)
[2024-03-08T11:49:45.543+0000][7][gc,age      ] GC(87) - age   1:      41952 bytes,      41952 total
[2024-03-08T11:49:45.543+0000][7][gc,age      ] GC(87) - age   2:      78520 bytes,     120472 total
[2024-03-08T11:49:45.543+0000][7][gc,age      ] GC(87) - age   3:     165800 bytes,     286272 total
[2024-03-08T11:49:45.543+0000][7][gc,age      ] GC(87) - age   4:      16312 bytes,     302584 total
[2024-03-08T11:49:45.543+0000][7][gc,age      ] GC(87) - age   5:      33584 bytes,     336168 total
[2024-03-08T11:49:45.543+0000][7][gc,age      ] GC(87) - age   6:      48640 bytes,     384808 total
[2024-03-08T11:49:45.543+0000][7][gc,age      ] GC(87) - age   7:       1032 bytes,     385840 total
[2024-03-08T11:49:45.543+0000][7][gc,age      ] GC(87) - age   9:       1256 bytes,     387096 total
[2024-03-08T11:49:45.543+0000][7][gc,age      ] GC(87) - age  10:        184 bytes,     387280 total
[2024-03-08T11:49:45.543+0000][7][gc,age      ] GC(87) - age  11:        216 bytes,     387496 total
[2024-03-08T11:49:45.543+0000][7][gc,age      ] GC(87) - age  12:        176 bytes,     387672 total
[2024-03-08T11:49:45.543+0000][7][gc,age      ] GC(87) - age  13:        128 bytes,     387800 total
[2024-03-08T11:49:45.544+0000][7][gc,age      ] GC(87) - age  15:      15976 bytes,     403776 total
[2024-03-08T11:49:45.544+0000][7][gc,phases   ] GC(87)   Pre Evacuate Collection Set: 0.2ms
[2024-03-08T11:49:45.544+0000][7][gc,phases   ] GC(87)   Merge Heap Roots: 0.2ms
[2024-03-08T11:49:45.544+0000][7][gc,phases   ] GC(87)   Evacuate Collection Set: 1.1ms
[2024-03-08T11:49:45.544+0000][7][gc,phases   ] GC(87)   Post Evacuate Collection Set: 0.5ms
[2024-03-08T11:49:45.544+0000][7][gc,phases   ] GC(87)   Other: 0.5ms
[2024-03-08T11:49:45.544+0000][7][gc,heap     ] GC(87) Eden regions: 152->0(152)
[2024-03-08T11:49:45.544+0000][7][gc,heap     ] GC(87) Survivor regions: 1->1(20)
[2024-03-08T11:49:45.544+0000][7][gc,heap     ] GC(87) Old regions: 21->21
[2024-03-08T11:49:45.544+0000][7][gc,heap     ] GC(87) Archive regions: 2->2
[2024-03-08T11:49:45.544+0000][7][gc,heap     ] GC(87) Humongous regions: 2->2
[2024-03-08T11:49:45.544+0000][7][gc,metaspace] GC(87) Metaspace: 100973K(105424K)->100973K(105424K) NonClass: 87937K(91216K)->87937K(91216K) Class: 13035K(14208K)->13035K(14208K)
[2024-03-08T11:49:45.544+0000][7][gc          ] GC(87) Pause Young (Normal) (G1 Evacuation Pause) 701M->93M(1024M) 2.547ms
[2024-03-08T11:49:45.544+0000][7][gc,cpu      ] GC(87) User=0.01s Sys=0.00s Real=0.00s
[2024-03-08T11:49:45.544+0000][7][safepoint   ] Safepoint "G1CollectForAllocation", Time since last: 9106483082721 ns, Reaching safepoint: 130156 ns, At safepoint: 2634278 ns, Total: 2764434 ns
[2024-03-08T14:39:51.145+0000][7][safepoint   ] Safepoint "Cleanup", Time since last: 10205601012273 ns, Reaching safepoint: 87624 ns, At safepoint: 3214 ns, Total: 90838 ns
[2024-03-08T14:41:02.149+0000][7][safepoint   ] Safepoint "Cleanup", Time since last: 71004251649 ns, Reaching safepoint: 113100 ns, At safepoint: 6183 ns, Total: 119283 ns
[2024-03-08T14:42:20.154+0000][7][safepoint   ] Safepoint "Cleanup", Time since last: 78004601480 ns, Reaching safepoint: 89954 ns, At safepoint: 3690 ns, Total: 93644 ns
[2024-03-08T17:17:52.747+0000][7][safepoint   ] Safepoint "Cleanup", Time since last: 9332592794304 ns, Reaching safepoint: 131094 ns, At safepoint: 4353 ns, Total: 135447 ns
[2024-03-08T18:39:20.815+0000][7][gc,start    ] GC(88) Pause Young (Normal) (G1 Evacuation Pause)
[2024-03-08T18:39:20.815+0000][7][gc,task     ] GC(88) Using 13 workers of 13 for evacuation
[2024-03-08T18:39:20.815+0000][7][gc,age      ] GC(88) Desired survivor size 41943040 bytes, new threshold 15 (max threshold 15)
[2024-03-08T18:39:20.816+0000][7][gc,age      ] GC(88) Age table with threshold 15 (max threshold 15)
[2024-03-08T18:39:20.817+0000][7][gc,age      ] GC(88) - age   1:     119512 bytes,     119512 total
[2024-03-08T18:39:20.817+0000][7][gc,age      ] GC(88) - age   2:      10360 bytes,     129872 total
[2024-03-08T18:39:20.817+0000][7][gc,age      ] GC(88) - age   3:      61616 bytes,     191488 total
[2024-03-08T18:39:20.817+0000][7][gc,age      ] GC(88) - age   4:      84808 bytes,     276296 total
[2024-03-08T18:39:20.817+0000][7][gc,age      ] GC(88) - age   5:      16312 bytes,     292608 total
[2024-03-08T18:39:20.817+0000][7][gc,age      ] GC(88) - age   6:      16720 bytes,     309328 total
[2024-03-08T18:39:20.817+0000][7][gc,age      ] GC(88) - age   7:      16336 bytes,     325664 total
[2024-03-08T18:39:20.817+0000][7][gc,age      ] GC(88) - age   8:        992 bytes,     326656 total
[2024-03-08T18:39:20.817+0000][7][gc,age      ] GC(88) - age  10:       1256 bytes,     327912 total
[2024-03-08T18:39:20.817+0000][7][gc,age      ] GC(88) - age  11:        184 bytes,     328096 total
[2024-03-08T18:39:20.817+0000][7][gc,age      ] GC(88) - age  12:        216 bytes,     328312 total
[2024-03-08T18:39:20.817+0000][7][gc,age      ] GC(88) - age  13:        136 bytes,     328448 total
[2024-03-08T18:39:20.817+0000][7][gc,age      ] GC(88) - age  14:        128 bytes,     328576 total
[2024-03-08T18:39:20.817+0000][7][gc,phases   ] GC(88)   Pre Evacuate Collection Set: 0.1ms
[2024-03-08T18:39:20.817+0000][7][gc,phases   ] GC(88)   Merge Heap Roots: 0.1ms
[2024-03-08T18:39:20.817+0000][7][gc,phases   ] GC(88)   Evacuate Collection Set: 0.6ms
[2024-03-08T18:39:20.817+0000][7][gc,phases   ] GC(88)   Post Evacuate Collection Set: 0.5ms
[2024-03-08T18:39:20.817+0000][7][gc,phases   ] GC(88)   Other: 0.5ms
[2024-03-08T18:39:20.817+0000][7][gc,heap     ] GC(88) Eden regions: 152->0(152)
[2024-03-08T18:39:20.817+0000][7][gc,heap     ] GC(88) Survivor regions: 1->1(20)
[2024-03-08T18:39:20.817+0000][7][gc,heap     ] GC(88) Old regions: 21->21
[2024-03-08T18:39:20.817+0000][7][gc,heap     ] GC(88) Archive regions: 2->2
[2024-03-08T18:39:20.817+0000][7][gc,heap     ] GC(88) Humongous regions: 2->2
[2024-03-08T18:39:20.817+0000][7][gc,metaspace] GC(88) Metaspace: 100982K(105424K)->100982K(105424K) NonClass: 87947K(91216K)->87947K(91216K) Class: 13035K(14208K)->13035K(14208K)
[2024-03-08T18:39:20.817+0000][7][gc          ] GC(88) Pause Young (Normal) (G1 Evacuation Pause) 701M->93M(1024M) 1.927ms
[2024-03-08T18:39:20.817+0000][7][gc,cpu      ] GC(88) User=0.01s Sys=0.00s Real=0.01s
[2024-03-08T18:39:20.817+0000][7][safepoint   ] Safepoint "G1CollectForAllocation", Time since last: 4888067940965 ns, Reaching safepoint: 126925 ns, At safepoint: 2019117 ns, Total: 2146042 ns
[2024-03-08T21:33:28.436+0000][7][safepoint   ] Safepoint "Cleanup", Time since last: 10447619350765 ns, Reaching safepoint: 83089 ns, At safepoint: 11922 ns, Total: 95011 ns
[2024-03-08T23:24:31.830+0000][7][safepoint   ] Safepoint "Cleanup", Time since last: 6663393168383 ns, Reaching safepoint: 92844 ns, At safepoint: 3627 ns, Total: 96471 ns
[2024-03-09T01:31:19.340+0000][7][safepoint   ] Safepoint "Cleanup", Time since last: 7607509908064 ns, Reaching safepoint: 132253 ns, At safepoint: 4072 ns, Total: 136325 ns
[2024-03-09T01:31:21.340+0000][7][safepoint   ] Safepoint "Cleanup", Time since last: 2000238504 ns, Reaching safepoint: 117721 ns, At safepoint: 4227 ns, Total: 121948 ns
[2024-03-09T01:31:23.179+0000][7][gc,start    ] GC(89) Pause Young (Normal) (G1 Evacuation Pause)
[2024-03-09T01:31:23.179+0000][7][gc,task     ] GC(89) Using 13 workers of 13 for evacuation
[2024-03-09T01:31:23.179+0000][7][gc,age      ] GC(89) Desired survivor size 41943040 bytes, new threshold 15 (max threshold 15)
[2024-03-09T01:31:23.180+0000][7][gc,age      ] GC(89) Age table with threshold 15 (max threshold 15)
[2024-03-09T01:31:23.180+0000][7][gc,age      ] GC(89) - age   1:     172544 bytes,     172544 total
[2024-03-09T01:31:23.180+0000][7][gc,age      ] GC(89) - age   2:       9040 bytes,     181584 total
[2024-03-09T01:31:23.180+0000][7][gc,age      ] GC(89) - age   3:       2184 bytes,     183768 total
[2024-03-09T01:31:23.180+0000][7][gc,age      ] GC(89) - age   4:      60816 bytes,     244584 total
[2024-03-09T01:31:23.180+0000][7][gc,age      ] GC(89) - age   5:      84608 bytes,     329192 total
[2024-03-09T01:31:23.180+0000][7][gc,age      ] GC(89) - age   6:      16312 bytes,     345504 total
[2024-03-09T01:31:23.180+0000][7][gc,age      ] GC(89) - age   7:      16680 bytes,     362184 total
[2024-03-09T01:31:23.180+0000][7][gc,age      ] GC(89) - age   8:      16256 bytes,     378440 total
[2024-03-09T01:31:23.180+0000][7][gc,age      ] GC(89) - age   9:        992 bytes,     379432 total
[2024-03-09T01:31:23.180+0000][7][gc,age      ] GC(89) - age  11:       1216 bytes,     380648 total
[2024-03-09T01:31:23.180+0000][7][gc,age      ] GC(89) - age  12:        184 bytes,     380832 total
[2024-03-09T01:31:23.180+0000][7][gc,age      ] GC(89) - age  13:        216 bytes,     381048 total
[2024-03-09T01:31:23.180+0000][7][gc,age      ] GC(89) - age  14:        136 bytes,     381184 total
[2024-03-09T01:31:23.180+0000][7][gc,age      ] GC(89) - age  15:        128 bytes,     381312 total
[2024-03-09T01:31:23.180+0000][7][gc,phases   ] GC(89)   Pre Evacuate Collection Set: 0.3ms
[2024-03-09T01:31:23.180+0000][7][gc,phases   ] GC(89)   Merge Heap Roots: 0.1ms
[2024-03-09T01:31:23.180+0000][7][gc,phases   ] GC(89)   Evacuate Collection Set: 0.4ms
[2024-03-09T01:31:23.180+0000][7][gc,phases   ] GC(89)   Post Evacuate Collection Set: 0.5ms
[2024-03-09T01:31:23.180+0000][7][gc,phases   ] GC(89)   Other: 0.4ms
[2024-03-09T01:31:23.180+0000][7][gc,heap     ] GC(89) Eden regions: 152->0(152)
[2024-03-09T01:31:23.180+0000][7][gc,heap     ] GC(89) Survivor regions: 1->1(20)
[2024-03-09T01:31:23.180+0000][7][gc,heap     ] GC(89) Old regions: 21->21
[2024-03-09T01:31:23.180+0000][7][gc,heap     ] GC(89) Archive regions: 2->2
[2024-03-09T01:31:23.180+0000][7][gc,heap     ] GC(89) Humongous regions: 2->2
[2024-03-09T01:31:23.180+0000][7][gc,metaspace] GC(89) Metaspace: 100988K(105680K)->100988K(105680K) NonClass: 87952K(91472K)->87952K(91472K) Class: 13035K(14208K)->13035K(14208K)
[2024-03-09T01:31:23.180+0000][7][gc          ] GC(89) Pause Young (Normal) (G1 Evacuation Pause) 701M->93M(1024M) 1.834ms
[2024-03-09T01:31:23.181+0000][7][gc,cpu      ] GC(89) User=0.00s Sys=0.00s Real=0.00s
[2024-03-09T01:31:23.181+0000][7][safepoint   ] Safepoint "G1CollectForAllocation", Time since last: 1838431049 ns, Reaching safepoint: 117240 ns, At safepoint: 1921961 ns, Total: 2039201 ns
[2024-03-09T01:31:24.181+0000][7][safepoint   ] Safepoint "Cleanup", Time since last: 1000078007 ns, Reaching safepoint: 76503 ns, At safepoint: 4416 ns, Total: 80919 ns
[2024-03-09T01:31:26.181+0000][7][safepoint   ] Safepoint "Cleanup", Time since last: 2000288785 ns, Reaching safepoint: 84591 ns, At safepoint: 4297 ns, Total: 88888 ns
[2024-03-09T08:23:17.506+0000][7][gc,start    ] GC(90) Pause Young (Normal) (G1 Evacuation Pause)
[2024-03-09T08:23:17.506+0000][7][gc,task     ] GC(90) Using 13 workers of 13 for evacuation
[2024-03-09T08:23:17.506+0000][7][gc,age      ] GC(90) Desired survivor size 41943040 bytes, new threshold 15 (max threshold 15)
[2024-03-09T08:23:17.508+0000][7][gc,age      ] GC(90) Age table with threshold 15 (max threshold 15)
[2024-03-09T08:23:17.509+0000][7][gc,age      ] GC(90) - age   1:     130176 bytes,     130176 total
[2024-03-09T08:23:17.509+0000][7][gc,age      ] GC(90) - age   2:     107176 bytes,     237352 total
[2024-03-09T08:23:17.509+0000][7][gc,age      ] GC(90) - age   3:        448 bytes,     237800 total
[2024-03-09T08:23:17.509+0000][7][gc,age      ] GC(90) - age   4:       1808 bytes,     239608 total
[2024-03-09T08:23:17.509+0000][7][gc,age      ] GC(90) - age   5:      26904 bytes,     266512 total
[2024-03-09T08:23:17.509+0000][7][gc,age      ] GC(90) - age   6:      68416 bytes,     334928 total
[2024-03-09T08:23:17.509+0000][7][gc,age      ] GC(90) - age   7:        160 bytes,     335088 total
[2024-03-09T08:23:17.509+0000][7][gc,age      ] GC(90) - age   8:      16600 bytes,     351688 total
[2024-03-09T08:23:17.509+0000][7][gc,age      ] GC(90) - age   9:        104 bytes,     351792 total
[2024-03-09T08:23:17.509+0000][7][gc,age      ] GC(90) - age  10:        992 bytes,     352784 total
[2024-03-09T08:23:17.509+0000][7][gc,age      ] GC(90) - age  12:       1216 bytes,     354000 total
[2024-03-09T08:23:17.509+0000][7][gc,age      ] GC(90) - age  13:        184 bytes,     354184 total
[2024-03-09T08:23:17.509+0000][7][gc,age      ] GC(90) - age  14:        216 bytes,     354400 total
[2024-03-09T08:23:17.509+0000][7][gc,age      ] GC(90) - age  15:        136 bytes,     354536 total
[2024-03-09T08:23:17.509+0000][7][gc,phases   ] GC(90)   Pre Evacuate Collection Set: 0.1ms
[2024-03-09T08:23:17.509+0000][7][gc,phases   ] GC(90)   Merge Heap Roots: 0.1ms
[2024-03-09T08:23:17.509+0000][7][gc,phases   ] GC(90)   Evacuate Collection Set: 1.5ms
[2024-03-09T08:23:17.509+0000][7][gc,phases   ] GC(90)   Post Evacuate Collection Set: 0.6ms
[2024-03-09T08:23:17.509+0000][7][gc,phases   ] GC(90)   Other: 0.5ms
[2024-03-09T08:23:17.509+0000][7][gc,heap     ] GC(90) Eden regions: 152->0(152)
[2024-03-09T08:23:17.509+0000][7][gc,heap     ] GC(90) Survivor regions: 1->1(20)
[2024-03-09T08:23:17.509+0000][7][gc,heap     ] GC(90) Old regions: 21->21
[2024-03-09T08:23:17.509+0000][7][gc,heap     ] GC(90) Archive regions: 2->2
[2024-03-09T08:23:17.509+0000][7][gc,heap     ] GC(90) Humongous regions: 2->2
[2024-03-09T08:23:17.509+0000][7][gc,metaspace] GC(90) Metaspace: 100994K(105680K)->100994K(105680K) NonClass: 87959K(91472K)->87959K(91472K) Class: 13035K(14208K)->13035K(14208K)
[2024-03-09T08:23:17.509+0000][7][gc          ] GC(90) Pause Young (Normal) (G1 Evacuation Pause) 701M->93M(1024M) 2.908ms
[2024-03-09T08:23:17.509+0000][7][gc,cpu      ] GC(90) User=0.00s Sys=0.00s Real=0.01s
[2024-03-09T08:23:17.509+0000][7][safepoint   ] Safepoint "G1CollectForAllocation", Time since last: 24711324752126 ns, Reaching safepoint: 90896 ns, At safepoint: 3005134 ns, Total: 3096030 ns
[2024-03-09T15:17:28.589+0000][7][gc,start    ] GC(91) Pause Young (Normal) (G1 Evacuation Pause)
[2024-03-09T15:17:28.589+0000][7][gc,task     ] GC(91) Using 13 workers of 13 for evacuation
[2024-03-09T15:17:28.589+0000][7][gc,age      ] GC(91) Desired survivor size 41943040 bytes, new threshold 15 (max threshold 15)
[2024-03-09T15:17:28.591+0000][7][gc,age      ] GC(91) Age table with threshold 15 (max threshold 15)
[2024-03-09T15:17:28.591+0000][7][gc,age      ] GC(91) - age   1:      94248 bytes,      94248 total
[2024-03-09T15:17:28.591+0000][7][gc,age      ] GC(91) - age   2:      19984 bytes,     114232 total
[2024-03-09T15:17:28.591+0000][7][gc,age      ] GC(91) - age   3:      41840 bytes,     156072 total
[2024-03-09T15:17:28.591+0000][7][gc,age      ] GC(91) - age   4:        448 bytes,     156520 total
[2024-03-09T15:17:28.591+0000][7][gc,age      ] GC(91) - age   5:       1808 bytes,     158328 total
[2024-03-09T15:17:28.591+0000][7][gc,age      ] GC(91) - age   6:      26824 bytes,     185152 total
[2024-03-09T15:17:28.591+0000][7][gc,age      ] GC(91) - age   7:      43136 bytes,     228288 total
[2024-03-09T15:17:28.591+0000][7][gc,age      ] GC(91) - age   8:         40 bytes,     228328 total
[2024-03-09T15:17:28.591+0000][7][gc,age      ] GC(91) - age   9:      16600 bytes,     244928 total
[2024-03-09T15:17:28.591+0000][7][gc,age      ] GC(91) - age  10:         64 bytes,     244992 total
[2024-03-09T15:17:28.591+0000][7][gc,age      ] GC(91) - age  11:        992 bytes,     245984 total
[2024-03-09T15:17:28.591+0000][7][gc,age      ] GC(91) - age  13:       1216 bytes,     247200 total
[2024-03-09T15:17:28.591+0000][7][gc,age      ] GC(91) - age  14:        184 bytes,     247384 total
[2024-03-09T15:17:28.591+0000][7][gc,age      ] GC(91) - age  15:        216 bytes,     247600 total
[2024-03-09T15:17:28.591+0000][7][gc,phases   ] GC(91)   Pre Evacuate Collection Set: 0.2ms
[2024-03-09T15:17:28.591+0000][7][gc,phases   ] GC(91)   Merge Heap Roots: 0.1ms
[2024-03-09T15:17:28.591+0000][7][gc,phases   ] GC(91)   Evacuate Collection Set: 0.6ms
[2024-03-09T15:17:28.591+0000][7][gc,phases   ] GC(91)   Post Evacuate Collection Set: 0.5ms
[2024-03-09T15:17:28.591+0000][7][gc,phases   ] GC(91)   Other: 0.5ms
[2024-03-09T15:17:28.591+0000][7][gc,heap     ] GC(91) Eden regions: 152->0(152)
[2024-03-09T15:17:28.591+0000][7][gc,heap     ] GC(91) Survivor regions: 1->1(20)
[2024-03-09T15:17:28.591+0000][7][gc,heap     ] GC(91) Old regions: 21->21
[2024-03-09T15:17:28.591+0000][7][gc,heap     ] GC(91) Archive regions: 2->2
[2024-03-09T15:17:28.591+0000][7][gc,heap     ] GC(91) Humongous regions: 2->2
[2024-03-09T15:17:28.591+0000][7][gc,metaspace] GC(91) Metaspace: 100994K(105680K)->100994K(105680K) NonClass: 87959K(91472K)->87959K(91472K) Class: 13035K(14208K)->13035K(14208K)
[2024-03-09T15:17:28.591+0000][7][gc          ] GC(91) Pause Young (Normal) (G1 Evacuation Pause) 701M->93M(1024M) 1.955ms
[2024-03-09T15:17:28.591+0000][7][gc,cpu      ] GC(91) User=0.01s Sys=0.00s Real=0.00s
[2024-03-09T15:17:28.591+0000][7][safepoint   ] Safepoint "G1CollectForAllocation", Time since last: 24851079936327 ns, Reaching safepoint: 124129 ns, At safepoint: 2044468 ns, Total: 2168597 ns
[2024-03-09T17:39:23.095+0000][7][safepoint   ] Safepoint "Cleanup", Time since last: 8514504294222 ns, Reaching safepoint: 95096 ns, At safepoint: 2969 ns, Total: 98065 ns
[2024-03-09T17:44:36.115+0000][7][safepoint   ] Safepoint "Cleanup", Time since last: 313019048240 ns, Reaching safepoint: 91023 ns, At safepoint: 3813 ns, Total: 94836 ns
[2024-03-09T22:09:17.047+0000][7][gc,start    ] GC(92) Pause Young (Normal) (G1 Evacuation Pause)
[2024-03-09T22:09:17.048+0000][7][gc,task     ] GC(92) Using 13 workers of 13 for evacuation
[2024-03-09T22:09:17.048+0000][7][gc,age      ] GC(92) Desired survivor size 41943040 bytes, new threshold 15 (max threshold 15)
[2024-03-09T22:09:17.049+0000][7][gc,age      ] GC(92) Age table with threshold 15 (max threshold 15)
[2024-03-09T22:09:17.049+0000][7][gc,age      ] GC(92) - age   1:     145864 bytes,     145864 total
[2024-03-09T22:09:17.049+0000][7][gc,age      ] GC(92) - age   2:      65600 bytes,     211464 total
[2024-03-09T22:09:17.049+0000][7][gc,age      ] GC(92) - age   3:      19944 bytes,     231408 total
[2024-03-09T22:09:17.049+0000][7][gc,age      ] GC(92) - age   4:      17352 bytes,     248760 total
[2024-03-09T22:09:17.049+0000][7][gc,age      ] GC(92) - age   5:        448 bytes,     249208 total
[2024-03-09T22:09:17.049+0000][7][gc,age      ] GC(92) - age   6:        584 bytes,     249792 total
[2024-03-09T22:09:17.049+0000][7][gc,age      ] GC(92) - age   7:      26784 bytes,     276576 total
[2024-03-09T22:09:17.049+0000][7][gc,age      ] GC(92) - age   8:      43096 bytes,     319672 total
[2024-03-09T22:09:17.050+0000][7][gc,age      ] GC(92) - age  10:      16600 bytes,     336272 total
[2024-03-09T22:09:17.050+0000][7][gc,age      ] GC(92) - age  11:         64 bytes,     336336 total
[2024-03-09T22:09:17.050+0000][7][gc,age      ] GC(92) - age  12:        992 bytes,     337328 total
[2024-03-09T22:09:17.050+0000][7][gc,age      ] GC(92) - age  14:       1216 bytes,     338544 total
[2024-03-09T22:09:17.050+0000][7][gc,age      ] GC(92) - age  15:        184 bytes,     338728 total
[2024-03-09T22:09:17.050+0000][7][gc,phases   ] GC(92)   Pre Evacuate Collection Set: 0.2ms
[2024-03-09T22:09:17.050+0000][7][gc,phases   ] GC(92)   Merge Heap Roots: 0.1ms
[2024-03-09T22:09:17.050+0000][7][gc,phases   ] GC(92)   Evacuate Collection Set: 0.9ms
[2024-03-09T22:09:17.050+0000][7][gc,phases   ] GC(92)   Post Evacuate Collection Set: 0.5ms
[2024-03-09T22:09:17.050+0000][7][gc,phases   ] GC(92)   Other: 0.5ms
[2024-03-09T22:09:17.050+0000][7][gc,heap     ] GC(92) Eden regions: 152->0(152)
[2024-03-09T22:09:17.050+0000][7][gc,heap     ] GC(92) Survivor regions: 1->1(20)
[2024-03-09T22:09:17.050+0000][7][gc,heap     ] GC(92) Old regions: 21->21
[2024-03-09T22:09:17.050+0000][7][gc,heap     ] GC(92) Archive regions: 2->2
[2024-03-09T22:09:17.050+0000][7][gc,heap     ] GC(92) Humongous regions: 2->2
[2024-03-09T22:09:17.050+0000][7][gc,metaspace] GC(92) Metaspace: 100994K(105680K)->100994K(105680K) NonClass: 87959K(91472K)->87959K(91472K) Class: 13035K(14208K)->13035K(14208K)
[2024-03-09T22:09:17.050+0000][7][gc          ] GC(92) Pause Young (Normal) (G1 Evacuation Pause) 701M->93M(1024M) 2.275ms
[2024-03-09T22:09:17.050+0000][7][gc,cpu      ] GC(92) User=0.01s Sys=0.00s Real=0.00s
[2024-03-09T22:09:17.050+0000][7][safepoint   ] Safepoint "G1CollectForAllocation", Time since last: 15880932810482 ns, Reaching safepoint: 82828 ns, At safepoint: 2378856 ns, Total: 2461684 ns
[2024-03-09T22:30:29.126+0000][7][safepoint   ] Safepoint "Cleanup", Time since last: 1272076264463 ns, Reaching safepoint: 89085 ns, At safepoint: 4374 ns, Total: 93459 ns
[2024-03-10T01:05:45.682+0000][7][safepoint   ] Safepoint "Cleanup", Time since last: 9316555708776 ns, Reaching safepoint: 94011 ns, At safepoint: 3669 ns, Total: 97680 ns
[2024-03-10T01:05:47.682+0000][7][safepoint   ] Safepoint "Cleanup", Time since last: 2000225530 ns, Reaching safepoint: 81638 ns, At safepoint: 3703 ns, Total: 85341 ns
[2024-03-10T01:05:48.683+0000][7][safepoint   ] Safepoint "Cleanup", Time since last: 1000162645 ns, Reaching safepoint: 85400 ns, At safepoint: 3566 ns, Total: 88966 ns
[2024-03-10T01:05:50.683+0000][7][safepoint   ] Safepoint "Cleanup", Time since last: 2000225245 ns, Reaching safepoint: 84346 ns, At safepoint: 3611 ns, Total: 87957 ns
[2024-03-10T01:05:52.683+0000][7][safepoint   ] Safepoint "Cleanup", Time since last: 2000227913 ns, Reaching safepoint: 83852 ns, At safepoint: 3608 ns, Total: 87460 ns
[2024-03-10T01:05:54.684+0000][7][safepoint   ] Safepoint "Cleanup", Time since last: 2000220019 ns, Reaching safepoint: 86317 ns, At safepoint: 11120 ns, Total: 97437 ns
[2024-03-10T01:05:55.684+0000][7][safepoint   ] Safepoint "Cleanup", Time since last: 1000171899 ns, Reaching safepoint: 106215 ns, At safepoint: 3939 ns, Total: 110154 ns
[2024-03-10T01:06:01.684+0000][7][safepoint   ] Safepoint "Cleanup", Time since last: 6000457479 ns, Reaching safepoint: 88606 ns, At safepoint: 3585 ns, Total: 92191 ns
[2024-03-10T01:06:02.685+0000][7][safepoint   ] Safepoint "Cleanup", Time since last: 1000165802 ns, Reaching safepoint: 82681 ns, At safepoint: 3564 ns, Total: 86245 ns
[2024-03-10T01:38:00.797+0000][7][safepoint   ] Safepoint "Cleanup", Time since last: 1918112462655 ns, Reaching safepoint: 87831 ns, At safepoint: 3655 ns, Total: 91486 ns
[2024-03-10T02:06:05.896+0000][7][safepoint   ] Safepoint "Cleanup", Time since last: 1685099061814 ns, Reaching safepoint: 87012 ns, At safepoint: 3452 ns, Total: 90464 ns
[2024-03-10T02:06:08.897+0000][7][safepoint   ] Safepoint "Cleanup", Time since last: 3000275585 ns, Reaching safepoint: 95062 ns, At safepoint: 8409 ns, Total: 103471 ns
[2024-03-10T02:33:56.995+0000][7][safepoint   ] Safepoint "Cleanup", Time since last: 1668098681626 ns, Reaching safepoint: 128236 ns, At safepoint: 3601 ns, Total: 131837 ns
[2024-03-10T04:08:04.328+0000][7][safepoint   ] Safepoint "Cleanup", Time since last: 5647332838244 ns, Reaching safepoint: 83807 ns, At safepoint: 8929 ns, Total: 92736 ns
[2024-03-10T04:23:03.299+0000][7][gc,start    ] GC(93) Pause Young (Normal) (G1 Evacuation Pause)
[2024-03-10T04:23:03.299+0000][7][gc,task     ] GC(93) Using 13 workers of 13 for evacuation
[2024-03-10T04:23:03.299+0000][7][gc,age      ] GC(93) Desired survivor size 41943040 bytes, new threshold 15 (max threshold 15)
[2024-03-10T04:23:03.301+0000][7][gc,age      ] GC(93) Age table with threshold 15 (max threshold 15)
[2024-03-10T04:23:03.301+0000][7][gc,age      ] GC(93) - age   1:     526992 bytes,     526992 total
[2024-03-10T04:23:03.301+0000][7][gc,age      ] GC(93) - age   2:     122976 bytes,     649968 total
[2024-03-10T04:23:03.301+0000][7][gc,age      ] GC(93) - age   3:      65304 bytes,     715272 total
[2024-03-10T04:23:03.301+0000][7][gc,age      ] GC(93) - age   4:      18032 bytes,     733304 total
[2024-03-10T04:23:03.301+0000][7][gc,age      ] GC(93) - age   5:      16648 bytes,     749952 total
[2024-03-10T04:23:03.301+0000][7][gc,age      ] GC(93) - age   6:        176 bytes,     750128 total
[2024-03-10T04:23:03.301+0000][7][gc,age      ] GC(93) - age   7:        384 bytes,     750512 total
[2024-03-10T04:23:03.301+0000][7][gc,age      ] GC(93) - age   8:      25816 bytes,     776328 total
[2024-03-10T04:23:03.301+0000][7][gc,age      ] GC(93) - age   9:      42816 bytes,     819144 total
[2024-03-10T04:23:03.301+0000][7][gc,age      ] GC(93) - age  11:      16560 bytes,     835704 total
[2024-03-10T04:23:03.301+0000][7][gc,age      ] GC(93) - age  12:         64 bytes,     835768 total
[2024-03-10T04:23:03.301+0000][7][gc,age      ] GC(93) - age  13:        992 bytes,     836760 total
[2024-03-10T04:23:03.301+0000][7][gc,age      ] GC(93) - age  15:       1176 bytes,     837936 total
[2024-03-10T04:23:03.301+0000][7][gc,phases   ] GC(93)   Pre Evacuate Collection Set: 0.2ms
[2024-03-10T04:23:03.301+0000][7][gc,phases   ] GC(93)   Merge Heap Roots: 0.2ms
[2024-03-10T04:23:03.301+0000][7][gc,phases   ] GC(93)   Evacuate Collection Set: 1.4ms
[2024-03-10T04:23:03.301+0000][7][gc,phases   ] GC(93)   Post Evacuate Collection Set: 0.5ms
[2024-03-10T04:23:03.302+0000][7][gc,phases   ] GC(93)   Other: 0.4ms
[2024-03-10T04:23:03.302+0000][7][gc,heap     ] GC(93) Eden regions: 152->0(152)
[2024-03-10T04:23:03.302+0000][7][gc,heap     ] GC(93) Survivor regions: 1->1(20)
[2024-03-10T04:23:03.302+0000][7][gc,heap     ] GC(93) Old regions: 21->21
[2024-03-10T04:23:03.302+0000][7][gc,heap     ] GC(93) Archive regions: 2->2
[2024-03-10T04:23:03.302+0000][7][gc,heap     ] GC(93) Humongous regions: 2->2
[2024-03-10T04:23:03.302+0000][7][gc,metaspace] GC(93) Metaspace: 101083K(105680K)->101083K(105680K) NonClass: 88047K(91472K)->88047K(91472K) Class: 13035K(14208K)->13035K(14208K)
[2024-03-10T04:23:03.302+0000][7][gc          ] GC(93) Pause Young (Normal) (G1 Evacuation Pause) 701M->93M(1024M) 2.790ms
[2024-03-10T04:23:03.302+0000][7][gc,cpu      ] GC(93) User=0.00s Sys=0.00s Real=0.00s
[2024-03-10T04:23:03.302+0000][7][safepoint   ] Safepoint "G1CollectForAllocation", Time since last: 898970217559 ns, Reaching safepoint: 149774 ns, At safepoint: 2883545 ns, Total: 3033319 ns
[2024-03-10T08:55:03.263+0000][7][safepoint   ] Safepoint "Cleanup", Time since last: 16319961056410 ns, Reaching safepoint: 88062 ns, At safepoint: 3699 ns, Total: 91761 ns
[2024-03-10T08:55:05.263+0000][7][safepoint   ] Safepoint "Cleanup", Time since last: 2000225285 ns, Reaching safepoint: 84560 ns, At safepoint: 3559 ns, Total: 88119 ns
[2024-03-10T08:55:06.263+0000][7][safepoint   ] Safepoint "Cleanup", Time since last: 1000153976 ns, Reaching safepoint: 82238 ns, At safepoint: 3381 ns, Total: 85619 ns
[2024-03-10T08:55:07.264+0000][7][safepoint   ] Safepoint "Cleanup", Time since last: 1000155150 ns, Reaching safepoint: 93987 ns, At safepoint: 3889 ns, Total: 97876 ns
[2024-03-10T08:55:11.264+0000][7][safepoint   ] Safepoint "Cleanup", Time since last: 4000325802 ns, Reaching safepoint: 88621 ns, At safepoint: 3395 ns, Total: 92016 ns
[2024-03-10T08:55:12.264+0000][7][safepoint   ] Safepoint "Cleanup", Time since last: 1000155459 ns, Reaching safepoint: 87623 ns, At safepoint: 3633 ns, Total: 91256 ns
[2024-03-10T08:55:14.265+0000][7][safepoint   ] Safepoint "Cleanup", Time since last: 2000210322 ns, Reaching safepoint: 88973 ns, At safepoint: 13552 ns, Total: 102525 ns
[2024-03-10T08:55:16.265+0000][7][safepoint   ] Safepoint "Cleanup", Time since last: 2000207234 ns, Reaching safepoint: 86982 ns, At safepoint: 3697 ns, Total: 90679 ns
[2024-03-10T09:21:01.356+0000][7][safepoint   ] Safepoint "Cleanup", Time since last: 1545090701844 ns, Reaching safepoint: 84655 ns, At safepoint: 3544 ns, Total: 88199 ns
[2024-03-10T09:21:02.356+0000][7][safepoint   ] Safepoint "Cleanup", Time since last: 1000246129 ns, Reaching safepoint: 77225 ns, At safepoint: 3753 ns, Total: 80978 ns
[2024-03-10T11:05:17.616+0000][7][gc,start    ] GC(94) Pause Young (Normal) (G1 Evacuation Pause)
[2024-03-10T11:05:17.616+0000][7][gc,task     ] GC(94) Using 13 workers of 13 for evacuation
[2024-03-10T11:05:17.616+0000][7][gc,age      ] GC(94) Desired survivor size 41943040 bytes, new threshold 15 (max threshold 15)
[2024-03-10T11:05:17.618+0000][7][gc,age      ] GC(94) Age table with threshold 15 (max threshold 15)
[2024-03-10T11:05:17.618+0000][7][gc,age      ] GC(94) - age   1:      43312 bytes,      43312 total
[2024-03-10T11:05:17.618+0000][7][gc,age      ] GC(94) - age   2:     187064 bytes,     230376 total
[2024-03-10T11:05:17.618+0000][7][gc,age      ] GC(94) - age   3:     122936 bytes,     353312 total
[2024-03-10T11:05:17.618+0000][7][gc,age      ] GC(94) - age   4:      64968 bytes,     418280 total
[2024-03-10T11:05:17.618+0000][7][gc,age      ] GC(94) - age   5:       9560 bytes,     427840 total
[2024-03-10T11:05:17.618+0000][7][gc,age      ] GC(94) - age   6:      16648 bytes,     444488 total
[2024-03-10T11:05:17.618+0000][7][gc,age      ] GC(94) - age   7:        176 bytes,     444664 total
[2024-03-10T11:05:17.618+0000][7][gc,age      ] GC(94) - age   8:        384 bytes,     445048 total
[2024-03-10T11:05:17.618+0000][7][gc,age      ] GC(94) - age   9:      25816 bytes,     470864 total
[2024-03-10T11:05:17.618+0000][7][gc,age      ] GC(94) - age  10:      42816 bytes,     513680 total
[2024-03-10T11:05:17.618+0000][7][gc,age      ] GC(94) - age  12:      16560 bytes,     530240 total
[2024-03-10T11:05:17.618+0000][7][gc,age      ] GC(94) - age  13:         64 bytes,     530304 total
[2024-03-10T11:05:17.618+0000][7][gc,age      ] GC(94) - age  14:        992 bytes,     531296 total
[2024-03-10T11:05:17.618+0000][7][gc,phases   ] GC(94)   Pre Evacuate Collection Set: 0.2ms
[2024-03-10T11:05:17.618+0000][7][gc,phases   ] GC(94)   Merge Heap Roots: 0.1ms
[2024-03-10T11:05:17.618+0000][7][gc,phases   ] GC(94)   Evacuate Collection Set: 0.8ms
[2024-03-10T11:05:17.618+0000][7][gc,phases   ] GC(94)   Post Evacuate Collection Set: 0.5ms
[2024-03-10T11:05:17.618+0000][7][gc,phases   ] GC(94)   Other: 0.5ms
[2024-03-10T11:05:17.618+0000][7][gc,heap     ] GC(94) Eden regions: 152->0(152)
[2024-03-10T11:05:17.618+0000][7][gc,heap     ] GC(94) Survivor regions: 1->1(20)
[2024-03-10T11:05:17.618+0000][7][gc,heap     ] GC(94) Old regions: 21->21
[2024-03-10T11:05:17.618+0000][7][gc,heap     ] GC(94) Archive regions: 2->2
[2024-03-10T11:05:17.618+0000][7][gc,heap     ] GC(94) Humongous regions: 2->2
[2024-03-10T11:05:17.618+0000][7][gc,metaspace] GC(94) Metaspace: 101099K(105680K)->101099K(105680K) NonClass: 88062K(91472K)->88062K(91472K) Class: 13036K(14208K)->13036K(14208K)
[2024-03-10T11:05:17.618+0000][7][gc          ] GC(94) Pause Young (Normal) (G1 Evacuation Pause) 701M->93M(1024M) 2.132ms
[2024-03-10T11:05:17.618+0000][7][gc,cpu      ] GC(94) User=0.01s Sys=0.00s Real=0.01s
[2024-03-10T11:05:17.618+0000][7][safepoint   ] Safepoint "G1CollectForAllocation", Time since last: 6255259752907 ns, Reaching safepoint: 87625 ns, At safepoint: 2243400 ns, Total: 2331025 ns
[2024-03-10T11:46:26.740+0000][7][safepoint   ] Safepoint "Cleanup", Time since last: 2469121534008 ns, Reaching safepoint: 128900 ns, At safepoint: 4049 ns, Total: 132949 ns
[2024-03-10T12:53:20.972+0000][7][safepoint   ] Safepoint "Cleanup", Time since last: 4014232192050 ns, Reaching safepoint: 119158 ns, At safepoint: 6645 ns, Total: 125803 ns
[2024-03-10T14:40:21.350+0000][7][safepoint   ] Safepoint "Cleanup", Time since last: 6420378190880 ns, Reaching safepoint: 90675 ns, At safepoint: 7645 ns, Total: 98320 ns
[2024-03-10T17:59:17.292+0000][7][gc,start    ] GC(95) Pause Young (Normal) (G1 Evacuation Pause)
[2024-03-10T17:59:17.292+0000][7][gc,task     ] GC(95) Using 13 workers of 13 for evacuation
[2024-03-10T17:59:17.292+0000][7][gc,age      ] GC(95) Desired survivor size 41943040 bytes, new threshold 15 (max threshold 15)
[2024-03-10T17:59:17.294+0000][7][gc,age      ] GC(95) Age table with threshold 15 (max threshold 15)
[2024-03-10T17:59:17.294+0000][7][gc,age      ] GC(95) - age   1:      21360 bytes,      21360 total
[2024-03-10T17:59:17.294+0000][7][gc,age      ] GC(95) - age   2:       4224 bytes,      25584 total
[2024-03-10T17:59:17.294+0000][7][gc,age      ] GC(95) - age   3:     126344 bytes,     151928 total
[2024-03-10T17:59:17.294+0000][7][gc,age      ] GC(95) - age   4:      74168 bytes,     226096 total
[2024-03-10T17:59:17.294+0000][7][gc,age      ] GC(95) - age   5:      48776 bytes,     274872 total
[2024-03-10T17:59:17.294+0000][7][gc,age      ] GC(95) - age   6:       1464 bytes,     276336 total
[2024-03-10T17:59:17.294+0000][7][gc,age      ] GC(95) - age   7:      16648 bytes,     292984 total
[2024-03-10T17:59:17.294+0000][7][gc,age      ] GC(95) - age   8:        176 bytes,     293160 total
[2024-03-10T17:59:17.294+0000][7][gc,age      ] GC(95) - age   9:        384 bytes,     293544 total
[2024-03-10T17:59:17.294+0000][7][gc,age      ] GC(95) - age  10:      25816 bytes,     319360 total
[2024-03-10T17:59:17.294+0000][7][gc,age      ] GC(95) - age  11:      26664 bytes,     346024 total
[2024-03-10T17:59:17.294+0000][7][gc,age      ] GC(95) - age  13:        408 bytes,     346432 total
[2024-03-10T17:59:17.294+0000][7][gc,age      ] GC(95) - age  14:         64 bytes,     346496 total
[2024-03-10T17:59:17.294+0000][7][gc,age      ] GC(95) - age  15:        992 bytes,     347488 total
[2024-03-10T17:59:17.294+0000][7][gc,phases   ] GC(95)   Pre Evacuate Collection Set: 0.1ms
[2024-03-10T17:59:17.294+0000][7][gc,phases   ] GC(95)   Merge Heap Roots: 0.1ms
[2024-03-10T17:59:17.294+0000][7][gc,phases   ] GC(95)   Evacuate Collection Set: 0.7ms
[2024-03-10T17:59:17.294+0000][7][gc,phases   ] GC(95)   Post Evacuate Collection Set: 0.6ms
[2024-03-10T17:59:17.294+0000][7][gc,phases   ] GC(95)   Other: 0.5ms
[2024-03-10T17:59:17.294+0000][7][gc,heap     ] GC(95) Eden regions: 152->0(152)
[2024-03-10T17:59:17.294+0000][7][gc,heap     ] GC(95) Survivor regions: 1->1(20)
[2024-03-10T17:59:17.294+0000][7][gc,heap     ] GC(95) Old regions: 21->21
[2024-03-10T17:59:17.294+0000][7][gc,heap     ] GC(95) Archive regions: 2->2
[2024-03-10T17:59:17.294+0000][7][gc,heap     ] GC(95) Humongous regions: 2->2
[2024-03-10T17:59:17.294+0000][7][gc,metaspace] GC(95) Metaspace: 101099K(105680K)->101099K(105680K) NonClass: 88062K(91472K)->88062K(91472K) Class: 13036K(14208K)->13036K(14208K)
[2024-03-10T17:59:17.294+0000][7][gc          ] GC(95) Pause Young (Normal) (G1 Evacuation Pause) 701M->93M(1024M) 1.998ms
[2024-03-10T17:59:17.294+0000][7][gc,cpu      ] GC(95) User=0.01s Sys=0.00s Real=0.00s
[2024-03-10T17:59:17.294+0000][7][safepoint   ] Safepoint "G1CollectForAllocation", Time since last: 11935941604551 ns, Reaching safepoint: 93865 ns, At safepoint: 2095214 ns, Total: 2189079 ns
[2024-03-10T21:26:24.034+0000][7][safepoint   ] Safepoint "Cleanup", Time since last: 12426740014369 ns, Reaching safepoint: 88807 ns, At safepoint: 3416 ns, Total: 92223 ns
[2024-03-10T21:41:24.088+0000][7][safepoint   ] Safepoint "Cleanup", Time since last: 900053178134 ns, Reaching safepoint: 124073 ns, At safepoint: 3861 ns, Total: 127934 ns
[2024-03-11T00:53:27.415+0000][7][gc,start    ] GC(96) Pause Young (Normal) (G1 Evacuation Pause)
[2024-03-11T00:53:27.415+0000][7][gc,task     ] GC(96) Using 13 workers of 13 for evacuation
[2024-03-11T00:53:27.415+0000][7][gc,age      ] GC(96) Desired survivor size 41943040 bytes, new threshold 15 (max threshold 15)
[2024-03-11T00:53:27.417+0000][7][gc,age      ] GC(96) Age table with threshold 15 (max threshold 15)
[2024-03-11T00:53:27.417+0000][7][gc,age      ] GC(96) - age   1:      93128 bytes,      93128 total
[2024-03-11T00:53:27.417+0000][7][gc,age      ] GC(96) - age   2:       9160 bytes,     102288 total
[2024-03-11T00:53:27.417+0000][7][gc,age      ] GC(96) - age   3:       4224 bytes,     106512 total
[2024-03-11T00:53:27.417+0000][7][gc,age      ] GC(96) - age   4:      57328 bytes,     163840 total
[2024-03-11T00:53:27.417+0000][7][gc,age      ] GC(96) - age   5:      41784 bytes,     205624 total
[2024-03-11T00:53:27.417+0000][7][gc,age      ] GC(96) - age   6:      24448 bytes,     230072 total
[2024-03-11T00:53:27.417+0000][7][gc,age      ] GC(96) - age   7:       1464 bytes,     231536 total
[2024-03-11T00:53:27.417+0000][7][gc,age      ] GC(96) - age   8:      16648 bytes,     248184 total
[2024-03-11T00:53:27.417+0000][7][gc,age      ] GC(96) - age   9:        176 bytes,     248360 total
[2024-03-11T00:53:27.417+0000][7][gc,age      ] GC(96) - age  10:        384 bytes,     248744 total
[2024-03-11T00:53:27.417+0000][7][gc,age      ] GC(96) - age  11:       1648 bytes,     250392 total
[2024-03-11T00:53:27.417+0000][7][gc,age      ] GC(96) - age  12:      26664 bytes,     277056 total
[2024-03-11T00:53:27.417+0000][7][gc,age      ] GC(96) - age  14:        368 bytes,     277424 total
[2024-03-11T00:53:27.417+0000][7][gc,age      ] GC(96) - age  15:         64 bytes,     277488 total
[2024-03-11T00:53:27.417+0000][7][gc,phases   ] GC(96)   Pre Evacuate Collection Set: 0.2ms
[2024-03-11T00:53:27.417+0000][7][gc,phases   ] GC(96)   Merge Heap Roots: 0.2ms
[2024-03-11T00:53:27.417+0000][7][gc,phases   ] GC(96)   Evacuate Collection Set: 0.7ms
[2024-03-11T00:53:27.417+0000][7][gc,phases   ] GC(96)   Post Evacuate Collection Set: 0.6ms
[2024-03-11T00:53:27.417+0000][7][gc,phases   ] GC(96)   Other: 0.5ms
[2024-03-11T00:53:27.417+0000][7][gc,heap     ] GC(96) Eden regions: 152->0(152)
[2024-03-11T00:53:27.417+0000][7][gc,heap     ] GC(96) Survivor regions: 1->1(20)
[2024-03-11T00:53:27.417+0000][7][gc,heap     ] GC(96) Old regions: 21->21
[2024-03-11T00:53:27.417+0000][7][gc,heap     ] GC(96) Archive regions: 2->2
[2024-03-11T00:53:27.417+0000][7][gc,heap     ] GC(96) Humongous regions: 2->2
[2024-03-11T00:53:27.417+0000][7][gc,metaspace] GC(96) Metaspace: 101099K(105680K)->101099K(105680K) NonClass: 88062K(91472K)->88062K(91472K) Class: 13036K(14208K)->13036K(14208K)
[2024-03-11T00:53:27.417+0000][7][gc          ] GC(96) Pause Young (Normal) (G1 Evacuation Pause) 701M->93M(1024M) 2.198ms
[2024-03-11T00:53:27.417+0000][7][gc,cpu      ] GC(96) User=0.00s Sys=0.01s Real=0.01s
[2024-03-11T00:53:27.417+0000][7][safepoint   ] Safepoint "G1CollectForAllocation", Time since last: 11523327515699 ns, Reaching safepoint: 94704 ns, At safepoint: 2294613 ns, Total: 2389317 ns
[2024-03-11T01:00:00.439+0000][7][safepoint   ] Safepoint "Cleanup", Time since last: 393021163929 ns, Reaching safepoint: 99580 ns, At safepoint: 6328 ns, Total: 105908 ns
[2024-03-11T03:09:43.912+0000][7][safepoint   ] Safepoint "Cleanup", Time since last: 7783473360859 ns, Reaching safepoint: 96352 ns, At safepoint: 2979 ns, Total: 99331 ns
[2024-03-11T07:42:36.472+0000][7][gc,start    ] GC(97) Pause Young (Normal) (G1 Evacuation Pause)
[2024-03-11T07:42:36.472+0000][7][gc,task     ] GC(97) Using 13 workers of 13 for evacuation
[2024-03-11T07:42:36.473+0000][7][gc,age      ] GC(97) Desired survivor size 41943040 bytes, new threshold 15 (max threshold 15)
[2024-03-11T07:42:36.474+0000][7][gc,age      ] GC(97) Age table with threshold 15 (max threshold 15)
[2024-03-11T07:42:36.474+0000][7][gc,age      ] GC(97) - age   1:     124552 bytes,     124552 total
[2024-03-11T07:42:36.474+0000][7][gc,age      ] GC(97) - age   2:      81256 bytes,     205808 total
[2024-03-11T07:42:36.474+0000][7][gc,age      ] GC(97) - age   3:       8552 bytes,     214360 total
[2024-03-11T07:42:36.474+0000][7][gc,age      ] GC(97) - age   4:       4008 bytes,     218368 total
[2024-03-11T07:42:36.474+0000][7][gc,age      ] GC(97) - age   5:      56552 bytes,     274920 total
[2024-03-11T07:42:36.474+0000][7][gc,age      ] GC(97) - age   6:      40480 bytes,     315400 total
[2024-03-11T07:42:36.474+0000][7][gc,age      ] GC(97) - age   7:      24368 bytes,     339768 total
[2024-03-11T07:42:36.474+0000][7][gc,age      ] GC(97) - age   8:       1464 bytes,     341232 total
[2024-03-11T07:42:36.474+0000][7][gc,age      ] GC(97) - age   9:      16648 bytes,     357880 total
[2024-03-11T07:42:36.474+0000][7][gc,age      ] GC(97) - age  10:        176 bytes,     358056 total
[2024-03-11T07:42:36.474+0000][7][gc,age      ] GC(97) - age  11:        384 bytes,     358440 total
[2024-03-11T07:42:36.474+0000][7][gc,age      ] GC(97) - age  12:       1608 bytes,     360048 total
[2024-03-11T07:42:36.474+0000][7][gc,age      ] GC(97) - age  13:      26664 bytes,     386712 total
[2024-03-11T07:42:36.474+0000][7][gc,age      ] GC(97) - age  15:        328 bytes,     387040 total
[2024-03-11T07:42:36.474+0000][7][gc,phases   ] GC(97)   Pre Evacuate Collection Set: 0.4ms
[2024-03-11T07:42:36.474+0000][7][gc,phases   ] GC(97)   Merge Heap Roots: 0.1ms
[2024-03-11T07:42:36.474+0000][7][gc,phases   ] GC(97)   Evacuate Collection Set: 0.5ms
[2024-03-11T07:42:36.474+0000][7][gc,phases   ] GC(97)   Post Evacuate Collection Set: 0.5ms
[2024-03-11T07:42:36.474+0000][7][gc,phases   ] GC(97)   Other: 0.5ms
[2024-03-11T07:42:36.474+0000][7][gc,heap     ] GC(97) Eden regions: 152->0(152)
[2024-03-11T07:42:36.474+0000][7][gc,heap     ] GC(97) Survivor regions: 1->1(20)
[2024-03-11T07:42:36.474+0000][7][gc,heap     ] GC(97) Old regions: 21->21
[2024-03-11T07:42:36.474+0000][7][gc,heap     ] GC(97) Archive regions: 2->2
[2024-03-11T07:42:36.474+0000][7][gc,heap     ] GC(97) Humongous regions: 2->2
[2024-03-11T07:42:36.474+0000][7][gc,metaspace] GC(97) Metaspace: 101102K(105680K)->101102K(105680K) NonClass: 88065K(91472K)->88065K(91472K) Class: 13036K(14208K)->13036K(14208K)
[2024-03-11T07:42:36.474+0000][7][gc          ] GC(97) Pause Young (Normal) (G1 Evacuation Pause) 701M->93M(1024M) 2.092ms
[2024-03-11T07:42:36.475+0000][7][gc,cpu      ] GC(97) User=0.00s Sys=0.00s Real=0.00s
[2024-03-11T07:42:36.475+0000][7][safepoint   ] Safepoint "G1CollectForAllocation", Time since last: 16372560030745 ns, Reaching safepoint: 113399 ns, At safepoint: 2178392 ns, Total: 2291791 ns
[2024-03-11T07:50:37.503+0000][7][safepoint   ] Safepoint "Cleanup", Time since last: 481028280040 ns, Reaching safepoint: 108127 ns, At safepoint: 3045 ns, Total: 111172 ns
[2024-03-11T08:19:54.606+0000][7][safepoint   ] Safepoint "Cleanup", Time since last: 1757103229951 ns, Reaching safepoint: 85998 ns, At safepoint: 3845 ns, Total: 89843 ns
[2024-03-11T08:30:00.644+0000][7][safepoint   ] Safepoint "Cleanup", Time since last: 606037440754 ns, Reaching safepoint: 94060 ns, At safepoint: 5619 ns, Total: 99679 ns
[2024-03-11T09:42:02.899+0000][7][safepoint   ] Safepoint "Cleanup", Time since last: 4322254990309 ns, Reaching safepoint: 84214 ns, At safepoint: 6881 ns, Total: 91095 ns
[2024-03-11T10:26:30.056+0000][7][safepoint   ] Safepoint "Cleanup", Time since last: 2667157150933 ns, Reaching safepoint: 130430 ns, At safepoint: 6302 ns, Total: 136732 ns
[2024-03-11T14:28:32.327+0000][7][gc,start    ] GC(98) Pause Young (Normal) (G1 Evacuation Pause)
[2024-03-11T14:28:32.327+0000][7][gc,task     ] GC(98) Using 13 workers of 13 for evacuation
[2024-03-11T14:28:32.327+0000][7][gc,age      ] GC(98) Desired survivor size 41943040 bytes, new threshold 15 (max threshold 15)
[2024-03-11T14:28:32.329+0000][7][gc,age      ] GC(98) Age table with threshold 15 (max threshold 15)
[2024-03-11T14:28:32.329+0000][7][gc,age      ] GC(98) - age   1:      71976 bytes,      71976 total
[2024-03-11T14:28:32.329+0000][7][gc,age      ] GC(98) - age   2:      75240 bytes,     147216 total
[2024-03-11T14:28:32.329+0000][7][gc,age      ] GC(98) - age   3:      48952 bytes,     196168 total
[2024-03-11T14:28:32.329+0000][7][gc,age      ] GC(98) - age   4:       8552 bytes,     204720 total
[2024-03-11T14:28:32.329+0000][7][gc,age      ] GC(98) - age   5:       3712 bytes,     208432 total
[2024-03-11T14:28:32.329+0000][7][gc,age      ] GC(98) - age   6:      48080 bytes,     256512 total
[2024-03-11T14:28:32.329+0000][7][gc,age      ] GC(98) - age   7:      40400 bytes,     296912 total
[2024-03-11T14:28:32.329+0000][7][gc,age      ] GC(98) - age   8:       8216 bytes,     305128 total
[2024-03-11T14:28:32.329+0000][7][gc,age      ] GC(98) - age   9:       1464 bytes,     306592 total
[2024-03-11T14:28:32.329+0000][7][gc,age      ] GC(98) - age  10:      16648 bytes,     323240 total
[2024-03-11T14:28:32.329+0000][7][gc,age      ] GC(98) - age  11:        176 bytes,     323416 total
[2024-03-11T14:28:32.329+0000][7][gc,age      ] GC(98) - age  12:        384 bytes,     323800 total
[2024-03-11T14:28:32.329+0000][7][gc,age      ] GC(98) - age  13:       1608 bytes,     325408 total
[2024-03-11T14:28:32.329+0000][7][gc,age      ] GC(98) - age  14:      26624 bytes,     352032 total
[2024-03-11T14:28:32.329+0000][7][gc,phases   ] GC(98)   Pre Evacuate Collection Set: 0.2ms
[2024-03-11T14:28:32.329+0000][7][gc,phases   ] GC(98)   Merge Heap Roots: 0.1ms
[2024-03-11T14:28:32.329+0000][7][gc,phases   ] GC(98)   Evacuate Collection Set: 0.9ms
[2024-03-11T14:28:32.329+0000][7][gc,phases   ] GC(98)   Post Evacuate Collection Set: 0.5ms
[2024-03-11T14:28:32.329+0000][7][gc,phases   ] GC(98)   Other: 0.4ms
[2024-03-11T14:28:32.330+0000][7][gc,heap     ] GC(98) Eden regions: 152->0(152)
[2024-03-11T14:28:32.330+0000][7][gc,heap     ] GC(98) Survivor regions: 1->1(20)
[2024-03-11T14:28:32.330+0000][7][gc,heap     ] GC(98) Old regions: 21->21
[2024-03-11T14:28:32.330+0000][7][gc,heap     ] GC(98) Archive regions: 2->2
[2024-03-11T14:28:32.330+0000][7][gc,heap     ] GC(98) Humongous regions: 2->2
[2024-03-11T14:28:32.330+0000][7][gc,metaspace] GC(98) Metaspace: 101111K(105680K)->101111K(105680K) NonClass: 88075K(91472K)->88075K(91472K) Class: 13036K(14208K)->13036K(14208K)
[2024-03-11T14:28:32.330+0000][7][gc          ] GC(98) Pause Young (Normal) (G1 Evacuation Pause) 701M->93M(1024M) 2.298ms
[2024-03-11T14:28:32.330+0000][7][gc,cpu      ] GC(98) User=0.00s Sys=0.01s Real=0.00s
[2024-03-11T14:28:32.330+0000][7][safepoint   ] Safepoint "G1CollectForAllocation", Time since last: 14522271005304 ns, Reaching safepoint: 83466 ns, At safepoint: 2393179 ns, Total: 2476645 ns
[2024-03-11T20:36:27.648+0000][7][safepoint   ] Safepoint "Cleanup", Time since last: 22075317759979 ns, Reaching safepoint: 95873 ns, At safepoint: 9205 ns, Total: 105078 ns
[2024-03-11T20:36:30.648+0000][7][safepoint   ] Safepoint "Cleanup", Time since last: 3000280561 ns, Reaching safepoint: 87187 ns, At safepoint: 3437 ns, Total: 90624 ns
[2024-03-11T21:21:14.454+0000][7][gc,start    ] GC(99) Pause Young (Normal) (G1 Evacuation Pause)
[2024-03-11T21:21:14.454+0000][7][gc,task     ] GC(99) Using 13 workers of 13 for evacuation
[2024-03-11T21:21:14.454+0000][7][gc,age      ] GC(99) Desired survivor size 41943040 bytes, new threshold 15 (max threshold 15)
[2024-03-11T21:21:14.456+0000][7][gc,age      ] GC(99) Age table with threshold 15 (max threshold 15)
[2024-03-11T21:21:14.456+0000][7][gc,age      ] GC(99) - age   1:     189712 bytes,     189712 total
[2024-03-11T21:21:14.456+0000][7][gc,age      ] GC(99) - age   2:      42824 bytes,     232536 total
[2024-03-11T21:21:14.456+0000][7][gc,age      ] GC(99) - age   3:      74432 bytes,     306968 total
[2024-03-11T21:21:14.456+0000][7][gc,age      ] GC(99) - age   4:      48576 bytes,     355544 total
[2024-03-11T21:21:14.456+0000][7][gc,age      ] GC(99) - age   5:       8176 bytes,     363720 total
[2024-03-11T21:21:14.456+0000][7][gc,age      ] GC(99) - age   6:       3512 bytes,     367232 total
[2024-03-11T21:21:14.456+0000][7][gc,age      ] GC(99) - age   7:      47528 bytes,     414760 total
[2024-03-11T21:21:14.456+0000][7][gc,age      ] GC(99) - age   8:      40400 bytes,     455160 total
[2024-03-11T21:21:14.456+0000][7][gc,age      ] GC(99) - age   9:       8176 bytes,     463336 total
[2024-03-11T21:21:14.456+0000][7][gc,age      ] GC(99) - age  10:       1424 bytes,     464760 total
[2024-03-11T21:21:14.456+0000][7][gc,age      ] GC(99) - age  11:      16648 bytes,     481408 total
[2024-03-11T21:21:14.456+0000][7][gc,age      ] GC(99) - age  12:        176 bytes,     481584 total
[2024-03-11T21:21:14.456+0000][7][gc,age      ] GC(99) - age  13:        384 bytes,     481968 total
[2024-03-11T21:21:14.456+0000][7][gc,age      ] GC(99) - age  14:       1608 bytes,     483576 total
[2024-03-11T21:21:14.456+0000][7][gc,age      ] GC(99) - age  15:      26624 bytes,     510200 total
[2024-03-11T21:21:14.456+0000][7][gc,phases   ] GC(99)   Pre Evacuate Collection Set: 0.1ms
[2024-03-11T21:21:14.456+0000][7][gc,phases   ] GC(99)   Merge Heap Roots: 0.1ms
[2024-03-11T21:21:14.456+0000][7][gc,phases   ] GC(99)   Evacuate Collection Set: 0.6ms
[2024-03-11T21:21:14.456+0000][7][gc,phases   ] GC(99)   Post Evacuate Collection Set: 0.6ms
[2024-03-11T21:21:14.456+0000][7][gc,phases   ] GC(99)   Other: 0.5ms
[2024-03-11T21:21:14.456+0000][7][gc,heap     ] GC(99) Eden regions: 152->0(152)
[2024-03-11T21:21:14.456+0000][7][gc,heap     ] GC(99) Survivor regions: 1->1(20)
[2024-03-11T21:21:14.456+0000][7][gc,heap     ] GC(99) Old regions: 21->21
[2024-03-11T21:21:14.456+0000][7][gc,heap     ] GC(99) Archive regions: 2->2
[2024-03-11T21:21:14.456+0000][7][gc,heap     ] GC(99) Humongous regions: 2->2
[2024-03-11T21:21:14.456+0000][7][gc,metaspace] GC(99) Metaspace: 101111K(105680K)->101111K(105680K) NonClass: 88075K(91472K)->88075K(91472K) Class: 13036K(14208K)->13036K(14208K)
[2024-03-11T21:21:14.456+0000][7][gc          ] GC(99) Pause Young (Normal) (G1 Evacuation Pause) 701M->93M(1024M) 1.990ms
[2024-03-11T21:21:14.456+0000][7][gc,cpu      ] GC(99) User=0.01s Sys=0.00s Real=0.00s
[2024-03-11T21:21:14.456+0000][7][safepoint   ] Safepoint "G1CollectForAllocation", Time since last: 2683805645611 ns, Reaching safepoint: 646563 ns, At safepoint: 2078750 ns, Total: 2725313 ns
[2024-03-12T03:19:18.713+0000][7][safepoint   ] Safepoint "Cleanup", Time since last: 21484256136186 ns, Reaching safepoint: 126271 ns, At safepoint: 4057 ns, Total: 130328 ns
[2024-03-12T04:13:30.414+0000][7][gc,start    ] GC(100) Pause Young (Normal) (G1 Evacuation Pause)
[2024-03-12T04:13:30.414+0000][7][gc,task     ] GC(100) Using 13 workers of 13 for evacuation
[2024-03-12T04:13:30.414+0000][7][gc,age      ] GC(100) Desired survivor size 41943040 bytes, new threshold 15 (max threshold 15)
[2024-03-12T04:13:30.415+0000][7][gc,age      ] GC(100) Age table with threshold 15 (max threshold 15)
[2024-03-12T04:13:30.415+0000][7][gc,age      ] GC(100) - age   1:      71864 bytes,      71864 total
[2024-03-12T04:13:30.415+0000][7][gc,age      ] GC(100) - age   2:      59536 bytes,     131400 total
[2024-03-12T04:13:30.415+0000][7][gc,age      ] GC(100) - age   3:      17056 bytes,     148456 total
[2024-03-12T04:13:30.415+0000][7][gc,age      ] GC(100) - age   4:      25240 bytes,     173696 total
[2024-03-12T04:13:30.415+0000][7][gc,age      ] GC(100) - age   5:      16272 bytes,     189968 total
[2024-03-12T04:13:30.415+0000][7][gc,age      ] GC(100) - age   6:       8176 bytes,     198144 total
[2024-03-12T04:13:30.415+0000][7][gc,age      ] GC(100) - age   7:       3216 bytes,     201360 total
[2024-03-12T04:13:30.415+0000][7][gc,age      ] GC(100) - age   8:      29152 bytes,     230512 total
[2024-03-12T04:13:30.415+0000][7][gc,age      ] GC(100) - age   9:      24248 bytes,     254760 total
[2024-03-12T04:13:30.415+0000][7][gc,age      ] GC(100) - age  10:       8176 bytes,     262936 total
[2024-03-12T04:13:30.415+0000][7][gc,age      ] GC(100) - age  11:       1424 bytes,     264360 total
[2024-03-12T04:13:30.415+0000][7][gc,age      ] GC(100) - age  12:        496 bytes,     264856 total
[2024-03-12T04:13:30.415+0000][7][gc,age      ] GC(100) - age  13:        176 bytes,     265032 total
[2024-03-12T04:13:30.415+0000][7][gc,age      ] GC(100) - age  14:        384 bytes,     265416 total
[2024-03-12T04:13:30.415+0000][7][gc,age      ] GC(100) - age  15:       1608 bytes,     267024 total
[2024-03-12T04:13:30.415+0000][7][gc,phases   ] GC(100)   Pre Evacuate Collection Set: 0.1ms
[2024-03-12T04:13:30.415+0000][7][gc,phases   ] GC(100)   Merge Heap Roots: 0.1ms
[2024-03-12T04:13:30.416+0000][7][gc,phases   ] GC(100)   Evacuate Collection Set: 0.7ms
[2024-03-12T04:13:30.416+0000][7][gc,phases   ] GC(100)   Post Evacuate Collection Set: 0.5ms
[2024-03-12T04:13:30.416+0000][7][gc,phases   ] GC(100)   Other: 0.5ms
[2024-03-12T04:13:30.416+0000][7][gc,heap     ] GC(100) Eden regions: 152->0(152)
[2024-03-12T04:13:30.416+0000][7][gc,heap     ] GC(100) Survivor regions: 1->1(20)
[2024-03-12T04:13:30.416+0000][7][gc,heap     ] GC(100) Old regions: 21->21
[2024-03-12T04:13:30.416+0000][7][gc,heap     ] GC(100) Archive regions: 2->2
[2024-03-12T04:13:30.416+0000][7][gc,heap     ] GC(100) Humongous regions: 2->2
[2024-03-12T04:13:30.416+0000][7][gc,metaspace] GC(100) Metaspace: 101114K(105680K)->101114K(105680K) NonClass: 88077K(91472K)->88077K(91472K) Class: 13036K(14208K)->13036K(14208K)
[2024-03-12T04:13:30.416+0000][7][gc          ] GC(100) Pause Young (Normal) (G1 Evacuation Pause) 701M->93M(1024M) 2.074ms
[2024-03-12T04:13:30.416+0000][7][gc,cpu      ] GC(100) User=0.00s Sys=0.00s Real=0.00s
[2024-03-12T04:13:30.416+0000][7][safepoint   ] Safepoint "G1CollectForAllocation", Time since last: 3251700940748 ns, Reaching safepoint: 84857 ns, At safepoint: 2164774 ns, Total: 2249631 ns
[2024-03-12T06:41:23.997+0000][7][safepoint   ] Safepoint "Cleanup", Time since last: 8873580860808 ns, Reaching safepoint: 95559 ns, At safepoint: 3022 ns, Total: 98581 ns
[2024-03-12T07:11:24.104+0000][7][safepoint   ] Safepoint "Cleanup", Time since last: 1800107639580 ns, Reaching safepoint: 137298 ns, At safepoint: 3127 ns, Total: 140425 ns
[2024-03-12T11:05:49.749+0000][7][gc,start    ] GC(101) Pause Young (Normal) (G1 Evacuation Pause)
[2024-03-12T11:05:49.749+0000][7][gc,task     ] GC(101) Using 13 workers of 13 for evacuation
[2024-03-12T11:05:49.750+0000][7][gc,age      ] GC(101) Desired survivor size 41943040 bytes, new threshold 15 (max threshold 15)
[2024-03-12T11:05:49.751+0000][7][gc,age      ] GC(101) Age table with threshold 15 (max threshold 15)
[2024-03-12T11:05:49.751+0000][7][gc,age      ] GC(101) - age   1:     102944 bytes,     102944 total
[2024-03-12T11:05:49.751+0000][7][gc,age      ] GC(101) - age   2:       1968 bytes,     104912 total
[2024-03-12T11:05:49.751+0000][7][gc,age      ] GC(101) - age   3:      50392 bytes,     155304 total
[2024-03-12T11:05:49.751+0000][7][gc,age      ] GC(101) - age   4:        568 bytes,     155872 total
[2024-03-12T11:05:49.751+0000][7][gc,age      ] GC(101) - age   5:      25120 bytes,     180992 total
[2024-03-12T11:05:49.751+0000][7][gc,age      ] GC(101) - age   6:         80 bytes,     181072 total
[2024-03-12T11:05:49.751+0000][7][gc,age      ] GC(101) - age   7:       8176 bytes,     189248 total
[2024-03-12T11:05:49.751+0000][7][gc,age      ] GC(101) - age   8:       3176 bytes,     192424 total
[2024-03-12T11:05:49.751+0000][7][gc,age      ] GC(101) - age   9:      29152 bytes,     221576 total
[2024-03-12T11:05:49.751+0000][7][gc,age      ] GC(101) - age  10:      24208 bytes,     245784 total
[2024-03-12T11:05:49.751+0000][7][gc,age      ] GC(101) - age  11:       8176 bytes,     253960 total
[2024-03-12T11:05:49.751+0000][7][gc,age      ] GC(101) - age  12:       1424 bytes,     255384 total
[2024-03-12T11:05:49.751+0000][7][gc,age      ] GC(101) - age  13:        496 bytes,     255880 total
[2024-03-12T11:05:49.751+0000][7][gc,age      ] GC(101) - age  14:        176 bytes,     256056 total
[2024-03-12T11:05:49.751+0000][7][gc,age      ] GC(101) - age  15:        384 bytes,     256440 total
[2024-03-12T11:05:49.751+0000][7][gc,phases   ] GC(101)   Pre Evacuate Collection Set: 0.2ms
[2024-03-12T11:05:49.751+0000][7][gc,phases   ] GC(101)   Merge Heap Roots: 0.1ms
[2024-03-12T11:05:49.751+0000][7][gc,phases   ] GC(101)   Evacuate Collection Set: 0.6ms
[2024-03-12T11:05:49.751+0000][7][gc,phases   ] GC(101)   Post Evacuate Collection Set: 0.6ms
[2024-03-12T11:05:49.751+0000][7][gc,phases   ] GC(101)   Other: 0.5ms
[2024-03-12T11:05:49.751+0000][7][gc,heap     ] GC(101) Eden regions: 152->0(152)
[2024-03-12T11:05:49.751+0000][7][gc,heap     ] GC(101) Survivor regions: 1->1(20)
[2024-03-12T11:05:49.751+0000][7][gc,heap     ] GC(101) Old regions: 21->21
[2024-03-12T11:05:49.751+0000][7][gc,heap     ] GC(101) Archive regions: 2->2
[2024-03-12T11:05:49.751+0000][7][gc,heap     ] GC(101) Humongous regions: 2->2
[2024-03-12T11:05:49.751+0000][7][gc,metaspace] GC(101) Metaspace: 101114K(105680K)->101114K(105680K) NonClass: 88078K(91472K)->88078K(91472K) Class: 13036K(14208K)->13036K(14208K)
[2024-03-12T11:05:49.751+0000][7][gc          ] GC(101) Pause Young (Normal) (G1 Evacuation Pause) 701M->93M(1024M) 2.014ms
[2024-03-12T11:05:49.751+0000][7][gc,cpu      ] GC(101) User=0.01s Sys=0.00s Real=0.00s
[2024-03-12T11:05:49.751+0000][7][safepoint   ] Safepoint "G1CollectForAllocation", Time since last: 14065644816252 ns, Reaching safepoint: 106999 ns, At safepoint: 2120215 ns, Total: 2227214 ns
[2024-03-12T17:58:50.051+0000][7][gc,start    ] GC(102) Pause Young (Normal) (G1 Evacuation Pause)
[2024-03-12T17:58:50.051+0000][7][gc,task     ] GC(102) Using 13 workers of 13 for evacuation
[2024-03-12T17:58:50.052+0000][7][gc,age      ] GC(102) Desired survivor size 41943040 bytes, new threshold 15 (max threshold 15)
[2024-03-12T17:58:50.053+0000][7][gc,age      ] GC(102) Age table with threshold 15 (max threshold 15)
[2024-03-12T17:58:50.053+0000][7][gc,age      ] GC(102) - age   1:     128288 bytes,     128288 total
[2024-03-12T17:58:50.053+0000][7][gc,age      ] GC(102) - age   2:      83736 bytes,     212024 total
[2024-03-12T17:58:50.053+0000][7][gc,age      ] GC(102) - age   3:       1720 bytes,     213744 total
[2024-03-12T17:58:50.053+0000][7][gc,age      ] GC(102) - age   4:      41880 bytes,     255624 total
[2024-03-12T17:58:50.053+0000][7][gc,age      ] GC(102) - age   5:        528 bytes,     256152 total
[2024-03-12T17:58:50.053+0000][7][gc,age      ] GC(102) - age   6:       8928 bytes,     265080 total
[2024-03-12T17:58:50.053+0000][7][gc,age      ] GC(102) - age   8:       8176 bytes,     273256 total
[2024-03-12T17:58:50.053+0000][7][gc,age      ] GC(102) - age   9:       3176 bytes,     276432 total
[2024-03-12T17:58:50.054+0000][7][gc,age      ] GC(102) - age  10:      29152 bytes,     305584 total
[2024-03-12T17:58:50.054+0000][7][gc,age      ] GC(102) - age  11:      24208 bytes,     329792 total
[2024-03-12T17:58:50.054+0000][7][gc,age      ] GC(102) - age  12:       8176 bytes,     337968 total
[2024-03-12T17:58:50.054+0000][7][gc,age      ] GC(102) - age  13:       1424 bytes,     339392 total
[2024-03-12T17:58:50.054+0000][7][gc,age      ] GC(102) - age  14:        456 bytes,     339848 total
[2024-03-12T17:58:50.054+0000][7][gc,age      ] GC(102) - age  15:        176 bytes,     340024 total
[2024-03-12T17:58:50.054+0000][7][gc,phases   ] GC(102)   Pre Evacuate Collection Set: 0.2ms
[2024-03-12T17:58:50.054+0000][7][gc,phases   ] GC(102)   Merge Heap Roots: 0.1ms
[2024-03-12T17:58:50.054+0000][7][gc,phases   ] GC(102)   Evacuate Collection Set: 1.0ms
[2024-03-12T17:58:50.054+0000][7][gc,phases   ] GC(102)   Post Evacuate Collection Set: 0.5ms
[2024-03-12T17:58:50.054+0000][7][gc,phases   ] GC(102)   Other: 0.4ms
[2024-03-12T17:58:50.054+0000][7][gc,heap     ] GC(102) Eden regions: 152->0(152)
[2024-03-12T17:58:50.054+0000][7][gc,heap     ] GC(102) Survivor regions: 1->1(20)
[2024-03-12T17:58:50.054+0000][7][gc,heap     ] GC(102) Old regions: 21->21
[2024-03-12T17:58:50.054+0000][7][gc,heap     ] GC(102) Archive regions: 2->2
[2024-03-12T17:58:50.054+0000][7][gc,heap     ] GC(102) Humongous regions: 2->2
[2024-03-12T17:58:50.054+0000][7][gc,metaspace] GC(102) Metaspace: 101114K(105680K)->101114K(105680K) NonClass: 88078K(91472K)->88078K(91472K) Class: 13036K(14208K)->13036K(14208K)
[2024-03-12T17:58:50.054+0000][7][gc          ] GC(102) Pause Young (Normal) (G1 Evacuation Pause) 701M->93M(1024M) 2.403ms
[2024-03-12T17:58:50.054+0000][7][gc,cpu      ] GC(102) User=0.00s Sys=0.00s Real=0.00s
[2024-03-12T17:58:50.054+0000][7][safepoint   ] Safepoint "G1CollectForAllocation", Time since last: 24780299753114 ns, Reaching safepoint: 83392 ns, At safepoint: 2492309 ns, Total: 2575701 ns
[2024-03-12T18:03:37.071+0000][7][safepoint   ] Safepoint "Cleanup", Time since last: 287016964395 ns, Reaching safepoint: 89682 ns, At safepoint: 3621 ns, Total: 93303 ns
[2024-03-12T18:03:42.071+0000][7][safepoint   ] Safepoint "Cleanup", Time since last: 5000392961 ns, Reaching safepoint: 90880 ns, At safepoint: 3657 ns, Total: 94537 ns
[2024-03-12T18:03:46.072+0000][7][safepoint   ] Safepoint "Cleanup", Time since last: 4000298396 ns, Reaching safepoint: 78617 ns, At safepoint: 3357 ns, Total: 81974 ns
[2024-03-12T18:03:50.072+0000][7][safepoint   ] Safepoint "Cleanup", Time since last: 4000337565 ns, Reaching safepoint: 87620 ns, At safepoint: 3288 ns, Total: 90908 ns
[2024-03-12T23:56:25.324+0000][7][safepoint   ] Safepoint "Cleanup", Time since last: 21155251388708 ns, Reaching safepoint: 108268 ns, At safepoint: 9168 ns, Total: 117436 ns
[2024-03-12T23:58:03.330+0000][7][safepoint   ] Safepoint "Cleanup", Time since last: 98005939805 ns, Reaching safepoint: 112303 ns, At safepoint: 3856 ns, Total: 116159 ns
[2024-03-13T00:21:38.413+0000][7][safepoint   ] Safepoint "Cleanup", Time since last: 1415083596629 ns, Reaching safepoint: 117586 ns, At safepoint: 13235 ns, Total: 130821 ns
[2024-03-13T00:40:39.481+0000][7][safepoint   ] Safepoint "Cleanup", Time since last: 1141067657074 ns, Reaching safepoint: 87168 ns, At safepoint: 3486 ns, Total: 90654 ns
[2024-03-13T00:42:11.030+0000][7][gc,start    ] GC(103) Pause Young (Normal) (G1 Evacuation Pause)
[2024-03-13T00:42:11.030+0000][7][gc,task     ] GC(103) Using 13 workers of 13 for evacuation
[2024-03-13T00:42:11.030+0000][7][gc,age      ] GC(103) Desired survivor size 41943040 bytes, new threshold 15 (max threshold 15)
[2024-03-13T00:42:11.031+0000][7][gc,age      ] GC(103) Age table with threshold 15 (max threshold 15)
[2024-03-13T00:42:11.031+0000][7][gc,age      ] GC(103) - age   1:      31432 bytes,      31432 total
[2024-03-13T00:42:11.031+0000][7][gc,age      ] GC(103) - age   2:     113656 bytes,     145088 total
[2024-03-13T00:42:11.031+0000][7][gc,age      ] GC(103) - age   3:      82416 bytes,     227504 total
[2024-03-13T00:42:11.031+0000][7][gc,age      ] GC(103) - age   4:       1640 bytes,     229144 total
[2024-03-13T00:42:11.031+0000][7][gc,age      ] GC(103) - age   5:      41544 bytes,     270688 total
[2024-03-13T00:42:11.031+0000][7][gc,age      ] GC(103) - age   6:        216 bytes,     270904 total
[2024-03-13T00:42:11.031+0000][7][gc,age      ] GC(103) - age   7:       8848 bytes,     279752 total
[2024-03-13T00:42:11.031+0000][7][gc,age      ] GC(103) - age   9:       8176 bytes,     287928 total
[2024-03-13T00:42:11.031+0000][7][gc,age      ] GC(103) - age  10:       3136 bytes,     291064 total
[2024-03-13T00:42:11.031+0000][7][gc,age      ] GC(103) - age  11:      29152 bytes,     320216 total
[2024-03-13T00:42:11.031+0000][7][gc,age      ] GC(103) - age  12:      24208 bytes,     344424 total
[2024-03-13T00:42:11.032+0000][7][gc,age      ] GC(103) - age  13:       8176 bytes,     352600 total
[2024-03-13T00:42:11.032+0000][7][gc,age      ] GC(103) - age  14:       1424 bytes,     354024 total
[2024-03-13T00:42:11.032+0000][7][gc,age      ] GC(103) - age  15:        456 bytes,     354480 total
[2024-03-13T00:42:11.032+0000][7][gc,phases   ] GC(103)   Pre Evacuate Collection Set: 0.2ms
[2024-03-13T00:42:11.032+0000][7][gc,phases   ] GC(103)   Merge Heap Roots: 0.1ms
[2024-03-13T00:42:11.032+0000][7][gc,phases   ] GC(103)   Evacuate Collection Set: 0.8ms
[2024-03-13T00:42:11.032+0000][7][gc,phases   ] GC(103)   Post Evacuate Collection Set: 0.5ms
[2024-03-13T00:42:11.032+0000][7][gc,phases   ] GC(103)   Other: 0.5ms
[2024-03-13T00:42:11.032+0000][7][gc,heap     ] GC(103) Eden regions: 152->0(152)
[2024-03-13T00:42:11.032+0000][7][gc,heap     ] GC(103) Survivor regions: 1->1(20)
[2024-03-13T00:42:11.032+0000][7][gc,heap     ] GC(103) Old regions: 21->21
[2024-03-13T00:42:11.032+0000][7][gc,heap     ] GC(103) Archive regions: 2->2
[2024-03-13T00:42:11.032+0000][7][gc,heap     ] GC(103) Humongous regions: 2->2
[2024-03-13T00:42:11.032+0000][7][gc,metaspace] GC(103) Metaspace: 101119K(105680K)->101119K(105680K) NonClass: 88082K(91472K)->88082K(91472K) Class: 13036K(14208K)->13036K(14208K)
[2024-03-13T00:42:11.032+0000][7][gc          ] GC(103) Pause Young (Normal) (G1 Evacuation Pause) 701M->93M(1024M) 2.166ms
[2024-03-13T00:42:11.032+0000][7][gc,cpu      ] GC(103) User=0.00s Sys=0.01s Real=0.00s
[2024-03-13T00:42:11.032+0000][7][safepoint   ] Safepoint "G1CollectForAllocation", Time since last: 91548232887 ns, Reaching safepoint: 86160 ns, At safepoint: 2257466 ns, Total: 2343626 ns
[2024-03-13T01:30:00.175+0000][7][safepoint   ] Safepoint "Cleanup", Time since last: 2869143405502 ns, Reaching safepoint: 87385 ns, At safepoint: 3754 ns, Total: 91139 ns
[2024-03-13T01:38:31.205+0000][7][safepoint   ] Safepoint "Cleanup", Time since last: 511029677142 ns, Reaching safepoint: 89720 ns, At safepoint: 3657 ns, Total: 93377 ns
[2024-03-13T07:32:46.112+0000][7][gc,start    ] GC(104) Pause Young (Normal) (G1 Evacuation Pause)
[2024-03-13T07:32:46.112+0000][7][gc,task     ] GC(104) Using 13 workers of 13 for evacuation
[2024-03-13T07:32:46.112+0000][7][gc,age      ] GC(104) Desired survivor size 41943040 bytes, new threshold 15 (max threshold 15)
[2024-03-13T07:32:46.115+0000][7][gc,age      ] GC(104) Age table with threshold 15 (max threshold 15)
[2024-03-13T07:32:46.115+0000][7][gc,age      ] GC(104) - age   1:     179320 bytes,     179320 total
[2024-03-13T07:32:46.115+0000][7][gc,age      ] GC(104) - age   2:      17904 bytes,     197224 total
[2024-03-13T07:32:46.115+0000][7][gc,age      ] GC(104) - age   3:      81040 bytes,     278264 total
[2024-03-13T07:32:46.115+0000][7][gc,age      ] GC(104) - age   4:      82376 bytes,     360640 total
[2024-03-13T07:32:46.115+0000][7][gc,age      ] GC(104) - age   5:        696 bytes,     361336 total
[2024-03-13T07:32:46.115+0000][7][gc,age      ] GC(104) - age   6:      41464 bytes,     402800 total
[2024-03-13T07:32:46.115+0000][7][gc,age      ] GC(104) - age   7:        176 bytes,     402976 total
[2024-03-13T07:32:46.115+0000][7][gc,age      ] GC(104) - age   8:       8848 bytes,     411824 total
[2024-03-13T07:32:46.115+0000][7][gc,age      ] GC(104) - age  10:       8176 bytes,     420000 total
[2024-03-13T07:32:46.115+0000][7][gc,age      ] GC(104) - age  11:       2976 bytes,     422976 total
[2024-03-13T07:32:46.115+0000][7][gc,age      ] GC(104) - age  12:      28864 bytes,     451840 total
[2024-03-13T07:32:46.115+0000][7][gc,age      ] GC(104) - age  13:      24208 bytes,     476048 total
[2024-03-13T07:32:46.115+0000][7][gc,age      ] GC(104) - age  14:       8176 bytes,     484224 total
[2024-03-13T07:32:46.115+0000][7][gc,age      ] GC(104) - age  15:       1384 bytes,     485608 total
[2024-03-13T07:32:46.115+0000][7][gc,phases   ] GC(104)   Pre Evacuate Collection Set: 0.1ms
[2024-03-13T07:32:46.115+0000][7][gc,phases   ] GC(104)   Merge Heap Roots: 0.1ms
[2024-03-13T07:32:46.115+0000][7][gc,phases   ] GC(104)   Evacuate Collection Set: 2.0ms
[2024-03-13T07:32:46.115+0000][7][gc,phases   ] GC(104)   Post Evacuate Collection Set: 0.5ms
[2024-03-13T07:32:46.115+0000][7][gc,phases   ] GC(104)   Other: 0.4ms
[2024-03-13T07:32:46.115+0000][7][gc,heap     ] GC(104) Eden regions: 152->0(152)
[2024-03-13T07:32:46.115+0000][7][gc,heap     ] GC(104) Survivor regions: 1->1(20)
[2024-03-13T07:32:46.115+0000][7][gc,heap     ] GC(104) Old regions: 21->21
[2024-03-13T07:32:46.115+0000][7][gc,heap     ] GC(104) Archive regions: 2->2
[2024-03-13T07:32:46.115+0000][7][gc,heap     ] GC(104) Humongous regions: 2->2
[2024-03-13T07:32:46.115+0000][7][gc,metaspace] GC(104) Metaspace: 101127K(105680K)->101127K(105680K) NonClass: 88090K(91472K)->88090K(91472K) Class: 13036K(14208K)->13036K(14208K)
[2024-03-13T07:32:46.115+0000][7][gc          ] GC(104) Pause Young (Normal) (G1 Evacuation Pause) 701M->93M(1024M) 3.384ms
[2024-03-13T07:32:46.115+0000][7][gc,cpu      ] GC(104) User=0.01s Sys=0.00s Real=0.00s
[2024-03-13T07:32:46.115+0000][7][safepoint   ] Safepoint "G1CollectForAllocation", Time since last: 21254906739044 ns, Reaching safepoint: 129626 ns, At safepoint: 3474834 ns, Total: 3604460 ns
[2024-03-13T13:40:28.421+0000][7][safepoint   ] Safepoint "Cleanup", Time since last: 22062305131006 ns, Reaching safepoint: 102366 ns, At safepoint: 8637 ns, Total: 111003 ns
[2024-03-13T14:24:20.981+0000][7][gc,start    ] GC(105) Pause Young (Normal) (G1 Evacuation Pause)
[2024-03-13T14:24:20.981+0000][7][gc,task     ] GC(105) Using 13 workers of 13 for evacuation
[2024-03-13T14:24:20.981+0000][7][gc,age      ] GC(105) Desired survivor size 41943040 bytes, new threshold 15 (max threshold 15)
[2024-03-13T14:24:20.983+0000][7][gc,age      ] GC(105) Age table with threshold 15 (max threshold 15)
[2024-03-13T14:24:20.983+0000][7][gc,age      ] GC(105) - age   1:     106144 bytes,     106144 total
[2024-03-13T14:24:20.983+0000][7][gc,age      ] GC(105) - age   2:      53712 bytes,     159856 total
[2024-03-13T14:24:20.983+0000][7][gc,age      ] GC(105) - age   3:       9288 bytes,     169144 total
[2024-03-13T14:24:20.983+0000][7][gc,age      ] GC(105) - age   4:      81000 bytes,     250144 total
[2024-03-13T14:24:20.983+0000][7][gc,age      ] GC(105) - age   5:      57792 bytes,     307936 total
[2024-03-13T14:24:20.983+0000][7][gc,age      ] GC(105) - age   6:        696 bytes,     308632 total
[2024-03-13T14:24:20.983+0000][7][gc,age      ] GC(105) - age   7:      41208 bytes,     349840 total
[2024-03-13T14:24:20.983+0000][7][gc,age      ] GC(105) - age   8:        176 bytes,     350016 total
[2024-03-13T14:24:20.983+0000][7][gc,age      ] GC(105) - age   9:       8848 bytes,     358864 total
[2024-03-13T14:24:20.983+0000][7][gc,age      ] GC(105) - age  11:       8176 bytes,     367040 total
[2024-03-13T14:24:20.983+0000][7][gc,age      ] GC(105) - age  12:       2976 bytes,     370016 total
[2024-03-13T14:24:20.983+0000][7][gc,age      ] GC(105) - age  13:      28704 bytes,     398720 total
[2024-03-13T14:24:20.983+0000][7][gc,age      ] GC(105) - age  14:      24208 bytes,     422928 total
[2024-03-13T14:24:20.983+0000][7][gc,age      ] GC(105) - age  15:       8176 bytes,     431104 total
[2024-03-13T14:24:20.983+0000][7][gc,phases   ] GC(105)   Pre Evacuate Collection Set: 0.2ms
[2024-03-13T14:24:20.983+0000][7][gc,phases   ] GC(105)   Merge Heap Roots: 0.1ms
[2024-03-13T14:24:20.983+0000][7][gc,phases   ] GC(105)   Evacuate Collection Set: 1.0ms
[2024-03-13T14:24:20.983+0000][7][gc,phases   ] GC(105)   Post Evacuate Collection Set: 0.5ms
[2024-03-13T14:24:20.983+0000][7][gc,phases   ] GC(105)   Other: 0.5ms
[2024-03-13T14:24:20.983+0000][7][gc,heap     ] GC(105) Eden regions: 152->0(152)
[2024-03-13T14:24:20.983+0000][7][gc,heap     ] GC(105) Survivor regions: 1->1(20)
[2024-03-13T14:24:20.983+0000][7][gc,heap     ] GC(105) Old regions: 21->21
[2024-03-13T14:24:20.983+0000][7][gc,heap     ] GC(105) Archive regions: 2->2
[2024-03-13T14:24:20.983+0000][7][gc,heap     ] GC(105) Humongous regions: 2->2
[2024-03-13T14:24:20.983+0000][7][gc,metaspace] GC(105) Metaspace: 101133K(105680K)->101133K(105680K) NonClass: 88096K(91472K)->88096K(91472K) Class: 13036K(14208K)->13036K(14208K)
[2024-03-13T14:24:20.983+0000][7][gc          ] GC(105) Pause Young (Normal) (G1 Evacuation Pause) 701M->93M(1024M) 2.394ms
[2024-03-13T14:24:20.983+0000][7][gc,cpu      ] GC(105) User=0.00s Sys=0.00s Real=0.00s
[2024-03-13T14:24:20.983+0000][7][safepoint   ] Safepoint "G1CollectForAllocation", Time since last: 2632559964061 ns, Reaching safepoint: 82631 ns, At safepoint: 2482341 ns, Total: 2564972 ns
[2024-03-13T15:42:31.256+0000][7][safepoint   ] Safepoint "Cleanup", Time since last: 4690272825122 ns, Reaching safepoint: 91762 ns, At safepoint: 3844 ns, Total: 95606 ns
[2024-03-13T15:47:44.275+0000][7][safepoint   ] Safepoint "Cleanup", Time since last: 313018777319 ns, Reaching safepoint: 90578 ns, At safepoint: 3968 ns, Total: 94546 ns
[2024-03-13T15:48:36.278+0000][7][safepoint   ] Safepoint "Cleanup", Time since last: 52003187813 ns, Reaching safepoint: 87881 ns, At safepoint: 3799 ns, Total: 91680 ns
[2024-03-13T16:22:30.397+0000][7][safepoint   ] Safepoint "Cleanup", Time since last: 2034119158630 ns, Reaching safepoint: 88196 ns, At safepoint: 3416 ns, Total: 91612 ns
[2024-03-13T16:35:48.445+0000][7][safepoint   ] Safepoint "Cleanup", Time since last: 798047612503 ns, Reaching safepoint: 92860 ns, At safepoint: 8815 ns, Total: 101675 ns
[2024-03-13T20:32:43.298+0000][7][safepoint   ] Safepoint "Cleanup", Time since last: 14214852696886 ns, Reaching safepoint: 87123 ns, At safepoint: 3777 ns, Total: 90900 ns
[2024-03-13T21:01:51.280+0000][7][gc,start    ] GC(106) Pause Young (Normal) (G1 Evacuation Pause)
[2024-03-13T21:01:51.280+0000][7][gc,task     ] GC(106) Using 13 workers of 13 for evacuation
[2024-03-13T21:01:51.280+0000][7][gc,age      ] GC(106) Desired survivor size 41943040 bytes, new threshold 15 (max threshold 15)
[2024-03-13T21:01:51.282+0000][7][gc,age      ] GC(106) Age table with threshold 15 (max threshold 15)
[2024-03-13T21:01:51.282+0000][7][gc,age      ] GC(106) - age   1:     130320 bytes,     130320 total
[2024-03-13T21:01:51.282+0000][7][gc,age      ] GC(106) - age   2:      10600 bytes,     140920 total
[2024-03-13T21:01:51.282+0000][7][gc,age      ] GC(106) - age   3:      35968 bytes,     176888 total
[2024-03-13T21:01:51.282+0000][7][gc,age      ] GC(106) - age   4:       9288 bytes,     186176 total
[2024-03-13T21:01:51.282+0000][7][gc,age      ] GC(106) - age   5:      81000 bytes,     267176 total
[2024-03-13T21:01:51.282+0000][7][gc,age      ] GC(106) - age   6:      16976 bytes,     284152 total
[2024-03-13T21:01:51.282+0000][7][gc,age      ] GC(106) - age   7:        384 bytes,     284536 total
[2024-03-13T21:01:51.282+0000][7][gc,age      ] GC(106) - age   8:      16488 bytes,     301024 total
[2024-03-13T21:01:51.282+0000][7][gc,age      ] GC(106) - age   9:        176 bytes,     301200 total
[2024-03-13T21:01:51.282+0000][7][gc,age      ] GC(106) - age  10:        832 bytes,     302032 total
[2024-03-13T21:01:51.282+0000][7][gc,age      ] GC(106) - age  12:         40 bytes,     302072 total
[2024-03-13T21:01:51.282+0000][7][gc,age      ] GC(106) - age  13:       2976 bytes,     305048 total
[2024-03-13T21:01:51.282+0000][7][gc,age      ] GC(106) - age  14:      28664 bytes,     333712 total
[2024-03-13T21:01:51.282+0000][7][gc,age      ] GC(106) - age  15:      24208 bytes,     357920 total
[2024-03-13T21:01:51.282+0000][7][gc,phases   ] GC(106)   Pre Evacuate Collection Set: 0.2ms
[2024-03-13T21:01:51.282+0000][7][gc,phases   ] GC(106)   Merge Heap Roots: 0.1ms
[2024-03-13T21:01:51.282+0000][7][gc,phases   ] GC(106)   Evacuate Collection Set: 1.1ms
[2024-03-13T21:01:51.282+0000][7][gc,phases   ] GC(106)   Post Evacuate Collection Set: 0.5ms
[2024-03-13T21:01:51.282+0000][7][gc,phases   ] GC(106)   Other: 0.5ms
[2024-03-13T21:01:51.282+0000][7][gc,heap     ] GC(106) Eden regions: 152->0(152)
[2024-03-13T21:01:51.282+0000][7][gc,heap     ] GC(106) Survivor regions: 1->1(20)
[2024-03-13T21:01:51.282+0000][7][gc,heap     ] GC(106) Old regions: 21->21
[2024-03-13T21:01:51.282+0000][7][gc,heap     ] GC(106) Archive regions: 2->2
[2024-03-13T21:01:51.282+0000][7][gc,heap     ] GC(106) Humongous regions: 2->2
[2024-03-13T21:01:51.282+0000][7][gc,metaspace] GC(106) Metaspace: 101133K(105680K)->101133K(105680K) NonClass: 88096K(91472K)->88096K(91472K) Class: 13036K(14208K)->13036K(14208K)
[2024-03-13T21:01:51.283+0000][7][gc          ] GC(106) Pause Young (Normal) (G1 Evacuation Pause) 701M->93M(1024M) 2.545ms
[2024-03-13T21:01:51.283+0000][7][gc,cpu      ] GC(106) User=0.00s Sys=0.00s Real=0.00s
[2024-03-13T21:01:51.283+0000][7][safepoint   ] Safepoint "G1CollectForAllocation", Time since last: 1747981859293 ns, Reaching safepoint: 85599 ns, At safepoint: 2633184 ns, Total: 2718783 ns
[2024-03-13T21:48:32.448+0000][7][safepoint   ] Safepoint "Cleanup", Time since last: 2801165576047 ns, Reaching safepoint: 113090 ns, At safepoint: 3906 ns, Total: 116996 ns
[2024-03-14T01:38:00.339+0000][7][safepoint   ] Safepoint "Cleanup", Time since last: 13767890570257 ns, Reaching safepoint: 88933 ns, At safepoint: 3550 ns, Total: 92483 ns
[2024-03-14T02:27:24.515+0000][7][safepoint   ] Safepoint "Cleanup", Time since last: 2964175499752 ns, Reaching safepoint: 92140 ns, At safepoint: 4830 ns, Total: 96970 ns
[2024-03-14T02:27:28.515+0000][7][safepoint   ] Safepoint "Cleanup", Time since last: 4000351047 ns, Reaching safepoint: 83585 ns, At safepoint: 6308 ns, Total: 89893 ns
[2024-03-14T02:40:56.563+0000][7][safepoint   ] Safepoint "Cleanup", Time since last: 808048316998 ns, Reaching safepoint: 90212 ns, At safepoint: 3493 ns, Total: 93705 ns
[2024-03-14T03:07:58.660+0000][7][safepoint   ] Safepoint "Cleanup", Time since last: 1622096246159 ns, Reaching safepoint: 89175 ns, At safepoint: 2970 ns, Total: 92145 ns
[2024-03-14T03:08:00.660+0000][7][safepoint   ] Safepoint "Cleanup", Time since last: 2000210546 ns, Reaching safepoint: 84137 ns, At safepoint: 3095 ns, Total: 87232 ns
[2024-03-14T03:45:08.389+0000][7][gc,start    ] GC(107) Pause Young (Normal) (G1 Evacuation Pause)
[2024-03-14T03:45:08.389+0000][7][gc,task     ] GC(107) Using 13 workers of 13 for evacuation
[2024-03-14T03:45:08.389+0000][7][gc,age      ] GC(107) Desired survivor size 41943040 bytes, new threshold 15 (max threshold 15)
[2024-03-14T03:45:08.391+0000][7][gc,age      ] GC(107) Age table with threshold 15 (max threshold 15)
[2024-03-14T03:45:08.391+0000][7][gc,age      ] GC(107) - age   1:     354808 bytes,     354808 total
[2024-03-14T03:45:08.391+0000][7][gc,age      ] GC(107) - age   2:      90304 bytes,     445112 total
[2024-03-14T03:45:08.391+0000][7][gc,age      ] GC(107) - age   3:       9808 bytes,     454920 total
[2024-03-14T03:45:08.391+0000][7][gc,age      ] GC(107) - age   4:      34920 bytes,     489840 total
[2024-03-14T03:45:08.391+0000][7][gc,age      ] GC(107) - age   5:       9208 bytes,     499048 total
[2024-03-14T03:45:08.391+0000][7][gc,age      ] GC(107) - age   6:      80960 bytes,     580008 total
[2024-03-14T03:45:08.391+0000][7][gc,age      ] GC(107) - age   7:      16856 bytes,     596864 total
[2024-03-14T03:45:08.391+0000][7][gc,age      ] GC(107) - age   8:         72 bytes,     596936 total
[2024-03-14T03:45:08.391+0000][7][gc,age      ] GC(107) - age   9:      16408 bytes,     613344 total
[2024-03-14T03:45:08.391+0000][7][gc,age      ] GC(107) - age  10:        136 bytes,     613480 total
[2024-03-14T03:45:08.391+0000][7][gc,age      ] GC(107) - age  11:        832 bytes,     614312 total
[2024-03-14T03:45:08.391+0000][7][gc,age      ] GC(107) - age  14:       2976 bytes,     617288 total
[2024-03-14T03:45:08.391+0000][7][gc,age      ] GC(107) - age  15:      28544 bytes,     645832 total
[2024-03-14T03:45:08.391+0000][7][gc,phases   ] GC(107)   Pre Evacuate Collection Set: 0.2ms
[2024-03-14T03:45:08.391+0000][7][gc,phases   ] GC(107)   Merge Heap Roots: 0.1ms
[2024-03-14T03:45:08.391+0000][7][gc,phases   ] GC(107)   Evacuate Collection Set: 0.9ms
[2024-03-14T03:45:08.391+0000][7][gc,phases   ] GC(107)   Post Evacuate Collection Set: 0.6ms
[2024-03-14T03:45:08.391+0000][7][gc,phases   ] GC(107)   Other: 0.4ms
[2024-03-14T03:45:08.391+0000][7][gc,heap     ] GC(107) Eden regions: 152->0(152)
[2024-03-14T03:45:08.391+0000][7][gc,heap     ] GC(107) Survivor regions: 1->1(20)
[2024-03-14T03:45:08.391+0000][7][gc,heap     ] GC(107) Old regions: 21->21
[2024-03-14T03:45:08.391+0000][7][gc,heap     ] GC(107) Archive regions: 2->2
[2024-03-14T03:45:08.391+0000][7][gc,heap     ] GC(107) Humongous regions: 2->2
[2024-03-14T03:45:08.391+0000][7][gc,metaspace] GC(107) Metaspace: 101148K(105680K)->101148K(105680K) NonClass: 88112K(91472K)->88112K(91472K) Class: 13036K(14208K)->13036K(14208K)
[2024-03-14T03:45:08.391+0000][7][gc          ] GC(107) Pause Young (Normal) (G1 Evacuation Pause) 701M->93M(1024M) 2.205ms
[2024-03-14T03:45:08.391+0000][7][gc,cpu      ] GC(107) User=0.01s Sys=0.00s Real=0.00s
[2024-03-14T03:45:08.391+0000][7][safepoint   ] Safepoint "G1CollectForAllocation", Time since last: 2227728876272 ns, Reaching safepoint: 82145 ns, At safepoint: 2295497 ns, Total: 2377642 ns
[2024-03-14T04:08:44.475+0000][7][safepoint   ] Safepoint "Cleanup", Time since last: 1416083732307 ns, Reaching safepoint: 91762 ns, At safepoint: 4010 ns, Total: 95772 ns
[2024-03-14T08:11:27.441+0000][7][safepoint   ] Safepoint "Cleanup", Time since last: 14562966200217 ns, Reaching safepoint: 91426 ns, At safepoint: 3724 ns, Total: 95150 ns
[2024-03-14T10:36:40.440+0000][7][gc,start    ] GC(108) Pause Young (Normal) (G1 Evacuation Pause)
[2024-03-14T10:36:40.440+0000][7][gc,task     ] GC(108) Using 13 workers of 13 for evacuation
[2024-03-14T10:36:40.440+0000][7][gc,age      ] GC(108) Desired survivor size 41943040 bytes, new threshold 15 (max threshold 15)
[2024-03-14T10:36:40.442+0000][7][gc,age      ] GC(108) Age table with threshold 15 (max threshold 15)
[2024-03-14T10:36:40.442+0000][7][gc,age      ] GC(108) - age   1:      95600 bytes,      95600 total
[2024-03-14T10:36:40.442+0000][7][gc,age      ] GC(108) - age   2:     124616 bytes,     220216 total
[2024-03-14T10:36:40.442+0000][7][gc,age      ] GC(108) - age   3:       8880 bytes,     229096 total
[2024-03-14T10:36:40.442+0000][7][gc,age      ] GC(108) - age   4:       1256 bytes,     230352 total
[2024-03-14T10:36:40.442+0000][7][gc,age      ] GC(108) - age   5:      26408 bytes,     256760 total
[2024-03-14T10:36:40.442+0000][7][gc,age      ] GC(108) - age   6:       9208 bytes,     265968 total
[2024-03-14T10:36:40.442+0000][7][gc,age      ] GC(108) - age   7:      64808 bytes,     330776 total
[2024-03-14T10:36:40.442+0000][7][gc,age      ] GC(108) - age   8:        408 bytes,     331184 total
[2024-03-14T10:36:40.442+0000][7][gc,age      ] GC(108) - age   9:         72 bytes,     331256 total
[2024-03-14T10:36:40.442+0000][7][gc,age      ] GC(108) - age  10:        256 bytes,     331512 total
[2024-03-14T10:36:40.442+0000][7][gc,age      ] GC(108) - age  11:        136 bytes,     331648 total
[2024-03-14T10:36:40.442+0000][7][gc,age      ] GC(108) - age  12:        832 bytes,     332480 total
[2024-03-14T10:36:40.442+0000][7][gc,age      ] GC(108) - age  15:       2976 bytes,     335456 total
[2024-03-14T10:36:40.442+0000][7][gc,phases   ] GC(108)   Pre Evacuate Collection Set: 0.1ms
[2024-03-14T10:36:40.442+0000][7][gc,phases   ] GC(108)   Merge Heap Roots: 0.1ms
[2024-03-14T10:36:40.442+0000][7][gc,phases   ] GC(108)   Evacuate Collection Set: 0.6ms
[2024-03-14T10:36:40.442+0000][7][gc,phases   ] GC(108)   Post Evacuate Collection Set: 0.6ms
[2024-03-14T10:36:40.442+0000][7][gc,phases   ] GC(108)   Other: 0.5ms
[2024-03-14T10:36:40.442+0000][7][gc,heap     ] GC(108) Eden regions: 152->0(152)
[2024-03-14T10:36:40.442+0000][7][gc,heap     ] GC(108) Survivor regions: 1->1(20)
[2024-03-14T10:36:40.442+0000][7][gc,heap     ] GC(108) Old regions: 21->21
[2024-03-14T10:36:40.442+0000][7][gc,heap     ] GC(108) Archive regions: 2->2
[2024-03-14T10:36:40.442+0000][7][gc,heap     ] GC(108) Humongous regions: 2->2
[2024-03-14T10:36:40.442+0000][7][gc,metaspace] GC(108) Metaspace: 101149K(105680K)->101149K(105680K) NonClass: 88113K(91472K)->88113K(91472K) Class: 13036K(14208K)->13036K(14208K)
[2024-03-14T10:36:40.442+0000][7][gc          ] GC(108) Pause Young (Normal) (G1 Evacuation Pause) 701M->93M(1024M) 2.051ms
[2024-03-14T10:36:40.442+0000][7][gc,cpu      ] GC(108) User=0.00s Sys=0.00s Real=0.00s
[2024-03-14T10:36:40.442+0000][7][safepoint   ] Safepoint "G1CollectForAllocation", Time since last: 8712998655245 ns, Reaching safepoint: 89788 ns, At safepoint: 2152037 ns, Total: 2241825 ns
[2024-03-14T13:04:10.954+0000][7][safepoint   ] Safepoint "Cleanup", Time since last: 8850511182867 ns, Reaching safepoint: 98337 ns, At safepoint: 7952 ns, Total: 106289 ns
[2024-03-14T17:25:52.177+0000][7][gc,start    ] GC(109) Pause Young (Normal) (G1 Evacuation Pause)
[2024-03-14T17:25:52.177+0000][7][gc,task     ] GC(109) Using 13 workers of 13 for evacuation
[2024-03-14T17:25:52.177+0000][7][gc,age      ] GC(109) Desired survivor size 41943040 bytes, new threshold 15 (max threshold 15)
[2024-03-14T17:25:52.179+0000][7][gc,age      ] GC(109) Age table with threshold 15 (max threshold 15)
[2024-03-14T17:25:52.179+0000][7][gc,age      ] GC(109) - age   1:     113656 bytes,     113656 total
[2024-03-14T17:25:52.179+0000][7][gc,age      ] GC(109) - age   2:       2904 bytes,     116560 total
[2024-03-14T17:25:52.179+0000][7][gc,age      ] GC(109) - age   3:      51064 bytes,     167624 total
[2024-03-14T17:25:52.179+0000][7][gc,age      ] GC(109) - age   4:       8880 bytes,     176504 total
[2024-03-14T17:25:52.179+0000][7][gc,age      ] GC(109) - age   5:       1256 bytes,     177760 total
[2024-03-14T17:25:52.179+0000][7][gc,age      ] GC(109) - age   6:      26304 bytes,     204064 total
[2024-03-14T17:25:52.179+0000][7][gc,age      ] GC(109) - age   7:       9208 bytes,     213272 total
[2024-03-14T17:25:52.179+0000][7][gc,age      ] GC(109) - age   8:      48616 bytes,     261888 total
[2024-03-14T17:25:52.179+0000][7][gc,age      ] GC(109) - age   9:        368 bytes,     262256 total
[2024-03-14T17:25:52.179+0000][7][gc,age      ] GC(109) - age  10:         72 bytes,     262328 total
[2024-03-14T17:25:52.179+0000][7][gc,age      ] GC(109) - age  11:        216 bytes,     262544 total
[2024-03-14T17:25:52.179+0000][7][gc,age      ] GC(109) - age  12:        136 bytes,     262680 total
[2024-03-14T17:25:52.179+0000][7][gc,age      ] GC(109) - age  13:        832 bytes,     263512 total
[2024-03-14T17:25:52.179+0000][7][gc,phases   ] GC(109)   Pre Evacuate Collection Set: 0.2ms
[2024-03-14T17:25:52.179+0000][7][gc,phases   ] GC(109)   Merge Heap Roots: 0.2ms
[2024-03-14T17:25:52.179+0000][7][gc,phases   ] GC(109)   Evacuate Collection Set: 0.6ms
[2024-03-14T17:25:52.179+0000][7][gc,phases   ] GC(109)   Post Evacuate Collection Set: 0.5ms
[2024-03-14T17:25:52.179+0000][7][gc,phases   ] GC(109)   Other: 0.5ms
[2024-03-14T17:25:52.179+0000][7][gc,heap     ] GC(109) Eden regions: 152->0(152)
[2024-03-14T17:25:52.179+0000][7][gc,heap     ] GC(109) Survivor regions: 1->1(20)
[2024-03-14T17:25:52.179+0000][7][gc,heap     ] GC(109) Old regions: 21->21
[2024-03-14T17:25:52.179+0000][7][gc,heap     ] GC(109) Archive regions: 2->2
[2024-03-14T17:25:52.179+0000][7][gc,heap     ] GC(109) Humongous regions: 2->2
[2024-03-14T17:25:52.179+0000][7][gc,metaspace] GC(109) Metaspace: 101149K(105680K)->101149K(105680K) NonClass: 88113K(91472K)->88113K(91472K) Class: 13036K(14208K)->13036K(14208K)
[2024-03-14T17:25:52.179+0000][7][gc          ] GC(109) Pause Young (Normal) (G1 Evacuation Pause) 701M->93M(1024M) 2.081ms
[2024-03-14T17:25:52.179+0000][7][gc,cpu      ] GC(109) User=0.00s Sys=0.00s Real=0.00s
[2024-03-14T17:25:52.179+0000][7][safepoint   ] Safepoint "G1CollectForAllocation", Time since last: 15701223237324 ns, Reaching safepoint: 109609 ns, At safepoint: 2171269 ns, Total: 2280878 ns
[2024-03-14T22:17:06.134+0000][7][safepoint   ] Safepoint "Cleanup", Time since last: 17473954556971 ns, Reaching safepoint: 89533 ns, At safepoint: 6332 ns, Total: 95865 ns
[2024-03-15T00:19:28.543+0000][7][gc,start    ] GC(110) Pause Young (Normal) (G1 Evacuation Pause)
[2024-03-15T00:19:28.543+0000][7][gc,task     ] GC(110) Using 13 workers of 13 for evacuation
[2024-03-15T00:19:28.544+0000][7][gc,age      ] GC(110) Desired survivor size 41943040 bytes, new threshold 15 (max threshold 15)
[2024-03-15T00:19:28.545+0000][7][gc,age      ] GC(110) Age table with threshold 15 (max threshold 15)
[2024-03-15T00:19:28.545+0000][7][gc,age      ] GC(110) - age   1:      72168 bytes,      72168 total
[2024-03-15T00:19:28.545+0000][7][gc,age      ] GC(110) - age   2:      81560 bytes,     153728 total
[2024-03-15T00:19:28.545+0000][7][gc,age      ] GC(110) - age   3:       2904 bytes,     156632 total
[2024-03-15T00:19:28.545+0000][7][gc,age      ] GC(110) - age   4:      34480 bytes,     191112 total
[2024-03-15T00:19:28.545+0000][7][gc,age      ] GC(110) - age   5:       8880 bytes,     199992 total
[2024-03-15T00:19:28.545+0000][7][gc,age      ] GC(110) - age   6:        944 bytes,     200936 total
[2024-03-15T00:19:28.545+0000][7][gc,age      ] GC(110) - age   7:       8216 bytes,     209152 total
[2024-03-15T00:19:28.545+0000][7][gc,age      ] GC(110) - age   8:       9168 bytes,     218320 total
[2024-03-15T00:19:28.545+0000][7][gc,age      ] GC(110) - age   9:      16272 bytes,     234592 total
[2024-03-15T00:19:28.545+0000][7][gc,age      ] GC(110) - age  10:        328 bytes,     234920 total
[2024-03-15T00:19:28.545+0000][7][gc,age      ] GC(110) - age  11:         72 bytes,     234992 total
[2024-03-15T00:19:28.545+0000][7][gc,age      ] GC(110) - age  12:        216 bytes,     235208 total
[2024-03-15T00:19:28.545+0000][7][gc,age      ] GC(110) - age  13:        136 bytes,     235344 total
[2024-03-15T00:19:28.545+0000][7][gc,age      ] GC(110) - age  14:        832 bytes,     236176 total
[2024-03-15T00:19:28.545+0000][7][gc,phases   ] GC(110)   Pre Evacuate Collection Set: 0.2ms
[2024-03-15T00:19:28.546+0000][7][gc,phases   ] GC(110)   Merge Heap Roots: 0.1ms
[2024-03-15T00:19:28.546+0000][7][gc,phases   ] GC(110)   Evacuate Collection Set: 0.8ms
[2024-03-15T00:19:28.546+0000][7][gc,phases   ] GC(110)   Post Evacuate Collection Set: 0.6ms
[2024-03-15T00:19:28.546+0000][7][gc,phases   ] GC(110)   Other: 0.4ms
[2024-03-15T00:19:28.546+0000][7][gc,heap     ] GC(110) Eden regions: 152->0(152)
[2024-03-15T00:19:28.546+0000][7][gc,heap     ] GC(110) Survivor regions: 1->1(20)
[2024-03-15T00:19:28.546+0000][7][gc,heap     ] GC(110) Old regions: 21->21
[2024-03-15T00:19:28.546+0000][7][gc,heap     ] GC(110) Archive regions: 2->2
[2024-03-15T00:19:28.546+0000][7][gc,heap     ] GC(110) Humongous regions: 2->2
[2024-03-15T00:19:28.546+0000][7][gc,metaspace] GC(110) Metaspace: 101149K(105680K)->101149K(105680K) NonClass: 88113K(91472K)->88113K(91472K) Class: 13036K(14208K)->13036K(14208K)
[2024-03-15T00:19:28.546+0000][7][gc          ] GC(110) Pause Young (Normal) (G1 Evacuation Pause) 701M->93M(1024M) 2.246ms
[2024-03-15T00:19:28.546+0000][7][gc,cpu      ] GC(110) User=0.01s Sys=0.00s Real=0.00s
[2024-03-15T00:19:28.546+0000][7][safepoint   ] Safepoint "G1CollectForAllocation", Time since last: 7342409542316 ns, Reaching safepoint: 89929 ns, At safepoint: 2337583 ns, Total: 2427512 ns
[2024-03-15T01:38:00.825+0000][7][safepoint   ] Safepoint "Cleanup", Time since last: 4712279225324 ns, Reaching safepoint: 88728 ns, At safepoint: 3804 ns, Total: 92532 ns
[2024-03-15T02:17:56.967+0000][7][safepoint   ] Safepoint "Cleanup", Time since last: 2396141693801 ns, Reaching safepoint: 94360 ns, At safepoint: 2714 ns, Total: 97074 ns
[2024-03-15T02:18:01.967+0000][7][safepoint   ] Safepoint "Cleanup", Time since last: 5000399217 ns, Reaching safepoint: 92687 ns, At safepoint: 7724 ns, Total: 100411 ns
[2024-03-15T02:51:21.089+0000][7][safepoint   ] Safepoint "Cleanup", Time since last: 1999121694742 ns, Reaching safepoint: 88595 ns, At safepoint: 2957 ns, Total: 91552 ns
[2024-03-15T06:36:04.888+0000][7][safepoint   ] Safepoint "Cleanup", Time since last: 13483798427880 ns, Reaching safepoint: 242307 ns, At safepoint: 3760 ns, Total: 246067 ns
[2024-03-15T06:37:52.759+0000][7][gc,start    ] GC(111) Pause Young (Normal) (G1 Evacuation Pause)
[2024-03-15T06:37:52.760+0000][7][gc,task     ] GC(111) Using 13 workers of 13 for evacuation
[2024-03-15T06:37:52.760+0000][7][gc,age      ] GC(111) Desired survivor size 41943040 bytes, new threshold 15 (max threshold 15)
[2024-03-15T06:37:52.761+0000][7][gc,age      ] GC(111) Age table with threshold 15 (max threshold 15)
[2024-03-15T06:37:52.761+0000][7][gc,age      ] GC(111) - age   1:     731512 bytes,     731512 total
[2024-03-15T06:37:52.761+0000][7][gc,age      ] GC(111) - age   2:      26376 bytes,     757888 total
[2024-03-15T06:37:52.761+0000][7][gc,age      ] GC(111) - age   3:      65368 bytes,     823256 total
[2024-03-15T06:37:52.761+0000][7][gc,age      ] GC(111) - age   4:        856 bytes,     824112 total
[2024-03-15T06:37:52.761+0000][7][gc,age      ] GC(111) - age   5:      33464 bytes,     857576 total
[2024-03-15T06:37:52.762+0000][7][gc,age      ] GC(111) - age   6:       8680 bytes,     866256 total
[2024-03-15T06:37:52.762+0000][7][gc,age      ] GC(111) - age   7:        944 bytes,     867200 total
[2024-03-15T06:37:52.762+0000][7][gc,age      ] GC(111) - age   8:       8096 bytes,     875296 total
[2024-03-15T06:37:52.762+0000][7][gc,age      ] GC(111) - age   9:       9168 bytes,     884464 total
[2024-03-15T06:37:52.762+0000][7][gc,age      ] GC(111) - age  10:      16192 bytes,     900656 total
[2024-03-15T06:37:52.762+0000][7][gc,age      ] GC(111) - age  11:        328 bytes,     900984 total
[2024-03-15T06:37:52.762+0000][7][gc,age      ] GC(111) - age  12:         72 bytes,     901056 total
[2024-03-15T06:37:52.762+0000][7][gc,age      ] GC(111) - age  13:         96 bytes,     901152 total
[2024-03-15T06:37:52.762+0000][7][gc,age      ] GC(111) - age  14:        136 bytes,     901288 total
[2024-03-15T06:37:52.762+0000][7][gc,age      ] GC(111) - age  15:        792 bytes,     902080 total
[2024-03-15T06:37:52.762+0000][7][gc,phases   ] GC(111)   Pre Evacuate Collection Set: 0.2ms
[2024-03-15T06:37:52.762+0000][7][gc,phases   ] GC(111)   Merge Heap Roots: 0.1ms
[2024-03-15T06:37:52.762+0000][7][gc,phases   ] GC(111)   Evacuate Collection Set: 0.9ms
[2024-03-15T06:37:52.762+0000][7][gc,phases   ] GC(111)   Post Evacuate Collection Set: 0.5ms
[2024-03-15T06:37:52.762+0000][7][gc,phases   ] GC(111)   Other: 0.5ms
[2024-03-15T06:37:52.762+0000][7][gc,heap     ] GC(111) Eden regions: 152->0(152)
[2024-03-15T06:37:52.762+0000][7][gc,heap     ] GC(111) Survivor regions: 1->1(20)
[2024-03-15T06:37:52.762+0000][7][gc,heap     ] GC(111) Old regions: 21->21
[2024-03-15T06:37:52.762+0000][7][gc,heap     ] GC(111) Archive regions: 2->2
[2024-03-15T06:37:52.762+0000][7][gc,heap     ] GC(111) Humongous regions: 2->2
[2024-03-15T06:37:52.762+0000][7][gc,metaspace] GC(111) Metaspace: 101198K(105680K)->101198K(105680K) NonClass: 88160K(91472K)->88160K(91472K) Class: 13038K(14208K)->13038K(14208K)
[2024-03-15T06:37:52.762+0000][7][gc          ] GC(111) Pause Young (Normal) (G1 Evacuation Pause) 701M->94M(1024M) 2.360ms
[2024-03-15T06:37:52.762+0000][7][gc,cpu      ] GC(111) User=0.00s Sys=0.00s Real=0.00s
[2024-03-15T06:37:52.762+0000][7][safepoint   ] Safepoint "G1CollectForAllocation", Time since last: 107871566545 ns, Reaching safepoint: 79119 ns, At safepoint: 2449352 ns, Total: 2528471 ns
[2024-03-15T07:33:36.959+0000][7][safepoint   ] Safepoint "Cleanup", Time since last: 3344197091919 ns, Reaching safepoint: 124807 ns, At safepoint: 3950 ns, Total: 128757 ns
[2024-03-15T08:21:40.131+0000][7][safepoint   ] Safepoint "Cleanup", Time since last: 2883171828743 ns, Reaching safepoint: 94958 ns, At safepoint: 3838 ns, Total: 98796 ns
[2024-03-15T13:22:10.437+0000][7][gc,start    ] GC(112) Pause Young (Normal) (G1 Evacuation Pause)
[2024-03-15T13:22:10.437+0000][7][gc,task     ] GC(112) Using 13 workers of 13 for evacuation
[2024-03-15T13:22:10.438+0000][7][gc,age      ] GC(112) Desired survivor size 41943040 bytes, new threshold 15 (max threshold 15)
[2024-03-15T13:22:10.439+0000][7][gc,age      ] GC(112) Age table with threshold 15 (max threshold 15)
[2024-03-15T13:22:10.439+0000][7][gc,age      ] GC(112) - age   1:     139976 bytes,     139976 total
[2024-03-15T13:22:10.439+0000][7][gc,age      ] GC(112) - age   2:     628408 bytes,     768384 total
[2024-03-15T13:22:10.440+0000][7][gc,age      ] GC(112) - age   3:      25592 bytes,     793976 total
[2024-03-15T13:22:10.440+0000][7][gc,age      ] GC(112) - age   4:      49048 bytes,     843024 total
[2024-03-15T13:22:10.440+0000][7][gc,age      ] GC(112) - age   5:        560 bytes,     843584 total
[2024-03-15T13:22:10.440+0000][7][gc,age      ] GC(112) - age   6:      33424 bytes,     877008 total
[2024-03-15T13:22:10.440+0000][7][gc,age      ] GC(112) - age   7:       8640 bytes,     885648 total
[2024-03-15T13:22:10.440+0000][7][gc,age      ] GC(112) - age   8:        944 bytes,     886592 total
[2024-03-15T13:22:10.440+0000][7][gc,age      ] GC(112) - age   9:       8096 bytes,     894688 total
[2024-03-15T13:22:10.440+0000][7][gc,age      ] GC(112) - age  10:       9168 bytes,     903856 total
[2024-03-15T13:22:10.440+0000][7][gc,age      ] GC(112) - age  11:      16192 bytes,     920048 total
[2024-03-15T13:22:10.440+0000][7][gc,age      ] GC(112) - age  12:        328 bytes,     920376 total
[2024-03-15T13:22:10.440+0000][7][gc,age      ] GC(112) - age  13:         72 bytes,     920448 total
[2024-03-15T13:22:10.440+0000][7][gc,age      ] GC(112) - age  14:         96 bytes,     920544 total
[2024-03-15T13:22:10.440+0000][7][gc,age      ] GC(112) - age  15:        136 bytes,     920680 total
[2024-03-15T13:22:10.440+0000][7][gc,phases   ] GC(112)   Pre Evacuate Collection Set: 0.2ms
[2024-03-15T13:22:10.440+0000][7][gc,phases   ] GC(112)   Merge Heap Roots: 0.1ms
[2024-03-15T13:22:10.440+0000][7][gc,phases   ] GC(112)   Evacuate Collection Set: 1.0ms
[2024-03-15T13:22:10.440+0000][7][gc,phases   ] GC(112)   Post Evacuate Collection Set: 0.5ms
[2024-03-15T13:22:10.440+0000][7][gc,phases   ] GC(112)   Other: 0.5ms
[2024-03-15T13:22:10.440+0000][7][gc,heap     ] GC(112) Eden regions: 152->0(152)
[2024-03-15T13:22:10.440+0000][7][gc,heap     ] GC(112) Survivor regions: 1->1(20)
[2024-03-15T13:22:10.440+0000][7][gc,heap     ] GC(112) Old regions: 21->21
[2024-03-15T13:22:10.440+0000][7][gc,heap     ] GC(112) Archive regions: 2->2
[2024-03-15T13:22:10.440+0000][7][gc,heap     ] GC(112) Humongous regions: 2->2
[2024-03-15T13:22:10.440+0000][7][gc,metaspace] GC(112) Metaspace: 101231K(105680K)->101231K(105680K) NonClass: 88192K(91472K)->88192K(91472K) Class: 13038K(14208K)->13038K(14208K)
[2024-03-15T13:22:10.440+0000][7][gc          ] GC(112) Pause Young (Normal) (G1 Evacuation Pause) 702M->94M(1024M) 2.509ms
[2024-03-15T13:22:10.440+0000][7][gc,cpu      ] GC(112) User=0.00s Sys=0.00s Real=0.00s
[2024-03-15T13:22:10.440+0000][7][safepoint   ] Safepoint "G1CollectForAllocation", Time since last: 18030306193630 ns, Reaching safepoint: 86645 ns, At safepoint: 2603061 ns, Total: 2689706 ns
[2024-03-15T15:14:37.827+0000][7][safepoint   ] Safepoint "Cleanup", Time since last: 6747386819245 ns, Reaching safepoint: 87943 ns, At safepoint: 2648 ns, Total: 90591 ns
[2024-03-15T20:10:15.486+0000][7][gc,start    ] GC(113) Pause Young (Normal) (G1 Evacuation Pause)
[2024-03-15T20:10:15.486+0000][7][gc,task     ] GC(113) Using 13 workers of 13 for evacuation
[2024-03-15T20:10:15.486+0000][7][gc,age      ] GC(113) Desired survivor size 41943040 bytes, new threshold 15 (max threshold 15)
[2024-03-15T20:10:15.488+0000][7][gc,age      ] GC(113) Age table with threshold 15 (max threshold 15)
[2024-03-15T20:10:15.488+0000][7][gc,age      ] GC(113) - age   1:      30472 bytes,      30472 total
[2024-03-15T20:10:15.488+0000][7][gc,age      ] GC(113) - age   2:      78576 bytes,     109048 total
[2024-03-15T20:10:15.488+0000][7][gc,age      ] GC(113) - age   3:     264568 bytes,     373616 total
[2024-03-15T20:10:15.488+0000][7][gc,age      ] GC(113) - age   4:       8216 bytes,     381832 total
[2024-03-15T20:10:15.488+0000][7][gc,age      ] GC(113) - age   5:      32464 bytes,     414296 total
[2024-03-15T20:10:15.488+0000][7][gc,age      ] GC(113) - age   6:        560 bytes,     414856 total
[2024-03-15T20:10:15.488+0000][7][gc,age      ] GC(113) - age   7:      24992 bytes,     439848 total
[2024-03-15T20:10:15.488+0000][7][gc,age      ] GC(113) - age   8:       8640 bytes,     448488 total
[2024-03-15T20:10:15.488+0000][7][gc,age      ] GC(113) - age   9:        944 bytes,     449432 total
[2024-03-15T20:10:15.488+0000][7][gc,age      ] GC(113) - age  10:         80 bytes,     449512 total
[2024-03-15T20:10:15.488+0000][7][gc,age      ] GC(113) - age  11:        992 bytes,     450504 total
[2024-03-15T20:10:15.488+0000][7][gc,age      ] GC(113) - age  12:         40 bytes,     450544 total
[2024-03-15T20:10:15.488+0000][7][gc,age      ] GC(113) - age  13:        328 bytes,     450872 total
[2024-03-15T20:10:15.488+0000][7][gc,age      ] GC(113) - age  14:         72 bytes,     450944 total
[2024-03-15T20:10:15.488+0000][7][gc,age      ] GC(113) - age  15:         96 bytes,     451040 total
[2024-03-15T20:10:15.488+0000][7][gc,phases   ] GC(113)   Pre Evacuate Collection Set: 0.2ms
[2024-03-15T20:10:15.488+0000][7][gc,phases   ] GC(113)   Merge Heap Roots: 0.1ms
[2024-03-15T20:10:15.489+0000][7][gc,phases   ] GC(113)   Evacuate Collection Set: 1.2ms
[2024-03-15T20:10:15.489+0000][7][gc,phases   ] GC(113)   Post Evacuate Collection Set: 0.5ms
[2024-03-15T20:10:15.489+0000][7][gc,phases   ] GC(113)   Other: 0.4ms
[2024-03-15T20:10:15.489+0000][7][gc,heap     ] GC(113) Eden regions: 152->0(152)
[2024-03-15T20:10:15.489+0000][7][gc,heap     ] GC(113) Survivor regions: 1->1(20)
[2024-03-15T20:10:15.489+0000][7][gc,heap     ] GC(113) Old regions: 21->21
[2024-03-15T20:10:15.489+0000][7][gc,heap     ] GC(113) Archive regions: 2->2
[2024-03-15T20:10:15.489+0000][7][gc,heap     ] GC(113) Humongous regions: 2->2
[2024-03-15T20:10:15.489+0000][7][gc,metaspace] GC(113) Metaspace: 101232K(105680K)->101232K(105680K) NonClass: 88194K(91472K)->88194K(91472K) Class: 13038K(14208K)->13038K(14208K)
[2024-03-15T20:10:15.489+0000][7][gc          ] GC(113) Pause Young (Normal) (G1 Evacuation Pause) 702M->93M(1024M) 2.593ms
[2024-03-15T20:10:15.489+0000][7][gc,cpu      ] GC(113) User=0.00s Sys=0.00s Real=0.01s
[2024-03-15T20:10:15.489+0000][7][safepoint   ] Safepoint "G1CollectForAllocation", Time since last: 17737659105002 ns, Reaching safepoint: 114803 ns, At safepoint: 2684316 ns, Total: 2799119 ns
[2024-03-16T01:00:00.585+0000][7][safepoint   ] Safepoint "Cleanup", Time since last: 17385095776285 ns, Reaching safepoint: 119571 ns, At safepoint: 3905 ns, Total: 123476 ns
[2024-03-16T03:03:53.670+0000][7][gc,start    ] GC(114) Pause Young (Normal) (G1 Evacuation Pause)
[2024-03-16T03:03:53.670+0000][7][gc,task     ] GC(114) Using 13 workers of 13 for evacuation
[2024-03-16T03:03:53.670+0000][7][gc,age      ] GC(114) Desired survivor size 41943040 bytes, new threshold 15 (max threshold 15)
[2024-03-16T03:03:53.671+0000][7][gc,age      ] GC(114) Age table with threshold 15 (max threshold 15)
[2024-03-16T03:03:53.671+0000][7][gc,age      ] GC(114) - age   1:      44624 bytes,      44624 total
[2024-03-16T03:03:53.671+0000][7][gc,age      ] GC(114) - age   2:      18000 bytes,      62624 total
[2024-03-16T03:03:53.671+0000][7][gc,age      ] GC(114) - age   3:      29280 bytes,      91904 total
[2024-03-16T03:03:53.671+0000][7][gc,age      ] GC(114) - age   4:     230960 bytes,     322864 total
[2024-03-16T03:03:53.671+0000][7][gc,age      ] GC(114) - age   5:         80 bytes,     322944 total
[2024-03-16T03:03:53.671+0000][7][gc,age      ] GC(114) - age   6:        160 bytes,     323104 total
[2024-03-16T03:03:53.671+0000][7][gc,age      ] GC(114) - age   7:        520 bytes,     323624 total
[2024-03-16T03:03:53.672+0000][7][gc,age      ] GC(114) - age   8:      24992 bytes,     348616 total
[2024-03-16T03:03:53.672+0000][7][gc,age      ] GC(114) - age   9:       8640 bytes,     357256 total
[2024-03-16T03:03:53.672+0000][7][gc,age      ] GC(114) - age  10:        944 bytes,     358200 total
[2024-03-16T03:03:53.672+0000][7][gc,age      ] GC(114) - age  11:         80 bytes,     358280 total
[2024-03-16T03:03:53.672+0000][7][gc,age      ] GC(114) - age  12:        952 bytes,     359232 total
[2024-03-16T03:03:53.672+0000][7][gc,age      ] GC(114) - age  13:         40 bytes,     359272 total
[2024-03-16T03:03:53.672+0000][7][gc,age      ] GC(114) - age  14:        328 bytes,     359600 total
[2024-03-16T03:03:53.672+0000][7][gc,age      ] GC(114) - age  15:         72 bytes,     359672 total
[2024-03-16T03:03:53.672+0000][7][gc,phases   ] GC(114)   Pre Evacuate Collection Set: 0.2ms
[2024-03-16T03:03:53.672+0000][7][gc,phases   ] GC(114)   Merge Heap Roots: 0.1ms
[2024-03-16T03:03:53.672+0000][7][gc,phases   ] GC(114)   Evacuate Collection Set: 0.8ms
[2024-03-16T03:03:53.672+0000][7][gc,phases   ] GC(114)   Post Evacuate Collection Set: 0.5ms
[2024-03-16T03:03:53.672+0000][7][gc,phases   ] GC(114)   Other: 0.5ms
[2024-03-16T03:03:53.672+0000][7][gc,heap     ] GC(114) Eden regions: 152->0(152)
[2024-03-16T03:03:53.672+0000][7][gc,heap     ] GC(114) Survivor regions: 1->1(20)
[2024-03-16T03:03:53.672+0000][7][gc,heap     ] GC(114) Old regions: 21->21
[2024-03-16T03:03:53.672+0000][7][gc,heap     ] GC(114) Archive regions: 2->2
[2024-03-16T03:03:53.672+0000][7][gc,heap     ] GC(114) Humongous regions: 2->2
[2024-03-16T03:03:53.672+0000][7][gc,metaspace] GC(114) Metaspace: 101245K(105936K)->101245K(105936K) NonClass: 88207K(91728K)->88207K(91728K) Class: 13038K(14208K)->13038K(14208K)
[2024-03-16T03:03:53.672+0000][7][gc          ] GC(114) Pause Young (Normal) (G1 Evacuation Pause) 701M->93M(1024M) 2.258ms
[2024-03-16T03:03:53.672+0000][7][gc,cpu      ] GC(114) User=0.01s Sys=0.00s Real=0.00s
[2024-03-16T03:03:53.672+0000][7][safepoint   ] Safepoint "G1CollectForAllocation", Time since last: 7433084674752 ns, Reaching safepoint: 178812 ns, At safepoint: 2353935 ns, Total: 2532747 ns
[2024-03-16T04:10:41.909+0000][7][safepoint   ] Safepoint "Cleanup", Time since last: 4008236794860 ns, Reaching safepoint: 91372 ns, At safepoint: 4327 ns, Total: 95699 ns
[2024-03-16T09:58:32.607+0000][7][gc,start    ] GC(115) Pause Young (Normal) (G1 Evacuation Pause)
[2024-03-16T09:58:32.607+0000][7][gc,task     ] GC(115) Using 13 workers of 13 for evacuation
[2024-03-16T09:58:32.607+0000][7][gc,age      ] GC(115) Desired survivor size 41943040 bytes, new threshold 15 (max threshold 15)
[2024-03-16T09:58:32.609+0000][7][gc,age      ] GC(115) Age table with threshold 15 (max threshold 15)
[2024-03-16T09:58:32.609+0000][7][gc,age      ] GC(115) - age   1:      93464 bytes,      93464 total
[2024-03-16T09:58:32.609+0000][7][gc,age      ] GC(115) - age   2:      25984 bytes,     119448 total
[2024-03-16T09:58:32.609+0000][7][gc,age      ] GC(115) - age   3:       1552 bytes,     121000 total
[2024-03-16T09:58:32.609+0000][7][gc,age      ] GC(115) - age   4:       2176 bytes,     123176 total
[2024-03-16T09:58:32.609+0000][7][gc,age      ] GC(115) - age   5:     230920 bytes,     354096 total
[2024-03-16T09:58:32.609+0000][7][gc,age      ] GC(115) - age   6:         40 bytes,     354136 total
[2024-03-16T09:58:32.609+0000][7][gc,age      ] GC(115) - age   7:        120 bytes,     354256 total
[2024-03-16T09:58:32.609+0000][7][gc,age      ] GC(115) - age   8:        224 bytes,     354480 total
[2024-03-16T09:58:32.609+0000][7][gc,age      ] GC(115) - age   9:        824 bytes,     355304 total
[2024-03-16T09:58:32.609+0000][7][gc,age      ] GC(115) - age  10:        504 bytes,     355808 total
[2024-03-16T09:58:32.609+0000][7][gc,age      ] GC(115) - age  11:        944 bytes,     356752 total
[2024-03-16T09:58:32.609+0000][7][gc,age      ] GC(115) - age  12:         80 bytes,     356832 total
[2024-03-16T09:58:32.609+0000][7][gc,age      ] GC(115) - age  13:        952 bytes,     357784 total
[2024-03-16T09:58:32.609+0000][7][gc,age      ] GC(115) - age  14:         40 bytes,     357824 total
[2024-03-16T09:58:32.609+0000][7][gc,age      ] GC(115) - age  15:        328 bytes,     358152 total
[2024-03-16T09:58:32.609+0000][7][gc,phases   ] GC(115)   Pre Evacuate Collection Set: 0.1ms
[2024-03-16T09:58:32.609+0000][7][gc,phases   ] GC(115)   Merge Heap Roots: 0.1ms
[2024-03-16T09:58:32.609+0000][7][gc,phases   ] GC(115)   Evacuate Collection Set: 1.2ms
[2024-03-16T09:58:32.609+0000][7][gc,phases   ] GC(115)   Post Evacuate Collection Set: 0.5ms
[2024-03-16T09:58:32.609+0000][7][gc,phases   ] GC(115)   Other: 0.4ms
[2024-03-16T09:58:32.609+0000][7][gc,heap     ] GC(115) Eden regions: 152->0(152)
[2024-03-16T09:58:32.609+0000][7][gc,heap     ] GC(115) Survivor regions: 1->1(20)
[2024-03-16T09:58:32.609+0000][7][gc,heap     ] GC(115) Old regions: 21->21
[2024-03-16T09:58:32.609+0000][7][gc,heap     ] GC(115) Archive regions: 2->2
[2024-03-16T09:58:32.609+0000][7][gc,heap     ] GC(115) Humongous regions: 2->2
[2024-03-16T09:58:32.609+0000][7][gc,metaspace] GC(115) Metaspace: 101245K(105936K)->101245K(105936K) NonClass: 88207K(91728K)->88207K(91728K) Class: 13038K(14208K)->13038K(14208K)
[2024-03-16T09:58:32.609+0000][7][gc          ] GC(115) Pause Young (Normal) (G1 Evacuation Pause) 701M->93M(1024M) 2.542ms
[2024-03-16T09:58:32.609+0000][7][gc,cpu      ] GC(115) User=0.01s Sys=0.00s Real=0.00s
[2024-03-16T09:58:32.609+0000][7][safepoint   ] Safepoint "G1CollectForAllocation", Time since last: 20870698049750 ns, Reaching safepoint: 90665 ns, At safepoint: 2629850 ns, Total: 2720515 ns
[2024-03-16T16:51:04.303+0000][7][gc,start    ] GC(116) Pause Young (Normal) (G1 Evacuation Pause)
[2024-03-16T16:51:04.303+0000][7][gc,task     ] GC(116) Using 13 workers of 13 for evacuation
[2024-03-16T16:51:04.303+0000][7][gc,age      ] GC(116) Desired survivor size 41943040 bytes, new threshold 15 (max threshold 15)
[2024-03-16T16:51:04.304+0000][7][gc,age      ] GC(116) Age table with threshold 15 (max threshold 15)
[2024-03-16T16:51:04.304+0000][7][gc,age      ] GC(116) - age   1:     136056 bytes,     136056 total
[2024-03-16T16:51:04.304+0000][7][gc,age      ] GC(116) - age   2:      65384 bytes,     201440 total
[2024-03-16T16:51:04.304+0000][7][gc,age      ] GC(116) - age   3:      25672 bytes,     227112 total
[2024-03-16T16:51:04.304+0000][7][gc,age      ] GC(116) - age   4:       1472 bytes,     228584 total
[2024-03-16T16:51:04.304+0000][7][gc,age      ] GC(116) - age   5:       2136 bytes,     230720 total
[2024-03-16T16:51:04.304+0000][7][gc,age      ] GC(116) - age   6:     230840 bytes,     461560 total
[2024-03-16T16:51:04.304+0000][7][gc,age      ] GC(116) - age   7:         40 bytes,     461600 total
[2024-03-16T16:51:04.304+0000][7][gc,age      ] GC(116) - age   9:        184 bytes,     461784 total
[2024-03-16T16:51:04.304+0000][7][gc,age      ] GC(116) - age  10:        824 bytes,     462608 total
[2024-03-16T16:51:04.304+0000][7][gc,age      ] GC(116) - age  11:        464 bytes,     463072 total
[2024-03-16T16:51:04.304+0000][7][gc,age      ] GC(116) - age  12:        944 bytes,     464016 total
[2024-03-16T16:51:04.304+0000][7][gc,age      ] GC(116) - age  13:         80 bytes,     464096 total
[2024-03-16T16:51:04.304+0000][7][gc,age      ] GC(116) - age  14:        952 bytes,     465048 total
[2024-03-16T16:51:04.304+0000][7][gc,phases   ] GC(116)   Pre Evacuate Collection Set: 0.1ms
[2024-03-16T16:51:04.304+0000][7][gc,phases   ] GC(116)   Merge Heap Roots: 0.1ms
[2024-03-16T16:51:04.304+0000][7][gc,phases   ] GC(116)   Evacuate Collection Set: 0.5ms
[2024-03-16T16:51:04.304+0000][7][gc,phases   ] GC(116)   Post Evacuate Collection Set: 0.5ms
[2024-03-16T16:51:04.304+0000][7][gc,phases   ] GC(116)   Other: 0.4ms
[2024-03-16T16:51:04.304+0000][7][gc,heap     ] GC(116) Eden regions: 152->0(152)
[2024-03-16T16:51:04.304+0000][7][gc,heap     ] GC(116) Survivor regions: 1->1(20)
[2024-03-16T16:51:04.304+0000][7][gc,heap     ] GC(116) Old regions: 21->21
[2024-03-16T16:51:04.305+0000][7][gc,heap     ] GC(116) Archive regions: 2->2
[2024-03-16T16:51:04.305+0000][7][gc,heap     ] GC(116) Humongous regions: 2->2
[2024-03-16T16:51:04.305+0000][7][gc,metaspace] GC(116) Metaspace: 101246K(105936K)->101246K(105936K) NonClass: 88207K(91728K)->88207K(91728K) Class: 13038K(14208K)->13038K(14208K)
[2024-03-16T16:51:04.305+0000][7][gc          ] GC(116) Pause Young (Normal) (G1 Evacuation Pause) 701M->93M(1024M) 1.822ms
[2024-03-16T16:51:04.305+0000][7][gc,cpu      ] GC(116) User=0.01s Sys=0.01s Real=0.00s
[2024-03-16T16:51:04.305+0000][7][safepoint   ] Safepoint "G1CollectForAllocation", Time since last: 24751693071464 ns, Reaching safepoint: 130347 ns, At safepoint: 1967307 ns, Total: 2097654 ns
[2024-03-16T23:43:09.700+0000][7][gc,start    ] GC(117) Pause Young (Normal) (G1 Evacuation Pause)
[2024-03-16T23:43:09.700+0000][7][gc,task     ] GC(117) Using 13 workers of 13 for evacuation
[2024-03-16T23:43:09.700+0000][7][gc,age      ] GC(117) Desired survivor size 41943040 bytes, new threshold 15 (max threshold 15)
[2024-03-16T23:43:09.702+0000][7][gc,age      ] GC(117) Age table with threshold 15 (max threshold 15)
[2024-03-16T23:43:09.702+0000][7][gc,age      ] GC(117) - age   1:      61472 bytes,      61472 total
[2024-03-16T23:43:09.702+0000][7][gc,age      ] GC(117) - age   2:     114256 bytes,     175728 total
[2024-03-16T23:43:09.702+0000][7][gc,age      ] GC(117) - age   3:      49232 bytes,     224960 total
[2024-03-16T23:43:09.702+0000][7][gc,age      ] GC(117) - age   4:      25360 bytes,     250320 total
[2024-03-16T23:43:09.702+0000][7][gc,age      ] GC(117) - age   5:       1432 bytes,     251752 total
[2024-03-16T23:43:09.702+0000][7][gc,age      ] GC(117) - age   6:       1800 bytes,     253552 total
[2024-03-16T23:43:09.702+0000][7][gc,age      ] GC(117) - age   7:     230840 bytes,     484392 total
[2024-03-16T23:43:09.702+0000][7][gc,age      ] GC(117) - age  10:        184 bytes,     484576 total
[2024-03-16T23:43:09.702+0000][7][gc,age      ] GC(117) - age  11:        784 bytes,     485360 total
[2024-03-16T23:43:09.702+0000][7][gc,age      ] GC(117) - age  12:        464 bytes,     485824 total
[2024-03-16T23:43:09.702+0000][7][gc,age      ] GC(117) - age  13:        944 bytes,     486768 total
[2024-03-16T23:43:09.702+0000][7][gc,age      ] GC(117) - age  14:         80 bytes,     486848 total
[2024-03-16T23:43:09.702+0000][7][gc,age      ] GC(117) - age  15:        952 bytes,     487800 total
[2024-03-16T23:43:09.702+0000][7][gc,phases   ] GC(117)   Pre Evacuate Collection Set: 0.2ms
[2024-03-16T23:43:09.702+0000][7][gc,phases   ] GC(117)   Merge Heap Roots: 0.1ms
[2024-03-16T23:43:09.702+0000][7][gc,phases   ] GC(117)   Evacuate Collection Set: 0.6ms
[2024-03-16T23:43:09.702+0000][7][gc,phases   ] GC(117)   Post Evacuate Collection Set: 0.6ms
[2024-03-16T23:43:09.702+0000][7][gc,phases   ] GC(117)   Other: 0.4ms
[2024-03-16T23:43:09.702+0000][7][gc,heap     ] GC(117) Eden regions: 152->0(152)
[2024-03-16T23:43:09.702+0000][7][gc,heap     ] GC(117) Survivor regions: 1->1(20)
[2024-03-16T23:43:09.702+0000][7][gc,heap     ] GC(117) Old regions: 21->21
[2024-03-16T23:43:09.702+0000][7][gc,heap     ] GC(117) Archive regions: 2->2
[2024-03-16T23:43:09.702+0000][7][gc,heap     ] GC(117) Humongous regions: 2->2
[2024-03-16T23:43:09.702+0000][7][gc,metaspace] GC(117) Metaspace: 101247K(105936K)->101247K(105936K) NonClass: 88209K(91728K)->88209K(91728K) Class: 13038K(14208K)->13038K(14208K)
[2024-03-16T23:43:09.702+0000][7][gc          ] GC(117) Pause Young (Normal) (G1 Evacuation Pause) 701M->93M(1024M) 2.079ms
[2024-03-16T23:43:09.702+0000][7][gc,cpu      ] GC(117) User=0.00s Sys=0.00s Real=0.00s
[2024-03-16T23:43:09.702+0000][7][safepoint   ] Safepoint "G1CollectForAllocation", Time since last: 24725395362774 ns, Reaching safepoint: 116428 ns, At safepoint: 2171065 ns, Total: 2287493 ns
[2024-03-17T01:00:00.973+0000][7][safepoint   ] Safepoint "Cleanup", Time since last: 4611270111917 ns, Reaching safepoint: 119641 ns, At safepoint: 4267 ns, Total: 123908 ns
[2024-03-17T06:37:38.730+0000][7][gc,start    ] GC(118) Pause Young (Normal) (G1 Evacuation Pause)
[2024-03-17T06:37:38.730+0000][7][gc,task     ] GC(118) Using 13 workers of 13 for evacuation
[2024-03-17T06:37:38.730+0000][7][gc,age      ] GC(118) Desired survivor size 41943040 bytes, new threshold 15 (max threshold 15)
[2024-03-17T06:37:38.732+0000][7][gc,age      ] GC(118) Age table with threshold 15 (max threshold 15)
[2024-03-17T06:37:38.732+0000][7][gc,age      ] GC(118) - age   1:      38328 bytes,      38328 total
[2024-03-17T06:37:38.732+0000][7][gc,age      ] GC(118) - age   2:      16624 bytes,      54952 total
[2024-03-17T06:37:38.732+0000][7][gc,age      ] GC(118) - age   3:      16904 bytes,      71856 total
[2024-03-17T06:37:38.732+0000][7][gc,age      ] GC(118) - age   4:      16512 bytes,      88368 total
[2024-03-17T06:37:38.732+0000][7][gc,age      ] GC(118) - age   5:      24704 bytes,     113072 total
[2024-03-17T06:37:38.732+0000][7][gc,age      ] GC(118) - age   6:       1432 bytes,     114504 total
[2024-03-17T06:37:38.732+0000][7][gc,age      ] GC(118) - age   7:       1600 bytes,     116104 total
[2024-03-17T06:37:38.732+0000][7][gc,age      ] GC(118) - age   8:     230800 bytes,     346904 total
[2024-03-17T06:37:38.732+0000][7][gc,age      ] GC(118) - age  11:        184 bytes,     347088 total
[2024-03-17T06:37:38.732+0000][7][gc,age      ] GC(118) - age  12:        784 bytes,     347872 total
[2024-03-17T06:37:38.732+0000][7][gc,age      ] GC(118) - age  13:        464 bytes,     348336 total
[2024-03-17T06:37:38.732+0000][7][gc,age      ] GC(118) - age  14:        944 bytes,     349280 total
[2024-03-17T06:37:38.732+0000][7][gc,age      ] GC(118) - age  15:         80 bytes,     349360 total
[2024-03-17T06:37:38.732+0000][7][gc,phases   ] GC(118)   Pre Evacuate Collection Set: 0.1ms
[2024-03-17T06:37:38.732+0000][7][gc,phases   ] GC(118)   Merge Heap Roots: 0.1ms
[2024-03-17T06:37:38.732+0000][7][gc,phases   ] GC(118)   Evacuate Collection Set: 0.6ms
[2024-03-17T06:37:38.732+0000][7][gc,phases   ] GC(118)   Post Evacuate Collection Set: 0.6ms
[2024-03-17T06:37:38.732+0000][7][gc,phases   ] GC(118)   Other: 0.4ms
[2024-03-17T06:37:38.732+0000][7][gc,heap     ] GC(118) Eden regions: 152->0(152)
[2024-03-17T06:37:38.732+0000][7][gc,heap     ] GC(118) Survivor regions: 1->1(20)
[2024-03-17T06:37:38.732+0000][7][gc,heap     ] GC(118) Old regions: 21->21
[2024-03-17T06:37:38.732+0000][7][gc,heap     ] GC(118) Archive regions: 2->2
[2024-03-17T06:37:38.732+0000][7][gc,heap     ] GC(118) Humongous regions: 2->2
[2024-03-17T06:37:38.732+0000][7][gc,metaspace] GC(118) Metaspace: 101249K(105936K)->101249K(105936K) NonClass: 88210K(91728K)->88210K(91728K) Class: 13038K(14208K)->13038K(14208K)
[2024-03-17T06:37:38.732+0000][7][gc          ] GC(118) Pause Young (Normal) (G1 Evacuation Pause) 701M->93M(1024M) 1.988ms
[2024-03-17T06:37:38.732+0000][7][gc,cpu      ] GC(118) User=0.01s Sys=0.00s Real=0.00s
[2024-03-17T06:37:38.732+0000][7][safepoint   ] Safepoint "G1CollectForAllocation", Time since last: 20257757515893 ns, Reaching safepoint: 123932 ns, At safepoint: 2076861 ns, Total: 2200793 ns
[2024-03-17T08:56:05.223+0000][7][safepoint   ] Safepoint "Cleanup", Time since last: 8306490611987 ns, Reaching safepoint: 86770 ns, At safepoint: 7942 ns, Total: 94712 ns
[2024-03-17T13:31:22.889+0000][7][gc,start    ] GC(119) Pause Young (Normal) (G1 Evacuation Pause)
[2024-03-17T13:31:22.889+0000][7][gc,task     ] GC(119) Using 13 workers of 13 for evacuation
[2024-03-17T13:31:22.889+0000][7][gc,age      ] GC(119) Desired survivor size 41943040 bytes, new threshold 15 (max threshold 15)
[2024-03-17T13:31:22.892+0000][7][gc,age      ] GC(119) Age table with threshold 15 (max threshold 15)
[2024-03-17T13:31:22.892+0000][7][gc,age      ] GC(119) - age   1:     152056 bytes,     152056 total
[2024-03-17T13:31:22.892+0000][7][gc,age      ] GC(119) - age   2:      10240 bytes,     162296 total
[2024-03-17T13:31:22.892+0000][7][gc,age      ] GC(119) - age   3:         40 bytes,     162336 total
[2024-03-17T13:31:22.892+0000][7][gc,age      ] GC(119) - age   4:      16312 bytes,     178648 total
[2024-03-17T13:31:22.892+0000][7][gc,age      ] GC(119) - age   5:        280 bytes,     178928 total
[2024-03-17T13:31:22.892+0000][7][gc,age      ] GC(119) - age   6:        120 bytes,     179048 total
[2024-03-17T13:31:22.892+0000][7][gc,age      ] GC(119) - age   7:        168 bytes,     179216 total
[2024-03-17T13:31:22.892+0000][7][gc,age      ] GC(119) - age   8:       1600 bytes,     180816 total
[2024-03-17T13:31:22.892+0000][7][gc,age      ] GC(119) - age   9:     230800 bytes,     411616 total
[2024-03-17T13:31:22.892+0000][7][gc,age      ] GC(119) - age  12:        184 bytes,     411800 total
[2024-03-17T13:31:22.892+0000][7][gc,age      ] GC(119) - age  13:        784 bytes,     412584 total
[2024-03-17T13:31:22.892+0000][7][gc,age      ] GC(119) - age  14:        464 bytes,     413048 total
[2024-03-17T13:31:22.892+0000][7][gc,age      ] GC(119) - age  15:        944 bytes,     413992 total
[2024-03-17T13:31:22.892+0000][7][gc,phases   ] GC(119)   Pre Evacuate Collection Set: 0.1ms
[2024-03-17T13:31:22.892+0000][7][gc,phases   ] GC(119)   Merge Heap Roots: 0.1ms
[2024-03-17T13:31:22.892+0000][7][gc,phases   ] GC(119)   Evacuate Collection Set: 1.9ms
[2024-03-17T13:31:22.892+0000][7][gc,phases   ] GC(119)   Post Evacuate Collection Set: 0.6ms
[2024-03-17T13:31:22.892+0000][7][gc,phases   ] GC(119)   Other: 0.5ms
[2024-03-17T13:31:22.892+0000][7][gc,heap     ] GC(119) Eden regions: 152->0(152)
[2024-03-17T13:31:22.892+0000][7][gc,heap     ] GC(119) Survivor regions: 1->1(20)
[2024-03-17T13:31:22.892+0000][7][gc,heap     ] GC(119) Old regions: 21->21
[2024-03-17T13:31:22.892+0000][7][gc,heap     ] GC(119) Archive regions: 2->2
[2024-03-17T13:31:22.892+0000][7][gc,heap     ] GC(119) Humongous regions: 2->2
[2024-03-17T13:31:22.892+0000][7][gc,metaspace] GC(119) Metaspace: 101249K(105936K)->101249K(105936K) NonClass: 88210K(91728K)->88210K(91728K) Class: 13038K(14208K)->13038K(14208K)
[2024-03-17T13:31:22.892+0000][7][gc          ] GC(119) Pause Young (Normal) (G1 Evacuation Pause) 701M->93M(1024M) 3.372ms
[2024-03-17T13:31:22.892+0000][7][gc,cpu      ] GC(119) User=0.01s Sys=0.00s Real=0.00s
[2024-03-17T13:31:22.892+0000][7][safepoint   ] Safepoint "G1CollectForAllocation", Time since last: 16517665771855 ns, Reaching safepoint: 88627 ns, At safepoint: 3480977 ns, Total: 3569604 ns
[2024-03-17T20:24:07.868+0000][7][gc,start    ] GC(120) Pause Young (Normal) (G1 Evacuation Pause)
[2024-03-17T20:24:07.868+0000][7][gc,task     ] GC(120) Using 13 workers of 13 for evacuation
[2024-03-17T20:24:07.868+0000][7][gc,age      ] GC(120) Desired survivor size 41943040 bytes, new threshold 15 (max threshold 15)
[2024-03-17T20:24:07.871+0000][7][gc,age      ] GC(120) Age table with threshold 15 (max threshold 15)
[2024-03-17T20:24:07.871+0000][7][gc,age      ] GC(120) - age   1:      93872 bytes,      93872 total
[2024-03-17T20:24:07.871+0000][7][gc,age      ] GC(120) - age   2:      18640 bytes,     112512 total
[2024-03-17T20:24:07.871+0000][7][gc,age      ] GC(120) - age   3:       1456 bytes,     113968 total
[2024-03-17T20:24:07.871+0000][7][gc,age      ] GC(120) - age   5:         80 bytes,     114048 total
[2024-03-17T20:24:07.871+0000][7][gc,age      ] GC(120) - age   6:        240 bytes,     114288 total
[2024-03-17T20:24:07.871+0000][7][gc,age      ] GC(120) - age   7:         80 bytes,     114368 total
[2024-03-17T20:24:07.871+0000][7][gc,age      ] GC(120) - age   8:        168 bytes,     114536 total
[2024-03-17T20:24:07.871+0000][7][gc,age      ] GC(120) - age   9:       1600 bytes,     116136 total
[2024-03-17T20:24:07.871+0000][7][gc,age      ] GC(120) - age  10:     230800 bytes,     346936 total
[2024-03-17T20:24:07.871+0000][7][gc,age      ] GC(120) - age  13:        184 bytes,     347120 total
[2024-03-17T20:24:07.871+0000][7][gc,age      ] GC(120) - age  14:        784 bytes,     347904 total
[2024-03-17T20:24:07.871+0000][7][gc,age      ] GC(120) - age  15:        464 bytes,     348368 total
[2024-03-17T20:24:07.871+0000][7][gc,phases   ] GC(120)   Pre Evacuate Collection Set: 0.1ms
[2024-03-17T20:24:07.871+0000][7][gc,phases   ] GC(120)   Merge Heap Roots: 0.2ms
[2024-03-17T20:24:07.871+0000][7][gc,phases   ] GC(120)   Evacuate Collection Set: 1.8ms
[2024-03-17T20:24:07.871+0000][7][gc,phases   ] GC(120)   Post Evacuate Collection Set: 0.5ms
[2024-03-17T20:24:07.871+0000][7][gc,phases   ] GC(120)   Other: 0.4ms
[2024-03-17T20:24:07.871+0000][7][gc,heap     ] GC(120) Eden regions: 152->0(152)
[2024-03-17T20:24:07.871+0000][7][gc,heap     ] GC(120) Survivor regions: 1->1(20)
[2024-03-17T20:24:07.871+0000][7][gc,heap     ] GC(120) Old regions: 21->21
[2024-03-17T20:24:07.871+0000][7][gc,heap     ] GC(120) Archive regions: 2->2
[2024-03-17T20:24:07.871+0000][7][gc,heap     ] GC(120) Humongous regions: 2->2
[2024-03-17T20:24:07.871+0000][7][gc,metaspace] GC(120) Metaspace: 101249K(105936K)->101249K(105936K) NonClass: 88210K(91728K)->88210K(91728K) Class: 13038K(14208K)->13038K(14208K)
[2024-03-17T20:24:07.871+0000][7][gc          ] GC(120) Pause Young (Normal) (G1 Evacuation Pause) 701M->93M(1024M) 3.119ms
[2024-03-17T20:24:07.871+0000][7][gc,cpu      ] GC(120) User=0.01s Sys=0.00s Real=0.00s
[2024-03-17T20:24:07.871+0000][7][safepoint   ] Safepoint "G1CollectForAllocation", Time since last: 24764975584420 ns, Reaching safepoint: 110259 ns, At safepoint: 3217633 ns, Total: 3327892 ns
[2024-03-17T22:37:43.346+0000][7][safepoint   ] Safepoint "Cleanup", Time since last: 8015475094257 ns, Reaching safepoint: 89692 ns, At safepoint: 3899 ns, Total: 93591 ns
[2024-03-17T22:37:44.347+0000][7][safepoint   ] Safepoint "Cleanup", Time since last: 1000155744 ns, Reaching safepoint: 112820 ns, At safepoint: 4230 ns, Total: 117050 ns
[2024-03-18T02:47:40.235+0000][7][safepoint   ] Safepoint "Cleanup", Time since last: 14995888201869 ns, Reaching safepoint: 89667 ns, At safepoint: 3648 ns, Total: 93315 ns
[2024-03-18T03:16:55.779+0000][7][gc,start    ] GC(121) Pause Young (Normal) (G1 Evacuation Pause)
[2024-03-18T03:16:55.780+0000][7][gc,task     ] GC(121) Using 13 workers of 13 for evacuation
[2024-03-18T03:16:55.780+0000][7][gc,age      ] GC(121) Desired survivor size 41943040 bytes, new threshold 15 (max threshold 15)
[2024-03-18T03:16:55.781+0000][7][gc,age      ] GC(121) Age table with threshold 15 (max threshold 15)
[2024-03-18T03:16:55.781+0000][7][gc,age      ] GC(121) - age   1:     100256 bytes,     100256 total
[2024-03-18T03:16:55.781+0000][7][gc,age      ] GC(121) - age   2:      49304 bytes,     149560 total
[2024-03-18T03:16:55.781+0000][7][gc,age      ] GC(121) - age   3:        768 bytes,     150328 total
[2024-03-18T03:16:55.782+0000][7][gc,age      ] GC(121) - age   4:        752 bytes,     151080 total
[2024-03-18T03:16:55.782+0000][7][gc,age      ] GC(121) - age   6:         80 bytes,     151160 total
[2024-03-18T03:16:55.782+0000][7][gc,age      ] GC(121) - age   7:        200 bytes,     151360 total
[2024-03-18T03:16:55.782+0000][7][gc,age      ] GC(121) - age   8:         80 bytes,     151440 total
[2024-03-18T03:16:55.782+0000][7][gc,age      ] GC(121) - age   9:        168 bytes,     151608 total
[2024-03-18T03:16:55.782+0000][7][gc,age      ] GC(121) - age  10:       1248 bytes,     152856 total
[2024-03-18T03:16:55.782+0000][7][gc,age      ] GC(121) - age  11:     230800 bytes,     383656 total
[2024-03-18T03:16:55.782+0000][7][gc,age      ] GC(121) - age  14:        184 bytes,     383840 total
[2024-03-18T03:16:55.782+0000][7][gc,age      ] GC(121) - age  15:        744 bytes,     384584 total
[2024-03-18T03:16:55.782+0000][7][gc,phases   ] GC(121)   Pre Evacuate Collection Set: 0.2ms
[2024-03-18T03:16:55.782+0000][7][gc,phases   ] GC(121)   Merge Heap Roots: 0.1ms
[2024-03-18T03:16:55.782+0000][7][gc,phases   ] GC(121)   Evacuate Collection Set: 0.9ms
[2024-03-18T03:16:55.782+0000][7][gc,phases   ] GC(121)   Post Evacuate Collection Set: 0.5ms
[2024-03-18T03:16:55.782+0000][7][gc,phases   ] GC(121)   Other: 0.5ms
[2024-03-18T03:16:55.782+0000][7][gc,heap     ] GC(121) Eden regions: 152->0(152)
[2024-03-18T03:16:55.782+0000][7][gc,heap     ] GC(121) Survivor regions: 1->1(20)
[2024-03-18T03:16:55.782+0000][7][gc,heap     ] GC(121) Old regions: 21->21
[2024-03-18T03:16:55.782+0000][7][gc,heap     ] GC(121) Archive regions: 2->2
[2024-03-18T03:16:55.782+0000][7][gc,heap     ] GC(121) Humongous regions: 2->2
[2024-03-18T03:16:55.782+0000][7][gc,metaspace] GC(121) Metaspace: 101254K(105936K)->101254K(105936K) NonClass: 88216K(91728K)->88216K(91728K) Class: 13038K(14208K)->13038K(14208K)
[2024-03-18T03:16:55.782+0000][7][gc          ] GC(121) Pause Young (Normal) (G1 Evacuation Pause) 701M->93M(1024M) 2.298ms
[2024-03-18T03:16:55.782+0000][7][gc,cpu      ] GC(121) User=0.00s Sys=0.00s Real=0.00s
[2024-03-18T03:16:55.782+0000][7][safepoint   ] Safepoint "G1CollectForAllocation", Time since last: 1755544377044 ns, Reaching safepoint: 86748 ns, At safepoint: 2387117 ns, Total: 2473865 ns
[2024-03-18T10:08:26.079+0000][7][gc,start    ] GC(122) Pause Young (Normal) (G1 Evacuation Pause)
[2024-03-18T10:08:26.079+0000][7][gc,task     ] GC(122) Using 13 workers of 13 for evacuation
[2024-03-18T10:08:26.079+0000][7][gc,age      ] GC(122) Desired survivor size 41943040 bytes, new threshold 15 (max threshold 15)
[2024-03-18T10:08:26.081+0000][7][gc,age      ] GC(122) Age table with threshold 15 (max threshold 15)
[2024-03-18T10:08:26.082+0000][7][gc,age      ] GC(122) - age   1:     237280 bytes,     237280 total
[2024-03-18T10:08:26.082+0000][7][gc,age      ] GC(122) - age   2:      67656 bytes,     304936 total
[2024-03-18T10:08:26.082+0000][7][gc,age      ] GC(122) - age   3:      49224 bytes,     354160 total
[2024-03-18T10:08:26.082+0000][7][gc,age      ] GC(122) - age   4:        512 bytes,     354672 total
[2024-03-18T10:08:26.082+0000][7][gc,age      ] GC(122) - age   5:        512 bytes,     355184 total
[2024-03-18T10:08:26.082+0000][7][gc,age      ] GC(122) - age   8:        200 bytes,     355384 total
[2024-03-18T10:08:26.082+0000][7][gc,age      ] GC(122) - age   9:         40 bytes,     355424 total
[2024-03-18T10:08:26.082+0000][7][gc,age      ] GC(122) - age  10:        168 bytes,     355592 total
[2024-03-18T10:08:26.082+0000][7][gc,age      ] GC(122) - age  11:       1056 bytes,     356648 total
[2024-03-18T10:08:26.082+0000][7][gc,age      ] GC(122) - age  12:     230680 bytes,     587328 total
[2024-03-18T10:08:26.082+0000][7][gc,age      ] GC(122) - age  15:        184 bytes,     587512 total
[2024-03-18T10:08:26.082+0000][7][gc,phases   ] GC(122)   Pre Evacuate Collection Set: 0.1ms
[2024-03-18T10:08:26.082+0000][7][gc,phases   ] GC(122)   Merge Heap Roots: 0.1ms
[2024-03-18T10:08:26.082+0000][7][gc,phases   ] GC(122)   Evacuate Collection Set: 1.2ms
[2024-03-18T10:08:26.082+0000][7][gc,phases   ] GC(122)   Post Evacuate Collection Set: 0.6ms
[2024-03-18T10:08:26.082+0000][7][gc,phases   ] GC(122)   Other: 0.5ms
[2024-03-18T10:08:26.082+0000][7][gc,heap     ] GC(122) Eden regions: 152->0(152)
[2024-03-18T10:08:26.082+0000][7][gc,heap     ] GC(122) Survivor regions: 1->1(20)
[2024-03-18T10:08:26.082+0000][7][gc,heap     ] GC(122) Old regions: 21->21
[2024-03-18T10:08:26.082+0000][7][gc,heap     ] GC(122) Archive regions: 2->2
[2024-03-18T10:08:26.082+0000][7][gc,heap     ] GC(122) Humongous regions: 2->2
[2024-03-18T10:08:26.082+0000][7][gc,metaspace] GC(122) Metaspace: 101258K(105936K)->101258K(105936K) NonClass: 88220K(91728K)->88220K(91728K) Class: 13038K(14208K)->13038K(14208K)
[2024-03-18T10:08:26.082+0000][7][gc          ] GC(122) Pause Young (Normal) (G1 Evacuation Pause) 701M->93M(1024M) 2.667ms
[2024-03-18T10:08:26.082+0000][7][gc,cpu      ] GC(122) User=0.01s Sys=0.00s Real=0.00s
[2024-03-18T10:08:26.082+0000][7][safepoint   ] Safepoint "G1CollectForAllocation", Time since last: 24690297271164 ns, Reaching safepoint: 81793 ns, At safepoint: 2761735 ns, Total: 2843528 ns
[2024-03-18T17:01:35.070+0000][7][gc,start    ] GC(123) Pause Young (Normal) (G1 Evacuation Pause)
[2024-03-18T17:01:35.071+0000][7][gc,task     ] GC(123) Using 13 workers of 13 for evacuation
[2024-03-18T17:01:35.071+0000][7][gc,age      ] GC(123) Desired survivor size 41943040 bytes, new threshold 15 (max threshold 15)
[2024-03-18T17:01:35.072+0000][7][gc,age      ] GC(123) Age table with threshold 15 (max threshold 15)
[2024-03-18T17:01:35.072+0000][7][gc,age      ] GC(123) - age   1:      54456 bytes,      54456 total
[2024-03-18T17:01:35.072+0000][7][gc,age      ] GC(123) - age   2:      91152 bytes,     145608 total
[2024-03-18T17:01:35.072+0000][7][gc,age      ] GC(123) - age   3:      67616 bytes,     213224 total
[2024-03-18T17:01:35.072+0000][7][gc,age      ] GC(123) - age   4:      49224 bytes,     262448 total
[2024-03-18T17:01:35.072+0000][7][gc,age      ] GC(123) - age   5:        472 bytes,     262920 total
[2024-03-18T17:01:35.072+0000][7][gc,age      ] GC(123) - age   6:        512 bytes,     263432 total
[2024-03-18T17:01:35.072+0000][7][gc,age      ] GC(123) - age   9:        200 bytes,     263632 total
[2024-03-18T17:01:35.072+0000][7][gc,age      ] GC(123) - age  10:         40 bytes,     263672 total
[2024-03-18T17:01:35.072+0000][7][gc,age      ] GC(123) - age  11:        168 bytes,     263840 total
[2024-03-18T17:01:35.072+0000][7][gc,age      ] GC(123) - age  12:       1056 bytes,     264896 total
[2024-03-18T17:01:35.072+0000][7][gc,age      ] GC(123) - age  13:     230680 bytes,     495576 total
[2024-03-18T17:01:35.073+0000][7][gc,phases   ] GC(123)   Pre Evacuate Collection Set: 0.2ms
[2024-03-18T17:01:35.073+0000][7][gc,phases   ] GC(123)   Merge Heap Roots: 0.1ms
[2024-03-18T17:01:35.073+0000][7][gc,phases   ] GC(123)   Evacuate Collection Set: 0.8ms
[2024-03-18T17:01:35.073+0000][7][gc,phases   ] GC(123)   Post Evacuate Collection Set: 0.5ms
[2024-03-18T17:01:35.073+0000][7][gc,phases   ] GC(123)   Other: 0.5ms
[2024-03-18T17:01:35.073+0000][7][gc,heap     ] GC(123) Eden regions: 152->0(152)
[2024-03-18T17:01:35.073+0000][7][gc,heap     ] GC(123) Survivor regions: 1->1(20)
[2024-03-18T17:01:35.073+0000][7][gc,heap     ] GC(123) Old regions: 21->21
[2024-03-18T17:01:35.073+0000][7][gc,heap     ] GC(123) Archive regions: 2->2
[2024-03-18T17:01:35.073+0000][7][gc,heap     ] GC(123) Humongous regions: 2->2
[2024-03-18T17:01:35.073+0000][7][gc,metaspace] GC(123) Metaspace: 101258K(105936K)->101258K(105936K) NonClass: 88220K(91728K)->88220K(91728K) Class: 13038K(14208K)->13038K(14208K)
[2024-03-18T17:01:35.073+0000][7][gc          ] GC(123) Pause Young (Normal) (G1 Evacuation Pause) 701M->93M(1024M) 2.232ms
[2024-03-18T17:01:35.073+0000][7][gc,cpu      ] GC(123) User=0.00s Sys=0.00s Real=0.00s
[2024-03-18T17:01:35.073+0000][7][safepoint   ] Safepoint "G1CollectForAllocation", Time since last: 24788988344001 ns, Reaching safepoint: 148556 ns, At safepoint: 2329774 ns, Total: 2478330 ns
[2024-03-18T19:45:52.667+0000][7][safepoint   ] Safepoint "Cleanup", Time since last: 9857593763591 ns, Reaching safepoint: 134490 ns, At safepoint: 10086 ns, Total: 144576 ns
[2024-03-18T19:45:58.667+0000][7][safepoint   ] Safepoint "Cleanup", Time since last: 6000477095 ns, Reaching safepoint: 87092 ns, At safepoint: 4146 ns, Total: 91238 ns
[2024-03-18T21:18:38.001+0000][7][safepoint   ] Safepoint "Cleanup", Time since last: 5559333296607 ns, Reaching safepoint: 93469 ns, At safepoint: 3044 ns, Total: 96513 ns
[2024-03-18T23:44:56.681+0000][7][gc,start    ] GC(124) Pause Young (Normal) (G1 Evacuation Pause)
[2024-03-18T23:44:56.681+0000][7][gc,task     ] GC(124) Using 13 workers of 13 for evacuation
[2024-03-18T23:44:56.681+0000][7][gc,age      ] GC(124) Desired survivor size 41943040 bytes, new threshold 15 (max threshold 15)
[2024-03-18T23:44:56.682+0000][7][gc,age      ] GC(124) Age table with threshold 15 (max threshold 15)
[2024-03-18T23:44:56.682+0000][7][gc,age      ] GC(124) - age   1:      73480 bytes,      73480 total
[2024-03-18T23:44:56.682+0000][7][gc,age      ] GC(124) - age   2:      41224 bytes,     114704 total
[2024-03-18T23:44:56.682+0000][7][gc,age      ] GC(124) - age   3:      90784 bytes,     205488 total
[2024-03-18T23:44:56.682+0000][7][gc,age      ] GC(124) - age   4:      51128 bytes,     256616 total
[2024-03-18T23:44:56.683+0000][7][gc,age      ] GC(124) - age   5:      48912 bytes,     305528 total
[2024-03-18T23:44:56.683+0000][7][gc,age      ] GC(124) - age   6:        352 bytes,     305880 total
[2024-03-18T23:44:56.683+0000][7][gc,age      ] GC(124) - age   7:        200 bytes,     306080 total
[2024-03-18T23:44:56.683+0000][7][gc,age      ] GC(124) - age  10:        200 bytes,     306280 total
[2024-03-18T23:44:56.683+0000][7][gc,age      ] GC(124) - age  12:        168 bytes,     306448 total
[2024-03-18T23:44:56.683+0000][7][gc,age      ] GC(124) - age  13:        896 bytes,     307344 total
[2024-03-18T23:44:56.683+0000][7][gc,age      ] GC(124) - age  14:     230640 bytes,     537984 total
[2024-03-18T23:44:56.683+0000][7][gc,phases   ] GC(124)   Pre Evacuate Collection Set: 0.2ms
[2024-03-18T23:44:56.683+0000][7][gc,phases   ] GC(124)   Merge Heap Roots: 0.1ms
[2024-03-18T23:44:56.683+0000][7][gc,phases   ] GC(124)   Evacuate Collection Set: 0.6ms
[2024-03-18T23:44:56.683+0000][7][gc,phases   ] GC(124)   Post Evacuate Collection Set: 0.5ms
[2024-03-18T23:44:56.683+0000][7][gc,phases   ] GC(124)   Other: 0.4ms
[2024-03-18T23:44:56.683+0000][7][gc,heap     ] GC(124) Eden regions: 152->0(152)
[2024-03-18T23:44:56.683+0000][7][gc,heap     ] GC(124) Survivor regions: 1->1(20)
[2024-03-18T23:44:56.683+0000][7][gc,heap     ] GC(124) Old regions: 21->21
[2024-03-18T23:44:56.683+0000][7][gc,heap     ] GC(124) Archive regions: 2->2
[2024-03-18T23:44:56.683+0000][7][gc,heap     ] GC(124) Humongous regions: 2->2
[2024-03-18T23:44:56.683+0000][7][gc,metaspace] GC(124) Metaspace: 101259K(105936K)->101259K(105936K) NonClass: 88221K(91728K)->88221K(91728K) Class: 13038K(14208K)->13038K(14208K)
[2024-03-18T23:44:56.683+0000][7][gc          ] GC(124) Pause Young (Normal) (G1 Evacuation Pause) 701M->93M(1024M) 1.950ms
[2024-03-18T23:44:56.683+0000][7][gc,cpu      ] GC(124) User=0.00s Sys=0.00s Real=0.00s
[2024-03-18T23:44:56.683+0000][7][safepoint   ] Safepoint "G1CollectForAllocation", Time since last: 8778680033793 ns, Reaching safepoint: 110181 ns, At safepoint: 2041277 ns, Total: 2151458 ns
[2024-03-19T01:31:31.047+0000][7][safepoint   ] Safepoint "Cleanup", Time since last: 6394364077418 ns, Reaching safepoint: 109112 ns, At safepoint: 4022 ns, Total: 113134 ns
[2024-03-19T01:31:33.047+0000][7][safepoint   ] Safepoint "Cleanup", Time since last: 2000227858 ns, Reaching safepoint: 105958 ns, At safepoint: 3983 ns, Total: 109941 ns
[2024-03-19T04:18:21.646+0000][7][safepoint   ] Safepoint "Cleanup", Time since last: 10008598183057 ns, Reaching safepoint: 113870 ns, At safepoint: 12489 ns, Total: 126359 ns
[2024-03-19T05:36:19.926+0000][7][safepoint   ] Safepoint "Cleanup", Time since last: 4678280369808 ns, Reaching safepoint: 93385 ns, At safepoint: 3960 ns, Total: 97345 ns
[2024-03-19T06:30:41.195+0000][7][gc,start    ] GC(125) Pause Young (Normal) (G1 Evacuation Pause)
[2024-03-19T06:30:41.195+0000][7][gc,task     ] GC(125) Using 13 workers of 13 for evacuation
[2024-03-19T06:30:41.195+0000][7][gc,age      ] GC(125) Desired survivor size 41943040 bytes, new threshold 15 (max threshold 15)
[2024-03-19T06:30:41.196+0000][7][gc,age      ] GC(125) Age table with threshold 15 (max threshold 15)
[2024-03-19T06:30:41.196+0000][7][gc,age      ] GC(125) - age   1:     213208 bytes,     213208 total
[2024-03-19T06:30:41.196+0000][7][gc,age      ] GC(125) - age   2:       9600 bytes,     222808 total
[2024-03-19T06:30:41.196+0000][7][gc,age      ] GC(125) - age   3:      16288 bytes,     239096 total
[2024-03-19T06:30:41.196+0000][7][gc,age      ] GC(125) - age   4:      90744 bytes,     329840 total
[2024-03-19T06:30:41.196+0000][7][gc,age      ] GC(125) - age   5:      50392 bytes,     380232 total
[2024-03-19T06:30:41.197+0000][7][gc,age      ] GC(125) - age   6:      48616 bytes,     428848 total
[2024-03-19T06:30:41.197+0000][7][gc,age      ] GC(125) - age   8:         40 bytes,     428888 total
[2024-03-19T06:30:41.197+0000][7][gc,age      ] GC(125) - age  13:        168 bytes,     429056 total
[2024-03-19T06:30:41.197+0000][7][gc,age      ] GC(125) - age  14:        736 bytes,     429792 total
[2024-03-19T06:30:41.197+0000][7][gc,age      ] GC(125) - age  15:     230320 bytes,     660112 total
[2024-03-19T06:30:41.197+0000][7][gc,phases   ] GC(125)   Pre Evacuate Collection Set: 0.2ms
[2024-03-19T06:30:41.197+0000][7][gc,phases   ] GC(125)   Merge Heap Roots: 0.1ms
[2024-03-19T06:30:41.197+0000][7][gc,phases   ] GC(125)   Evacuate Collection Set: 0.8ms
[2024-03-19T06:30:41.197+0000][7][gc,phases   ] GC(125)   Post Evacuate Collection Set: 0.5ms
[2024-03-19T06:30:41.197+0000][7][gc,phases   ] GC(125)   Other: 0.4ms
[2024-03-19T06:30:41.197+0000][7][gc,heap     ] GC(125) Eden regions: 152->0(152)
[2024-03-19T06:30:41.197+0000][7][gc,heap     ] GC(125) Survivor regions: 1->1(20)
[2024-03-19T06:30:41.197+0000][7][gc,heap     ] GC(125) Old regions: 21->21
[2024-03-19T06:30:41.197+0000][7][gc,heap     ] GC(125) Archive regions: 2->2
[2024-03-19T06:30:41.197+0000][7][gc,heap     ] GC(125) Humongous regions: 2->2
[2024-03-19T06:30:41.197+0000][7][gc,metaspace] GC(125) Metaspace: 101271K(105936K)->101271K(105936K) NonClass: 88233K(91728K)->88233K(91728K) Class: 13038K(14208K)->13038K(14208K)
[2024-03-19T06:30:41.197+0000][7][gc          ] GC(125) Pause Young (Normal) (G1 Evacuation Pause) 701M->93M(1024M) 2.114ms
[2024-03-19T06:30:41.197+0000][7][gc,cpu      ] GC(125) User=0.00s Sys=0.00s Real=0.01s
[2024-03-19T06:30:41.197+0000][7][safepoint   ] Safepoint "G1CollectForAllocation", Time since last: 3261268369376 ns, Reaching safepoint: 89509 ns, At safepoint: 2219427 ns, Total: 2308936 ns
[2024-03-19T06:33:21.206+0000][7][safepoint   ] Safepoint "Cleanup", Time since last: 160009446790 ns, Reaching safepoint: 136909 ns, At safepoint: 3515 ns, Total: 140424 ns
[2024-03-19T07:04:50.320+0000][7][safepoint   ] Safepoint "Cleanup", Time since last: 1889113841397 ns, Reaching safepoint: 93393 ns, At safepoint: 2772 ns, Total: 96165 ns
[2024-03-19T07:24:11.389+0000][7][safepoint   ] Safepoint "Cleanup", Time since last: 1161068411304 ns, Reaching safepoint: 91819 ns, At safepoint: 2963 ns, Total: 94782 ns
[2024-03-19T07:31:41.416+0000][7][safepoint   ] Safepoint "Cleanup", Time since last: 450026996236 ns, Reaching safepoint: 120318 ns, At safepoint: 4084 ns, Total: 124402 ns
[2024-03-19T07:31:46.416+0000][7][safepoint   ] Safepoint "Cleanup", Time since last: 5000406752 ns, Reaching safepoint: 95207 ns, At safepoint: 4046 ns, Total: 99253 ns
[2024-03-19T08:26:05.613+0000][7][safepoint   ] Safepoint "Cleanup", Time since last: 3259196255846 ns, Reaching safepoint: 100343 ns, At safepoint: 8494 ns, Total: 108837 ns
[2024-03-19T09:02:49.745+0000][7][safepoint   ] Safepoint "Cleanup", Time since last: 2204131856724 ns, Reaching safepoint: 87707 ns, At safepoint: 5720 ns, Total: 93427 ns
[2024-03-19T10:27:10.048+0000][7][safepoint   ] Safepoint "Cleanup", Time since last: 5060302801959 ns, Reaching safepoint: 137183 ns, At safepoint: 5729 ns, Total: 142912 ns
[2024-03-19T10:29:14.055+0000][7][safepoint   ] Safepoint "Cleanup", Time since last: 124007563194 ns, Reaching safepoint: 105779 ns, At safepoint: 3954 ns, Total: 109733 ns
[2024-03-19T11:45:15.327+0000][7][safepoint   ] Safepoint "Cleanup", Time since last: 4561271996985 ns, Reaching safepoint: 90599 ns, At safepoint: 3718 ns, Total: 94317 ns
[2024-03-19T12:52:42.570+0000][7][safepoint   ] Safepoint "Cleanup", Time since last: 4047242126295 ns, Reaching safepoint: 90033 ns, At safepoint: 2543 ns, Total: 92576 ns
[2024-03-19T12:52:44.570+0000][7][safepoint   ] Safepoint "Cleanup", Time since last: 2000218089 ns, Reaching safepoint: 89300 ns, At safepoint: 3711 ns, Total: 93011 ns
[2024-03-19T13:05:33.235+0000][7][gc,start    ] GC(126) Pause Young (Normal) (G1 Evacuation Pause)
[2024-03-19T13:05:33.235+0000][7][gc,task     ] GC(126) Using 13 workers of 13 for evacuation
[2024-03-19T13:05:33.235+0000][7][gc,age      ] GC(126) Desired survivor size 41943040 bytes, new threshold 15 (max threshold 15)
[2024-03-19T13:05:33.237+0000][7][gc,age      ] GC(126) Age table with threshold 15 (max threshold 15)
[2024-03-19T13:05:33.237+0000][7][gc,age      ] GC(126) - age   1:     326384 bytes,     326384 total
[2024-03-19T13:05:33.237+0000][7][gc,age      ] GC(126) - age   2:     167088 bytes,     493472 total
[2024-03-19T13:05:33.237+0000][7][gc,age      ] GC(126) - age   3:       9008 bytes,     502480 total
[2024-03-19T13:05:33.237+0000][7][gc,age      ] GC(126) - age   4:        216 bytes,     502696 total
[2024-03-19T13:05:33.237+0000][7][gc,age      ] GC(126) - age   5:      73320 bytes,     576016 total
[2024-03-19T13:05:33.237+0000][7][gc,age      ] GC(126) - age   6:      50392 bytes,     626408 total
[2024-03-19T13:05:33.237+0000][7][gc,age      ] GC(126) - age   7:      32464 bytes,     658872 total
[2024-03-19T13:05:33.237+0000][7][gc,age      ] GC(126) - age  14:        168 bytes,     659040 total
[2024-03-19T13:05:33.237+0000][7][gc,age      ] GC(126) - age  15:        736 bytes,     659776 total
[2024-03-19T13:05:33.238+0000][7][gc,phases   ] GC(126)   Pre Evacuate Collection Set: 0.2ms
[2024-03-19T13:05:33.238+0000][7][gc,phases   ] GC(126)   Merge Heap Roots: 0.1ms
[2024-03-19T13:05:33.238+0000][7][gc,phases   ] GC(126)   Evacuate Collection Set: 1.3ms
[2024-03-19T13:05:33.238+0000][7][gc,phases   ] GC(126)   Post Evacuate Collection Set: 0.5ms
[2024-03-19T13:05:33.238+0000][7][gc,phases   ] GC(126)   Other: 0.4ms
[2024-03-19T13:05:33.238+0000][7][gc,heap     ] GC(126) Eden regions: 152->0(152)
[2024-03-19T13:05:33.238+0000][7][gc,heap     ] GC(126) Survivor regions: 1->1(20)
[2024-03-19T13:05:33.238+0000][7][gc,heap     ] GC(126) Old regions: 21->21
[2024-03-19T13:05:33.238+0000][7][gc,heap     ] GC(126) Archive regions: 2->2
[2024-03-19T13:05:33.238+0000][7][gc,heap     ] GC(126) Humongous regions: 2->2
[2024-03-19T13:05:33.238+0000][7][gc,metaspace] GC(126) Metaspace: 101314K(105936K)->101314K(105936K) NonClass: 88275K(91728K)->88275K(91728K) Class: 13038K(14208K)->13038K(14208K)
[2024-03-19T13:05:33.238+0000][7][gc          ] GC(126) Pause Young (Normal) (G1 Evacuation Pause) 701M->94M(1024M) 2.668ms
[2024-03-19T13:05:33.238+0000][7][gc,cpu      ] GC(126) User=0.01s Sys=0.00s Real=0.01s
[2024-03-19T13:05:33.238+0000][7][safepoint   ] Safepoint "G1CollectForAllocation", Time since last: 768664900108 ns, Reaching safepoint: 80609 ns, At safepoint: 2773300 ns, Total: 2853909 ns
[2024-03-19T14:08:41.465+0000][7][safepoint   ] Safepoint "Cleanup", Time since last: 3788226858175 ns, Reaching safepoint: 97325 ns, At safepoint: 5919 ns, Total: 103244 ns
[2024-03-19T19:24:42.601+0000][7][safepoint   ] Safepoint "Cleanup", Time since last: 18961136112864 ns, Reaching safepoint: 99546 ns, At safepoint: 3100 ns, Total: 102646 ns
[2024-03-19T19:59:45.464+0000][7][gc,start    ] GC(127) Pause Young (Normal) (G1 Evacuation Pause)
[2024-03-19T19:59:45.464+0000][7][gc,task     ] GC(127) Using 13 workers of 13 for evacuation
[2024-03-19T19:59:45.464+0000][7][gc,age      ] GC(127) Desired survivor size 41943040 bytes, new threshold 15 (max threshold 15)
[2024-03-19T19:59:45.465+0000][7][gc,age      ] GC(127) Age table with threshold 15 (max threshold 15)
[2024-03-19T19:59:45.466+0000][7][gc,age      ] GC(127) - age   1:      13624 bytes,      13624 total
[2024-03-19T19:59:45.466+0000][7][gc,age      ] GC(127) - age   2:      44728 bytes,      58352 total
[2024-03-19T19:59:45.466+0000][7][gc,age      ] GC(127) - age   3:      36456 bytes,      94808 total
[2024-03-19T19:59:45.466+0000][7][gc,age      ] GC(127) - age   4:       9008 bytes,     103816 total
[2024-03-19T19:59:45.466+0000][7][gc,age      ] GC(127) - age   5:        216 bytes,     104032 total
[2024-03-19T19:59:45.466+0000][7][gc,age      ] GC(127) - age   6:        280 bytes,     104312 total
[2024-03-19T19:59:45.466+0000][7][gc,age      ] GC(127) - age   7:      18088 bytes,     122400 total
[2024-03-19T19:59:45.466+0000][7][gc,age      ] GC(127) - age   8:      16312 bytes,     138712 total
[2024-03-19T19:59:45.466+0000][7][gc,age      ] GC(127) - age  15:        168 bytes,     138880 total
[2024-03-19T19:59:45.466+0000][7][gc,phases   ] GC(127)   Pre Evacuate Collection Set: 0.1ms
[2024-03-19T19:59:45.466+0000][7][gc,phases   ] GC(127)   Merge Heap Roots: 0.1ms
[2024-03-19T19:59:45.466+0000][7][gc,phases   ] GC(127)   Evacuate Collection Set: 0.5ms
[2024-03-19T19:59:45.466+0000][7][gc,phases   ] GC(127)   Post Evacuate Collection Set: 0.5ms
[2024-03-19T19:59:45.466+0000][7][gc,phases   ] GC(127)   Other: 0.4ms
[2024-03-19T19:59:45.466+0000][7][gc,heap     ] GC(127) Eden regions: 152->0(152)
[2024-03-19T19:59:45.466+0000][7][gc,heap     ] GC(127) Survivor regions: 1->1(20)
[2024-03-19T19:59:45.466+0000][7][gc,heap     ] GC(127) Old regions: 21->21
[2024-03-19T19:59:45.466+0000][7][gc,heap     ] GC(127) Archive regions: 2->2
[2024-03-19T19:59:45.466+0000][7][gc,heap     ] GC(127) Humongous regions: 2->2
[2024-03-19T19:59:45.466+0000][7][gc,metaspace] GC(127) Metaspace: 101314K(105936K)->101314K(105936K) NonClass: 88275K(91728K)->88275K(91728K) Class: 13038K(14208K)->13038K(14208K)
[2024-03-19T19:59:45.466+0000][7][gc          ] GC(127) Pause Young (Normal) (G1 Evacuation Pause) 702M->93M(1024M) 1.794ms
[2024-03-19T19:59:45.466+0000][7][gc,cpu      ] GC(127) User=0.01s Sys=0.00s Real=0.00s
[2024-03-19T19:59:45.466+0000][7][safepoint   ] Safepoint "G1CollectForAllocation", Time since last: 2102862969934 ns, Reaching safepoint: 107321 ns, At safepoint: 1885262 ns, Total: 1992583 ns
[2024-03-19T22:15:34.948+0000][7][safepoint   ] Safepoint "Cleanup", Time since last: 8149482285518 ns, Reaching safepoint: 98668 ns, At safepoint: 4007 ns, Total: 102675 ns
[2024-03-20T02:48:43.471+0000][7][gc,start    ] GC(128) Pause Young (Normal) (G1 Evacuation Pause)
[2024-03-20T02:48:43.471+0000][7][gc,task     ] GC(128) Using 13 workers of 13 for evacuation
[2024-03-20T02:48:43.471+0000][7][gc,age      ] GC(128) Desired survivor size 41943040 bytes, new threshold 15 (max threshold 15)
[2024-03-20T02:48:43.473+0000][7][gc,age      ] GC(128) Age table with threshold 15 (max threshold 15)
[2024-03-20T02:48:43.473+0000][7][gc,age      ] GC(128) - age   1:     286648 bytes,     286648 total
[2024-03-20T02:48:43.473+0000][7][gc,age      ] GC(128) - age   2:       1472 bytes,     288120 total
[2024-03-20T02:48:43.473+0000][7][gc,age      ] GC(128) - age   3:      27616 bytes,     315736 total
[2024-03-20T02:48:43.473+0000][7][gc,age      ] GC(128) - age   4:      35800 bytes,     351536 total
[2024-03-20T02:48:43.473+0000][7][gc,age      ] GC(128) - age   5:       8360 bytes,     359896 total
[2024-03-20T02:48:43.473+0000][7][gc,age      ] GC(128) - age   6:        216 bytes,     360112 total
[2024-03-20T02:48:43.473+0000][7][gc,age      ] GC(128) - age   7:         40 bytes,     360152 total
[2024-03-20T02:48:43.473+0000][7][gc,age      ] GC(128) - age   8:      16784 bytes,     376936 total
[2024-03-20T02:48:43.473+0000][7][gc,age      ] GC(128) - age   9:      16192 bytes,     393128 total
[2024-03-20T02:48:43.473+0000][7][gc,phases   ] GC(128)   Pre Evacuate Collection Set: 0.1ms
[2024-03-20T02:48:43.473+0000][7][gc,phases   ] GC(128)   Merge Heap Roots: 0.1ms
[2024-03-20T02:48:43.473+0000][7][gc,phases   ] GC(128)   Evacuate Collection Set: 0.8ms
[2024-03-20T02:48:43.473+0000][7][gc,phases   ] GC(128)   Post Evacuate Collection Set: 0.6ms
[2024-03-20T02:48:43.473+0000][7][gc,phases   ] GC(128)   Other: 0.4ms
[2024-03-20T02:48:43.473+0000][7][gc,heap     ] GC(128) Eden regions: 152->0(152)
[2024-03-20T02:48:43.473+0000][7][gc,heap     ] GC(128) Survivor regions: 1->1(20)
[2024-03-20T02:48:43.473+0000][7][gc,heap     ] GC(128) Old regions: 21->21
[2024-03-20T02:48:43.473+0000][7][gc,heap     ] GC(128) Archive regions: 2->2
[2024-03-20T02:48:43.473+0000][7][gc,heap     ] GC(128) Humongous regions: 2->2
[2024-03-20T02:48:43.473+0000][7][gc,metaspace] GC(128) Metaspace: 101318K(105936K)->101318K(105936K) NonClass: 88279K(91728K)->88279K(91728K) Class: 13038K(14208K)->13038K(14208K)
[2024-03-20T02:48:43.473+0000][7][gc          ] GC(128) Pause Young (Normal) (G1 Evacuation Pause) 701M->93M(1024M) 2.234ms
[2024-03-20T02:48:43.473+0000][7][gc,cpu      ] GC(128) User=0.00s Sys=0.00s Real=0.00s
[2024-03-20T02:48:43.473+0000][7][safepoint   ] Safepoint "G1CollectForAllocation", Time since last: 16388522509829 ns, Reaching safepoint: 120187 ns, At safepoint: 2329915 ns, Total: 2450102 ns
[2024-03-20T09:00:13.824+0000][7][safepoint   ] Safepoint "Cleanup", Time since last: 22290350232360 ns, Reaching safepoint: 106691 ns, At safepoint: 3096 ns, Total: 109787 ns
[2024-03-20T09:37:47.361+0000][7][gc,start    ] GC(129) Pause Young (Normal) (G1 Evacuation Pause)
[2024-03-20T09:37:47.361+0000][7][gc,task     ] GC(129) Using 13 workers of 13 for evacuation
[2024-03-20T09:37:47.361+0000][7][gc,age      ] GC(129) Desired survivor size 41943040 bytes, new threshold 15 (max threshold 15)
[2024-03-20T09:37:47.362+0000][7][gc,age      ] GC(129) Age table with threshold 15 (max threshold 15)
[2024-03-20T09:37:47.362+0000][7][gc,age      ] GC(129) - age   1:     185112 bytes,     185112 total
[2024-03-20T09:37:47.362+0000][7][gc,age      ] GC(129) - age   2:     110408 bytes,     295520 total
[2024-03-20T09:37:47.362+0000][7][gc,age      ] GC(129) - age   3:        808 bytes,     296328 total
[2024-03-20T09:37:47.362+0000][7][gc,age      ] GC(129) - age   4:      27152 bytes,     323480 total
[2024-03-20T09:37:47.362+0000][7][gc,age      ] GC(129) - age   5:      27248 bytes,     350728 total
[2024-03-20T09:37:47.362+0000][7][gc,age      ] GC(129) - age   6:       8320 bytes,     359048 total
[2024-03-20T09:37:47.362+0000][7][gc,age      ] GC(129) - age   7:        216 bytes,     359264 total
[2024-03-20T09:37:47.362+0000][7][gc,age      ] GC(129) - age   8:         40 bytes,     359304 total
[2024-03-20T09:37:47.362+0000][7][gc,age      ] GC(129) - age   9:        592 bytes,     359896 total
[2024-03-20T09:37:47.362+0000][7][gc,age      ] GC(129) - age  10:      16192 bytes,     376088 total
[2024-03-20T09:37:47.362+0000][7][gc,phases   ] GC(129)   Pre Evacuate Collection Set: 0.2ms
[2024-03-20T09:37:47.362+0000][7][gc,phases   ] GC(129)   Merge Heap Roots: 0.1ms
[2024-03-20T09:37:47.362+0000][7][gc,phases   ] GC(129)   Evacuate Collection Set: 0.6ms
[2024-03-20T09:37:47.362+0000][7][gc,phases   ] GC(129)   Post Evacuate Collection Set: 0.6ms
[2024-03-20T09:37:47.362+0000][7][gc,phases   ] GC(129)   Other: 0.4ms
[2024-03-20T09:37:47.362+0000][7][gc,heap     ] GC(129) Eden regions: 152->0(152)
[2024-03-20T09:37:47.363+0000][7][gc,heap     ] GC(129) Survivor regions: 1->1(20)
[2024-03-20T09:37:47.363+0000][7][gc,heap     ] GC(129) Old regions: 21->21
[2024-03-20T09:37:47.363+0000][7][gc,heap     ] GC(129) Archive regions: 2->2
[2024-03-20T09:37:47.363+0000][7][gc,heap     ] GC(129) Humongous regions: 2->2
[2024-03-20T09:37:47.363+0000][7][gc,metaspace] GC(129) Metaspace: 101318K(105936K)->101318K(105936K) NonClass: 88279K(91728K)->88279K(91728K) Class: 13038K(14208K)->13038K(14208K)
[2024-03-20T09:37:47.363+0000][7][gc          ] GC(129) Pause Young (Normal) (G1 Evacuation Pause) 701M->93M(1024M) 1.985ms
[2024-03-20T09:37:47.363+0000][7][gc,cpu      ] GC(129) User=0.00s Sys=0.00s Real=0.00s
[2024-03-20T09:37:47.363+0000][7][safepoint   ] Safepoint "G1CollectForAllocation", Time since last: 2253536836319 ns, Reaching safepoint: 117023 ns, At safepoint: 2094098 ns, Total: 2211121 ns
[2024-03-20T09:41:13.375+0000][7][safepoint   ] Safepoint "Cleanup", Time since last: 206012424954 ns, Reaching safepoint: 94867 ns, At safepoint: 9299 ns, Total: 104166 ns
[2024-03-20T11:50:31.838+0000][7][safepoint   ] Safepoint "Cleanup", Time since last: 7758462954624 ns, Reaching safepoint: 89558 ns, At safepoint: 3529 ns, Total: 93087 ns
[2024-03-20T12:41:27.022+0000][7][safepoint   ] Safepoint "Cleanup", Time since last: 3055183244273 ns, Reaching safepoint: 88317 ns, At safepoint: 11334 ns, Total: 99651 ns
[2024-03-20T13:02:26.097+0000][7][safepoint   ] Safepoint "Cleanup", Time since last: 1259075041241 ns, Reaching safepoint: 90095 ns, At safepoint: 9252 ns, Total: 99347 ns
[2024-03-20T13:27:57.189+0000][7][safepoint   ] Safepoint "Cleanup", Time since last: 1531091786019 ns, Reaching safepoint: 106054 ns, At safepoint: 2764 ns, Total: 108818 ns
[2024-03-20T16:11:20.577+0000][7][gc,start    ] GC(130) Pause Young (Normal) (G1 Evacuation Pause)
[2024-03-20T16:11:20.577+0000][7][gc,task     ] GC(130) Using 13 workers of 13 for evacuation
[2024-03-20T16:11:20.577+0000][7][gc,age      ] GC(130) Desired survivor size 41943040 bytes, new threshold 15 (max threshold 15)
[2024-03-20T16:11:20.579+0000][7][gc,age      ] GC(130) Age table with threshold 15 (max threshold 15)
[2024-03-20T16:11:20.579+0000][7][gc,age      ] GC(130) - age   1:     598288 bytes,     598288 total
[2024-03-20T16:11:20.579+0000][7][gc,age      ] GC(130) - age   2:     156192 bytes,     754480 total
[2024-03-20T16:11:20.579+0000][7][gc,age      ] GC(130) - age   3:     100912 bytes,     855392 total
[2024-03-20T16:11:20.579+0000][7][gc,age      ] GC(130) - age   4:        648 bytes,     856040 total
[2024-03-20T16:11:20.579+0000][7][gc,age      ] GC(130) - age   5:      26872 bytes,     882912 total
[2024-03-20T16:11:20.579+0000][7][gc,age      ] GC(130) - age   6:      26968 bytes,     909880 total
[2024-03-20T16:11:20.579+0000][7][gc,age      ] GC(130) - age   7:       8320 bytes,     918200 total
[2024-03-20T16:11:20.579+0000][7][gc,age      ] GC(130) - age   8:        216 bytes,     918416 total
[2024-03-20T16:11:20.579+0000][7][gc,age      ] GC(130) - age   9:         40 bytes,     918456 total
[2024-03-20T16:11:20.579+0000][7][gc,age      ] GC(130) - age  10:        552 bytes,     919008 total
[2024-03-20T16:11:20.579+0000][7][gc,age      ] GC(130) - age  11:         40 bytes,     919048 total
[2024-03-20T16:11:20.579+0000][7][gc,phases   ] GC(130)   Pre Evacuate Collection Set: 0.2ms
[2024-03-20T16:11:20.579+0000][7][gc,phases   ] GC(130)   Merge Heap Roots: 0.1ms
[2024-03-20T16:11:20.579+0000][7][gc,phases   ] GC(130)   Evacuate Collection Set: 0.9ms
[2024-03-20T16:11:20.579+0000][7][gc,phases   ] GC(130)   Post Evacuate Collection Set: 0.6ms
[2024-03-20T16:11:20.579+0000][7][gc,phases   ] GC(130)   Other: 0.4ms
[2024-03-20T16:11:20.579+0000][7][gc,heap     ] GC(130) Eden regions: 152->0(152)
[2024-03-20T16:11:20.579+0000][7][gc,heap     ] GC(130) Survivor regions: 1->1(20)
[2024-03-20T16:11:20.579+0000][7][gc,heap     ] GC(130) Old regions: 21->21
[2024-03-20T16:11:20.579+0000][7][gc,heap     ] GC(130) Archive regions: 2->2
[2024-03-20T16:11:20.579+0000][7][gc,heap     ] GC(130) Humongous regions: 2->2
[2024-03-20T16:11:20.579+0000][7][gc,metaspace] GC(130) Metaspace: 101332K(105936K)->101332K(105936K) NonClass: 88293K(91728K)->88293K(91728K) Class: 13038K(14208K)->13038K(14208K)
[2024-03-20T16:11:20.579+0000][7][gc          ] GC(130) Pause Young (Normal) (G1 Evacuation Pause) 701M->94M(1024M) 2.327ms
[2024-03-20T16:11:20.579+0000][7][gc,cpu      ] GC(130) User=0.01s Sys=0.00s Real=0.00s
[2024-03-20T16:11:20.579+0000][7][safepoint   ] Safepoint "G1CollectForAllocation", Time since last: 9803388240208 ns, Reaching safepoint: 84572 ns, At safepoint: 2416874 ns, Total: 2501446 ns
[2024-03-20T22:59:05.955+0000][7][gc,start    ] GC(131) Pause Young (Normal) (G1 Evacuation Pause)
[2024-03-20T22:59:05.956+0000][7][gc,task     ] GC(131) Using 13 workers of 13 for evacuation
[2024-03-20T22:59:05.956+0000][7][gc,age      ] GC(131) Desired survivor size 41943040 bytes, new threshold 15 (max threshold 15)
[2024-03-20T22:59:05.957+0000][7][gc,age      ] GC(131) Age table with threshold 15 (max threshold 15)
[2024-03-20T22:59:05.958+0000][7][gc,age      ] GC(131) - age   1:      76736 bytes,      76736 total
[2024-03-20T22:59:05.958+0000][7][gc,age      ] GC(131) - age   2:     234584 bytes,     311320 total
[2024-03-20T22:59:05.958+0000][7][gc,age      ] GC(131) - age   3:      82856 bytes,     394176 total
[2024-03-20T22:59:05.958+0000][7][gc,age      ] GC(131) - age   4:      43072 bytes,     437248 total
[2024-03-20T22:59:05.958+0000][7][gc,age      ] GC(131) - age   5:        296 bytes,     437544 total
[2024-03-20T22:59:05.958+0000][7][gc,age      ] GC(131) - age   6:      26872 bytes,     464416 total
[2024-03-20T22:59:05.958+0000][7][gc,age      ] GC(131) - age   7:      26968 bytes,     491384 total
[2024-03-20T22:59:05.958+0000][7][gc,age      ] GC(131) - age   8:       8320 bytes,     499704 total
[2024-03-20T22:59:05.958+0000][7][gc,age      ] GC(131) - age   9:        216 bytes,     499920 total
[2024-03-20T22:59:05.958+0000][7][gc,age      ] GC(131) - age  10:         40 bytes,     499960 total
[2024-03-20T22:59:05.958+0000][7][gc,age      ] GC(131) - age  11:        552 bytes,     500512 total
[2024-03-20T22:59:05.958+0000][7][gc,age      ] GC(131) - age  12:         40 bytes,     500552 total
[2024-03-20T22:59:05.958+0000][7][gc,phases   ] GC(131)   Pre Evacuate Collection Set: 0.2ms
[2024-03-20T22:59:05.958+0000][7][gc,phases   ] GC(131)   Merge Heap Roots: 0.1ms
[2024-03-20T22:59:05.958+0000][7][gc,phases   ] GC(131)   Evacuate Collection Set: 0.9ms
[2024-03-20T22:59:05.958+0000][7][gc,phases   ] GC(131)   Post Evacuate Collection Set: 0.5ms
[2024-03-20T22:59:05.958+0000][7][gc,phases   ] GC(131)   Other: 0.4ms
[2024-03-20T22:59:05.958+0000][7][gc,heap     ] GC(131) Eden regions: 152->0(152)
[2024-03-20T22:59:05.958+0000][7][gc,heap     ] GC(131) Survivor regions: 1->1(20)
[2024-03-20T22:59:05.958+0000][7][gc,heap     ] GC(131) Old regions: 21->21
[2024-03-20T22:59:05.958+0000][7][gc,heap     ] GC(131) Archive regions: 2->2
[2024-03-20T22:59:05.958+0000][7][gc,heap     ] GC(131) Humongous regions: 2->2
[2024-03-20T22:59:05.958+0000][7][gc,metaspace] GC(131) Metaspace: 101334K(105936K)->101334K(105936K) NonClass: 88295K(91728K)->88295K(91728K) Class: 13039K(14208K)->13039K(14208K)
[2024-03-20T22:59:05.958+0000][7][gc          ] GC(131) Pause Young (Normal) (G1 Evacuation Pause) 702M->94M(1024M) 2.341ms
[2024-03-20T22:59:05.958+0000][7][gc,cpu      ] GC(131) User=0.01s Sys=0.00s Real=0.01s
[2024-03-20T22:59:05.958+0000][7][safepoint   ] Safepoint "G1CollectForAllocation", Time since last: 24465376029945 ns, Reaching safepoint: 81262 ns, At safepoint: 2435073 ns, Total: 2516335 ns
[2024-03-21T01:00:00.387+0000][7][safepoint   ] Safepoint "Cleanup", Time since last: 7254429395248 ns, Reaching safepoint: 87851 ns, At safepoint: 3763 ns, Total: 91614 ns
[2024-03-21T01:20:13.460+0000][7][safepoint   ] Safepoint "Cleanup", Time since last: 1213072549136 ns, Reaching safepoint: 93501 ns, At safepoint: 7965 ns, Total: 101466 ns
[2024-03-21T01:38:00.524+0000][7][safepoint   ] Safepoint "Cleanup", Time since last: 1067063992950 ns, Reaching safepoint: 112640 ns, At safepoint: 4139 ns, Total: 116779 ns
[2024-03-21T02:57:36.808+0000][7][safepoint   ] Safepoint "Cleanup", Time since last: 4776283574580 ns, Reaching safepoint: 119164 ns, At safepoint: 4003 ns, Total: 123167 ns
[2024-03-21T05:50:52.811+0000][7][gc,start    ] GC(132) Pause Young (Normal) (G1 Evacuation Pause)
[2024-03-21T05:50:52.811+0000][7][gc,task     ] GC(132) Using 13 workers of 13 for evacuation
[2024-03-21T05:50:52.811+0000][7][gc,age      ] GC(132) Desired survivor size 41943040 bytes, new threshold 15 (max threshold 15)
[2024-03-21T05:50:52.812+0000][7][gc,age      ] GC(132) Age table with threshold 15 (max threshold 15)
[2024-03-21T05:50:52.813+0000][7][gc,age      ] GC(132) - age   1:     169568 bytes,     169568 total
[2024-03-21T05:50:52.813+0000][7][gc,age      ] GC(132) - age   2:      59880 bytes,     229448 total
[2024-03-21T05:50:52.813+0000][7][gc,age      ] GC(132) - age   3:     160840 bytes,     390288 total
[2024-03-21T05:50:52.813+0000][7][gc,age      ] GC(132) - age   4:      26304 bytes,     416592 total
[2024-03-21T05:50:52.813+0000][7][gc,age      ] GC(132) - age   5:      33808 bytes,     450400 total
[2024-03-21T05:50:52.813+0000][7][gc,age      ] GC(132) - age   6:        296 bytes,     450696 total
[2024-03-21T05:50:52.813+0000][7][gc,age      ] GC(132) - age   7:      26872 bytes,     477568 total
[2024-03-21T05:50:52.813+0000][7][gc,age      ] GC(132) - age   8:      26968 bytes,     504536 total
[2024-03-21T05:50:52.813+0000][7][gc,age      ] GC(132) - age   9:       8320 bytes,     512856 total
[2024-03-21T05:50:52.813+0000][7][gc,age      ] GC(132) - age  10:        216 bytes,     513072 total
[2024-03-21T05:50:52.813+0000][7][gc,age      ] GC(132) - age  12:        552 bytes,     513624 total
[2024-03-21T05:50:52.813+0000][7][gc,phases   ] GC(132)   Pre Evacuate Collection Set: 0.2ms
[2024-03-21T05:50:52.813+0000][7][gc,phases   ] GC(132)   Merge Heap Roots: 0.1ms
[2024-03-21T05:50:52.813+0000][7][gc,phases   ] GC(132)   Evacuate Collection Set: 0.8ms
[2024-03-21T05:50:52.813+0000][7][gc,phases   ] GC(132)   Post Evacuate Collection Set: 0.5ms
[2024-03-21T05:50:52.813+0000][7][gc,phases   ] GC(132)   Other: 0.4ms
[2024-03-21T05:50:52.813+0000][7][gc,heap     ] GC(132) Eden regions: 152->0(152)
[2024-03-21T05:50:52.813+0000][7][gc,heap     ] GC(132) Survivor regions: 1->1(20)
[2024-03-21T05:50:52.813+0000][7][gc,heap     ] GC(132) Old regions: 21->21
[2024-03-21T05:50:52.813+0000][7][gc,heap     ] GC(132) Archive regions: 2->2
[2024-03-21T05:50:52.813+0000][7][gc,heap     ] GC(132) Humongous regions: 2->2
[2024-03-21T05:50:52.813+0000][7][gc,metaspace] GC(132) Metaspace: 101338K(105936K)->101338K(105936K) NonClass: 88299K(91728K)->88299K(91728K) Class: 13039K(14208K)->13039K(14208K)
[2024-03-21T05:50:52.813+0000][7][gc          ] GC(132) Pause Young (Normal) (G1 Evacuation Pause) 702M->94M(1024M) 2.170ms
[2024-03-21T05:50:52.813+0000][7][gc,cpu      ] GC(132) User=0.01s Sys=0.00s Real=0.00s
[2024-03-21T05:50:52.813+0000][7][safepoint   ] Safepoint "G1CollectForAllocation", Time since last: 10396002661461 ns, Reaching safepoint: 114874 ns, At safepoint: 2263241 ns, Total: 2378115 ns
[2024-03-21T10:21:35.787+0000][7][safepoint   ] Safepoint "Cleanup", Time since last: 16242973783863 ns, Reaching safepoint: 89297 ns, At safepoint: 3132 ns, Total: 92429 ns
[2024-03-21T12:40:59.402+0000][7][gc,start    ] GC(133) Pause Young (Normal) (G1 Evacuation Pause)
[2024-03-21T12:40:59.402+0000][7][gc,task     ] GC(133) Using 13 workers of 13 for evacuation
[2024-03-21T12:40:59.402+0000][7][gc,age      ] GC(133) Desired survivor size 41943040 bytes, new threshold 15 (max threshold 15)
[2024-03-21T12:40:59.403+0000][7][gc,age      ] GC(133) Age table with threshold 15 (max threshold 15)
[2024-03-21T12:40:59.403+0000][7][gc,age      ] GC(133) - age   1:     212624 bytes,     212624 total
[2024-03-21T12:40:59.403+0000][7][gc,age      ] GC(133) - age   2:     108080 bytes,     320704 total
[2024-03-21T12:40:59.403+0000][7][gc,age      ] GC(133) - age   3:      59384 bytes,     380088 total
[2024-03-21T12:40:59.403+0000][7][gc,age      ] GC(133) - age   4:     160168 bytes,     540256 total
[2024-03-21T12:40:59.404+0000][7][gc,age      ] GC(133) - age   5:      25872 bytes,     566128 total
[2024-03-21T12:40:59.404+0000][7][gc,age      ] GC(133) - age   6:      32504 bytes,     598632 total
[2024-03-21T12:40:59.404+0000][7][gc,age      ] GC(133) - age   7:        296 bytes,     598928 total
[2024-03-21T12:40:59.404+0000][7][gc,age      ] GC(133) - age   8:      26872 bytes,     625800 total
[2024-03-21T12:40:59.404+0000][7][gc,age      ] GC(133) - age   9:      26968 bytes,     652768 total
[2024-03-21T12:40:59.404+0000][7][gc,age      ] GC(133) - age  10:       8280 bytes,     661048 total
[2024-03-21T12:40:59.404+0000][7][gc,age      ] GC(133) - age  11:        216 bytes,     661264 total
[2024-03-21T12:40:59.404+0000][7][gc,age      ] GC(133) - age  13:        552 bytes,     661816 total
[2024-03-21T12:40:59.404+0000][7][gc,phases   ] GC(133)   Pre Evacuate Collection Set: 0.2ms
[2024-03-21T12:40:59.404+0000][7][gc,phases   ] GC(133)   Merge Heap Roots: 0.1ms
[2024-03-21T12:40:59.404+0000][7][gc,phases   ] GC(133)   Evacuate Collection Set: 0.5ms
[2024-03-21T12:40:59.404+0000][7][gc,phases   ] GC(133)   Post Evacuate Collection Set: 0.8ms
[2024-03-21T12:40:59.404+0000][7][gc,phases   ] GC(133)   Other: 0.5ms
[2024-03-21T12:40:59.404+0000][7][gc,heap     ] GC(133) Eden regions: 152->0(152)
[2024-03-21T12:40:59.404+0000][7][gc,heap     ] GC(133) Survivor regions: 1->1(20)
[2024-03-21T12:40:59.404+0000][7][gc,heap     ] GC(133) Old regions: 21->21
[2024-03-21T12:40:59.404+0000][7][gc,heap     ] GC(133) Archive regions: 2->2
[2024-03-21T12:40:59.404+0000][7][gc,heap     ] GC(133) Humongous regions: 2->2
[2024-03-21T12:40:59.404+0000][7][gc,metaspace] GC(133) Metaspace: 101341K(105936K)->101341K(105936K) NonClass: 88301K(91728K)->88301K(91728K) Class: 13039K(14208K)->13039K(14208K)
[2024-03-21T12:40:59.404+0000][7][gc          ] GC(133) Pause Young (Normal) (G1 Evacuation Pause) 702M->94M(1024M) 2.153ms
[2024-03-21T12:40:59.404+0000][7][gc,cpu      ] GC(133) User=0.01s Sys=0.00s Real=0.00s
[2024-03-21T12:40:59.404+0000][7][safepoint   ] Safepoint "G1CollectForAllocation", Time since last: 8363614741591 ns, Reaching safepoint: 93662 ns, At safepoint: 2251466 ns, Total: 2345128 ns
[2024-03-21T14:10:31.726+0000][7][safepoint   ] Safepoint "Cleanup", Time since last: 5372322350900 ns, Reaching safepoint: 121997 ns, At safepoint: 3809 ns, Total: 125806 ns
[2024-03-21T19:34:25.334+0000][7][gc,start    ] GC(134) Pause Young (Normal) (G1 Evacuation Pause)
[2024-03-21T19:34:25.335+0000][7][gc,task     ] GC(134) Using 13 workers of 13 for evacuation
[2024-03-21T19:34:25.335+0000][7][gc,age      ] GC(134) Desired survivor size 41943040 bytes, new threshold 15 (max threshold 15)
[2024-03-21T19:34:25.336+0000][7][gc,age      ] GC(134) Age table with threshold 15 (max threshold 15)
[2024-03-21T19:34:25.336+0000][7][gc,age      ] GC(134) - age   1:      38664 bytes,      38664 total
[2024-03-21T19:34:25.336+0000][7][gc,age      ] GC(134) - age   2:      42520 bytes,      81184 total
[2024-03-21T19:34:25.336+0000][7][gc,age      ] GC(134) - age   3:      50816 bytes,     132000 total
[2024-03-21T19:34:25.336+0000][7][gc,age      ] GC(134) - age   4:      26952 bytes,     158952 total
[2024-03-21T19:34:25.336+0000][7][gc,age      ] GC(134) - age   5:     160168 bytes,     319120 total
[2024-03-21T19:34:25.336+0000][7][gc,age      ] GC(134) - age   6:      17144 bytes,     336264 total
[2024-03-21T19:34:25.336+0000][7][gc,age      ] GC(134) - age   7:      32504 bytes,     368768 total
[2024-03-21T19:34:25.336+0000][7][gc,age      ] GC(134) - age   8:        296 bytes,     369064 total
[2024-03-21T19:34:25.336+0000][7][gc,age      ] GC(134) - age   9:      18856 bytes,     387920 total
[2024-03-21T19:34:25.336+0000][7][gc,age      ] GC(134) - age  10:      18832 bytes,     406752 total
[2024-03-21T19:34:25.336+0000][7][gc,age      ] GC(134) - age  11:       8280 bytes,     415032 total
[2024-03-21T19:34:25.336+0000][7][gc,age      ] GC(134) - age  12:        216 bytes,     415248 total
[2024-03-21T19:34:25.336+0000][7][gc,age      ] GC(134) - age  14:        552 bytes,     415800 total
[2024-03-21T19:34:25.336+0000][7][gc,phases   ] GC(134)   Pre Evacuate Collection Set: 0.2ms
[2024-03-21T19:34:25.336+0000][7][gc,phases   ] GC(134)   Merge Heap Roots: 0.1ms
[2024-03-21T19:34:25.336+0000][7][gc,phases   ] GC(134)   Evacuate Collection Set: 0.6ms
[2024-03-21T19:34:25.336+0000][7][gc,phases   ] GC(134)   Post Evacuate Collection Set: 0.5ms
[2024-03-21T19:34:25.336+0000][7][gc,phases   ] GC(134)   Other: 0.5ms
[2024-03-21T19:34:25.336+0000][7][gc,heap     ] GC(134) Eden regions: 152->0(152)
[2024-03-21T19:34:25.336+0000][7][gc,heap     ] GC(134) Survivor regions: 1->1(20)
[2024-03-21T19:34:25.336+0000][7][gc,heap     ] GC(134) Old regions: 21->21
[2024-03-21T19:34:25.336+0000][7][gc,heap     ] GC(134) Archive regions: 2->2
[2024-03-21T19:34:25.336+0000][7][gc,heap     ] GC(134) Humongous regions: 2->2
[2024-03-21T19:34:25.336+0000][7][gc,metaspace] GC(134) Metaspace: 101341K(105936K)->101341K(105936K) NonClass: 88301K(91728K)->88301K(91728K) Class: 13039K(14208K)->13039K(14208K)
[2024-03-21T19:34:25.336+0000][7][gc          ] GC(134) Pause Young (Normal) (G1 Evacuation Pause) 702M->93M(1024M) 2.001ms
[2024-03-21T19:34:25.336+0000][7][gc,cpu      ] GC(134) User=0.00s Sys=0.00s Real=0.00s
[2024-03-21T19:34:25.336+0000][7][safepoint   ] Safepoint "G1CollectForAllocation", Time since last: 19433607942989 ns, Reaching safepoint: 116105 ns, At safepoint: 2111911 ns, Total: 2228016 ns
[2024-03-21T21:18:45.710+0000][7][safepoint   ] Safepoint "Cleanup", Time since last: 6260373380115 ns, Reaching safepoint: 118092 ns, At safepoint: 3196 ns, Total: 121288 ns
[2024-03-22T01:38:00.638+0000][7][safepoint   ] Safepoint "Cleanup", Time since last: 15554927878941 ns, Reaching safepoint: 87454 ns, At safepoint: 3891 ns, Total: 91345 ns
[2024-03-22T02:25:00.022+0000][7][gc,start    ] GC(135) Pause Young (Normal) (G1 Evacuation Pause)
[2024-03-22T02:25:00.022+0000][7][gc,task     ] GC(135) Using 13 workers of 13 for evacuation
[2024-03-22T02:25:00.022+0000][7][gc,age      ] GC(135) Desired survivor size 41943040 bytes, new threshold 15 (max threshold 15)
[2024-03-22T02:25:00.024+0000][7][gc,age      ] GC(135) Age table with threshold 15 (max threshold 15)
[2024-03-22T02:25:00.024+0000][7][gc,age      ] GC(135) - age   1:     251736 bytes,     251736 total
[2024-03-22T02:25:00.024+0000][7][gc,age      ] GC(135) - age   2:       1872 bytes,     253608 total
[2024-03-22T02:25:00.024+0000][7][gc,age      ] GC(135) - age   3:      25912 bytes,     279520 total
[2024-03-22T02:25:00.024+0000][7][gc,age      ] GC(135) - age   4:      17184 bytes,     296704 total
[2024-03-22T02:25:00.024+0000][7][gc,age      ] GC(135) - age   5:      26872 bytes,     323576 total
[2024-03-22T02:25:00.025+0000][7][gc,age      ] GC(135) - age   6:     160008 bytes,     483584 total
[2024-03-22T02:25:00.025+0000][7][gc,age      ] GC(135) - age   7:       8712 bytes,     492296 total
[2024-03-22T02:25:00.025+0000][7][gc,age      ] GC(135) - age   8:      16312 bytes,     508608 total
[2024-03-22T02:25:00.025+0000][7][gc,age      ] GC(135) - age   9:        296 bytes,     508904 total
[2024-03-22T02:25:00.025+0000][7][gc,age      ] GC(135) - age  10:      10840 bytes,     519744 total
[2024-03-22T02:25:00.025+0000][7][gc,age      ] GC(135) - age  11:      18792 bytes,     538536 total
[2024-03-22T02:25:00.025+0000][7][gc,age      ] GC(135) - age  12:        144 bytes,     538680 total
[2024-03-22T02:25:00.025+0000][7][gc,age      ] GC(135) - age  13:        216 bytes,     538896 total
[2024-03-22T02:25:00.025+0000][7][gc,age      ] GC(135) - age  15:        552 bytes,     539448 total
[2024-03-22T02:25:00.025+0000][7][gc,phases   ] GC(135)   Pre Evacuate Collection Set: 0.1ms
[2024-03-22T02:25:00.025+0000][7][gc,phases   ] GC(135)   Merge Heap Roots: 0.1ms
[2024-03-22T02:25:00.025+0000][7][gc,phases   ] GC(135)   Evacuate Collection Set: 1.1ms
[2024-03-22T02:25:00.025+0000][7][gc,phases   ] GC(135)   Post Evacuate Collection Set: 0.6ms
[2024-03-22T02:25:00.025+0000][7][gc,phases   ] GC(135)   Other: 0.5ms
[2024-03-22T02:25:00.025+0000][7][gc,heap     ] GC(135) Eden regions: 152->0(152)
[2024-03-22T02:25:00.025+0000][7][gc,heap     ] GC(135) Survivor regions: 1->1(20)
[2024-03-22T02:25:00.025+0000][7][gc,heap     ] GC(135) Old regions: 21->21
[2024-03-22T02:25:00.025+0000][7][gc,heap     ] GC(135) Archive regions: 2->2
[2024-03-22T02:25:00.025+0000][7][gc,heap     ] GC(135) Humongous regions: 2->2
[2024-03-22T02:25:00.025+0000][7][gc,metaspace] GC(135) Metaspace: 101350K(105936K)->101350K(105936K) NonClass: 88311K(91728K)->88311K(91728K) Class: 13039K(14208K)->13039K(14208K)
[2024-03-22T02:25:00.025+0000][7][gc          ] GC(135) Pause Young (Normal) (G1 Evacuation Pause) 701M->94M(1024M) 2.543ms
[2024-03-22T02:25:00.025+0000][7][gc,cpu      ] GC(135) User=0.01s Sys=0.00s Real=0.00s
[2024-03-22T02:25:00.025+0000][7][safepoint   ] Safepoint "G1CollectForAllocation", Time since last: 2819384200285 ns, Reaching safepoint: 89539 ns, At safepoint: 2643269 ns, Total: 2732808 ns
[2024-03-22T09:17:30.334+0000][7][gc,start    ] GC(136) Pause Young (Normal) (G1 Evacuation Pause)
[2024-03-22T09:17:30.334+0000][7][gc,task     ] GC(136) Using 13 workers of 13 for evacuation
[2024-03-22T09:17:30.334+0000][7][gc,age      ] GC(136) Desired survivor size 41943040 bytes, new threshold 15 (max threshold 15)
[2024-03-22T09:17:30.336+0000][7][gc,age      ] GC(136) Age table with threshold 15 (max threshold 15)
[2024-03-22T09:17:30.336+0000][7][gc,age      ] GC(136) - age   1:      58832 bytes,      58832 total
[2024-03-22T09:17:30.336+0000][7][gc,age      ] GC(136) - age   2:     116688 bytes,     175520 total
[2024-03-22T09:17:30.336+0000][7][gc,age      ] GC(136) - age   3:        688 bytes,     176208 total
[2024-03-22T09:17:30.336+0000][7][gc,age      ] GC(136) - age   4:       9288 bytes,     185496 total
[2024-03-22T09:17:30.336+0000][7][gc,age      ] GC(136) - age   5:      17144 bytes,     202640 total
[2024-03-22T09:17:30.336+0000][7][gc,age      ] GC(136) - age   6:      26872 bytes,     229512 total
[2024-03-22T09:17:30.336+0000][7][gc,age      ] GC(136) - age   7:     160008 bytes,     389520 total
[2024-03-22T09:17:30.336+0000][7][gc,age      ] GC(136) - age   8:       8672 bytes,     398192 total
[2024-03-22T09:17:30.336+0000][7][gc,age      ] GC(136) - age   9:      16272 bytes,     414464 total
[2024-03-22T09:17:30.336+0000][7][gc,age      ] GC(136) - age  10:        296 bytes,     414760 total
[2024-03-22T09:17:30.336+0000][7][gc,age      ] GC(136) - age  11:      10840 bytes,     425600 total
[2024-03-22T09:17:30.336+0000][7][gc,age      ] GC(136) - age  12:      18792 bytes,     444392 total
[2024-03-22T09:17:30.336+0000][7][gc,age      ] GC(136) - age  13:         40 bytes,     444432 total
[2024-03-22T09:17:30.336+0000][7][gc,age      ] GC(136) - age  14:        216 bytes,     444648 total
[2024-03-22T09:17:30.337+0000][7][gc,phases   ] GC(136)   Pre Evacuate Collection Set: 0.2ms
[2024-03-22T09:17:30.337+0000][7][gc,phases   ] GC(136)   Merge Heap Roots: 0.2ms
[2024-03-22T09:17:30.337+0000][7][gc,phases   ] GC(136)   Evacuate Collection Set: 1.0ms
[2024-03-22T09:17:30.337+0000][7][gc,phases   ] GC(136)   Post Evacuate Collection Set: 0.5ms
[2024-03-22T09:17:30.337+0000][7][gc,phases   ] GC(136)   Other: 0.5ms
[2024-03-22T09:17:30.337+0000][7][gc,heap     ] GC(136) Eden regions: 152->0(152)
[2024-03-22T09:17:30.337+0000][7][gc,heap     ] GC(136) Survivor regions: 1->1(20)
[2024-03-22T09:17:30.337+0000][7][gc,heap     ] GC(136) Old regions: 21->21
[2024-03-22T09:17:30.337+0000][7][gc,heap     ] GC(136) Archive regions: 2->2
[2024-03-22T09:17:30.337+0000][7][gc,heap     ] GC(136) Humongous regions: 2->2
[2024-03-22T09:17:30.337+0000][7][gc,metaspace] GC(136) Metaspace: 101376K(105936K)->101376K(105936K) NonClass: 88337K(91728K)->88337K(91728K) Class: 13039K(14208K)->13039K(14208K)
[2024-03-22T09:17:30.337+0000][7][gc          ] GC(136) Pause Young (Normal) (G1 Evacuation Pause) 702M->93M(1024M) 2.522ms
[2024-03-22T09:17:30.337+0000][7][gc,cpu      ] GC(136) User=0.00s Sys=0.00s Real=0.01s
[2024-03-22T09:17:30.337+0000][7][safepoint   ] Safepoint "G1CollectForAllocation", Time since last: 24750309157343 ns, Reaching safepoint: 85860 ns, At safepoint: 2617168 ns, Total: 2703028 ns
[2024-03-22T16:11:53.975+0000][7][gc,start    ] GC(137) Pause Young (Normal) (G1 Evacuation Pause)
[2024-03-22T16:11:53.975+0000][7][gc,task     ] GC(137) Using 13 workers of 13 for evacuation
[2024-03-22T16:11:53.975+0000][7][gc,age      ] GC(137) Desired survivor size 41943040 bytes, new threshold 15 (max threshold 15)
[2024-03-22T16:11:53.977+0000][7][gc,age      ] GC(137) Age table with threshold 15 (max threshold 15)
[2024-03-22T16:11:53.977+0000][7][gc,age      ] GC(137) - age   1:      55024 bytes,      55024 total
[2024-03-22T16:11:53.977+0000][7][gc,age      ] GC(137) - age   2:       2584 bytes,      57608 total
[2024-03-22T16:11:53.977+0000][7][gc,age      ] GC(137) - age   3:      92064 bytes,     149672 total
[2024-03-22T16:11:53.977+0000][7][gc,age      ] GC(137) - age   4:        688 bytes,     150360 total
[2024-03-22T16:11:53.977+0000][7][gc,age      ] GC(137) - age   5:       9288 bytes,     159648 total
[2024-03-22T16:11:53.977+0000][7][gc,age      ] GC(137) - age   6:      16712 bytes,     176360 total
[2024-03-22T16:11:53.978+0000][7][gc,age      ] GC(137) - age   7:      26832 bytes,     203192 total
[2024-03-22T16:11:53.978+0000][7][gc,age      ] GC(137) - age   8:     160008 bytes,     363200 total
[2024-03-22T16:11:53.978+0000][7][gc,age      ] GC(137) - age   9:       8672 bytes,     371872 total
[2024-03-22T16:11:53.978+0000][7][gc,age      ] GC(137) - age  10:      16272 bytes,     388144 total
[2024-03-22T16:11:53.978+0000][7][gc,age      ] GC(137) - age  11:        296 bytes,     388440 total
[2024-03-22T16:11:53.978+0000][7][gc,age      ] GC(137) - age  12:      10840 bytes,     399280 total
[2024-03-22T16:11:53.978+0000][7][gc,age      ] GC(137) - age  13:      18792 bytes,     418072 total
[2024-03-22T16:11:53.978+0000][7][gc,age      ] GC(137) - age  14:         40 bytes,     418112 total
[2024-03-22T16:11:53.978+0000][7][gc,age      ] GC(137) - age  15:        216 bytes,     418328 total
[2024-03-22T16:11:53.978+0000][7][gc,phases   ] GC(137)   Pre Evacuate Collection Set: 0.2ms
[2024-03-22T16:11:53.978+0000][7][gc,phases   ] GC(137)   Merge Heap Roots: 0.1ms
[2024-03-22T16:11:53.978+0000][7][gc,phases   ] GC(137)   Evacuate Collection Set: 1.1ms
[2024-03-22T16:11:53.978+0000][7][gc,phases   ] GC(137)   Post Evacuate Collection Set: 0.6ms
[2024-03-22T16:11:53.978+0000][7][gc,phases   ] GC(137)   Other: 0.5ms
[2024-03-22T16:11:53.978+0000][7][gc,heap     ] GC(137) Eden regions: 152->0(152)
[2024-03-22T16:11:53.978+0000][7][gc,heap     ] GC(137) Survivor regions: 1->1(20)
[2024-03-22T16:11:53.978+0000][7][gc,heap     ] GC(137) Old regions: 21->21
[2024-03-22T16:11:53.978+0000][7][gc,heap     ] GC(137) Archive regions: 2->2
[2024-03-22T16:11:53.978+0000][7][gc,heap     ] GC(137) Humongous regions: 2->2
[2024-03-22T16:11:53.978+0000][7][gc,metaspace] GC(137) Metaspace: 101376K(105936K)->101376K(105936K) NonClass: 88337K(91728K)->88337K(91728K) Class: 13039K(14208K)->13039K(14208K)
[2024-03-22T16:11:53.978+0000][7][gc          ] GC(137) Pause Young (Normal) (G1 Evacuation Pause) 701M->93M(1024M) 2.644ms
[2024-03-22T16:11:53.978+0000][7][gc,cpu      ] GC(137) User=0.00s Sys=0.00s Real=0.01s
[2024-03-22T16:11:53.978+0000][7][safepoint   ] Safepoint "G1CollectForAllocation", Time since last: 24863638282135 ns, Reaching safepoint: 98321 ns, At safepoint: 2740490 ns, Total: 2838811 ns
[2024-03-22T23:00:36.084+0000][7][gc,start    ] GC(138) Pause Young (Normal) (G1 Evacuation Pause)
[2024-03-22T23:00:36.084+0000][7][gc,task     ] GC(138) Using 13 workers of 13 for evacuation
[2024-03-22T23:00:36.084+0000][7][gc,age      ] GC(138) Desired survivor size 41943040 bytes, new threshold 15 (max threshold 15)
[2024-03-22T23:00:36.086+0000][7][gc,age      ] GC(138) Age table with threshold 15 (max threshold 15)
[2024-03-22T23:00:36.086+0000][7][gc,age      ] GC(138) - age   1:     127328 bytes,     127328 total
[2024-03-22T23:00:36.086+0000][7][gc,age      ] GC(138) - age   2:      41264 bytes,     168592 total
[2024-03-22T23:00:36.086+0000][7][gc,age      ] GC(138) - age   3:        848 bytes,     169440 total
[2024-03-22T23:00:36.086+0000][7][gc,age      ] GC(138) - age   4:      91984 bytes,     261424 total
[2024-03-22T23:00:36.086+0000][7][gc,age      ] GC(138) - age   5:        688 bytes,     262112 total
[2024-03-22T23:00:36.086+0000][7][gc,age      ] GC(138) - age   6:       9248 bytes,     271360 total
[2024-03-22T23:00:36.086+0000][7][gc,age      ] GC(138) - age   7:      16416 bytes,     287776 total
[2024-03-22T23:00:36.086+0000][7][gc,age      ] GC(138) - age   8:      26832 bytes,     314608 total
[2024-03-22T23:00:36.086+0000][7][gc,age      ] GC(138) - age   9:     160008 bytes,     474616 total
[2024-03-22T23:00:36.086+0000][7][gc,age      ] GC(138) - age  10:       8672 bytes,     483288 total
[2024-03-22T23:00:36.086+0000][7][gc,age      ] GC(138) - age  11:      16272 bytes,     499560 total
[2024-03-22T23:00:36.086+0000][7][gc,age      ] GC(138) - age  12:        296 bytes,     499856 total
[2024-03-22T23:00:36.086+0000][7][gc,age      ] GC(138) - age  13:      10840 bytes,     510696 total
[2024-03-22T23:00:36.086+0000][7][gc,age      ] GC(138) - age  14:      18792 bytes,     529488 total
[2024-03-22T23:00:36.086+0000][7][gc,age      ] GC(138) - age  15:         40 bytes,     529528 total
[2024-03-22T23:00:36.086+0000][7][gc,phases   ] GC(138)   Pre Evacuate Collection Set: 0.1ms
[2024-03-22T23:00:36.086+0000][7][gc,phases   ] GC(138)   Merge Heap Roots: 0.2ms
[2024-03-22T23:00:36.086+0000][7][gc,phases   ] GC(138)   Evacuate Collection Set: 1.0ms
[2024-03-22T23:00:36.087+0000][7][gc,phases   ] GC(138)   Post Evacuate Collection Set: 0.5ms
[2024-03-22T23:00:36.087+0000][7][gc,phases   ] GC(138)   Other: 0.4ms
[2024-03-22T23:00:36.087+0000][7][gc,heap     ] GC(138) Eden regions: 152->0(152)
[2024-03-22T23:00:36.087+0000][7][gc,heap     ] GC(138) Survivor regions: 1->1(20)
[2024-03-22T23:00:36.087+0000][7][gc,heap     ] GC(138) Old regions: 21->21
[2024-03-22T23:00:36.087+0000][7][gc,heap     ] GC(138) Archive regions: 2->2
[2024-03-22T23:00:36.087+0000][7][gc,heap     ] GC(138) Humongous regions: 2->2
[2024-03-22T23:00:36.087+0000][7][gc,metaspace] GC(138) Metaspace: 101378K(105936K)->101378K(105936K) NonClass: 88338K(91728K)->88338K(91728K) Class: 13039K(14208K)->13039K(14208K)
[2024-03-22T23:00:36.087+0000][7][gc          ] GC(138) Pause Young (Normal) (G1 Evacuation Pause) 701M->94M(1024M) 2.401ms
[2024-03-22T23:00:36.087+0000][7][gc,cpu      ] GC(138) User=0.00s Sys=0.00s Real=0.01s
[2024-03-22T23:00:36.087+0000][7][safepoint   ] Safepoint "G1CollectForAllocation", Time since last: 24522106252203 ns, Reaching safepoint: 92165 ns, At safepoint: 2489488 ns, Total: 2581653 ns
[2024-03-23T01:38:00.651+0000][7][safepoint   ] Safepoint "Cleanup", Time since last: 9444564403733 ns, Reaching safepoint: 96144 ns, At safepoint: 3044 ns, Total: 99188 ns
[2024-03-23T01:39:25.657+0000][7][safepoint   ] Safepoint "Cleanup", Time since last: 85005460205 ns, Reaching safepoint: 114052 ns, At safepoint: 4114 ns, Total: 118166 ns
[2024-03-23T04:04:56.182+0000][7][safepoint   ] Safepoint "Cleanup", Time since last: 8730524986824 ns, Reaching safepoint: 86075 ns, At safepoint: 2865 ns, Total: 88940 ns
[2024-03-23T05:49:28.213+0000][7][gc,start    ] GC(139) Pause Young (Normal) (G1 Evacuation Pause)
[2024-03-23T05:49:28.213+0000][7][gc,task     ] GC(139) Using 13 workers of 13 for evacuation
[2024-03-23T05:49:28.213+0000][7][gc,age      ] GC(139) Desired survivor size 41943040 bytes, new threshold 15 (max threshold 15)
[2024-03-23T05:49:28.215+0000][7][gc,age      ] GC(139) Age table with threshold 15 (max threshold 15)
[2024-03-23T05:49:28.215+0000][7][gc,age      ] GC(139) - age   1:     173048 bytes,     173048 total
[2024-03-23T05:49:28.215+0000][7][gc,age      ] GC(139) - age   2:     115512 bytes,     288560 total
[2024-03-23T05:49:28.215+0000][7][gc,age      ] GC(139) - age   3:      40600 bytes,     329160 total
[2024-03-23T05:49:28.215+0000][7][gc,age      ] GC(139) - age   4:        848 bytes,     330008 total
[2024-03-23T05:49:28.215+0000][7][gc,age      ] GC(139) - age   5:      82472 bytes,     412480 total
[2024-03-23T05:49:28.215+0000][7][gc,age      ] GC(139) - age   6:        624 bytes,     413104 total
[2024-03-23T05:49:28.215+0000][7][gc,age      ] GC(139) - age   7:        312 bytes,     413416 total
[2024-03-23T05:49:28.215+0000][7][gc,age      ] GC(139) - age   8:      16376 bytes,     429792 total
[2024-03-23T05:49:28.215+0000][7][gc,age      ] GC(139) - age   9:      26832 bytes,     456624 total
[2024-03-23T05:49:28.215+0000][7][gc,age      ] GC(139) - age  10:     159888 bytes,     616512 total
[2024-03-23T05:49:28.215+0000][7][gc,age      ] GC(139) - age  11:       8632 bytes,     625144 total
[2024-03-23T05:49:28.215+0000][7][gc,age      ] GC(139) - age  12:      16192 bytes,     641336 total
[2024-03-23T05:49:28.215+0000][7][gc,age      ] GC(139) - age  13:        296 bytes,     641632 total
[2024-03-23T05:49:28.215+0000][7][gc,age      ] GC(139) - age  14:      10840 bytes,     652472 total
[2024-03-23T05:49:28.215+0000][7][gc,age      ] GC(139) - age  15:      18792 bytes,     671264 total
[2024-03-23T05:49:28.215+0000][7][gc,phases   ] GC(139)   Pre Evacuate Collection Set: 0.2ms
[2024-03-23T05:49:28.215+0000][7][gc,phases   ] GC(139)   Merge Heap Roots: 0.1ms
[2024-03-23T05:49:28.215+0000][7][gc,phases   ] GC(139)   Evacuate Collection Set: 0.8ms
[2024-03-23T05:49:28.215+0000][7][gc,phases   ] GC(139)   Post Evacuate Collection Set: 0.5ms
[2024-03-23T05:49:28.215+0000][7][gc,phases   ] GC(139)   Other: 0.5ms
[2024-03-23T05:49:28.215+0000][7][gc,heap     ] GC(139) Eden regions: 152->0(152)
[2024-03-23T05:49:28.215+0000][7][gc,heap     ] GC(139) Survivor regions: 1->1(20)
[2024-03-23T05:49:28.215+0000][7][gc,heap     ] GC(139) Old regions: 21->21
[2024-03-23T05:49:28.215+0000][7][gc,heap     ] GC(139) Archive regions: 2->2
[2024-03-23T05:49:28.215+0000][7][gc,heap     ] GC(139) Humongous regions: 2->2
[2024-03-23T05:49:28.215+0000][7][gc,metaspace] GC(139) Metaspace: 101382K(105936K)->101382K(105936K) NonClass: 88343K(91728K)->88343K(91728K) Class: 13039K(14208K)->13039K(14208K)
[2024-03-23T05:49:28.215+0000][7][gc          ] GC(139) Pause Young (Normal) (G1 Evacuation Pause) 702M->94M(1024M) 2.155ms
[2024-03-23T05:49:28.215+0000][7][gc,cpu      ] GC(139) User=0.00s Sys=0.00s Real=0.00s
[2024-03-23T05:49:28.215+0000][7][safepoint   ] Safepoint "G1CollectForAllocation", Time since last: 6272031159591 ns, Reaching safepoint: 93442 ns, At safepoint: 2253337 ns, Total: 2346779 ns
[2024-03-23T08:22:18.724+0000][7][safepoint   ] Safepoint "Cleanup", Time since last: 9170508533569 ns, Reaching safepoint: 86219 ns, At safepoint: 9209 ns, Total: 95428 ns
[2024-03-23T08:22:29.725+0000][7][safepoint   ] Safepoint "Cleanup", Time since last: 11000751146 ns, Reaching safepoint: 80267 ns, At safepoint: 3516 ns, Total: 83783 ns
[2024-03-23T08:22:44.726+0000][7][safepoint   ] Safepoint "Cleanup", Time since last: 15000982416 ns, Reaching safepoint: 88329 ns, At safepoint: 3372 ns, Total: 91701 ns
[2024-03-23T12:38:48.484+0000][7][gc,start    ] GC(140) Pause Young (Normal) (G1 Evacuation Pause)
[2024-03-23T12:38:48.484+0000][7][gc,task     ] GC(140) Using 13 workers of 13 for evacuation
[2024-03-23T12:38:48.484+0000][7][gc,age      ] GC(140) Desired survivor size 41943040 bytes, new threshold 15 (max threshold 15)
[2024-03-23T12:38:48.486+0000][7][gc,age      ] GC(140) Age table with threshold 15 (max threshold 15)
[2024-03-23T12:38:48.487+0000][7][gc,age      ] GC(140) - age   1:     230152 bytes,     230152 total
[2024-03-23T12:38:48.487+0000][7][gc,age      ] GC(140) - age   2:      59504 bytes,     289656 total
[2024-03-23T12:38:48.487+0000][7][gc,age      ] GC(140) - age   3:      65496 bytes,     355152 total
[2024-03-23T12:38:48.487+0000][7][gc,age      ] GC(140) - age   4:       8296 bytes,     363448 total
[2024-03-23T12:38:48.487+0000][7][gc,age      ] GC(140) - age   5:        848 bytes,     364296 total
[2024-03-23T12:38:48.487+0000][7][gc,age      ] GC(140) - age   6:      65912 bytes,     430208 total
[2024-03-23T12:38:48.487+0000][7][gc,age      ] GC(140) - age   7:        488 bytes,     430696 total
[2024-03-23T12:38:48.487+0000][7][gc,age      ] GC(140) - age   8:        192 bytes,     430888 total
[2024-03-23T12:38:48.487+0000][7][gc,age      ] GC(140) - age   9:        184 bytes,     431072 total
[2024-03-23T12:38:48.487+0000][7][gc,age      ] GC(140) - age  10:      26832 bytes,     457904 total
[2024-03-23T12:38:48.487+0000][7][gc,age      ] GC(140) - age  11:     151376 bytes,     609280 total
[2024-03-23T12:38:48.487+0000][7][gc,age      ] GC(140) - age  12:       8592 bytes,     617872 total
[2024-03-23T12:38:48.487+0000][7][gc,age      ] GC(140) - age  13:         40 bytes,     617912 total
[2024-03-23T12:38:48.487+0000][7][gc,age      ] GC(140) - age  14:        296 bytes,     618208 total
[2024-03-23T12:38:48.487+0000][7][gc,age      ] GC(140) - age  15:      10840 bytes,     629048 total
[2024-03-23T12:38:48.487+0000][7][gc,phases   ] GC(140)   Pre Evacuate Collection Set: 0.2ms
[2024-03-23T12:38:48.487+0000][7][gc,phases   ] GC(140)   Merge Heap Roots: 0.2ms
[2024-03-23T12:38:48.487+0000][7][gc,phases   ] GC(140)   Evacuate Collection Set: 1.3ms
[2024-03-23T12:38:48.487+0000][7][gc,phases   ] GC(140)   Post Evacuate Collection Set: 0.5ms
[2024-03-23T12:38:48.487+0000][7][gc,phases   ] GC(140)   Other: 0.4ms
[2024-03-23T12:38:48.487+0000][7][gc,heap     ] GC(140) Eden regions: 152->0(152)
[2024-03-23T12:38:48.487+0000][7][gc,heap     ] GC(140) Survivor regions: 1->1(20)
[2024-03-23T12:38:48.487+0000][7][gc,heap     ] GC(140) Old regions: 21->21
[2024-03-23T12:38:48.487+0000][7][gc,heap     ] GC(140) Archive regions: 2->2
[2024-03-23T12:38:48.487+0000][7][gc,heap     ] GC(140) Humongous regions: 2->2
[2024-03-23T12:38:48.487+0000][7][gc,metaspace] GC(140) Metaspace: 101391K(105936K)->101391K(105936K) NonClass: 88351K(91728K)->88351K(91728K) Class: 13039K(14208K)->13039K(14208K)
[2024-03-23T12:38:48.487+0000][7][gc          ] GC(140) Pause Young (Normal) (G1 Evacuation Pause) 702M->94M(1024M) 2.702ms
[2024-03-23T12:38:48.487+0000][7][gc,cpu      ] GC(140) User=0.01s Sys=0.00s Real=0.01s
[2024-03-23T12:38:48.487+0000][7][safepoint   ] Safepoint "G1CollectForAllocation", Time since last: 15363758186680 ns, Reaching safepoint: 82287 ns, At safepoint: 2791310 ns, Total: 2873597 ns
[2024-03-23T12:38:53.487+0000][7][safepoint   ] Safepoint "Cleanup", Time since last: 5000323957 ns, Reaching safepoint: 88170 ns, At safepoint: 2703 ns, Total: 90873 ns
[2024-03-23T13:44:37.721+0000][7][safepoint   ] Safepoint "Cleanup", Time since last: 3944233998752 ns, Reaching safepoint: 90715 ns, At safepoint: 8763 ns, Total: 99478 ns
[2024-03-23T19:31:22.889+0000][7][gc,start    ] GC(141) Pause Young (Normal) (G1 Evacuation Pause)
[2024-03-23T19:31:22.889+0000][7][gc,task     ] GC(141) Using 13 workers of 13 for evacuation
[2024-03-23T19:31:22.889+0000][7][gc,age      ] GC(141) Desired survivor size 41943040 bytes, new threshold 15 (max threshold 15)
[2024-03-23T19:31:22.891+0000][7][gc,age      ] GC(141) Age table with threshold 15 (max threshold 15)
[2024-03-23T19:31:22.891+0000][7][gc,age      ] GC(141) - age   1:      78040 bytes,      78040 total
[2024-03-23T19:31:22.891+0000][7][gc,age      ] GC(141) - age   2:       2864 bytes,      80904 total
[2024-03-23T19:31:22.891+0000][7][gc,age      ] GC(141) - age   3:      10616 bytes,      91520 total
[2024-03-23T19:31:22.891+0000][7][gc,age      ] GC(141) - age   4:      32856 bytes,     124376 total
[2024-03-23T19:31:22.891+0000][7][gc,age      ] GC(141) - age   5:        120 bytes,     124496 total
[2024-03-23T19:31:22.891+0000][7][gc,age      ] GC(141) - age   6:        808 bytes,     125304 total
[2024-03-23T19:31:22.891+0000][7][gc,age      ] GC(141) - age   7:      65832 bytes,     191136 total
[2024-03-23T19:31:22.891+0000][7][gc,age      ] GC(141) - age   8:        488 bytes,     191624 total
[2024-03-23T19:31:22.891+0000][7][gc,age      ] GC(141) - age   9:        192 bytes,     191816 total
[2024-03-23T19:31:22.891+0000][7][gc,age      ] GC(141) - age  10:        184 bytes,     192000 total
[2024-03-23T19:31:22.891+0000][7][gc,age      ] GC(141) - age  11:      26832 bytes,     218832 total
[2024-03-23T19:31:22.891+0000][7][gc,age      ] GC(141) - age  12:     151376 bytes,     370208 total
[2024-03-23T19:31:22.892+0000][7][gc,age      ] GC(141) - age  13:       8552 bytes,     378760 total
[2024-03-23T19:31:22.892+0000][7][gc,age      ] GC(141) - age  14:         40 bytes,     378800 total
[2024-03-23T19:31:22.892+0000][7][gc,age      ] GC(141) - age  15:        296 bytes,     379096 total
[2024-03-23T19:31:22.892+0000][7][gc,phases   ] GC(141)   Pre Evacuate Collection Set: 0.2ms
[2024-03-23T19:31:22.892+0000][7][gc,phases   ] GC(141)   Merge Heap Roots: 0.1ms
[2024-03-23T19:31:22.892+0000][7][gc,phases   ] GC(141)   Evacuate Collection Set: 1.0ms
[2024-03-23T19:31:22.892+0000][7][gc,phases   ] GC(141)   Post Evacuate Collection Set: 0.5ms
[2024-03-23T19:31:22.892+0000][7][gc,phases   ] GC(141)   Other: 0.5ms
[2024-03-23T19:31:22.892+0000][7][gc,heap     ] GC(141) Eden regions: 152->0(152)
[2024-03-23T19:31:22.892+0000][7][gc,heap     ] GC(141) Survivor regions: 1->1(20)
[2024-03-23T19:31:22.892+0000][7][gc,heap     ] GC(141) Old regions: 21->21
[2024-03-23T19:31:22.892+0000][7][gc,heap     ] GC(141) Archive regions: 2->2
[2024-03-23T19:31:22.892+0000][7][gc,heap     ] GC(141) Humongous regions: 2->2
[2024-03-23T19:31:22.892+0000][7][gc,metaspace] GC(141) Metaspace: 101393K(105936K)->101393K(105936K) NonClass: 88354K(91728K)->88354K(91728K) Class: 13039K(14208K)->13039K(14208K)
[2024-03-23T19:31:22.892+0000][7][gc          ] GC(141) Pause Young (Normal) (G1 Evacuation Pause) 702M->93M(1024M) 2.410ms
[2024-03-23T19:31:22.892+0000][7][gc,cpu      ] GC(141) User=0.01s Sys=0.00s Real=0.00s
[2024-03-23T19:31:22.892+0000][7][safepoint   ] Safepoint "G1CollectForAllocation", Time since last: 20805167713999 ns, Reaching safepoint: 91794 ns, At safepoint: 2499788 ns, Total: 2591582 ns
[2024-03-24T01:12:37.105+0000][7][safepoint   ] Safepoint "Cleanup", Time since last: 20474213335971 ns, Reaching safepoint: 91657 ns, At safepoint: 6115 ns, Total: 97772 ns
[2024-03-24T02:15:55.330+0000][7][safepoint   ] Safepoint "Cleanup", Time since last: 3798224777487 ns, Reaching safepoint: 90816 ns, At safepoint: 3492 ns, Total: 94308 ns
[2024-03-24T02:16:21.332+0000][7][safepoint   ] Safepoint "Cleanup", Time since last: 26001647952 ns, Reaching safepoint: 92441 ns, At safepoint: 5836 ns, Total: 98277 ns
[2024-03-24T02:20:33.797+0000][7][gc,start    ] GC(142) Pause Young (Normal) (G1 Evacuation Pause)
[2024-03-24T02:20:33.797+0000][7][gc,task     ] GC(142) Using 13 workers of 13 for evacuation
[2024-03-24T02:20:33.797+0000][7][gc,age      ] GC(142) Desired survivor size 41943040 bytes, new threshold 15 (max threshold 15)
[2024-03-24T02:20:33.798+0000][7][gc,age      ] GC(142) Age table with threshold 15 (max threshold 15)
[2024-03-24T02:20:33.798+0000][7][gc,age      ] GC(142) - age   1:     253440 bytes,     253440 total
[2024-03-24T02:20:33.798+0000][7][gc,age      ] GC(142) - age   2:      17424 bytes,     270864 total
[2024-03-24T02:20:33.798+0000][7][gc,age      ] GC(142) - age   3:       2072 bytes,     272936 total
[2024-03-24T02:20:33.798+0000][7][gc,age      ] GC(142) - age   4:       9272 bytes,     282208 total
[2024-03-24T02:20:33.798+0000][7][gc,age      ] GC(142) - age   5:      16544 bytes,     298752 total
[2024-03-24T02:20:33.798+0000][7][gc,age      ] GC(142) - age   7:        808 bytes,     299560 total
[2024-03-24T02:20:33.798+0000][7][gc,age      ] GC(142) - age   8:      65792 bytes,     365352 total
[2024-03-24T02:20:33.798+0000][7][gc,age      ] GC(142) - age   9:        488 bytes,     365840 total
[2024-03-24T02:20:33.799+0000][7][gc,age      ] GC(142) - age  10:        152 bytes,     365992 total
[2024-03-24T02:20:33.799+0000][7][gc,age      ] GC(142) - age  11:        120 bytes,     366112 total
[2024-03-24T02:20:33.799+0000][7][gc,age      ] GC(142) - age  12:      26832 bytes,     392944 total
[2024-03-24T02:20:33.799+0000][7][gc,age      ] GC(142) - age  13:     151376 bytes,     544320 total
[2024-03-24T02:20:33.799+0000][7][gc,age      ] GC(142) - age  14:       8552 bytes,     552872 total
[2024-03-24T02:20:33.799+0000][7][gc,phases   ] GC(142)   Pre Evacuate Collection Set: 0.2ms
[2024-03-24T02:20:33.799+0000][7][gc,phases   ] GC(142)   Merge Heap Roots: 0.1ms
[2024-03-24T02:20:33.799+0000][7][gc,phases   ] GC(142)   Evacuate Collection Set: 0.8ms
[2024-03-24T02:20:33.799+0000][7][gc,phases   ] GC(142)   Post Evacuate Collection Set: 0.5ms
[2024-03-24T02:20:33.799+0000][7][gc,phases   ] GC(142)   Other: 0.5ms
[2024-03-24T02:20:33.799+0000][7][gc,heap     ] GC(142) Eden regions: 152->0(152)
[2024-03-24T02:20:33.799+0000][7][gc,heap     ] GC(142) Survivor regions: 1->1(20)
[2024-03-24T02:20:33.799+0000][7][gc,heap     ] GC(142) Old regions: 21->21
[2024-03-24T02:20:33.799+0000][7][gc,heap     ] GC(142) Archive regions: 2->2
[2024-03-24T02:20:33.799+0000][7][gc,heap     ] GC(142) Humongous regions: 2->2
[2024-03-24T02:20:33.799+0000][7][gc,metaspace] GC(142) Metaspace: 101409K(105936K)->101409K(105936K) NonClass: 88369K(91728K)->88369K(91728K) Class: 13039K(14208K)->13039K(14208K)
[2024-03-24T02:20:33.799+0000][7][gc          ] GC(142) Pause Young (Normal) (G1 Evacuation Pause) 701M->94M(1024M) 2.170ms
[2024-03-24T02:20:33.799+0000][7][gc,cpu      ] GC(142) User=0.00s Sys=0.00s Real=0.00s
[2024-03-24T02:20:33.799+0000][7][safepoint   ] Safepoint "G1CollectForAllocation", Time since last: 252464606229 ns, Reaching safepoint: 120229 ns, At safepoint: 2266723 ns, Total: 2386952 ns
[2024-03-24T03:12:43.984+0000][7][safepoint   ] Safepoint "Cleanup", Time since last: 3130185211257 ns, Reaching safepoint: 101042 ns, At safepoint: 4182 ns, Total: 105224 ns
[2024-03-24T03:34:14.060+0000][7][safepoint   ] Safepoint "Cleanup", Time since last: 1290076154405 ns, Reaching safepoint: 112705 ns, At safepoint: 3778 ns, Total: 116483 ns
[2024-03-24T04:03:40.165+0000][7][safepoint   ] Safepoint "Cleanup", Time since last: 1766104929135 ns, Reaching safepoint: 87738 ns, At safepoint: 3786 ns, Total: 91524 ns
[2024-03-24T04:03:42.166+0000][7][safepoint   ] Safepoint "Cleanup", Time since last: 2000219961 ns, Reaching safepoint: 113572 ns, At safepoint: 4387 ns, Total: 117959 ns
[2024-03-24T04:39:12.292+0000][7][safepoint   ] Safepoint "Cleanup", Time since last: 2130126118060 ns, Reaching safepoint: 89380 ns, At safepoint: 3831 ns, Total: 93211 ns
[2024-03-24T04:39:14.292+0000][7][safepoint   ] Safepoint "Cleanup", Time since last: 2000218741 ns, Reaching safepoint: 83300 ns, At safepoint: 3830 ns, Total: 87130 ns
[2024-03-24T09:03:02.447+0000][7][gc,start    ] GC(143) Pause Young (Normal) (G1 Evacuation Pause)
[2024-03-24T09:03:02.447+0000][7][gc,task     ] GC(143) Using 13 workers of 13 for evacuation
[2024-03-24T09:03:02.447+0000][7][gc,age      ] GC(143) Desired survivor size 41943040 bytes, new threshold 15 (max threshold 15)
[2024-03-24T09:03:02.449+0000][7][gc,age      ] GC(143) Age table with threshold 15 (max threshold 15)
[2024-03-24T09:03:02.449+0000][7][gc,age      ] GC(143) - age   1:     417560 bytes,     417560 total
[2024-03-24T09:03:02.449+0000][7][gc,age      ] GC(143) - age   2:     222080 bytes,     639640 total
[2024-03-24T09:03:02.449+0000][7][gc,age      ] GC(143) - age   3:      16680 bytes,     656320 total
[2024-03-24T09:03:02.449+0000][7][gc,age      ] GC(143) - age   4:       1264 bytes,     657584 total
[2024-03-24T09:03:02.449+0000][7][gc,age      ] GC(143) - age   5:       8736 bytes,     666320 total
[2024-03-24T09:03:02.449+0000][7][gc,age      ] GC(143) - age   6:      16192 bytes,     682512 total
[2024-03-24T09:03:02.449+0000][7][gc,age      ] GC(143) - age   8:        808 bytes,     683320 total
[2024-03-24T09:03:02.449+0000][7][gc,age      ] GC(143) - age   9:      65752 bytes,     749072 total
[2024-03-24T09:03:02.449+0000][7][gc,age      ] GC(143) - age  10:        488 bytes,     749560 total
[2024-03-24T09:03:02.449+0000][7][gc,age      ] GC(143) - age  11:         72 bytes,     749632 total
[2024-03-24T09:03:02.449+0000][7][gc,age      ] GC(143) - age  12:        120 bytes,     749752 total
[2024-03-24T09:03:02.449+0000][7][gc,age      ] GC(143) - age  13:      26832 bytes,     776584 total
[2024-03-24T09:03:02.449+0000][7][gc,age      ] GC(143) - age  14:     151296 bytes,     927880 total
[2024-03-24T09:03:02.449+0000][7][gc,age      ] GC(143) - age  15:       8552 bytes,     936432 total
[2024-03-24T09:03:02.449+0000][7][gc,phases   ] GC(143)   Pre Evacuate Collection Set: 0.1ms
[2024-03-24T09:03:02.449+0000][7][gc,phases   ] GC(143)   Merge Heap Roots: 0.1ms
[2024-03-24T09:03:02.449+0000][7][gc,phases   ] GC(143)   Evacuate Collection Set: 0.7ms
[2024-03-24T09:03:02.449+0000][7][gc,phases   ] GC(143)   Post Evacuate Collection Set: 0.6ms
[2024-03-24T09:03:02.449+0000][7][gc,phases   ] GC(143)   Other: 0.5ms
[2024-03-24T09:03:02.449+0000][7][gc,heap     ] GC(143) Eden regions: 152->0(152)
[2024-03-24T09:03:02.449+0000][7][gc,heap     ] GC(143) Survivor regions: 1->1(20)
[2024-03-24T09:03:02.449+0000][7][gc,heap     ] GC(143) Old regions: 21->21
[2024-03-24T09:03:02.449+0000][7][gc,heap     ] GC(143) Archive regions: 2->2
[2024-03-24T09:03:02.449+0000][7][gc,heap     ] GC(143) Humongous regions: 2->2
[2024-03-24T09:03:02.449+0000][7][gc,metaspace] GC(143) Metaspace: 101421K(105936K)->101421K(105936K) NonClass: 88381K(91728K)->88381K(91728K) Class: 13039K(14208K)->13039K(14208K)
[2024-03-24T09:03:02.449+0000][7][gc          ] GC(143) Pause Young (Normal) (G1 Evacuation Pause) 702M->94M(1024M) 2.121ms
[2024-03-24T09:03:02.449+0000][7][gc,cpu      ] GC(143) User=0.00s Sys=0.00s Real=0.00s
[2024-03-24T09:03:02.449+0000][7][safepoint   ] Safepoint "G1CollectForAllocation", Time since last: 15828154821814 ns, Reaching safepoint: 83507 ns, At safepoint: 2213693 ns, Total: 2297200 ns
[2024-03-24T10:40:28.790+0000][7][safepoint   ] Safepoint "Cleanup", Time since last: 5846340941455 ns, Reaching safepoint: 90103 ns, At safepoint: 3626 ns, Total: 93729 ns
[2024-03-24T10:40:32.791+0000][7][safepoint   ] Safepoint "Cleanup", Time since last: 4000335267 ns, Reaching safepoint: 85795 ns, At safepoint: 3466 ns, Total: 89261 ns
[2024-03-24T15:57:02.754+0000][7][gc,start    ] GC(144) Pause Young (Normal) (G1 Evacuation Pause)
[2024-03-24T15:57:02.754+0000][7][gc,task     ] GC(144) Using 13 workers of 13 for evacuation
[2024-03-24T15:57:02.754+0000][7][gc,age      ] GC(144) Desired survivor size 41943040 bytes, new threshold 15 (max threshold 15)
[2024-03-24T15:57:02.755+0000][7][gc,age      ] GC(144) Age table with threshold 15 (max threshold 15)
[2024-03-24T15:57:02.755+0000][7][gc,age      ] GC(144) - age   1:      24456 bytes,      24456 total
[2024-03-24T15:57:02.755+0000][7][gc,age      ] GC(144) - age   2:      63304 bytes,      87760 total
[2024-03-24T15:57:02.755+0000][7][gc,age      ] GC(144) - age   3:      91856 bytes,     179616 total
[2024-03-24T15:57:02.755+0000][7][gc,age      ] GC(144) - age   4:      16680 bytes,     196296 total
[2024-03-24T15:57:02.755+0000][7][gc,age      ] GC(144) - age   6:        240 bytes,     196536 total
[2024-03-24T15:57:02.755+0000][7][gc,age      ] GC(144) - age   7:         40 bytes,     196576 total
[2024-03-24T15:57:02.755+0000][7][gc,age      ] GC(144) - age   9:        808 bytes,     197384 total
[2024-03-24T15:57:02.755+0000][7][gc,age      ] GC(144) - age  10:      25016 bytes,     222400 total
[2024-03-24T15:57:02.755+0000][7][gc,age      ] GC(144) - age  11:        488 bytes,     222888 total
[2024-03-24T15:57:02.755+0000][7][gc,age      ] GC(144) - age  12:         72 bytes,     222960 total
[2024-03-24T15:57:02.755+0000][7][gc,age      ] GC(144) - age  13:        120 bytes,     223080 total
[2024-03-24T15:57:02.755+0000][7][gc,age      ] GC(144) - age  14:      26832 bytes,     249912 total
[2024-03-24T15:57:02.755+0000][7][gc,age      ] GC(144) - age  15:     151296 bytes,     401208 total
[2024-03-24T15:57:02.755+0000][7][gc,phases   ] GC(144)   Pre Evacuate Collection Set: 0.1ms
[2024-03-24T15:57:02.755+0000][7][gc,phases   ] GC(144)   Merge Heap Roots: 0.1ms
[2024-03-24T15:57:02.755+0000][7][gc,phases   ] GC(144)   Evacuate Collection Set: 0.7ms
[2024-03-24T15:57:02.755+0000][7][gc,phases   ] GC(144)   Post Evacuate Collection Set: 0.5ms
[2024-03-24T15:57:02.756+0000][7][gc,phases   ] GC(144)   Other: 0.5ms
[2024-03-24T15:57:02.756+0000][7][gc,heap     ] GC(144) Eden regions: 152->0(152)
[2024-03-24T15:57:02.756+0000][7][gc,heap     ] GC(144) Survivor regions: 1->1(20)
[2024-03-24T15:57:02.756+0000][7][gc,heap     ] GC(144) Old regions: 21->21
[2024-03-24T15:57:02.756+0000][7][gc,heap     ] GC(144) Archive regions: 2->2
[2024-03-24T15:57:02.756+0000][7][gc,heap     ] GC(144) Humongous regions: 2->2
[2024-03-24T15:57:02.756+0000][7][gc,metaspace] GC(144) Metaspace: 101421K(105936K)->101421K(105936K) NonClass: 88381K(91728K)->88381K(91728K) Class: 13039K(14208K)->13039K(14208K)
[2024-03-24T15:57:02.756+0000][7][gc          ] GC(144) Pause Young (Normal) (G1 Evacuation Pause) 702M->93M(1024M) 2.078ms
[2024-03-24T15:57:02.756+0000][7][gc,cpu      ] GC(144) User=0.00s Sys=0.00s Real=0.00s
[2024-03-24T15:57:02.756+0000][7][safepoint   ] Safepoint "G1CollectForAllocation", Time since last: 18989962554581 ns, Reaching safepoint: 92801 ns, At safepoint: 2170909 ns, Total: 2263710 ns
[2024-03-24T22:49:09.794+0000][7][gc,start    ] GC(145) Pause Young (Normal) (G1 Evacuation Pause)
[2024-03-24T22:49:09.794+0000][7][gc,task     ] GC(145) Using 13 workers of 13 for evacuation
[2024-03-24T22:49:09.794+0000][7][gc,age      ] GC(145) Desired survivor size 41943040 bytes, new threshold 15 (max threshold 15)
[2024-03-24T22:49:09.796+0000][7][gc,age      ] GC(145) Age table with threshold 15 (max threshold 15)
[2024-03-24T22:49:09.796+0000][7][gc,age      ] GC(145) - age   1:      63624 bytes,      63624 total
[2024-03-24T22:49:09.796+0000][7][gc,age      ] GC(145) - age   2:        640 bytes,      64264 total
[2024-03-24T22:49:09.796+0000][7][gc,age      ] GC(145) - age   3:      46560 bytes,     110824 total
[2024-03-24T22:49:09.796+0000][7][gc,age      ] GC(145) - age   4:      58744 bytes,     169568 total
[2024-03-24T22:49:09.796+0000][7][gc,age      ] GC(145) - age   5:         80 bytes,     169648 total
[2024-03-24T22:49:09.796+0000][7][gc,age      ] GC(145) - age   7:        160 bytes,     169808 total
[2024-03-24T22:49:09.796+0000][7][gc,age      ] GC(145) - age   8:         40 bytes,     169848 total
[2024-03-24T22:49:09.796+0000][7][gc,age      ] GC(145) - age  10:        808 bytes,     170656 total
[2024-03-24T22:49:09.796+0000][7][gc,age      ] GC(145) - age  11:        392 bytes,     171048 total
[2024-03-24T22:49:09.796+0000][7][gc,age      ] GC(145) - age  12:        488 bytes,     171536 total
[2024-03-24T22:49:09.796+0000][7][gc,age      ] GC(145) - age  13:         72 bytes,     171608 total
[2024-03-24T22:49:09.796+0000][7][gc,age      ] GC(145) - age  14:        120 bytes,     171728 total
[2024-03-24T22:49:09.796+0000][7][gc,age      ] GC(145) - age  15:      26832 bytes,     198560 total
[2024-03-24T22:49:09.796+0000][7][gc,phases   ] GC(145)   Pre Evacuate Collection Set: 0.2ms
[2024-03-24T22:49:09.796+0000][7][gc,phases   ] GC(145)   Merge Heap Roots: 0.2ms
[2024-03-24T22:49:09.796+0000][7][gc,phases   ] GC(145)   Evacuate Collection Set: 1.1ms
[2024-03-24T22:49:09.796+0000][7][gc,phases   ] GC(145)   Post Evacuate Collection Set: 0.7ms
[2024-03-24T22:49:09.796+0000][7][gc,phases   ] GC(145)   Other: 0.4ms
[2024-03-24T22:49:09.796+0000][7][gc,heap     ] GC(145) Eden regions: 152->0(152)
[2024-03-24T22:49:09.796+0000][7][gc,heap     ] GC(145) Survivor regions: 1->1(20)
[2024-03-24T22:49:09.796+0000][7][gc,heap     ] GC(145) Old regions: 21->21
[2024-03-24T22:49:09.796+0000][7][gc,heap     ] GC(145) Archive regions: 2->2
[2024-03-24T22:49:09.796+0000][7][gc,heap     ] GC(145) Humongous regions: 2->2
[2024-03-24T22:49:09.796+0000][7][gc,metaspace] GC(145) Metaspace: 101421K(105936K)->101421K(105936K) NonClass: 88381K(91728K)->88381K(91728K) Class: 13039K(14208K)->13039K(14208K)
[2024-03-24T22:49:09.796+0000][7][gc          ] GC(145) Pause Young (Normal) (G1 Evacuation Pause) 701M->93M(1024M) 2.570ms
[2024-03-24T22:49:09.796+0000][7][gc,cpu      ] GC(145) User=0.00s Sys=0.00s Real=0.00s
[2024-03-24T22:49:09.796+0000][7][safepoint   ] Safepoint "G1CollectForAllocation", Time since last: 24727038003577 ns, Reaching safepoint: 95133 ns, At safepoint: 2665288 ns, Total: 2760421 ns
[2024-03-25T01:30:00.368+0000][7][safepoint   ] Safepoint "Cleanup", Time since last: 9650571443916 ns, Reaching safepoint: 86147 ns, At safepoint: 7085 ns, Total: 93232 ns
[2024-03-25T01:38:00.396+0000][7][safepoint   ] Safepoint "Cleanup", Time since last: 480028387001 ns, Reaching safepoint: 114688 ns, At safepoint: 3634 ns, Total: 118322 ns
[2024-03-25T03:18:16.754+0000][7][safepoint   ] Safepoint "Cleanup", Time since last: 6016357088869 ns, Reaching safepoint: 90129 ns, At safepoint: 6505 ns, Total: 96634 ns
[2024-03-25T05:38:44.812+0000][7][gc,start    ] GC(146) Pause Young (Normal) (G1 Evacuation Pause)
[2024-03-25T05:38:44.812+0000][7][gc,task     ] GC(146) Using 13 workers of 13 for evacuation
[2024-03-25T05:38:44.812+0000][7][gc,age      ] GC(146) Desired survivor size 41943040 bytes, new threshold 15 (max threshold 15)
[2024-03-25T05:38:44.814+0000][7][gc,age      ] GC(146) Age table with threshold 15 (max threshold 15)
[2024-03-25T05:38:44.814+0000][7][gc,age      ] GC(146) - age   1:     146936 bytes,     146936 total
[2024-03-25T05:38:44.814+0000][7][gc,age      ] GC(146) - age   2:      34400 bytes,     181336 total
[2024-03-25T05:38:44.814+0000][7][gc,age      ] GC(146) - age   3:         80 bytes,     181416 total
[2024-03-25T05:38:44.814+0000][7][gc,age      ] GC(146) - age   4:      42960 bytes,     224376 total
[2024-03-25T05:38:44.814+0000][7][gc,age      ] GC(146) - age   5:      33304 bytes,     257680 total
[2024-03-25T05:38:44.814+0000][7][gc,age      ] GC(146) - age   6:         80 bytes,     257760 total
[2024-03-25T05:38:44.814+0000][7][gc,age      ] GC(146) - age   8:        120 bytes,     257880 total
[2024-03-25T05:38:44.814+0000][7][gc,age      ] GC(146) - age  11:        808 bytes,     258688 total
[2024-03-25T05:38:44.814+0000][7][gc,age      ] GC(146) - age  12:        352 bytes,     259040 total
[2024-03-25T05:38:44.814+0000][7][gc,age      ] GC(146) - age  13:        488 bytes,     259528 total
[2024-03-25T05:38:44.814+0000][7][gc,age      ] GC(146) - age  14:         72 bytes,     259600 total
[2024-03-25T05:38:44.814+0000][7][gc,age      ] GC(146) - age  15:        120 bytes,     259720 total
[2024-03-25T05:38:44.814+0000][7][gc,phases   ] GC(146)   Pre Evacuate Collection Set: 0.1ms
[2024-03-25T05:38:44.814+0000][7][gc,phases   ] GC(146)   Merge Heap Roots: 0.5ms
[2024-03-25T05:38:44.814+0000][7][gc,phases   ] GC(146)   Evacuate Collection Set: 0.3ms
[2024-03-25T05:38:44.814+0000][7][gc,phases   ] GC(146)   Post Evacuate Collection Set: 0.6ms
[2024-03-25T05:38:44.814+0000][7][gc,phases   ] GC(146)   Other: 0.5ms
[2024-03-25T05:38:44.814+0000][7][gc,heap     ] GC(146) Eden regions: 152->0(152)
[2024-03-25T05:38:44.814+0000][7][gc,heap     ] GC(146) Survivor regions: 1->1(20)
[2024-03-25T05:38:44.814+0000][7][gc,heap     ] GC(146) Old regions: 21->21
[2024-03-25T05:38:44.814+0000][7][gc,heap     ] GC(146) Archive regions: 2->2
[2024-03-25T05:38:44.814+0000][7][gc,heap     ] GC(146) Humongous regions: 2->2
[2024-03-25T05:38:44.814+0000][7][gc,metaspace] GC(146) Metaspace: 101458K(105936K)->101458K(105936K) NonClass: 88418K(91728K)->88418K(91728K) Class: 13039K(14208K)->13039K(14208K)
[2024-03-25T05:38:44.814+0000][7][gc          ] GC(146) Pause Young (Normal) (G1 Evacuation Pause) 701M->94M(1024M) 2.118ms
[2024-03-25T05:38:44.814+0000][7][gc,cpu      ] GC(146) User=0.01s Sys=0.00s Real=0.00s
[2024-03-25T05:38:44.814+0000][7][safepoint   ] Safepoint "G1CollectForAllocation", Time since last: 8428058415011 ns, Reaching safepoint: 116209 ns, At safepoint: 2216787 ns, Total: 2332996 ns
[2024-03-25T11:34:15.072+0000][7][safepoint   ] Safepoint "Cleanup", Time since last: 21330257311421 ns, Reaching safepoint: 96290 ns, At safepoint: 3918 ns, Total: 100208 ns
[2024-03-25T11:50:36.130+0000][7][safepoint   ] Safepoint "Cleanup", Time since last: 981057874562 ns, Reaching safepoint: 97866 ns, At safepoint: 3636 ns, Total: 101502 ns
[2024-03-25T12:29:11.859+0000][7][gc,start    ] GC(147) Pause Young (Normal) (G1 Evacuation Pause)
[2024-03-25T12:29:11.859+0000][7][gc,task     ] GC(147) Using 13 workers of 13 for evacuation
[2024-03-25T12:29:11.859+0000][7][gc,age      ] GC(147) Desired survivor size 41943040 bytes, new threshold 15 (max threshold 15)
[2024-03-25T12:29:11.861+0000][7][gc,age      ] GC(147) Age table with threshold 15 (max threshold 15)
[2024-03-25T12:29:11.861+0000][7][gc,age      ] GC(147) - age   1:     223448 bytes,     223448 total
[2024-03-25T12:29:11.861+0000][7][gc,age      ] GC(147) - age   2:      61480 bytes,     284928 total
[2024-03-25T12:29:11.861+0000][7][gc,age      ] GC(147) - age   3:      34008 bytes,     318936 total
[2024-03-25T12:29:11.861+0000][7][gc,age      ] GC(147) - age   4:         80 bytes,     319016 total
[2024-03-25T12:29:11.861+0000][7][gc,age      ] GC(147) - age   5:      33544 bytes,     352560 total
[2024-03-25T12:29:11.861+0000][7][gc,age      ] GC(147) - age   6:      17032 bytes,     369592 total
[2024-03-25T12:29:11.861+0000][7][gc,age      ] GC(147) - age   9:        120 bytes,     369712 total
[2024-03-25T12:29:11.861+0000][7][gc,age      ] GC(147) - age  12:        808 bytes,     370520 total
[2024-03-25T12:29:11.861+0000][7][gc,age      ] GC(147) - age  13:        312 bytes,     370832 total
[2024-03-25T12:29:11.861+0000][7][gc,age      ] GC(147) - age  14:        488 bytes,     371320 total
[2024-03-25T12:29:11.861+0000][7][gc,age      ] GC(147) - age  15:         72 bytes,     371392 total
[2024-03-25T12:29:11.861+0000][7][gc,phases   ] GC(147)   Pre Evacuate Collection Set: 0.2ms
[2024-03-25T12:29:11.861+0000][7][gc,phases   ] GC(147)   Merge Heap Roots: 0.1ms
[2024-03-25T12:29:11.861+0000][7][gc,phases   ] GC(147)   Evacuate Collection Set: 1.1ms
[2024-03-25T12:29:11.861+0000][7][gc,phases   ] GC(147)   Post Evacuate Collection Set: 0.6ms
[2024-03-25T12:29:11.861+0000][7][gc,phases   ] GC(147)   Other: 0.4ms
[2024-03-25T12:29:11.861+0000][7][gc,heap     ] GC(147) Eden regions: 152->0(152)
[2024-03-25T12:29:11.861+0000][7][gc,heap     ] GC(147) Survivor regions: 1->1(20)
[2024-03-25T12:29:11.861+0000][7][gc,heap     ] GC(147) Old regions: 21->21
[2024-03-25T12:29:11.861+0000][7][gc,heap     ] GC(147) Archive regions: 2->2
[2024-03-25T12:29:11.861+0000][7][gc,heap     ] GC(147) Humongous regions: 2->2
[2024-03-25T12:29:11.861+0000][7][gc,metaspace] GC(147) Metaspace: 101461K(105936K)->101461K(105936K) NonClass: 88422K(91728K)->88422K(91728K) Class: 13039K(14208K)->13039K(14208K)
[2024-03-25T12:29:11.861+0000][7][gc          ] GC(147) Pause Young (Normal) (G1 Evacuation Pause) 702M->94M(1024M) 2.498ms
[2024-03-25T12:29:11.861+0000][7][gc,cpu      ] GC(147) User=0.00s Sys=0.00s Real=0.00s
[2024-03-25T12:29:11.861+0000][7][safepoint   ] Safepoint "G1CollectForAllocation", Time since last: 2315728755967 ns, Reaching safepoint: 118220 ns, At safepoint: 2590860 ns, Total: 2709080 ns
[2024-03-25T19:24:31.149+0000][7][gc,start    ] GC(148) Pause Young (Normal) (G1 Evacuation Pause)
[2024-03-25T19:24:31.149+0000][7][gc,task     ] GC(148) Using 13 workers of 13 for evacuation
[2024-03-25T19:24:31.149+0000][7][gc,age      ] GC(148) Desired survivor size 41943040 bytes, new threshold 15 (max threshold 15)
[2024-03-25T19:24:31.151+0000][7][gc,age      ] GC(148) Age table with threshold 15 (max threshold 15)
[2024-03-25T19:24:31.151+0000][7][gc,age      ] GC(148) - age   1:      45120 bytes,      45120 total
[2024-03-25T19:24:31.151+0000][7][gc,age      ] GC(148) - age   2:      33608 bytes,      78728 total
[2024-03-25T19:24:31.151+0000][7][gc,age      ] GC(148) - age   3:      19832 bytes,      98560 total
[2024-03-25T19:24:31.151+0000][7][gc,age      ] GC(148) - age   4:      17856 bytes,     116416 total
[2024-03-25T19:24:31.151+0000][7][gc,age      ] GC(148) - age   5:         80 bytes,     116496 total
[2024-03-25T19:24:31.151+0000][7][gc,age      ] GC(148) - age   6:       1040 bytes,     117536 total
[2024-03-25T19:24:31.151+0000][7][gc,age      ] GC(148) - age   7:        880 bytes,     118416 total
[2024-03-25T19:24:31.151+0000][7][gc,age      ] GC(148) - age  10:        120 bytes,     118536 total
[2024-03-25T19:24:31.151+0000][7][gc,age      ] GC(148) - age  13:        808 bytes,     119344 total
[2024-03-25T19:24:31.151+0000][7][gc,age      ] GC(148) - age  14:        312 bytes,     119656 total
[2024-03-25T19:24:31.151+0000][7][gc,age      ] GC(148) - age  15:        488 bytes,     120144 total
[2024-03-25T19:24:31.151+0000][7][gc,phases   ] GC(148)   Pre Evacuate Collection Set: 0.2ms
[2024-03-25T19:24:31.151+0000][7][gc,phases   ] GC(148)   Merge Heap Roots: 0.1ms
[2024-03-25T19:24:31.151+0000][7][gc,phases   ] GC(148)   Evacuate Collection Set: 0.8ms
[2024-03-25T19:24:31.151+0000][7][gc,phases   ] GC(148)   Post Evacuate Collection Set: 0.5ms
[2024-03-25T19:24:31.151+0000][7][gc,phases   ] GC(148)   Other: 0.5ms
[2024-03-25T19:24:31.151+0000][7][gc,heap     ] GC(148) Eden regions: 152->0(152)
[2024-03-25T19:24:31.151+0000][7][gc,heap     ] GC(148) Survivor regions: 1->1(20)
[2024-03-25T19:24:31.151+0000][7][gc,heap     ] GC(148) Old regions: 21->21
[2024-03-25T19:24:31.151+0000][7][gc,heap     ] GC(148) Archive regions: 2->2
[2024-03-25T19:24:31.151+0000][7][gc,heap     ] GC(148) Humongous regions: 2->2
[2024-03-25T19:24:31.151+0000][7][gc,metaspace] GC(148) Metaspace: 101463K(105936K)->101463K(105936K) NonClass: 88423K(91728K)->88423K(91728K) Class: 13039K(14208K)->13039K(14208K)
[2024-03-25T19:24:31.151+0000][7][gc          ] GC(148) Pause Young (Normal) (G1 Evacuation Pause) 702M->93M(1024M) 2.171ms
[2024-03-25T19:24:31.152+0000][7][gc,cpu      ] GC(148) User=0.01s Sys=0.00s Real=0.00s
[2024-03-25T19:24:31.152+0000][7][safepoint   ] Safepoint "G1CollectForAllocation", Time since last: 24919287899565 ns, Reaching safepoint: 96462 ns, At safepoint: 2263375 ns, Total: 2359837 ns
[2024-03-25T19:53:09.222+0000][7][safepoint   ] Safepoint "Cleanup", Time since last: 1718070682220 ns, Reaching safepoint: 99043 ns, At safepoint: 3829 ns, Total: 102872 ns
[2024-03-26T01:00:00.308+0000][7][safepoint   ] Safepoint "Cleanup", Time since last: 18411085334455 ns, Reaching safepoint: 84849 ns, At safepoint: 3334 ns, Total: 88183 ns
[2024-03-26T02:03:55.229+0000][7][gc,start    ] GC(149) Pause Young (Normal) (G1 Evacuation Pause)
[2024-03-26T02:03:55.229+0000][7][gc,task     ] GC(149) Using 13 workers of 13 for evacuation
[2024-03-26T02:03:55.229+0000][7][gc,age      ] GC(149) Desired survivor size 41943040 bytes, new threshold 15 (max threshold 15)
[2024-03-26T02:03:55.231+0000][7][gc,age      ] GC(149) Age table with threshold 15 (max threshold 15)
[2024-03-26T02:03:55.231+0000][7][gc,age      ] GC(149) - age   1:     358896 bytes,     358896 total
[2024-03-26T02:03:55.231+0000][7][gc,age      ] GC(149) - age   2:      16584 bytes,     375480 total
[2024-03-26T02:03:55.231+0000][7][gc,age      ] GC(149) - age   3:        576 bytes,     376056 total
[2024-03-26T02:03:55.231+0000][7][gc,age      ] GC(149) - age   4:       2360 bytes,     378416 total
[2024-03-26T02:03:55.231+0000][7][gc,age      ] GC(149) - age   5:        184 bytes,     378600 total
[2024-03-26T02:03:55.231+0000][7][gc,age      ] GC(149) - age   7:        688 bytes,     379288 total
[2024-03-26T02:03:55.231+0000][7][gc,age      ] GC(149) - age   8:        800 bytes,     380088 total
[2024-03-26T02:03:55.231+0000][7][gc,age      ] GC(149) - age  11:        120 bytes,     380208 total
[2024-03-26T02:03:55.231+0000][7][gc,age      ] GC(149) - age  14:        808 bytes,     381016 total
[2024-03-26T02:03:55.231+0000][7][gc,age      ] GC(149) - age  15:        312 bytes,     381328 total
[2024-03-26T02:03:55.231+0000][7][gc,phases   ] GC(149)   Pre Evacuate Collection Set: 0.2ms
[2024-03-26T02:03:55.231+0000][7][gc,phases   ] GC(149)   Merge Heap Roots: 0.1ms
[2024-03-26T02:03:55.231+0000][7][gc,phases   ] GC(149)   Evacuate Collection Set: 1.0ms
[2024-03-26T02:03:55.231+0000][7][gc,phases   ] GC(149)   Post Evacuate Collection Set: 0.6ms
[2024-03-26T02:03:55.231+0000][7][gc,phases   ] GC(149)   Other: 0.6ms
[2024-03-26T02:03:55.231+0000][7][gc,heap     ] GC(149) Eden regions: 152->0(152)
[2024-03-26T02:03:55.231+0000][7][gc,heap     ] GC(149) Survivor regions: 1->1(20)
[2024-03-26T02:03:55.231+0000][7][gc,heap     ] GC(149) Old regions: 21->21
[2024-03-26T02:03:55.231+0000][7][gc,heap     ] GC(149) Archive regions: 2->2
[2024-03-26T02:03:55.231+0000][7][gc,heap     ] GC(149) Humongous regions: 2->2
[2024-03-26T02:03:55.231+0000][7][gc,metaspace] GC(149) Metaspace: 101464K(105936K)->101464K(105936K) NonClass: 88425K(91728K)->88425K(91728K) Class: 13039K(14208K)->13039K(14208K)
[2024-03-26T02:03:55.231+0000][7][gc          ] GC(149) Pause Young (Normal) (G1 Evacuation Pause) 701M->94M(1024M) 2.521ms
[2024-03-26T02:03:55.231+0000][7][gc,cpu      ] GC(149) User=0.00s Sys=0.00s Real=0.00s
[2024-03-26T02:03:55.231+0000][7][safepoint   ] Safepoint "G1CollectForAllocation", Time since last: 3834920790991 ns, Reaching safepoint: 89654 ns, At safepoint: 2636089 ns, Total: 2725743 ns
[2024-03-26T02:03:58.232+0000][7][safepoint   ] Safepoint "Cleanup", Time since last: 3000203852 ns, Reaching safepoint: 88735 ns, At safepoint: 2887 ns, Total: 91622 ns
[2024-03-26T02:03:59.232+0000][7][safepoint   ] Safepoint "Cleanup", Time since last: 1000168256 ns, Reaching safepoint: 130909 ns, At safepoint: 2844 ns, Total: 133753 ns
[2024-03-26T02:04:01.232+0000][7][safepoint   ] Safepoint "Cleanup", Time since last: 2000239693 ns, Reaching safepoint: 78822 ns, At safepoint: 3339 ns, Total: 82161 ns
[2024-03-26T02:04:02.232+0000][7][safepoint   ] Safepoint "Cleanup", Time since last: 1000154664 ns, Reaching safepoint: 86351 ns, At safepoint: 5616 ns, Total: 91967 ns
[2024-03-26T02:18:37.285+0000][7][safepoint   ] Safepoint "Cleanup", Time since last: 875052503661 ns, Reaching safepoint: 97264 ns, At safepoint: 3472 ns, Total: 100736 ns
[2024-03-26T03:40:36.581+0000][7][safepoint   ] Safepoint "Cleanup", Time since last: 4919296047911 ns, Reaching safepoint: 89150 ns, At safepoint: 4084 ns, Total: 93234 ns
[2024-03-26T04:48:01.836+0000][7][safepoint   ] Safepoint "Cleanup", Time since last: 4045254274876 ns, Reaching safepoint: 91232 ns, At safepoint: 4056 ns, Total: 95288 ns
[2024-03-26T05:07:55.907+0000][7][safepoint   ] Safepoint "Cleanup", Time since last: 1194071521161 ns, Reaching safepoint: 108006 ns, At safepoint: 2483 ns, Total: 110489 ns
[2024-03-26T06:04:47.108+0000][7][safepoint   ] Safepoint "Cleanup", Time since last: 3411200884447 ns, Reaching safepoint: 93454 ns, At safepoint: 3731 ns, Total: 97185 ns
[2024-03-26T08:17:08.068+0000][7][gc,start    ] GC(150) Pause Young (Normal) (G1 Evacuation Pause)
[2024-03-26T08:17:08.068+0000][7][gc,task     ] GC(150) Using 13 workers of 13 for evacuation
[2024-03-26T08:17:08.068+0000][7][gc,age      ] GC(150) Desired survivor size 41943040 bytes, new threshold 15 (max threshold 15)
[2024-03-26T08:17:08.070+0000][7][gc,age      ] GC(150) Age table with threshold 15 (max threshold 15)
[2024-03-26T08:17:08.070+0000][7][gc,age      ] GC(150) - age   1:     338152 bytes,     338152 total
[2024-03-26T08:17:08.070+0000][7][gc,age      ] GC(150) - age   2:     343096 bytes,     681248 total
[2024-03-26T08:17:08.070+0000][7][gc,age      ] GC(150) - age   3:      16192 bytes,     697440 total
[2024-03-26T08:17:08.070+0000][7][gc,age      ] GC(150) - age   4:        376 bytes,     697816 total
[2024-03-26T08:17:08.070+0000][7][gc,age      ] GC(150) - age   5:       2280 bytes,     700096 total
[2024-03-26T08:17:08.070+0000][7][gc,age      ] GC(150) - age   6:        104 bytes,     700200 total
[2024-03-26T08:17:08.070+0000][7][gc,age      ] GC(150) - age   8:        448 bytes,     700648 total
[2024-03-26T08:17:08.070+0000][7][gc,age      ] GC(150) - age   9:        640 bytes,     701288 total
[2024-03-26T08:17:08.070+0000][7][gc,age      ] GC(150) - age  12:        120 bytes,     701408 total
[2024-03-26T08:17:08.070+0000][7][gc,age      ] GC(150) - age  15:        768 bytes,     702176 total
[2024-03-26T08:17:08.070+0000][7][gc,phases   ] GC(150)   Pre Evacuate Collection Set: 0.2ms
[2024-03-26T08:17:08.070+0000][7][gc,phases   ] GC(150)   Merge Heap Roots: 0.1ms
[2024-03-26T08:17:08.070+0000][7][gc,phases   ] GC(150)   Evacuate Collection Set: 1.0ms
[2024-03-26T08:17:08.070+0000][7][gc,phases   ] GC(150)   Post Evacuate Collection Set: 0.5ms
[2024-03-26T08:17:08.070+0000][7][gc,phases   ] GC(150)   Other: 0.4ms
[2024-03-26T08:17:08.070+0000][7][gc,heap     ] GC(150) Eden regions: 152->0(152)
[2024-03-26T08:17:08.070+0000][7][gc,heap     ] GC(150) Survivor regions: 1->1(20)
[2024-03-26T08:17:08.070+0000][7][gc,heap     ] GC(150) Old regions: 21->21
[2024-03-26T08:17:08.070+0000][7][gc,heap     ] GC(150) Archive regions: 2->2
[2024-03-26T08:17:08.070+0000][7][gc,heap     ] GC(150) Humongous regions: 2->2
[2024-03-26T08:17:08.070+0000][7][gc,metaspace] GC(150) Metaspace: 101470K(105936K)->101470K(105936K) NonClass: 88430K(91728K)->88430K(91728K) Class: 13039K(14208K)->13039K(14208K)
[2024-03-26T08:17:08.070+0000][7][gc          ] GC(150) Pause Young (Normal) (G1 Evacuation Pause) 702M->94M(1024M) 2.296ms
[2024-03-26T08:17:08.070+0000][7][gc,cpu      ] GC(150) User=0.01s Sys=0.00s Real=0.00s
[2024-03-26T08:17:08.070+0000][7][safepoint   ] Safepoint "G1CollectForAllocation", Time since last: 7940959627591 ns, Reaching safepoint: 85281 ns, At safepoint: 2386934 ns, Total: 2472215 ns
[2024-03-26T11:19:15.717+0000][7][safepoint   ] Safepoint "Cleanup", Time since last: 10927646234881 ns, Reaching safepoint: 87897 ns, At safepoint: 10186 ns, Total: 98083 ns
[2024-03-26T11:57:51.854+0000][7][safepoint   ] Safepoint "Cleanup", Time since last: 2316137389996 ns, Reaching safepoint: 87347 ns, At safepoint: 6297 ns, Total: 93644 ns
[2024-03-26T15:11:38.198+0000][7][gc,start    ] GC(151) Pause Young (Normal) (G1 Evacuation Pause)
[2024-03-26T15:11:38.198+0000][7][gc,task     ] GC(151) Using 13 workers of 13 for evacuation
[2024-03-26T15:11:38.198+0000][7][gc,age      ] GC(151) Desired survivor size 41943040 bytes, new threshold 15 (max threshold 15)
[2024-03-26T15:11:38.199+0000][7][gc,age      ] GC(151) Age table with threshold 15 (max threshold 15)
[2024-03-26T15:11:38.199+0000][7][gc,age      ] GC(151) - age   1:      37360 bytes,      37360 total
[2024-03-26T15:11:38.199+0000][7][gc,age      ] GC(151) - age   2:      56960 bytes,      94320 total
[2024-03-26T15:11:38.199+0000][7][gc,age      ] GC(151) - age   3:      36208 bytes,     130528 total
[2024-03-26T15:11:38.199+0000][7][gc,age      ] GC(151) - age   4:      16192 bytes,     146720 total
[2024-03-26T15:11:38.199+0000][7][gc,age      ] GC(151) - age   5:        336 bytes,     147056 total
[2024-03-26T15:11:38.200+0000][7][gc,age      ] GC(151) - age   6:       1824 bytes,     148880 total
[2024-03-26T15:11:38.200+0000][7][gc,age      ] GC(151) - age   7:        104 bytes,     148984 total
[2024-03-26T15:11:38.200+0000][7][gc,age      ] GC(151) - age   9:        448 bytes,     149432 total
[2024-03-26T15:11:38.200+0000][7][gc,age      ] GC(151) - age  10:        640 bytes,     150072 total
[2024-03-26T15:11:38.200+0000][7][gc,age      ] GC(151) - age  13:        120 bytes,     150192 total
[2024-03-26T15:11:38.200+0000][7][gc,phases   ] GC(151)   Pre Evacuate Collection Set: 0.1ms
[2024-03-26T15:11:38.200+0000][7][gc,phases   ] GC(151)   Merge Heap Roots: 0.1ms
[2024-03-26T15:11:38.200+0000][7][gc,phases   ] GC(151)   Evacuate Collection Set: 0.8ms
[2024-03-26T15:11:38.200+0000][7][gc,phases   ] GC(151)   Post Evacuate Collection Set: 0.5ms
[2024-03-26T15:11:38.200+0000][7][gc,phases   ] GC(151)   Other: 0.4ms
[2024-03-26T15:11:38.200+0000][7][gc,heap     ] GC(151) Eden regions: 152->0(152)
[2024-03-26T15:11:38.200+0000][7][gc,heap     ] GC(151) Survivor regions: 1->1(20)
[2024-03-26T15:11:38.200+0000][7][gc,heap     ] GC(151) Old regions: 21->21
[2024-03-26T15:11:38.200+0000][7][gc,heap     ] GC(151) Archive regions: 2->2
[2024-03-26T15:11:38.200+0000][7][gc,heap     ] GC(151) Humongous regions: 2->2
[2024-03-26T15:11:38.200+0000][7][gc,metaspace] GC(151) Metaspace: 101470K(105936K)->101470K(105936K) NonClass: 88430K(91728K)->88430K(91728K) Class: 13039K(14208K)->13039K(14208K)
[2024-03-26T15:11:38.200+0000][7][gc          ] GC(151) Pause Young (Normal) (G1 Evacuation Pause) 702M->93M(1024M) 2.062ms
[2024-03-26T15:11:38.200+0000][7][gc,cpu      ] GC(151) User=0.01s Sys=0.00s Real=0.00s
[2024-03-26T15:11:38.200+0000][7][safepoint   ] Safepoint "G1CollectForAllocation", Time since last: 11626343466130 ns, Reaching safepoint: 119785 ns, At safepoint: 2151417 ns, Total: 2271202 ns
[2024-03-26T22:04:35.148+0000][7][gc,start    ] GC(152) Pause Young (Normal) (G1 Evacuation Pause)
[2024-03-26T22:04:35.148+0000][7][gc,task     ] GC(152) Using 13 workers of 13 for evacuation
[2024-03-26T22:04:35.149+0000][7][gc,age      ] GC(152) Desired survivor size 41943040 bytes, new threshold 15 (max threshold 15)
[2024-03-26T22:04:35.150+0000][7][gc,age      ] GC(152) Age table with threshold 15 (max threshold 15)
[2024-03-26T22:04:35.150+0000][7][gc,age      ] GC(152) - age   1:      95672 bytes,      95672 total
[2024-03-26T22:04:35.150+0000][7][gc,age      ] GC(152) - age   2:       9176 bytes,     104848 total
[2024-03-26T22:04:35.150+0000][7][gc,age      ] GC(152) - age   3:      15688 bytes,     120536 total
[2024-03-26T22:04:35.150+0000][7][gc,age      ] GC(152) - age   4:       3568 bytes,     124104 total
[2024-03-26T22:04:35.150+0000][7][gc,age      ] GC(152) - age   5:         40 bytes,     124144 total
[2024-03-26T22:04:35.150+0000][7][gc,age      ] GC(152) - age   6:        336 bytes,     124480 total
[2024-03-26T22:04:35.150+0000][7][gc,age      ] GC(152) - age   7:       1824 bytes,     126304 total
[2024-03-26T22:04:35.150+0000][7][gc,age      ] GC(152) - age   8:        104 bytes,     126408 total
[2024-03-26T22:04:35.150+0000][7][gc,age      ] GC(152) - age  10:        448 bytes,     126856 total
[2024-03-26T22:04:35.150+0000][7][gc,age      ] GC(152) - age  11:        640 bytes,     127496 total
[2024-03-26T22:04:35.150+0000][7][gc,age      ] GC(152) - age  14:        120 bytes,     127616 total
[2024-03-26T22:04:35.150+0000][7][gc,phases   ] GC(152)   Pre Evacuate Collection Set: 0.1ms
[2024-03-26T22:04:35.150+0000][7][gc,phases   ] GC(152)   Merge Heap Roots: 0.1ms
[2024-03-26T22:04:35.150+0000][7][gc,phases   ] GC(152)   Evacuate Collection Set: 0.7ms
[2024-03-26T22:04:35.150+0000][7][gc,phases   ] GC(152)   Post Evacuate Collection Set: 0.6ms
[2024-03-26T22:04:35.150+0000][7][gc,phases   ] GC(152)   Other: 0.4ms
[2024-03-26T22:04:35.150+0000][7][gc,heap     ] GC(152) Eden regions: 152->0(152)
[2024-03-26T22:04:35.150+0000][7][gc,heap     ] GC(152) Survivor regions: 1->1(20)
[2024-03-26T22:04:35.150+0000][7][gc,heap     ] GC(152) Old regions: 21->21
[2024-03-26T22:04:35.150+0000][7][gc,heap     ] GC(152) Archive regions: 2->2
[2024-03-26T22:04:35.150+0000][7][gc,heap     ] GC(152) Humongous regions: 2->2
[2024-03-26T22:04:35.150+0000][7][gc,metaspace] GC(152) Metaspace: 101470K(105936K)->101470K(105936K) NonClass: 88430K(91728K)->88430K(91728K) Class: 13039K(14208K)->13039K(14208K)
[2024-03-26T22:04:35.150+0000][7][gc          ] GC(152) Pause Young (Normal) (G1 Evacuation Pause) 701M->93M(1024M) 2.019ms
[2024-03-26T22:04:35.150+0000][7][gc,cpu      ] GC(152) User=0.00s Sys=0.00s Real=0.00s
[2024-03-26T22:04:35.150+0000][7][safepoint   ] Safepoint "G1CollectForAllocation", Time since last: 24776948465655 ns, Reaching safepoint: 92546 ns, At safepoint: 2110601 ns, Total: 2203147 ns
[2024-03-27T01:30:00.886+0000][7][safepoint   ] Safepoint "Cleanup", Time since last: 12325735176205 ns, Reaching safepoint: 137658 ns, At safepoint: 4275 ns, Total: 141933 ns
[2024-03-27T03:27:17.307+0000][7][safepoint   ] Safepoint "Cleanup", Time since last: 7036420910888 ns, Reaching safepoint: 92401 ns, At safepoint: 3973 ns, Total: 96374 ns
[2024-03-27T04:53:55.586+0000][7][gc,start    ] GC(153) Pause Young (Normal) (G1 Evacuation Pause)
[2024-03-27T04:53:55.586+0000][7][gc,task     ] GC(153) Using 13 workers of 13 for evacuation
[2024-03-27T04:53:55.586+0000][7][gc,age      ] GC(153) Desired survivor size 41943040 bytes, new threshold 15 (max threshold 15)
[2024-03-27T04:53:55.588+0000][7][gc,age      ] GC(153) Age table with threshold 15 (max threshold 15)
[2024-03-27T04:53:55.588+0000][7][gc,age      ] GC(153) - age   1:     459440 bytes,     459440 total
[2024-03-27T04:53:55.588+0000][7][gc,age      ] GC(153) - age   2:      40480 bytes,     499920 total
[2024-03-27T04:53:55.588+0000][7][gc,age      ] GC(153) - age   3:       8864 bytes,     508784 total
[2024-03-27T04:53:55.588+0000][7][gc,age      ] GC(153) - age   4:      10288 bytes,     519072 total
[2024-03-27T04:53:55.588+0000][7][gc,age      ] GC(153) - age   5:       1088 bytes,     520160 total
[2024-03-27T04:53:55.588+0000][7][gc,age      ] GC(153) - age   7:        336 bytes,     520496 total
[2024-03-27T04:53:55.588+0000][7][gc,age      ] GC(153) - age   8:       1744 bytes,     522240 total
[2024-03-27T04:53:55.588+0000][7][gc,age      ] GC(153) - age   9:        104 bytes,     522344 total
[2024-03-27T04:53:55.588+0000][7][gc,age      ] GC(153) - age  11:        448 bytes,     522792 total
[2024-03-27T04:53:55.588+0000][7][gc,age      ] GC(153) - age  12:        640 bytes,     523432 total
[2024-03-27T04:53:55.588+0000][7][gc,age      ] GC(153) - age  15:        120 bytes,     523552 total
[2024-03-27T04:53:55.588+0000][7][gc,phases   ] GC(153)   Pre Evacuate Collection Set: 0.2ms
[2024-03-27T04:53:55.588+0000][7][gc,phases   ] GC(153)   Merge Heap Roots: 0.1ms
[2024-03-27T04:53:55.588+0000][7][gc,phases   ] GC(153)   Evacuate Collection Set: 0.7ms
[2024-03-27T04:53:55.588+0000][7][gc,phases   ] GC(153)   Post Evacuate Collection Set: 0.6ms
[2024-03-27T04:53:55.588+0000][7][gc,phases   ] GC(153)   Other: 0.4ms
[2024-03-27T04:53:55.588+0000][7][gc,heap     ] GC(153) Eden regions: 152->0(152)
[2024-03-27T04:53:55.588+0000][7][gc,heap     ] GC(153) Survivor regions: 1->1(20)
[2024-03-27T04:53:55.588+0000][7][gc,heap     ] GC(153) Old regions: 21->21
[2024-03-27T04:53:55.588+0000][7][gc,heap     ] GC(153) Archive regions: 2->2
[2024-03-27T04:53:55.588+0000][7][gc,heap     ] GC(153) Humongous regions: 2->2
[2024-03-27T04:53:55.588+0000][7][gc,metaspace] GC(153) Metaspace: 101473K(105936K)->101473K(105936K) NonClass: 88433K(91728K)->88433K(91728K) Class: 13039K(14208K)->13039K(14208K)
[2024-03-27T04:53:55.588+0000][7][gc          ] GC(153) Pause Young (Normal) (G1 Evacuation Pause) 701M->94M(1024M) 2.095ms
[2024-03-27T04:53:55.588+0000][7][gc,cpu      ] GC(153) User=0.00s Sys=0.00s Real=0.01s
[2024-03-27T04:53:55.588+0000][7][safepoint   ] Safepoint "G1CollectForAllocation", Time since last: 5198279047370 ns, Reaching safepoint: 91186 ns, At safepoint: 2189907 ns, Total: 2281093 ns
[2024-03-27T11:46:45.896+0000][7][gc,start    ] GC(154) Pause Young (Normal) (G1 Evacuation Pause)
[2024-03-27T11:46:45.896+0000][7][gc,task     ] GC(154) Using 13 workers of 13 for evacuation
[2024-03-27T11:46:45.896+0000][7][gc,age      ] GC(154) Desired survivor size 41943040 bytes, new threshold 15 (max threshold 15)
[2024-03-27T11:46:45.898+0000][7][gc,age      ] GC(154) Age table with threshold 15 (max threshold 15)
[2024-03-27T11:46:45.898+0000][7][gc,age      ] GC(154) - age   1:      47336 bytes,      47336 total
[2024-03-27T11:46:45.898+0000][7][gc,age      ] GC(154) - age   2:     159792 bytes,     207128 total
[2024-03-27T11:46:45.898+0000][7][gc,age      ] GC(154) - age   3:       8136 bytes,     215264 total
[2024-03-27T11:46:45.898+0000][7][gc,age      ] GC(154) - age   4:       8512 bytes,     223776 total
[2024-03-27T11:46:45.898+0000][7][gc,age      ] GC(154) - age   5:      10208 bytes,     233984 total
[2024-03-27T11:46:45.898+0000][7][gc,age      ] GC(154) - age   6:       1088 bytes,     235072 total
[2024-03-27T11:46:45.898+0000][7][gc,age      ] GC(154) - age   8:        336 bytes,     235408 total
[2024-03-27T11:46:45.898+0000][7][gc,age      ] GC(154) - age   9:       1392 bytes,     236800 total
[2024-03-27T11:46:45.899+0000][7][gc,age      ] GC(154) - age  10:        104 bytes,     236904 total
[2024-03-27T11:46:45.899+0000][7][gc,age      ] GC(154) - age  12:        448 bytes,     237352 total
[2024-03-27T11:46:45.899+0000][7][gc,age      ] GC(154) - age  13:        640 bytes,     237992 total
[2024-03-27T11:46:45.899+0000][7][gc,phases   ] GC(154)   Pre Evacuate Collection Set: 0.2ms
[2024-03-27T11:46:45.899+0000][7][gc,phases   ] GC(154)   Merge Heap Roots: 0.1ms
[2024-03-27T11:46:45.899+0000][7][gc,phases   ] GC(154)   Evacuate Collection Set: 1.1ms
[2024-03-27T11:46:45.899+0000][7][gc,phases   ] GC(154)   Post Evacuate Collection Set: 0.5ms
[2024-03-27T11:46:45.899+0000][7][gc,phases   ] GC(154)   Other: 0.4ms
[2024-03-27T11:46:45.899+0000][7][gc,heap     ] GC(154) Eden regions: 152->0(152)
[2024-03-27T11:46:45.899+0000][7][gc,heap     ] GC(154) Survivor regions: 1->1(20)
[2024-03-27T11:46:45.899+0000][7][gc,heap     ] GC(154) Old regions: 21->21
[2024-03-27T11:46:45.899+0000][7][gc,heap     ] GC(154) Archive regions: 2->2
[2024-03-27T11:46:45.899+0000][7][gc,heap     ] GC(154) Humongous regions: 2->2
[2024-03-27T11:46:45.899+0000][7][gc,metaspace] GC(154) Metaspace: 101474K(105936K)->101474K(105936K) NonClass: 88435K(91728K)->88435K(91728K) Class: 13039K(14208K)->13039K(14208K)
[2024-03-27T11:46:45.899+0000][7][gc          ] GC(154) Pause Young (Normal) (G1 Evacuation Pause) 702M->94M(1024M) 2.513ms
[2024-03-27T11:46:45.899+0000][7][gc,cpu      ] GC(154) User=0.01s Sys=0.00s Real=0.01s
[2024-03-27T11:46:45.899+0000][7][safepoint   ] Safepoint "G1CollectForAllocation", Time since last: 24770307957754 ns, Reaching safepoint: 83936 ns, At safepoint: 2604587 ns, Total: 2688523 ns
[2024-03-27T17:22:41.112+0000][7][safepoint   ] Safepoint "Cleanup", Time since last: 20155213417147 ns, Reaching safepoint: 98666 ns, At safepoint: 4115 ns, Total: 102781 ns
[2024-03-27T18:36:36.085+0000][7][gc,start    ] GC(155) Pause Young (Normal) (G1 Evacuation Pause)
[2024-03-27T18:36:36.085+0000][7][gc,task     ] GC(155) Using 13 workers of 13 for evacuation
[2024-03-27T18:36:36.085+0000][7][gc,age      ] GC(155) Desired survivor size 41943040 bytes, new threshold 15 (max threshold 15)
[2024-03-27T18:36:36.087+0000][7][gc,age      ] GC(155) Age table with threshold 15 (max threshold 15)
[2024-03-27T18:36:36.088+0000][7][gc,age      ] GC(155) - age   1:      52400 bytes,      52400 total
[2024-03-27T18:36:36.088+0000][7][gc,age      ] GC(155) - age   2:       1952 bytes,      54352 total
[2024-03-27T18:36:36.088+0000][7][gc,age      ] GC(155) - age   3:      61904 bytes,     116256 total
[2024-03-27T18:36:36.088+0000][7][gc,age      ] GC(155) - age   4:        120 bytes,     116376 total
[2024-03-27T18:36:36.088+0000][7][gc,age      ] GC(155) - age   5:         80 bytes,     116456 total
[2024-03-27T18:36:36.088+0000][7][gc,age      ] GC(155) - age   6:      10208 bytes,     126664 total
[2024-03-27T18:36:36.088+0000][7][gc,age      ] GC(155) - age   7:       1088 bytes,     127752 total
[2024-03-27T18:36:36.088+0000][7][gc,age      ] GC(155) - age   9:         40 bytes,     127792 total
[2024-03-27T18:36:36.088+0000][7][gc,age      ] GC(155) - age  10:       1392 bytes,     129184 total
[2024-03-27T18:36:36.088+0000][7][gc,age      ] GC(155) - age  11:        104 bytes,     129288 total
[2024-03-27T18:36:36.088+0000][7][gc,age      ] GC(155) - age  13:        448 bytes,     129736 total
[2024-03-27T18:36:36.088+0000][7][gc,age      ] GC(155) - age  14:        640 bytes,     130376 total
[2024-03-27T18:36:36.088+0000][7][gc,phases   ] GC(155)   Pre Evacuate Collection Set: 0.2ms
[2024-03-27T18:36:36.088+0000][7][gc,phases   ] GC(155)   Merge Heap Roots: 0.1ms
[2024-03-27T18:36:36.088+0000][7][gc,phases   ] GC(155)   Evacuate Collection Set: 1.7ms
[2024-03-27T18:36:36.088+0000][7][gc,phases   ] GC(155)   Post Evacuate Collection Set: 0.6ms
[2024-03-27T18:36:36.088+0000][7][gc,phases   ] GC(155)   Other: 0.5ms
[2024-03-27T18:36:36.088+0000][7][gc,heap     ] GC(155) Eden regions: 152->0(152)
[2024-03-27T18:36:36.088+0000][7][gc,heap     ] GC(155) Survivor regions: 1->1(20)
[2024-03-27T18:36:36.088+0000][7][gc,heap     ] GC(155) Old regions: 21->21
[2024-03-27T18:36:36.088+0000][7][gc,heap     ] GC(155) Archive regions: 2->2
[2024-03-27T18:36:36.088+0000][7][gc,heap     ] GC(155) Humongous regions: 2->2
[2024-03-27T18:36:36.088+0000][7][gc,metaspace] GC(155) Metaspace: 101474K(105936K)->101474K(105936K) NonClass: 88435K(91728K)->88435K(91728K) Class: 13039K(14208K)->13039K(14208K)
[2024-03-27T18:36:36.088+0000][7][gc          ] GC(155) Pause Young (Normal) (G1 Evacuation Pause) 702M->93M(1024M) 3.216ms
[2024-03-27T18:36:36.088+0000][7][gc,cpu      ] GC(155) User=0.01s Sys=0.00s Real=0.01s
[2024-03-27T18:36:36.088+0000][7][safepoint   ] Safepoint "G1CollectForAllocation", Time since last: 4434972141729 ns, Reaching safepoint: 173339 ns, At safepoint: 3318642 ns, Total: 3491981 ns
[2024-03-28T01:28:35.211+0000][7][gc,start    ] GC(156) Pause Young (Normal) (G1 Evacuation Pause)
[2024-03-28T01:28:35.211+0000][7][gc,task     ] GC(156) Using 13 workers of 13 for evacuation
[2024-03-28T01:28:35.211+0000][7][gc,age      ] GC(156) Desired survivor size 41943040 bytes, new threshold 15 (max threshold 15)
[2024-03-28T01:28:35.212+0000][7][gc,age      ] GC(156) Age table with threshold 15 (max threshold 15)
[2024-03-28T01:28:35.212+0000][7][gc,age      ] GC(156) - age   1:     174280 bytes,     174280 total
[2024-03-28T01:28:35.212+0000][7][gc,age      ] GC(156) - age   2:      17728 bytes,     192008 total
[2024-03-28T01:28:35.212+0000][7][gc,age      ] GC(156) - age   3:       1616 bytes,     193624 total
[2024-03-28T01:28:35.212+0000][7][gc,age      ] GC(156) - age   4:      36752 bytes,     230376 total
[2024-03-28T01:28:35.213+0000][7][gc,age      ] GC(156) - age   6:         40 bytes,     230416 total
[2024-03-28T01:28:35.213+0000][7][gc,age      ] GC(156) - age   7:      10208 bytes,     240624 total
[2024-03-28T01:28:35.213+0000][7][gc,age      ] GC(156) - age   8:       1088 bytes,     241712 total
[2024-03-28T01:28:35.213+0000][7][gc,age      ] GC(156) - age  10:         40 bytes,     241752 total
[2024-03-28T01:28:35.213+0000][7][gc,age      ] GC(156) - age  11:       1392 bytes,     243144 total
[2024-03-28T01:28:35.213+0000][7][gc,age      ] GC(156) - age  12:        104 bytes,     243248 total
[2024-03-28T01:28:35.213+0000][7][gc,age      ] GC(156) - age  14:        448 bytes,     243696 total
[2024-03-28T01:28:35.213+0000][7][gc,age      ] GC(156) - age  15:        640 bytes,     244336 total
[2024-03-28T01:28:35.213+0000][7][gc,phases   ] GC(156)   Pre Evacuate Collection Set: 0.1ms
[2024-03-28T01:28:35.213+0000][7][gc,phases   ] GC(156)   Merge Heap Roots: 0.1ms
[2024-03-28T01:28:35.213+0000][7][gc,phases   ] GC(156)   Evacuate Collection Set: 0.5ms
[2024-03-28T01:28:35.213+0000][7][gc,phases   ] GC(156)   Post Evacuate Collection Set: 0.5ms
[2024-03-28T01:28:35.213+0000][7][gc,phases   ] GC(156)   Other: 0.4ms
[2024-03-28T01:28:35.213+0000][7][gc,heap     ] GC(156) Eden regions: 152->0(152)
[2024-03-28T01:28:35.213+0000][7][gc,heap     ] GC(156) Survivor regions: 1->1(20)
[2024-03-28T01:28:35.213+0000][7][gc,heap     ] GC(156) Old regions: 21->21
[2024-03-28T01:28:35.213+0000][7][gc,heap     ] GC(156) Archive regions: 2->2
[2024-03-28T01:28:35.213+0000][7][gc,heap     ] GC(156) Humongous regions: 2->2
[2024-03-28T01:28:35.213+0000][7][gc,metaspace] GC(156) Metaspace: 101474K(105936K)->101474K(105936K) NonClass: 88435K(91728K)->88435K(91728K) Class: 13039K(14208K)->13039K(14208K)
[2024-03-28T01:28:35.213+0000][7][gc          ] GC(156) Pause Young (Normal) (G1 Evacuation Pause) 701M->94M(1024M) 1.856ms
[2024-03-28T01:28:35.213+0000][7][gc,cpu      ] GC(156) User=0.00s Sys=0.00s Real=0.00s
[2024-03-28T01:28:35.213+0000][7][safepoint   ] Safepoint "G1CollectForAllocation", Time since last: 24719122855562 ns, Reaching safepoint: 91699 ns, At safepoint: 1949092 ns, Total: 2040791 ns
[2024-03-28T02:24:37.417+0000][7][safepoint   ] Safepoint "Cleanup", Time since last: 3362204495316 ns, Reaching safepoint: 86127 ns, At safepoint: 2745 ns, Total: 88872 ns
[2024-03-28T03:01:09.552+0000][7][safepoint   ] Safepoint "Cleanup", Time since last: 2192134242499 ns, Reaching safepoint: 96644 ns, At safepoint: 11984 ns, Total: 108628 ns
[2024-03-28T06:14:39.258+0000][7][safepoint   ] Safepoint "Cleanup", Time since last: 11609706172304 ns, Reaching safepoint: 118901 ns, At safepoint: 4109 ns, Total: 123010 ns
[2024-03-28T08:17:18.865+0000][7][gc,start    ] GC(157) Pause Young (Normal) (G1 Evacuation Pause)
[2024-03-28T08:17:18.865+0000][7][gc,task     ] GC(157) Using 13 workers of 13 for evacuation
[2024-03-28T08:17:18.865+0000][7][gc,age      ] GC(157) Desired survivor size 41943040 bytes, new threshold 15 (max threshold 15)
[2024-03-28T08:17:18.866+0000][7][gc,age      ] GC(157) Age table with threshold 15 (max threshold 15)
[2024-03-28T08:17:18.866+0000][7][gc,age      ] GC(157) - age   1:     195648 bytes,     195648 total
[2024-03-28T08:17:18.866+0000][7][gc,age      ] GC(157) - age   2:     146144 bytes,     341792 total
[2024-03-28T08:17:18.866+0000][7][gc,age      ] GC(157) - age   3:      16504 bytes,     358296 total
[2024-03-28T08:17:18.866+0000][7][gc,age      ] GC(157) - age   4:        848 bytes,     359144 total
[2024-03-28T08:17:18.866+0000][7][gc,age      ] GC(157) - age   5:      35376 bytes,     394520 total
[2024-03-28T08:17:18.866+0000][7][gc,age      ] GC(157) - age   8:      10168 bytes,     404688 total
[2024-03-28T08:17:18.866+0000][7][gc,age      ] GC(157) - age   9:       1008 bytes,     405696 total
[2024-03-28T08:17:18.866+0000][7][gc,age      ] GC(157) - age  11:         40 bytes,     405736 total
[2024-03-28T08:17:18.866+0000][7][gc,age      ] GC(157) - age  12:       1392 bytes,     407128 total
[2024-03-28T08:17:18.866+0000][7][gc,age      ] GC(157) - age  13:        104 bytes,     407232 total
[2024-03-28T08:17:18.866+0000][7][gc,age      ] GC(157) - age  15:        448 bytes,     407680 total
[2024-03-28T08:17:18.866+0000][7][gc,phases   ] GC(157)   Pre Evacuate Collection Set: 0.2ms
[2024-03-28T08:17:18.866+0000][7][gc,phases   ] GC(157)   Merge Heap Roots: 0.1ms
[2024-03-28T08:17:18.866+0000][7][gc,phases   ] GC(157)   Evacuate Collection Set: 0.5ms
[2024-03-28T08:17:18.866+0000][7][gc,phases   ] GC(157)   Post Evacuate Collection Set: 0.5ms
[2024-03-28T08:17:18.867+0000][7][gc,phases   ] GC(157)   Other: 0.4ms
[2024-03-28T08:17:18.867+0000][7][gc,heap     ] GC(157) Eden regions: 152->0(152)
[2024-03-28T08:17:18.867+0000][7][gc,heap     ] GC(157) Survivor regions: 1->1(20)
[2024-03-28T08:17:18.867+0000][7][gc,heap     ] GC(157) Old regions: 21->21
[2024-03-28T08:17:18.867+0000][7][gc,heap     ] GC(157) Archive regions: 2->2
[2024-03-28T08:17:18.867+0000][7][gc,heap     ] GC(157) Humongous regions: 2->2
[2024-03-28T08:17:18.867+0000][7][gc,metaspace] GC(157) Metaspace: 101478K(105936K)->101478K(105936K) NonClass: 88439K(91728K)->88439K(91728K) Class: 13039K(14208K)->13039K(14208K)
[2024-03-28T08:17:18.867+0000][7][gc          ] GC(157) Pause Young (Normal) (G1 Evacuation Pause) 702M->94M(1024M) 1.979ms
[2024-03-28T08:17:18.867+0000][7][gc,cpu      ] GC(157) User=0.00s Sys=0.00s Real=0.01s
[2024-03-28T08:17:18.867+0000][7][safepoint   ] Safepoint "G1CollectForAllocation", Time since last: 7359606388726 ns, Reaching safepoint: 132549 ns, At safepoint: 2088351 ns, Total: 2220900 ns
[2024-03-28T08:38:49.939+0000][7][safepoint   ] Safepoint "Cleanup", Time since last: 1291072707289 ns, Reaching safepoint: 91211 ns, At safepoint: 2797 ns, Total: 94008 ns
[2024-03-28T12:15:26.784+0000][7][safepoint   ] Safepoint "Cleanup", Time since last: 12996844358332 ns, Reaching safepoint: 84255 ns, At safepoint: 3747 ns, Total: 88002 ns
[2024-03-28T12:15:30.784+0000][7][safepoint   ] Safepoint "Cleanup", Time since last: 4000336113 ns, Reaching safepoint: 124290 ns, At safepoint: 2559 ns, Total: 126849 ns
[2024-03-28T14:59:37.123+0000][7][gc,start    ] GC(158) Pause Young (Normal) (G1 Evacuation Pause)
[2024-03-28T14:59:37.123+0000][7][gc,task     ] GC(158) Using 13 workers of 13 for evacuation
[2024-03-28T14:59:37.123+0000][7][gc,age      ] GC(158) Desired survivor size 41943040 bytes, new threshold 15 (max threshold 15)
[2024-03-28T14:59:37.125+0000][7][gc,age      ] GC(158) Age table with threshold 15 (max threshold 15)
[2024-03-28T14:59:37.125+0000][7][gc,age      ] GC(158) - age   1:     400600 bytes,     400600 total
[2024-03-28T14:59:37.125+0000][7][gc,age      ] GC(158) - age   2:     124040 bytes,     524640 total
[2024-03-28T14:59:37.125+0000][7][gc,age      ] GC(158) - age   3:      81360 bytes,     606000 total
[2024-03-28T14:59:37.125+0000][7][gc,age      ] GC(158) - age   4:      16192 bytes,     622192 total
[2024-03-28T14:59:37.125+0000][7][gc,age      ] GC(158) - age   5:         40 bytes,     622232 total
[2024-03-28T14:59:37.125+0000][7][gc,age      ] GC(158) - age   6:      34512 bytes,     656744 total
[2024-03-28T14:59:37.125+0000][7][gc,age      ] GC(158) - age   9:      10048 bytes,     666792 total
[2024-03-28T14:59:37.125+0000][7][gc,age      ] GC(158) - age  10:        808 bytes,     667600 total
[2024-03-28T14:59:37.125+0000][7][gc,age      ] GC(158) - age  13:       1392 bytes,     668992 total
[2024-03-28T14:59:37.125+0000][7][gc,age      ] GC(158) - age  14:        104 bytes,     669096 total
[2024-03-28T14:59:37.125+0000][7][gc,phases   ] GC(158)   Pre Evacuate Collection Set: 0.3ms
[2024-03-28T14:59:37.125+0000][7][gc,phases   ] GC(158)   Merge Heap Roots: 0.1ms
[2024-03-28T14:59:37.125+0000][7][gc,phases   ] GC(158)   Evacuate Collection Set: 0.8ms
[2024-03-28T14:59:37.125+0000][7][gc,phases   ] GC(158)   Post Evacuate Collection Set: 0.7ms
[2024-03-28T14:59:37.125+0000][7][gc,phases   ] GC(158)   Other: 0.5ms
[2024-03-28T14:59:37.125+0000][7][gc,heap     ] GC(158) Eden regions: 152->0(152)
[2024-03-28T14:59:37.125+0000][7][gc,heap     ] GC(158) Survivor regions: 1->1(20)
[2024-03-28T14:59:37.125+0000][7][gc,heap     ] GC(158) Old regions: 21->21
[2024-03-28T14:59:37.125+0000][7][gc,heap     ] GC(158) Archive regions: 2->2
[2024-03-28T14:59:37.125+0000][7][gc,heap     ] GC(158) Humongous regions: 2->2
[2024-03-28T14:59:37.125+0000][7][gc,metaspace] GC(158) Metaspace: 101524K(105936K)->101524K(105936K) NonClass: 88484K(91728K)->88484K(91728K) Class: 13039K(14208K)->13039K(14208K)
[2024-03-28T14:59:37.125+0000][7][gc          ] GC(158) Pause Young (Normal) (G1 Evacuation Pause) 702M->94M(1024M) 2.484ms
[2024-03-28T14:59:37.125+0000][7][gc,cpu      ] GC(158) User=0.01s Sys=0.01s Real=0.00s
[2024-03-28T14:59:37.125+0000][7][safepoint   ] Safepoint "G1CollectForAllocation", Time since last: 9846338098918 ns, Reaching safepoint: 85470 ns, At safepoint: 2587351 ns, Total: 2672821 ns
[2024-03-28T18:01:11.765+0000][7][safepoint   ] Safepoint "Cleanup", Time since last: 10894639285931 ns, Reaching safepoint: 89867 ns, At safepoint: 3680 ns, Total: 93547 ns
[2024-03-28T18:08:43.791+0000][7][safepoint   ] Safepoint "Cleanup", Time since last: 452026839252 ns, Reaching safepoint: 87553 ns, At safepoint: 3600 ns, Total: 91153 ns
[2024-03-28T21:47:07.330+0000][7][gc,start    ] GC(159) Pause Young (Normal) (G1 Evacuation Pause)
[2024-03-28T21:47:07.330+0000][7][gc,task     ] GC(159) Using 13 workers of 13 for evacuation
[2024-03-28T21:47:07.330+0000][7][gc,age      ] GC(159) Desired survivor size 41943040 bytes, new threshold 15 (max threshold 15)
[2024-03-28T21:47:07.332+0000][7][gc,age      ] GC(159) Age table with threshold 15 (max threshold 15)
[2024-03-28T21:47:07.332+0000][7][gc,age      ] GC(159) - age   1:     110704 bytes,     110704 total
[2024-03-28T21:47:07.332+0000][7][gc,age      ] GC(159) - age   2:     238840 bytes,     349544 total
[2024-03-28T21:47:07.333+0000][7][gc,age      ] GC(159) - age   3:      42328 bytes,     391872 total
[2024-03-28T21:47:07.333+0000][7][gc,age      ] GC(159) - age   4:      48896 bytes,     440768 total
[2024-03-28T21:47:07.333+0000][7][gc,age      ] GC(159) - age   5:      16192 bytes,     456960 total
[2024-03-28T21:47:07.333+0000][7][gc,age      ] GC(159) - age   7:      34512 bytes,     491472 total
[2024-03-28T21:47:07.333+0000][7][gc,age      ] GC(159) - age  10:      10048 bytes,     501520 total
[2024-03-28T21:47:07.333+0000][7][gc,age      ] GC(159) - age  11:        808 bytes,     502328 total
[2024-03-28T21:47:07.333+0000][7][gc,age      ] GC(159) - age  14:       1392 bytes,     503720 total
[2024-03-28T21:47:07.333+0000][7][gc,age      ] GC(159) - age  15:        104 bytes,     503824 total
[2024-03-28T21:47:07.333+0000][7][gc,phases   ] GC(159)   Pre Evacuate Collection Set: 0.2ms
[2024-03-28T21:47:07.333+0000][7][gc,phases   ] GC(159)   Merge Heap Roots: 0.1ms
[2024-03-28T21:47:07.333+0000][7][gc,phases   ] GC(159)   Evacuate Collection Set: 1.2ms
[2024-03-28T21:47:07.333+0000][7][gc,phases   ] GC(159)   Post Evacuate Collection Set: 0.5ms
[2024-03-28T21:47:07.333+0000][7][gc,phases   ] GC(159)   Other: 0.5ms
[2024-03-28T21:47:07.333+0000][7][gc,heap     ] GC(159) Eden regions: 152->0(152)
[2024-03-28T21:47:07.333+0000][7][gc,heap     ] GC(159) Survivor regions: 1->1(20)
[2024-03-28T21:47:07.333+0000][7][gc,heap     ] GC(159) Old regions: 21->21
[2024-03-28T21:47:07.333+0000][7][gc,heap     ] GC(159) Archive regions: 2->2
[2024-03-28T21:47:07.333+0000][7][gc,heap     ] GC(159) Humongous regions: 2->2
[2024-03-28T21:47:07.333+0000][7][gc,metaspace] GC(159) Metaspace: 101533K(106192K)->101533K(106192K) NonClass: 88493K(91984K)->88493K(91984K) Class: 13040K(14208K)->13040K(14208K)
[2024-03-28T21:47:07.333+0000][7][gc          ] GC(159) Pause Young (Normal) (G1 Evacuation Pause) 702M->94M(1024M) 2.596ms
[2024-03-28T21:47:07.333+0000][7][gc,cpu      ] GC(159) User=0.01s Sys=0.00s Real=0.00s
[2024-03-28T21:47:07.333+0000][7][safepoint   ] Safepoint "G1CollectForAllocation", Time since last: 13103538560198 ns, Reaching safepoint: 128873 ns, At safepoint: 2687749 ns, Total: 2816622 ns
[2024-03-29T01:38:00.143+0000][7][safepoint   ] Safepoint "Cleanup", Time since last: 13852810513176 ns, Reaching safepoint: 115040 ns, At safepoint: 4187 ns, Total: 119227 ns
[2024-03-29T02:41:45.368+0000][7][safepoint   ] Safepoint "Cleanup", Time since last: 3825224488698 ns, Reaching safepoint: 118378 ns, At safepoint: 3986 ns, Total: 122364 ns
[2024-03-29T04:27:59.853+0000][7][gc,start    ] GC(160) Pause Young (Normal) (G1 Evacuation Pause)
[2024-03-29T04:27:59.853+0000][7][gc,task     ] GC(160) Using 13 workers of 13 for evacuation
[2024-03-29T04:27:59.853+0000][7][gc,age      ] GC(160) Desired survivor size 41943040 bytes, new threshold 15 (max threshold 15)
[2024-03-29T04:27:59.855+0000][7][gc,age      ] GC(160) Age table with threshold 15 (max threshold 15)
[2024-03-29T04:27:59.855+0000][7][gc,age      ] GC(160) - age   1:     212408 bytes,     212408 total
[2024-03-29T04:27:59.855+0000][7][gc,age      ] GC(160) - age   2:      91832 bytes,     304240 total
[2024-03-29T04:27:59.855+0000][7][gc,age      ] GC(160) - age   3:     140064 bytes,     444304 total
[2024-03-29T04:27:59.856+0000][7][gc,age      ] GC(160) - age   4:       8856 bytes,     453160 total
[2024-03-29T04:27:59.856+0000][7][gc,age      ] GC(160) - age   5:      32464 bytes,     485624 total
[2024-03-29T04:27:59.856+0000][7][gc,age      ] GC(160) - age   6:      16192 bytes,     501816 total
[2024-03-29T04:27:59.856+0000][7][gc,age      ] GC(160) - age   8:      34512 bytes,     536328 total
[2024-03-29T04:27:59.856+0000][7][gc,age      ] GC(160) - age  11:      10048 bytes,     546376 total
[2024-03-29T04:27:59.856+0000][7][gc,age      ] GC(160) - age  12:        808 bytes,     547184 total
[2024-03-29T04:27:59.856+0000][7][gc,age      ] GC(160) - age  15:       1392 bytes,     548576 total
[2024-03-29T04:27:59.856+0000][7][gc,phases   ] GC(160)   Pre Evacuate Collection Set: 0.2ms
[2024-03-29T04:27:59.856+0000][7][gc,phases   ] GC(160)   Merge Heap Roots: 0.2ms
[2024-03-29T04:27:59.856+0000][7][gc,phases   ] GC(160)   Evacuate Collection Set: 1.2ms
[2024-03-29T04:27:59.856+0000][7][gc,phases   ] GC(160)   Post Evacuate Collection Set: 0.5ms
[2024-03-29T04:27:59.856+0000][7][gc,phases   ] GC(160)   Other: 0.4ms
[2024-03-29T04:27:59.856+0000][7][gc,heap     ] GC(160) Eden regions: 152->0(152)
[2024-03-29T04:27:59.856+0000][7][gc,heap     ] GC(160) Survivor regions: 1->1(20)
[2024-03-29T04:27:59.856+0000][7][gc,heap     ] GC(160) Old regions: 21->21
[2024-03-29T04:27:59.856+0000][7][gc,heap     ] GC(160) Archive regions: 2->2
[2024-03-29T04:27:59.856+0000][7][gc,heap     ] GC(160) Humongous regions: 2->2
[2024-03-29T04:27:59.856+0000][7][gc,metaspace] GC(160) Metaspace: 101536K(106192K)->101536K(106192K) NonClass: 88496K(91984K)->88496K(91984K) Class: 13040K(14208K)->13040K(14208K)
[2024-03-29T04:27:59.856+0000][7][gc          ] GC(160) Pause Young (Normal) (G1 Evacuation Pause) 702M->94M(1024M) 2.609ms
[2024-03-29T04:27:59.856+0000][7][gc,cpu      ] GC(160) User=0.01s Sys=0.00s Real=0.00s
[2024-03-29T04:27:59.856+0000][7][safepoint   ] Safepoint "G1CollectForAllocation", Time since last: 6374484935575 ns, Reaching safepoint: 117087 ns, At safepoint: 2700569 ns, Total: 2817656 ns
[2024-03-29T05:05:43.992+0000][7][safepoint   ] Safepoint "Cleanup", Time since last: 2264135610909 ns, Reaching safepoint: 118414 ns, At safepoint: 4300 ns, Total: 122714 ns
[2024-03-29T08:19:24.683+0000][7][safepoint   ] Safepoint "Cleanup", Time since last: 11620691432739 ns, Reaching safepoint: 87457 ns, At safepoint: 3483 ns, Total: 90940 ns
[2024-03-29T11:18:01.287+0000][7][gc,start    ] GC(161) Pause Young (Normal) (G1 Evacuation Pause)
[2024-03-29T11:18:01.287+0000][7][gc,task     ] GC(161) Using 13 workers of 13 for evacuation
[2024-03-29T11:18:01.287+0000][7][gc,age      ] GC(161) Desired survivor size 41943040 bytes, new threshold 15 (max threshold 15)
[2024-03-29T11:18:01.288+0000][7][gc,age      ] GC(161) Age table with threshold 15 (max threshold 15)
[2024-03-29T11:18:01.289+0000][7][gc,age      ] GC(161) - age   1:      96424 bytes,      96424 total
[2024-03-29T11:18:01.289+0000][7][gc,age      ] GC(161) - age   2:     100400 bytes,     196824 total
[2024-03-29T11:18:01.289+0000][7][gc,age      ] GC(161) - age   3:      42256 bytes,     239080 total
[2024-03-29T11:18:01.289+0000][7][gc,age      ] GC(161) - age   4:      50792 bytes,     289872 total
[2024-03-29T11:18:01.289+0000][7][gc,age      ] GC(161) - age   5:       8776 bytes,     298648 total
[2024-03-29T11:18:01.289+0000][7][gc,age      ] GC(161) - age   6:      16232 bytes,     314880 total
[2024-03-29T11:18:01.289+0000][7][gc,age      ] GC(161) - age   7:      16192 bytes,     331072 total
[2024-03-29T11:18:01.289+0000][7][gc,age      ] GC(161) - age   9:      34512 bytes,     365584 total
[2024-03-29T11:18:01.289+0000][7][gc,age      ] GC(161) - age  12:      10048 bytes,     375632 total
[2024-03-29T11:18:01.289+0000][7][gc,age      ] GC(161) - age  13:        808 bytes,     376440 total
[2024-03-29T11:18:01.289+0000][7][gc,phases   ] GC(161)   Pre Evacuate Collection Set: 0.2ms
[2024-03-29T11:18:01.289+0000][7][gc,phases   ] GC(161)   Merge Heap Roots: 0.1ms
[2024-03-29T11:18:01.289+0000][7][gc,phases   ] GC(161)   Evacuate Collection Set: 0.7ms
[2024-03-29T11:18:01.289+0000][7][gc,phases   ] GC(161)   Post Evacuate Collection Set: 0.6ms
[2024-03-29T11:18:01.289+0000][7][gc,phases   ] GC(161)   Other: 0.4ms
[2024-03-29T11:18:01.289+0000][7][gc,heap     ] GC(161) Eden regions: 152->0(152)
[2024-03-29T11:18:01.289+0000][7][gc,heap     ] GC(161) Survivor regions: 1->1(20)
[2024-03-29T11:18:01.289+0000][7][gc,heap     ] GC(161) Old regions: 21->21
[2024-03-29T11:18:01.289+0000][7][gc,heap     ] GC(161) Archive regions: 2->2
[2024-03-29T11:18:01.289+0000][7][gc,heap     ] GC(161) Humongous regions: 2->2
[2024-03-29T11:18:01.289+0000][7][gc,metaspace] GC(161) Metaspace: 101543K(106192K)->101543K(106192K) NonClass: 88503K(91984K)->88503K(91984K) Class: 13040K(14208K)->13040K(14208K)
[2024-03-29T11:18:01.289+0000][7][gc          ] GC(161) Pause Young (Normal) (G1 Evacuation Pause) 702M->94M(1024M) 2.079ms
[2024-03-29T11:18:01.289+0000][7][gc,cpu      ] GC(161) User=0.01s Sys=0.00s Real=0.00s
[2024-03-29T11:18:01.289+0000][7][safepoint   ] Safepoint "G1CollectForAllocation", Time since last: 10716603519626 ns, Reaching safepoint: 87969 ns, At safepoint: 2173733 ns, Total: 2261702 ns
[2024-03-29T12:20:21.511+0000][7][safepoint   ] Safepoint "Cleanup", Time since last: 3740222315546 ns, Reaching safepoint: 98974 ns, At safepoint: 3625 ns, Total: 102599 ns
[2024-03-29T14:35:19.994+0000][7][safepoint   ] Safepoint "Cleanup", Time since last: 8098482084856 ns, Reaching safepoint: 148552 ns, At safepoint: 4928 ns, Total: 153480 ns
[2024-03-29T14:38:46.006+0000][7][safepoint   ] Safepoint "Cleanup", Time since last: 206012463144 ns, Reaching safepoint: 91294 ns, At safepoint: 3826 ns, Total: 95120 ns
[2024-03-29T14:42:54.021+0000][7][safepoint   ] Safepoint "Cleanup", Time since last: 248015089305 ns, Reaching safepoint: 92366 ns, At safepoint: 3703 ns, Total: 96069 ns
[2024-03-29T17:32:09.625+0000][7][safepoint   ] Safepoint "Cleanup", Time since last: 10155604039761 ns, Reaching safepoint: 105134 ns, At safepoint: 9371 ns, Total: 114505 ns
[2024-03-29T17:51:01.239+0000][7][gc,start    ] GC(162) Pause Young (Normal) (G1 Evacuation Pause)
[2024-03-29T17:51:01.239+0000][7][gc,task     ] GC(162) Using 13 workers of 13 for evacuation
[2024-03-29T17:51:01.239+0000][7][gc,age      ] GC(162) Desired survivor size 41943040 bytes, new threshold 15 (max threshold 15)
[2024-03-29T17:51:01.241+0000][7][gc,age      ] GC(162) Age table with threshold 15 (max threshold 15)
[2024-03-29T17:51:01.241+0000][7][gc,age      ] GC(162) - age   1:     387528 bytes,     387528 total
[2024-03-29T17:51:01.241+0000][7][gc,age      ] GC(162) - age   2:      82472 bytes,     470000 total
[2024-03-29T17:51:01.241+0000][7][gc,age      ] GC(162) - age   3:      74464 bytes,     544464 total
[2024-03-29T17:51:01.241+0000][7][gc,age      ] GC(162) - age   4:      25984 bytes,     570448 total
[2024-03-29T17:51:01.241+0000][7][gc,age      ] GC(162) - age   5:        888 bytes,     571336 total
[2024-03-29T17:51:01.241+0000][7][gc,age      ] GC(162) - age   6:        184 bytes,     571520 total
[2024-03-29T17:51:01.241+0000][7][gc,age      ] GC(162) - age   7:         80 bytes,     571600 total
[2024-03-29T17:51:01.241+0000][7][gc,age      ] GC(162) - age   8:      16192 bytes,     587792 total
[2024-03-29T17:51:01.241+0000][7][gc,age      ] GC(162) - age  10:      34512 bytes,     622304 total
[2024-03-29T17:51:01.241+0000][7][gc,age      ] GC(162) - age  13:      10008 bytes,     632312 total
[2024-03-29T17:51:01.241+0000][7][gc,age      ] GC(162) - age  14:        808 bytes,     633120 total
[2024-03-29T17:51:01.241+0000][7][gc,phases   ] GC(162)   Pre Evacuate Collection Set: 0.2ms
[2024-03-29T17:51:01.241+0000][7][gc,phases   ] GC(162)   Merge Heap Roots: 0.1ms
[2024-03-29T17:51:01.241+0000][7][gc,phases   ] GC(162)   Evacuate Collection Set: 1.1ms
[2024-03-29T17:51:01.241+0000][7][gc,phases   ] GC(162)   Post Evacuate Collection Set: 0.5ms
[2024-03-29T17:51:01.241+0000][7][gc,phases   ] GC(162)   Other: 0.4ms
[2024-03-29T17:51:01.241+0000][7][gc,heap     ] GC(162) Eden regions: 152->0(152)
[2024-03-29T17:51:01.241+0000][7][gc,heap     ] GC(162) Survivor regions: 1->1(20)
[2024-03-29T17:51:01.241+0000][7][gc,heap     ] GC(162) Old regions: 21->21
[2024-03-29T17:51:01.241+0000][7][gc,heap     ] GC(162) Archive regions: 2->2
[2024-03-29T17:51:01.241+0000][7][gc,heap     ] GC(162) Humongous regions: 2->2
[2024-03-29T17:51:01.241+0000][7][gc,metaspace] GC(162) Metaspace: 101545K(106192K)->101545K(106192K) NonClass: 88504K(91984K)->88504K(91984K) Class: 13040K(14208K)->13040K(14208K)
[2024-03-29T17:51:01.241+0000][7][gc          ] GC(162) Pause Young (Normal) (G1 Evacuation Pause) 702M->94M(1024M) 2.497ms
[2024-03-29T17:51:01.242+0000][7][gc,cpu      ] GC(162) User=0.01s Sys=0.00s Real=0.00s
[2024-03-29T17:51:01.242+0000][7][safepoint   ] Safepoint "G1CollectForAllocation", Time since last: 1131613415970 ns, Reaching safepoint: 118323 ns, At safepoint: 2587984 ns, Total: 2706307 ns
[2024-03-30T00:41:23.513+0000][7][gc,start    ] GC(163) Pause Young (Normal) (G1 Evacuation Pause)
[2024-03-30T00:41:23.513+0000][7][gc,task     ] GC(163) Using 13 workers of 13 for evacuation
[2024-03-30T00:41:23.513+0000][7][gc,age      ] GC(163) Desired survivor size 41943040 bytes, new threshold 15 (max threshold 15)
[2024-03-30T00:41:23.515+0000][7][gc,age      ] GC(163) Age table with threshold 15 (max threshold 15)
[2024-03-30T00:41:23.515+0000][7][gc,age      ] GC(163) - age   1:      86344 bytes,      86344 total
[2024-03-30T00:41:23.515+0000][7][gc,age      ] GC(163) - age   2:      23488 bytes,     109832 total
[2024-03-30T00:41:23.515+0000][7][gc,age      ] GC(163) - age   3:       9552 bytes,     119384 total
[2024-03-30T00:41:23.515+0000][7][gc,age      ] GC(163) - age   4:       1056 bytes,     120440 total
[2024-03-30T00:41:23.515+0000][7][gc,age      ] GC(163) - age   5:      17552 bytes,     137992 total
[2024-03-30T00:41:23.515+0000][7][gc,age      ] GC(163) - age   6:        848 bytes,     138840 total
[2024-03-30T00:41:23.515+0000][7][gc,age      ] GC(163) - age   7:         80 bytes,     138920 total
[2024-03-30T00:41:23.515+0000][7][gc,age      ] GC(163) - age   8:         40 bytes,     138960 total
[2024-03-30T00:41:23.515+0000][7][gc,age      ] GC(163) - age   9:         40 bytes,     139000 total
[2024-03-30T00:41:23.515+0000][7][gc,age      ] GC(163) - age  11:      34512 bytes,     173512 total
[2024-03-30T00:41:23.515+0000][7][gc,age      ] GC(163) - age  14:      10008 bytes,     183520 total
[2024-03-30T00:41:23.515+0000][7][gc,age      ] GC(163) - age  15:        808 bytes,     184328 total
[2024-03-30T00:41:23.515+0000][7][gc,phases   ] GC(163)   Pre Evacuate Collection Set: 0.2ms
[2024-03-30T00:41:23.515+0000][7][gc,phases   ] GC(163)   Merge Heap Roots: 0.1ms
[2024-03-30T00:41:23.515+0000][7][gc,phases   ] GC(163)   Evacuate Collection Set: 0.8ms
[2024-03-30T00:41:23.515+0000][7][gc,phases   ] GC(163)   Post Evacuate Collection Set: 0.6ms
[2024-03-30T00:41:23.515+0000][7][gc,phases   ] GC(163)   Other: 0.4ms
[2024-03-30T00:41:23.515+0000][7][gc,heap     ] GC(163) Eden regions: 152->0(152)
[2024-03-30T00:41:23.515+0000][7][gc,heap     ] GC(163) Survivor regions: 1->1(20)
[2024-03-30T00:41:23.515+0000][7][gc,heap     ] GC(163) Old regions: 21->21
[2024-03-30T00:41:23.515+0000][7][gc,heap     ] GC(163) Archive regions: 2->2
[2024-03-30T00:41:23.515+0000][7][gc,heap     ] GC(163) Humongous regions: 2->2
[2024-03-30T00:41:23.515+0000][7][gc,metaspace] GC(163) Metaspace: 101545K(106192K)->101545K(106192K) NonClass: 88504K(91984K)->88504K(91984K) Class: 13040K(14208K)->13040K(14208K)
[2024-03-30T00:41:23.515+0000][7][gc          ] GC(163) Pause Young (Normal) (G1 Evacuation Pause) 702M->94M(1024M) 2.173ms
[2024-03-30T00:41:23.515+0000][7][gc,cpu      ] GC(163) User=0.01s Sys=0.01s Real=0.00s
[2024-03-30T00:41:23.515+0000][7][safepoint   ] Safepoint "G1CollectForAllocation", Time since last: 24622271143203 ns, Reaching safepoint: 89580 ns, At safepoint: 2266326 ns, Total: 2355906 ns
[2024-03-30T01:38:00.730+0000][7][safepoint   ] Safepoint "Cleanup", Time since last: 3397214960738 ns, Reaching safepoint: 91771 ns, At safepoint: 2989 ns, Total: 94760 ns
[2024-03-30T07:34:01.390+0000][7][gc,start    ] GC(164) Pause Young (Normal) (G1 Evacuation Pause)
[2024-03-30T07:34:01.390+0000][7][gc,task     ] GC(164) Using 13 workers of 13 for evacuation
[2024-03-30T07:34:01.391+0000][7][gc,age      ] GC(164) Desired survivor size 41943040 bytes, new threshold 15 (max threshold 15)
[2024-03-30T07:34:01.392+0000][7][gc,age      ] GC(164) Age table with threshold 15 (max threshold 15)
[2024-03-30T07:34:01.392+0000][7][gc,age      ] GC(164) - age   1:     119096 bytes,     119096 total
[2024-03-30T07:34:01.392+0000][7][gc,age      ] GC(164) - age   2:      73664 bytes,     192760 total
[2024-03-30T07:34:01.392+0000][7][gc,age      ] GC(164) - age   3:      14280 bytes,     207040 total
[2024-03-30T07:34:01.392+0000][7][gc,age      ] GC(164) - age   4:       1000 bytes,     208040 total
[2024-03-30T07:34:01.392+0000][7][gc,age      ] GC(164) - age   5:        320 bytes,     208360 total
[2024-03-30T07:34:01.392+0000][7][gc,age      ] GC(164) - age   6:       1320 bytes,     209680 total
[2024-03-30T07:34:01.392+0000][7][gc,age      ] GC(164) - age   7:        848 bytes,     210528 total
[2024-03-30T07:34:01.392+0000][7][gc,age      ] GC(164) - age   8:         80 bytes,     210608 total
[2024-03-30T07:34:01.392+0000][7][gc,age      ] GC(164) - age   9:         40 bytes,     210648 total
[2024-03-30T07:34:01.392+0000][7][gc,age      ] GC(164) - age  12:       9928 bytes,     220576 total
[2024-03-30T07:34:01.392+0000][7][gc,age      ] GC(164) - age  15:      10008 bytes,     230584 total
[2024-03-30T07:34:01.392+0000][7][gc,phases   ] GC(164)   Pre Evacuate Collection Set: 0.1ms
[2024-03-30T07:34:01.392+0000][7][gc,phases   ] GC(164)   Merge Heap Roots: 0.1ms
[2024-03-30T07:34:01.392+0000][7][gc,phases   ] GC(164)   Evacuate Collection Set: 0.5ms
[2024-03-30T07:34:01.392+0000][7][gc,phases   ] GC(164)   Post Evacuate Collection Set: 0.5ms
[2024-03-30T07:34:01.392+0000][7][gc,phases   ] GC(164)   Other: 0.4ms
[2024-03-30T07:34:01.392+0000][7][gc,heap     ] GC(164) Eden regions: 152->0(152)
[2024-03-30T07:34:01.392+0000][7][gc,heap     ] GC(164) Survivor regions: 1->1(20)
[2024-03-30T07:34:01.392+0000][7][gc,heap     ] GC(164) Old regions: 21->21
[2024-03-30T07:34:01.392+0000][7][gc,heap     ] GC(164) Archive regions: 2->2
[2024-03-30T07:34:01.392+0000][7][gc,heap     ] GC(164) Humongous regions: 2->2
[2024-03-30T07:34:01.392+0000][7][gc,metaspace] GC(164) Metaspace: 101549K(106192K)->101549K(106192K) NonClass: 88509K(91984K)->88509K(91984K) Class: 13040K(14208K)->13040K(14208K)
[2024-03-30T07:34:01.392+0000][7][gc          ] GC(164) Pause Young (Normal) (G1 Evacuation Pause) 702M->94M(1024M) 1.872ms
[2024-03-30T07:34:01.392+0000][7][gc,cpu      ] GC(164) User=0.00s Sys=0.01s Real=0.00s
[2024-03-30T07:34:01.392+0000][7][safepoint   ] Safepoint "G1CollectForAllocation", Time since last: 21360660120276 ns, Reaching safepoint: 89185 ns, At safepoint: 1963553 ns, Total: 2052738 ns
[2024-03-30T11:31:10.237+0000][7][safepoint   ] Safepoint "Cleanup", Time since last: 14228844113087 ns, Reaching safepoint: 132867 ns, At safepoint: 3636 ns, Total: 136503 ns
[2024-03-30T14:29:18.515+0000][7][gc,start    ] GC(165) Pause Young (Normal) (G1 Evacuation Pause)
[2024-03-30T14:29:18.515+0000][7][gc,task     ] GC(165) Using 13 workers of 13 for evacuation
[2024-03-30T14:29:18.515+0000][7][gc,age      ] GC(165) Desired survivor size 41943040 bytes, new threshold 15 (max threshold 15)
[2024-03-30T14:29:18.516+0000][7][gc,age      ] GC(165) Age table with threshold 15 (max threshold 15)
[2024-03-30T14:29:18.517+0000][7][gc,age      ] GC(165) - age   1:      28448 bytes,      28448 total
[2024-03-30T14:29:18.517+0000][7][gc,age      ] GC(165) - age   2:      42112 bytes,      70560 total
[2024-03-30T14:29:18.517+0000][7][gc,age      ] GC(165) - age   3:        744 bytes,      71304 total
[2024-03-30T14:29:18.517+0000][7][gc,age      ] GC(165) - age   4:       5728 bytes,      77032 total
[2024-03-30T14:29:18.517+0000][7][gc,age      ] GC(165) - age   5:        392 bytes,      77424 total
[2024-03-30T14:29:18.517+0000][7][gc,age      ] GC(165) - age   6:        320 bytes,      77744 total
[2024-03-30T14:29:18.517+0000][7][gc,age      ] GC(165) - age   7:       1320 bytes,      79064 total
[2024-03-30T14:29:18.517+0000][7][gc,age      ] GC(165) - age   8:        808 bytes,      79872 total
[2024-03-30T14:29:18.517+0000][7][gc,age      ] GC(165) - age   9:         80 bytes,      79952 total
[2024-03-30T14:29:18.517+0000][7][gc,age      ] GC(165) - age  13:       9928 bytes,      89880 total
[2024-03-30T14:29:18.517+0000][7][gc,phases   ] GC(165)   Pre Evacuate Collection Set: 0.1ms
[2024-03-30T14:29:18.517+0000][7][gc,phases   ] GC(165)   Merge Heap Roots: 0.1ms
[2024-03-30T14:29:18.517+0000][7][gc,phases   ] GC(165)   Evacuate Collection Set: 0.6ms
[2024-03-30T14:29:18.517+0000][7][gc,phases   ] GC(165)   Post Evacuate Collection Set: 0.5ms
[2024-03-30T14:29:18.517+0000][7][gc,phases   ] GC(165)   Other: 0.4ms
[2024-03-30T14:29:18.517+0000][7][gc,heap     ] GC(165) Eden regions: 152->0(152)
[2024-03-30T14:29:18.517+0000][7][gc,heap     ] GC(165) Survivor regions: 1->1(20)
[2024-03-30T14:29:18.517+0000][7][gc,heap     ] GC(165) Old regions: 21->21
[2024-03-30T14:29:18.517+0000][7][gc,heap     ] GC(165) Archive regions: 2->2
[2024-03-30T14:29:18.517+0000][7][gc,heap     ] GC(165) Humongous regions: 2->2
[2024-03-30T14:29:18.517+0000][7][gc,metaspace] GC(165) Metaspace: 101549K(106192K)->101549K(106192K) NonClass: 88509K(91984K)->88509K(91984K) Class: 13040K(14208K)->13040K(14208K)
[2024-03-30T14:29:18.517+0000][7][gc          ] GC(165) Pause Young (Normal) (G1 Evacuation Pause) 702M->93M(1024M) 1.907ms
[2024-03-30T14:29:18.517+0000][7][gc,cpu      ] GC(165) User=0.00s Sys=0.00s Real=0.01s
[2024-03-30T14:29:18.517+0000][7][safepoint   ] Safepoint "G1CollectForAllocation", Time since last: 10688278268516 ns, Reaching safepoint: 109853 ns, At safepoint: 1998967 ns, Total: 2108820 ns
[2024-03-30T17:49:50.232+0000][7][safepoint   ] Safepoint "Cleanup", Time since last: 12031715473053 ns, Reaching safepoint: 87755 ns, At safepoint: 3777 ns, Total: 91532 ns
[2024-03-30T17:49:53.233+0000][7][safepoint   ] Safepoint "Cleanup", Time since last: 3000277782 ns, Reaching safepoint: 109424 ns, At safepoint: 4416 ns, Total: 113840 ns
[2024-03-30T17:49:55.233+0000][7][safepoint   ] Safepoint "Cleanup", Time since last: 2000215084 ns, Reaching safepoint: 88078 ns, At safepoint: 4057 ns, Total: 92135 ns
[2024-03-30T17:50:03.234+0000][7][safepoint   ] Safepoint "Cleanup", Time since last: 8000604471 ns, Reaching safepoint: 87429 ns, At safepoint: 3629 ns, Total: 91058 ns
[2024-03-30T17:50:08.234+0000][7][safepoint   ] Safepoint "Cleanup", Time since last: 5000404753 ns, Reaching safepoint: 90313 ns, At safepoint: 3739 ns, Total: 94052 ns
[2024-03-30T17:50:09.235+0000][7][safepoint   ] Safepoint "Cleanup", Time since last: 1000163745 ns, Reaching safepoint: 100231 ns, At safepoint: 3818 ns, Total: 104049 ns
[2024-03-30T17:50:10.246+0000][7][safepoint   ] Safepoint "Cleanup", Time since last: 1011616893 ns, Reaching safepoint: 108571 ns, At safepoint: 3961 ns, Total: 112532 ns
[2024-03-30T18:52:33.468+0000][7][safepoint   ] Safepoint "Cleanup", Time since last: 3743221114093 ns, Reaching safepoint: 85458 ns, At safepoint: 3830 ns, Total: 89288 ns
[2024-03-30T19:18:31.561+0000][7][safepoint   ] Safepoint "Cleanup", Time since last: 1558092997169 ns, Reaching safepoint: 102375 ns, At safepoint: 3771 ns, Total: 106146 ns
[2024-03-30T20:41:01.765+0000][7][gc,start    ] GC(166) Pause Young (Normal) (G1 Evacuation Pause)
[2024-03-30T20:41:01.765+0000][7][gc,task     ] GC(166) Using 13 workers of 13 for evacuation
[2024-03-30T20:41:01.765+0000][7][gc,age      ] GC(166) Desired survivor size 41943040 bytes, new threshold 15 (max threshold 15)
[2024-03-30T20:41:01.767+0000][7][gc,age      ] GC(166) Age table with threshold 15 (max threshold 15)
[2024-03-30T20:41:01.767+0000][7][gc,age      ] GC(166) - age   1:     565760 bytes,     565760 total
[2024-03-30T20:41:01.767+0000][7][gc,age      ] GC(166) - age   2:        512 bytes,     566272 total
[2024-03-30T20:41:01.767+0000][7][gc,age      ] GC(166) - age   3:      41904 bytes,     608176 total
[2024-03-30T20:41:01.767+0000][7][gc,age      ] GC(166) - age   4:        624 bytes,     608800 total
[2024-03-30T20:41:01.767+0000][7][gc,age      ] GC(166) - age   5:        952 bytes,     609752 total
[2024-03-30T20:41:01.767+0000][7][gc,age      ] GC(166) - age   6:        312 bytes,     610064 total
[2024-03-30T20:41:01.767+0000][7][gc,age      ] GC(166) - age   7:        240 bytes,     610304 total
[2024-03-30T20:41:01.767+0000][7][gc,age      ] GC(166) - age   8:       1280 bytes,     611584 total
[2024-03-30T20:41:01.767+0000][7][gc,age      ] GC(166) - age   9:        808 bytes,     612392 total
[2024-03-30T20:41:01.767+0000][7][gc,age      ] GC(166) - age  10:         40 bytes,     612432 total
[2024-03-30T20:41:01.767+0000][7][gc,age      ] GC(166) - age  14:       9888 bytes,     622320 total
[2024-03-30T20:41:01.767+0000][7][gc,phases   ] GC(166)   Pre Evacuate Collection Set: 0.1ms
[2024-03-30T20:41:01.767+0000][7][gc,phases   ] GC(166)   Merge Heap Roots: 0.1ms
[2024-03-30T20:41:01.767+0000][7][gc,phases   ] GC(166)   Evacuate Collection Set: 0.9ms
[2024-03-30T20:41:01.767+0000][7][gc,phases   ] GC(166)   Post Evacuate Collection Set: 0.6ms
[2024-03-30T20:41:01.767+0000][7][gc,phases   ] GC(166)   Other: 0.4ms
[2024-03-30T20:41:01.767+0000][7][gc,heap     ] GC(166) Eden regions: 152->0(152)
[2024-03-30T20:41:01.767+0000][7][gc,heap     ] GC(166) Survivor regions: 1->1(20)
[2024-03-30T20:41:01.767+0000][7][gc,heap     ] GC(166) Old regions: 21->21
[2024-03-30T20:41:01.767+0000][7][gc,heap     ] GC(166) Archive regions: 2->2
[2024-03-30T20:41:01.767+0000][7][gc,heap     ] GC(166) Humongous regions: 2->2
[2024-03-30T20:41:01.767+0000][7][gc,metaspace] GC(166) Metaspace: 101583K(106192K)->101583K(106192K) NonClass: 88543K(91984K)->88543K(91984K) Class: 13040K(14208K)->13040K(14208K)
[2024-03-30T20:41:01.767+0000][7][gc          ] GC(166) Pause Young (Normal) (G1 Evacuation Pause) 701M->94M(1024M) 2.199ms
[2024-03-30T20:41:01.767+0000][7][gc,cpu      ] GC(166) User=0.00s Sys=0.00s Real=0.01s
[2024-03-30T20:41:01.768+0000][7][safepoint   ] Safepoint "G1CollectForAllocation", Time since last: 4950204460570 ns, Reaching safepoint: 97442 ns, At safepoint: 2289246 ns, Total: 2386688 ns
[2024-03-30T21:02:40.845+0000][7][safepoint   ] Safepoint "Cleanup", Time since last: 1299077209133 ns, Reaching safepoint: 111109 ns, At safepoint: 6346 ns, Total: 117455 ns
[2024-03-31T03:34:09.239+0000][7][gc,start    ] GC(167) Pause Young (Normal) (G1 Evacuation Pause)
[2024-03-31T03:34:09.239+0000][7][gc,task     ] GC(167) Using 13 workers of 13 for evacuation
[2024-03-31T03:34:09.239+0000][7][gc,age      ] GC(167) Desired survivor size 41943040 bytes, new threshold 15 (max threshold 15)
[2024-03-31T03:34:09.241+0000][7][gc,age      ] GC(167) Age table with threshold 15 (max threshold 15)
[2024-03-31T03:34:09.241+0000][7][gc,age      ] GC(167) - age   1:      30952 bytes,      30952 total
[2024-03-31T03:34:09.242+0000][7][gc,age      ] GC(167) - age   2:     186080 bytes,     217032 total
[2024-03-31T03:34:09.242+0000][7][gc,age      ] GC(167) - age   3:        216 bytes,     217248 total
[2024-03-31T03:34:09.242+0000][7][gc,age      ] GC(167) - age   4:      32464 bytes,     249712 total
[2024-03-31T03:34:09.242+0000][7][gc,age      ] GC(167) - age   6:        872 bytes,     250584 total
[2024-03-31T03:34:09.242+0000][7][gc,age      ] GC(167) - age   7:        272 bytes,     250856 total
[2024-03-31T03:34:09.242+0000][7][gc,age      ] GC(167) - age   8:        240 bytes,     251096 total
[2024-03-31T03:34:09.242+0000][7][gc,age      ] GC(167) - age   9:       1280 bytes,     252376 total
[2024-03-31T03:34:09.242+0000][7][gc,age      ] GC(167) - age  10:        808 bytes,     253184 total
[2024-03-31T03:34:09.242+0000][7][gc,age      ] GC(167) - age  11:         40 bytes,     253224 total
[2024-03-31T03:34:09.242+0000][7][gc,age      ] GC(167) - age  15:       9888 bytes,     263112 total
[2024-03-31T03:34:09.242+0000][7][gc,phases   ] GC(167)   Pre Evacuate Collection Set: 0.2ms
[2024-03-31T03:34:09.242+0000][7][gc,phases   ] GC(167)   Merge Heap Roots: 0.1ms
[2024-03-31T03:34:09.242+0000][7][gc,phases   ] GC(167)   Evacuate Collection Set: 1.0ms
[2024-03-31T03:34:09.242+0000][7][gc,phases   ] GC(167)   Post Evacuate Collection Set: 0.6ms
[2024-03-31T03:34:09.242+0000][7][gc,phases   ] GC(167)   Other: 0.5ms
[2024-03-31T03:34:09.242+0000][7][gc,heap     ] GC(167) Eden regions: 152->0(152)
[2024-03-31T03:34:09.242+0000][7][gc,heap     ] GC(167) Survivor regions: 1->1(20)
[2024-03-31T03:34:09.242+0000][7][gc,heap     ] GC(167) Old regions: 21->21
[2024-03-31T03:34:09.242+0000][7][gc,heap     ] GC(167) Archive regions: 2->2
[2024-03-31T03:34:09.242+0000][7][gc,heap     ] GC(167) Humongous regions: 2->2
[2024-03-31T03:34:09.242+0000][7][gc,metaspace] GC(167) Metaspace: 101589K(106192K)->101589K(106192K) NonClass: 88549K(91984K)->88549K(91984K) Class: 13040K(14208K)->13040K(14208K)
[2024-03-31T03:34:09.242+0000][7][gc          ] GC(167) Pause Young (Normal) (G1 Evacuation Pause) 702M->94M(1024M) 2.472ms
[2024-03-31T03:34:09.242+0000][7][gc,cpu      ] GC(167) User=0.01s Sys=0.00s Real=0.00s
[2024-03-31T03:34:09.242+0000][7][safepoint   ] Safepoint "G1CollectForAllocation", Time since last: 23488394365396 ns, Reaching safepoint: 90034 ns, At safepoint: 2583558 ns, Total: 2673592 ns
[2024-03-31T08:28:42.289+0000][7][safepoint   ] Safepoint "Cleanup", Time since last: 17673047119739 ns, Reaching safepoint: 88485 ns, At safepoint: 6521 ns, Total: 95006 ns
[2024-03-31T10:27:59.303+0000][7][gc,start    ] GC(168) Pause Young (Normal) (G1 Evacuation Pause)
[2024-03-31T10:27:59.303+0000][7][gc,task     ] GC(168) Using 13 workers of 13 for evacuation
[2024-03-31T10:27:59.303+0000][7][gc,age      ] GC(168) Desired survivor size 41943040 bytes, new threshold 15 (max threshold 15)
[2024-03-31T10:27:59.305+0000][7][gc,age      ] GC(168) Age table with threshold 15 (max threshold 15)
[2024-03-31T10:27:59.305+0000][7][gc,age      ] GC(168) - age   1:     109776 bytes,     109776 total
[2024-03-31T10:27:59.305+0000][7][gc,age      ] GC(168) - age   2:      17816 bytes,     127592 total
[2024-03-31T10:27:59.305+0000][7][gc,age      ] GC(168) - age   3:     151992 bytes,     279584 total
[2024-03-31T10:27:59.305+0000][7][gc,age      ] GC(168) - age   4:        176 bytes,     279760 total
[2024-03-31T10:27:59.305+0000][7][gc,age      ] GC(168) - age   5:      16232 bytes,     295992 total
[2024-03-31T10:27:59.305+0000][7][gc,age      ] GC(168) - age   7:        872 bytes,     296864 total
[2024-03-31T10:27:59.305+0000][7][gc,age      ] GC(168) - age   8:        272 bytes,     297136 total
[2024-03-31T10:27:59.305+0000][7][gc,age      ] GC(168) - age   9:        240 bytes,     297376 total
[2024-03-31T10:27:59.305+0000][7][gc,age      ] GC(168) - age  10:       1280 bytes,     298656 total
[2024-03-31T10:27:59.305+0000][7][gc,age      ] GC(168) - age  11:        808 bytes,     299464 total
[2024-03-31T10:27:59.305+0000][7][gc,age      ] GC(168) - age  12:         40 bytes,     299504 total
[2024-03-31T10:27:59.305+0000][7][gc,phases   ] GC(168)   Pre Evacuate Collection Set: 0.1ms
[2024-03-31T10:27:59.306+0000][7][gc,phases   ] GC(168)   Merge Heap Roots: 0.2ms
[2024-03-31T10:27:59.306+0000][7][gc,phases   ] GC(168)   Evacuate Collection Set: 0.9ms
[2024-03-31T10:27:59.306+0000][7][gc,phases   ] GC(168)   Post Evacuate Collection Set: 0.5ms
[2024-03-31T10:27:59.306+0000][7][gc,phases   ] GC(168)   Other: 0.4ms
[2024-03-31T10:27:59.306+0000][7][gc,heap     ] GC(168) Eden regions: 152->0(152)
[2024-03-31T10:27:59.306+0000][7][gc,heap     ] GC(168) Survivor regions: 1->1(20)
[2024-03-31T10:27:59.306+0000][7][gc,heap     ] GC(168) Old regions: 21->21
[2024-03-31T10:27:59.306+0000][7][gc,heap     ] GC(168) Archive regions: 2->2
[2024-03-31T10:27:59.306+0000][7][gc,heap     ] GC(168) Humongous regions: 2->2
[2024-03-31T10:27:59.306+0000][7][gc,metaspace] GC(168) Metaspace: 101589K(106192K)->101589K(106192K) NonClass: 88549K(91984K)->88549K(91984K) Class: 13040K(14208K)->13040K(14208K)
[2024-03-31T10:27:59.306+0000][7][gc          ] GC(168) Pause Young (Normal) (G1 Evacuation Pause) 702M->94M(1024M) 2.372ms
[2024-03-31T10:27:59.306+0000][7][gc,cpu      ] GC(168) User=0.01s Sys=0.01s Real=0.00s
[2024-03-31T10:27:59.306+0000][7][safepoint   ] Safepoint "G1CollectForAllocation", Time since last: 7157014062297 ns, Reaching safepoint: 84612 ns, At safepoint: 2464025 ns, Total: 2548637 ns
[2024-03-31T10:35:45.331+0000][7][safepoint   ] Safepoint "Cleanup", Time since last: 466024704385 ns, Reaching safepoint: 92062 ns, At safepoint: 6433 ns, Total: 98495 ns
[2024-03-31T12:35:22.740+0000][7][safepoint   ] Safepoint "Cleanup", Time since last: 7177409492184 ns, Reaching safepoint: 88820 ns, At safepoint: 3746 ns, Total: 92566 ns
[2024-03-31T14:14:37.094+0000][7][safepoint   ] Safepoint "Cleanup", Time since last: 5954353369896 ns, Reaching safepoint: 92537 ns, At safepoint: 3817 ns, Total: 96354 ns
[2024-03-31T17:20:39.369+0000][7][gc,start    ] GC(169) Pause Young (Normal) (G1 Evacuation Pause)
[2024-03-31T17:20:39.369+0000][7][gc,task     ] GC(169) Using 13 workers of 13 for evacuation
[2024-03-31T17:20:39.369+0000][7][gc,age      ] GC(169) Desired survivor size 41943040 bytes, new threshold 15 (max threshold 15)
[2024-03-31T17:20:39.371+0000][7][gc,age      ] GC(169) Age table with threshold 15 (max threshold 15)
[2024-03-31T17:20:39.371+0000][7][gc,age      ] GC(169) - age   1:      30128 bytes,      30128 total
[2024-03-31T17:20:39.371+0000][7][gc,age      ] GC(169) - age   2:      65600 bytes,      95728 total
[2024-03-31T17:20:39.371+0000][7][gc,age      ] GC(169) - age   3:       1784 bytes,      97512 total
[2024-03-31T17:20:39.371+0000][7][gc,age      ] GC(169) - age   4:      83064 bytes,     180576 total
[2024-03-31T17:20:39.371+0000][7][gc,age      ] GC(169) - age   5:        136 bytes,     180712 total
[2024-03-31T17:20:39.371+0000][7][gc,age      ] GC(169) - age   6:         80 bytes,     180792 total
[2024-03-31T17:20:39.371+0000][7][gc,age      ] GC(169) - age   8:        872 bytes,     181664 total
[2024-03-31T17:20:39.371+0000][7][gc,age      ] GC(169) - age   9:        272 bytes,     181936 total
[2024-03-31T17:20:39.371+0000][7][gc,age      ] GC(169) - age  10:        160 bytes,     182096 total
[2024-03-31T17:20:39.371+0000][7][gc,age      ] GC(169) - age  11:       1280 bytes,     183376 total
[2024-03-31T17:20:39.371+0000][7][gc,age      ] GC(169) - age  12:        808 bytes,     184184 total
[2024-03-31T17:20:39.371+0000][7][gc,age      ] GC(169) - age  13:         40 bytes,     184224 total
[2024-03-31T17:20:39.372+0000][7][gc,phases   ] GC(169)   Pre Evacuate Collection Set: 0.2ms
[2024-03-31T17:20:39.372+0000][7][gc,phases   ] GC(169)   Merge Heap Roots: 0.1ms
[2024-03-31T17:20:39.372+0000][7][gc,phases   ] GC(169)   Evacuate Collection Set: 1.5ms
[2024-03-31T17:20:39.372+0000][7][gc,phases   ] GC(169)   Post Evacuate Collection Set: 0.5ms
[2024-03-31T17:20:39.372+0000][7][gc,phases   ] GC(169)   Other: 0.4ms
[2024-03-31T17:20:39.372+0000][7][gc,heap     ] GC(169) Eden regions: 152->0(152)
[2024-03-31T17:20:39.372+0000][7][gc,heap     ] GC(169) Survivor regions: 1->1(20)
[2024-03-31T17:20:39.372+0000][7][gc,heap     ] GC(169) Old regions: 21->21
[2024-03-31T17:20:39.372+0000][7][gc,heap     ] GC(169) Archive regions: 2->2
[2024-03-31T17:20:39.372+0000][7][gc,heap     ] GC(169) Humongous regions: 2->2
[2024-03-31T17:20:39.372+0000][7][gc,metaspace] GC(169) Metaspace: 101589K(106192K)->101589K(106192K) NonClass: 88549K(91984K)->88549K(91984K) Class: 13040K(14208K)->13040K(14208K)
[2024-03-31T17:20:39.372+0000][7][gc          ] GC(169) Pause Young (Normal) (G1 Evacuation Pause) 702M->94M(1024M) 2.822ms
[2024-03-31T17:20:39.372+0000][7][gc,cpu      ] GC(169) User=0.00s Sys=0.01s Real=0.00s
[2024-03-31T17:20:39.372+0000][7][safepoint   ] Safepoint "G1CollectForAllocation", Time since last: 11162275167001 ns, Reaching safepoint: 90467 ns, At safepoint: 2912014 ns, Total: 3002481 ns
[2024-03-31T21:24:06.234+0000][7][safepoint   ] Safepoint "Cleanup", Time since last: 14606862542421 ns, Reaching safepoint: 110600 ns, At safepoint: 3761 ns, Total: 114361 ns
[2024-03-31T22:37:16.492+0000][7][safepoint   ] Safepoint "Cleanup", Time since last: 4390257994656 ns, Reaching safepoint: 85667 ns, At safepoint: 3673 ns, Total: 89340 ns
[2024-04-01T00:10:40.301+0000][7][gc,start    ] GC(170) Pause Young (Normal) (G1 Evacuation Pause)
[2024-04-01T00:10:40.301+0000][7][gc,task     ] GC(170) Using 13 workers of 13 for evacuation
[2024-04-01T00:10:40.301+0000][7][gc,age      ] GC(170) Desired survivor size 41943040 bytes, new threshold 15 (max threshold 15)
[2024-04-01T00:10:40.303+0000][7][gc,age      ] GC(170) Age table with threshold 15 (max threshold 15)
[2024-04-01T00:10:40.303+0000][7][gc,age      ] GC(170) - age   1:      78176 bytes,      78176 total
[2024-04-01T00:10:40.303+0000][7][gc,age      ] GC(170) - age   2:       1976 bytes,      80152 total
[2024-04-01T00:10:40.303+0000][7][gc,age      ] GC(170) - age   3:      24824 bytes,     104976 total
[2024-04-01T00:10:40.303+0000][7][gc,age      ] GC(170) - age   4:       1384 bytes,     106360 total
[2024-04-01T00:10:40.303+0000][7][gc,age      ] GC(170) - age   5:      81504 bytes,     187864 total
[2024-04-01T00:10:40.303+0000][7][gc,age      ] GC(170) - age   6:        136 bytes,     188000 total
[2024-04-01T00:10:40.303+0000][7][gc,age      ] GC(170) - age   7:         40 bytes,     188040 total
[2024-04-01T00:10:40.303+0000][7][gc,age      ] GC(170) - age   9:        872 bytes,     188912 total
[2024-04-01T00:10:40.303+0000][7][gc,age      ] GC(170) - age  10:        272 bytes,     189184 total
[2024-04-01T00:10:40.303+0000][7][gc,age      ] GC(170) - age  11:        160 bytes,     189344 total
[2024-04-01T00:10:40.303+0000][7][gc,age      ] GC(170) - age  12:       1280 bytes,     190624 total
[2024-04-01T00:10:40.303+0000][7][gc,age      ] GC(170) - age  13:        808 bytes,     191432 total
[2024-04-01T00:10:40.303+0000][7][gc,age      ] GC(170) - age  14:         40 bytes,     191472 total
[2024-04-01T00:10:40.303+0000][7][gc,phases   ] GC(170)   Pre Evacuate Collection Set: 0.2ms
[2024-04-01T00:10:40.303+0000][7][gc,phases   ] GC(170)   Merge Heap Roots: 0.1ms
[2024-04-01T00:10:40.303+0000][7][gc,phases   ] GC(170)   Evacuate Collection Set: 0.8ms
[2024-04-01T00:10:40.303+0000][7][gc,phases   ] GC(170)   Post Evacuate Collection Set: 0.6ms
[2024-04-01T00:10:40.303+0000][7][gc,phases   ] GC(170)   Other: 0.5ms
[2024-04-01T00:10:40.303+0000][7][gc,heap     ] GC(170) Eden regions: 152->0(152)
[2024-04-01T00:10:40.303+0000][7][gc,heap     ] GC(170) Survivor regions: 1->1(20)
[2024-04-01T00:10:40.303+0000][7][gc,heap     ] GC(170) Old regions: 21->21
[2024-04-01T00:10:40.303+0000][7][gc,heap     ] GC(170) Archive regions: 2->2
[2024-04-01T00:10:40.303+0000][7][gc,heap     ] GC(170) Humongous regions: 2->2
[2024-04-01T00:10:40.303+0000][7][gc,metaspace] GC(170) Metaspace: 101589K(106192K)->101589K(106192K) NonClass: 88549K(91984K)->88549K(91984K) Class: 13040K(14208K)->13040K(14208K)
[2024-04-01T00:10:40.304+0000][7][gc          ] GC(170) Pause Young (Normal) (G1 Evacuation Pause) 702M->94M(1024M) 2.201ms
[2024-04-01T00:10:40.304+0000][7][gc,cpu      ] GC(170) User=0.00s Sys=0.00s Real=0.00s
[2024-04-01T00:10:40.304+0000][7][safepoint   ] Safepoint "G1CollectForAllocation", Time since last: 5603808700871 ns, Reaching safepoint: 114991 ns, At safepoint: 2311244 ns, Total: 2426235 ns
[2024-04-01T02:45:02.824+0000][7][safepoint   ] Safepoint "Cleanup", Time since last: 9262520386944 ns, Reaching safepoint: 98926 ns, At safepoint: 8193 ns, Total: 107119 ns
[2024-04-01T05:26:48.400+0000][7][safepoint   ] Safepoint "Cleanup", Time since last: 9705576215107 ns, Reaching safepoint: 81242 ns, At safepoint: 3781 ns, Total: 85023 ns
[2024-04-01T06:55:55.458+0000][7][gc,start    ] GC(171) Pause Young (Normal) (G1 Evacuation Pause)
[2024-04-01T06:55:55.458+0000][7][gc,task     ] GC(171) Using 13 workers of 13 for evacuation
[2024-04-01T06:55:55.458+0000][7][gc,age      ] GC(171) Desired survivor size 41943040 bytes, new threshold 15 (max threshold 15)
[2024-04-01T06:55:55.460+0000][7][gc,age      ] GC(171) Age table with threshold 15 (max threshold 15)
[2024-04-01T06:55:55.460+0000][7][gc,age      ] GC(171) - age   1:     285632 bytes,     285632 total
[2024-04-01T06:55:55.460+0000][7][gc,age      ] GC(171) - age   2:      49232 bytes,     334864 total
[2024-04-01T06:55:55.460+0000][7][gc,age      ] GC(171) - age   3:        360 bytes,     335224 total
[2024-04-01T06:55:55.460+0000][7][gc,age      ] GC(171) - age   4:      24624 bytes,     359848 total
[2024-04-01T06:55:55.460+0000][7][gc,age      ] GC(171) - age   5:        728 bytes,     360576 total
[2024-04-01T06:55:55.460+0000][7][gc,age      ] GC(171) - age   6:      80936 bytes,     441512 total
[2024-04-01T06:55:55.460+0000][7][gc,age      ] GC(171) - age   7:        136 bytes,     441648 total
[2024-04-01T06:55:55.460+0000][7][gc,age      ] GC(171) - age  10:        752 bytes,     442400 total
[2024-04-01T06:55:55.460+0000][7][gc,age      ] GC(171) - age  11:        272 bytes,     442672 total
[2024-04-01T06:55:55.460+0000][7][gc,age      ] GC(171) - age  12:         80 bytes,     442752 total
[2024-04-01T06:55:55.460+0000][7][gc,age      ] GC(171) - age  13:       1240 bytes,     443992 total
[2024-04-01T06:55:55.460+0000][7][gc,age      ] GC(171) - age  14:        768 bytes,     444760 total
[2024-04-01T06:55:55.460+0000][7][gc,age      ] GC(171) - age  15:         40 bytes,     444800 total
[2024-04-01T06:55:55.460+0000][7][gc,phases   ] GC(171)   Pre Evacuate Collection Set: 0.1ms
[2024-04-01T06:55:55.460+0000][7][gc,phases   ] GC(171)   Merge Heap Roots: 0.1ms
[2024-04-01T06:55:55.460+0000][7][gc,phases   ] GC(171)   Evacuate Collection Set: 1.0ms
[2024-04-01T06:55:55.460+0000][7][gc,phases   ] GC(171)   Post Evacuate Collection Set: 0.5ms
[2024-04-01T06:55:55.460+0000][7][gc,phases   ] GC(171)   Other: 0.4ms
[2024-04-01T06:55:55.460+0000][7][gc,heap     ] GC(171) Eden regions: 152->0(152)
[2024-04-01T06:55:55.460+0000][7][gc,heap     ] GC(171) Survivor regions: 1->1(20)
[2024-04-01T06:55:55.460+0000][7][gc,heap     ] GC(171) Old regions: 21->21
[2024-04-01T06:55:55.460+0000][7][gc,heap     ] GC(171) Archive regions: 2->2
[2024-04-01T06:55:55.460+0000][7][gc,heap     ] GC(171) Humongous regions: 2->2
[2024-04-01T06:55:55.460+0000][7][gc,metaspace] GC(171) Metaspace: 101591K(106192K)->101591K(106192K) NonClass: 88550K(91984K)->88550K(91984K) Class: 13040K(14208K)->13040K(14208K)
[2024-04-01T06:55:55.460+0000][7][gc          ] GC(171) Pause Young (Normal) (G1 Evacuation Pause) 702M->94M(1024M) 2.274ms
[2024-04-01T06:55:55.460+0000][7][gc,cpu      ] GC(171) User=0.01s Sys=0.00s Real=0.00s
[2024-04-01T06:55:55.460+0000][7][safepoint   ] Safepoint "G1CollectForAllocation", Time since last: 5347057323578 ns, Reaching safepoint: 116970 ns, At safepoint: 2363142 ns, Total: 2480112 ns
[2024-04-01T09:01:42.881+0000][7][safepoint   ] Safepoint "Cleanup", Time since last: 7547420639749 ns, Reaching safepoint: 103533 ns, At safepoint: 3409 ns, Total: 106942 ns
[2024-04-01T09:01:43.881+0000][7][safepoint   ] Safepoint "Cleanup", Time since last: 1000153906 ns, Reaching safepoint: 93517 ns, At safepoint: 3653 ns, Total: 97170 ns
[2024-04-01T09:01:47.882+0000][7][safepoint   ] Safepoint "Cleanup", Time since last: 4000343282 ns, Reaching safepoint: 110646 ns, At safepoint: 4715 ns, Total: 115361 ns
[2024-04-01T09:05:43.896+0000][7][safepoint   ] Safepoint "Cleanup", Time since last: 236014245362 ns, Reaching safepoint: 125260 ns, At safepoint: 6364 ns, Total: 131624 ns
[2024-04-01T09:11:23.916+0000][7][safepoint   ] Safepoint "Cleanup", Time since last: 340020332632 ns, Reaching safepoint: 88606 ns, At safepoint: 5886 ns, Total: 94492 ns
[2024-04-01T09:42:08.027+0000][7][safepoint   ] Safepoint "Cleanup", Time since last: 1844109991598 ns, Reaching safepoint: 92620 ns, At safepoint: 3544 ns, Total: 96164 ns
[2024-04-01T09:42:10.027+0000][7][safepoint   ] Safepoint "Cleanup", Time since last: 2000230317 ns, Reaching safepoint: 103198 ns, At safepoint: 4124 ns, Total: 107322 ns
[2024-04-01T09:42:11.027+0000][7][safepoint   ] Safepoint "Cleanup", Time since last: 1000152393 ns, Reaching safepoint: 105047 ns, At safepoint: 4280 ns, Total: 109327 ns
[2024-04-01T09:45:01.038+0000][7][safepoint   ] Safepoint "Cleanup", Time since last: 170010843878 ns, Reaching safepoint: 83675 ns, At safepoint: 3539 ns, Total: 87214 ns
[2024-04-01T09:45:02.038+0000][7][safepoint   ] Safepoint "Cleanup", Time since last: 1000145344 ns, Reaching safepoint: 115082 ns, At safepoint: 4043 ns, Total: 119125 ns
[2024-04-01T10:02:25.102+0000][7][safepoint   ] Safepoint "Cleanup", Time since last: 1043063122930 ns, Reaching safepoint: 99390 ns, At safepoint: 3479 ns, Total: 102869 ns
[2024-04-01T10:03:29.106+0000][7][safepoint   ] Safepoint "Cleanup", Time since last: 64003979661 ns, Reaching safepoint: 97390 ns, At safepoint: 4071 ns, Total: 101461 ns
[2024-04-01T10:03:35.106+0000][7][safepoint   ] Safepoint "Cleanup", Time since last: 6000455130 ns, Reaching safepoint: 102956 ns, At safepoint: 3773 ns, Total: 106729 ns
[2024-04-01T10:03:57.108+0000][7][safepoint   ] Safepoint "Cleanup", Time since last: 22001388454 ns, Reaching safepoint: 106729 ns, At safepoint: 3829 ns, Total: 110558 ns
[2024-04-01T10:04:07.109+0000][7][safepoint   ] Safepoint "Cleanup", Time since last: 10000716304 ns, Reaching safepoint: 114475 ns, At safepoint: 4564 ns, Total: 119039 ns
[2024-04-01T12:24:09.609+0000][7][safepoint   ] Safepoint "Cleanup", Time since last: 8402500671204 ns, Reaching safepoint: 95296 ns, At safepoint: 3111 ns, Total: 98407 ns
[2024-04-01T12:32:28.067+0000][7][gc,start    ] GC(172) Pause Young (Normal) (G1 Evacuation Pause)
[2024-04-01T12:32:28.067+0000][7][gc,task     ] GC(172) Using 13 workers of 13 for evacuation
[2024-04-01T12:32:28.067+0000][7][gc,age      ] GC(172) Desired survivor size 41943040 bytes, new threshold 15 (max threshold 15)
[2024-04-01T12:32:28.069+0000][7][gc,age      ] GC(172) Age table with threshold 15 (max threshold 15)
[2024-04-01T12:32:28.069+0000][7][gc,age      ] GC(172) - age   1:     352336 bytes,     352336 total
[2024-04-01T12:32:28.069+0000][7][gc,age      ] GC(172) - age   2:     148912 bytes,     501248 total
[2024-04-01T12:32:28.069+0000][7][gc,age      ] GC(172) - age   3:      32528 bytes,     533776 total
[2024-04-01T12:32:28.069+0000][7][gc,age      ] GC(172) - age   4:        360 bytes,     534136 total
[2024-04-01T12:32:28.069+0000][7][gc,age      ] GC(172) - age   5:      24624 bytes,     558760 total
[2024-04-01T12:32:28.069+0000][7][gc,age      ] GC(172) - age   6:        432 bytes,     559192 total
[2024-04-01T12:32:28.069+0000][7][gc,age      ] GC(172) - age   7:      54304 bytes,     613496 total
[2024-04-01T12:32:28.069+0000][7][gc,age      ] GC(172) - age   8:        136 bytes,     613632 total
[2024-04-01T12:32:28.069+0000][7][gc,age      ] GC(172) - age  11:        712 bytes,     614344 total
[2024-04-01T12:32:28.069+0000][7][gc,age      ] GC(172) - age  12:        232 bytes,     614576 total
[2024-04-01T12:32:28.069+0000][7][gc,age      ] GC(172) - age  14:       1240 bytes,     615816 total
[2024-04-01T12:32:28.069+0000][7][gc,age      ] GC(172) - age  15:        768 bytes,     616584 total
[2024-04-01T12:32:28.069+0000][7][gc,phases   ] GC(172)   Pre Evacuate Collection Set: 0.1ms
[2024-04-01T12:32:28.069+0000][7][gc,phases   ] GC(172)   Merge Heap Roots: 0.1ms
[2024-04-01T12:32:28.069+0000][7][gc,phases   ] GC(172)   Evacuate Collection Set: 0.6ms
[2024-04-01T12:32:28.069+0000][7][gc,phases   ] GC(172)   Post Evacuate Collection Set: 0.5ms
[2024-04-01T12:32:28.069+0000][7][gc,phases   ] GC(172)   Other: 0.4ms
[2024-04-01T12:32:28.069+0000][7][gc,heap     ] GC(172) Eden regions: 152->0(152)
[2024-04-01T12:32:28.069+0000][7][gc,heap     ] GC(172) Survivor regions: 1->1(20)
[2024-04-01T12:32:28.069+0000][7][gc,heap     ] GC(172) Old regions: 21->21
[2024-04-01T12:32:28.069+0000][7][gc,heap     ] GC(172) Archive regions: 2->2
[2024-04-01T12:32:28.069+0000][7][gc,heap     ] GC(172) Humongous regions: 2->2
[2024-04-01T12:32:28.069+0000][7][gc,metaspace] GC(172) Metaspace: 101652K(106192K)->101652K(106192K) NonClass: 88611K(91984K)->88611K(91984K) Class: 13040K(14208K)->13040K(14208K)
[2024-04-01T12:32:28.069+0000][7][gc          ] GC(172) Pause Young (Normal) (G1 Evacuation Pause) 702M->94M(1024M) 1.954ms
[2024-04-01T12:32:28.069+0000][7][gc,cpu      ] GC(172) User=0.00s Sys=0.00s Real=0.00s
[2024-04-01T12:32:28.069+0000][7][safepoint   ] Safepoint "G1CollectForAllocation", Time since last: 498457554678 ns, Reaching safepoint: 112216 ns, At safepoint: 2046897 ns, Total: 2159113 ns
[2024-04-01T12:43:57.110+0000][7][safepoint   ] Safepoint "Cleanup", Time since last: 689041128414 ns, Reaching safepoint: 110019 ns, At safepoint: 4197 ns, Total: 114216 ns
[2024-04-01T12:45:07.115+0000][7][safepoint   ] Safepoint "Cleanup", Time since last: 70004261117 ns, Reaching safepoint: 111994 ns, At safepoint: 4350 ns, Total: 116344 ns
[2024-04-01T17:41:01.303+0000][7][safepoint   ] Safepoint "Cleanup", Time since last: 17754187955196 ns, Reaching safepoint: 85712 ns, At safepoint: 11211 ns, Total: 96923 ns
[2024-04-01T17:41:04.303+0000][7][safepoint   ] Safepoint "Cleanup", Time since last: 3000272638 ns, Reaching safepoint: 116309 ns, At safepoint: 4237 ns, Total: 120546 ns
[2024-04-01T18:08:36.401+0000][7][safepoint   ] Safepoint "Cleanup", Time since last: 1652097984869 ns, Reaching safepoint: 88898 ns, At safepoint: 4377 ns, Total: 93275 ns
[2024-04-01T19:18:43.866+0000][7][gc,start    ] GC(173) Pause Young (Normal) (G1 Evacuation Pause)
[2024-04-01T19:18:43.866+0000][7][gc,task     ] GC(173) Using 13 workers of 13 for evacuation
[2024-04-01T19:18:43.866+0000][7][gc,age      ] GC(173) Desired survivor size 41943040 bytes, new threshold 15 (max threshold 15)
[2024-04-01T19:18:43.868+0000][7][gc,age      ] GC(173) Age table with threshold 15 (max threshold 15)
[2024-04-01T19:18:43.868+0000][7][gc,age      ] GC(173) - age   1:     121776 bytes,     121776 total
[2024-04-01T19:18:43.868+0000][7][gc,age      ] GC(173) - age   2:     122816 bytes,     244592 total
[2024-04-01T19:18:43.868+0000][7][gc,age      ] GC(173) - age   3:      99824 bytes,     344416 total
[2024-04-01T19:18:43.868+0000][7][gc,age      ] GC(173) - age   4:      16336 bytes,     360752 total
[2024-04-01T19:18:43.868+0000][7][gc,age      ] GC(173) - age   5:         64 bytes,     360816 total
[2024-04-01T19:18:43.868+0000][7][gc,age      ] GC(173) - age   6:      24624 bytes,     385440 total
[2024-04-01T19:18:43.868+0000][7][gc,age      ] GC(173) - age   7:        352 bytes,     385792 total
[2024-04-01T19:18:43.868+0000][7][gc,age      ] GC(173) - age   8:      54304 bytes,     440096 total
[2024-04-01T19:18:43.868+0000][7][gc,age      ] GC(173) - age   9:        136 bytes,     440232 total
[2024-04-01T19:18:43.868+0000][7][gc,age      ] GC(173) - age  12:        712 bytes,     440944 total
[2024-04-01T19:18:43.868+0000][7][gc,age      ] GC(173) - age  13:        232 bytes,     441176 total
[2024-04-01T19:18:43.868+0000][7][gc,age      ] GC(173) - age  15:       1240 bytes,     442416 total
[2024-04-01T19:18:43.868+0000][7][gc,phases   ] GC(173)   Pre Evacuate Collection Set: 0.2ms
[2024-04-01T19:18:43.868+0000][7][gc,phases   ] GC(173)   Merge Heap Roots: 0.1ms
[2024-04-01T19:18:43.868+0000][7][gc,phases   ] GC(173)   Evacuate Collection Set: 1.1ms
[2024-04-01T19:18:43.868+0000][7][gc,phases   ] GC(173)   Post Evacuate Collection Set: 0.5ms
[2024-04-01T19:18:43.868+0000][7][gc,phases   ] GC(173)   Other: 0.4ms
[2024-04-01T19:18:43.868+0000][7][gc,heap     ] GC(173) Eden regions: 152->0(152)
[2024-04-01T19:18:43.868+0000][7][gc,heap     ] GC(173) Survivor regions: 1->1(20)
[2024-04-01T19:18:43.868+0000][7][gc,heap     ] GC(173) Old regions: 21->21
[2024-04-01T19:18:43.868+0000][7][gc,heap     ] GC(173) Archive regions: 2->2
[2024-04-01T19:18:43.868+0000][7][gc,heap     ] GC(173) Humongous regions: 2->2
[2024-04-01T19:18:43.868+0000][7][gc,metaspace] GC(173) Metaspace: 101653K(106192K)->101653K(106192K) NonClass: 88613K(91984K)->88613K(91984K) Class: 13040K(14208K)->13040K(14208K)
[2024-04-01T19:18:43.868+0000][7][gc          ] GC(173) Pause Young (Normal) (G1 Evacuation Pause) 702M->94M(1024M) 2.484ms
[2024-04-01T19:18:43.868+0000][7][gc,cpu      ] GC(173) User=0.01s Sys=0.00s Real=0.01s
[2024-04-01T19:18:43.868+0000][7][safepoint   ] Safepoint "G1CollectForAllocation", Time since last: 4207464590023 ns, Reaching safepoint: 95941 ns, At safepoint: 2574502 ns, Total: 2670443 ns
[2024-04-01T22:20:41.515+0000][7][safepoint   ] Safepoint "Cleanup", Time since last: 10917646721427 ns, Reaching safepoint: 101459 ns, At safepoint: 4188 ns, Total: 105647 ns
[2024-04-01T23:43:42.828+0000][7][safepoint   ] Safepoint "Cleanup", Time since last: 4981312334921 ns, Reaching safepoint: 106972 ns, At safepoint: 3655 ns, Total: 110627 ns
[2024-04-02T01:14:24.149+0000][7][safepoint   ] Safepoint "Cleanup", Time since last: 5441321682787 ns, Reaching safepoint: 87487 ns, At safepoint: 10795 ns, Total: 98282 ns
[2024-04-02T01:32:34.214+0000][7][safepoint   ] Safepoint "Cleanup", Time since last: 1090064738905 ns, Reaching safepoint: 121983 ns, At safepoint: 4941 ns, Total: 126924 ns
[2024-04-02T01:55:11.779+0000][7][gc,start    ] GC(174) Pause Young (Normal) (G1 Evacuation Pause)
[2024-04-02T01:55:11.779+0000][7][gc,task     ] GC(174) Using 13 workers of 13 for evacuation
[2024-04-02T01:55:11.779+0000][7][gc,age      ] GC(174) Desired survivor size 41943040 bytes, new threshold 15 (max threshold 15)
[2024-04-02T01:55:11.781+0000][7][gc,age      ] GC(174) Age table with threshold 15 (max threshold 15)
[2024-04-02T01:55:11.781+0000][7][gc,age      ] GC(174) - age   1:     188536 bytes,     188536 total
[2024-04-02T01:55:11.781+0000][7][gc,age      ] GC(174) - age   2:      99200 bytes,     287736 total
[2024-04-02T01:55:11.781+0000][7][gc,age      ] GC(174) - age   3:      57088 bytes,     344824 total
[2024-04-02T01:55:11.781+0000][7][gc,age      ] GC(174) - age   4:      34104 bytes,     378928 total
[2024-04-02T01:55:11.781+0000][7][gc,age      ] GC(174) - age   5:      16296 bytes,     395224 total
[2024-04-02T01:55:11.781+0000][7][gc,age      ] GC(174) - age   7:      24624 bytes,     419848 total
[2024-04-02T01:55:11.781+0000][7][gc,age      ] GC(174) - age   8:        352 bytes,     420200 total
[2024-04-02T01:55:11.781+0000][7][gc,age      ] GC(174) - age   9:      54264 bytes,     474464 total
[2024-04-02T01:55:11.781+0000][7][gc,age      ] GC(174) - age  10:        136 bytes,     474600 total
[2024-04-02T01:55:11.781+0000][7][gc,age      ] GC(174) - age  13:        688 bytes,     475288 total
[2024-04-02T01:55:11.781+0000][7][gc,age      ] GC(174) - age  14:        232 bytes,     475520 total
[2024-04-02T01:55:11.781+0000][7][gc,phases   ] GC(174)   Pre Evacuate Collection Set: 0.2ms
[2024-04-02T01:55:11.781+0000][7][gc,phases   ] GC(174)   Merge Heap Roots: 0.1ms
[2024-04-02T01:55:11.781+0000][7][gc,phases   ] GC(174)   Evacuate Collection Set: 0.5ms
[2024-04-02T01:55:11.781+0000][7][gc,phases   ] GC(174)   Post Evacuate Collection Set: 0.5ms
[2024-04-02T01:55:11.781+0000][7][gc,phases   ] GC(174)   Other: 0.4ms
[2024-04-02T01:55:11.781+0000][7][gc,heap     ] GC(174) Eden regions: 152->0(152)
[2024-04-02T01:55:11.781+0000][7][gc,heap     ] GC(174) Survivor regions: 1->1(20)
[2024-04-02T01:55:11.781+0000][7][gc,heap     ] GC(174) Old regions: 21->21
[2024-04-02T01:55:11.781+0000][7][gc,heap     ] GC(174) Archive regions: 2->2
[2024-04-02T01:55:11.781+0000][7][gc,heap     ] GC(174) Humongous regions: 2->2
[2024-04-02T01:55:11.781+0000][7][gc,metaspace] GC(174) Metaspace: 101655K(106192K)->101655K(106192K) NonClass: 88615K(91984K)->88615K(91984K) Class: 13040K(14208K)->13040K(14208K)
[2024-04-02T01:55:11.781+0000][7][gc          ] GC(174) Pause Young (Normal) (G1 Evacuation Pause) 702M->94M(1024M) 1.871ms
[2024-04-02T01:55:11.781+0000][7][gc,cpu      ] GC(174) User=0.00s Sys=0.00s Real=0.00s
[2024-04-02T01:55:11.781+0000][7][safepoint   ] Safepoint "G1CollectForAllocation", Time since last: 1357564503721 ns, Reaching safepoint: 105291 ns, At safepoint: 1959075 ns, Total: 2064366 ns
[2024-04-02T03:18:04.078+0000][7][safepoint   ] Safepoint "Cleanup", Time since last: 4972296727812 ns, Reaching safepoint: 87228 ns, At safepoint: 3625 ns, Total: 90853 ns
[2024-04-02T03:57:58.221+0000][7][safepoint   ] Safepoint "Cleanup", Time since last: 2394142921755 ns, Reaching safepoint: 119132 ns, At safepoint: 3925 ns, Total: 123057 ns
[2024-04-02T06:13:57.725+0000][7][safepoint   ] Safepoint "Cleanup", Time since last: 8159504168300 ns, Reaching safepoint: 89180 ns, At safepoint: 3370 ns, Total: 92550 ns
[2024-04-02T06:29:55.782+0000][7][safepoint   ] Safepoint "Cleanup", Time since last: 958056553051 ns, Reaching safepoint: 92688 ns, At safepoint: 6102 ns, Total: 98790 ns
[2024-04-02T06:55:09.871+0000][7][safepoint   ] Safepoint "Cleanup", Time since last: 1514089197701 ns, Reaching safepoint: 86098 ns, At safepoint: 3983 ns, Total: 90081 ns
[2024-04-02T08:35:44.229+0000][7][safepoint   ] Safepoint "Cleanup", Time since last: 6034358115120 ns, Reaching safepoint: 88822 ns, At safepoint: 6201 ns, Total: 95023 ns
[2024-04-02T08:42:14.877+0000][7][gc,start    ] GC(175) Pause Young (Normal) (G1 Evacuation Pause)
[2024-04-02T08:42:14.877+0000][7][gc,task     ] GC(175) Using 13 workers of 13 for evacuation
[2024-04-02T08:42:14.877+0000][7][gc,age      ] GC(175) Desired survivor size 41943040 bytes, new threshold 15 (max threshold 15)
[2024-04-02T08:42:14.879+0000][7][gc,age      ] GC(175) Age table with threshold 15 (max threshold 15)
[2024-04-02T08:42:14.879+0000][7][gc,age      ] GC(175) - age   1:     243216 bytes,     243216 total
[2024-04-02T08:42:14.879+0000][7][gc,age      ] GC(175) - age   2:     110208 bytes,     353424 total
[2024-04-02T08:42:14.879+0000][7][gc,age      ] GC(175) - age   3:      82016 bytes,     435440 total
[2024-04-02T08:42:14.879+0000][7][gc,age      ] GC(175) - age   4:      56808 bytes,     492248 total
[2024-04-02T08:42:14.879+0000][7][gc,age      ] GC(175) - age   5:      32560 bytes,     524808 total
[2024-04-02T08:42:14.879+0000][7][gc,age      ] GC(175) - age   6:        144 bytes,     524952 total
[2024-04-02T08:42:14.880+0000][7][gc,age      ] GC(175) - age   8:      24624 bytes,     549576 total
[2024-04-02T08:42:14.880+0000][7][gc,age      ] GC(175) - age  10:      29680 bytes,     579256 total
[2024-04-02T08:42:14.880+0000][7][gc,age      ] GC(175) - age  11:        136 bytes,     579392 total
[2024-04-02T08:42:14.880+0000][7][gc,age      ] GC(175) - age  14:        688 bytes,     580080 total
[2024-04-02T08:42:14.880+0000][7][gc,age      ] GC(175) - age  15:        232 bytes,     580312 total
[2024-04-02T08:42:14.880+0000][7][gc,phases   ] GC(175)   Pre Evacuate Collection Set: 0.2ms
[2024-04-02T08:42:14.880+0000][7][gc,phases   ] GC(175)   Merge Heap Roots: 0.2ms
[2024-04-02T08:42:14.880+0000][7][gc,phases   ] GC(175)   Evacuate Collection Set: 1.1ms
[2024-04-02T08:42:14.880+0000][7][gc,phases   ] GC(175)   Post Evacuate Collection Set: 0.5ms
[2024-04-02T08:42:14.880+0000][7][gc,phases   ] GC(175)   Other: 0.4ms
[2024-04-02T08:42:14.880+0000][7][gc,heap     ] GC(175) Eden regions: 152->0(152)
[2024-04-02T08:42:14.880+0000][7][gc,heap     ] GC(175) Survivor regions: 1->1(20)
[2024-04-02T08:42:14.880+0000][7][gc,heap     ] GC(175) Old regions: 21->21
[2024-04-02T08:42:14.880+0000][7][gc,heap     ] GC(175) Archive regions: 2->2
[2024-04-02T08:42:14.880+0000][7][gc,heap     ] GC(175) Humongous regions: 2->2
[2024-04-02T08:42:14.880+0000][7][gc,metaspace] GC(175) Metaspace: 101658K(106192K)->101658K(106192K) NonClass: 88618K(91984K)->88618K(91984K) Class: 13040K(14208K)->13040K(14208K)
[2024-04-02T08:42:14.880+0000][7][gc          ] GC(175) Pause Young (Normal) (G1 Evacuation Pause) 702M->94M(1024M) 2.526ms
[2024-04-02T08:42:14.880+0000][7][gc,cpu      ] GC(175) User=0.01s Sys=0.00s Real=0.00s
[2024-04-02T08:42:14.880+0000][7][safepoint   ] Safepoint "G1CollectForAllocation", Time since last: 390647888956 ns, Reaching safepoint: 93800 ns, At safepoint: 2621419 ns, Total: 2715219 ns
[2024-04-02T15:36:40.022+0000][7][gc,start    ] GC(176) Pause Young (Normal) (G1 Evacuation Pause)
[2024-04-02T15:36:40.022+0000][7][gc,task     ] GC(176) Using 13 workers of 13 for evacuation
[2024-04-02T15:36:40.022+0000][7][gc,age      ] GC(176) Desired survivor size 41943040 bytes, new threshold 15 (max threshold 15)
[2024-04-02T15:36:40.024+0000][7][gc,age      ] GC(176) Age table with threshold 15 (max threshold 15)
[2024-04-02T15:36:40.025+0000][7][gc,age      ] GC(176) - age   1:      37680 bytes,      37680 total
[2024-04-02T15:36:40.025+0000][7][gc,age      ] GC(176) - age   2:      20680 bytes,      58360 total
[2024-04-02T15:36:40.025+0000][7][gc,age      ] GC(176) - age   3:      27768 bytes,      86128 total
[2024-04-02T15:36:40.025+0000][7][gc,age      ] GC(176) - age   4:      16496 bytes,     102624 total
[2024-04-02T15:36:40.025+0000][7][gc,age      ] GC(176) - age   5:      24504 bytes,     127128 total
[2024-04-02T15:36:40.025+0000][7][gc,age      ] GC(176) - age   6:      16408 bytes,     143536 total
[2024-04-02T15:36:40.025+0000][7][gc,age      ] GC(176) - age   7:         40 bytes,     143576 total
[2024-04-02T15:36:40.025+0000][7][gc,age      ] GC(176) - age   9:         40 bytes,     143616 total
[2024-04-02T15:36:40.025+0000][7][gc,age      ] GC(176) - age  11:      29640 bytes,     173256 total
[2024-04-02T15:36:40.025+0000][7][gc,age      ] GC(176) - age  12:        136 bytes,     173392 total
[2024-04-02T15:36:40.025+0000][7][gc,age      ] GC(176) - age  15:        688 bytes,     174080 total
[2024-04-02T15:36:40.025+0000][7][gc,phases   ] GC(176)   Pre Evacuate Collection Set: 0.2ms
[2024-04-02T15:36:40.025+0000][7][gc,phases   ] GC(176)   Merge Heap Roots: 0.1ms
[2024-04-02T15:36:40.025+0000][7][gc,phases   ] GC(176)   Evacuate Collection Set: 1.3ms
[2024-04-02T15:36:40.025+0000][7][gc,phases   ] GC(176)   Post Evacuate Collection Set: 0.6ms
[2024-04-02T15:36:40.025+0000][7][gc,phases   ] GC(176)   Other: 0.4ms
[2024-04-02T15:36:40.025+0000][7][gc,heap     ] GC(176) Eden regions: 152->0(152)
[2024-04-02T15:36:40.025+0000][7][gc,heap     ] GC(176) Survivor regions: 1->1(20)
[2024-04-02T15:36:40.025+0000][7][gc,heap     ] GC(176) Old regions: 21->21
[2024-04-02T15:36:40.025+0000][7][gc,heap     ] GC(176) Archive regions: 2->2
[2024-04-02T15:36:40.025+0000][7][gc,heap     ] GC(176) Humongous regions: 2->2
[2024-04-02T15:36:40.025+0000][7][gc,metaspace] GC(176) Metaspace: 101658K(106192K)->101658K(106192K) NonClass: 88618K(91984K)->88618K(91984K) Class: 13040K(14208K)->13040K(14208K)
[2024-04-02T15:36:40.025+0000][7][gc          ] GC(176) Pause Young (Normal) (G1 Evacuation Pause) 702M->94M(1024M) 2.723ms
[2024-04-02T15:36:40.025+0000][7][gc,cpu      ] GC(176) User=0.01s Sys=0.01s Real=0.00s
[2024-04-02T15:36:40.025+0000][7][safepoint   ] Safepoint "G1CollectForAllocation", Time since last: 24865142225932 ns, Reaching safepoint: 83197 ns, At safepoint: 2814757 ns, Total: 2897954 ns
[2024-04-02T19:11:07.768+0000][7][safepoint   ] Safepoint "Cleanup", Time since last: 12867742820650 ns, Reaching safepoint: 92110 ns, At safepoint: 3352 ns, Total: 95462 ns
[2024-04-02T20:39:54.111+0000][7][safepoint   ] Safepoint "Cleanup", Time since last: 5326343118807 ns, Reaching safepoint: 122151 ns, At safepoint: 4228 ns, Total: 126379 ns
[2024-04-02T22:11:13.929+0000][7][gc,start    ] GC(177) Pause Young (Normal) (G1 Evacuation Pause)
[2024-04-02T22:11:13.929+0000][7][gc,task     ] GC(177) Using 13 workers of 13 for evacuation
[2024-04-02T22:11:13.929+0000][7][gc,age      ] GC(177) Desired survivor size 41943040 bytes, new threshold 15 (max threshold 15)
[2024-04-02T22:11:13.931+0000][7][gc,age      ] GC(177) Age table with threshold 15 (max threshold 15)
[2024-04-02T22:11:13.931+0000][7][gc,age      ] GC(177) - age   1:     178840 bytes,     178840 total
[2024-04-02T22:11:13.931+0000][7][gc,age      ] GC(177) - age   2:      25424 bytes,     204264 total
[2024-04-02T22:11:13.931+0000][7][gc,age      ] GC(177) - age   3:      18808 bytes,     223072 total
[2024-04-02T22:11:13.931+0000][7][gc,age      ] GC(177) - age   4:      27568 bytes,     250640 total
[2024-04-02T22:11:13.931+0000][7][gc,age      ] GC(177) - age   5:      16296 bytes,     266936 total
[2024-04-02T22:11:13.931+0000][7][gc,age      ] GC(177) - age   6:      24504 bytes,     291440 total
[2024-04-02T22:11:13.931+0000][7][gc,age      ] GC(177) - age   7:      16368 bytes,     307808 total
[2024-04-02T22:11:13.931+0000][7][gc,age      ] GC(177) - age   8:         40 bytes,     307848 total
[2024-04-02T22:11:13.931+0000][7][gc,age      ] GC(177) - age  12:      29640 bytes,     337488 total
[2024-04-02T22:11:13.931+0000][7][gc,age      ] GC(177) - age  13:        136 bytes,     337624 total
[2024-04-02T22:11:13.931+0000][7][gc,phases   ] GC(177)   Pre Evacuate Collection Set: 0.1ms
[2024-04-02T22:11:13.931+0000][7][gc,phases   ] GC(177)   Merge Heap Roots: 0.1ms
[2024-04-02T22:11:13.931+0000][7][gc,phases   ] GC(177)   Evacuate Collection Set: 0.6ms
[2024-04-02T22:11:13.931+0000][7][gc,phases   ] GC(177)   Post Evacuate Collection Set: 0.5ms
[2024-04-02T22:11:13.931+0000][7][gc,phases   ] GC(177)   Other: 0.4ms
[2024-04-02T22:11:13.931+0000][7][gc,heap     ] GC(177) Eden regions: 152->0(152)
[2024-04-02T22:11:13.931+0000][7][gc,heap     ] GC(177) Survivor regions: 1->1(20)
[2024-04-02T22:11:13.931+0000][7][gc,heap     ] GC(177) Old regions: 21->21
[2024-04-02T22:11:13.931+0000][7][gc,heap     ] GC(177) Archive regions: 2->2
[2024-04-02T22:11:13.931+0000][7][gc,heap     ] GC(177) Humongous regions: 2->2
[2024-04-02T22:11:13.931+0000][7][gc,metaspace] GC(177) Metaspace: 101673K(106192K)->101673K(106192K) NonClass: 88631K(91984K)->88631K(91984K) Class: 13041K(14208K)->13041K(14208K)
[2024-04-02T22:11:13.931+0000][7][gc          ] GC(177) Pause Young (Normal) (G1 Evacuation Pause) 702M->94M(1024M) 1.910ms
[2024-04-02T22:11:13.931+0000][7][gc,cpu      ] GC(177) User=0.00s Sys=0.00s Real=0.00s
[2024-04-02T22:11:13.931+0000][7][safepoint   ] Safepoint "G1CollectForAllocation", Time since last: 5479817844284 ns, Reaching safepoint: 85492 ns, At safepoint: 2008739 ns, Total: 2094231 ns
[2024-04-03T02:40:53.891+0000][7][safepoint   ] Safepoint "Cleanup", Time since last: 16179959663311 ns, Reaching safepoint: 92155 ns, At safepoint: 4263 ns, Total: 96418 ns
[2024-04-03T02:42:36.897+0000][7][safepoint   ] Safepoint "Cleanup", Time since last: 103006220820 ns, Reaching safepoint: 95918 ns, At safepoint: 8396 ns, Total: 104314 ns
[2024-04-03T02:45:29.908+0000][7][safepoint   ] Safepoint "Cleanup", Time since last: 173010465547 ns, Reaching safepoint: 104805 ns, At safepoint: 3917 ns, Total: 108722 ns
[2024-04-03T02:47:54.917+0000][7][safepoint   ] Safepoint "Cleanup", Time since last: 145008840694 ns, Reaching safepoint: 132681 ns, At safepoint: 3957 ns, Total: 136638 ns
[2024-04-03T04:36:03.748+0000][7][gc,start    ] GC(178) Pause Young (Normal) (G1 Evacuation Pause)
[2024-04-03T04:36:03.748+0000][7][gc,task     ] GC(178) Using 13 workers of 13 for evacuation
[2024-04-03T04:36:03.749+0000][7][gc,age      ] GC(178) Desired survivor size 41943040 bytes, new threshold 15 (max threshold 15)
[2024-04-03T04:36:03.750+0000][7][gc,age      ] GC(178) Age table with threshold 15 (max threshold 15)
[2024-04-03T04:36:03.750+0000][7][gc,age      ] GC(178) - age   1:     476080 bytes,     476080 total
[2024-04-03T04:36:03.750+0000][7][gc,age      ] GC(178) - age   2:     140768 bytes,     616848 total
[2024-04-03T04:36:03.750+0000][7][gc,age      ] GC(178) - age   3:      25072 bytes,     641920 total
[2024-04-03T04:36:03.750+0000][7][gc,age      ] GC(178) - age   4:      16568 bytes,     658488 total
[2024-04-03T04:36:03.750+0000][7][gc,age      ] GC(178) - age   5:      26592 bytes,     685080 total
[2024-04-03T04:36:03.750+0000][7][gc,age      ] GC(178) - age   6:      16296 bytes,     701376 total
[2024-04-03T04:36:03.750+0000][7][gc,age      ] GC(178) - age   7:      24160 bytes,     725536 total
[2024-04-03T04:36:03.750+0000][7][gc,age      ] GC(178) - age   8:      16368 bytes,     741904 total
[2024-04-03T04:36:03.750+0000][7][gc,age      ] GC(178) - age  13:      29640 bytes,     771544 total
[2024-04-03T04:36:03.750+0000][7][gc,age      ] GC(178) - age  14:        136 bytes,     771680 total
[2024-04-03T04:36:03.750+0000][7][gc,phases   ] GC(178)   Pre Evacuate Collection Set: 0.2ms
[2024-04-03T04:36:03.750+0000][7][gc,phases   ] GC(178)   Merge Heap Roots: 0.1ms
[2024-04-03T04:36:03.750+0000][7][gc,phases   ] GC(178)   Evacuate Collection Set: 0.8ms
[2024-04-03T04:36:03.750+0000][7][gc,phases   ] GC(178)   Post Evacuate Collection Set: 0.5ms
[2024-04-03T04:36:03.750+0000][7][gc,phases   ] GC(178)   Other: 0.4ms
[2024-04-03T04:36:03.750+0000][7][gc,heap     ] GC(178) Eden regions: 152->0(152)
[2024-04-03T04:36:03.750+0000][7][gc,heap     ] GC(178) Survivor regions: 1->1(20)
[2024-04-03T04:36:03.750+0000][7][gc,heap     ] GC(178) Old regions: 21->21
[2024-04-03T04:36:03.751+0000][7][gc,heap     ] GC(178) Archive regions: 2->2
[2024-04-03T04:36:03.751+0000][7][gc,heap     ] GC(178) Humongous regions: 2->2
[2024-04-03T04:36:03.751+0000][7][gc,metaspace] GC(178) Metaspace: 101677K(106192K)->101677K(106192K) NonClass: 88635K(91984K)->88635K(91984K) Class: 13041K(14208K)->13041K(14208K)
[2024-04-03T04:36:03.751+0000][7][gc          ] GC(178) Pause Young (Normal) (G1 Evacuation Pause) 702M->94M(1024M) 2.157ms
[2024-04-03T04:36:03.751+0000][7][gc,cpu      ] GC(178) User=0.00s Sys=0.00s Real=0.00s
[2024-04-03T04:36:03.751+0000][7][safepoint   ] Safepoint "G1CollectForAllocation", Time since last: 6488831611833 ns, Reaching safepoint: 87691 ns, At safepoint: 2271276 ns, Total: 2358967 ns
[2024-04-03T09:49:37.869+0000][7][safepoint   ] Safepoint "Cleanup", Time since last: 18814117848252 ns, Reaching safepoint: 88804 ns, At safepoint: 3345 ns, Total: 92149 ns
[2024-04-03T11:30:43.242+0000][7][gc,start    ] GC(179) Pause Young (Normal) (G1 Evacuation Pause)
[2024-04-03T11:30:43.242+0000][7][gc,task     ] GC(179) Using 13 workers of 13 for evacuation
[2024-04-03T11:30:43.242+0000][7][gc,age      ] GC(179) Desired survivor size 41943040 bytes, new threshold 15 (max threshold 15)
[2024-04-03T11:30:43.243+0000][7][gc,age      ] GC(179) Age table with threshold 15 (max threshold 15)
[2024-04-03T11:30:43.244+0000][7][gc,age      ] GC(179) - age   1:      33744 bytes,      33744 total
[2024-04-03T11:30:43.244+0000][7][gc,age      ] GC(179) - age   2:      60808 bytes,      94552 total
[2024-04-03T11:30:43.244+0000][7][gc,age      ] GC(179) - age   3:      59848 bytes,     154400 total
[2024-04-03T11:30:43.244+0000][7][gc,age      ] GC(179) - age   4:      25072 bytes,     179472 total
[2024-04-03T11:30:43.244+0000][7][gc,age      ] GC(179) - age   5:        416 bytes,     179888 total
[2024-04-03T11:30:43.244+0000][7][gc,age      ] GC(179) - age   6:      26488 bytes,     206376 total
[2024-04-03T11:30:43.244+0000][7][gc,age      ] GC(179) - age   7:      16296 bytes,     222672 total
[2024-04-03T11:30:43.244+0000][7][gc,age      ] GC(179) - age   8:      24160 bytes,     246832 total
[2024-04-03T11:30:43.244+0000][7][gc,age      ] GC(179) - age   9:        216 bytes,     247048 total
[2024-04-03T11:30:43.244+0000][7][gc,age      ] GC(179) - age  14:       5056 bytes,     252104 total
[2024-04-03T11:30:43.244+0000][7][gc,age      ] GC(179) - age  15:        136 bytes,     252240 total
[2024-04-03T11:30:43.244+0000][7][gc,phases   ] GC(179)   Pre Evacuate Collection Set: 0.1ms
[2024-04-03T11:30:43.244+0000][7][gc,phases   ] GC(179)   Merge Heap Roots: 0.1ms
[2024-04-03T11:30:43.244+0000][7][gc,phases   ] GC(179)   Evacuate Collection Set: 0.9ms
[2024-04-03T11:30:43.244+0000][7][gc,phases   ] GC(179)   Post Evacuate Collection Set: 0.5ms
[2024-04-03T11:30:43.244+0000][7][gc,phases   ] GC(179)   Other: 0.4ms
[2024-04-03T11:30:43.244+0000][7][gc,heap     ] GC(179) Eden regions: 152->0(152)
[2024-04-03T11:30:43.244+0000][7][gc,heap     ] GC(179) Survivor regions: 1->1(20)
[2024-04-03T11:30:43.244+0000][7][gc,heap     ] GC(179) Old regions: 21->21
[2024-04-03T11:30:43.244+0000][7][gc,heap     ] GC(179) Archive regions: 2->2
[2024-04-03T11:30:43.244+0000][7][gc,heap     ] GC(179) Humongous regions: 2->2
[2024-04-03T11:30:43.244+0000][7][gc,metaspace] GC(179) Metaspace: 101679K(106192K)->101679K(106192K) NonClass: 88637K(91984K)->88637K(91984K) Class: 13042K(14208K)->13042K(14208K)
[2024-04-03T11:30:43.244+0000][7][gc          ] GC(179) Pause Young (Normal) (G1 Evacuation Pause) 702M->94M(1024M) 2.214ms
[2024-04-03T11:30:43.244+0000][7][gc,cpu      ] GC(179) User=0.01s Sys=0.00s Real=0.00s
[2024-04-03T11:30:43.244+0000][7][safepoint   ] Safepoint "G1CollectForAllocation", Time since last: 6065372922120 ns, Reaching safepoint: 90097 ns, At safepoint: 2314132 ns, Total: 2404229 ns
[2024-04-03T14:51:59.959+0000][7][safepoint   ] Safepoint "Cleanup", Time since last: 12076714827018 ns, Reaching safepoint: 120995 ns, At safepoint: 6208 ns, Total: 127203 ns
[2024-04-03T18:23:46.933+0000][7][gc,start    ] GC(180) Pause Young (Normal) (G1 Evacuation Pause)
[2024-04-03T18:23:46.933+0000][7][gc,task     ] GC(180) Using 13 workers of 13 for evacuation
[2024-04-03T18:23:46.933+0000][7][gc,age      ] GC(180) Desired survivor size 41943040 bytes, new threshold 15 (max threshold 15)
[2024-04-03T18:23:46.935+0000][7][gc,age      ] GC(180) Age table with threshold 15 (max threshold 15)
[2024-04-03T18:23:46.935+0000][7][gc,age      ] GC(180) - age   1:     121440 bytes,     121440 total
[2024-04-03T18:23:46.935+0000][7][gc,age      ] GC(180) - age   2:      18624 bytes,     140064 total
[2024-04-03T18:23:46.935+0000][7][gc,age      ] GC(180) - age   3:      36160 bytes,     176224 total
[2024-04-03T18:23:46.935+0000][7][gc,age      ] GC(180) - age   4:      58128 bytes,     234352 total
[2024-04-03T18:23:46.935+0000][7][gc,age      ] GC(180) - age   5:      24368 bytes,     258720 total
[2024-04-03T18:23:46.935+0000][7][gc,age      ] GC(180) - age   6:         40 bytes,     258760 total
[2024-04-03T18:23:46.935+0000][7][gc,age      ] GC(180) - age   7:       1904 bytes,     260664 total
[2024-04-03T18:23:46.935+0000][7][gc,age      ] GC(180) - age   8:        144 bytes,     260808 total
[2024-04-03T18:23:46.935+0000][7][gc,age      ] GC(180) - age   9:      24160 bytes,     284968 total
[2024-04-03T18:23:46.935+0000][7][gc,age      ] GC(180) - age  10:        176 bytes,     285144 total
[2024-04-03T18:23:46.935+0000][7][gc,age      ] GC(180) - age  15:       5016 bytes,     290160 total
[2024-04-03T18:23:46.935+0000][7][gc,phases   ] GC(180)   Pre Evacuate Collection Set: 0.2ms
[2024-04-03T18:23:46.935+0000][7][gc,phases   ] GC(180)   Merge Heap Roots: 0.1ms
[2024-04-03T18:23:46.935+0000][7][gc,phases   ] GC(180)   Evacuate Collection Set: 0.8ms
[2024-04-03T18:23:46.935+0000][7][gc,phases   ] GC(180)   Post Evacuate Collection Set: 0.6ms
[2024-04-03T18:23:46.935+0000][7][gc,phases   ] GC(180)   Other: 0.4ms
[2024-04-03T18:23:46.935+0000][7][gc,heap     ] GC(180) Eden regions: 152->0(152)
[2024-04-03T18:23:46.935+0000][7][gc,heap     ] GC(180) Survivor regions: 1->1(20)
[2024-04-03T18:23:46.935+0000][7][gc,heap     ] GC(180) Old regions: 21->21
[2024-04-03T18:23:46.935+0000][7][gc,heap     ] GC(180) Archive regions: 2->2
[2024-04-03T18:23:46.935+0000][7][gc,heap     ] GC(180) Humongous regions: 2->2
[2024-04-03T18:23:46.935+0000][7][gc,metaspace] GC(180) Metaspace: 101684K(106192K)->101684K(106192K) NonClass: 88642K(91984K)->88642K(91984K) Class: 13042K(14208K)->13042K(14208K)
[2024-04-03T18:23:46.935+0000][7][gc          ] GC(180) Pause Young (Normal) (G1 Evacuation Pause) 702M->94M(1024M) 2.170ms
[2024-04-03T18:23:46.935+0000][7][gc,cpu      ] GC(180) User=0.00s Sys=0.01s Real=0.00s
[2024-04-03T18:23:46.935+0000][7][safepoint   ] Safepoint "G1CollectForAllocation", Time since last: 12706973934043 ns, Reaching safepoint: 119828 ns, At safepoint: 2259366 ns, Total: 2379194 ns
[2024-04-04T01:16:43.781+0000][7][gc,start    ] GC(181) Pause Young (Normal) (G1 Evacuation Pause)
[2024-04-04T01:16:43.781+0000][7][gc,task     ] GC(181) Using 13 workers of 13 for evacuation
[2024-04-04T01:16:43.781+0000][7][gc,age      ] GC(181) Desired survivor size 41943040 bytes, new threshold 15 (max threshold 15)
[2024-04-04T01:16:43.783+0000][7][gc,age      ] GC(181) Age table with threshold 15 (max threshold 15)
[2024-04-04T01:16:43.783+0000][7][gc,age      ] GC(181) - age   1:      69920 bytes,      69920 total
[2024-04-04T01:16:43.783+0000][7][gc,age      ] GC(181) - age   2:      58224 bytes,     128144 total
[2024-04-04T01:16:43.783+0000][7][gc,age      ] GC(181) - age   3:      18624 bytes,     146768 total
[2024-04-04T01:16:43.783+0000][7][gc,age      ] GC(181) - age   4:      27232 bytes,     174000 total
[2024-04-04T01:16:43.783+0000][7][gc,age      ] GC(181) - age   5:      17768 bytes,     191768 total
[2024-04-04T01:16:43.783+0000][7][gc,age      ] GC(181) - age   6:      16232 bytes,     208000 total
[2024-04-04T01:16:43.783+0000][7][gc,age      ] GC(181) - age   7:         40 bytes,     208040 total
[2024-04-04T01:16:43.783+0000][7][gc,age      ] GC(181) - age   8:       1864 bytes,     209904 total
[2024-04-04T01:16:43.783+0000][7][gc,age      ] GC(181) - age   9:        104 bytes,     210008 total
[2024-04-04T01:16:43.783+0000][7][gc,age      ] GC(181) - age  10:      24160 bytes,     234168 total
[2024-04-04T01:16:43.783+0000][7][gc,age      ] GC(181) - age  11:        176 bytes,     234344 total
[2024-04-04T01:16:43.783+0000][7][gc,phases   ] GC(181)   Pre Evacuate Collection Set: 0.1ms
[2024-04-04T01:16:43.783+0000][7][gc,phases   ] GC(181)   Merge Heap Roots: 0.1ms
[2024-04-04T01:16:43.783+0000][7][gc,phases   ] GC(181)   Evacuate Collection Set: 1.0ms
[2024-04-04T01:16:43.783+0000][7][gc,phases   ] GC(181)   Post Evacuate Collection Set: 0.6ms
[2024-04-04T01:16:43.783+0000][7][gc,phases   ] GC(181)   Other: 0.4ms
[2024-04-04T01:16:43.783+0000][7][gc,heap     ] GC(181) Eden regions: 152->0(152)
[2024-04-04T01:16:43.783+0000][7][gc,heap     ] GC(181) Survivor regions: 1->1(20)
[2024-04-04T01:16:43.783+0000][7][gc,heap     ] GC(181) Old regions: 21->21
[2024-04-04T01:16:43.783+0000][7][gc,heap     ] GC(181) Archive regions: 2->2
[2024-04-04T01:16:43.783+0000][7][gc,heap     ] GC(181) Humongous regions: 2->2
[2024-04-04T01:16:43.783+0000][7][gc,metaspace] GC(181) Metaspace: 101684K(106192K)->101684K(106192K) NonClass: 88642K(91984K)->88642K(91984K) Class: 13042K(14208K)->13042K(14208K)
[2024-04-04T01:16:43.783+0000][7][gc          ] GC(181) Pause Young (Normal) (G1 Evacuation Pause) 702M->94M(1024M) 2.302ms
[2024-04-04T01:16:43.783+0000][7][gc,cpu      ] GC(181) User=0.00s Sys=0.00s Real=0.00s
[2024-04-04T01:16:43.783+0000][7][safepoint   ] Safepoint "G1CollectForAllocation", Time since last: 24776845613058 ns, Reaching safepoint: 96301 ns, At safepoint: 2392632 ns, Total: 2488933 ns
[2024-04-04T05:32:32.687+0000][7][safepoint   ] Safepoint "Cleanup", Time since last: 15348904103875 ns, Reaching safepoint: 90249 ns, At safepoint: 3883 ns, Total: 94132 ns
[2024-04-04T08:09:49.164+0000][7][gc,start    ] GC(182) Pause Young (Normal) (G1 Evacuation Pause)
[2024-04-04T08:09:49.164+0000][7][gc,task     ] GC(182) Using 13 workers of 13 for evacuation
[2024-04-04T08:09:49.164+0000][7][gc,age      ] GC(182) Desired survivor size 41943040 bytes, new threshold 15 (max threshold 15)
[2024-04-04T08:09:49.166+0000][7][gc,age      ] GC(182) Age table with threshold 15 (max threshold 15)
[2024-04-04T08:09:49.166+0000][7][gc,age      ] GC(182) - age   1:      78384 bytes,      78384 total
[2024-04-04T08:09:49.166+0000][7][gc,age      ] GC(182) - age   2:      34120 bytes,     112504 total
[2024-04-04T08:09:49.166+0000][7][gc,age      ] GC(182) - age   3:      33392 bytes,     145896 total
[2024-04-04T08:09:49.166+0000][7][gc,age      ] GC(182) - age   4:       1944 bytes,     147840 total
[2024-04-04T08:09:49.166+0000][7][gc,age      ] GC(182) - age   5:      18344 bytes,     166184 total
[2024-04-04T08:09:49.166+0000][7][gc,age      ] GC(182) - age   6:       1576 bytes,     167760 total
[2024-04-04T08:09:49.166+0000][7][gc,age      ] GC(182) - age   7:         40 bytes,     167800 total
[2024-04-04T08:09:49.166+0000][7][gc,age      ] GC(182) - age   8:         40 bytes,     167840 total
[2024-04-04T08:09:49.166+0000][7][gc,age      ] GC(182) - age   9:       1864 bytes,     169704 total
[2024-04-04T08:09:49.166+0000][7][gc,age      ] GC(182) - age  10:        104 bytes,     169808 total
[2024-04-04T08:09:49.166+0000][7][gc,age      ] GC(182) - age  11:      24160 bytes,     193968 total
[2024-04-04T08:09:49.166+0000][7][gc,age      ] GC(182) - age  12:        176 bytes,     194144 total
[2024-04-04T08:09:49.166+0000][7][gc,phases   ] GC(182)   Pre Evacuate Collection Set: 0.2ms
[2024-04-04T08:09:49.166+0000][7][gc,phases   ] GC(182)   Merge Heap Roots: 0.1ms
[2024-04-04T08:09:49.166+0000][7][gc,phases   ] GC(182)   Evacuate Collection Set: 1.1ms
[2024-04-04T08:09:49.166+0000][7][gc,phases   ] GC(182)   Post Evacuate Collection Set: 0.5ms
[2024-04-04T08:09:49.166+0000][7][gc,phases   ] GC(182)   Other: 0.4ms
[2024-04-04T08:09:49.166+0000][7][gc,heap     ] GC(182) Eden regions: 152->0(152)
[2024-04-04T08:09:49.166+0000][7][gc,heap     ] GC(182) Survivor regions: 1->1(20)
[2024-04-04T08:09:49.166+0000][7][gc,heap     ] GC(182) Old regions: 21->21
[2024-04-04T08:09:49.166+0000][7][gc,heap     ] GC(182) Archive regions: 2->2
[2024-04-04T08:09:49.166+0000][7][gc,heap     ] GC(182) Humongous regions: 2->2
[2024-04-04T08:09:49.166+0000][7][gc,metaspace] GC(182) Metaspace: 101684K(106192K)->101684K(106192K) NonClass: 88642K(91984K)->88642K(91984K) Class: 13042K(14208K)->13042K(14208K)
[2024-04-04T08:09:49.167+0000][7][gc          ] GC(182) Pause Young (Normal) (G1 Evacuation Pause) 702M->94M(1024M) 2.488ms
[2024-04-04T08:09:49.167+0000][7][gc,cpu      ] GC(182) User=0.01s Sys=0.00s Real=0.00s
[2024-04-04T08:09:49.167+0000][7][safepoint   ] Safepoint "G1CollectForAllocation", Time since last: 9436476403597 ns, Reaching safepoint: 117915 ns, At safepoint: 2577257 ns, Total: 2695172 ns
[2024-04-04T13:36:25.327+0000][7][safepoint   ] Safepoint "Cleanup", Time since last: 19596160243557 ns, Reaching safepoint: 100689 ns, At safepoint: 3788 ns, Total: 104477 ns
[2024-04-04T15:03:00.228+0000][7][gc,start    ] GC(183) Pause Young (Normal) (G1 Evacuation Pause)
[2024-04-04T15:03:00.228+0000][7][gc,task     ] GC(183) Using 13 workers of 13 for evacuation
[2024-04-04T15:03:00.228+0000][7][gc,age      ] GC(183) Desired survivor size 41943040 bytes, new threshold 15 (max threshold 15)
[2024-04-04T15:03:00.230+0000][7][gc,age      ] GC(183) Age table with threshold 15 (max threshold 15)
[2024-04-04T15:03:00.230+0000][7][gc,age      ] GC(183) - age   1:      78928 bytes,      78928 total
[2024-04-04T15:03:00.230+0000][7][gc,age      ] GC(183) - age   2:       1648 bytes,      80576 total
[2024-04-04T15:03:00.230+0000][7][gc,age      ] GC(183) - age   3:      33808 bytes,     114384 total
[2024-04-04T15:03:00.230+0000][7][gc,age      ] GC(183) - age   4:      32856 bytes,     147240 total
[2024-04-04T15:03:00.230+0000][7][gc,age      ] GC(183) - age   5:       1744 bytes,     148984 total
[2024-04-04T15:03:00.230+0000][7][gc,age      ] GC(183) - age   6:      18104 bytes,     167088 total
[2024-04-04T15:03:00.230+0000][7][gc,age      ] GC(183) - age   7:       1536 bytes,     168624 total
[2024-04-04T15:03:00.230+0000][7][gc,age      ] GC(183) - age   9:         40 bytes,     168664 total
[2024-04-04T15:03:00.230+0000][7][gc,age      ] GC(183) - age  10:       1864 bytes,     170528 total
[2024-04-04T15:03:00.231+0000][7][gc,age      ] GC(183) - age  11:        104 bytes,     170632 total
[2024-04-04T15:03:00.231+0000][7][gc,age      ] GC(183) - age  12:      24160 bytes,     194792 total
[2024-04-04T15:03:00.231+0000][7][gc,age      ] GC(183) - age  13:        176 bytes,     194968 total
[2024-04-04T15:03:00.231+0000][7][gc,phases   ] GC(183)   Pre Evacuate Collection Set: 0.2ms
[2024-04-04T15:03:00.231+0000][7][gc,phases   ] GC(183)   Merge Heap Roots: 0.1ms
[2024-04-04T15:03:00.231+0000][7][gc,phases   ] GC(183)   Evacuate Collection Set: 1.3ms
[2024-04-04T15:03:00.231+0000][7][gc,phases   ] GC(183)   Post Evacuate Collection Set: 0.5ms
[2024-04-04T15:03:00.231+0000][7][gc,phases   ] GC(183)   Other: 0.4ms
[2024-04-04T15:03:00.231+0000][7][gc,heap     ] GC(183) Eden regions: 152->0(152)
[2024-04-04T15:03:00.231+0000][7][gc,heap     ] GC(183) Survivor regions: 1->1(20)
[2024-04-04T15:03:00.231+0000][7][gc,heap     ] GC(183) Old regions: 21->21
[2024-04-04T15:03:00.231+0000][7][gc,heap     ] GC(183) Archive regions: 2->2
[2024-04-04T15:03:00.231+0000][7][gc,heap     ] GC(183) Humongous regions: 2->2
[2024-04-04T15:03:00.231+0000][7][gc,metaspace] GC(183) Metaspace: 101684K(106192K)->101684K(106192K) NonClass: 88642K(91984K)->88642K(91984K) Class: 13042K(14208K)->13042K(14208K)
[2024-04-04T15:03:00.231+0000][7][gc          ] GC(183) Pause Young (Normal) (G1 Evacuation Pause) 702M->94M(1024M) 2.671ms
[2024-04-04T15:03:00.231+0000][7][gc,cpu      ] GC(183) User=0.00s Sys=0.00s Real=0.00s
[2024-04-04T15:03:00.231+0000][7][safepoint   ] Safepoint "G1CollectForAllocation", Time since last: 5194901012213 ns, Reaching safepoint: 93921 ns, At safepoint: 2763725 ns, Total: 2857646 ns
[2024-04-04T20:52:00.473+0000][7][safepoint   ] Safepoint "Cleanup", Time since last: 20940242284846 ns, Reaching safepoint: 87107 ns, At safepoint: 3799 ns, Total: 90906 ns
[2024-04-04T21:55:42.308+0000][7][gc,start    ] GC(184) Pause Young (Normal) (G1 Evacuation Pause)
[2024-04-04T21:55:42.308+0000][7][gc,task     ] GC(184) Using 13 workers of 13 for evacuation
[2024-04-04T21:55:42.308+0000][7][gc,age      ] GC(184) Desired survivor size 41943040 bytes, new threshold 15 (max threshold 15)
[2024-04-04T21:55:42.310+0000][7][gc,age      ] GC(184) Age table with threshold 15 (max threshold 15)
[2024-04-04T21:55:42.310+0000][7][gc,age      ] GC(184) - age   1:     129048 bytes,     129048 total
[2024-04-04T21:55:42.310+0000][7][gc,age      ] GC(184) - age   2:      33528 bytes,     162576 total
[2024-04-04T21:55:42.310+0000][7][gc,age      ] GC(184) - age   3:       1256 bytes,     163832 total
[2024-04-04T21:55:42.310+0000][7][gc,age      ] GC(184) - age   4:      32584 bytes,     196416 total
[2024-04-04T21:55:42.310+0000][7][gc,age      ] GC(184) - age   5:      32696 bytes,     229112 total
[2024-04-04T21:55:42.310+0000][7][gc,age      ] GC(184) - age   6:       1392 bytes,     230504 total
[2024-04-04T21:55:42.310+0000][7][gc,age      ] GC(184) - age   7:      18104 bytes,     248608 total
[2024-04-04T21:55:42.310+0000][7][gc,age      ] GC(184) - age   8:       1416 bytes,     250024 total
[2024-04-04T21:55:42.310+0000][7][gc,age      ] GC(184) - age  11:       1864 bytes,     251888 total
[2024-04-04T21:55:42.310+0000][7][gc,age      ] GC(184) - age  12:        104 bytes,     251992 total
[2024-04-04T21:55:42.310+0000][7][gc,age      ] GC(184) - age  13:      24160 bytes,     276152 total
[2024-04-04T21:55:42.310+0000][7][gc,age      ] GC(184) - age  14:        176 bytes,     276328 total
[2024-04-04T21:55:42.311+0000][7][gc,phases   ] GC(184)   Pre Evacuate Collection Set: 0.2ms
[2024-04-04T21:55:42.311+0000][7][gc,phases   ] GC(184)   Merge Heap Roots: 0.1ms
[2024-04-04T21:55:42.311+0000][7][gc,phases   ] GC(184)   Evacuate Collection Set: 1.1ms
[2024-04-04T21:55:42.311+0000][7][gc,phases   ] GC(184)   Post Evacuate Collection Set: 0.6ms
[2024-04-04T21:55:42.311+0000][7][gc,phases   ] GC(184)   Other: 0.5ms
[2024-04-04T21:55:42.311+0000][7][gc,heap     ] GC(184) Eden regions: 152->0(152)
[2024-04-04T21:55:42.311+0000][7][gc,heap     ] GC(184) Survivor regions: 1->1(20)
[2024-04-04T21:55:42.311+0000][7][gc,heap     ] GC(184) Old regions: 21->21
[2024-04-04T21:55:42.311+0000][7][gc,heap     ] GC(184) Archive regions: 2->2
[2024-04-04T21:55:42.311+0000][7][gc,heap     ] GC(184) Humongous regions: 2->2
[2024-04-04T21:55:42.311+0000][7][gc,metaspace] GC(184) Metaspace: 101684K(106192K)->101684K(106192K) NonClass: 88642K(91984K)->88642K(91984K) Class: 13042K(14208K)->13042K(14208K)
[2024-04-04T21:55:42.311+0000][7][gc          ] GC(184) Pause Young (Normal) (G1 Evacuation Pause) 702M->94M(1024M) 2.558ms
[2024-04-04T21:55:42.311+0000][7][gc,cpu      ] GC(184) User=0.00s Sys=0.00s Real=0.00s
[2024-04-04T21:55:42.311+0000][7][safepoint   ] Safepoint "G1CollectForAllocation", Time since last: 3821834852867 ns, Reaching safepoint: 89152 ns, At safepoint: 2651552 ns, Total: 2740704 ns
[2024-04-05T04:46:25.402+0000][7][gc,start    ] GC(185) Pause Young (Normal) (G1 Evacuation Pause)
[2024-04-05T04:46:25.402+0000][7][gc,task     ] GC(185) Using 13 workers of 13 for evacuation
[2024-04-05T04:46:25.403+0000][7][gc,age      ] GC(185) Desired survivor size 41943040 bytes, new threshold 15 (max threshold 15)
[2024-04-05T04:46:25.404+0000][7][gc,age      ] GC(185) Age table with threshold 15 (max threshold 15)
[2024-04-05T04:46:25.404+0000][7][gc,age      ] GC(185) - age   1:     210800 bytes,     210800 total
[2024-04-05T04:46:25.404+0000][7][gc,age      ] GC(185) - age   2:     115352 bytes,     326152 total
[2024-04-05T04:46:25.404+0000][7][gc,age      ] GC(185) - age   3:      16784 bytes,     342936 total
[2024-04-05T04:46:25.404+0000][7][gc,age      ] GC(185) - age   4:        720 bytes,     343656 total
[2024-04-05T04:46:25.404+0000][7][gc,age      ] GC(185) - age   5:      32384 bytes,     376040 total
[2024-04-05T04:46:25.404+0000][7][gc,age      ] GC(185) - age   6:      16232 bytes,     392272 total
[2024-04-05T04:46:25.404+0000][7][gc,age      ] GC(185) - age   7:       1352 bytes,     393624 total
[2024-04-05T04:46:25.404+0000][7][gc,age      ] GC(185) - age   8:      17496 bytes,     411120 total
[2024-04-05T04:46:25.404+0000][7][gc,age      ] GC(185) - age   9:       1416 bytes,     412536 total
[2024-04-05T04:46:25.404+0000][7][gc,age      ] GC(185) - age  12:       1864 bytes,     414400 total
[2024-04-05T04:46:25.404+0000][7][gc,age      ] GC(185) - age  13:        104 bytes,     414504 total
[2024-04-05T04:46:25.404+0000][7][gc,age      ] GC(185) - age  14:      24160 bytes,     438664 total
[2024-04-05T04:46:25.404+0000][7][gc,age      ] GC(185) - age  15:        176 bytes,     438840 total
[2024-04-05T04:46:25.404+0000][7][gc,phases   ] GC(185)   Pre Evacuate Collection Set: 0.2ms
[2024-04-05T04:46:25.404+0000][7][gc,phases   ] GC(185)   Merge Heap Roots: 0.1ms
[2024-04-05T04:46:25.404+0000][7][gc,phases   ] GC(185)   Evacuate Collection Set: 0.5ms
[2024-04-05T04:46:25.404+0000][7][gc,phases   ] GC(185)   Post Evacuate Collection Set: 0.6ms
[2024-04-05T04:46:25.404+0000][7][gc,phases   ] GC(185)   Other: 0.5ms
[2024-04-05T04:46:25.404+0000][7][gc,heap     ] GC(185) Eden regions: 152->0(152)
[2024-04-05T04:46:25.404+0000][7][gc,heap     ] GC(185) Survivor regions: 1->1(20)
[2024-04-05T04:46:25.404+0000][7][gc,heap     ] GC(185) Old regions: 21->21
[2024-04-05T04:46:25.404+0000][7][gc,heap     ] GC(185) Archive regions: 2->2
[2024-04-05T04:46:25.404+0000][7][gc,heap     ] GC(185) Humongous regions: 2->2
[2024-04-05T04:46:25.404+0000][7][gc,metaspace] GC(185) Metaspace: 101689K(106192K)->101689K(106192K) NonClass: 88647K(91984K)->88647K(91984K) Class: 13042K(14208K)->13042K(14208K)
[2024-04-05T04:46:25.404+0000][7][gc          ] GC(185) Pause Young (Normal) (G1 Evacuation Pause) 702M->94M(1024M) 1.914ms
[2024-04-05T04:46:25.404+0000][7][gc,cpu      ] GC(185) User=0.01s Sys=0.00s Real=0.00s
[2024-04-05T04:46:25.404+0000][7][safepoint   ] Safepoint "G1CollectForAllocation", Time since last: 24643091515907 ns, Reaching safepoint: 87752 ns, At safepoint: 2003560 ns, Total: 2091312 ns
[2024-04-05T06:21:51.744+0000][7][safepoint   ] Safepoint "Cleanup", Time since last: 5726339986844 ns, Reaching safepoint: 93813 ns, At safepoint: 4337 ns, Total: 98150 ns
[2024-04-05T11:40:23.479+0000][7][gc,start    ] GC(186) Pause Young (Normal) (G1 Evacuation Pause)
[2024-04-05T11:40:23.479+0000][7][gc,task     ] GC(186) Using 13 workers of 13 for evacuation
[2024-04-05T11:40:23.479+0000][7][gc,age      ] GC(186) Desired survivor size 41943040 bytes, new threshold 15 (max threshold 15)
[2024-04-05T11:40:23.481+0000][7][gc,age      ] GC(186) Age table with threshold 15 (max threshold 15)
[2024-04-05T11:40:23.481+0000][7][gc,age      ] GC(186) - age   1:      22624 bytes,      22624 total
[2024-04-05T11:40:23.481+0000][7][gc,age      ] GC(186) - age   2:      68632 bytes,      91256 total
[2024-04-05T11:40:23.481+0000][7][gc,age      ] GC(186) - age   3:      32976 bytes,     124232 total
[2024-04-05T11:40:23.481+0000][7][gc,age      ] GC(186) - age   4:        240 bytes,     124472 total
[2024-04-05T11:40:23.481+0000][7][gc,age      ] GC(186) - age   5:        424 bytes,     124896 total
[2024-04-05T11:40:23.481+0000][7][gc,age      ] GC(186) - age   6:      16232 bytes,     141128 total
[2024-04-05T11:40:23.481+0000][7][gc,age      ] GC(186) - age   7:      16232 bytes,     157360 total
[2024-04-05T11:40:23.481+0000][7][gc,age      ] GC(186) - age   8:       1352 bytes,     158712 total
[2024-04-05T11:40:23.481+0000][7][gc,age      ] GC(186) - age   9:      17496 bytes,     176208 total
[2024-04-05T11:40:23.481+0000][7][gc,age      ] GC(186) - age  10:       1416 bytes,     177624 total
[2024-04-05T11:40:23.481+0000][7][gc,age      ] GC(186) - age  13:       1864 bytes,     179488 total
[2024-04-05T11:40:23.481+0000][7][gc,age      ] GC(186) - age  14:        104 bytes,     179592 total
[2024-04-05T11:40:23.481+0000][7][gc,age      ] GC(186) - age  15:      24160 bytes,     203752 total
[2024-04-05T11:40:23.481+0000][7][gc,phases   ] GC(186)   Pre Evacuate Collection Set: 0.3ms
[2024-04-05T11:40:23.481+0000][7][gc,phases   ] GC(186)   Merge Heap Roots: 0.1ms
[2024-04-05T11:40:23.481+0000][7][gc,phases   ] GC(186)   Evacuate Collection Set: 0.8ms
[2024-04-05T11:40:23.481+0000][7][gc,phases   ] GC(186)   Post Evacuate Collection Set: 0.6ms
[2024-04-05T11:40:23.481+0000][7][gc,phases   ] GC(186)   Other: 0.5ms
[2024-04-05T11:40:23.481+0000][7][gc,heap     ] GC(186) Eden regions: 152->0(152)
[2024-04-05T11:40:23.481+0000][7][gc,heap     ] GC(186) Survivor regions: 1->1(20)
[2024-04-05T11:40:23.481+0000][7][gc,heap     ] GC(186) Old regions: 21->21
[2024-04-05T11:40:23.481+0000][7][gc,heap     ] GC(186) Archive regions: 2->2
[2024-04-05T11:40:23.481+0000][7][gc,heap     ] GC(186) Humongous regions: 2->2
[2024-04-05T11:40:23.481+0000][7][gc,metaspace] GC(186) Metaspace: 101689K(106192K)->101689K(106192K) NonClass: 88647K(91984K)->88647K(91984K) Class: 13042K(14208K)->13042K(14208K)
[2024-04-05T11:40:23.481+0000][7][gc          ] GC(186) Pause Young (Normal) (G1 Evacuation Pause) 702M->94M(1024M) 2.468ms
[2024-04-05T11:40:23.481+0000][7][gc,cpu      ] GC(186) User=0.00s Sys=0.00s Real=0.00s
[2024-04-05T11:40:23.481+0000][7][safepoint   ] Safepoint "G1CollectForAllocation", Time since last: 19111734043335 ns, Reaching safepoint: 115897 ns, At safepoint: 2558519 ns, Total: 2674416 ns
[2024-04-05T18:33:51.539+0000][7][gc,start    ] GC(187) Pause Young (Normal) (G1 Evacuation Pause)
[2024-04-05T18:33:51.539+0000][7][gc,task     ] GC(187) Using 13 workers of 13 for evacuation
[2024-04-05T18:33:51.539+0000][7][gc,age      ] GC(187) Desired survivor size 41943040 bytes, new threshold 15 (max threshold 15)
[2024-04-05T18:33:51.541+0000][7][gc,age      ] GC(187) Age table with threshold 15 (max threshold 15)
[2024-04-05T18:33:51.541+0000][7][gc,age      ] GC(187) - age   1:     176344 bytes,     176344 total
[2024-04-05T18:33:51.541+0000][7][gc,age      ] GC(187) - age   2:      10128 bytes,     186472 total
[2024-04-05T18:33:51.541+0000][7][gc,age      ] GC(187) - age   3:      59712 bytes,     246184 total
[2024-04-05T18:33:51.541+0000][7][gc,age      ] GC(187) - age   4:      32464 bytes,     278648 total
[2024-04-05T18:33:51.541+0000][7][gc,age      ] GC(187) - age   5:        200 bytes,     278848 total
[2024-04-05T18:33:51.541+0000][7][gc,age      ] GC(187) - age   6:        424 bytes,     279272 total
[2024-04-05T18:33:51.541+0000][7][gc,age      ] GC(187) - age   7:      16232 bytes,     295504 total
[2024-04-05T18:33:51.541+0000][7][gc,age      ] GC(187) - age   8:         40 bytes,     295544 total
[2024-04-05T18:33:51.541+0000][7][gc,age      ] GC(187) - age   9:       1224 bytes,     296768 total
[2024-04-05T18:33:51.541+0000][7][gc,age      ] GC(187) - age  10:      17112 bytes,     313880 total
[2024-04-05T18:33:51.541+0000][7][gc,age      ] GC(187) - age  11:       1416 bytes,     315296 total
[2024-04-05T18:33:51.541+0000][7][gc,age      ] GC(187) - age  14:       1864 bytes,     317160 total
[2024-04-05T18:33:51.541+0000][7][gc,age      ] GC(187) - age  15:        104 bytes,     317264 total
[2024-04-05T18:33:51.542+0000][7][gc,phases   ] GC(187)   Pre Evacuate Collection Set: 0.2ms
[2024-04-05T18:33:51.542+0000][7][gc,phases   ] GC(187)   Merge Heap Roots: 0.1ms
[2024-04-05T18:33:51.542+0000][7][gc,phases   ] GC(187)   Evacuate Collection Set: 1.1ms
[2024-04-05T18:33:51.542+0000][7][gc,phases   ] GC(187)   Post Evacuate Collection Set: 0.5ms
[2024-04-05T18:33:51.542+0000][7][gc,phases   ] GC(187)   Other: 0.4ms
[2024-04-05T18:33:51.542+0000][7][gc,heap     ] GC(187) Eden regions: 152->0(152)
[2024-04-05T18:33:51.542+0000][7][gc,heap     ] GC(187) Survivor regions: 1->1(20)
[2024-04-05T18:33:51.542+0000][7][gc,heap     ] GC(187) Old regions: 21->21
[2024-04-05T18:33:51.542+0000][7][gc,heap     ] GC(187) Archive regions: 2->2
[2024-04-05T18:33:51.542+0000][7][gc,heap     ] GC(187) Humongous regions: 2->2
[2024-04-05T18:33:51.542+0000][7][gc,metaspace] GC(187) Metaspace: 101690K(106192K)->101690K(106192K) NonClass: 88648K(91984K)->88648K(91984K) Class: 13042K(14208K)->13042K(14208K)
[2024-04-05T18:33:51.542+0000][7][gc          ] GC(187) Pause Young (Normal) (G1 Evacuation Pause) 702M->94M(1024M) 2.445ms
[2024-04-05T18:33:51.542+0000][7][gc,cpu      ] GC(187) User=0.00s Sys=0.00s Real=0.00s
[2024-04-05T18:33:51.542+0000][7][safepoint   ] Safepoint "G1CollectForAllocation", Time since last: 24808057901942 ns, Reaching safepoint: 119328 ns, At safepoint: 2537239 ns, Total: 2656567 ns
[2024-04-06T00:39:16.039+0000][7][safepoint   ] Safepoint "Cleanup", Time since last: 21924496974616 ns, Reaching safepoint: 100087 ns, At safepoint: 3602 ns, Total: 103689 ns
[2024-04-06T01:17:45.981+0000][7][gc,start    ] GC(188) Pause Young (Normal) (G1 Evacuation Pause)
[2024-04-06T01:17:45.981+0000][7][gc,task     ] GC(188) Using 13 workers of 13 for evacuation
[2024-04-06T01:17:45.982+0000][7][gc,age      ] GC(188) Desired survivor size 41943040 bytes, new threshold 15 (max threshold 15)
[2024-04-06T01:17:45.983+0000][7][gc,age      ] GC(188) Age table with threshold 15 (max threshold 15)
[2024-04-06T01:17:45.983+0000][7][gc,age      ] GC(188) - age   1:      98408 bytes,      98408 total
[2024-04-06T01:17:45.983+0000][7][gc,age      ] GC(188) - age   2:      99736 bytes,     198144 total
[2024-04-06T01:17:45.983+0000][7][gc,age      ] GC(188) - age   3:       1304 bytes,     199448 total
[2024-04-06T01:17:45.983+0000][7][gc,age      ] GC(188) - age   4:      59432 bytes,     258880 total
[2024-04-06T01:17:45.983+0000][7][gc,age      ] GC(188) - age   5:      32384 bytes,     291264 total
[2024-04-06T01:17:45.983+0000][7][gc,age      ] GC(188) - age   6:        200 bytes,     291464 total
[2024-04-06T01:17:45.983+0000][7][gc,age      ] GC(188) - age   7:        384 bytes,     291848 total
[2024-04-06T01:17:45.983+0000][7][gc,age      ] GC(188) - age   8:      16192 bytes,     308040 total
[2024-04-06T01:17:45.983+0000][7][gc,age      ] GC(188) - age  10:       1096 bytes,     309136 total
[2024-04-06T01:17:45.983+0000][7][gc,age      ] GC(188) - age  11:      17112 bytes,     326248 total
[2024-04-06T01:17:45.983+0000][7][gc,age      ] GC(188) - age  12:       1416 bytes,     327664 total
[2024-04-06T01:17:45.983+0000][7][gc,age      ] GC(188) - age  15:       1864 bytes,     329528 total
[2024-04-06T01:17:45.983+0000][7][gc,phases   ] GC(188)   Pre Evacuate Collection Set: 0.2ms
[2024-04-06T01:17:45.983+0000][7][gc,phases   ] GC(188)   Merge Heap Roots: 0.1ms
[2024-04-06T01:17:45.983+0000][7][gc,phases   ] GC(188)   Evacuate Collection Set: 0.5ms
[2024-04-06T01:17:45.983+0000][7][gc,phases   ] GC(188)   Post Evacuate Collection Set: 0.5ms
[2024-04-06T01:17:45.983+0000][7][gc,phases   ] GC(188)   Other: 0.4ms
[2024-04-06T01:17:45.983+0000][7][gc,heap     ] GC(188) Eden regions: 152->0(152)
[2024-04-06T01:17:45.983+0000][7][gc,heap     ] GC(188) Survivor regions: 1->1(20)
[2024-04-06T01:17:45.983+0000][7][gc,heap     ] GC(188) Old regions: 21->21
[2024-04-06T01:17:45.983+0000][7][gc,heap     ] GC(188) Archive regions: 2->2
[2024-04-06T01:17:45.983+0000][7][gc,heap     ] GC(188) Humongous regions: 2->2
[2024-04-06T01:17:45.983+0000][7][gc,metaspace] GC(188) Metaspace: 101697K(106192K)->101697K(106192K) NonClass: 88654K(91984K)->88654K(91984K) Class: 13042K(14208K)->13042K(14208K)
[2024-04-06T01:17:45.983+0000][7][gc          ] GC(188) Pause Young (Normal) (G1 Evacuation Pause) 702M->94M(1024M) 1.917ms
[2024-04-06T01:17:45.983+0000][7][gc,cpu      ] GC(188) User=0.00s Sys=0.00s Real=0.00s
[2024-04-06T01:17:45.983+0000][7][safepoint   ] Safepoint "G1CollectForAllocation", Time since last: 2309942464635 ns, Reaching safepoint: 94437 ns, At safepoint: 2010605 ns, Total: 2105042 ns
[2024-04-06T02:13:26.176+0000][7][safepoint   ] Safepoint "Cleanup", Time since last: 3340192083846 ns, Reaching safepoint: 96239 ns, At safepoint: 4060 ns, Total: 100299 ns
[2024-04-06T08:10:59.549+0000][7][gc,start    ] GC(189) Pause Young (Normal) (G1 Evacuation Pause)
[2024-04-06T08:10:59.549+0000][7][gc,task     ] GC(189) Using 13 workers of 13 for evacuation
[2024-04-06T08:10:59.549+0000][7][gc,age      ] GC(189) Desired survivor size 41943040 bytes, new threshold 15 (max threshold 15)
[2024-04-06T08:10:59.550+0000][7][gc,age      ] GC(189) Age table with threshold 15 (max threshold 15)
[2024-04-06T08:10:59.550+0000][7][gc,age      ] GC(189) - age   1:      23104 bytes,      23104 total
[2024-04-06T08:10:59.550+0000][7][gc,age      ] GC(189) - age   2:      67376 bytes,      90480 total
[2024-04-06T08:10:59.550+0000][7][gc,age      ] GC(189) - age   3:      41888 bytes,     132368 total
[2024-04-06T08:10:59.550+0000][7][gc,age      ] GC(189) - age   5:      34096 bytes,     166464 total
[2024-04-06T08:10:59.550+0000][7][gc,age      ] GC(189) - age   6:      32384 bytes,     198848 total
[2024-04-06T08:10:59.550+0000][7][gc,age      ] GC(189) - age   7:        200 bytes,     199048 total
[2024-04-06T08:10:59.550+0000][7][gc,age      ] GC(189) - age   8:        384 bytes,     199432 total
[2024-04-06T08:10:59.550+0000][7][gc,age      ] GC(189) - age   9:      16192 bytes,     215624 total
[2024-04-06T08:10:59.550+0000][7][gc,age      ] GC(189) - age  11:       1096 bytes,     216720 total
[2024-04-06T08:10:59.550+0000][7][gc,age      ] GC(189) - age  12:      17112 bytes,     233832 total
[2024-04-06T08:10:59.551+0000][7][gc,age      ] GC(189) - age  13:       1416 bytes,     235248 total
[2024-04-06T08:10:59.551+0000][7][gc,phases   ] GC(189)   Pre Evacuate Collection Set: 0.2ms
[2024-04-06T08:10:59.551+0000][7][gc,phases   ] GC(189)   Merge Heap Roots: 0.1ms
[2024-04-06T08:10:59.551+0000][7][gc,phases   ] GC(189)   Evacuate Collection Set: 0.6ms
[2024-04-06T08:10:59.551+0000][7][gc,phases   ] GC(189)   Post Evacuate Collection Set: 0.5ms
[2024-04-06T08:10:59.551+0000][7][gc,phases   ] GC(189)   Other: 0.4ms
[2024-04-06T08:10:59.551+0000][7][gc,heap     ] GC(189) Eden regions: 152->0(152)
[2024-04-06T08:10:59.551+0000][7][gc,heap     ] GC(189) Survivor regions: 1->1(20)
[2024-04-06T08:10:59.551+0000][7][gc,heap     ] GC(189) Old regions: 21->21
[2024-04-06T08:10:59.551+0000][7][gc,heap     ] GC(189) Archive regions: 2->2
[2024-04-06T08:10:59.551+0000][7][gc,heap     ] GC(189) Humongous regions: 2->2
[2024-04-06T08:10:59.551+0000][7][gc,metaspace] GC(189) Metaspace: 101702K(106192K)->101702K(106192K) NonClass: 88659K(91984K)->88659K(91984K) Class: 13042K(14208K)->13042K(14208K)
[2024-04-06T08:10:59.551+0000][7][gc          ] GC(189) Pause Young (Normal) (G1 Evacuation Pause) 702M->94M(1024M) 1.975ms
[2024-04-06T08:10:59.551+0000][7][gc,cpu      ] GC(189) User=0.00s Sys=0.00s Real=0.00s
[2024-04-06T08:10:59.551+0000][7][safepoint   ] Safepoint "G1CollectForAllocation", Time since last: 21453373053282 ns, Reaching safepoint: 89836 ns, At safepoint: 2063153 ns, Total: 2152989 ns
[2024-04-06T15:04:46.594+0000][7][gc,start    ] GC(190) Pause Young (Normal) (G1 Evacuation Pause)
[2024-04-06T15:04:46.594+0000][7][gc,task     ] GC(190) Using 13 workers of 13 for evacuation
[2024-04-06T15:04:46.594+0000][7][gc,age      ] GC(190) Desired survivor size 41943040 bytes, new threshold 15 (max threshold 15)
[2024-04-06T15:04:46.596+0000][7][gc,age      ] GC(190) Age table with threshold 15 (max threshold 15)
[2024-04-06T15:04:46.596+0000][7][gc,age      ] GC(190) - age   1:     104640 bytes,     104640 total
[2024-04-06T15:04:46.596+0000][7][gc,age      ] GC(190) - age   2:       9864 bytes,     114504 total
[2024-04-06T15:04:46.596+0000][7][gc,age      ] GC(190) - age   3:       2160 bytes,     116664 total
[2024-04-06T15:04:46.596+0000][7][gc,age      ] GC(190) - age   4:      25616 bytes,     142280 total
[2024-04-06T15:04:46.596+0000][7][gc,age      ] GC(190) - age   6:      16880 bytes,     159160 total
[2024-04-06T15:04:46.596+0000][7][gc,age      ] GC(190) - age   7:         80 bytes,     159240 total
[2024-04-06T15:04:46.596+0000][7][gc,age      ] GC(190) - age   8:        200 bytes,     159440 total
[2024-04-06T15:04:46.596+0000][7][gc,age      ] GC(190) - age   9:        344 bytes,     159784 total
[2024-04-06T15:04:46.596+0000][7][gc,age      ] GC(190) - age  10:         40 bytes,     159824 total
[2024-04-06T15:04:46.596+0000][7][gc,age      ] GC(190) - age  12:       1096 bytes,     160920 total
[2024-04-06T15:04:46.596+0000][7][gc,age      ] GC(190) - age  13:      17112 bytes,     178032 total
[2024-04-06T15:04:46.596+0000][7][gc,age      ] GC(190) - age  14:       1416 bytes,     179448 total
[2024-04-06T15:04:46.596+0000][7][gc,phases   ] GC(190)   Pre Evacuate Collection Set: 0.2ms
[2024-04-06T15:04:46.596+0000][7][gc,phases   ] GC(190)   Merge Heap Roots: 0.1ms
[2024-04-06T15:04:46.596+0000][7][gc,phases   ] GC(190)   Evacuate Collection Set: 1.5ms
[2024-04-06T15:04:46.596+0000][7][gc,phases   ] GC(190)   Post Evacuate Collection Set: 0.5ms
[2024-04-06T15:04:46.597+0000][7][gc,phases   ] GC(190)   Other: 0.4ms
[2024-04-06T15:04:46.597+0000][7][gc,heap     ] GC(190) Eden regions: 152->0(152)
[2024-04-06T15:04:46.597+0000][7][gc,heap     ] GC(190) Survivor regions: 1->1(20)
[2024-04-06T15:04:46.597+0000][7][gc,heap     ] GC(190) Old regions: 21->21
[2024-04-06T15:04:46.597+0000][7][gc,heap     ] GC(190) Archive regions: 2->2
[2024-04-06T15:04:46.597+0000][7][gc,heap     ] GC(190) Humongous regions: 2->2
[2024-04-06T15:04:46.597+0000][7][gc,metaspace] GC(190) Metaspace: 101708K(106192K)->101708K(106192K) NonClass: 88665K(91984K)->88665K(91984K) Class: 13042K(14208K)->13042K(14208K)
[2024-04-06T15:04:46.597+0000][7][gc          ] GC(190) Pause Young (Normal) (G1 Evacuation Pause) 702M->94M(1024M) 2.862ms
[2024-04-06T15:04:46.597+0000][7][gc,cpu      ] GC(190) User=0.01s Sys=0.00s Real=0.01s
[2024-04-06T15:04:46.597+0000][7][safepoint   ] Safepoint "G1CollectForAllocation", Time since last: 24827042869717 ns, Reaching safepoint: 87890 ns, At safepoint: 2957553 ns, Total: 3045443 ns
[2024-04-06T21:58:40.002+0000][7][gc,start    ] GC(191) Pause Young (Normal) (G1 Evacuation Pause)
[2024-04-06T21:58:40.002+0000][7][gc,task     ] GC(191) Using 13 workers of 13 for evacuation
[2024-04-06T21:58:40.002+0000][7][gc,age      ] GC(191) Desired survivor size 41943040 bytes, new threshold 15 (max threshold 15)
[2024-04-06T21:58:40.004+0000][7][gc,age      ] GC(191) Age table with threshold 15 (max threshold 15)
[2024-04-06T21:58:40.004+0000][7][gc,age      ] GC(191) - age   1:      93480 bytes,      93480 total
[2024-04-06T21:58:40.004+0000][7][gc,age      ] GC(191) - age   2:       9992 bytes,     103472 total
[2024-04-06T21:58:40.004+0000][7][gc,age      ] GC(191) - age   3:       9384 bytes,     112856 total
[2024-04-06T21:58:40.004+0000][7][gc,age      ] GC(191) - age   4:       1960 bytes,     114816 total
[2024-04-06T21:58:40.004+0000][7][gc,age      ] GC(191) - age   5:      25576 bytes,     140392 total
[2024-04-06T21:58:40.004+0000][7][gc,age      ] GC(191) - age   7:      16840 bytes,     157232 total
[2024-04-06T21:58:40.004+0000][7][gc,age      ] GC(191) - age   8:         40 bytes,     157272 total
[2024-04-06T21:58:40.004+0000][7][gc,age      ] GC(191) - age   9:        200 bytes,     157472 total
[2024-04-06T21:58:40.004+0000][7][gc,age      ] GC(191) - age  10:        344 bytes,     157816 total
[2024-04-06T21:58:40.004+0000][7][gc,age      ] GC(191) - age  11:         40 bytes,     157856 total
[2024-04-06T21:58:40.004+0000][7][gc,age      ] GC(191) - age  13:       1096 bytes,     158952 total
[2024-04-06T21:58:40.004+0000][7][gc,age      ] GC(191) - age  14:      17112 bytes,     176064 total
[2024-04-06T21:58:40.004+0000][7][gc,age      ] GC(191) - age  15:       1416 bytes,     177480 total
[2024-04-06T21:58:40.004+0000][7][gc,phases   ] GC(191)   Pre Evacuate Collection Set: 0.2ms
[2024-04-06T21:58:40.004+0000][7][gc,phases   ] GC(191)   Merge Heap Roots: 0.1ms
[2024-04-06T21:58:40.004+0000][7][gc,phases   ] GC(191)   Evacuate Collection Set: 1.0ms
[2024-04-06T21:58:40.004+0000][7][gc,phases   ] GC(191)   Post Evacuate Collection Set: 0.6ms
[2024-04-06T21:58:40.004+0000][7][gc,phases   ] GC(191)   Other: 0.5ms
[2024-04-06T21:58:40.004+0000][7][gc,heap     ] GC(191) Eden regions: 152->0(152)
[2024-04-06T21:58:40.004+0000][7][gc,heap     ] GC(191) Survivor regions: 1->1(20)
[2024-04-06T21:58:40.004+0000][7][gc,heap     ] GC(191) Old regions: 21->21
[2024-04-06T21:58:40.004+0000][7][gc,heap     ] GC(191) Archive regions: 2->2
[2024-04-06T21:58:40.004+0000][7][gc,heap     ] GC(191) Humongous regions: 2->2
[2024-04-06T21:58:40.004+0000][7][gc,metaspace] GC(191) Metaspace: 101708K(106192K)->101708K(106192K) NonClass: 88665K(91984K)->88665K(91984K) Class: 13042K(14208K)->13042K(14208K)
[2024-04-06T21:58:40.004+0000][7][gc          ] GC(191) Pause Young (Normal) (G1 Evacuation Pause) 702M->94M(1024M) 2.498ms
[2024-04-06T21:58:40.004+0000][7][gc,cpu      ] GC(191) User=0.00s Sys=0.00s Real=0.00s
[2024-04-06T21:58:40.004+0000][7][safepoint   ] Safepoint "G1CollectForAllocation", Time since last: 24833405045564 ns, Reaching safepoint: 84877 ns, At safepoint: 2595471 ns, Total: 2680348 ns
[2024-04-07T04:46:19.931+0000][7][gc,start    ] GC(192) Pause Young (Normal) (G1 Evacuation Pause)
[2024-04-07T04:46:19.932+0000][7][gc,task     ] GC(192) Using 13 workers of 13 for evacuation
[2024-04-07T04:46:19.932+0000][7][gc,age      ] GC(192) Desired survivor size 41943040 bytes, new threshold 15 (max threshold 15)
[2024-04-07T04:46:19.933+0000][7][gc,age      ] GC(192) Age table with threshold 15 (max threshold 15)
[2024-04-07T04:46:19.933+0000][7][gc,age      ] GC(192) - age   1:      93784 bytes,      93784 total
[2024-04-07T04:46:19.933+0000][7][gc,age      ] GC(192) - age   2:      49304 bytes,     143088 total
[2024-04-07T04:46:19.933+0000][7][gc,age      ] GC(192) - age   3:       9656 bytes,     152744 total
[2024-04-07T04:46:19.934+0000][7][gc,age      ] GC(192) - age   4:       8880 bytes,     161624 total
[2024-04-07T04:46:19.934+0000][7][gc,age      ] GC(192) - age   5:       1720 bytes,     163344 total
[2024-04-07T04:46:19.934+0000][7][gc,age      ] GC(192) - age   6:        952 bytes,     164296 total
[2024-04-07T04:46:19.934+0000][7][gc,age      ] GC(192) - age   8:        688 bytes,     164984 total
[2024-04-07T04:46:19.934+0000][7][gc,age      ] GC(192) - age  10:        200 bytes,     165184 total
[2024-04-07T04:46:19.934+0000][7][gc,age      ] GC(192) - age  11:        344 bytes,     165528 total
[2024-04-07T04:46:19.934+0000][7][gc,age      ] GC(192) - age  14:       1096 bytes,     166624 total
[2024-04-07T04:46:19.934+0000][7][gc,age      ] GC(192) - age  15:      17112 bytes,     183736 total
[2024-04-07T04:46:19.934+0000][7][gc,phases   ] GC(192)   Pre Evacuate Collection Set: 0.2ms
[2024-04-07T04:46:19.934+0000][7][gc,phases   ] GC(192)   Merge Heap Roots: 0.1ms
[2024-04-07T04:46:19.934+0000][7][gc,phases   ] GC(192)   Evacuate Collection Set: 0.9ms
[2024-04-07T04:46:19.934+0000][7][gc,phases   ] GC(192)   Post Evacuate Collection Set: 0.5ms
[2024-04-07T04:46:19.934+0000][7][gc,phases   ] GC(192)   Other: 0.4ms
[2024-04-07T04:46:19.934+0000][7][gc,heap     ] GC(192) Eden regions: 152->0(152)
[2024-04-07T04:46:19.934+0000][7][gc,heap     ] GC(192) Survivor regions: 1->1(20)
[2024-04-07T04:46:19.934+0000][7][gc,heap     ] GC(192) Old regions: 21->21
[2024-04-07T04:46:19.934+0000][7][gc,heap     ] GC(192) Archive regions: 2->2
[2024-04-07T04:46:19.934+0000][7][gc,heap     ] GC(192) Humongous regions: 2->2
[2024-04-07T04:46:19.934+0000][7][gc,metaspace] GC(192) Metaspace: 101708K(106192K)->101708K(106192K) NonClass: 88665K(91984K)->88665K(91984K) Class: 13042K(14208K)->13042K(14208K)
[2024-04-07T04:46:19.934+0000][7][gc          ] GC(192) Pause Young (Normal) (G1 Evacuation Pause) 702M->94M(1024M) 2.287ms
[2024-04-07T04:46:19.934+0000][7][gc,cpu      ] GC(192) User=0.01s Sys=0.00s Real=0.00s
[2024-04-07T04:46:19.934+0000][7][safepoint   ] Safepoint "G1CollectForAllocation", Time since last: 24459926928654 ns, Reaching safepoint: 127369 ns, At safepoint: 2375058 ns, Total: 2502427 ns
[2024-04-07T11:39:52.971+0000][7][gc,start    ] GC(193) Pause Young (Normal) (G1 Evacuation Pause)
[2024-04-07T11:39:52.972+0000][7][gc,task     ] GC(193) Using 13 workers of 13 for evacuation
[2024-04-07T11:39:52.972+0000][7][gc,age      ] GC(193) Desired survivor size 41943040 bytes, new threshold 15 (max threshold 15)
[2024-04-07T11:39:52.974+0000][7][gc,age      ] GC(193) Age table with threshold 15 (max threshold 15)
[2024-04-07T11:39:52.974+0000][7][gc,age      ] GC(193) - age   1:      95928 bytes,      95928 total
[2024-04-07T11:39:52.974+0000][7][gc,age      ] GC(193) - age   2:      65824 bytes,     161752 total
[2024-04-07T11:39:52.974+0000][7][gc,age      ] GC(193) - age   3:        472 bytes,     162224 total
[2024-04-07T11:39:52.974+0000][7][gc,age      ] GC(193) - age   4:        416 bytes,     162640 total
[2024-04-07T11:39:52.974+0000][7][gc,age      ] GC(193) - age   5:         40 bytes,     162680 total
[2024-04-07T11:39:52.974+0000][7][gc,age      ] GC(193) - age   6:       1560 bytes,     164240 total
[2024-04-07T11:39:52.974+0000][7][gc,age      ] GC(193) - age   7:        912 bytes,     165152 total
[2024-04-07T11:39:52.974+0000][7][gc,age      ] GC(193) - age   9:        688 bytes,     165840 total
[2024-04-07T11:39:52.974+0000][7][gc,age      ] GC(193) - age  11:        200 bytes,     166040 total
[2024-04-07T11:39:52.974+0000][7][gc,age      ] GC(193) - age  12:        344 bytes,     166384 total
[2024-04-07T11:39:52.974+0000][7][gc,age      ] GC(193) - age  15:       1096 bytes,     167480 total
[2024-04-07T11:39:52.974+0000][7][gc,phases   ] GC(193)   Pre Evacuate Collection Set: 0.2ms
[2024-04-07T11:39:52.974+0000][7][gc,phases   ] GC(193)   Merge Heap Roots: 0.1ms
[2024-04-07T11:39:52.974+0000][7][gc,phases   ] GC(193)   Evacuate Collection Set: 1.2ms
[2024-04-07T11:39:52.974+0000][7][gc,phases   ] GC(193)   Post Evacuate Collection Set: 0.5ms
[2024-04-07T11:39:52.974+0000][7][gc,phases   ] GC(193)   Other: 0.4ms
[2024-04-07T11:39:52.974+0000][7][gc,heap     ] GC(193) Eden regions: 152->0(152)
[2024-04-07T11:39:52.974+0000][7][gc,heap     ] GC(193) Survivor regions: 1->1(20)
[2024-04-07T11:39:52.974+0000][7][gc,heap     ] GC(193) Old regions: 21->21
[2024-04-07T11:39:52.974+0000][7][gc,heap     ] GC(193) Archive regions: 2->2
[2024-04-07T11:39:52.974+0000][7][gc,heap     ] GC(193) Humongous regions: 2->2
[2024-04-07T11:39:52.974+0000][7][gc,metaspace] GC(193) Metaspace: 101709K(106192K)->101709K(106192K) NonClass: 88666K(91984K)->88666K(91984K) Class: 13042K(14208K)->13042K(14208K)
[2024-04-07T11:39:52.974+0000][7][gc          ] GC(193) Pause Young (Normal) (G1 Evacuation Pause) 702M->94M(1024M) 2.520ms
[2024-04-07T11:39:52.974+0000][7][gc,cpu      ] GC(193) User=0.00s Sys=0.00s Real=0.00s
[2024-04-07T11:39:52.974+0000][7][safepoint   ] Safepoint "G1CollectForAllocation", Time since last: 24813037496911 ns, Reaching safepoint: 92686 ns, At safepoint: 2617286 ns, Total: 2709972 ns
[2024-04-07T15:03:50.699+0000][7][safepoint   ] Safepoint "Cleanup", Time since last: 12237725165292 ns, Reaching safepoint: 98069 ns, At safepoint: 3577 ns, Total: 101646 ns
[2024-04-07T15:03:51.700+0000][7][safepoint   ] Safepoint "Cleanup", Time since last: 1000156140 ns, Reaching safepoint: 93561 ns, At safepoint: 3093 ns, Total: 96654 ns
[2024-04-07T18:34:36.009+0000][7][gc,start    ] GC(194) Pause Young (Normal) (G1 Evacuation Pause)
[2024-04-07T18:34:36.009+0000][7][gc,task     ] GC(194) Using 13 workers of 13 for evacuation
[2024-04-07T18:34:36.009+0000][7][gc,age      ] GC(194) Desired survivor size 41943040 bytes, new threshold 15 (max threshold 15)
[2024-04-07T18:34:36.011+0000][7][gc,age      ] GC(194) Age table with threshold 15 (max threshold 15)
[2024-04-07T18:34:36.011+0000][7][gc,age      ] GC(194) - age   1:      53200 bytes,      53200 total
[2024-04-07T18:34:36.011+0000][7][gc,age      ] GC(194) - age   2:      34496 bytes,      87696 total
[2024-04-07T18:34:36.011+0000][7][gc,age      ] GC(194) - age   3:      17056 bytes,     104752 total
[2024-04-07T18:34:36.011+0000][7][gc,age      ] GC(194) - age   4:        392 bytes,     105144 total
[2024-04-07T18:34:36.011+0000][7][gc,age      ] GC(194) - age   5:        376 bytes,     105520 total
[2024-04-07T18:34:36.011+0000][7][gc,age      ] GC(194) - age   7:       1520 bytes,     107040 total
[2024-04-07T18:34:36.011+0000][7][gc,age      ] GC(194) - age   8:        912 bytes,     107952 total
[2024-04-07T18:34:36.011+0000][7][gc,age      ] GC(194) - age  10:        688 bytes,     108640 total
[2024-04-07T18:34:36.011+0000][7][gc,age      ] GC(194) - age  12:        200 bytes,     108840 total
[2024-04-07T18:34:36.011+0000][7][gc,age      ] GC(194) - age  13:        344 bytes,     109184 total
[2024-04-07T18:34:36.011+0000][7][gc,phases   ] GC(194)   Pre Evacuate Collection Set: 0.2ms
[2024-04-07T18:34:36.011+0000][7][gc,phases   ] GC(194)   Merge Heap Roots: 0.1ms
[2024-04-07T18:34:36.011+0000][7][gc,phases   ] GC(194)   Evacuate Collection Set: 0.5ms
[2024-04-07T18:34:36.011+0000][7][gc,phases   ] GC(194)   Post Evacuate Collection Set: 0.5ms
[2024-04-07T18:34:36.011+0000][7][gc,phases   ] GC(194)   Other: 0.5ms
[2024-04-07T18:34:36.011+0000][7][gc,heap     ] GC(194) Eden regions: 152->0(152)
[2024-04-07T18:34:36.011+0000][7][gc,heap     ] GC(194) Survivor regions: 1->1(20)
[2024-04-07T18:34:36.011+0000][7][gc,heap     ] GC(194) Old regions: 21->21
[2024-04-07T18:34:36.011+0000][7][gc,heap     ] GC(194) Archive regions: 2->2
[2024-04-07T18:34:36.011+0000][7][gc,heap     ] GC(194) Humongous regions: 2->2
[2024-04-07T18:34:36.011+0000][7][gc,metaspace] GC(194) Metaspace: 101709K(106192K)->101709K(106192K) NonClass: 88666K(91984K)->88666K(91984K) Class: 13042K(14208K)->13042K(14208K)
[2024-04-07T18:34:36.011+0000][7][gc          ] GC(194) Pause Young (Normal) (G1 Evacuation Pause) 702M->94M(1024M) 1.919ms
[2024-04-07T18:34:36.011+0000][7][gc,cpu      ] GC(194) User=0.00s Sys=0.00s Real=0.00s
[2024-04-07T18:34:36.011+0000][7][safepoint   ] Safepoint "G1CollectForAllocation", Time since last: 12644309314287 ns, Reaching safepoint: 91854 ns, At safepoint: 2011220 ns, Total: 2103074 ns
[2024-04-07T21:27:13.592+0000][7][safepoint   ] Safepoint "Cleanup", Time since last: 10357580432064 ns, Reaching safepoint: 96352 ns, At safepoint: 3292 ns, Total: 99644 ns
[2024-04-07T22:13:19.756+0000][7][safepoint   ] Safepoint "Cleanup", Time since last: 2766164026045 ns, Reaching safepoint: 220829 ns, At safepoint: 4255 ns, Total: 225084 ns
[2024-04-07T23:36:27.049+0000][7][safepoint   ] Safepoint "Cleanup", Time since last: 4987293444428 ns, Reaching safepoint: 87001 ns, At safepoint: 2799 ns, Total: 89800 ns
[2024-04-08T01:23:48.105+0000][7][gc,start    ] GC(195) Pause Young (Normal) (G1 Evacuation Pause)
[2024-04-08T01:23:48.106+0000][7][gc,task     ] GC(195) Using 13 workers of 13 for evacuation
[2024-04-08T01:23:48.106+0000][7][gc,age      ] GC(195) Desired survivor size 41943040 bytes, new threshold 15 (max threshold 15)
[2024-04-08T01:23:48.107+0000][7][gc,age      ] GC(195) Age table with threshold 15 (max threshold 15)
[2024-04-08T01:23:48.107+0000][7][gc,age      ] GC(195) - age   1:     100264 bytes,     100264 total
[2024-04-08T01:23:48.107+0000][7][gc,age      ] GC(195) - age   2:       9080 bytes,     109344 total
[2024-04-08T01:23:48.107+0000][7][gc,age      ] GC(195) - age   3:      34416 bytes,     143760 total
[2024-04-08T01:23:48.107+0000][7][gc,age      ] GC(195) - age   4:        664 bytes,     144424 total
[2024-04-08T01:23:48.107+0000][7][gc,age      ] GC(195) - age   5:         40 bytes,     144464 total
[2024-04-08T01:23:48.107+0000][7][gc,age      ] GC(195) - age   6:         40 bytes,     144504 total
[2024-04-08T01:23:48.107+0000][7][gc,age      ] GC(195) - age   8:       1520 bytes,     146024 total
[2024-04-08T01:23:48.107+0000][7][gc,age      ] GC(195) - age   9:        912 bytes,     146936 total
[2024-04-08T01:23:48.107+0000][7][gc,age      ] GC(195) - age  11:        648 bytes,     147584 total
[2024-04-08T01:23:48.107+0000][7][gc,age      ] GC(195) - age  13:        200 bytes,     147784 total
[2024-04-08T01:23:48.107+0000][7][gc,age      ] GC(195) - age  14:        344 bytes,     148128 total
[2024-04-08T01:23:48.108+0000][7][gc,phases   ] GC(195)   Pre Evacuate Collection Set: 0.2ms
[2024-04-08T01:23:48.108+0000][7][gc,phases   ] GC(195)   Merge Heap Roots: 0.1ms
[2024-04-08T01:23:48.108+0000][7][gc,phases   ] GC(195)   Evacuate Collection Set: 0.9ms
[2024-04-08T01:23:48.108+0000][7][gc,phases   ] GC(195)   Post Evacuate Collection Set: 0.5ms
[2024-04-08T01:23:48.108+0000][7][gc,phases   ] GC(195)   Other: 0.4ms
[2024-04-08T01:23:48.108+0000][7][gc,heap     ] GC(195) Eden regions: 152->0(152)
[2024-04-08T01:23:48.108+0000][7][gc,heap     ] GC(195) Survivor regions: 1->1(20)
[2024-04-08T01:23:48.108+0000][7][gc,heap     ] GC(195) Old regions: 21->21
[2024-04-08T01:23:48.108+0000][7][gc,heap     ] GC(195) Archive regions: 2->2
[2024-04-08T01:23:48.108+0000][7][gc,heap     ] GC(195) Humongous regions: 2->2
[2024-04-08T01:23:48.108+0000][7][gc,metaspace] GC(195) Metaspace: 101709K(106192K)->101709K(106192K) NonClass: 88666K(91984K)->88666K(91984K) Class: 13042K(14208K)->13042K(14208K)
[2024-04-08T01:23:48.108+0000][7][gc          ] GC(195) Pause Young (Normal) (G1 Evacuation Pause) 702M->94M(1024M) 2.240ms
[2024-04-08T01:23:48.108+0000][7][gc,cpu      ] GC(195) User=0.01s Sys=0.00s Real=0.01s
[2024-04-08T01:23:48.108+0000][7][safepoint   ] Safepoint "G1CollectForAllocation", Time since last: 6441056044009 ns, Reaching safepoint: 85745 ns, At safepoint: 2346988 ns, Total: 2432733 ns
[2024-04-08T01:34:06.144+0000][7][safepoint   ] Safepoint "Cleanup", Time since last: 618035836718 ns, Reaching safepoint: 118990 ns, At safepoint: 6241 ns, Total: 125231 ns
[2024-04-08T01:38:00.158+0000][7][safepoint   ] Safepoint "Cleanup", Time since last: 234013987504 ns, Reaching safepoint: 117217 ns, At safepoint: 4211 ns, Total: 121428 ns
[2024-04-08T05:20:56.946+0000][7][safepoint   ] Safepoint "Cleanup", Time since last: 13376788131603 ns, Reaching safepoint: 88345 ns, At safepoint: 3576 ns, Total: 91921 ns
[2024-04-08T06:32:50.203+0000][7][safepoint   ] Safepoint "Cleanup", Time since last: 4313256915918 ns, Reaching safepoint: 92798 ns, At safepoint: 3698 ns, Total: 96496 ns
[2024-04-08T08:13:01.288+0000][7][gc,start    ] GC(196) Pause Young (Normal) (G1 Evacuation Pause)
[2024-04-08T08:13:01.288+0000][7][gc,task     ] GC(196) Using 13 workers of 13 for evacuation
[2024-04-08T08:13:01.288+0000][7][gc,age      ] GC(196) Desired survivor size 41943040 bytes, new threshold 15 (max threshold 15)
[2024-04-08T08:13:01.289+0000][7][gc,age      ] GC(196) Age table with threshold 15 (max threshold 15)
[2024-04-08T08:13:01.289+0000][7][gc,age      ] GC(196) - age   1:     221616 bytes,     221616 total
[2024-04-08T08:13:01.289+0000][7][gc,age      ] GC(196) - age   2:      73984 bytes,     295600 total
[2024-04-08T08:13:01.289+0000][7][gc,age      ] GC(196) - age   3:       8552 bytes,     304152 total
[2024-04-08T08:13:01.289+0000][7][gc,age      ] GC(196) - age   4:      32816 bytes,     336968 total
[2024-04-08T08:13:01.289+0000][7][gc,age      ] GC(196) - age   5:         40 bytes,     337008 total
[2024-04-08T08:13:01.289+0000][7][gc,age      ] GC(196) - age   9:       1520 bytes,     338528 total
[2024-04-08T08:13:01.290+0000][7][gc,age      ] GC(196) - age  10:        512 bytes,     339040 total
[2024-04-08T08:13:01.290+0000][7][gc,age      ] GC(196) - age  12:        512 bytes,     339552 total
[2024-04-08T08:13:01.290+0000][7][gc,age      ] GC(196) - age  15:        344 bytes,     339896 total
[2024-04-08T08:13:01.290+0000][7][gc,phases   ] GC(196)   Pre Evacuate Collection Set: 0.1ms
[2024-04-08T08:13:01.290+0000][7][gc,phases   ] GC(196)   Merge Heap Roots: 0.1ms
[2024-04-08T08:13:01.290+0000][7][gc,phases   ] GC(196)   Evacuate Collection Set: 0.7ms
[2024-04-08T08:13:01.290+0000][7][gc,phases   ] GC(196)   Post Evacuate Collection Set: 0.5ms
[2024-04-08T08:13:01.290+0000][7][gc,phases   ] GC(196)   Other: 0.4ms
[2024-04-08T08:13:01.290+0000][7][gc,heap     ] GC(196) Eden regions: 152->0(152)
[2024-04-08T08:13:01.290+0000][7][gc,heap     ] GC(196) Survivor regions: 1->1(20)
[2024-04-08T08:13:01.290+0000][7][gc,heap     ] GC(196) Old regions: 21->21
[2024-04-08T08:13:01.290+0000][7][gc,heap     ] GC(196) Archive regions: 2->2
[2024-04-08T08:13:01.290+0000][7][gc,heap     ] GC(196) Humongous regions: 2->2
[2024-04-08T08:13:01.290+0000][7][gc,metaspace] GC(196) Metaspace: 101717K(106192K)->101717K(106192K) NonClass: 88674K(91984K)->88674K(91984K) Class: 13042K(14208K)->13042K(14208K)
[2024-04-08T08:13:01.290+0000][7][gc          ] GC(196) Pause Young (Normal) (G1 Evacuation Pause) 702M->94M(1024M) 2.004ms
[2024-04-08T08:13:01.290+0000][7][gc,cpu      ] GC(196) User=0.00s Sys=0.00s Real=0.00s
[2024-04-08T08:13:01.290+0000][7][safepoint   ] Safepoint "G1CollectForAllocation", Time since last: 6011084494755 ns, Reaching safepoint: 138709 ns, At safepoint: 2095744 ns, Total: 2234453 ns
[2024-04-08T15:04:52.141+0000][7][gc,start    ] GC(197) Pause Young (Normal) (G1 Evacuation Pause)
[2024-04-08T15:04:52.142+0000][7][gc,task     ] GC(197) Using 13 workers of 13 for evacuation
[2024-04-08T15:04:52.142+0000][7][gc,age      ] GC(197) Desired survivor size 41943040 bytes, new threshold 15 (max threshold 15)
[2024-04-08T15:04:52.143+0000][7][gc,age      ] GC(197) Age table with threshold 15 (max threshold 15)
[2024-04-08T15:04:52.143+0000][7][gc,age      ] GC(197) - age   1:     192144 bytes,     192144 total
[2024-04-08T15:04:52.143+0000][7][gc,age      ] GC(197) - age   2:      95784 bytes,     287928 total
[2024-04-08T15:04:52.143+0000][7][gc,age      ] GC(197) - age   3:      57520 bytes,     345448 total
[2024-04-08T15:04:52.143+0000][7][gc,age      ] GC(197) - age   4:       8256 bytes,     353704 total
[2024-04-08T15:04:52.143+0000][7][gc,age      ] GC(197) - age   5:      32424 bytes,     386128 total
[2024-04-08T15:04:52.143+0000][7][gc,age      ] GC(197) - age  10:       1480 bytes,     387608 total
[2024-04-08T15:04:52.143+0000][7][gc,age      ] GC(197) - age  11:        232 bytes,     387840 total
[2024-04-08T15:04:52.143+0000][7][gc,age      ] GC(197) - age  13:        280 bytes,     388120 total
[2024-04-08T15:04:52.144+0000][7][gc,phases   ] GC(197)   Pre Evacuate Collection Set: 0.2ms
[2024-04-08T15:04:52.144+0000][7][gc,phases   ] GC(197)   Merge Heap Roots: 0.1ms
[2024-04-08T15:04:52.144+0000][7][gc,phases   ] GC(197)   Evacuate Collection Set: 0.8ms
[2024-04-08T15:04:52.144+0000][7][gc,phases   ] GC(197)   Post Evacuate Collection Set: 0.5ms
[2024-04-08T15:04:52.144+0000][7][gc,phases   ] GC(197)   Other: 0.4ms
[2024-04-08T15:04:52.144+0000][7][gc,heap     ] GC(197) Eden regions: 152->0(152)
[2024-04-08T15:04:52.144+0000][7][gc,heap     ] GC(197) Survivor regions: 1->1(20)
[2024-04-08T15:04:52.144+0000][7][gc,heap     ] GC(197) Old regions: 21->21
[2024-04-08T15:04:52.144+0000][7][gc,heap     ] GC(197) Archive regions: 2->2
[2024-04-08T15:04:52.144+0000][7][gc,heap     ] GC(197) Humongous regions: 2->2
[2024-04-08T15:04:52.144+0000][7][gc,metaspace] GC(197) Metaspace: 101717K(106192K)->101717K(106192K) NonClass: 88674K(91984K)->88674K(91984K) Class: 13042K(14208K)->13042K(14208K)
[2024-04-08T15:04:52.144+0000][7][gc          ] GC(197) Pause Young (Normal) (G1 Evacuation Pause) 702M->94M(1024M) 2.206ms
[2024-04-08T15:04:52.144+0000][7][gc,cpu      ] GC(197) User=0.00s Sys=0.00s Real=0.00s
[2024-04-08T15:04:52.144+0000][7][safepoint   ] Safepoint "G1CollectForAllocation", Time since last: 24710851521077 ns, Reaching safepoint: 113983 ns, At safepoint: 2297048 ns, Total: 2411031 ns
[2024-04-08T17:53:49.660+0000][7][safepoint   ] Safepoint "Cleanup", Time since last: 10137516648735 ns, Reaching safepoint: 95939 ns, At safepoint: 6454 ns, Total: 102393 ns
[2024-04-08T21:55:47.219+0000][7][gc,start    ] GC(198) Pause Young (Normal) (G1 Evacuation Pause)
[2024-04-08T21:55:47.219+0000][7][gc,task     ] GC(198) Using 13 workers of 13 for evacuation
[2024-04-08T21:55:47.219+0000][7][gc,age      ] GC(198) Desired survivor size 41943040 bytes, new threshold 15 (max threshold 15)
[2024-04-08T21:55:47.221+0000][7][gc,age      ] GC(198) Age table with threshold 15 (max threshold 15)
[2024-04-08T21:55:47.221+0000][7][gc,age      ] GC(198) - age   1:      46712 bytes,      46712 total
[2024-04-08T21:55:47.221+0000][7][gc,age      ] GC(198) - age   2:      82992 bytes,     129704 total
[2024-04-08T21:55:47.221+0000][7][gc,age      ] GC(198) - age   3:      69400 bytes,     199104 total
[2024-04-08T21:55:47.221+0000][7][gc,age      ] GC(198) - age   4:      41328 bytes,     240432 total
[2024-04-08T21:55:47.221+0000][7][gc,age      ] GC(198) - age   5:        120 bytes,     240552 total
[2024-04-08T21:55:47.221+0000][7][gc,age      ] GC(198) - age   6:      32384 bytes,     272936 total
[2024-04-08T21:55:47.222+0000][7][gc,age      ] GC(198) - age  11:       1480 bytes,     274416 total
[2024-04-08T21:55:47.222+0000][7][gc,age      ] GC(198) - age  12:        232 bytes,     274648 total
[2024-04-08T21:55:47.222+0000][7][gc,age      ] GC(198) - age  14:        280 bytes,     274928 total
[2024-04-08T21:55:47.222+0000][7][gc,phases   ] GC(198)   Pre Evacuate Collection Set: 0.1ms
[2024-04-08T21:55:47.222+0000][7][gc,phases   ] GC(198)   Merge Heap Roots: 0.1ms
[2024-04-08T21:55:47.222+0000][7][gc,phases   ] GC(198)   Evacuate Collection Set: 1.1ms
[2024-04-08T21:55:47.222+0000][7][gc,phases   ] GC(198)   Post Evacuate Collection Set: 0.5ms
[2024-04-08T21:55:47.222+0000][7][gc,phases   ] GC(198)   Other: 0.4ms
[2024-04-08T21:55:47.222+0000][7][gc,heap     ] GC(198) Eden regions: 152->0(152)
[2024-04-08T21:55:47.222+0000][7][gc,heap     ] GC(198) Survivor regions: 1->1(20)
[2024-04-08T21:55:47.222+0000][7][gc,heap     ] GC(198) Old regions: 21->21
[2024-04-08T21:55:47.222+0000][7][gc,heap     ] GC(198) Archive regions: 2->2
[2024-04-08T21:55:47.222+0000][7][gc,heap     ] GC(198) Humongous regions: 2->2
[2024-04-08T21:55:47.222+0000][7][gc,metaspace] GC(198) Metaspace: 101717K(106192K)->101717K(106192K) NonClass: 88674K(91984K)->88674K(91984K) Class: 13042K(14208K)->13042K(14208K)
[2024-04-08T21:55:47.222+0000][7][gc          ] GC(198) Pause Young (Normal) (G1 Evacuation Pause) 702M->94M(1024M) 2.427ms
[2024-04-08T21:55:47.222+0000][7][gc,cpu      ] GC(198) User=0.00s Sys=0.01s Real=0.00s
[2024-04-08T21:55:47.222+0000][7][safepoint   ] Safepoint "G1CollectForAllocation", Time since last: 14517558657478 ns, Reaching safepoint: 125457 ns, At safepoint: 2522824 ns, Total: 2648281 ns
[2024-04-09T01:38:00.012+0000][7][safepoint   ] Safepoint "Cleanup", Time since last: 13332790205397 ns, Reaching safepoint: 122429 ns, At safepoint: 3959 ns, Total: 126388 ns
[2024-04-09T04:43:01.198+0000][7][gc,start    ] GC(199) Pause Young (Normal) (G1 Evacuation Pause)
[2024-04-09T04:43:01.199+0000][7][gc,task     ] GC(199) Using 13 workers of 13 for evacuation
[2024-04-09T04:43:01.199+0000][7][gc,age      ] GC(199) Desired survivor size 41943040 bytes, new threshold 15 (max threshold 15)
[2024-04-09T04:43:01.200+0000][7][gc,age      ] GC(199) Age table with threshold 15 (max threshold 15)
[2024-04-09T04:43:01.200+0000][7][gc,age      ] GC(199) - age   1:     152744 bytes,     152744 total
[2024-04-09T04:43:01.200+0000][7][gc,age      ] GC(199) - age   2:      34296 bytes,     187040 total
[2024-04-09T04:43:01.200+0000][7][gc,age      ] GC(199) - age   3:      57912 bytes,     244952 total
[2024-04-09T04:43:01.200+0000][7][gc,age      ] GC(199) - age   4:      52120 bytes,     297072 total
[2024-04-09T04:43:01.200+0000][7][gc,age      ] GC(199) - age   5:      32696 bytes,     329768 total
[2024-04-09T04:43:01.200+0000][7][gc,age      ] GC(199) - age   6:        120 bytes,     329888 total
[2024-04-09T04:43:01.200+0000][7][gc,age      ] GC(199) - age   7:      32384 bytes,     362272 total
[2024-04-09T04:43:01.200+0000][7][gc,age      ] GC(199) - age  12:       1480 bytes,     363752 total
[2024-04-09T04:43:01.200+0000][7][gc,age      ] GC(199) - age  15:        240 bytes,     363992 total
[2024-04-09T04:43:01.200+0000][7][gc,phases   ] GC(199)   Pre Evacuate Collection Set: 0.2ms
[2024-04-09T04:43:01.200+0000][7][gc,phases   ] GC(199)   Merge Heap Roots: 0.1ms
[2024-04-09T04:43:01.200+0000][7][gc,phases   ] GC(199)   Evacuate Collection Set: 0.5ms
[2024-04-09T04:43:01.200+0000][7][gc,phases   ] GC(199)   Post Evacuate Collection Set: 0.5ms
[2024-04-09T04:43:01.200+0000][7][gc,phases   ] GC(199)   Other: 0.4ms
[2024-04-09T04:43:01.200+0000][7][gc,heap     ] GC(199) Eden regions: 152->0(152)
[2024-04-09T04:43:01.200+0000][7][gc,heap     ] GC(199) Survivor regions: 1->1(20)
[2024-04-09T04:43:01.200+0000][7][gc,heap     ] GC(199) Old regions: 21->21
[2024-04-09T04:43:01.200+0000][7][gc,heap     ] GC(199) Archive regions: 2->2
[2024-04-09T04:43:01.200+0000][7][gc,heap     ] GC(199) Humongous regions: 2->2
[2024-04-09T04:43:01.200+0000][7][gc,metaspace] GC(199) Metaspace: 101717K(106192K)->101717K(106192K) NonClass: 88674K(91984K)->88674K(91984K) Class: 13042K(14208K)->13042K(14208K)
[2024-04-09T04:43:01.200+0000][7][gc          ] GC(199) Pause Young (Normal) (G1 Evacuation Pause) 702M->94M(1024M) 1.803ms
[2024-04-09T04:43:01.200+0000][7][gc,cpu      ] GC(199) User=0.00s Sys=0.01s Real=0.00s
[2024-04-09T04:43:01.200+0000][7][safepoint   ] Safepoint "G1CollectForAllocation", Time since last: 11101186238782 ns, Reaching safepoint: 83639 ns, At safepoint: 1891331 ns, Total: 1974970 ns
[2024-04-09T07:28:01.739+0000][7][safepoint   ] Safepoint "Cleanup", Time since last: 9900538230645 ns, Reaching safepoint: 124669 ns, At safepoint: 4569 ns, Total: 129238 ns
[2024-04-09T08:36:52.022+0000][7][safepoint   ] Safepoint "Cleanup", Time since last: 4130283476955 ns, Reaching safepoint: 95206 ns, At safepoint: 3791 ns, Total: 98997 ns
[2024-04-09T11:31:40.262+0000][7][gc,start    ] GC(200) Pause Young (Normal) (G1 Evacuation Pause)
[2024-04-09T11:31:40.262+0000][7][gc,task     ] GC(200) Using 13 workers of 13 for evacuation
[2024-04-09T11:31:40.262+0000][7][gc,age      ] GC(200) Desired survivor size 41943040 bytes, new threshold 15 (max threshold 15)
[2024-04-09T11:31:40.263+0000][7][gc,age      ] GC(200) Age table with threshold 15 (max threshold 15)
[2024-04-09T11:31:40.263+0000][7][gc,age      ] GC(200) - age   1:     193152 bytes,     193152 total
[2024-04-09T11:31:40.263+0000][7][gc,age      ] GC(200) - age   2:      59656 bytes,     252808 total
[2024-04-09T11:31:40.263+0000][7][gc,age      ] GC(200) - age   3:      34296 bytes,     287104 total
[2024-04-09T11:31:40.264+0000][7][gc,age      ] GC(200) - age   4:      16192 bytes,     303296 total
[2024-04-09T11:31:40.264+0000][7][gc,age      ] GC(200) - age   5:      34784 bytes,     338080 total
[2024-04-09T11:31:40.264+0000][7][gc,age      ] GC(200) - age   6:      16504 bytes,     354584 total
[2024-04-09T11:31:40.264+0000][7][gc,age      ] GC(200) - age   7:        120 bytes,     354704 total
[2024-04-09T11:31:40.264+0000][7][gc,age      ] GC(200) - age   8:      16232 bytes,     370936 total
[2024-04-09T11:31:40.264+0000][7][gc,age      ] GC(200) - age  13:       1480 bytes,     372416 total
[2024-04-09T11:31:40.264+0000][7][gc,phases   ] GC(200)   Pre Evacuate Collection Set: 0.2ms
[2024-04-09T11:31:40.264+0000][7][gc,phases   ] GC(200)   Merge Heap Roots: 0.1ms
[2024-04-09T11:31:40.264+0000][7][gc,phases   ] GC(200)   Evacuate Collection Set: 0.8ms
[2024-04-09T11:31:40.264+0000][7][gc,phases   ] GC(200)   Post Evacuate Collection Set: 0.5ms
[2024-04-09T11:31:40.264+0000][7][gc,phases   ] GC(200)   Other: 0.4ms
[2024-04-09T11:31:40.264+0000][7][gc,heap     ] GC(200) Eden regions: 152->0(152)
[2024-04-09T11:31:40.264+0000][7][gc,heap     ] GC(200) Survivor regions: 1->1(20)
[2024-04-09T11:31:40.264+0000][7][gc,heap     ] GC(200) Old regions: 21->21
[2024-04-09T11:31:40.264+0000][7][gc,heap     ] GC(200) Archive regions: 2->2
[2024-04-09T11:31:40.264+0000][7][gc,heap     ] GC(200) Humongous regions: 2->2
[2024-04-09T11:31:40.264+0000][7][gc,metaspace] GC(200) Metaspace: 101720K(106192K)->101720K(106192K) NonClass: 88677K(91984K)->88677K(91984K) Class: 13042K(14208K)->13042K(14208K)
[2024-04-09T11:31:40.264+0000][7][gc          ] GC(200) Pause Young (Normal) (G1 Evacuation Pause) 702M->94M(1024M) 2.122ms
[2024-04-09T11:31:40.264+0000][7][gc,cpu      ] GC(200) User=0.01s Sys=0.00s Real=0.00s
[2024-04-09T11:31:40.264+0000][7][safepoint   ] Safepoint "G1CollectForAllocation", Time since last: 10488239195988 ns, Reaching safepoint: 133631 ns, At safepoint: 2212672 ns, Total: 2346303 ns
[2024-04-09T18:24:03.345+0000][7][gc,start    ] GC(201) Pause Young (Normal) (G1 Evacuation Pause)
[2024-04-09T18:24:03.345+0000][7][gc,task     ] GC(201) Using 13 workers of 13 for evacuation
[2024-04-09T18:24:03.345+0000][7][gc,age      ] GC(201) Desired survivor size 41943040 bytes, new threshold 15 (max threshold 15)
[2024-04-09T18:24:03.347+0000][7][gc,age      ] GC(201) Age table with threshold 15 (max threshold 15)
[2024-04-09T18:24:03.347+0000][7][gc,age      ] GC(201) - age   1:      87648 bytes,      87648 total
[2024-04-09T18:24:03.347+0000][7][gc,age      ] GC(201) - age   2:      34464 bytes,     122112 total
[2024-04-09T18:24:03.347+0000][7][gc,age      ] GC(201) - age   3:      26976 bytes,     149088 total
[2024-04-09T18:24:03.347+0000][7][gc,age      ] GC(201) - age   4:      16272 bytes,     165360 total
[2024-04-09T18:24:03.347+0000][7][gc,age      ] GC(201) - age   5:         80 bytes,     165440 total
[2024-04-09T18:24:03.347+0000][7][gc,age      ] GC(201) - age   6:      25920 bytes,     191360 total
[2024-04-09T18:24:03.347+0000][7][gc,age      ] GC(201) - age   7:      16384 bytes,     207744 total
[2024-04-09T18:24:03.347+0000][7][gc,age      ] GC(201) - age   8:         40 bytes,     207784 total
[2024-04-09T18:24:03.347+0000][7][gc,age      ] GC(201) - age   9:      16192 bytes,     223976 total
[2024-04-09T18:24:03.347+0000][7][gc,age      ] GC(201) - age  14:       1480 bytes,     225456 total
[2024-04-09T18:24:03.347+0000][7][gc,phases   ] GC(201)   Pre Evacuate Collection Set: 0.1ms
[2024-04-09T18:24:03.347+0000][7][gc,phases   ] GC(201)   Merge Heap Roots: 0.1ms
[2024-04-09T18:24:03.347+0000][7][gc,phases   ] GC(201)   Evacuate Collection Set: 1.2ms
[2024-04-09T18:24:03.347+0000][7][gc,phases   ] GC(201)   Post Evacuate Collection Set: 0.5ms
[2024-04-09T18:24:03.348+0000][7][gc,phases   ] GC(201)   Other: 0.4ms
[2024-04-09T18:24:03.348+0000][7][gc,heap     ] GC(201) Eden regions: 152->0(152)
[2024-04-09T18:24:03.348+0000][7][gc,heap     ] GC(201) Survivor regions: 1->1(20)
[2024-04-09T18:24:03.348+0000][7][gc,heap     ] GC(201) Old regions: 21->21
[2024-04-09T18:24:03.348+0000][7][gc,heap     ] GC(201) Archive regions: 2->2
[2024-04-09T18:24:03.348+0000][7][gc,heap     ] GC(201) Humongous regions: 2->2
[2024-04-09T18:24:03.348+0000][7][gc,metaspace] GC(201) Metaspace: 101720K(106192K)->101720K(106192K) NonClass: 88677K(91984K)->88677K(91984K) Class: 13042K(14208K)->13042K(14208K)
[2024-04-09T18:24:03.348+0000][7][gc          ] GC(201) Pause Young (Normal) (G1 Evacuation Pause) 702M->94M(1024M) 2.489ms
[2024-04-09T18:24:03.348+0000][7][gc,cpu      ] GC(201) User=0.01s Sys=0.00s Real=0.01s
[2024-04-09T18:24:03.348+0000][7][safepoint   ] Safepoint "G1CollectForAllocation", Time since last: 24743081176451 ns, Reaching safepoint: 103759 ns, At safepoint: 2580541 ns, Total: 2684300 ns
[2024-04-10T01:13:08.683+0000][7][gc,start    ] GC(202) Pause Young (Normal) (G1 Evacuation Pause)
[2024-04-10T01:13:08.683+0000][7][gc,task     ] GC(202) Using 13 workers of 13 for evacuation
[2024-04-10T01:13:08.683+0000][7][gc,age      ] GC(202) Desired survivor size 41943040 bytes, new threshold 15 (max threshold 15)
[2024-04-10T01:13:08.685+0000][7][gc,age      ] GC(202) Age table with threshold 15 (max threshold 15)
[2024-04-10T01:13:08.685+0000][7][gc,age      ] GC(202) - age   1:      45952 bytes,      45952 total
[2024-04-10T01:13:08.685+0000][7][gc,age      ] GC(202) - age   2:      58128 bytes,     104080 total
[2024-04-10T01:13:08.685+0000][7][gc,age      ] GC(202) - age   3:       2160 bytes,     106240 total
[2024-04-10T01:13:08.685+0000][7][gc,age      ] GC(202) - age   4:      18344 bytes,     124584 total
[2024-04-10T01:13:08.685+0000][7][gc,age      ] GC(202) - age   5:      16232 bytes,     140816 total
[2024-04-10T01:13:08.685+0000][7][gc,age      ] GC(202) - age   6:         80 bytes,     140896 total
[2024-04-10T01:13:08.685+0000][7][gc,age      ] GC(202) - age   7:      17448 bytes,     158344 total
[2024-04-10T01:13:08.685+0000][7][gc,age      ] GC(202) - age   8:        232 bytes,     158576 total
[2024-04-10T01:13:08.685+0000][7][gc,age      ] GC(202) - age   9:         40 bytes,     158616 total
[2024-04-10T01:13:08.685+0000][7][gc,age      ] GC(202) - age  10:         40 bytes,     158656 total
[2024-04-10T01:13:08.685+0000][7][gc,age      ] GC(202) - age  15:       1480 bytes,     160136 total
[2024-04-10T01:13:08.685+0000][7][gc,phases   ] GC(202)   Pre Evacuate Collection Set: 0.2ms
[2024-04-10T01:13:08.685+0000][7][gc,phases   ] GC(202)   Merge Heap Roots: 0.1ms
[2024-04-10T01:13:08.685+0000][7][gc,phases   ] GC(202)   Evacuate Collection Set: 1.0ms
[2024-04-10T01:13:08.685+0000][7][gc,phases   ] GC(202)   Post Evacuate Collection Set: 0.8ms
[2024-04-10T01:13:08.685+0000][7][gc,phases   ] GC(202)   Other: 0.4ms
[2024-04-10T01:13:08.685+0000][7][gc,heap     ] GC(202) Eden regions: 152->0(152)
[2024-04-10T01:13:08.685+0000][7][gc,heap     ] GC(202) Survivor regions: 1->1(20)
[2024-04-10T01:13:08.685+0000][7][gc,heap     ] GC(202) Old regions: 21->21
[2024-04-10T01:13:08.685+0000][7][gc,heap     ] GC(202) Archive regions: 2->2
[2024-04-10T01:13:08.685+0000][7][gc,heap     ] GC(202) Humongous regions: 2->2
[2024-04-10T01:13:08.685+0000][7][gc,metaspace] GC(202) Metaspace: 101720K(106192K)->101720K(106192K) NonClass: 88677K(91984K)->88677K(91984K) Class: 13042K(14208K)->13042K(14208K)
[2024-04-10T01:13:08.685+0000][7][gc          ] GC(202) Pause Young (Normal) (G1 Evacuation Pause) 702M->94M(1024M) 2.568ms
[2024-04-10T01:13:08.685+0000][7][gc,cpu      ] GC(202) User=0.01s Sys=0.00s Real=0.00s
[2024-04-10T01:13:08.685+0000][7][safepoint   ] Safepoint "G1CollectForAllocation", Time since last: 24545334973070 ns, Reaching safepoint: 90251 ns, At safepoint: 2658742 ns, Total: 2748993 ns
[2024-04-10T03:32:07.179+0000][7][safepoint   ] Safepoint "Cleanup", Time since last: 8338493372940 ns, Reaching safepoint: 111093 ns, At safepoint: 4440 ns, Total: 115533 ns
[2024-04-10T08:04:50.507+0000][7][gc,start    ] GC(203) Pause Young (Normal) (G1 Evacuation Pause)
[2024-04-10T08:04:50.507+0000][7][gc,task     ] GC(203) Using 13 workers of 13 for evacuation
[2024-04-10T08:04:50.507+0000][7][gc,age      ] GC(203) Desired survivor size 41943040 bytes, new threshold 15 (max threshold 15)
[2024-04-10T08:04:50.509+0000][7][gc,age      ] GC(203) Age table with threshold 15 (max threshold 15)
[2024-04-10T08:04:50.509+0000][7][gc,age      ] GC(203) - age   1:      95816 bytes,      95816 total
[2024-04-10T08:04:50.509+0000][7][gc,age      ] GC(203) - age   2:        592 bytes,      96408 total
[2024-04-10T08:04:50.509+0000][7][gc,age      ] GC(203) - age   3:      33504 bytes,     129912 total
[2024-04-10T08:04:50.509+0000][7][gc,age      ] GC(203) - age   4:       1992 bytes,     131904 total
[2024-04-10T08:04:50.509+0000][7][gc,age      ] GC(203) - age   5:       9144 bytes,     141048 total
[2024-04-10T08:04:50.509+0000][7][gc,age      ] GC(203) - age   6:         80 bytes,     141128 total
[2024-04-10T08:04:50.509+0000][7][gc,age      ] GC(203) - age   7:         40 bytes,     141168 total
[2024-04-10T08:04:50.509+0000][7][gc,age      ] GC(203) - age   8:      17408 bytes,     158576 total
[2024-04-10T08:04:50.509+0000][7][gc,age      ] GC(203) - age   9:        232 bytes,     158808 total
[2024-04-10T08:04:50.509+0000][7][gc,age      ] GC(203) - age  10:         40 bytes,     158848 total
[2024-04-10T08:04:50.509+0000][7][gc,phases   ] GC(203)   Pre Evacuate Collection Set: 0.1ms
[2024-04-10T08:04:50.509+0000][7][gc,phases   ] GC(203)   Merge Heap Roots: 0.1ms
[2024-04-10T08:04:50.509+0000][7][gc,phases   ] GC(203)   Evacuate Collection Set: 0.8ms
[2024-04-10T08:04:50.509+0000][7][gc,phases   ] GC(203)   Post Evacuate Collection Set: 0.5ms
[2024-04-10T08:04:50.509+0000][7][gc,phases   ] GC(203)   Other: 0.4ms
[2024-04-10T08:04:50.509+0000][7][gc,heap     ] GC(203) Eden regions: 152->0(152)
[2024-04-10T08:04:50.509+0000][7][gc,heap     ] GC(203) Survivor regions: 1->1(20)
[2024-04-10T08:04:50.509+0000][7][gc,heap     ] GC(203) Old regions: 21->21
[2024-04-10T08:04:50.509+0000][7][gc,heap     ] GC(203) Archive regions: 2->2
[2024-04-10T08:04:50.509+0000][7][gc,heap     ] GC(203) Humongous regions: 2->2
[2024-04-10T08:04:50.509+0000][7][gc,metaspace] GC(203) Metaspace: 101720K(106192K)->101720K(106192K) NonClass: 88677K(91984K)->88677K(91984K) Class: 13042K(14208K)->13042K(14208K)
[2024-04-10T08:04:50.509+0000][7][gc          ] GC(203) Pause Young (Normal) (G1 Evacuation Pause) 702M->94M(1024M) 2.116ms
[2024-04-10T08:04:50.509+0000][7][gc,cpu      ] GC(203) User=0.00s Sys=0.00s Real=0.00s
[2024-04-10T08:04:50.509+0000][7][safepoint   ] Safepoint "G1CollectForAllocation", Time since last: 16363327854085 ns, Reaching safepoint: 172821 ns, At safepoint: 2220666 ns, Total: 2393487 ns
[2024-04-10T09:41:19.849+0000][7][safepoint   ] Safepoint "Cleanup", Time since last: 5789340167533 ns, Reaching safepoint: 99106 ns, At safepoint: 3615 ns, Total: 102721 ns
[2024-04-10T10:52:21.101+0000][7][safepoint   ] Safepoint "Cleanup", Time since last: 4261251818332 ns, Reaching safepoint: 93532 ns, At safepoint: 3890 ns, Total: 97422 ns
[2024-04-10T12:35:03.466+0000][7][safepoint   ] Safepoint "Cleanup", Time since last: 6162364483644 ns, Reaching safepoint: 92246 ns, At safepoint: 5691 ns, Total: 97937 ns
[2024-04-10T13:24:52.643+0000][7][safepoint   ] Safepoint "Cleanup", Time since last: 2989176849296 ns, Reaching safepoint: 129942 ns, At safepoint: 3053 ns, Total: 132995 ns
[2024-04-10T13:31:13.666+0000][7][safepoint   ] Safepoint "Cleanup", Time since last: 381022734510 ns, Reaching safepoint: 88952 ns, At safepoint: 5855 ns, Total: 94807 ns
[2024-04-10T13:40:56.700+0000][7][safepoint   ] Safepoint "Cleanup", Time since last: 583034396704 ns, Reaching safepoint: 89389 ns, At safepoint: 4323 ns, Total: 93712 ns
[2024-04-10T13:40:59.701+0000][7][safepoint   ] Safepoint "Cleanup", Time since last: 3000271552 ns, Reaching safepoint: 84878 ns, At safepoint: 3871 ns, Total: 88749 ns
[2024-04-10T13:41:07.701+0000][7][safepoint   ] Safepoint "Cleanup", Time since last: 8000535571 ns, Reaching safepoint: 80606 ns, At safepoint: 3365 ns, Total: 83971 ns
[2024-04-10T13:41:10.702+0000][7][safepoint   ] Safepoint "Cleanup", Time since last: 3000276622 ns, Reaching safepoint: 126229 ns, At safepoint: 9138 ns, Total: 135367 ns
[2024-04-10T14:27:28.866+0000][7][safepoint   ] Safepoint "Cleanup", Time since last: 2778164563691 ns, Reaching safepoint: 114138 ns, At safepoint: 6259 ns, Total: 120397 ns
[2024-04-10T14:33:16.887+0000][7][safepoint   ] Safepoint "Cleanup", Time since last: 348020834918 ns, Reaching safepoint: 87578 ns, At safepoint: 3731 ns, Total: 91309 ns
[2024-04-10T14:39:20.909+0000][7][safepoint   ] Safepoint "Cleanup", Time since last: 364021877327 ns, Reaching safepoint: 84469 ns, At safepoint: 3584 ns, Total: 88053 ns
[2024-04-10T14:39:24.010+0000][7][gc,start    ] GC(204) Pause Young (Normal) (G1 Evacuation Pause)
[2024-04-10T14:39:24.010+0000][7][gc,task     ] GC(204) Using 13 workers of 13 for evacuation
[2024-04-10T14:39:24.011+0000][7][gc,age      ] GC(204) Desired survivor size 41943040 bytes, new threshold 15 (max threshold 15)
[2024-04-10T14:39:24.012+0000][7][gc,age      ] GC(204) Age table with threshold 15 (max threshold 15)
[2024-04-10T14:39:24.012+0000][7][gc,age      ] GC(204) - age   1:     509056 bytes,     509056 total
[2024-04-10T14:39:24.012+0000][7][gc,age      ] GC(204) - age   2:      67832 bytes,     576888 total
[2024-04-10T14:39:24.012+0000][7][gc,age      ] GC(204) - age   3:        200 bytes,     577088 total
[2024-04-10T14:39:24.012+0000][7][gc,age      ] GC(204) - age   4:      33088 bytes,     610176 total
[2024-04-10T14:39:24.012+0000][7][gc,age      ] GC(204) - age   5:        512 bytes,     610688 total
[2024-04-10T14:39:24.012+0000][7][gc,age      ] GC(204) - age   6:       8632 bytes,     619320 total
[2024-04-10T14:39:24.012+0000][7][gc,age      ] GC(204) - age   7:         40 bytes,     619360 total
[2024-04-10T14:39:24.012+0000][7][gc,age      ] GC(204) - age   9:      17248 bytes,     636608 total
[2024-04-10T14:39:24.012+0000][7][gc,age      ] GC(204) - age  10:        192 bytes,     636800 total
[2024-04-10T14:39:24.012+0000][7][gc,phases   ] GC(204)   Pre Evacuate Collection Set: 0.2ms
[2024-04-10T14:39:24.012+0000][7][gc,phases   ] GC(204)   Merge Heap Roots: 0.1ms
[2024-04-10T14:39:24.012+0000][7][gc,phases   ] GC(204)   Evacuate Collection Set: 0.5ms
[2024-04-10T14:39:24.012+0000][7][gc,phases   ] GC(204)   Post Evacuate Collection Set: 0.5ms
[2024-04-10T14:39:24.012+0000][7][gc,phases   ] GC(204)   Other: 0.4ms
[2024-04-10T14:39:24.012+0000][7][gc,heap     ] GC(204) Eden regions: 152->0(152)
[2024-04-10T14:39:24.012+0000][7][gc,heap     ] GC(204) Survivor regions: 1->1(20)
[2024-04-10T14:39:24.012+0000][7][gc,heap     ] GC(204) Old regions: 21->21
[2024-04-10T14:39:24.012+0000][7][gc,heap     ] GC(204) Archive regions: 2->2
[2024-04-10T14:39:24.012+0000][7][gc,heap     ] GC(204) Humongous regions: 2->2
[2024-04-10T14:39:24.012+0000][7][gc,metaspace] GC(204) Metaspace: 101742K(106192K)->101742K(106192K) NonClass: 88698K(91984K)->88698K(91984K) Class: 13043K(14208K)->13043K(14208K)
[2024-04-10T14:39:24.012+0000][7][gc          ] GC(204) Pause Young (Normal) (G1 Evacuation Pause) 702M->94M(1024M) 1.808ms
[2024-04-10T14:39:24.012+0000][7][gc,cpu      ] GC(204) User=0.00s Sys=0.01s Real=0.00s
[2024-04-10T14:39:24.012+0000][7][safepoint   ] Safepoint "G1CollectForAllocation", Time since last: 3101082975 ns, Reaching safepoint: 89118 ns, At safepoint: 1898656 ns, Total: 1987774 ns
[2024-04-10T15:08:14.115+0000][7][safepoint   ] Safepoint "Cleanup", Time since last: 1730102537946 ns, Reaching safepoint: 91238 ns, At safepoint: 3464 ns, Total: 94702 ns
[2024-04-10T17:37:14.645+0000][7][safepoint   ] Safepoint "Cleanup", Time since last: 8940529788513 ns, Reaching safepoint: 87777 ns, At safepoint: 3668 ns, Total: 91445 ns
[2024-04-10T19:06:39.960+0000][7][safepoint   ] Safepoint "Cleanup", Time since last: 5365314937206 ns, Reaching safepoint: 83308 ns, At safepoint: 3742 ns, Total: 87050 ns
[2024-04-10T19:41:03.082+0000][7][safepoint   ] Safepoint "Cleanup", Time since last: 2063121656352 ns, Reaching safepoint: 103965 ns, At safepoint: 3974 ns, Total: 107939 ns
[2024-04-10T19:50:06.115+0000][7][safepoint   ] Safepoint "Cleanup", Time since last: 543032860290 ns, Reaching safepoint: 100517 ns, At safepoint: 3826 ns, Total: 104343 ns
[2024-04-10T21:25:28.190+0000][7][gc,start    ] GC(205) Pause Young (Normal) (G1 Evacuation Pause)
[2024-04-10T21:25:28.191+0000][7][gc,task     ] GC(205) Using 13 workers of 13 for evacuation
[2024-04-10T21:25:28.191+0000][7][gc,age      ] GC(205) Desired survivor size 41943040 bytes, new threshold 15 (max threshold 15)
[2024-04-10T21:25:28.192+0000][7][gc,age      ] GC(205) Age table with threshold 15 (max threshold 15)
[2024-04-10T21:25:28.192+0000][7][gc,age      ] GC(205) - age   1:     123504 bytes,     123504 total
[2024-04-10T21:25:28.192+0000][7][gc,age      ] GC(205) - age   2:     167832 bytes,     291336 total
[2024-04-10T21:25:28.192+0000][7][gc,age      ] GC(205) - age   3:      67520 bytes,     358856 total
[2024-04-10T21:25:28.192+0000][7][gc,age      ] GC(205) - age   4:        200 bytes,     359056 total
[2024-04-10T21:25:28.192+0000][7][gc,age      ] GC(205) - age   5:      32800 bytes,     391856 total
[2024-04-10T21:25:28.192+0000][7][gc,age      ] GC(205) - age   6:        352 bytes,     392208 total
[2024-04-10T21:25:28.192+0000][7][gc,age      ] GC(205) - age   7:        120 bytes,     392328 total
[2024-04-10T21:25:28.192+0000][7][gc,age      ] GC(205) - age   8:         40 bytes,     392368 total
[2024-04-10T21:25:28.192+0000][7][gc,age      ] GC(205) - age  10:       1096 bytes,     393464 total
[2024-04-10T21:25:28.192+0000][7][gc,age      ] GC(205) - age  11:        192 bytes,     393656 total
[2024-04-10T21:25:28.192+0000][7][gc,phases   ] GC(205)   Pre Evacuate Collection Set: 0.2ms
[2024-04-10T21:25:28.192+0000][7][gc,phases   ] GC(205)   Merge Heap Roots: 0.1ms
[2024-04-10T21:25:28.192+0000][7][gc,phases   ] GC(205)   Evacuate Collection Set: 0.8ms
[2024-04-10T21:25:28.192+0000][7][gc,phases   ] GC(205)   Post Evacuate Collection Set: 0.5ms
[2024-04-10T21:25:28.193+0000][7][gc,phases   ] GC(205)   Other: 0.4ms
[2024-04-10T21:25:28.193+0000][7][gc,heap     ] GC(205) Eden regions: 152->0(152)
[2024-04-10T21:25:28.193+0000][7][gc,heap     ] GC(205) Survivor regions: 1->1(20)
[2024-04-10T21:25:28.193+0000][7][gc,heap     ] GC(205) Old regions: 21->21
[2024-04-10T21:25:28.193+0000][7][gc,heap     ] GC(205) Archive regions: 2->2
[2024-04-10T21:25:28.193+0000][7][gc,heap     ] GC(205) Humongous regions: 2->2
[2024-04-10T21:25:28.193+0000][7][gc,metaspace] GC(205) Metaspace: 101759K(106192K)->101759K(106192K) NonClass: 88715K(91984K)->88715K(91984K) Class: 13043K(14208K)->13043K(14208K)
[2024-04-10T21:25:28.193+0000][7][gc          ] GC(205) Pause Young (Normal) (G1 Evacuation Pause) 702M->94M(1024M) 2.166ms
[2024-04-10T21:25:28.193+0000][7][gc,cpu      ] GC(205) User=0.00s Sys=0.00s Real=0.00s
[2024-04-10T21:25:28.193+0000][7][safepoint   ] Safepoint "G1CollectForAllocation", Time since last: 5722075799845 ns, Reaching safepoint: 119074 ns, At safepoint: 2257622 ns, Total: 2376696 ns
[2024-04-10T23:08:07.557+0000][7][safepoint   ] Safepoint "Cleanup", Time since last: 6159364513934 ns, Reaching safepoint: 94883 ns, At safepoint: 2722 ns, Total: 97605 ns
[2024-04-11T00:32:47.858+0000][7][safepoint   ] Safepoint "Cleanup", Time since last: 5080300376435 ns, Reaching safepoint: 130369 ns, At safepoint: 3633 ns, Total: 134002 ns
[2024-04-11T00:40:39.886+0000][7][safepoint   ] Safepoint "Cleanup", Time since last: 472028229595 ns, Reaching safepoint: 117190 ns, At safepoint: 4360 ns, Total: 121550 ns
[2024-04-11T01:38:00.090+0000][7][safepoint   ] Safepoint "Cleanup", Time since last: 3440203723361 ns, Reaching safepoint: 91178 ns, At safepoint: 6297 ns, Total: 97475 ns
[2024-04-11T04:08:04.083+0000][7][gc,start    ] GC(206) Pause Young (Normal) (G1 Evacuation Pause)
[2024-04-11T04:08:04.083+0000][7][gc,task     ] GC(206) Using 13 workers of 13 for evacuation
[2024-04-11T04:08:04.083+0000][7][gc,age      ] GC(206) Desired survivor size 41943040 bytes, new threshold 15 (max threshold 15)
[2024-04-11T04:08:04.085+0000][7][gc,age      ] GC(206) Age table with threshold 15 (max threshold 15)
[2024-04-11T04:08:04.085+0000][7][gc,age      ] GC(206) - age   1:      80192 bytes,      80192 total
[2024-04-11T04:08:04.085+0000][7][gc,age      ] GC(206) - age   2:      10392 bytes,      90584 total
[2024-04-11T04:08:04.085+0000][7][gc,age      ] GC(206) - age   3:      84512 bytes,     175096 total
[2024-04-11T04:08:04.085+0000][7][gc,age      ] GC(206) - age   4:      34760 bytes,     209856 total
[2024-04-11T04:08:04.085+0000][7][gc,age      ] GC(206) - age   6:      32424 bytes,     242280 total
[2024-04-11T04:08:04.085+0000][7][gc,age      ] GC(206) - age   7:        312 bytes,     242592 total
[2024-04-11T04:08:04.085+0000][7][gc,age      ] GC(206) - age   8:        120 bytes,     242712 total
[2024-04-11T04:08:04.085+0000][7][gc,age      ] GC(206) - age   9:         40 bytes,     242752 total
[2024-04-11T04:08:04.085+0000][7][gc,age      ] GC(206) - age  11:       1096 bytes,     243848 total
[2024-04-11T04:08:04.085+0000][7][gc,age      ] GC(206) - age  12:        192 bytes,     244040 total
[2024-04-11T04:08:04.085+0000][7][gc,phases   ] GC(206)   Pre Evacuate Collection Set: 0.2ms
[2024-04-11T04:08:04.085+0000][7][gc,phases   ] GC(206)   Merge Heap Roots: 0.1ms
[2024-04-11T04:08:04.085+0000][7][gc,phases   ] GC(206)   Evacuate Collection Set: 1.0ms
[2024-04-11T04:08:04.085+0000][7][gc,phases   ] GC(206)   Post Evacuate Collection Set: 0.6ms
[2024-04-11T04:08:04.085+0000][7][gc,phases   ] GC(206)   Other: 0.4ms
[2024-04-11T04:08:04.085+0000][7][gc,heap     ] GC(206) Eden regions: 152->0(152)
[2024-04-11T04:08:04.085+0000][7][gc,heap     ] GC(206) Survivor regions: 1->1(20)
[2024-04-11T04:08:04.085+0000][7][gc,heap     ] GC(206) Old regions: 21->21
[2024-04-11T04:08:04.085+0000][7][gc,heap     ] GC(206) Archive regions: 2->2
[2024-04-11T04:08:04.085+0000][7][gc,heap     ] GC(206) Humongous regions: 2->2
[2024-04-11T04:08:04.085+0000][7][gc,metaspace] GC(206) Metaspace: 101759K(106192K)->101759K(106192K) NonClass: 88715K(91984K)->88715K(91984K) Class: 13043K(14208K)->13043K(14208K)
[2024-04-11T04:08:04.085+0000][7][gc          ] GC(206) Pause Young (Normal) (G1 Evacuation Pause) 702M->94M(1024M) 2.377ms
[2024-04-11T04:08:04.085+0000][7][gc,cpu      ] GC(206) User=0.01s Sys=0.00s Real=0.00s
[2024-04-11T04:08:04.085+0000][7][safepoint   ] Safepoint "G1CollectForAllocation", Time since last: 9003992538483 ns, Reaching safepoint: 202732 ns, At safepoint: 2467314 ns, Total: 2670046 ns
[2024-04-11T04:52:53.245+0000][7][safepoint   ] Safepoint "Cleanup", Time since last: 2689160074707 ns, Reaching safepoint: 89340 ns, At safepoint: 3721 ns, Total: 93061 ns
[2024-04-11T11:01:00.175+0000][7][gc,start    ] GC(207) Pause Young (Normal) (G1 Evacuation Pause)
[2024-04-11T11:01:00.175+0000][7][gc,task     ] GC(207) Using 13 workers of 13 for evacuation
[2024-04-11T11:01:00.175+0000][7][gc,age      ] GC(207) Desired survivor size 41943040 bytes, new threshold 15 (max threshold 15)
[2024-04-11T11:01:00.177+0000][7][gc,age      ] GC(207) Age table with threshold 15 (max threshold 15)
[2024-04-11T11:01:00.177+0000][7][gc,age      ] GC(207) - age   1:     113216 bytes,     113216 total
[2024-04-11T11:01:00.177+0000][7][gc,age      ] GC(207) - age   2:      18136 bytes,     131352 total
[2024-04-11T11:01:00.177+0000][7][gc,age      ] GC(207) - age   3:       1168 bytes,     132520 total
[2024-04-11T11:01:00.177+0000][7][gc,age      ] GC(207) - age   4:      52008 bytes,     184528 total
[2024-04-11T11:01:00.177+0000][7][gc,age      ] GC(207) - age   5:      34384 bytes,     218912 total
[2024-04-11T11:01:00.177+0000][7][gc,age      ] GC(207) - age   7:      16232 bytes,     235144 total
[2024-04-11T11:01:00.177+0000][7][gc,age      ] GC(207) - age   8:        312 bytes,     235456 total
[2024-04-11T11:01:00.177+0000][7][gc,age      ] GC(207) - age   9:        120 bytes,     235576 total
[2024-04-11T11:01:00.177+0000][7][gc,age      ] GC(207) - age  10:         40 bytes,     235616 total
[2024-04-11T11:01:00.177+0000][7][gc,age      ] GC(207) - age  12:       1056 bytes,     236672 total
[2024-04-11T11:01:00.177+0000][7][gc,age      ] GC(207) - age  13:        192 bytes,     236864 total
[2024-04-11T11:01:00.177+0000][7][gc,phases   ] GC(207)   Pre Evacuate Collection Set: 0.1ms
[2024-04-11T11:01:00.177+0000][7][gc,phases   ] GC(207)   Merge Heap Roots: 0.1ms
[2024-04-11T11:01:00.177+0000][7][gc,phases   ] GC(207)   Evacuate Collection Set: 0.7ms
[2024-04-11T11:01:00.177+0000][7][gc,phases   ] GC(207)   Post Evacuate Collection Set: 0.5ms
[2024-04-11T11:01:00.177+0000][7][gc,phases   ] GC(207)   Other: 0.4ms
[2024-04-11T11:01:00.177+0000][7][gc,heap     ] GC(207) Eden regions: 152->0(152)
[2024-04-11T11:01:00.177+0000][7][gc,heap     ] GC(207) Survivor regions: 1->1(20)
[2024-04-11T11:01:00.177+0000][7][gc,heap     ] GC(207) Old regions: 21->21
[2024-04-11T11:01:00.177+0000][7][gc,heap     ] GC(207) Archive regions: 2->2
[2024-04-11T11:01:00.177+0000][7][gc,heap     ] GC(207) Humongous regions: 2->2
[2024-04-11T11:01:00.177+0000][7][gc,metaspace] GC(207) Metaspace: 101761K(106192K)->101761K(106192K) NonClass: 88717K(91984K)->88717K(91984K) Class: 13043K(14208K)->13043K(14208K)
[2024-04-11T11:01:00.177+0000][7][gc          ] GC(207) Pause Young (Normal) (G1 Evacuation Pause) 702M->94M(1024M) 2.032ms
[2024-04-11T11:01:00.177+0000][7][gc,cpu      ] GC(207) User=0.00s Sys=0.00s Real=0.01s
[2024-04-11T11:01:00.177+0000][7][safepoint   ] Safepoint "G1CollectForAllocation", Time since last: 22086929709723 ns, Reaching safepoint: 84459 ns, At safepoint: 2128442 ns, Total: 2212901 ns
[2024-04-11T13:39:36.817+0000][7][safepoint   ] Safepoint "Cleanup", Time since last: 9516639618657 ns, Reaching safepoint: 94440 ns, At safepoint: 3534 ns, Total: 97974 ns
[2024-04-11T13:59:00.886+0000][7][safepoint   ] Safepoint "Cleanup", Time since last: 1164068728764 ns, Reaching safepoint: 89682 ns, At safepoint: 3761 ns, Total: 93443 ns
[2024-04-11T17:42:52.000+0000][7][gc,start    ] GC(208) Pause Young (Normal) (G1 Evacuation Pause)
[2024-04-11T17:42:52.000+0000][7][gc,task     ] GC(208) Using 13 workers of 13 for evacuation
[2024-04-11T17:42:52.000+0000][7][gc,age      ] GC(208) Desired survivor size 41943040 bytes, new threshold 15 (max threshold 15)
[2024-04-11T17:42:52.002+0000][7][gc,age      ] GC(208) Age table with threshold 15 (max threshold 15)
[2024-04-11T17:42:52.002+0000][7][gc,age      ] GC(208) - age   1:     500216 bytes,     500216 total
[2024-04-11T17:42:52.002+0000][7][gc,age      ] GC(208) - age   2:      84336 bytes,     584552 total
[2024-04-11T17:42:52.002+0000][7][gc,age      ] GC(208) - age   3:      17696 bytes,     602248 total
[2024-04-11T17:42:52.002+0000][7][gc,age      ] GC(208) - age   4:        136 bytes,     602384 total
[2024-04-11T17:42:52.002+0000][7][gc,age      ] GC(208) - age   5:      35056 bytes,     637440 total
[2024-04-11T17:42:52.002+0000][7][gc,age      ] GC(208) - age   6:      34384 bytes,     671824 total
[2024-04-11T17:42:52.002+0000][7][gc,age      ] GC(208) - age   8:      16192 bytes,     688016 total
[2024-04-11T17:42:52.002+0000][7][gc,age      ] GC(208) - age   9:        312 bytes,     688328 total
[2024-04-11T17:42:52.002+0000][7][gc,age      ] GC(208) - age  10:        120 bytes,     688448 total
[2024-04-11T17:42:52.002+0000][7][gc,age      ] GC(208) - age  11:         40 bytes,     688488 total
[2024-04-11T17:42:52.002+0000][7][gc,age      ] GC(208) - age  13:       1056 bytes,     689544 total
[2024-04-11T17:42:52.002+0000][7][gc,age      ] GC(208) - age  14:        192 bytes,     689736 total
[2024-04-11T17:42:52.002+0000][7][gc,phases   ] GC(208)   Pre Evacuate Collection Set: 0.2ms
[2024-04-11T17:42:52.002+0000][7][gc,phases   ] GC(208)   Merge Heap Roots: 0.1ms
[2024-04-11T17:42:52.002+0000][7][gc,phases   ] GC(208)   Evacuate Collection Set: 1.1ms
[2024-04-11T17:42:52.002+0000][7][gc,phases   ] GC(208)   Post Evacuate Collection Set: 0.6ms
[2024-04-11T17:42:52.002+0000][7][gc,phases   ] GC(208)   Other: 0.4ms
[2024-04-11T17:42:52.002+0000][7][gc,heap     ] GC(208) Eden regions: 152->0(152)
[2024-04-11T17:42:52.002+0000][7][gc,heap     ] GC(208) Survivor regions: 1->1(20)
[2024-04-11T17:42:52.002+0000][7][gc,heap     ] GC(208) Old regions: 21->21
[2024-04-11T17:42:52.002+0000][7][gc,heap     ] GC(208) Archive regions: 2->2
[2024-04-11T17:42:52.002+0000][7][gc,heap     ] GC(208) Humongous regions: 2->2
[2024-04-11T17:42:52.002+0000][7][gc,metaspace] GC(208) Metaspace: 101761K(106192K)->101761K(106192K) NonClass: 88718K(91984K)->88718K(91984K) Class: 13043K(14208K)->13043K(14208K)
[2024-04-11T17:42:52.002+0000][7][gc          ] GC(208) Pause Young (Normal) (G1 Evacuation Pause) 702M->94M(1024M) 2.426ms
[2024-04-11T17:42:52.002+0000][7][gc,cpu      ] GC(208) User=0.00s Sys=0.00s Real=0.00s
[2024-04-11T17:42:52.002+0000][7][safepoint   ] Safepoint "G1CollectForAllocation", Time since last: 13431113841776 ns, Reaching safepoint: 119777 ns, At safepoint: 2517594 ns, Total: 2637371 ns
[2024-04-11T17:57:00.053+0000][7][safepoint   ] Safepoint "Cleanup", Time since last: 848050694292 ns, Reaching safepoint: 116069 ns, At safepoint: 3978 ns, Total: 120047 ns
[2024-04-12T00:30:45.915+0000][7][gc,start    ] GC(209) Pause Young (Normal) (G1 Evacuation Pause)
[2024-04-12T00:30:45.915+0000][7][gc,task     ] GC(209) Using 13 workers of 13 for evacuation
[2024-04-12T00:30:45.915+0000][7][gc,age      ] GC(209) Desired survivor size 41943040 bytes, new threshold 15 (max threshold 15)
[2024-04-12T00:30:45.917+0000][7][gc,age      ] GC(209) Age table with threshold 15 (max threshold 15)
[2024-04-12T00:30:45.917+0000][7][gc,age      ] GC(209) - age   1:      14208 bytes,      14208 total
[2024-04-12T00:30:45.917+0000][7][gc,age      ] GC(209) - age   2:      87056 bytes,     101264 total
[2024-04-12T00:30:45.917+0000][7][gc,age      ] GC(209) - age   3:       2392 bytes,     103656 total
[2024-04-12T00:30:45.917+0000][7][gc,age      ] GC(209) - age   4:      17048 bytes,     120704 total
[2024-04-12T00:30:45.917+0000][7][gc,age      ] GC(209) - age   5:        136 bytes,     120840 total
[2024-04-12T00:30:45.917+0000][7][gc,age      ] GC(209) - age   6:      34992 bytes,     155832 total
[2024-04-12T00:30:45.917+0000][7][gc,age      ] GC(209) - age   7:      34344 bytes,     190176 total
[2024-04-12T00:30:45.917+0000][7][gc,age      ] GC(209) - age   9:      16192 bytes,     206368 total
[2024-04-12T00:30:45.917+0000][7][gc,age      ] GC(209) - age  11:        120 bytes,     206488 total
[2024-04-12T00:30:45.917+0000][7][gc,age      ] GC(209) - age  14:       1056 bytes,     207544 total
[2024-04-12T00:30:45.917+0000][7][gc,age      ] GC(209) - age  15:        192 bytes,     207736 total
[2024-04-12T00:30:45.917+0000][7][gc,phases   ] GC(209)   Pre Evacuate Collection Set: 0.1ms
[2024-04-12T00:30:45.917+0000][7][gc,phases   ] GC(209)   Merge Heap Roots: 0.1ms
[2024-04-12T00:30:45.917+0000][7][gc,phases   ] GC(209)   Evacuate Collection Set: 0.9ms
[2024-04-12T00:30:45.917+0000][7][gc,phases   ] GC(209)   Post Evacuate Collection Set: 0.6ms
[2024-04-12T00:30:45.917+0000][7][gc,phases   ] GC(209)   Other: 0.4ms
[2024-04-12T00:30:45.917+0000][7][gc,heap     ] GC(209) Eden regions: 152->0(152)
[2024-04-12T00:30:45.917+0000][7][gc,heap     ] GC(209) Survivor regions: 1->1(20)
[2024-04-12T00:30:45.917+0000][7][gc,heap     ] GC(209) Old regions: 21->21
[2024-04-12T00:30:45.917+0000][7][gc,heap     ] GC(209) Archive regions: 2->2
[2024-04-12T00:30:45.917+0000][7][gc,heap     ] GC(209) Humongous regions: 2->2
[2024-04-12T00:30:45.917+0000][7][gc,metaspace] GC(209) Metaspace: 101761K(106192K)->101761K(106192K) NonClass: 88718K(91984K)->88718K(91984K) Class: 13043K(14208K)->13043K(14208K)
[2024-04-12T00:30:45.917+0000][7][gc          ] GC(209) Pause Young (Normal) (G1 Evacuation Pause) 702M->94M(1024M) 2.250ms
[2024-04-12T00:30:45.917+0000][7][gc,cpu      ] GC(209) User=0.00s Sys=0.00s Real=0.01s
[2024-04-12T00:30:45.917+0000][7][safepoint   ] Safepoint "G1CollectForAllocation", Time since last: 23625861871794 ns, Reaching safepoint: 92622 ns, At safepoint: 2342296 ns, Total: 2434918 ns
[2024-04-12T00:34:09.929+0000][7][safepoint   ] Safepoint "Cleanup", Time since last: 204011877468 ns, Reaching safepoint: 126453 ns, At safepoint: 4560 ns, Total: 131013 ns
[2024-04-12T00:34:10.930+0000][7][safepoint   ] Safepoint "Cleanup", Time since last: 1000158547 ns, Reaching safepoint: 113521 ns, At safepoint: 4200 ns, Total: 117721 ns
[2024-04-12T02:09:42.268+0000][7][safepoint   ] Safepoint "Cleanup", Time since last: 5731338106045 ns, Reaching safepoint: 114745 ns, At safepoint: 4261 ns, Total: 119006 ns
[2024-04-12T05:56:24.091+0000][7][safepoint   ] Safepoint "Cleanup", Time since last: 13601823300716 ns, Reaching safepoint: 123593 ns, At safepoint: 3346 ns, Total: 126939 ns
[2024-04-12T07:19:36.483+0000][7][gc,start    ] GC(210) Pause Young (Normal) (G1 Evacuation Pause)
[2024-04-12T07:19:36.484+0000][7][gc,task     ] GC(210) Using 13 workers of 13 for evacuation
[2024-04-12T07:19:36.484+0000][7][gc,age      ] GC(210) Desired survivor size 41943040 bytes, new threshold 15 (max threshold 15)
[2024-04-12T07:19:36.485+0000][7][gc,age      ] GC(210) Age table with threshold 15 (max threshold 15)
[2024-04-12T07:19:36.485+0000][7][gc,age      ] GC(210) - age   1:     285696 bytes,     285696 total
[2024-04-12T07:19:36.485+0000][7][gc,age      ] GC(210) - age   2:       1912 bytes,     287608 total
[2024-04-12T07:19:36.485+0000][7][gc,age      ] GC(210) - age   3:      83296 bytes,     370904 total
[2024-04-12T07:19:36.485+0000][7][gc,age      ] GC(210) - age   4:       2112 bytes,     373016 total
[2024-04-12T07:19:36.485+0000][7][gc,age      ] GC(210) - age   5:      16232 bytes,     389248 total
[2024-04-12T07:19:36.485+0000][7][gc,age      ] GC(210) - age   6:        136 bytes,     389384 total
[2024-04-12T07:19:36.485+0000][7][gc,age      ] GC(210) - age   7:      34888 bytes,     424272 total
[2024-04-12T07:19:36.485+0000][7][gc,age      ] GC(210) - age   8:      34344 bytes,     458616 total
[2024-04-12T07:19:36.485+0000][7][gc,age      ] GC(210) - age  10:      16192 bytes,     474808 total
[2024-04-12T07:19:36.485+0000][7][gc,age      ] GC(210) - age  12:        120 bytes,     474928 total
[2024-04-12T07:19:36.485+0000][7][gc,age      ] GC(210) - age  15:       1056 bytes,     475984 total
[2024-04-12T07:19:36.485+0000][7][gc,phases   ] GC(210)   Pre Evacuate Collection Set: 0.2ms
[2024-04-12T07:19:36.485+0000][7][gc,phases   ] GC(210)   Merge Heap Roots: 0.1ms
[2024-04-12T07:19:36.485+0000][7][gc,phases   ] GC(210)   Evacuate Collection Set: 0.5ms
[2024-04-12T07:19:36.485+0000][7][gc,phases   ] GC(210)   Post Evacuate Collection Set: 0.6ms
[2024-04-12T07:19:36.485+0000][7][gc,phases   ] GC(210)   Other: 0.4ms
[2024-04-12T07:19:36.485+0000][7][gc,heap     ] GC(210) Eden regions: 152->0(152)
[2024-04-12T07:19:36.485+0000][7][gc,heap     ] GC(210) Survivor regions: 1->1(20)
[2024-04-12T07:19:36.485+0000][7][gc,heap     ] GC(210) Old regions: 21->21
[2024-04-12T07:19:36.485+0000][7][gc,heap     ] GC(210) Archive regions: 2->2
[2024-04-12T07:19:36.485+0000][7][gc,heap     ] GC(210) Humongous regions: 2->2
[2024-04-12T07:19:36.485+0000][7][gc,metaspace] GC(210) Metaspace: 101765K(106192K)->101765K(106192K) NonClass: 88721K(91984K)->88721K(91984K) Class: 13044K(14208K)->13044K(14208K)
[2024-04-12T07:19:36.485+0000][7][gc          ] GC(210) Pause Young (Normal) (G1 Evacuation Pause) 702M->94M(1024M) 1.905ms
[2024-04-12T07:19:36.485+0000][7][gc,cpu      ] GC(210) User=0.00s Sys=0.00s Real=0.00s
[2024-04-12T07:19:36.485+0000][7][safepoint   ] Safepoint "G1CollectForAllocation", Time since last: 4992392016693 ns, Reaching safepoint: 89634 ns, At safepoint: 1995701 ns, Total: 2085335 ns
[2024-04-12T09:09:14.890+0000][7][safepoint   ] Safepoint "Cleanup", Time since last: 6578404110025 ns, Reaching safepoint: 134185 ns, At safepoint: 3998 ns, Total: 138183 ns
[2024-04-12T12:36:40.634+0000][7][safepoint   ] Safepoint "Cleanup", Time since last: 12445744166846 ns, Reaching safepoint: 91044 ns, At safepoint: 8875 ns, Total: 99919 ns
[2024-04-12T12:36:41.634+0000][7][safepoint   ] Safepoint "Cleanup", Time since last: 1000149808 ns, Reaching safepoint: 121162 ns, At safepoint: 5644 ns, Total: 126806 ns
[2024-04-12T14:12:48.803+0000][7][gc,start    ] GC(211) Pause Young (Normal) (G1 Evacuation Pause)
[2024-04-12T14:12:48.803+0000][7][gc,task     ] GC(211) Using 13 workers of 13 for evacuation
[2024-04-12T14:12:48.803+0000][7][gc,age      ] GC(211) Desired survivor size 41943040 bytes, new threshold 15 (max threshold 15)
[2024-04-12T14:12:48.805+0000][7][gc,age      ] GC(211) Age table with threshold 15 (max threshold 15)
[2024-04-12T14:12:48.805+0000][7][gc,age      ] GC(211) - age   1:     110744 bytes,     110744 total
[2024-04-12T14:12:48.805+0000][7][gc,age      ] GC(211) - age   2:      60768 bytes,     171512 total
[2024-04-12T14:12:48.805+0000][7][gc,age      ] GC(211) - age   3:       1560 bytes,     173072 total
[2024-04-12T14:12:48.805+0000][7][gc,age      ] GC(211) - age   4:      42048 bytes,     215120 total
[2024-04-12T14:12:48.805+0000][7][gc,age      ] GC(211) - age   5:       1816 bytes,     216936 total
[2024-04-12T14:12:48.805+0000][7][gc,age      ] GC(211) - age   6:      16232 bytes,     233168 total
[2024-04-12T14:12:48.805+0000][7][gc,age      ] GC(211) - age   7:        136 bytes,     233304 total
[2024-04-12T14:12:48.805+0000][7][gc,age      ] GC(211) - age   8:      34888 bytes,     268192 total
[2024-04-12T14:12:48.805+0000][7][gc,age      ] GC(211) - age   9:      34344 bytes,     302536 total
[2024-04-12T14:12:48.805+0000][7][gc,age      ] GC(211) - age  11:      16192 bytes,     318728 total
[2024-04-12T14:12:48.805+0000][7][gc,age      ] GC(211) - age  13:        120 bytes,     318848 total
[2024-04-12T14:12:48.805+0000][7][gc,phases   ] GC(211)   Pre Evacuate Collection Set: 0.2ms
[2024-04-12T14:12:48.805+0000][7][gc,phases   ] GC(211)   Merge Heap Roots: 0.1ms
[2024-04-12T14:12:48.805+0000][7][gc,phases   ] GC(211)   Evacuate Collection Set: 0.9ms
[2024-04-12T14:12:48.805+0000][7][gc,phases   ] GC(211)   Post Evacuate Collection Set: 0.6ms
[2024-04-12T14:12:48.805+0000][7][gc,phases   ] GC(211)   Other: 0.5ms
[2024-04-12T14:12:48.805+0000][7][gc,heap     ] GC(211) Eden regions: 152->0(152)
[2024-04-12T14:12:48.805+0000][7][gc,heap     ] GC(211) Survivor regions: 1->1(20)
[2024-04-12T14:12:48.805+0000][7][gc,heap     ] GC(211) Old regions: 21->21
[2024-04-12T14:12:48.805+0000][7][gc,heap     ] GC(211) Archive regions: 2->2
[2024-04-12T14:12:48.805+0000][7][gc,heap     ] GC(211) Humongous regions: 2->2
[2024-04-12T14:12:48.805+0000][7][gc,metaspace] GC(211) Metaspace: 101765K(106192K)->101765K(106192K) NonClass: 88721K(91984K)->88721K(91984K) Class: 13044K(14208K)->13044K(14208K)
[2024-04-12T14:12:48.805+0000][7][gc          ] GC(211) Pause Young (Normal) (G1 Evacuation Pause) 702M->94M(1024M) 2.375ms
[2024-04-12T14:12:48.805+0000][7][gc,cpu      ] GC(211) User=0.00s Sys=0.00s Real=0.00s
[2024-04-12T14:12:48.805+0000][7][safepoint   ] Safepoint "G1CollectForAllocation", Time since last: 5767168522953 ns, Reaching safepoint: 126370 ns, At safepoint: 2467500 ns, Total: 2593870 ns
[2024-04-12T21:03:37.914+0000][7][gc,start    ] GC(212) Pause Young (Normal) (G1 Evacuation Pause)
[2024-04-12T21:03:37.914+0000][7][gc,task     ] GC(212) Using 13 workers of 13 for evacuation
[2024-04-12T21:03:37.914+0000][7][gc,age      ] GC(212) Desired survivor size 41943040 bytes, new threshold 15 (max threshold 15)
[2024-04-12T21:03:37.916+0000][7][gc,age      ] GC(212) Age table with threshold 15 (max threshold 15)
[2024-04-12T21:03:37.916+0000][7][gc,age      ] GC(212) - age   1:      95768 bytes,      95768 total
[2024-04-12T21:03:37.916+0000][7][gc,age      ] GC(212) - age   2:       9496 bytes,     105264 total
[2024-04-12T21:03:37.916+0000][7][gc,age      ] GC(212) - age   3:      10856 bytes,     116120 total
[2024-04-12T21:03:37.916+0000][7][gc,age      ] GC(212) - age   4:       1560 bytes,     117680 total
[2024-04-12T21:03:37.916+0000][7][gc,age      ] GC(212) - age   5:      33496 bytes,     151176 total
[2024-04-12T21:03:37.916+0000][7][gc,age      ] GC(212) - age   6:       1816 bytes,     152992 total
[2024-04-12T21:03:37.916+0000][7][gc,age      ] GC(212) - age   7:         80 bytes,     153072 total
[2024-04-12T21:03:37.916+0000][7][gc,age      ] GC(212) - age   8:        136 bytes,     153208 total
[2024-04-12T21:03:37.916+0000][7][gc,age      ] GC(212) - age   9:      26456 bytes,     179664 total
[2024-04-12T21:03:37.916+0000][7][gc,age      ] GC(212) - age  10:      18192 bytes,     197856 total
[2024-04-12T21:03:37.916+0000][7][gc,age      ] GC(212) - age  12:         40 bytes,     197896 total
[2024-04-12T21:03:37.916+0000][7][gc,age      ] GC(212) - age  14:        120 bytes,     198016 total
[2024-04-12T21:03:37.916+0000][7][gc,phases   ] GC(212)   Pre Evacuate Collection Set: 0.2ms
[2024-04-12T21:03:37.916+0000][7][gc,phases   ] GC(212)   Merge Heap Roots: 0.1ms
[2024-04-12T21:03:37.916+0000][7][gc,phases   ] GC(212)   Evacuate Collection Set: 0.6ms
[2024-04-12T21:03:37.916+0000][7][gc,phases   ] GC(212)   Post Evacuate Collection Set: 0.5ms
[2024-04-12T21:03:37.916+0000][7][gc,phases   ] GC(212)   Other: 0.4ms
[2024-04-12T21:03:37.916+0000][7][gc,heap     ] GC(212) Eden regions: 152->0(152)
[2024-04-12T21:03:37.916+0000][7][gc,heap     ] GC(212) Survivor regions: 1->1(20)
[2024-04-12T21:03:37.916+0000][7][gc,heap     ] GC(212) Old regions: 21->21
[2024-04-12T21:03:37.916+0000][7][gc,heap     ] GC(212) Archive regions: 2->2
[2024-04-12T21:03:37.916+0000][7][gc,heap     ] GC(212) Humongous regions: 2->2
[2024-04-12T21:03:37.916+0000][7][gc,metaspace] GC(212) Metaspace: 101765K(106192K)->101765K(106192K) NonClass: 88721K(91984K)->88721K(91984K) Class: 13044K(14208K)->13044K(14208K)
[2024-04-12T21:03:37.916+0000][7][gc          ] GC(212) Pause Young (Normal) (G1 Evacuation Pause) 702M->94M(1024M) 1.919ms
[2024-04-12T21:03:37.916+0000][7][gc,cpu      ] GC(212) User=0.01s Sys=0.00s Real=0.00s
[2024-04-12T21:03:37.916+0000][7][safepoint   ] Safepoint "G1CollectForAllocation", Time since last: 24649108806385 ns, Reaching safepoint: 119876 ns, At safepoint: 2012451 ns, Total: 2132327 ns
[2024-04-13T01:38:00.895+0000][7][safepoint   ] Safepoint "Cleanup", Time since last: 16462978329900 ns, Reaching safepoint: 89216 ns, At safepoint: 6140 ns, Total: 95356 ns
[2024-04-13T02:01:34.980+0000][7][safepoint   ] Safepoint "Cleanup", Time since last: 1414084681375 ns, Reaching safepoint: 112435 ns, At safepoint: 3820 ns, Total: 116255 ns
[2024-04-13T02:14:55.027+0000][7][safepoint   ] Safepoint "Cleanup", Time since last: 800047753601 ns, Reaching safepoint: 87919 ns, At safepoint: 3069 ns, Total: 90988 ns
[2024-04-13T03:52:39.048+0000][7][gc,start    ] GC(213) Pause Young (Normal) (G1 Evacuation Pause)
[2024-04-13T03:52:39.048+0000][7][gc,task     ] GC(213) Using 13 workers of 13 for evacuation
[2024-04-13T03:52:39.048+0000][7][gc,age      ] GC(213) Desired survivor size 41943040 bytes, new threshold 15 (max threshold 15)
[2024-04-13T03:52:39.051+0000][7][gc,age      ] GC(213) Age table with threshold 15 (max threshold 15)
[2024-04-13T03:52:39.051+0000][7][gc,age      ] GC(213) - age   1:     268952 bytes,     268952 total
[2024-04-13T03:52:39.051+0000][7][gc,age      ] GC(213) - age   2:      33952 bytes,     302904 total
[2024-04-13T03:52:39.051+0000][7][gc,age      ] GC(213) - age   3:       8944 bytes,     311848 total
[2024-04-13T03:52:39.051+0000][7][gc,age      ] GC(213) - age   4:        768 bytes,     312616 total
[2024-04-13T03:52:39.051+0000][7][gc,age      ] GC(213) - age   5:         40 bytes,     312656 total
[2024-04-13T03:52:39.051+0000][7][gc,age      ] GC(213) - age   6:      17224 bytes,     329880 total
[2024-04-13T03:52:39.051+0000][7][gc,age      ] GC(213) - age   7:       1776 bytes,     331656 total
[2024-04-13T03:52:39.051+0000][7][gc,age      ] GC(213) - age   9:        136 bytes,     331792 total
[2024-04-13T03:52:39.051+0000][7][gc,age      ] GC(213) - age  10:      26456 bytes,     358248 total
[2024-04-13T03:52:39.051+0000][7][gc,age      ] GC(213) - age  11:      18152 bytes,     376400 total
[2024-04-13T03:52:39.051+0000][7][gc,phases   ] GC(213)   Pre Evacuate Collection Set: 0.1ms
[2024-04-13T03:52:39.051+0000][7][gc,phases   ] GC(213)   Merge Heap Roots: 0.1ms
[2024-04-13T03:52:39.051+0000][7][gc,phases   ] GC(213)   Evacuate Collection Set: 1.2ms
[2024-04-13T03:52:39.051+0000][7][gc,phases   ] GC(213)   Post Evacuate Collection Set: 0.6ms
[2024-04-13T03:52:39.051+0000][7][gc,phases   ] GC(213)   Other: 0.5ms
[2024-04-13T03:52:39.051+0000][7][gc,heap     ] GC(213) Eden regions: 152->0(152)
[2024-04-13T03:52:39.051+0000][7][gc,heap     ] GC(213) Survivor regions: 1->1(20)
[2024-04-13T03:52:39.051+0000][7][gc,heap     ] GC(213) Old regions: 21->21
[2024-04-13T03:52:39.051+0000][7][gc,heap     ] GC(213) Archive regions: 2->2
[2024-04-13T03:52:39.051+0000][7][gc,heap     ] GC(213) Humongous regions: 2->2
[2024-04-13T03:52:39.051+0000][7][gc,metaspace] GC(213) Metaspace: 101775K(106192K)->101775K(106192K) NonClass: 88730K(91984K)->88730K(91984K) Class: 13044K(14208K)->13044K(14208K)
[2024-04-13T03:52:39.051+0000][7][gc          ] GC(213) Pause Young (Normal) (G1 Evacuation Pause) 702M->94M(1024M) 2.670ms
[2024-04-13T03:52:39.051+0000][7][gc,cpu      ] GC(213) User=0.00s Sys=0.01s Real=0.00s
[2024-04-13T03:52:39.051+0000][7][safepoint   ] Safepoint "G1CollectForAllocation", Time since last: 5864020719682 ns, Reaching safepoint: 93553 ns, At safepoint: 2762680 ns, Total: 2856233 ns
[2024-04-13T10:44:23.827+0000][7][gc,start    ] GC(214) Pause Young (Normal) (G1 Evacuation Pause)
[2024-04-13T10:44:23.827+0000][7][gc,task     ] GC(214) Using 13 workers of 13 for evacuation
[2024-04-13T10:44:23.828+0000][7][gc,age      ] GC(214) Desired survivor size 41943040 bytes, new threshold 15 (max threshold 15)
[2024-04-13T10:44:23.829+0000][7][gc,age      ] GC(214) Age table with threshold 15 (max threshold 15)
[2024-04-13T10:44:23.830+0000][7][gc,age      ] GC(214) - age   1:      48184 bytes,      48184 total
[2024-04-13T10:44:23.830+0000][7][gc,age      ] GC(214) - age   2:     126488 bytes,     174672 total
[2024-04-13T10:44:23.830+0000][7][gc,age      ] GC(214) - age   3:      33640 bytes,     208312 total
[2024-04-13T10:44:23.830+0000][7][gc,age      ] GC(214) - age   4:       8944 bytes,     217256 total
[2024-04-13T10:44:23.830+0000][7][gc,age      ] GC(214) - age   5:        624 bytes,     217880 total
[2024-04-13T10:44:23.830+0000][7][gc,age      ] GC(214) - age   7:      16832 bytes,     234712 total
[2024-04-13T10:44:23.830+0000][7][gc,age      ] GC(214) - age   8:       1776 bytes,     236488 total
[2024-04-13T10:44:23.830+0000][7][gc,age      ] GC(214) - age  10:        136 bytes,     236624 total
[2024-04-13T10:44:23.830+0000][7][gc,age      ] GC(214) - age  11:      26456 bytes,     263080 total
[2024-04-13T10:44:23.830+0000][7][gc,age      ] GC(214) - age  12:      18152 bytes,     281232 total
[2024-04-13T10:44:23.830+0000][7][gc,phases   ] GC(214)   Pre Evacuate Collection Set: 0.2ms
[2024-04-13T10:44:23.830+0000][7][gc,phases   ] GC(214)   Merge Heap Roots: 0.1ms
[2024-04-13T10:44:23.830+0000][7][gc,phases   ] GC(214)   Evacuate Collection Set: 1.0ms
[2024-04-13T10:44:23.830+0000][7][gc,phases   ] GC(214)   Post Evacuate Collection Set: 0.5ms
[2024-04-13T10:44:23.830+0000][7][gc,phases   ] GC(214)   Other: 0.5ms
[2024-04-13T10:44:23.830+0000][7][gc,heap     ] GC(214) Eden regions: 152->0(152)
[2024-04-13T10:44:23.830+0000][7][gc,heap     ] GC(214) Survivor regions: 1->1(20)
[2024-04-13T10:44:23.830+0000][7][gc,heap     ] GC(214) Old regions: 21->21
[2024-04-13T10:44:23.830+0000][7][gc,heap     ] GC(214) Archive regions: 2->2
[2024-04-13T10:44:23.830+0000][7][gc,heap     ] GC(214) Humongous regions: 2->2
[2024-04-13T10:44:23.830+0000][7][gc,metaspace] GC(214) Metaspace: 101775K(106192K)->101775K(106192K) NonClass: 88730K(91984K)->88730K(91984K) Class: 13044K(14208K)->13044K(14208K)
[2024-04-13T10:44:23.830+0000][7][gc          ] GC(214) Pause Young (Normal) (G1 Evacuation Pause) 702M->94M(1024M) 2.490ms
[2024-04-13T10:44:23.830+0000][7][gc,cpu      ] GC(214) User=0.00s Sys=0.00s Real=0.00s
[2024-04-13T10:44:23.830+0000][7][safepoint   ] Safepoint "G1CollectForAllocation", Time since last: 24704776244266 ns, Reaching safepoint: 114661 ns, At safepoint: 2582204 ns, Total: 2696865 ns
[2024-04-13T17:37:17.945+0000][7][gc,start    ] GC(215) Pause Young (Normal) (G1 Evacuation Pause)
[2024-04-13T17:37:17.945+0000][7][gc,task     ] GC(215) Using 13 workers of 13 for evacuation
[2024-04-13T17:37:17.945+0000][7][gc,age      ] GC(215) Desired survivor size 41943040 bytes, new threshold 15 (max threshold 15)
[2024-04-13T17:37:17.946+0000][7][gc,age      ] GC(215) Age table with threshold 15 (max threshold 15)
[2024-04-13T17:37:17.946+0000][7][gc,age      ] GC(215) - age   1:      54864 bytes,      54864 total
[2024-04-13T17:37:17.946+0000][7][gc,age      ] GC(215) - age   2:       1120 bytes,      55984 total
[2024-04-13T17:37:17.946+0000][7][gc,age      ] GC(215) - age   3:      99640 bytes,     155624 total
[2024-04-13T17:37:17.946+0000][7][gc,age      ] GC(215) - age   4:      33344 bytes,     188968 total
[2024-04-13T17:37:17.946+0000][7][gc,age      ] GC(215) - age   5:       8784 bytes,     197752 total
[2024-04-13T17:37:17.946+0000][7][gc,age      ] GC(215) - age   6:        584 bytes,     198336 total
[2024-04-13T17:37:17.946+0000][7][gc,age      ] GC(215) - age   8:      16792 bytes,     215128 total
[2024-04-13T17:37:17.946+0000][7][gc,age      ] GC(215) - age   9:       1776 bytes,     216904 total
[2024-04-13T17:37:17.946+0000][7][gc,age      ] GC(215) - age  11:        136 bytes,     217040 total
[2024-04-13T17:37:17.946+0000][7][gc,age      ] GC(215) - age  12:      18024 bytes,     235064 total
[2024-04-13T17:37:17.946+0000][7][gc,age      ] GC(215) - age  13:       2000 bytes,     237064 total
[2024-04-13T17:37:17.946+0000][7][gc,phases   ] GC(215)   Pre Evacuate Collection Set: 0.1ms
[2024-04-13T17:37:17.947+0000][7][gc,phases   ] GC(215)   Merge Heap Roots: 0.1ms
[2024-04-13T17:37:17.947+0000][7][gc,phases   ] GC(215)   Evacuate Collection Set: 0.5ms
[2024-04-13T17:37:17.947+0000][7][gc,phases   ] GC(215)   Post Evacuate Collection Set: 0.6ms
[2024-04-13T17:37:17.947+0000][7][gc,phases   ] GC(215)   Other: 0.4ms
[2024-04-13T17:37:17.947+0000][7][gc,heap     ] GC(215) Eden regions: 152->0(152)
[2024-04-13T17:37:17.947+0000][7][gc,heap     ] GC(215) Survivor regions: 1->1(20)
[2024-04-13T17:37:17.947+0000][7][gc,heap     ] GC(215) Old regions: 21->21
[2024-04-13T17:37:17.947+0000][7][gc,heap     ] GC(215) Archive regions: 2->2
[2024-04-13T17:37:17.947+0000][7][gc,heap     ] GC(215) Humongous regions: 2->2
[2024-04-13T17:37:17.947+0000][7][gc,metaspace] GC(215) Metaspace: 101775K(106192K)->101775K(106192K) NonClass: 88730K(91984K)->88730K(91984K) Class: 13044K(14208K)->13044K(14208K)
[2024-04-13T17:37:17.947+0000][7][gc          ] GC(215) Pause Young (Normal) (G1 Evacuation Pause) 702M->94M(1024M) 1.914ms
[2024-04-13T17:37:17.947+0000][7][gc,cpu      ] GC(215) User=0.00s Sys=0.00s Real=0.01s
[2024-04-13T17:37:17.947+0000][7][safepoint   ] Safepoint "G1CollectForAllocation", Time since last: 24774114651575 ns, Reaching safepoint: 180676 ns, At safepoint: 2005576 ns, Total: 2186252 ns
[2024-04-14T00:29:54.463+0000][7][gc,start    ] GC(216) Pause Young (Normal) (G1 Evacuation Pause)
[2024-04-14T00:29:54.463+0000][7][gc,task     ] GC(216) Using 13 workers of 13 for evacuation
[2024-04-14T00:29:54.463+0000][7][gc,age      ] GC(216) Desired survivor size 41943040 bytes, new threshold 15 (max threshold 15)
[2024-04-14T00:29:54.464+0000][7][gc,age      ] GC(216) Age table with threshold 15 (max threshold 15)
[2024-04-14T00:29:54.464+0000][7][gc,age      ] GC(216) - age   1:      58312 bytes,      58312 total
[2024-04-14T00:29:54.464+0000][7][gc,age      ] GC(216) - age   2:      17528 bytes,      75840 total
[2024-04-14T00:29:54.464+0000][7][gc,age      ] GC(216) - age   3:        416 bytes,      76256 total
[2024-04-14T00:29:54.464+0000][7][gc,age      ] GC(216) - age   4:      83056 bytes,     159312 total
[2024-04-14T00:29:54.465+0000][7][gc,age      ] GC(216) - age   5:      17152 bytes,     176464 total
[2024-04-14T00:29:54.465+0000][7][gc,age      ] GC(216) - age   6:       8784 bytes,     185248 total
[2024-04-14T00:29:54.465+0000][7][gc,age      ] GC(216) - age   7:        584 bytes,     185832 total
[2024-04-14T00:29:54.465+0000][7][gc,age      ] GC(216) - age   9:      16792 bytes,     202624 total
[2024-04-14T00:29:54.465+0000][7][gc,age      ] GC(216) - age  10:       1776 bytes,     204400 total
[2024-04-14T00:29:54.465+0000][7][gc,age      ] GC(216) - age  12:        136 bytes,     204536 total
[2024-04-14T00:29:54.465+0000][7][gc,age      ] GC(216) - age  13:      18024 bytes,     222560 total
[2024-04-14T00:29:54.465+0000][7][gc,age      ] GC(216) - age  14:       2000 bytes,     224560 total
[2024-04-14T00:29:54.465+0000][7][gc,phases   ] GC(216)   Pre Evacuate Collection Set: 0.2ms
[2024-04-14T00:29:54.465+0000][7][gc,phases   ] GC(216)   Merge Heap Roots: 0.1ms
[2024-04-14T00:29:54.465+0000][7][gc,phases   ] GC(216)   Evacuate Collection Set: 0.8ms
[2024-04-14T00:29:54.465+0000][7][gc,phases   ] GC(216)   Post Evacuate Collection Set: 0.5ms
[2024-04-14T00:29:54.465+0000][7][gc,phases   ] GC(216)   Other: 0.5ms
[2024-04-14T00:29:54.465+0000][7][gc,heap     ] GC(216) Eden regions: 152->0(152)
[2024-04-14T00:29:54.465+0000][7][gc,heap     ] GC(216) Survivor regions: 1->1(20)
[2024-04-14T00:29:54.465+0000][7][gc,heap     ] GC(216) Old regions: 21->21
[2024-04-14T00:29:54.465+0000][7][gc,heap     ] GC(216) Archive regions: 2->2
[2024-04-14T00:29:54.465+0000][7][gc,heap     ] GC(216) Humongous regions: 2->2
[2024-04-14T00:29:54.465+0000][7][gc,metaspace] GC(216) Metaspace: 101775K(106192K)->101775K(106192K) NonClass: 88730K(91984K)->88730K(91984K) Class: 13044K(14208K)->13044K(14208K)
[2024-04-14T00:29:54.465+0000][7][gc          ] GC(216) Pause Young (Normal) (G1 Evacuation Pause) 702M->94M(1024M) 2.217ms
[2024-04-14T00:29:54.465+0000][7][gc,cpu      ] GC(216) User=0.01s Sys=0.01s Real=0.00s
[2024-04-14T00:29:54.465+0000][7][safepoint   ] Safepoint "G1CollectForAllocation", Time since last: 24756515714316 ns, Reaching safepoint: 92660 ns, At safepoint: 2310534 ns, Total: 2403194 ns
[2024-04-14T07:22:54.765+0000][7][gc,start    ] GC(217) Pause Young (Normal) (G1 Evacuation Pause)
[2024-04-14T07:22:54.765+0000][7][gc,task     ] GC(217) Using 13 workers of 13 for evacuation
[2024-04-14T07:22:54.765+0000][7][gc,age      ] GC(217) Desired survivor size 41943040 bytes, new threshold 15 (max threshold 15)
[2024-04-14T07:22:54.767+0000][7][gc,age      ] GC(217) Age table with threshold 15 (max threshold 15)
[2024-04-14T07:22:54.767+0000][7][gc,age      ] GC(217) - age   1:      66088 bytes,      66088 total
[2024-04-14T07:22:54.767+0000][7][gc,age      ] GC(217) - age   2:      33464 bytes,      99552 total
[2024-04-14T07:22:54.767+0000][7][gc,age      ] GC(217) - age   3:        808 bytes,     100360 total
[2024-04-14T07:22:54.767+0000][7][gc,age      ] GC(217) - age   4:        336 bytes,     100696 total
[2024-04-14T07:22:54.767+0000][7][gc,age      ] GC(217) - age   5:      57776 bytes,     158472 total
[2024-04-14T07:22:54.767+0000][7][gc,age      ] GC(217) - age   6:      17152 bytes,     175624 total
[2024-04-14T07:22:54.767+0000][7][gc,age      ] GC(217) - age   7:        352 bytes,     175976 total
[2024-04-14T07:22:54.767+0000][7][gc,age      ] GC(217) - age   8:        584 bytes,     176560 total
[2024-04-14T07:22:54.767+0000][7][gc,age      ] GC(217) - age  10:      16792 bytes,     193352 total
[2024-04-14T07:22:54.767+0000][7][gc,age      ] GC(217) - age  11:       1776 bytes,     195128 total
[2024-04-14T07:22:54.767+0000][7][gc,age      ] GC(217) - age  13:        136 bytes,     195264 total
[2024-04-14T07:22:54.767+0000][7][gc,age      ] GC(217) - age  14:       1872 bytes,     197136 total
[2024-04-14T07:22:54.767+0000][7][gc,age      ] GC(217) - age  15:       2000 bytes,     199136 total
[2024-04-14T07:22:54.767+0000][7][gc,phases   ] GC(217)   Pre Evacuate Collection Set: 0.1ms
[2024-04-14T07:22:54.767+0000][7][gc,phases   ] GC(217)   Merge Heap Roots: 0.1ms
[2024-04-14T07:22:54.767+0000][7][gc,phases   ] GC(217)   Evacuate Collection Set: 0.8ms
[2024-04-14T07:22:54.767+0000][7][gc,phases   ] GC(217)   Post Evacuate Collection Set: 0.5ms
[2024-04-14T07:22:54.767+0000][7][gc,phases   ] GC(217)   Other: 0.5ms
[2024-04-14T07:22:54.767+0000][7][gc,heap     ] GC(217) Eden regions: 152->0(152)
[2024-04-14T07:22:54.767+0000][7][gc,heap     ] GC(217) Survivor regions: 1->1(20)
[2024-04-14T07:22:54.767+0000][7][gc,heap     ] GC(217) Old regions: 21->21
[2024-04-14T07:22:54.767+0000][7][gc,heap     ] GC(217) Archive regions: 2->2
[2024-04-14T07:22:54.767+0000][7][gc,heap     ] GC(217) Humongous regions: 2->2
[2024-04-14T07:22:54.767+0000][7][gc,metaspace] GC(217) Metaspace: 101775K(106192K)->101775K(106192K) NonClass: 88730K(91984K)->88730K(91984K) Class: 13044K(14208K)->13044K(14208K)
[2024-04-14T07:22:54.767+0000][7][gc          ] GC(217) Pause Young (Normal) (G1 Evacuation Pause) 702M->94M(1024M) 2.083ms
[2024-04-14T07:22:54.767+0000][7][gc,cpu      ] GC(217) User=0.01s Sys=0.00s Real=0.01s
[2024-04-14T07:22:54.767+0000][7][safepoint   ] Safepoint "G1CollectForAllocation", Time since last: 24780299906819 ns, Reaching safepoint: 82815 ns, At safepoint: 2173635 ns, Total: 2256450 ns
[2024-04-14T11:38:45.632+0000][7][safepoint   ] Safepoint "Cleanup", Time since last: 15350864984327 ns, Reaching safepoint: 100082 ns, At safepoint: 4023 ns, Total: 104105 ns
[2024-04-14T14:16:08.681+0000][7][gc,start    ] GC(218) Pause Young (Normal) (G1 Evacuation Pause)
[2024-04-14T14:16:08.681+0000][7][gc,task     ] GC(218) Using 13 workers of 13 for evacuation
[2024-04-14T14:16:08.681+0000][7][gc,age      ] GC(218) Desired survivor size 41943040 bytes, new threshold 15 (max threshold 15)
[2024-04-14T14:16:08.682+0000][7][gc,age      ] GC(218) Age table with threshold 15 (max threshold 15)
[2024-04-14T14:16:08.682+0000][7][gc,age      ] GC(218) - age   1:      76576 bytes,      76576 total
[2024-04-14T14:16:08.682+0000][7][gc,age      ] GC(218) - age   2:      35104 bytes,     111680 total
[2024-04-14T14:16:08.682+0000][7][gc,age      ] GC(218) - age   3:      17016 bytes,     128696 total
[2024-04-14T14:16:08.682+0000][7][gc,age      ] GC(218) - age   4:        520 bytes,     129216 total
[2024-04-14T14:16:08.682+0000][7][gc,age      ] GC(218) - age   5:        336 bytes,     129552 total
[2024-04-14T14:16:08.682+0000][7][gc,age      ] GC(218) - age   6:      25432 bytes,     154984 total
[2024-04-14T14:16:08.682+0000][7][gc,age      ] GC(218) - age   7:      17112 bytes,     172096 total
[2024-04-14T14:16:08.682+0000][7][gc,age      ] GC(218) - age   8:        352 bytes,     172448 total
[2024-04-14T14:16:08.682+0000][7][gc,age      ] GC(218) - age   9:        584 bytes,     173032 total
[2024-04-14T14:16:08.682+0000][7][gc,age      ] GC(218) - age  11:      16792 bytes,     189824 total
[2024-04-14T14:16:08.682+0000][7][gc,age      ] GC(218) - age  12:       1776 bytes,     191600 total
[2024-04-14T14:16:08.682+0000][7][gc,age      ] GC(218) - age  14:        136 bytes,     191736 total
[2024-04-14T14:16:08.682+0000][7][gc,age      ] GC(218) - age  15:       1872 bytes,     193608 total
[2024-04-14T14:16:08.683+0000][7][gc,phases   ] GC(218)   Pre Evacuate Collection Set: 0.2ms
[2024-04-14T14:16:08.683+0000][7][gc,phases   ] GC(218)   Merge Heap Roots: 0.1ms
[2024-04-14T14:16:08.683+0000][7][gc,phases   ] GC(218)   Evacuate Collection Set: 0.5ms
[2024-04-14T14:16:08.683+0000][7][gc,phases   ] GC(218)   Post Evacuate Collection Set: 0.7ms
[2024-04-14T14:16:08.683+0000][7][gc,phases   ] GC(218)   Other: 0.5ms
[2024-04-14T14:16:08.683+0000][7][gc,heap     ] GC(218) Eden regions: 152->0(152)
[2024-04-14T14:16:08.683+0000][7][gc,heap     ] GC(218) Survivor regions: 1->1(20)
[2024-04-14T14:16:08.683+0000][7][gc,heap     ] GC(218) Old regions: 21->21
[2024-04-14T14:16:08.683+0000][7][gc,heap     ] GC(218) Archive regions: 2->2
[2024-04-14T14:16:08.683+0000][7][gc,heap     ] GC(218) Humongous regions: 2->2
[2024-04-14T14:16:08.683+0000][7][gc,metaspace] GC(218) Metaspace: 101775K(106192K)->101775K(106192K) NonClass: 88730K(91984K)->88730K(91984K) Class: 13044K(14208K)->13044K(14208K)
[2024-04-14T14:16:08.683+0000][7][gc          ] GC(218) Pause Young (Normal) (G1 Evacuation Pause) 702M->94M(1024M) 2.089ms
[2024-04-14T14:16:08.683+0000][7][gc,cpu      ] GC(218) User=0.00s Sys=0.00s Real=0.00s
[2024-04-14T14:16:08.683+0000][7][safepoint   ] Safepoint "G1CollectForAllocation", Time since last: 9443048336810 ns, Reaching safepoint: 115066 ns, At safepoint: 2176854 ns, Total: 2291920 ns
[2024-04-14T21:09:55.378+0000][7][gc,start    ] GC(219) Pause Young (Normal) (G1 Evacuation Pause)
[2024-04-14T21:09:55.378+0000][7][gc,task     ] GC(219) Using 13 workers of 13 for evacuation
[2024-04-14T21:09:55.378+0000][7][gc,age      ] GC(219) Desired survivor size 41943040 bytes, new threshold 15 (max threshold 15)
[2024-04-14T21:09:55.380+0000][7][gc,age      ] GC(219) Age table with threshold 15 (max threshold 15)
[2024-04-14T21:09:55.380+0000][7][gc,age      ] GC(219) - age   1:     114296 bytes,     114296 total
[2024-04-14T21:09:55.380+0000][7][gc,age      ] GC(219) - age   2:      32776 bytes,     147072 total
[2024-04-14T21:09:55.380+0000][7][gc,age      ] GC(219) - age   3:      18592 bytes,     165664 total
[2024-04-14T21:09:55.380+0000][7][gc,age      ] GC(219) - age   4:      16584 bytes,     182248 total
[2024-04-14T21:09:55.380+0000][7][gc,age      ] GC(219) - age   5:        280 bytes,     182528 total
[2024-04-14T21:09:55.380+0000][7][gc,age      ] GC(219) - age   6:         40 bytes,     182568 total
[2024-04-14T21:09:55.380+0000][7][gc,age      ] GC(219) - age   7:        728 bytes,     183296 total
[2024-04-14T21:09:55.380+0000][7][gc,age      ] GC(219) - age   8:        960 bytes,     184256 total
[2024-04-14T21:09:55.380+0000][7][gc,age      ] GC(219) - age   9:        152 bytes,     184408 total
[2024-04-14T21:09:55.380+0000][7][gc,age      ] GC(219) - age  10:        584 bytes,     184992 total
[2024-04-14T21:09:55.380+0000][7][gc,age      ] GC(219) - age  12:      16792 bytes,     201784 total
[2024-04-14T21:09:55.380+0000][7][gc,age      ] GC(219) - age  13:       1736 bytes,     203520 total
[2024-04-14T21:09:55.380+0000][7][gc,age      ] GC(219) - age  15:        136 bytes,     203656 total
[2024-04-14T21:09:55.381+0000][7][gc,phases   ] GC(219)   Pre Evacuate Collection Set: 0.1ms
[2024-04-14T21:09:55.381+0000][7][gc,phases   ] GC(219)   Merge Heap Roots: 0.1ms
[2024-04-14T21:09:55.381+0000][7][gc,phases   ] GC(219)   Evacuate Collection Set: 1.0ms
[2024-04-14T21:09:55.381+0000][7][gc,phases   ] GC(219)   Post Evacuate Collection Set: 0.5ms
[2024-04-14T21:09:55.381+0000][7][gc,phases   ] GC(219)   Other: 0.4ms
[2024-04-14T21:09:55.381+0000][7][gc,heap     ] GC(219) Eden regions: 152->0(152)
[2024-04-14T21:09:55.381+0000][7][gc,heap     ] GC(219) Survivor regions: 1->1(20)
[2024-04-14T21:09:55.381+0000][7][gc,heap     ] GC(219) Old regions: 21->21
[2024-04-14T21:09:55.381+0000][7][gc,heap     ] GC(219) Archive regions: 2->2
[2024-04-14T21:09:55.381+0000][7][gc,heap     ] GC(219) Humongous regions: 2->2
[2024-04-14T21:09:55.381+0000][7][gc,metaspace] GC(219) Metaspace: 101775K(106192K)->101775K(106192K) NonClass: 88730K(91984K)->88730K(91984K) Class: 13044K(14208K)->13044K(14208K)
[2024-04-14T21:09:55.381+0000][7][gc          ] GC(219) Pause Young (Normal) (G1 Evacuation Pause) 702M->94M(1024M) 2.397ms
[2024-04-14T21:09:55.381+0000][7][gc,cpu      ] GC(219) User=0.00s Sys=0.00s Real=0.00s
[2024-04-14T21:09:55.381+0000][7][safepoint   ] Safepoint "G1CollectForAllocation", Time since last: 24826695419646 ns, Reaching safepoint: 110766 ns, At safepoint: 2487623 ns, Total: 2598389 ns
[2024-04-15T04:02:47.792+0000][7][gc,start    ] GC(220) Pause Young (Normal) (G1 Evacuation Pause)
[2024-04-15T04:02:47.792+0000][7][gc,task     ] GC(220) Using 13 workers of 13 for evacuation
[2024-04-15T04:02:47.792+0000][7][gc,age      ] GC(220) Desired survivor size 41943040 bytes, new threshold 15 (max threshold 15)
[2024-04-15T04:02:47.794+0000][7][gc,age      ] GC(220) Age table with threshold 15 (max threshold 15)
[2024-04-15T04:02:47.794+0000][7][gc,age      ] GC(220) - age   1:      71712 bytes,      71712 total
[2024-04-15T04:02:47.794+0000][7][gc,age      ] GC(220) - age   2:      49784 bytes,     121496 total
[2024-04-15T04:02:47.794+0000][7][gc,age      ] GC(220) - age   3:      16584 bytes,     138080 total
[2024-04-15T04:02:47.794+0000][7][gc,age      ] GC(220) - age   4:      16712 bytes,     154792 total
[2024-04-15T04:02:47.794+0000][7][gc,age      ] GC(220) - age   5:         80 bytes,     154872 total
[2024-04-15T04:02:47.794+0000][7][gc,age      ] GC(220) - age   6:        200 bytes,     155072 total
[2024-04-15T04:02:47.794+0000][7][gc,age      ] GC(220) - age   7:         40 bytes,     155112 total
[2024-04-15T04:02:47.794+0000][7][gc,age      ] GC(220) - age   8:        688 bytes,     155800 total
[2024-04-15T04:02:47.794+0000][7][gc,age      ] GC(220) - age   9:        960 bytes,     156760 total
[2024-04-15T04:02:47.794+0000][7][gc,age      ] GC(220) - age  10:        152 bytes,     156912 total
[2024-04-15T04:02:47.794+0000][7][gc,age      ] GC(220) - age  11:        584 bytes,     157496 total
[2024-04-15T04:02:47.794+0000][7][gc,age      ] GC(220) - age  13:        640 bytes,     158136 total
[2024-04-15T04:02:47.794+0000][7][gc,age      ] GC(220) - age  14:       1736 bytes,     159872 total
[2024-04-15T04:02:47.794+0000][7][gc,phases   ] GC(220)   Pre Evacuate Collection Set: 0.2ms
[2024-04-15T04:02:47.794+0000][7][gc,phases   ] GC(220)   Merge Heap Roots: 0.1ms
[2024-04-15T04:02:47.795+0000][7][gc,phases   ] GC(220)   Evacuate Collection Set: 1.0ms
[2024-04-15T04:02:47.795+0000][7][gc,phases   ] GC(220)   Post Evacuate Collection Set: 0.5ms
[2024-04-15T04:02:47.795+0000][7][gc,phases   ] GC(220)   Other: 0.4ms
[2024-04-15T04:02:47.795+0000][7][gc,heap     ] GC(220) Eden regions: 152->0(152)
[2024-04-15T04:02:47.795+0000][7][gc,heap     ] GC(220) Survivor regions: 1->1(20)
[2024-04-15T04:02:47.795+0000][7][gc,heap     ] GC(220) Old regions: 21->21
[2024-04-15T04:02:47.795+0000][7][gc,heap     ] GC(220) Archive regions: 2->2
[2024-04-15T04:02:47.795+0000][7][gc,heap     ] GC(220) Humongous regions: 2->2
[2024-04-15T04:02:47.795+0000][7][gc,metaspace] GC(220) Metaspace: 101775K(106192K)->101775K(106192K) NonClass: 88730K(91984K)->88730K(91984K) Class: 13044K(14208K)->13044K(14208K)
[2024-04-15T04:02:47.795+0000][7][gc          ] GC(220) Pause Young (Normal) (G1 Evacuation Pause) 702M->94M(1024M) 2.378ms
[2024-04-15T04:02:47.795+0000][7][gc,cpu      ] GC(220) User=0.01s Sys=0.00s Real=0.00s
[2024-04-15T04:02:47.795+0000][7][safepoint   ] Safepoint "G1CollectForAllocation", Time since last: 24772411377490 ns, Reaching safepoint: 117029 ns, At safepoint: 2467817 ns, Total: 2584846 ns
[2024-04-15T04:21:37.862+0000][7][safepoint   ] Safepoint "Cleanup", Time since last: 1130067165437 ns, Reaching safepoint: 94849 ns, At safepoint: 3869 ns, Total: 98718 ns
[2024-04-15T04:21:46.863+0000][7][safepoint   ] Safepoint "Cleanup", Time since last: 9000630690 ns, Reaching safepoint: 84044 ns, At safepoint: 3438 ns, Total: 87482 ns
[2024-04-15T04:40:41.931+0000][7][safepoint   ] Safepoint "Cleanup", Time since last: 1135067767466 ns, Reaching safepoint: 121974 ns, At safepoint: 3811 ns, Total: 125785 ns
[2024-04-15T10:49:03.822+0000][7][gc,start    ] GC(221) Pause Young (Normal) (G1 Evacuation Pause)
[2024-04-15T10:49:03.822+0000][7][gc,task     ] GC(221) Using 13 workers of 13 for evacuation
[2024-04-15T10:49:03.822+0000][7][gc,age      ] GC(221) Desired survivor size 41943040 bytes, new threshold 15 (max threshold 15)
[2024-04-15T10:49:03.824+0000][7][gc,age      ] GC(221) Age table with threshold 15 (max threshold 15)
[2024-04-15T10:49:03.824+0000][7][gc,age      ] GC(221) - age   1:     255544 bytes,     255544 total
[2024-04-15T10:49:03.824+0000][7][gc,age      ] GC(221) - age   2:      59320 bytes,     314864 total
[2024-04-15T10:49:03.824+0000][7][gc,age      ] GC(221) - age   3:      49504 bytes,     364368 total
[2024-04-15T10:49:03.824+0000][7][gc,age      ] GC(221) - age   4:      16192 bytes,     380560 total
[2024-04-15T10:49:03.824+0000][7][gc,age      ] GC(221) - age   5:      16376 bytes,     396936 total
[2024-04-15T10:49:03.824+0000][7][gc,age      ] GC(221) - age   7:        200 bytes,     397136 total
[2024-04-15T10:49:03.824+0000][7][gc,age      ] GC(221) - age   9:        448 bytes,     397584 total
[2024-04-15T10:49:03.824+0000][7][gc,age      ] GC(221) - age  10:        648 bytes,     398232 total
[2024-04-15T10:49:03.824+0000][7][gc,age      ] GC(221) - age  11:        120 bytes,     398352 total
[2024-04-15T10:49:03.824+0000][7][gc,age      ] GC(221) - age  12:        544 bytes,     398896 total
[2024-04-15T10:49:03.824+0000][7][gc,age      ] GC(221) - age  14:        600 bytes,     399496 total
[2024-04-15T10:49:03.824+0000][7][gc,age      ] GC(221) - age  15:       1736 bytes,     401232 total
[2024-04-15T10:49:03.824+0000][7][gc,phases   ] GC(221)   Pre Evacuate Collection Set: 0.2ms
[2024-04-15T10:49:03.824+0000][7][gc,phases   ] GC(221)   Merge Heap Roots: 0.1ms
[2024-04-15T10:49:03.825+0000][7][gc,phases   ] GC(221)   Evacuate Collection Set: 1.3ms
[2024-04-15T10:49:03.825+0000][7][gc,phases   ] GC(221)   Post Evacuate Collection Set: 0.5ms
[2024-04-15T10:49:03.825+0000][7][gc,phases   ] GC(221)   Other: 0.4ms
[2024-04-15T10:49:03.825+0000][7][gc,heap     ] GC(221) Eden regions: 152->0(152)
[2024-04-15T10:49:03.825+0000][7][gc,heap     ] GC(221) Survivor regions: 1->1(20)
[2024-04-15T10:49:03.825+0000][7][gc,heap     ] GC(221) Old regions: 21->21
[2024-04-15T10:49:03.825+0000][7][gc,heap     ] GC(221) Archive regions: 2->2
[2024-04-15T10:49:03.825+0000][7][gc,heap     ] GC(221) Humongous regions: 2->2
[2024-04-15T10:49:03.825+0000][7][gc,metaspace] GC(221) Metaspace: 101785K(106192K)->101785K(106192K) NonClass: 88741K(91984K)->88741K(91984K) Class: 13044K(14208K)->13044K(14208K)
[2024-04-15T10:49:03.825+0000][7][gc          ] GC(221) Pause Young (Normal) (G1 Evacuation Pause) 702M->94M(1024M) 2.651ms
[2024-04-15T10:49:03.825+0000][7][gc,cpu      ] GC(221) User=0.01s Sys=0.00s Real=0.00s
[2024-04-15T10:49:03.825+0000][7][safepoint   ] Safepoint "G1CollectForAllocation", Time since last: 22101891311476 ns, Reaching safepoint: 85699 ns, At safepoint: 2742183 ns, Total: 2827882 ns
[2024-04-15T12:27:54.177+0000][7][safepoint   ] Safepoint "Cleanup", Time since last: 5930352457551 ns, Reaching safepoint: 84302 ns, At safepoint: 3802 ns, Total: 88104 ns
[2024-04-15T17:17:56.207+0000][7][safepoint   ] Safepoint "Cleanup", Time since last: 17402029110305 ns, Reaching safepoint: 123836 ns, At safepoint: 4249 ns, Total: 128085 ns
[2024-04-15T17:41:56.282+0000][7][gc,start    ] GC(222) Pause Young (Normal) (G1 Evacuation Pause)
[2024-04-15T17:41:56.282+0000][7][gc,task     ] GC(222) Using 13 workers of 13 for evacuation
[2024-04-15T17:41:56.282+0000][7][gc,age      ] GC(222) Desired survivor size 41943040 bytes, new threshold 15 (max threshold 15)
[2024-04-15T17:41:56.283+0000][7][gc,age      ] GC(222) Age table with threshold 15 (max threshold 15)
[2024-04-15T17:41:56.283+0000][7][gc,age      ] GC(222) - age   1:      32248 bytes,      32248 total
[2024-04-15T17:41:56.283+0000][7][gc,age      ] GC(222) - age   2:      42688 bytes,      74936 total
[2024-04-15T17:41:56.283+0000][7][gc,age      ] GC(222) - age   3:      27016 bytes,     101952 total
[2024-04-15T17:41:56.283+0000][7][gc,age      ] GC(222) - age   4:      49152 bytes,     151104 total
[2024-04-15T17:41:56.283+0000][7][gc,age      ] GC(222) - age   5:         40 bytes,     151144 total
[2024-04-15T17:41:56.283+0000][7][gc,age      ] GC(222) - age   6:        184 bytes,     151328 total
[2024-04-15T17:41:56.283+0000][7][gc,age      ] GC(222) - age   8:        200 bytes,     151528 total
[2024-04-15T17:41:56.283+0000][7][gc,age      ] GC(222) - age  10:        448 bytes,     151976 total
[2024-04-15T17:41:56.283+0000][7][gc,age      ] GC(222) - age  11:        608 bytes,     152584 total
[2024-04-15T17:41:56.283+0000][7][gc,age      ] GC(222) - age  12:        120 bytes,     152704 total
[2024-04-15T17:41:56.283+0000][7][gc,age      ] GC(222) - age  13:        544 bytes,     153248 total
[2024-04-15T17:41:56.283+0000][7][gc,age      ] GC(222) - age  15:        600 bytes,     153848 total
[2024-04-15T17:41:56.283+0000][7][gc,phases   ] GC(222)   Pre Evacuate Collection Set: 0.1ms
[2024-04-15T17:41:56.283+0000][7][gc,phases   ] GC(222)   Merge Heap Roots: 0.1ms
[2024-04-15T17:41:56.283+0000][7][gc,phases   ] GC(222)   Evacuate Collection Set: 0.5ms
[2024-04-15T17:41:56.283+0000][7][gc,phases   ] GC(222)   Post Evacuate Collection Set: 0.6ms
[2024-04-15T17:41:56.283+0000][7][gc,phases   ] GC(222)   Other: 0.4ms
[2024-04-15T17:41:56.283+0000][7][gc,heap     ] GC(222) Eden regions: 152->0(152)
[2024-04-15T17:41:56.283+0000][7][gc,heap     ] GC(222) Survivor regions: 1->1(20)
[2024-04-15T17:41:56.284+0000][7][gc,heap     ] GC(222) Old regions: 21->21
[2024-04-15T17:41:56.284+0000][7][gc,heap     ] GC(222) Archive regions: 2->2
[2024-04-15T17:41:56.284+0000][7][gc,heap     ] GC(222) Humongous regions: 2->2
[2024-04-15T17:41:56.284+0000][7][gc,metaspace] GC(222) Metaspace: 101785K(106192K)->101785K(106192K) NonClass: 88741K(91984K)->88741K(91984K) Class: 13044K(14208K)->13044K(14208K)
[2024-04-15T17:41:56.284+0000][7][gc          ] GC(222) Pause Young (Normal) (G1 Evacuation Pause) 702M->94M(1024M) 1.905ms
[2024-04-15T17:41:56.284+0000][7][gc,cpu      ] GC(222) User=0.01s Sys=0.00s Real=0.00s
[2024-04-15T17:41:56.284+0000][7][safepoint   ] Safepoint "G1CollectForAllocation", Time since last: 1440074998779 ns, Reaching safepoint: 121053 ns, At safepoint: 2014900 ns, Total: 2135953 ns
[2024-04-15T21:34:39.091+0000][7][safepoint   ] Safepoint "Cleanup", Time since last: 13962806955487 ns, Reaching safepoint: 125293 ns, At safepoint: 4189 ns, Total: 129482 ns
[2024-04-16T00:31:26.586+0000][7][gc,start    ] GC(223) Pause Young (Normal) (G1 Evacuation Pause)
[2024-04-16T00:31:26.586+0000][7][gc,task     ] GC(223) Using 13 workers of 13 for evacuation
[2024-04-16T00:31:26.586+0000][7][gc,age      ] GC(223) Desired survivor size 41943040 bytes, new threshold 15 (max threshold 15)
[2024-04-16T00:31:26.588+0000][7][gc,age      ] GC(223) Age table with threshold 15 (max threshold 15)
[2024-04-16T00:31:26.588+0000][7][gc,age      ] GC(223) - age   1:     195728 bytes,     195728 total
[2024-04-16T00:31:26.588+0000][7][gc,age      ] GC(223) - age   2:       1056 bytes,     196784 total
[2024-04-16T00:31:26.588+0000][7][gc,age      ] GC(223) - age   3:      25632 bytes,     222416 total
[2024-04-16T00:31:26.588+0000][7][gc,age      ] GC(223) - age   4:      10552 bytes,     232968 total
[2024-04-16T00:31:26.588+0000][7][gc,age      ] GC(223) - age   5:        336 bytes,     233304 total
[2024-04-16T00:31:26.588+0000][7][gc,age      ] GC(223) - age   6:         40 bytes,     233344 total
[2024-04-16T00:31:26.588+0000][7][gc,age      ] GC(223) - age   7:        104 bytes,     233448 total
[2024-04-16T00:31:26.588+0000][7][gc,age      ] GC(223) - age   9:         40 bytes,     233488 total
[2024-04-16T00:31:26.588+0000][7][gc,age      ] GC(223) - age  11:        280 bytes,     233768 total
[2024-04-16T00:31:26.588+0000][7][gc,age      ] GC(223) - age  12:        608 bytes,     234376 total
[2024-04-16T00:31:26.588+0000][7][gc,age      ] GC(223) - age  13:        120 bytes,     234496 total
[2024-04-16T00:31:26.588+0000][7][gc,age      ] GC(223) - age  14:        544 bytes,     235040 total
[2024-04-16T00:31:26.589+0000][7][gc,phases   ] GC(223)   Pre Evacuate Collection Set: 0.3ms
[2024-04-16T00:31:26.589+0000][7][gc,phases   ] GC(223)   Merge Heap Roots: 0.1ms
[2024-04-16T00:31:26.589+0000][7][gc,phases   ] GC(223)   Evacuate Collection Set: 0.9ms
[2024-04-16T00:31:26.589+0000][7][gc,phases   ] GC(223)   Post Evacuate Collection Set: 0.5ms
[2024-04-16T00:31:26.589+0000][7][gc,phases   ] GC(223)   Other: 0.4ms
[2024-04-16T00:31:26.589+0000][7][gc,heap     ] GC(223) Eden regions: 152->0(152)
[2024-04-16T00:31:26.589+0000][7][gc,heap     ] GC(223) Survivor regions: 1->1(20)
[2024-04-16T00:31:26.589+0000][7][gc,heap     ] GC(223) Old regions: 21->21
[2024-04-16T00:31:26.589+0000][7][gc,heap     ] GC(223) Archive regions: 2->2
[2024-04-16T00:31:26.589+0000][7][gc,heap     ] GC(223) Humongous regions: 2->2
[2024-04-16T00:31:26.589+0000][7][gc,metaspace] GC(223) Metaspace: 101785K(106192K)->101785K(106192K) NonClass: 88741K(91984K)->88741K(91984K) Class: 13044K(14208K)->13044K(14208K)
[2024-04-16T00:31:26.589+0000][7][gc          ] GC(223) Pause Young (Normal) (G1 Evacuation Pause) 702M->94M(1024M) 2.352ms
[2024-04-16T00:31:26.589+0000][7][gc,cpu      ] GC(223) User=0.01s Sys=0.00s Real=0.01s
[2024-04-16T00:31:26.589+0000][7][safepoint   ] Safepoint "G1CollectForAllocation", Time since last: 10607495458022 ns, Reaching safepoint: 90392 ns, At safepoint: 2444939 ns, Total: 2535331 ns
[2024-04-16T01:30:00.769+0000][7][safepoint   ] Safepoint "Cleanup", Time since last: 3514180565502 ns, Reaching safepoint: 115063 ns, At safepoint: 3917 ns, Total: 118980 ns
[2024-04-16T01:38:00.789+0000][7][safepoint   ] Safepoint "Cleanup", Time since last: 480019764188 ns, Reaching safepoint: 87239 ns, At safepoint: 5726 ns, Total: 92965 ns
[2024-04-16T07:24:39.779+0000][7][gc,start    ] GC(224) Pause Young (Normal) (G1 Evacuation Pause)
[2024-04-16T07:24:39.779+0000][7][gc,task     ] GC(224) Using 13 workers of 13 for evacuation
[2024-04-16T07:24:39.779+0000][7][gc,age      ] GC(224) Desired survivor size 41943040 bytes, new threshold 15 (max threshold 15)
[2024-04-16T07:24:39.781+0000][7][gc,age      ] GC(224) Age table with threshold 15 (max threshold 15)
[2024-04-16T07:24:39.781+0000][7][gc,age      ] GC(224) - age   1:      62112 bytes,      62112 total
[2024-04-16T07:24:39.781+0000][7][gc,age      ] GC(224) - age   2:      58688 bytes,     120800 total
[2024-04-16T07:24:39.781+0000][7][gc,age      ] GC(224) - age   3:        624 bytes,     121424 total
[2024-04-16T07:24:39.781+0000][7][gc,age      ] GC(224) - age   4:       1048 bytes,     122472 total
[2024-04-16T07:24:39.781+0000][7][gc,age      ] GC(224) - age   5:       1424 bytes,     123896 total
[2024-04-16T07:24:39.781+0000][7][gc,age      ] GC(224) - age   6:        336 bytes,     124232 total
[2024-04-16T07:24:39.781+0000][7][gc,age      ] GC(224) - age   8:        104 bytes,     124336 total
[2024-04-16T07:24:39.781+0000][7][gc,age      ] GC(224) - age  10:         40 bytes,     124376 total
[2024-04-16T07:24:39.781+0000][7][gc,age      ] GC(224) - age  12:        280 bytes,     124656 total
[2024-04-16T07:24:39.781+0000][7][gc,age      ] GC(224) - age  13:        608 bytes,     125264 total
[2024-04-16T07:24:39.781+0000][7][gc,age      ] GC(224) - age  14:        120 bytes,     125384 total
[2024-04-16T07:24:39.781+0000][7][gc,age      ] GC(224) - age  15:        544 bytes,     125928 total
[2024-04-16T07:24:39.781+0000][7][gc,phases   ] GC(224)   Pre Evacuate Collection Set: 0.1ms
[2024-04-16T07:24:39.781+0000][7][gc,phases   ] GC(224)   Merge Heap Roots: 0.1ms
[2024-04-16T07:24:39.781+0000][7][gc,phases   ] GC(224)   Evacuate Collection Set: 0.5ms
[2024-04-16T07:24:39.781+0000][7][gc,phases   ] GC(224)   Post Evacuate Collection Set: 0.5ms
[2024-04-16T07:24:39.781+0000][7][gc,phases   ] GC(224)   Other: 0.4ms
[2024-04-16T07:24:39.781+0000][7][gc,heap     ] GC(224) Eden regions: 152->0(152)
[2024-04-16T07:24:39.781+0000][7][gc,heap     ] GC(224) Survivor regions: 1->1(20)
[2024-04-16T07:24:39.781+0000][7][gc,heap     ] GC(224) Old regions: 21->21
[2024-04-16T07:24:39.781+0000][7][gc,heap     ] GC(224) Archive regions: 2->2
[2024-04-16T07:24:39.781+0000][7][gc,heap     ] GC(224) Humongous regions: 2->2
[2024-04-16T07:24:39.781+0000][7][gc,metaspace] GC(224) Metaspace: 101790K(106192K)->101790K(106192K) NonClass: 88746K(91984K)->88746K(91984K) Class: 13044K(14208K)->13044K(14208K)
[2024-04-16T07:24:39.781+0000][7][gc          ] GC(224) Pause Young (Normal) (G1 Evacuation Pause) 702M->94M(1024M) 1.817ms
[2024-04-16T07:24:39.781+0000][7][gc,cpu      ] GC(224) User=0.01s Sys=0.00s Real=0.00s
[2024-04-16T07:24:39.781+0000][7][safepoint   ] Safepoint "G1CollectForAllocation", Time since last: 20798989944807 ns, Reaching safepoint: 88953 ns, At safepoint: 1904918 ns, Total: 1993871 ns
[2024-04-16T07:52:02.846+0000][7][safepoint   ] Safepoint "Cleanup", Time since last: 1643064321150 ns, Reaching safepoint: 97369 ns, At safepoint: 3807 ns, Total: 101176 ns
[2024-04-16T08:46:11.015+0000][7][safepoint   ] Safepoint "Cleanup", Time since last: 3248169049114 ns, Reaching safepoint: 89929 ns, At safepoint: 3942 ns, Total: 93871 ns
[2024-04-16T08:46:16.015+0000][7][safepoint   ] Safepoint "Cleanup", Time since last: 5000407186 ns, Reaching safepoint: 91341 ns, At safepoint: 3765 ns, Total: 95106 ns
[2024-04-16T08:46:23.016+0000][7][safepoint   ] Safepoint "Cleanup", Time since last: 7000520682 ns, Reaching safepoint: 108204 ns, At safepoint: 4301 ns, Total: 112505 ns
[2024-04-16T08:46:32.017+0000][7][safepoint   ] Safepoint "Cleanup", Time since last: 9000637284 ns, Reaching safepoint: 119302 ns, At safepoint: 4741 ns, Total: 124043 ns
[2024-04-16T08:46:53.018+0000][7][safepoint   ] Safepoint "Cleanup", Time since last: 21001343071 ns, Reaching safepoint: 85136 ns, At safepoint: 3566 ns, Total: 88702 ns
[2024-04-16T08:46:55.018+0000][7][safepoint   ] Safepoint "Cleanup", Time since last: 2000218350 ns, Reaching safepoint: 85064 ns, At safepoint: 3838 ns, Total: 88902 ns
[2024-04-16T09:10:47.103+0000][7][safepoint   ] Safepoint "Cleanup", Time since last: 1432084570919 ns, Reaching safepoint: 92971 ns, At safepoint: 3513 ns, Total: 96484 ns
[2024-04-16T09:14:52.118+0000][7][safepoint   ] Safepoint "Cleanup", Time since last: 245014666476 ns, Reaching safepoint: 89584 ns, At safepoint: 5136 ns, Total: 94720 ns
[2024-04-16T09:14:55.118+0000][7][safepoint   ] Safepoint "Cleanup", Time since last: 3000278341 ns, Reaching safepoint: 95541 ns, At safepoint: 4041 ns, Total: 99582 ns
[2024-04-16T09:15:05.119+0000][7][safepoint   ] Safepoint "Cleanup", Time since last: 10000710722 ns, Reaching safepoint: 85149 ns, At safepoint: 12052 ns, Total: 97201 ns
[2024-04-16T09:15:06.119+0000][7][safepoint   ] Safepoint "Cleanup", Time since last: 1000087466 ns, Reaching safepoint: 86440 ns, At safepoint: 2480 ns, Total: 88920 ns
[2024-04-16T09:15:07.120+0000][7][safepoint   ] Safepoint "Cleanup", Time since last: 1000229166 ns, Reaching safepoint: 105341 ns, At safepoint: 8245 ns, Total: 113586 ns
[2024-04-16T09:15:10.120+0000][7][safepoint   ] Safepoint "Cleanup", Time since last: 3000287891 ns, Reaching safepoint: 87780 ns, At safepoint: 9169 ns, Total: 96949 ns
[2024-04-16T09:15:11.120+0000][7][safepoint   ] Safepoint "Cleanup", Time since last: 1000139535 ns, Reaching safepoint: 89344 ns, At safepoint: 6793 ns, Total: 96137 ns
[2024-04-16T09:15:13.120+0000][7][safepoint   ] Safepoint "Cleanup", Time since last: 2000218512 ns, Reaching safepoint: 88096 ns, At safepoint: 3582 ns, Total: 91678 ns
[2024-04-16T09:15:14.121+0000][7][safepoint   ] Safepoint "Cleanup", Time since last: 1000152760 ns, Reaching safepoint: 96428 ns, At safepoint: 3677 ns, Total: 100105 ns
[2024-04-16T09:15:16.121+0000][7][safepoint   ] Safepoint "Cleanup", Time since last: 2000228924 ns, Reaching safepoint: 88127 ns, At safepoint: 8364 ns, Total: 96491 ns
[2024-04-16T09:15:26.122+0000][7][safepoint   ] Safepoint "Cleanup", Time since last: 10000694520 ns, Reaching safepoint: 115412 ns, At safepoint: 4017 ns, Total: 119429 ns
[2024-04-16T09:15:27.122+0000][7][safepoint   ] Safepoint "Cleanup", Time since last: 1000167168 ns, Reaching safepoint: 95638 ns, At safepoint: 3998 ns, Total: 99636 ns
[2024-04-16T09:15:28.122+0000][7][safepoint   ] Safepoint "Cleanup", Time since last: 1000144168 ns, Reaching safepoint: 82411 ns, At safepoint: 3653 ns, Total: 86064 ns
[2024-04-16T09:15:32.123+0000][7][safepoint   ] Safepoint "Cleanup", Time since last: 4000322720 ns, Reaching safepoint: 160950 ns, At safepoint: 10111 ns, Total: 171061 ns
[2024-04-16T09:15:36.123+0000][7][safepoint   ] Safepoint "Cleanup", Time since last: 4000324666 ns, Reaching safepoint: 96331 ns, At safepoint: 8043 ns, Total: 104374 ns
[2024-04-16T09:15:39.124+0000][7][safepoint   ] Safepoint "Cleanup", Time since last: 3000276709 ns, Reaching safepoint: 91909 ns, At safepoint: 3860 ns, Total: 95769 ns
[2024-04-16T09:15:42.124+0000][7][safepoint   ] Safepoint "Cleanup", Time since last: 3000238264 ns, Reaching safepoint: 78642 ns, At safepoint: 2550 ns, Total: 81192 ns
[2024-04-16T09:15:50.125+0000][7][safepoint   ] Safepoint "Cleanup", Time since last: 8000649456 ns, Reaching safepoint: 86257 ns, At safepoint: 5970 ns, Total: 92227 ns
[2024-04-16T09:15:51.125+0000][7][safepoint   ] Safepoint "Cleanup", Time since last: 1000150125 ns, Reaching safepoint: 119122 ns, At safepoint: 5975 ns, Total: 125097 ns
[2024-04-16T09:15:52.125+0000][7][safepoint   ] Safepoint "Cleanup", Time since last: 1000165701 ns, Reaching safepoint: 83823 ns, At safepoint: 3776 ns, Total: 87599 ns
[2024-04-16T09:15:54.126+0000][7][safepoint   ] Safepoint "Cleanup", Time since last: 2000215281 ns, Reaching safepoint: 86176 ns, At safepoint: 3576 ns, Total: 89752 ns
[2024-04-16T09:15:57.126+0000][7][safepoint   ] Safepoint "Cleanup", Time since last: 3000275389 ns, Reaching safepoint: 95378 ns, At safepoint: 11875 ns, Total: 107253 ns
[2024-04-16T09:16:00.126+0000][7][safepoint   ] Safepoint "Cleanup", Time since last: 3000280104 ns, Reaching safepoint: 88072 ns, At safepoint: 3843 ns, Total: 91915 ns
[2024-04-16T09:16:03.127+0000][7][safepoint   ] Safepoint "Cleanup", Time since last: 3000280531 ns, Reaching safepoint: 105081 ns, At safepoint: 3930 ns, Total: 109011 ns
[2024-04-16T09:16:05.127+0000][7][safepoint   ] Safepoint "Cleanup", Time since last: 2000223326 ns, Reaching safepoint: 90360 ns, At safepoint: 3480 ns, Total: 93840 ns
[2024-04-16T09:16:09.127+0000][7][safepoint   ] Safepoint "Cleanup", Time since last: 4000345932 ns, Reaching safepoint: 118514 ns, At safepoint: 4226 ns, Total: 122740 ns
[2024-04-16T09:16:21.128+0000][7][safepoint   ] Safepoint "Cleanup", Time since last: 12000806496 ns, Reaching safepoint: 86943 ns, At safepoint: 4263 ns, Total: 91206 ns
[2024-04-16T09:16:22.129+0000][7][safepoint   ] Safepoint "Cleanup", Time since last: 1000140398 ns, Reaching safepoint: 97331 ns, At safepoint: 4151 ns, Total: 101482 ns
[2024-04-16T09:16:23.129+0000][7][safepoint   ] Safepoint "Cleanup", Time since last: 1000145357 ns, Reaching safepoint: 109120 ns, At safepoint: 4383 ns, Total: 113503 ns
[2024-04-16T09:16:24.369+0000][7][gc,start    ] GC(225) Pause Young (Normal) (G1 Evacuation Pause)
[2024-04-16T09:16:24.369+0000][7][gc,task     ] GC(225) Using 13 workers of 13 for evacuation
[2024-04-16T09:16:24.369+0000][7][gc,age      ] GC(225) Desired survivor size 41943040 bytes, new threshold 15 (max threshold 15)
[2024-04-16T09:16:24.370+0000][7][gc,age      ] GC(225) Age table with threshold 15 (max threshold 15)
[2024-04-16T09:16:24.370+0000][7][gc,age      ] GC(225) - age   1:     780736 bytes,     780736 total
[2024-04-16T09:16:24.371+0000][7][gc,age      ] GC(225) - age   2:      50720 bytes,     831456 total
[2024-04-16T09:16:24.371+0000][7][gc,age      ] GC(225) - age   3:      32936 bytes,     864392 total
[2024-04-16T09:16:24.371+0000][7][gc,age      ] GC(225) - age   4:        312 bytes,     864704 total
[2024-04-16T09:16:24.371+0000][7][gc,age      ] GC(225) - age   5:        304 bytes,     865008 total
[2024-04-16T09:16:24.371+0000][7][gc,age      ] GC(225) - age   6:       1344 bytes,     866352 total
[2024-04-16T09:16:24.371+0000][7][gc,age      ] GC(225) - age   7:         40 bytes,     866392 total
[2024-04-16T09:16:24.371+0000][7][gc,age      ] GC(225) - age   9:        104 bytes,     866496 total
[2024-04-16T09:16:24.371+0000][7][gc,age      ] GC(225) - age  13:        160 bytes,     866656 total
[2024-04-16T09:16:24.371+0000][7][gc,age      ] GC(225) - age  14:        608 bytes,     867264 total
[2024-04-16T09:16:24.371+0000][7][gc,phases   ] GC(225)   Pre Evacuate Collection Set: 0.2ms
[2024-04-16T09:16:24.371+0000][7][gc,phases   ] GC(225)   Merge Heap Roots: 0.1ms
[2024-04-16T09:16:24.371+0000][7][gc,phases   ] GC(225)   Evacuate Collection Set: 0.5ms
[2024-04-16T09:16:24.371+0000][7][gc,phases   ] GC(225)   Post Evacuate Collection Set: 0.6ms
[2024-04-16T09:16:24.371+0000][7][gc,phases   ] GC(225)   Other: 0.4ms
[2024-04-16T09:16:24.371+0000][7][gc,heap     ] GC(225) Eden regions: 152->0(152)
[2024-04-16T09:16:24.371+0000][7][gc,heap     ] GC(225) Survivor regions: 1->1(20)
[2024-04-16T09:16:24.371+0000][7][gc,heap     ] GC(225) Old regions: 21->21
[2024-04-16T09:16:24.371+0000][7][gc,heap     ] GC(225) Archive regions: 2->2
[2024-04-16T09:16:24.371+0000][7][gc,heap     ] GC(225) Humongous regions: 2->2
[2024-04-16T09:16:24.371+0000][7][gc,metaspace] GC(225) Metaspace: 101843K(106448K)->101843K(106448K) NonClass: 88795K(92240K)->88795K(92240K) Class: 13047K(14208K)->13047K(14208K)
[2024-04-16T09:16:24.371+0000][7][gc          ] GC(225) Pause Young (Normal) (G1 Evacuation Pause) 702M->94M(1024M) 1.913ms
[2024-04-16T09:16:24.371+0000][7][gc,cpu      ] GC(225) User=0.01s Sys=0.00s Real=0.00s
[2024-04-16T09:16:24.371+0000][7][safepoint   ] Safepoint "G1CollectForAllocation", Time since last: 1239874462 ns, Reaching safepoint: 90397 ns, At safepoint: 2002716 ns, Total: 2093113 ns
[2024-04-16T09:16:29.371+0000][7][safepoint   ] Safepoint "Cleanup", Time since last: 5000315879 ns, Reaching safepoint: 90578 ns, At safepoint: 3821 ns, Total: 94399 ns
[2024-04-16T09:16:30.371+0000][7][safepoint   ] Safepoint "Cleanup", Time since last: 1000095609 ns, Reaching safepoint: 81343 ns, At safepoint: 2327 ns, Total: 83670 ns
[2024-04-16T09:16:32.372+0000][7][safepoint   ] Safepoint "Cleanup", Time since last: 2000300368 ns, Reaching safepoint: 90492 ns, At safepoint: 4213 ns, Total: 94705 ns
[2024-04-16T09:16:36.372+0000][7][safepoint   ] Safepoint "Cleanup", Time since last: 4000330838 ns, Reaching safepoint: 87488 ns, At safepoint: 6366 ns, Total: 93854 ns
[2024-04-16T09:16:37.372+0000][7][safepoint   ] Safepoint "Cleanup", Time since last: 1000155445 ns, Reaching safepoint: 88021 ns, At safepoint: 6379 ns, Total: 94400 ns
[2024-04-16T09:16:39.373+0000][7][safepoint   ] Safepoint "Cleanup", Time since last: 2000232621 ns, Reaching safepoint: 81698 ns, At safepoint: 3565 ns, Total: 85263 ns
[2024-04-16T09:16:41.373+0000][7][safepoint   ] Safepoint "Cleanup", Time since last: 2000214504 ns, Reaching safepoint: 91886 ns, At safepoint: 5915 ns, Total: 97801 ns
[2024-04-16T09:16:45.374+0000][7][safepoint   ] Safepoint "Cleanup", Time since last: 4000332271 ns, Reaching safepoint: 85465 ns, At safepoint: 2819 ns, Total: 88284 ns
[2024-04-16T09:16:50.374+0000][7][safepoint   ] Safepoint "Cleanup", Time since last: 5000430381 ns, Reaching safepoint: 89368 ns, At safepoint: 6399 ns, Total: 95767 ns
[2024-04-16T09:16:53.374+0000][7][safepoint   ] Safepoint "Cleanup", Time since last: 3000216662 ns, Reaching safepoint: 111830 ns, At safepoint: 4209 ns, Total: 116039 ns
[2024-04-16T09:16:57.169+0000][7][safepoint   ] Safepoint "Cleanup", Time since last: 3794263196 ns, Reaching safepoint: 89454 ns, At safepoint: 3924 ns, Total: 93378 ns
[2024-04-16T09:16:58.169+0000][7][safepoint   ] Safepoint "Cleanup", Time since last: 1000297893 ns, Reaching safepoint: 140975 ns, At safepoint: 3088 ns, Total: 144063 ns
[2024-04-16T09:16:59.169+0000][7][safepoint   ] Safepoint "Cleanup", Time since last: 1000080451 ns, Reaching safepoint: 86525 ns, At safepoint: 3088 ns, Total: 89613 ns
[2024-04-16T09:17:04.627+0000][7][safepoint   ] Safepoint "Cleanup", Time since last: 5457187751 ns, Reaching safepoint: 135308 ns, At safepoint: 5402 ns, Total: 140710 ns
[2024-04-16T09:17:07.248+0000][7][safepoint   ] Safepoint "Cleanup", Time since last: 2621471572 ns, Reaching safepoint: 97272 ns, At safepoint: 3826 ns, Total: 101098 ns
[2024-04-16T09:17:19.249+0000][7][safepoint   ] Safepoint "Cleanup", Time since last: 12000756704 ns, Reaching safepoint: 86670 ns, At safepoint: 6443 ns, Total: 93113 ns
[2024-04-16T09:17:21.249+0000][7][safepoint   ] Safepoint "Cleanup", Time since last: 2000227422 ns, Reaching safepoint: 91363 ns, At safepoint: 3438 ns, Total: 94801 ns
[2024-04-16T09:18:41.253+0000][7][safepoint   ] Safepoint "Cleanup", Time since last: 80003911160 ns, Reaching safepoint: 90813 ns, At safepoint: 6247 ns, Total: 97060 ns
[2024-04-16T09:18:42.254+0000][7][safepoint   ] Safepoint "Cleanup", Time since last: 1000144147 ns, Reaching safepoint: 111757 ns, At safepoint: 4869 ns, Total: 116626 ns
[2024-04-16T09:18:43.254+0000][7][safepoint   ] Safepoint "Cleanup", Time since last: 1000154169 ns, Reaching safepoint: 90768 ns, At safepoint: 2941 ns, Total: 93709 ns
[2024-04-16T09:18:44.254+0000][7][safepoint   ] Safepoint "Cleanup", Time since last: 1000166784 ns, Reaching safepoint: 163766 ns, At safepoint: 5894 ns, Total: 169660 ns
[2024-04-16T09:18:45.255+0000][7][safepoint   ] Safepoint "Cleanup", Time since last: 1000140961 ns, Reaching safepoint: 165746 ns, At safepoint: 7062 ns, Total: 172808 ns
[2024-04-16T09:18:46.255+0000][7][safepoint   ] Safepoint "Cleanup", Time since last: 1000150543 ns, Reaching safepoint: 111973 ns, At safepoint: 5280 ns, Total: 117253 ns
[2024-04-16T09:18:48.255+0000][7][safepoint   ] Safepoint "Cleanup", Time since last: 2000168627 ns, Reaching safepoint: 91227 ns, At safepoint: 3559 ns, Total: 94786 ns
[2024-04-16T09:18:50.256+0000][7][safepoint   ] Safepoint "Cleanup", Time since last: 2000306394 ns, Reaching safepoint: 104647 ns, At safepoint: 3855 ns, Total: 108502 ns
[2024-04-16T09:18:57.256+0000][7][safepoint   ] Safepoint "Cleanup", Time since last: 7000510180 ns, Reaching safepoint: 94834 ns, At safepoint: 3282 ns, Total: 98116 ns
[2024-04-16T09:19:00.257+0000][7][safepoint   ] Safepoint "Cleanup", Time since last: 3000382642 ns, Reaching safepoint: 101120 ns, At safepoint: 2695 ns, Total: 103815 ns
[2024-04-16T09:19:05.257+0000][7][safepoint   ] Safepoint "Cleanup", Time since last: 5000366727 ns, Reaching safepoint: 84689 ns, At safepoint: 3615 ns, Total: 88304 ns
[2024-04-16T09:19:08.257+0000][7][safepoint   ] Safepoint "Cleanup", Time since last: 3000256348 ns, Reaching safepoint: 84099 ns, At safepoint: 5533 ns, Total: 89632 ns
[2024-04-16T09:19:10.258+0000][7][safepoint   ] Safepoint "Cleanup", Time since last: 2000206231 ns, Reaching safepoint: 97458 ns, At safepoint: 5554 ns, Total: 103012 ns
[2024-04-16T09:19:13.258+0000][7][safepoint   ] Safepoint "Cleanup", Time since last: 3000267547 ns, Reaching safepoint: 109958 ns, At safepoint: 3361 ns, Total: 113319 ns
[2024-04-16T09:19:15.258+0000][7][safepoint   ] Safepoint "Cleanup", Time since last: 2000171058 ns, Reaching safepoint: 86178 ns, At safepoint: 5195 ns, Total: 91373 ns
[2024-04-16T09:19:19.259+0000][7][safepoint   ] Safepoint "Cleanup", Time since last: 4000333012 ns, Reaching safepoint: 90055 ns, At safepoint: 3884 ns, Total: 93939 ns
[2024-04-16T10:39:57.034+0000][7][gc,start    ] GC(226) Pause Young (Normal) (G1 Evacuation Pause)
[2024-04-16T10:39:57.034+0000][7][gc,task     ] GC(226) Using 13 workers of 13 for evacuation
[2024-04-16T10:39:57.034+0000][7][gc,age      ] GC(226) Desired survivor size 41943040 bytes, new threshold 15 (max threshold 15)
[2024-04-16T10:39:57.037+0000][7][gc,age      ] GC(226) Age table with threshold 15 (max threshold 15)
[2024-04-16T10:39:57.037+0000][7][gc,age      ] GC(226) - age   1:      59832 bytes,      59832 total
[2024-04-16T10:39:57.037+0000][7][gc,age      ] GC(226) - age   2:     486376 bytes,     546208 total
[2024-04-16T10:39:57.037+0000][7][gc,age      ] GC(226) - age   3:       2264 bytes,     548472 total
[2024-04-16T10:39:57.037+0000][7][gc,age      ] GC(226) - age   4:        632 bytes,     549104 total
[2024-04-16T10:39:57.037+0000][7][gc,age      ] GC(226) - age   5:        312 bytes,     549416 total
[2024-04-16T10:39:57.037+0000][7][gc,age      ] GC(226) - age   6:        304 bytes,     549720 total
[2024-04-16T10:39:57.037+0000][7][gc,age      ] GC(226) - age   7:       1344 bytes,     551064 total
[2024-04-16T10:39:57.037+0000][7][gc,age      ] GC(226) - age   8:         40 bytes,     551104 total
[2024-04-16T10:39:57.037+0000][7][gc,age      ] GC(226) - age  10:        104 bytes,     551208 total
[2024-04-16T10:39:57.037+0000][7][gc,age      ] GC(226) - age  14:        160 bytes,     551368 total
[2024-04-16T10:39:57.037+0000][7][gc,age      ] GC(226) - age  15:        608 bytes,     551976 total
[2024-04-16T10:39:57.037+0000][7][gc,phases   ] GC(226)   Pre Evacuate Collection Set: 0.2ms
[2024-04-16T10:39:57.037+0000][7][gc,phases   ] GC(226)   Merge Heap Roots: 0.2ms
[2024-04-16T10:39:57.037+0000][7][gc,phases   ] GC(226)   Evacuate Collection Set: 2.0ms
[2024-04-16T10:39:57.037+0000][7][gc,phases   ] GC(226)   Post Evacuate Collection Set: 0.6ms
[2024-04-16T10:39:57.037+0000][7][gc,phases   ] GC(226)   Other: 0.4ms
[2024-04-16T10:39:57.037+0000][7][gc,heap     ] GC(226) Eden regions: 152->0(152)
[2024-04-16T10:39:57.037+0000][7][gc,heap     ] GC(226) Survivor regions: 1->1(20)
[2024-04-16T10:39:57.037+0000][7][gc,heap     ] GC(226) Old regions: 21->21
[2024-04-16T10:39:57.037+0000][7][gc,heap     ] GC(226) Archive regions: 2->2
[2024-04-16T10:39:57.037+0000][7][gc,heap     ] GC(226) Humongous regions: 2->2
[2024-04-16T10:39:57.037+0000][7][gc,metaspace] GC(226) Metaspace: 101929K(106448K)->101929K(106448K) NonClass: 88881K(92240K)->88881K(92240K) Class: 13048K(14208K)->13048K(14208K)
[2024-04-16T10:39:57.037+0000][7][gc          ] GC(226) Pause Young (Normal) (G1 Evacuation Pause) 702M->94M(1024M) 3.535ms
[2024-04-16T10:39:57.037+0000][7][gc,cpu      ] GC(226) User=0.00s Sys=0.00s Real=0.01s
[2024-04-16T10:39:57.038+0000][7][safepoint   ] Safepoint "G1CollectForAllocation", Time since last: 4837774929368 ns, Reaching safepoint: 124063 ns, At safepoint: 3626591 ns, Total: 3750654 ns
[2024-04-16T13:02:33.545+0000][7][safepoint   ] Safepoint "Cleanup", Time since last: 8556507163440 ns, Reaching safepoint: 93647 ns, At safepoint: 3632 ns, Total: 97279 ns
[2024-04-16T14:53:40.943+0000][7][safepoint   ] Safepoint "Cleanup", Time since last: 6667398419482 ns, Reaching safepoint: 91046 ns, At safepoint: 3477 ns, Total: 94523 ns
[2024-04-16T14:53:59.945+0000][7][safepoint   ] Safepoint "Cleanup", Time since last: 19001232462 ns, Reaching safepoint: 134634 ns, At safepoint: 4121 ns, Total: 138755 ns
[2024-04-16T16:46:09.343+0000][7][safepoint   ] Safepoint "Cleanup", Time since last: 6729398204268 ns, Reaching safepoint: 91666 ns, At safepoint: 3585 ns, Total: 95251 ns
[2024-04-16T17:26:16.459+0000][7][gc,start    ] GC(227) Pause Young (Normal) (G1 Evacuation Pause)
[2024-04-16T17:26:16.459+0000][7][gc,task     ] GC(227) Using 13 workers of 13 for evacuation
[2024-04-16T17:26:16.459+0000][7][gc,age      ] GC(227) Desired survivor size 41943040 bytes, new threshold 15 (max threshold 15)
[2024-04-16T17:26:16.460+0000][7][gc,age      ] GC(227) Age table with threshold 15 (max threshold 15)
[2024-04-16T17:26:16.460+0000][7][gc,age      ] GC(227) - age   1:     233312 bytes,     233312 total
[2024-04-16T17:26:16.460+0000][7][gc,age      ] GC(227) - age   2:      48944 bytes,     282256 total
[2024-04-16T17:26:16.460+0000][7][gc,age      ] GC(227) - age   3:      79744 bytes,     362000 total
[2024-04-16T17:26:16.460+0000][7][gc,age      ] GC(227) - age   4:       1320 bytes,     363320 total
[2024-04-16T17:26:16.460+0000][7][gc,age      ] GC(227) - age   5:        200 bytes,     363520 total
[2024-04-16T17:26:16.460+0000][7][gc,age      ] GC(227) - age   6:        312 bytes,     363832 total
[2024-04-16T17:26:16.460+0000][7][gc,age      ] GC(227) - age   7:        304 bytes,     364136 total
[2024-04-16T17:26:16.460+0000][7][gc,age      ] GC(227) - age   9:         40 bytes,     364176 total
[2024-04-16T17:26:16.460+0000][7][gc,age      ] GC(227) - age  11:        104 bytes,     364280 total
[2024-04-16T17:26:16.460+0000][7][gc,age      ] GC(227) - age  15:        160 bytes,     364440 total
[2024-04-16T17:26:16.460+0000][7][gc,phases   ] GC(227)   Pre Evacuate Collection Set: 0.2ms
[2024-04-16T17:26:16.461+0000][7][gc,phases   ] GC(227)   Merge Heap Roots: 0.1ms
[2024-04-16T17:26:16.461+0000][7][gc,phases   ] GC(227)   Evacuate Collection Set: 0.6ms
[2024-04-16T17:26:16.461+0000][7][gc,phases   ] GC(227)   Post Evacuate Collection Set: 0.5ms
[2024-04-16T17:26:16.461+0000][7][gc,phases   ] GC(227)   Other: 0.4ms
[2024-04-16T17:26:16.461+0000][7][gc,heap     ] GC(227) Eden regions: 152->0(152)
[2024-04-16T17:26:16.461+0000][7][gc,heap     ] GC(227) Survivor regions: 1->1(20)
[2024-04-16T17:26:16.461+0000][7][gc,heap     ] GC(227) Old regions: 21->21
[2024-04-16T17:26:16.461+0000][7][gc,heap     ] GC(227) Archive regions: 2->2
[2024-04-16T17:26:16.461+0000][7][gc,heap     ] GC(227) Humongous regions: 2->2
[2024-04-16T17:26:16.461+0000][7][gc,metaspace] GC(227) Metaspace: 101933K(106448K)->101933K(106448K) NonClass: 88885K(92240K)->88885K(92240K) Class: 13048K(14208K)->13048K(14208K)
[2024-04-16T17:26:16.461+0000][7][gc          ] GC(227) Pause Young (Normal) (G1 Evacuation Pause) 702M->94M(1024M) 1.967ms
[2024-04-16T17:26:16.461+0000][7][gc,cpu      ] GC(227) User=0.00s Sys=0.00s Real=0.00s
[2024-04-16T17:26:16.461+0000][7][safepoint   ] Safepoint "G1CollectForAllocation", Time since last: 2407115561104 ns, Reaching safepoint: 142331 ns, At safepoint: 2056596 ns, Total: 2198927 ns
[2024-04-16T21:03:02.215+0000][7][safepoint   ] Safepoint "Cleanup", Time since last: 13005754332148 ns, Reaching safepoint: 86190 ns, At safepoint: 3424 ns, Total: 89614 ns
[2024-04-16T21:03:03.215+0000][7][safepoint   ] Safepoint "Cleanup", Time since last: 1000154004 ns, Reaching safepoint: 96605 ns, At safepoint: 3473 ns, Total: 100078 ns
[2024-04-16T21:03:04.216+0000][7][safepoint   ] Safepoint "Cleanup", Time since last: 1000154571 ns, Reaching safepoint: 94631 ns, At safepoint: 3554 ns, Total: 98185 ns
[2024-04-16T21:03:21.217+0000][7][safepoint   ] Safepoint "Cleanup", Time since last: 17001114567 ns, Reaching safepoint: 82461 ns, At safepoint: 3597 ns, Total: 86058 ns
[2024-04-17T00:12:12.915+0000][7][gc,start    ] GC(228) Pause Young (Normal) (G1 Evacuation Pause)
[2024-04-17T00:12:12.915+0000][7][gc,task     ] GC(228) Using 13 workers of 13 for evacuation
[2024-04-17T00:12:12.915+0000][7][gc,age      ] GC(228) Desired survivor size 41943040 bytes, new threshold 15 (max threshold 15)
[2024-04-17T00:12:12.916+0000][7][gc,age      ] GC(228) Age table with threshold 15 (max threshold 15)
[2024-04-17T00:12:12.916+0000][7][gc,age      ] GC(228) - age   1:     201856 bytes,     201856 total
[2024-04-17T00:12:12.916+0000][7][gc,age      ] GC(228) - age   2:     188872 bytes,     390728 total
[2024-04-17T00:12:12.916+0000][7][gc,age      ] GC(228) - age   3:       6952 bytes,     397680 total
[2024-04-17T00:12:12.916+0000][7][gc,age      ] GC(228) - age   4:      79264 bytes,     476944 total
[2024-04-17T00:12:12.916+0000][7][gc,age      ] GC(228) - age   5:       1008 bytes,     477952 total
[2024-04-17T00:12:12.917+0000][7][gc,age      ] GC(228) - age   6:         80 bytes,     478032 total
[2024-04-17T00:12:12.917+0000][7][gc,age      ] GC(228) - age   8:        224 bytes,     478256 total
[2024-04-17T00:12:12.917+0000][7][gc,age      ] GC(228) - age  10:         40 bytes,     478296 total
[2024-04-17T00:12:12.917+0000][7][gc,age      ] GC(228) - age  12:        104 bytes,     478400 total
[2024-04-17T00:12:12.917+0000][7][gc,phases   ] GC(228)   Pre Evacuate Collection Set: 0.2ms
[2024-04-17T00:12:12.917+0000][7][gc,phases   ] GC(228)   Merge Heap Roots: 0.1ms
[2024-04-17T00:12:12.917+0000][7][gc,phases   ] GC(228)   Evacuate Collection Set: 0.9ms
[2024-04-17T00:12:12.917+0000][7][gc,phases   ] GC(228)   Post Evacuate Collection Set: 0.5ms
[2024-04-17T00:12:12.917+0000][7][gc,phases   ] GC(228)   Other: 0.4ms
[2024-04-17T00:12:12.917+0000][7][gc,heap     ] GC(228) Eden regions: 152->0(152)
[2024-04-17T00:12:12.917+0000][7][gc,heap     ] GC(228) Survivor regions: 1->1(20)
[2024-04-17T00:12:12.917+0000][7][gc,heap     ] GC(228) Old regions: 21->21
[2024-04-17T00:12:12.917+0000][7][gc,heap     ] GC(228) Archive regions: 2->2
[2024-04-17T00:12:12.917+0000][7][gc,heap     ] GC(228) Humongous regions: 2->2
[2024-04-17T00:12:12.917+0000][7][gc,metaspace] GC(228) Metaspace: 101936K(106448K)->101936K(106448K) NonClass: 88887K(92240K)->88887K(92240K) Class: 13048K(14208K)->13048K(14208K)
[2024-04-17T00:12:12.917+0000][7][gc          ] GC(228) Pause Young (Normal) (G1 Evacuation Pause) 702M->94M(1024M) 2.235ms
[2024-04-17T00:12:12.917+0000][7][gc,cpu      ] GC(228) User=0.01s Sys=0.01s Real=0.01s
[2024-04-17T00:12:12.917+0000][7][safepoint   ] Safepoint "G1CollectForAllocation", Time since last: 11331697539809 ns, Reaching safepoint: 85808 ns, At safepoint: 2325419 ns, Total: 2411227 ns
[2024-04-17T01:38:00.222+0000][7][safepoint   ] Safepoint "Cleanup", Time since last: 5147305088443 ns, Reaching safepoint: 130125 ns, At safepoint: 5981 ns, Total: 136106 ns
[2024-04-17T03:25:52.606+0000][7][safepoint   ] Safepoint "Cleanup", Time since last: 6472383464496 ns, Reaching safepoint: 104438 ns, At safepoint: 4253 ns, Total: 108691 ns
[2024-04-17T06:29:25.263+0000][7][safepoint   ] Safepoint "Cleanup", Time since last: 11012657007388 ns, Reaching safepoint: 133451 ns, At safepoint: 3606 ns, Total: 137057 ns
[2024-04-17T06:39:42.299+0000][7][safepoint   ] Safepoint "Cleanup", Time since last: 617036306514 ns, Reaching safepoint: 90552 ns, At safepoint: 4002 ns, Total: 94554 ns
[2024-04-17T06:52:53.920+0000][7][gc,start    ] GC(229) Pause Young (Normal) (G1 Evacuation Pause)
[2024-04-17T06:52:53.920+0000][7][gc,task     ] GC(229) Using 13 workers of 13 for evacuation
[2024-04-17T06:52:53.920+0000][7][gc,age      ] GC(229) Desired survivor size 41943040 bytes, new threshold 15 (max threshold 15)
[2024-04-17T06:52:53.922+0000][7][gc,age      ] GC(229) Age table with threshold 15 (max threshold 15)
[2024-04-17T06:52:53.922+0000][7][gc,age      ] GC(229) - age   1:     324816 bytes,     324816 total
[2024-04-17T06:52:53.922+0000][7][gc,age      ] GC(229) - age   2:     164088 bytes,     488904 total
[2024-04-17T06:52:53.922+0000][7][gc,age      ] GC(229) - age   3:     113984 bytes,     602888 total
[2024-04-17T06:52:53.922+0000][7][gc,age      ] GC(229) - age   4:       6504 bytes,     609392 total
[2024-04-17T06:52:53.922+0000][7][gc,age      ] GC(229) - age   5:      62432 bytes,     671824 total
[2024-04-17T06:52:53.922+0000][7][gc,age      ] GC(229) - age   7:         80 bytes,     671904 total
[2024-04-17T06:52:53.922+0000][7][gc,age      ] GC(229) - age   9:        224 bytes,     672128 total
[2024-04-17T06:52:53.922+0000][7][gc,age      ] GC(229) - age  11:         40 bytes,     672168 total
[2024-04-17T06:52:53.922+0000][7][gc,age      ] GC(229) - age  13:        104 bytes,     672272 total
[2024-04-17T06:52:53.922+0000][7][gc,phases   ] GC(229)   Pre Evacuate Collection Set: 0.2ms
[2024-04-17T06:52:53.922+0000][7][gc,phases   ] GC(229)   Merge Heap Roots: 0.1ms
[2024-04-17T06:52:53.922+0000][7][gc,phases   ] GC(229)   Evacuate Collection Set: 1.0ms
[2024-04-17T06:52:53.922+0000][7][gc,phases   ] GC(229)   Post Evacuate Collection Set: 0.6ms
[2024-04-17T06:52:53.922+0000][7][gc,phases   ] GC(229)   Other: 0.4ms
[2024-04-17T06:52:53.922+0000][7][gc,heap     ] GC(229) Eden regions: 152->0(152)
[2024-04-17T06:52:53.922+0000][7][gc,heap     ] GC(229) Survivor regions: 1->1(20)
[2024-04-17T06:52:53.922+0000][7][gc,heap     ] GC(229) Old regions: 21->21
[2024-04-17T06:52:53.922+0000][7][gc,heap     ] GC(229) Archive regions: 2->2
[2024-04-17T06:52:53.922+0000][7][gc,heap     ] GC(229) Humongous regions: 2->2
[2024-04-17T06:52:53.922+0000][7][gc,metaspace] GC(229) Metaspace: 101936K(106448K)->101936K(106448K) NonClass: 88887K(92240K)->88887K(92240K) Class: 13048K(14208K)->13048K(14208K)
[2024-04-17T06:52:53.922+0000][7][gc          ] GC(229) Pause Young (Normal) (G1 Evacuation Pause) 702M->94M(1024M) 2.380ms
[2024-04-17T06:52:53.922+0000][7][gc,cpu      ] GC(229) User=0.00s Sys=0.00s Real=0.00s
[2024-04-17T06:52:53.922+0000][7][safepoint   ] Safepoint "G1CollectForAllocation", Time since last: 791620633254 ns, Reaching safepoint: 87786 ns, At safepoint: 2473193 ns, Total: 2560979 ns
[2024-04-17T09:10:48.404+0000][7][safepoint   ] Safepoint "Cleanup", Time since last: 8274481717076 ns, Reaching safepoint: 96739 ns, At safepoint: 4101 ns, Total: 100840 ns
[2024-04-17T12:03:30.023+0000][7][safepoint   ] Safepoint "Cleanup", Time since last: 10361618938895 ns, Reaching safepoint: 88990 ns, At safepoint: 4166 ns, Total: 93156 ns
[2024-04-17T13:36:23.097+0000][7][gc,start    ] GC(230) Pause Young (Normal) (G1 Evacuation Pause)
[2024-04-17T13:36:23.097+0000][7][gc,task     ] GC(230) Using 13 workers of 13 for evacuation
[2024-04-17T13:36:23.097+0000][7][gc,age      ] GC(230) Desired survivor size 41943040 bytes, new threshold 15 (max threshold 15)
[2024-04-17T13:36:23.099+0000][7][gc,age      ] GC(230) Age table with threshold 15 (max threshold 15)
[2024-04-17T13:36:23.099+0000][7][gc,age      ] GC(230) - age   1:      79312 bytes,      79312 total
[2024-04-17T13:36:23.099+0000][7][gc,age      ] GC(230) - age   2:     277912 bytes,     357224 total
[2024-04-17T13:36:23.099+0000][7][gc,age      ] GC(230) - age   3:     130424 bytes,     487648 total
[2024-04-17T13:36:23.099+0000][7][gc,age      ] GC(230) - age   4:      97672 bytes,     585320 total
[2024-04-17T13:36:23.099+0000][7][gc,age      ] GC(230) - age   5:       6504 bytes,     591824 total
[2024-04-17T13:36:23.099+0000][7][gc,age      ] GC(230) - age   6:      62392 bytes,     654216 total
[2024-04-17T13:36:23.099+0000][7][gc,age      ] GC(230) - age   8:         80 bytes,     654296 total
[2024-04-17T13:36:23.099+0000][7][gc,age      ] GC(230) - age  10:        224 bytes,     654520 total
[2024-04-17T13:36:23.099+0000][7][gc,age      ] GC(230) - age  12:         40 bytes,     654560 total
[2024-04-17T13:36:23.099+0000][7][gc,age      ] GC(230) - age  14:        104 bytes,     654664 total
[2024-04-17T13:36:23.099+0000][7][gc,phases   ] GC(230)   Pre Evacuate Collection Set: 0.2ms
[2024-04-17T13:36:23.099+0000][7][gc,phases   ] GC(230)   Merge Heap Roots: 0.1ms
[2024-04-17T13:36:23.099+0000][7][gc,phases   ] GC(230)   Evacuate Collection Set: 1.1ms
[2024-04-17T13:36:23.099+0000][7][gc,phases   ] GC(230)   Post Evacuate Collection Set: 0.6ms
[2024-04-17T13:36:23.099+0000][7][gc,phases   ] GC(230)   Other: 0.4ms
[2024-04-17T13:36:23.099+0000][7][gc,heap     ] GC(230) Eden regions: 152->0(152)
[2024-04-17T13:36:23.099+0000][7][gc,heap     ] GC(230) Survivor regions: 1->1(20)
[2024-04-17T13:36:23.099+0000][7][gc,heap     ] GC(230) Old regions: 21->21
[2024-04-17T13:36:23.099+0000][7][gc,heap     ] GC(230) Archive regions: 2->2
[2024-04-17T13:36:23.099+0000][7][gc,heap     ] GC(230) Humongous regions: 2->2
[2024-04-17T13:36:23.099+0000][7][gc,metaspace] GC(230) Metaspace: 101936K(106448K)->101936K(106448K) NonClass: 88887K(92240K)->88887K(92240K) Class: 13048K(14208K)->13048K(14208K)
[2024-04-17T13:36:23.099+0000][7][gc          ] GC(230) Pause Young (Normal) (G1 Evacuation Pause) 702M->94M(1024M) 2.459ms
[2024-04-17T13:36:23.099+0000][7][gc,cpu      ] GC(230) User=0.00s Sys=0.00s Real=0.00s
[2024-04-17T13:36:23.099+0000][7][safepoint   ] Safepoint "G1CollectForAllocation", Time since last: 5573073579293 ns, Reaching safepoint: 89192 ns, At safepoint: 2554700 ns, Total: 2643892 ns
[2024-04-17T20:24:39.301+0000][7][gc,start    ] GC(231) Pause Young (Normal) (G1 Evacuation Pause)
[2024-04-17T20:24:39.302+0000][7][gc,task     ] GC(231) Using 13 workers of 13 for evacuation
[2024-04-17T20:24:39.302+0000][7][gc,age      ] GC(231) Desired survivor size 41943040 bytes, new threshold 15 (max threshold 15)
[2024-04-17T20:24:39.304+0000][7][gc,age      ] GC(231) Age table with threshold 15 (max threshold 15)
[2024-04-17T20:24:39.304+0000][7][gc,age      ] GC(231) - age   1:      70528 bytes,      70528 total
[2024-04-17T20:24:39.304+0000][7][gc,age      ] GC(231) - age   2:      35104 bytes,     105632 total
[2024-04-17T20:24:39.304+0000][7][gc,age      ] GC(231) - age   3:      17904 bytes,     123536 total
[2024-04-17T20:24:39.304+0000][7][gc,age      ] GC(231) - age   4:       1064 bytes,     124600 total
[2024-04-17T20:24:39.305+0000][7][gc,age      ] GC(231) - age   5:      65248 bytes,     189848 total
[2024-04-17T20:24:39.305+0000][7][gc,age      ] GC(231) - age   6:       6504 bytes,     196352 total
[2024-04-17T20:24:39.305+0000][7][gc,age      ] GC(231) - age   7:      62392 bytes,     258744 total
[2024-04-17T20:24:39.305+0000][7][gc,age      ] GC(231) - age   9:         80 bytes,     258824 total
[2024-04-17T20:24:39.305+0000][7][gc,age      ] GC(231) - age  11:        224 bytes,     259048 total
[2024-04-17T20:24:39.305+0000][7][gc,age      ] GC(231) - age  13:         40 bytes,     259088 total
[2024-04-17T20:24:39.305+0000][7][gc,age      ] GC(231) - age  15:        104 bytes,     259192 total
[2024-04-17T20:24:39.305+0000][7][gc,phases   ] GC(231)   Pre Evacuate Collection Set: 0.2ms
[2024-04-17T20:24:39.305+0000][7][gc,phases   ] GC(231)   Merge Heap Roots: 0.1ms
[2024-04-17T20:24:39.305+0000][7][gc,phases   ] GC(231)   Evacuate Collection Set: 1.8ms
[2024-04-17T20:24:39.305+0000][7][gc,phases   ] GC(231)   Post Evacuate Collection Set: 0.5ms
[2024-04-17T20:24:39.305+0000][7][gc,phases   ] GC(231)   Other: 0.5ms
[2024-04-17T20:24:39.305+0000][7][gc,heap     ] GC(231) Eden regions: 152->0(152)
[2024-04-17T20:24:39.305+0000][7][gc,heap     ] GC(231) Survivor regions: 1->1(20)
[2024-04-17T20:24:39.305+0000][7][gc,heap     ] GC(231) Old regions: 21->21
[2024-04-17T20:24:39.305+0000][7][gc,heap     ] GC(231) Archive regions: 2->2
[2024-04-17T20:24:39.305+0000][7][gc,heap     ] GC(231) Humongous regions: 2->2
[2024-04-17T20:24:39.305+0000][7][gc,metaspace] GC(231) Metaspace: 101936K(106448K)->101936K(106448K) NonClass: 88887K(92240K)->88887K(92240K) Class: 13048K(14208K)->13048K(14208K)
[2024-04-17T20:24:39.305+0000][7][gc          ] GC(231) Pause Young (Normal) (G1 Evacuation Pause) 702M->94M(1024M) 3.275ms
[2024-04-17T20:24:39.305+0000][7][gc,cpu      ] GC(231) User=0.01s Sys=0.00s Real=0.00s
[2024-04-17T20:24:39.305+0000][7][safepoint   ] Safepoint "G1CollectForAllocation", Time since last: 24496201953020 ns, Reaching safepoint: 90522 ns, At safepoint: 3377311 ns, Total: 3467833 ns
[2024-04-18T03:14:42.170+0000][7][gc,start    ] GC(232) Pause Young (Normal) (G1 Evacuation Pause)
[2024-04-18T03:14:42.170+0000][7][gc,task     ] GC(232) Using 13 workers of 13 for evacuation
[2024-04-18T03:14:42.171+0000][7][gc,age      ] GC(232) Desired survivor size 41943040 bytes, new threshold 15 (max threshold 15)
[2024-04-18T03:14:42.172+0000][7][gc,age      ] GC(232) Age table with threshold 15 (max threshold 15)
[2024-04-18T03:14:42.172+0000][7][gc,age      ] GC(232) - age   1:      87288 bytes,      87288 total
[2024-04-18T03:14:42.172+0000][7][gc,age      ] GC(232) - age   2:      41576 bytes,     128864 total
[2024-04-18T03:14:42.172+0000][7][gc,age      ] GC(232) - age   3:      18616 bytes,     147480 total
[2024-04-18T03:14:42.172+0000][7][gc,age      ] GC(232) - age   4:        800 bytes,     148280 total
[2024-04-18T03:14:42.172+0000][7][gc,age      ] GC(232) - age   5:        752 bytes,     149032 total
[2024-04-18T03:14:42.172+0000][7][gc,age      ] GC(232) - age   6:      48976 bytes,     198008 total
[2024-04-18T03:14:42.172+0000][7][gc,age      ] GC(232) - age   7:       6504 bytes,     204512 total
[2024-04-18T03:14:42.172+0000][7][gc,age      ] GC(232) - age   8:      62360 bytes,     266872 total
[2024-04-18T03:14:42.172+0000][7][gc,age      ] GC(232) - age  10:         80 bytes,     266952 total
[2024-04-18T03:14:42.172+0000][7][gc,age      ] GC(232) - age  12:        224 bytes,     267176 total
[2024-04-18T03:14:42.172+0000][7][gc,age      ] GC(232) - age  14:         40 bytes,     267216 total
[2024-04-18T03:14:42.172+0000][7][gc,phases   ] GC(232)   Pre Evacuate Collection Set: 0.2ms
[2024-04-18T03:14:42.172+0000][7][gc,phases   ] GC(232)   Merge Heap Roots: 0.1ms
[2024-04-18T03:14:42.172+0000][7][gc,phases   ] GC(232)   Evacuate Collection Set: 0.7ms
[2024-04-18T03:14:42.172+0000][7][gc,phases   ] GC(232)   Post Evacuate Collection Set: 0.6ms
[2024-04-18T03:14:42.172+0000][7][gc,phases   ] GC(232)   Other: 0.4ms
[2024-04-18T03:14:42.172+0000][7][gc,heap     ] GC(232) Eden regions: 152->0(152)
[2024-04-18T03:14:42.172+0000][7][gc,heap     ] GC(232) Survivor regions: 1->1(20)
[2024-04-18T03:14:42.172+0000][7][gc,heap     ] GC(232) Old regions: 21->21
[2024-04-18T03:14:42.172+0000][7][gc,heap     ] GC(232) Archive regions: 2->2
[2024-04-18T03:14:42.172+0000][7][gc,heap     ] GC(232) Humongous regions: 2->2
[2024-04-18T03:14:42.172+0000][7][gc,metaspace] GC(232) Metaspace: 101939K(106448K)->101939K(106448K) NonClass: 88891K(92240K)->88891K(92240K) Class: 13048K(14208K)->13048K(14208K)
[2024-04-18T03:14:42.172+0000][7][gc          ] GC(232) Pause Young (Normal) (G1 Evacuation Pause) 702M->94M(1024M) 2.101ms
[2024-04-18T03:14:42.172+0000][7][gc,cpu      ] GC(232) User=0.00s Sys=0.01s Real=0.00s
[2024-04-18T03:14:42.173+0000][7][safepoint   ] Safepoint "G1CollectForAllocation", Time since last: 24602865353170 ns, Reaching safepoint: 132595 ns, At safepoint: 2206502 ns, Total: 2339097 ns
[2024-04-18T04:01:51.312+0000][7][safepoint   ] Safepoint "Cleanup", Time since last: 2829139417542 ns, Reaching safepoint: 89566 ns, At safepoint: 3491 ns, Total: 93057 ns
[2024-04-18T04:01:52.312+0000][7][safepoint   ] Safepoint "Cleanup", Time since last: 1000177568 ns, Reaching safepoint: 91264 ns, At safepoint: 4410 ns, Total: 95674 ns
[2024-04-18T04:01:56.313+0000][7][safepoint   ] Safepoint "Cleanup", Time since last: 4000349958 ns, Reaching safepoint: 107857 ns, At safepoint: 4043 ns, Total: 111900 ns
[2024-04-18T04:22:36.388+0000][7][safepoint   ] Safepoint "Cleanup", Time since last: 1240074815030 ns, Reaching safepoint: 118419 ns, At safepoint: 11406 ns, Total: 129825 ns
[2024-04-18T04:24:00.393+0000][7][safepoint   ] Safepoint "Cleanup", Time since last: 84005210549 ns, Reaching safepoint: 128258 ns, At safepoint: 5326 ns, Total: 133584 ns
[2024-04-18T04:31:24.420+0000][7][safepoint   ] Safepoint "Cleanup", Time since last: 444026840676 ns, Reaching safepoint: 121090 ns, At safepoint: 4093 ns, Total: 125183 ns
[2024-04-18T05:39:22.699+0000][7][safepoint   ] Safepoint "Cleanup", Time since last: 4078279322372 ns, Reaching safepoint: 134937 ns, At safepoint: 4391 ns, Total: 139328 ns
[2024-04-18T05:41:24.707+0000][7][safepoint   ] Safepoint "Cleanup", Time since last: 122007662146 ns, Reaching safepoint: 91196 ns, At safepoint: 3599 ns, Total: 94795 ns
[2024-04-18T05:45:08.721+0000][7][safepoint   ] Safepoint "Cleanup", Time since last: 224013668128 ns, Reaching safepoint: 114041 ns, At safepoint: 5485 ns, Total: 119526 ns
[2024-04-18T06:56:10.977+0000][7][safepoint   ] Safepoint "Cleanup", Time since last: 4262255370216 ns, Reaching safepoint: 90213 ns, At safepoint: 8656 ns, Total: 98869 ns
[2024-04-18T08:07:38.527+0000][7][gc,start    ] GC(233) Pause Young (Normal) (G1 Evacuation Pause)
[2024-04-18T08:07:38.527+0000][7][gc,task     ] GC(233) Using 13 workers of 13 for evacuation
[2024-04-18T08:07:38.527+0000][7][gc,age      ] GC(233) Desired survivor size 41943040 bytes, new threshold 15 (max threshold 15)
[2024-04-18T08:07:38.528+0000][7][gc,age      ] GC(233) Age table with threshold 15 (max threshold 15)
[2024-04-18T08:07:38.529+0000][7][gc,age      ] GC(233) - age   1:     584272 bytes,     584272 total
[2024-04-18T08:07:38.529+0000][7][gc,age      ] GC(233) - age   2:      35384 bytes,     619656 total
[2024-04-18T08:07:38.529+0000][7][gc,age      ] GC(233) - age   3:        280 bytes,     619936 total
[2024-04-18T08:07:38.529+0000][7][gc,age      ] GC(233) - age   4:        432 bytes,     620368 total
[2024-04-18T08:07:38.529+0000][7][gc,age      ] GC(233) - age   5:         80 bytes,     620448 total
[2024-04-18T08:07:38.529+0000][7][gc,age      ] GC(233) - age   6:        392 bytes,     620840 total
[2024-04-18T08:07:38.529+0000][7][gc,age      ] GC(233) - age   7:      32784 bytes,     653624 total
[2024-04-18T08:07:38.529+0000][7][gc,age      ] GC(233) - age   8:       6504 bytes,     660128 total
[2024-04-18T08:07:38.529+0000][7][gc,age      ] GC(233) - age   9:      62360 bytes,     722488 total
[2024-04-18T08:07:38.529+0000][7][gc,age      ] GC(233) - age  11:         80 bytes,     722568 total
[2024-04-18T08:07:38.529+0000][7][gc,age      ] GC(233) - age  13:        224 bytes,     722792 total
[2024-04-18T08:07:38.529+0000][7][gc,age      ] GC(233) - age  15:         40 bytes,     722832 total
[2024-04-18T08:07:38.529+0000][7][gc,phases   ] GC(233)   Pre Evacuate Collection Set: 0.2ms
[2024-04-18T08:07:38.529+0000][7][gc,phases   ] GC(233)   Merge Heap Roots: 0.1ms
[2024-04-18T08:07:38.529+0000][7][gc,phases   ] GC(233)   Evacuate Collection Set: 0.8ms
[2024-04-18T08:07:38.529+0000][7][gc,phases   ] GC(233)   Post Evacuate Collection Set: 0.5ms
[2024-04-18T08:07:38.529+0000][7][gc,phases   ] GC(233)   Other: 0.5ms
[2024-04-18T08:07:38.529+0000][7][gc,heap     ] GC(233) Eden regions: 152->0(152)
[2024-04-18T08:07:38.529+0000][7][gc,heap     ] GC(233) Survivor regions: 1->1(20)
[2024-04-18T08:07:38.529+0000][7][gc,heap     ] GC(233) Old regions: 21->21
[2024-04-18T08:07:38.529+0000][7][gc,heap     ] GC(233) Archive regions: 2->2
[2024-04-18T08:07:38.529+0000][7][gc,heap     ] GC(233) Humongous regions: 2->2
[2024-04-18T08:07:38.529+0000][7][gc,metaspace] GC(233) Metaspace: 101958K(106448K)->101958K(106448K) NonClass: 88910K(92240K)->88910K(92240K) Class: 13048K(14208K)->13048K(14208K)
[2024-04-18T08:07:38.529+0000][7][gc          ] GC(233) Pause Young (Normal) (G1 Evacuation Pause) 702M->94M(1024M) 2.285ms
[2024-04-18T08:07:38.529+0000][7][gc,cpu      ] GC(233) User=0.01s Sys=0.00s Real=0.01s
[2024-04-18T08:07:38.529+0000][7][safepoint   ] Safepoint "G1CollectForAllocation", Time since last: 4287549951794 ns, Reaching safepoint: 86511 ns, At safepoint: 2377880 ns, Total: 2464391 ns
[2024-04-18T08:48:17.684+0000][7][safepoint   ] Safepoint "Cleanup", Time since last: 2439154894592 ns, Reaching safepoint: 95738 ns, At safepoint: 9309 ns, Total: 105047 ns
[2024-04-18T13:56:41.083+0000][7][gc,start    ] GC(234) Pause Young (Normal) (G1 Evacuation Pause)
[2024-04-18T13:56:41.083+0000][7][gc,task     ] GC(234) Using 13 workers of 13 for evacuation
[2024-04-18T13:56:41.083+0000][7][gc,age      ] GC(234) Desired survivor size 41943040 bytes, new threshold 15 (max threshold 15)
[2024-04-18T13:56:41.084+0000][7][gc,age      ] GC(234) Age table with threshold 15 (max threshold 15)
[2024-04-18T13:56:41.084+0000][7][gc,age      ] GC(234) - age   1:      59824 bytes,      59824 total
[2024-04-18T13:56:41.084+0000][7][gc,age      ] GC(234) - age   2:     547696 bytes,     607520 total
[2024-04-18T13:56:41.084+0000][7][gc,age      ] GC(234) - age   3:       2000 bytes,     609520 total
[2024-04-18T13:56:41.084+0000][7][gc,age      ] GC(234) - age   4:        200 bytes,     609720 total
[2024-04-18T13:56:41.084+0000][7][gc,age      ] GC(234) - age   5:        432 bytes,     610152 total
[2024-04-18T13:56:41.084+0000][7][gc,age      ] GC(234) - age   6:         80 bytes,     610232 total
[2024-04-18T13:56:41.084+0000][7][gc,age      ] GC(234) - age   7:        392 bytes,     610624 total
[2024-04-18T13:56:41.084+0000][7][gc,age      ] GC(234) - age   8:        480 bytes,     611104 total
[2024-04-18T13:56:41.084+0000][7][gc,age      ] GC(234) - age   9:       6504 bytes,     617608 total
[2024-04-18T13:56:41.084+0000][7][gc,age      ] GC(234) - age  10:      62360 bytes,     679968 total
[2024-04-18T13:56:41.084+0000][7][gc,age      ] GC(234) - age  12:         80 bytes,     680048 total
[2024-04-18T13:56:41.084+0000][7][gc,age      ] GC(234) - age  14:        224 bytes,     680272 total
[2024-04-18T13:56:41.084+0000][7][gc,phases   ] GC(234)   Pre Evacuate Collection Set: 0.2ms
[2024-04-18T13:56:41.085+0000][7][gc,phases   ] GC(234)   Merge Heap Roots: 0.1ms
[2024-04-18T13:56:41.085+0000][7][gc,phases   ] GC(234)   Evacuate Collection Set: 0.7ms
[2024-04-18T13:56:41.085+0000][7][gc,phases   ] GC(234)   Post Evacuate Collection Set: 0.5ms
[2024-04-18T13:56:41.085+0000][7][gc,phases   ] GC(234)   Other: 0.4ms
[2024-04-18T13:56:41.085+0000][7][gc,heap     ] GC(234) Eden regions: 152->0(152)
[2024-04-18T13:56:41.085+0000][7][gc,heap     ] GC(234) Survivor regions: 1->1(20)
[2024-04-18T13:56:41.085+0000][7][gc,heap     ] GC(234) Old regions: 21->21
[2024-04-18T13:56:41.085+0000][7][gc,heap     ] GC(234) Archive regions: 2->2
[2024-04-18T13:56:41.085+0000][7][gc,heap     ] GC(234) Humongous regions: 2->2
[2024-04-18T13:56:41.085+0000][7][gc,metaspace] GC(234) Metaspace: 101958K(106448K)->101958K(106448K) NonClass: 88910K(92240K)->88910K(92240K) Class: 13048K(14208K)->13048K(14208K)
[2024-04-18T13:56:41.085+0000][7][gc          ] GC(234) Pause Young (Normal) (G1 Evacuation Pause) 702M->94M(1024M) 2.034ms
[2024-04-18T13:56:41.085+0000][7][gc,cpu      ] GC(234) User=0.01s Sys=0.00s Real=0.00s
[2024-04-18T13:56:41.085+0000][7][safepoint   ] Safepoint "G1CollectForAllocation", Time since last: 18503398562716 ns, Reaching safepoint: 93609 ns, At safepoint: 2136391 ns, Total: 2230000 ns
[2024-04-18T17:18:03.806+0000][7][safepoint   ] Safepoint "Cleanup", Time since last: 12082721128553 ns, Reaching safepoint: 88026 ns, At safepoint: 3101 ns, Total: 91127 ns
[2024-04-18T18:26:08.047+0000][7][safepoint   ] Safepoint "Cleanup", Time since last: 4084240973374 ns, Reaching safepoint: 90192 ns, At safepoint: 3911 ns, Total: 94103 ns
[2024-04-18T18:49:02.129+0000][7][safepoint   ] Safepoint "Cleanup", Time since last: 1374082161676 ns, Reaching safepoint: 126518 ns, At safepoint: 3738 ns, Total: 130256 ns
[2024-04-18T20:45:43.491+0000][7][gc,start    ] GC(235) Pause Young (Normal) (G1 Evacuation Pause)
[2024-04-18T20:45:43.491+0000][7][gc,task     ] GC(235) Using 13 workers of 13 for evacuation
[2024-04-18T20:45:43.491+0000][7][gc,age      ] GC(235) Desired survivor size 41943040 bytes, new threshold 15 (max threshold 15)
[2024-04-18T20:45:43.493+0000][7][gc,age      ] GC(235) Age table with threshold 15 (max threshold 15)
[2024-04-18T20:45:43.493+0000][7][gc,age      ] GC(235) - age   1:     217848 bytes,     217848 total
[2024-04-18T20:45:43.493+0000][7][gc,age      ] GC(235) - age   2:      42072 bytes,     259920 total
[2024-04-18T20:45:43.493+0000][7][gc,age      ] GC(235) - age   3:     150880 bytes,     410800 total
[2024-04-18T20:45:43.493+0000][7][gc,age      ] GC(235) - age   4:        696 bytes,     411496 total
[2024-04-18T20:45:43.493+0000][7][gc,age      ] GC(235) - age   6:         40 bytes,     411536 total
[2024-04-18T20:45:43.493+0000][7][gc,age      ] GC(235) - age   8:         80 bytes,     411616 total
[2024-04-18T20:45:43.494+0000][7][gc,age      ] GC(235) - age   9:        240 bytes,     411856 total
[2024-04-18T20:45:43.494+0000][7][gc,age      ] GC(235) - age  10:       6504 bytes,     418360 total
[2024-04-18T20:45:43.494+0000][7][gc,age      ] GC(235) - age  11:      62360 bytes,     480720 total
[2024-04-18T20:45:43.494+0000][7][gc,age      ] GC(235) - age  13:         80 bytes,     480800 total
[2024-04-18T20:45:43.494+0000][7][gc,age      ] GC(235) - age  15:        224 bytes,     481024 total
[2024-04-18T20:45:43.494+0000][7][gc,phases   ] GC(235)   Pre Evacuate Collection Set: 0.3ms
[2024-04-18T20:45:43.494+0000][7][gc,phases   ] GC(235)   Merge Heap Roots: 0.2ms
[2024-04-18T20:45:43.494+0000][7][gc,phases   ] GC(235)   Evacuate Collection Set: 0.8ms
[2024-04-18T20:45:43.494+0000][7][gc,phases   ] GC(235)   Post Evacuate Collection Set: 0.6ms
[2024-04-18T20:45:43.494+0000][7][gc,phases   ] GC(235)   Other: 0.5ms
[2024-04-18T20:45:43.494+0000][7][gc,heap     ] GC(235) Eden regions: 152->0(152)
[2024-04-18T20:45:43.494+0000][7][gc,heap     ] GC(235) Survivor regions: 1->1(20)
[2024-04-18T20:45:43.494+0000][7][gc,heap     ] GC(235) Old regions: 21->21
[2024-04-18T20:45:43.494+0000][7][gc,heap     ] GC(235) Archive regions: 2->2
[2024-04-18T20:45:43.494+0000][7][gc,heap     ] GC(235) Humongous regions: 2->2
[2024-04-18T20:45:43.494+0000][7][gc,metaspace] GC(235) Metaspace: 101979K(106448K)->101979K(106448K) NonClass: 88931K(92240K)->88931K(92240K) Class: 13048K(14208K)->13048K(14208K)
[2024-04-18T20:45:43.494+0000][7][gc          ] GC(235) Pause Young (Normal) (G1 Evacuation Pause) 702M->94M(1024M) 2.424ms
[2024-04-18T20:45:43.494+0000][7][gc,cpu      ] GC(235) User=0.00s Sys=0.00s Real=0.00s
[2024-04-18T20:45:43.494+0000][7][safepoint   ] Safepoint "G1CollectForAllocation", Time since last: 7001361910703 ns, Reaching safepoint: 99352 ns, At safepoint: 2523636 ns, Total: 2622988 ns
[2024-04-19T03:31:59.504+0000][7][gc,start    ] GC(236) Pause Young (Normal) (G1 Evacuation Pause)
[2024-04-19T03:31:59.504+0000][7][gc,task     ] GC(236) Using 13 workers of 13 for evacuation
[2024-04-19T03:31:59.504+0000][7][gc,age      ] GC(236) Desired survivor size 41943040 bytes, new threshold 15 (max threshold 15)
[2024-04-19T03:31:59.506+0000][7][gc,age      ] GC(236) Age table with threshold 15 (max threshold 15)
[2024-04-19T03:31:59.506+0000][7][gc,age      ] GC(236) - age   1:     273440 bytes,     273440 total
[2024-04-19T03:31:59.506+0000][7][gc,age      ] GC(236) - age   2:     132256 bytes,     405696 total
[2024-04-19T03:31:59.507+0000][7][gc,age      ] GC(236) - age   3:      33128 bytes,     438824 total
[2024-04-19T03:31:59.507+0000][7][gc,age      ] GC(236) - age   4:     134128 bytes,     572952 total
[2024-04-19T03:31:59.507+0000][7][gc,age      ] GC(236) - age   5:         40 bytes,     572992 total
[2024-04-19T03:31:59.507+0000][7][gc,age      ] GC(236) - age   9:         80 bytes,     573072 total
[2024-04-19T03:31:59.507+0000][7][gc,age      ] GC(236) - age  10:        240 bytes,     573312 total
[2024-04-19T03:31:59.507+0000][7][gc,age      ] GC(236) - age  11:       6504 bytes,     579816 total
[2024-04-19T03:31:59.507+0000][7][gc,age      ] GC(236) - age  12:      62360 bytes,     642176 total
[2024-04-19T03:31:59.507+0000][7][gc,age      ] GC(236) - age  14:         80 bytes,     642256 total
[2024-04-19T03:31:59.507+0000][7][gc,phases   ] GC(236)   Pre Evacuate Collection Set: 0.2ms
[2024-04-19T03:31:59.507+0000][7][gc,phases   ] GC(236)   Merge Heap Roots: 0.1ms
[2024-04-19T03:31:59.507+0000][7][gc,phases   ] GC(236)   Evacuate Collection Set: 1.3ms
[2024-04-19T03:31:59.507+0000][7][gc,phases   ] GC(236)   Post Evacuate Collection Set: 0.5ms
[2024-04-19T03:31:59.507+0000][7][gc,phases   ] GC(236)   Other: 0.4ms
[2024-04-19T03:31:59.507+0000][7][gc,heap     ] GC(236) Eden regions: 152->0(152)
[2024-04-19T03:31:59.507+0000][7][gc,heap     ] GC(236) Survivor regions: 1->1(20)
[2024-04-19T03:31:59.507+0000][7][gc,heap     ] GC(236) Old regions: 21->21
[2024-04-19T03:31:59.507+0000][7][gc,heap     ] GC(236) Archive regions: 2->2
[2024-04-19T03:31:59.507+0000][7][gc,heap     ] GC(236) Humongous regions: 2->2
[2024-04-19T03:31:59.507+0000][7][gc,metaspace] GC(236) Metaspace: 101979K(106448K)->101979K(106448K) NonClass: 88931K(92240K)->88931K(92240K) Class: 13048K(14208K)->13048K(14208K)
[2024-04-19T03:31:59.507+0000][7][gc          ] GC(236) Pause Young (Normal) (G1 Evacuation Pause) 702M->94M(1024M) 2.680ms
[2024-04-19T03:31:59.507+0000][7][gc,cpu      ] GC(236) User=0.00s Sys=0.00s Real=0.01s
[2024-04-19T03:31:59.507+0000][7][safepoint   ] Safepoint "G1CollectForAllocation", Time since last: 24376010155017 ns, Reaching safepoint: 79404 ns, At safepoint: 2772295 ns, Total: 2851699 ns
[2024-04-19T05:30:45.931+0000][7][safepoint   ] Safepoint "Cleanup", Time since last: 7126424408472 ns, Reaching safepoint: 82492 ns, At safepoint: 2825 ns, Total: 85317 ns
[2024-04-19T06:34:05.158+0000][7][safepoint   ] Safepoint "Cleanup", Time since last: 3799226491878 ns, Reaching safepoint: 87151 ns, At safepoint: 3686 ns, Total: 90837 ns
[2024-04-19T10:14:34.501+0000][7][gc,start    ] GC(237) Pause Young (Normal) (G1 Evacuation Pause)
[2024-04-19T10:14:34.501+0000][7][gc,task     ] GC(237) Using 13 workers of 13 for evacuation
[2024-04-19T10:14:34.501+0000][7][gc,age      ] GC(237) Desired survivor size 41943040 bytes, new threshold 15 (max threshold 15)
[2024-04-19T10:14:34.504+0000][7][gc,age      ] GC(237) Age table with threshold 15 (max threshold 15)
[2024-04-19T10:14:34.504+0000][7][gc,age      ] GC(237) - age   1:     218952 bytes,     218952 total
[2024-04-19T10:14:34.504+0000][7][gc,age      ] GC(237) - age   2:      18328 bytes,     237280 total
[2024-04-19T10:14:34.504+0000][7][gc,age      ] GC(237) - age   3:      81696 bytes,     318976 total
[2024-04-19T10:14:34.504+0000][7][gc,age      ] GC(237) - age   4:      32424 bytes,     351400 total
[2024-04-19T10:14:34.504+0000][7][gc,age      ] GC(237) - age   5:     133688 bytes,     485088 total
[2024-04-19T10:14:34.504+0000][7][gc,age      ] GC(237) - age   6:         40 bytes,     485128 total
[2024-04-19T10:14:34.504+0000][7][gc,age      ] GC(237) - age  10:         80 bytes,     485208 total
[2024-04-19T10:14:34.504+0000][7][gc,age      ] GC(237) - age  11:        240 bytes,     485448 total
[2024-04-19T10:14:34.504+0000][7][gc,age      ] GC(237) - age  12:       6504 bytes,     491952 total
[2024-04-19T10:14:34.504+0000][7][gc,age      ] GC(237) - age  13:      62360 bytes,     554312 total
[2024-04-19T10:14:34.504+0000][7][gc,age      ] GC(237) - age  15:         80 bytes,     554392 total
[2024-04-19T10:14:34.504+0000][7][gc,phases   ] GC(237)   Pre Evacuate Collection Set: 0.2ms
[2024-04-19T10:14:34.504+0000][7][gc,phases   ] GC(237)   Merge Heap Roots: 0.1ms
[2024-04-19T10:14:34.504+0000][7][gc,phases   ] GC(237)   Evacuate Collection Set: 2.0ms
[2024-04-19T10:14:34.504+0000][7][gc,phases   ] GC(237)   Post Evacuate Collection Set: 0.6ms
[2024-04-19T10:14:34.504+0000][7][gc,phases   ] GC(237)   Other: 0.4ms
[2024-04-19T10:14:34.504+0000][7][gc,heap     ] GC(237) Eden regions: 152->0(152)
[2024-04-19T10:14:34.504+0000][7][gc,heap     ] GC(237) Survivor regions: 1->1(20)
[2024-04-19T10:14:34.504+0000][7][gc,heap     ] GC(237) Old regions: 21->21
[2024-04-19T10:14:34.504+0000][7][gc,heap     ] GC(237) Archive regions: 2->2
[2024-04-19T10:14:34.504+0000][7][gc,heap     ] GC(237) Humongous regions: 2->2
[2024-04-19T10:14:34.504+0000][7][gc,metaspace] GC(237) Metaspace: 101983K(106448K)->101983K(106448K) NonClass: 88935K(92240K)->88935K(92240K) Class: 13048K(14208K)->13048K(14208K)
[2024-04-19T10:14:34.504+0000][7][gc          ] GC(237) Pause Young (Normal) (G1 Evacuation Pause) 702M->94M(1024M) 3.472ms
[2024-04-19T10:14:34.504+0000][7][gc,cpu      ] GC(237) User=0.00s Sys=0.01s Real=0.00s
[2024-04-19T10:14:34.504+0000][7][safepoint   ] Safepoint "G1CollectForAllocation", Time since last: 13229342760686 ns, Reaching safepoint: 92831 ns, At safepoint: 3567527 ns, Total: 3660358 ns
[2024-04-19T14:31:05.418+0000][7][safepoint   ] Safepoint "Cleanup", Time since last: 15390913894338 ns, Reaching safepoint: 125020 ns, At safepoint: 4352 ns, Total: 129372 ns
[2024-04-19T17:07:13.587+0000][7][gc,start    ] GC(238) Pause Young (Normal) (G1 Evacuation Pause)
[2024-04-19T17:07:13.587+0000][7][gc,task     ] GC(238) Using 13 workers of 13 for evacuation
[2024-04-19T17:07:13.587+0000][7][gc,age      ] GC(238) Desired survivor size 41943040 bytes, new threshold 15 (max threshold 15)
[2024-04-19T17:07:13.589+0000][7][gc,age      ] GC(238) Age table with threshold 15 (max threshold 15)
[2024-04-19T17:07:13.589+0000][7][gc,age      ] GC(238) - age   1:      55480 bytes,      55480 total
[2024-04-19T17:07:13.589+0000][7][gc,age      ] GC(238) - age   2:      43360 bytes,      98840 total
[2024-04-19T17:07:13.589+0000][7][gc,age      ] GC(238) - age   3:      18016 bytes,     116856 total
[2024-04-19T17:07:13.589+0000][7][gc,age      ] GC(238) - age   4:      16968 bytes,     133824 total
[2024-04-19T17:07:13.589+0000][7][gc,age      ] GC(238) - age   5:      32424 bytes,     166248 total
[2024-04-19T17:07:13.589+0000][7][gc,age      ] GC(238) - age   6:     133624 bytes,     299872 total
[2024-04-19T17:07:13.589+0000][7][gc,age      ] GC(238) - age   7:         40 bytes,     299912 total
[2024-04-19T17:07:13.589+0000][7][gc,age      ] GC(238) - age  11:         80 bytes,     299992 total
[2024-04-19T17:07:13.589+0000][7][gc,age      ] GC(238) - age  12:        240 bytes,     300232 total
[2024-04-19T17:07:13.589+0000][7][gc,age      ] GC(238) - age  13:       6504 bytes,     306736 total
[2024-04-19T17:07:13.589+0000][7][gc,age      ] GC(238) - age  14:      62360 bytes,     369096 total
[2024-04-19T17:07:13.590+0000][7][gc,phases   ] GC(238)   Pre Evacuate Collection Set: 0.2ms
[2024-04-19T17:07:13.590+0000][7][gc,phases   ] GC(238)   Merge Heap Roots: 0.1ms
[2024-04-19T17:07:13.590+0000][7][gc,phases   ] GC(238)   Evacuate Collection Set: 1.0ms
[2024-04-19T17:07:13.590+0000][7][gc,phases   ] GC(238)   Post Evacuate Collection Set: 0.5ms
[2024-04-19T17:07:13.590+0000][7][gc,phases   ] GC(238)   Other: 0.4ms
[2024-04-19T17:07:13.590+0000][7][gc,heap     ] GC(238) Eden regions: 152->0(152)
[2024-04-19T17:07:13.590+0000][7][gc,heap     ] GC(238) Survivor regions: 1->1(20)
[2024-04-19T17:07:13.590+0000][7][gc,heap     ] GC(238) Old regions: 21->21
[2024-04-19T17:07:13.590+0000][7][gc,heap     ] GC(238) Archive regions: 2->2
[2024-04-19T17:07:13.590+0000][7][gc,heap     ] GC(238) Humongous regions: 2->2
[2024-04-19T17:07:13.590+0000][7][gc,metaspace] GC(238) Metaspace: 101983K(106448K)->101983K(106448K) NonClass: 88935K(92240K)->88935K(92240K) Class: 13048K(14208K)->13048K(14208K)
[2024-04-19T17:07:13.590+0000][7][gc          ] GC(238) Pause Young (Normal) (G1 Evacuation Pause) 702M->94M(1024M) 2.391ms
[2024-04-19T17:07:13.590+0000][7][gc,cpu      ] GC(238) User=0.00s Sys=0.00s Real=0.00s
[2024-04-19T17:07:13.590+0000][7][safepoint   ] Safepoint "G1CollectForAllocation", Time since last: 9368168801027 ns, Reaching safepoint: 119152 ns, At safepoint: 2482681 ns, Total: 2601833 ns
[2024-04-19T23:59:23.677+0000][7][gc,start    ] GC(239) Pause Young (Normal) (G1 Evacuation Pause)
[2024-04-19T23:59:23.677+0000][7][gc,task     ] GC(239) Using 13 workers of 13 for evacuation
[2024-04-19T23:59:23.677+0000][7][gc,age      ] GC(239) Desired survivor size 41943040 bytes, new threshold 15 (max threshold 15)
[2024-04-19T23:59:23.679+0000][7][gc,age      ] GC(239) Age table with threshold 15 (max threshold 15)
[2024-04-19T23:59:23.680+0000][7][gc,age      ] GC(239) - age   1:      62352 bytes,      62352 total
[2024-04-19T23:59:23.680+0000][7][gc,age      ] GC(239) - age   2:      25784 bytes,      88136 total
[2024-04-19T23:59:23.680+0000][7][gc,age      ] GC(239) - age   3:      42760 bytes,     130896 total
[2024-04-19T23:59:23.680+0000][7][gc,age      ] GC(239) - age   4:      17704 bytes,     148600 total
[2024-04-19T23:59:23.680+0000][7][gc,age      ] GC(239) - age   5:      16376 bytes,     164976 total
[2024-04-19T23:59:23.680+0000][7][gc,age      ] GC(239) - age   6:      32424 bytes,     197400 total
[2024-04-19T23:59:23.680+0000][7][gc,age      ] GC(239) - age   7:     133624 bytes,     331024 total
[2024-04-19T23:59:23.680+0000][7][gc,age      ] GC(239) - age   8:         40 bytes,     331064 total
[2024-04-19T23:59:23.680+0000][7][gc,age      ] GC(239) - age  12:         80 bytes,     331144 total
[2024-04-19T23:59:23.680+0000][7][gc,age      ] GC(239) - age  13:        240 bytes,     331384 total
[2024-04-19T23:59:23.680+0000][7][gc,age      ] GC(239) - age  14:       6504 bytes,     337888 total
[2024-04-19T23:59:23.680+0000][7][gc,age      ] GC(239) - age  15:      62360 bytes,     400248 total
[2024-04-19T23:59:23.680+0000][7][gc,phases   ] GC(239)   Pre Evacuate Collection Set: 0.2ms
[2024-04-19T23:59:23.680+0000][7][gc,phases   ] GC(239)   Merge Heap Roots: 0.1ms
[2024-04-19T23:59:23.680+0000][7][gc,phases   ] GC(239)   Evacuate Collection Set: 1.1ms
[2024-04-19T23:59:23.680+0000][7][gc,phases   ] GC(239)   Post Evacuate Collection Set: 0.5ms
[2024-04-19T23:59:23.680+0000][7][gc,phases   ] GC(239)   Other: 0.4ms
[2024-04-19T23:59:23.680+0000][7][gc,heap     ] GC(239) Eden regions: 152->0(152)
[2024-04-19T23:59:23.680+0000][7][gc,heap     ] GC(239) Survivor regions: 1->1(20)
[2024-04-19T23:59:23.680+0000][7][gc,heap     ] GC(239) Old regions: 21->21
[2024-04-19T23:59:23.680+0000][7][gc,heap     ] GC(239) Archive regions: 2->2
[2024-04-19T23:59:23.680+0000][7][gc,heap     ] GC(239) Humongous regions: 2->2
[2024-04-19T23:59:23.680+0000][7][gc,metaspace] GC(239) Metaspace: 101983K(106448K)->101983K(106448K) NonClass: 88935K(92240K)->88935K(92240K) Class: 13048K(14208K)->13048K(14208K)
[2024-04-19T23:59:23.680+0000][7][gc          ] GC(239) Pause Young (Normal) (G1 Evacuation Pause) 702M->94M(1024M) 2.507ms
[2024-04-19T23:59:23.680+0000][7][gc,cpu      ] GC(239) User=0.00s Sys=0.00s Real=0.00s
[2024-04-19T23:59:23.680+0000][7][safepoint   ] Safepoint "G1CollectForAllocation", Time since last: 24730087438641 ns, Reaching safepoint: 111445 ns, At safepoint: 2597163 ns, Total: 2708608 ns
[2024-04-20T06:51:20.728+0000][7][gc,start    ] GC(240) Pause Young (Normal) (G1 Evacuation Pause)
[2024-04-20T06:51:20.728+0000][7][gc,task     ] GC(240) Using 13 workers of 13 for evacuation
[2024-04-20T06:51:20.728+0000][7][gc,age      ] GC(240) Desired survivor size 41943040 bytes, new threshold 15 (max threshold 15)
[2024-04-20T06:51:20.730+0000][7][gc,age      ] GC(240) Age table with threshold 15 (max threshold 15)
[2024-04-20T06:51:20.731+0000][7][gc,age      ] GC(240) - age   1:     107240 bytes,     107240 total
[2024-04-20T06:51:20.731+0000][7][gc,age      ] GC(240) - age   2:      41720 bytes,     148960 total
[2024-04-20T06:51:20.731+0000][7][gc,age      ] GC(240) - age   3:      24248 bytes,     173208 total
[2024-04-20T06:51:20.731+0000][7][gc,age      ] GC(240) - age   4:      25760 bytes,     198968 total
[2024-04-20T06:51:20.731+0000][7][gc,age      ] GC(240) - age   5:      16776 bytes,     215744 total
[2024-04-20T06:51:20.731+0000][7][gc,age      ] GC(240) - age   6:      16336 bytes,     232080 total
[2024-04-20T06:51:20.731+0000][7][gc,age      ] GC(240) - age   7:      32424 bytes,     264504 total
[2024-04-20T06:51:20.731+0000][7][gc,age      ] GC(240) - age   8:     133544 bytes,     398048 total
[2024-04-20T06:51:20.731+0000][7][gc,age      ] GC(240) - age   9:         40 bytes,     398088 total
[2024-04-20T06:51:20.731+0000][7][gc,age      ] GC(240) - age  13:         80 bytes,     398168 total
[2024-04-20T06:51:20.731+0000][7][gc,age      ] GC(240) - age  14:        240 bytes,     398408 total
[2024-04-20T06:51:20.731+0000][7][gc,age      ] GC(240) - age  15:       6504 bytes,     404912 total
[2024-04-20T06:51:20.731+0000][7][gc,phases   ] GC(240)   Pre Evacuate Collection Set: 0.2ms
[2024-04-20T06:51:20.731+0000][7][gc,phases   ] GC(240)   Merge Heap Roots: 0.1ms
[2024-04-20T06:51:20.731+0000][7][gc,phases   ] GC(240)   Evacuate Collection Set: 1.7ms
[2024-04-20T06:51:20.731+0000][7][gc,phases   ] GC(240)   Post Evacuate Collection Set: 0.5ms
[2024-04-20T06:51:20.731+0000][7][gc,phases   ] GC(240)   Other: 0.5ms
[2024-04-20T06:51:20.731+0000][7][gc,heap     ] GC(240) Eden regions: 152->0(152)
[2024-04-20T06:51:20.731+0000][7][gc,heap     ] GC(240) Survivor regions: 1->1(20)
[2024-04-20T06:51:20.731+0000][7][gc,heap     ] GC(240) Old regions: 21->21
[2024-04-20T06:51:20.731+0000][7][gc,heap     ] GC(240) Archive regions: 2->2
[2024-04-20T06:51:20.731+0000][7][gc,heap     ] GC(240) Humongous regions: 2->2
[2024-04-20T06:51:20.731+0000][7][gc,metaspace] GC(240) Metaspace: 101986K(106448K)->101986K(106448K) NonClass: 88938K(92240K)->88938K(92240K) Class: 13048K(14208K)->13048K(14208K)
[2024-04-20T06:51:20.731+0000][7][gc          ] GC(240) Pause Young (Normal) (G1 Evacuation Pause) 702M->94M(1024M) 3.100ms
[2024-04-20T06:51:20.731+0000][7][gc,cpu      ] GC(240) User=0.00s Sys=0.01s Real=0.00s
[2024-04-20T06:51:20.731+0000][7][safepoint   ] Safepoint "G1CollectForAllocation", Time since last: 24717047603675 ns, Reaching safepoint: 177150 ns, At safepoint: 3193402 ns, Total: 3370552 ns
[2024-04-20T13:45:42.236+0000][7][gc,start    ] GC(241) Pause Young (Normal) (G1 Evacuation Pause)
[2024-04-20T13:45:42.236+0000][7][gc,task     ] GC(241) Using 13 workers of 13 for evacuation
[2024-04-20T13:45:42.236+0000][7][gc,age      ] GC(241) Desired survivor size 41943040 bytes, new threshold 15 (max threshold 15)
[2024-04-20T13:45:42.238+0000][7][gc,age      ] GC(241) Age table with threshold 15 (max threshold 15)
[2024-04-20T13:45:42.238+0000][7][gc,age      ] GC(241) - age   1:      97392 bytes,      97392 total
[2024-04-20T13:45:42.238+0000][7][gc,age      ] GC(241) - age   2:      27608 bytes,     125000 total
[2024-04-20T13:45:42.238+0000][7][gc,age      ] GC(241) - age   3:      25568 bytes,     150568 total
[2024-04-20T13:45:42.238+0000][7][gc,age      ] GC(241) - age   4:      16192 bytes,     166760 total
[2024-04-20T13:45:42.238+0000][7][gc,age      ] GC(241) - age   5:      17448 bytes,     184208 total
[2024-04-20T13:45:42.238+0000][7][gc,age      ] GC(241) - age   6:      16712 bytes,     200920 total
[2024-04-20T13:45:42.238+0000][7][gc,age      ] GC(241) - age   7:      16256 bytes,     217176 total
[2024-04-20T13:45:42.238+0000][7][gc,age      ] GC(241) - age   8:        120 bytes,     217296 total
[2024-04-20T13:45:42.238+0000][7][gc,age      ] GC(241) - age   9:     133544 bytes,     350840 total
[2024-04-20T13:45:42.238+0000][7][gc,age      ] GC(241) - age  10:         40 bytes,     350880 total
[2024-04-20T13:45:42.238+0000][7][gc,age      ] GC(241) - age  14:         80 bytes,     350960 total
[2024-04-20T13:45:42.238+0000][7][gc,age      ] GC(241) - age  15:        240 bytes,     351200 total
[2024-04-20T13:45:42.239+0000][7][gc,phases   ] GC(241)   Pre Evacuate Collection Set: 0.1ms
[2024-04-20T13:45:42.239+0000][7][gc,phases   ] GC(241)   Merge Heap Roots: 0.1ms
[2024-04-20T13:45:42.239+0000][7][gc,phases   ] GC(241)   Evacuate Collection Set: 1.3ms
[2024-04-20T13:45:42.239+0000][7][gc,phases   ] GC(241)   Post Evacuate Collection Set: 0.5ms
[2024-04-20T13:45:42.239+0000][7][gc,phases   ] GC(241)   Other: 0.4ms
[2024-04-20T13:45:42.239+0000][7][gc,heap     ] GC(241) Eden regions: 152->0(152)
[2024-04-20T13:45:42.239+0000][7][gc,heap     ] GC(241) Survivor regions: 1->1(20)
[2024-04-20T13:45:42.239+0000][7][gc,heap     ] GC(241) Old regions: 21->21
[2024-04-20T13:45:42.239+0000][7][gc,heap     ] GC(241) Archive regions: 2->2
[2024-04-20T13:45:42.239+0000][7][gc,heap     ] GC(241) Humongous regions: 2->2
[2024-04-20T13:45:42.239+0000][7][gc,metaspace] GC(241) Metaspace: 101986K(106448K)->101986K(106448K) NonClass: 88938K(92240K)->88938K(92240K) Class: 13048K(14208K)->13048K(14208K)
[2024-04-20T13:45:42.239+0000][7][gc          ] GC(241) Pause Young (Normal) (G1 Evacuation Pause) 702M->94M(1024M) 2.645ms
[2024-04-20T13:45:42.239+0000][7][gc,cpu      ] GC(241) User=0.01s Sys=0.00s Real=0.01s
[2024-04-20T13:45:42.239+0000][7][safepoint   ] Safepoint "G1CollectForAllocation", Time since last: 24861505028743 ns, Reaching safepoint: 82353 ns, At safepoint: 2737728 ns, Total: 2820081 ns
[2024-04-20T19:47:05.526+0000][7][safepoint   ] Safepoint "Cleanup", Time since last: 21683286846204 ns, Reaching safepoint: 96359 ns, At safepoint: 6094 ns, Total: 102453 ns
[2024-04-20T19:47:09.526+0000][7][safepoint   ] Safepoint "Cleanup", Time since last: 4000304482 ns, Reaching safepoint: 82803 ns, At safepoint: 3643 ns, Total: 86446 ns
[2024-04-20T19:47:10.526+0000][7][safepoint   ] Safepoint "Cleanup", Time since last: 1000168421 ns, Reaching safepoint: 84831 ns, At safepoint: 4148 ns, Total: 88979 ns
[2024-04-20T20:04:28.462+0000][7][gc,start    ] GC(242) Pause Young (Normal) (G1 Evacuation Pause)
[2024-04-20T20:04:28.462+0000][7][gc,task     ] GC(242) Using 13 workers of 13 for evacuation
[2024-04-20T20:04:28.462+0000][7][gc,age      ] GC(242) Desired survivor size 41943040 bytes, new threshold 15 (max threshold 15)
[2024-04-20T20:04:28.464+0000][7][gc,age      ] GC(242) Age table with threshold 15 (max threshold 15)
[2024-04-20T20:04:28.464+0000][7][gc,age      ] GC(242) - age   1:     455280 bytes,     455280 total
[2024-04-20T20:04:28.464+0000][7][gc,age      ] GC(242) - age   2:      64848 bytes,     520128 total
[2024-04-20T20:04:28.464+0000][7][gc,age      ] GC(242) - age   3:      26960 bytes,     547088 total
[2024-04-20T20:04:28.464+0000][7][gc,age      ] GC(242) - age   4:      25096 bytes,     572184 total
[2024-04-20T20:04:28.464+0000][7][gc,age      ] GC(242) - age   5:      16192 bytes,     588376 total
[2024-04-20T20:04:28.464+0000][7][gc,age      ] GC(242) - age   6:      16688 bytes,     605064 total
[2024-04-20T20:04:28.464+0000][7][gc,age      ] GC(242) - age   7:      16272 bytes,     621336 total
[2024-04-20T20:04:28.464+0000][7][gc,age      ] GC(242) - age   8:      16256 bytes,     637592 total
[2024-04-20T20:04:28.464+0000][7][gc,age      ] GC(242) - age   9:         80 bytes,     637672 total
[2024-04-20T20:04:28.464+0000][7][gc,age      ] GC(242) - age  10:     133544 bytes,     771216 total
[2024-04-20T20:04:28.464+0000][7][gc,age      ] GC(242) - age  11:         40 bytes,     771256 total
[2024-04-20T20:04:28.464+0000][7][gc,age      ] GC(242) - age  15:         80 bytes,     771336 total
[2024-04-20T20:04:28.464+0000][7][gc,phases   ] GC(242)   Pre Evacuate Collection Set: 0.2ms
[2024-04-20T20:04:28.464+0000][7][gc,phases   ] GC(242)   Merge Heap Roots: 0.1ms
[2024-04-20T20:04:28.464+0000][7][gc,phases   ] GC(242)   Evacuate Collection Set: 0.6ms
[2024-04-20T20:04:28.464+0000][7][gc,phases   ] GC(242)   Post Evacuate Collection Set: 0.6ms
[2024-04-20T20:04:28.464+0000][7][gc,phases   ] GC(242)   Other: 0.4ms
[2024-04-20T20:04:28.464+0000][7][gc,heap     ] GC(242) Eden regions: 152->0(152)
[2024-04-20T20:04:28.464+0000][7][gc,heap     ] GC(242) Survivor regions: 1->1(20)
[2024-04-20T20:04:28.464+0000][7][gc,heap     ] GC(242) Old regions: 21->21
[2024-04-20T20:04:28.464+0000][7][gc,heap     ] GC(242) Archive regions: 2->2
[2024-04-20T20:04:28.464+0000][7][gc,heap     ] GC(242) Humongous regions: 2->2
[2024-04-20T20:04:28.464+0000][7][gc,metaspace] GC(242) Metaspace: 101992K(106448K)->101992K(106448K) NonClass: 88944K(92240K)->88944K(92240K) Class: 13048K(14208K)->13048K(14208K)
[2024-04-20T20:04:28.464+0000][7][gc          ] GC(242) Pause Young (Normal) (G1 Evacuation Pause) 702M->94M(1024M) 1.905ms
[2024-04-20T20:04:28.464+0000][7][gc,cpu      ] GC(242) User=0.00s Sys=0.00s Real=0.00s
[2024-04-20T20:04:28.464+0000][7][safepoint   ] Safepoint "G1CollectForAllocation", Time since last: 1037935552569 ns, Reaching safepoint: 85824 ns, At safepoint: 1995756 ns, Total: 2081580 ns
[2024-04-21T02:58:31.980+0000][7][gc,start    ] GC(243) Pause Young (Normal) (G1 Evacuation Pause)
[2024-04-21T02:58:31.980+0000][7][gc,task     ] GC(243) Using 13 workers of 13 for evacuation
[2024-04-21T02:58:31.980+0000][7][gc,age      ] GC(243) Desired survivor size 41943040 bytes, new threshold 15 (max threshold 15)
[2024-04-21T02:58:31.982+0000][7][gc,age      ] GC(243) Age table with threshold 15 (max threshold 15)
[2024-04-21T02:58:31.982+0000][7][gc,age      ] GC(243) - age   1:      32424 bytes,      32424 total
[2024-04-21T02:58:31.982+0000][7][gc,age      ] GC(243) - age   2:      73760 bytes,     106184 total
[2024-04-21T02:58:31.982+0000][7][gc,age      ] GC(243) - age   3:      16392 bytes,     122576 total
[2024-04-21T02:58:31.982+0000][7][gc,age      ] GC(243) - age   4:      25888 bytes,     148464 total
[2024-04-21T02:58:31.982+0000][7][gc,age      ] GC(243) - age   5:      25096 bytes,     173560 total
[2024-04-21T02:58:31.982+0000][7][gc,age      ] GC(243) - age   6:         40 bytes,     173600 total
[2024-04-21T02:58:31.982+0000][7][gc,age      ] GC(243) - age   7:      16392 bytes,     189992 total
[2024-04-21T02:58:31.982+0000][7][gc,age      ] GC(243) - age   8:        120 bytes,     190112 total
[2024-04-21T02:58:31.982+0000][7][gc,age      ] GC(243) - age   9:        104 bytes,     190216 total
[2024-04-21T02:58:31.982+0000][7][gc,age      ] GC(243) - age  10:         40 bytes,     190256 total
[2024-04-21T02:58:31.982+0000][7][gc,age      ] GC(243) - age  11:     133544 bytes,     323800 total
[2024-04-21T02:58:31.982+0000][7][gc,age      ] GC(243) - age  12:         40 bytes,     323840 total
[2024-04-21T02:58:31.982+0000][7][gc,phases   ] GC(243)   Pre Evacuate Collection Set: 0.2ms
[2024-04-21T02:58:31.982+0000][7][gc,phases   ] GC(243)   Merge Heap Roots: 0.1ms
[2024-04-21T02:58:31.982+0000][7][gc,phases   ] GC(243)   Evacuate Collection Set: 1.1ms
[2024-04-21T02:58:31.982+0000][7][gc,phases   ] GC(243)   Post Evacuate Collection Set: 0.5ms
[2024-04-21T02:58:31.982+0000][7][gc,phases   ] GC(243)   Other: 0.4ms
[2024-04-21T02:58:31.982+0000][7][gc,heap     ] GC(243) Eden regions: 152->0(152)
[2024-04-21T02:58:31.982+0000][7][gc,heap     ] GC(243) Survivor regions: 1->1(20)
[2024-04-21T02:58:31.982+0000][7][gc,heap     ] GC(243) Old regions: 21->21
[2024-04-21T02:58:31.982+0000][7][gc,heap     ] GC(243) Archive regions: 2->2
[2024-04-21T02:58:31.982+0000][7][gc,heap     ] GC(243) Humongous regions: 2->2
[2024-04-21T02:58:31.982+0000][7][gc,metaspace] GC(243) Metaspace: 101992K(106448K)->101992K(106448K) NonClass: 88944K(92240K)->88944K(92240K) Class: 13048K(14208K)->13048K(14208K)
[2024-04-21T02:58:31.982+0000][7][gc          ] GC(243) Pause Young (Normal) (G1 Evacuation Pause) 702M->94M(1024M) 2.481ms
[2024-04-21T02:58:31.983+0000][7][gc,cpu      ] GC(243) User=0.01s Sys=0.00s Real=0.00s
[2024-04-21T02:58:31.983+0000][7][safepoint   ] Safepoint "G1CollectForAllocation", Time since last: 24843515941641 ns, Reaching safepoint: 85531 ns, At safepoint: 2571869 ns, Total: 2657400 ns
[2024-04-21T09:53:02.285+0000][7][gc,start    ] GC(244) Pause Young (Normal) (G1 Evacuation Pause)
[2024-04-21T09:53:02.285+0000][7][gc,task     ] GC(244) Using 13 workers of 13 for evacuation
[2024-04-21T09:53:02.285+0000][7][gc,age      ] GC(244) Desired survivor size 41943040 bytes, new threshold 15 (max threshold 15)
[2024-04-21T09:53:02.287+0000][7][gc,age      ] GC(244) Age table with threshold 15 (max threshold 15)
[2024-04-21T09:53:02.287+0000][7][gc,age      ] GC(244) - age   1:      64096 bytes,      64096 total
[2024-04-21T09:53:02.287+0000][7][gc,age      ] GC(244) - age   2:       1392 bytes,      65488 total
[2024-04-21T09:53:02.287+0000][7][gc,age      ] GC(244) - age   3:      28912 bytes,      94400 total
[2024-04-21T09:53:02.287+0000][7][gc,age      ] GC(244) - age   4:        200 bytes,      94600 total
[2024-04-21T09:53:02.287+0000][7][gc,age      ] GC(244) - age   5:       1424 bytes,      96024 total
[2024-04-21T09:53:02.287+0000][7][gc,age      ] GC(244) - age   6:        160 bytes,      96184 total
[2024-04-21T09:53:02.287+0000][7][gc,age      ] GC(244) - age   7:         40 bytes,      96224 total
[2024-04-21T09:53:02.287+0000][7][gc,age      ] GC(244) - age   8:        240 bytes,      96464 total
[2024-04-21T09:53:02.287+0000][7][gc,age      ] GC(244) - age   9:        120 bytes,      96584 total
[2024-04-21T09:53:02.287+0000][7][gc,age      ] GC(244) - age  10:        104 bytes,      96688 total
[2024-04-21T09:53:02.287+0000][7][gc,age      ] GC(244) - age  11:         40 bytes,      96728 total
[2024-04-21T09:53:02.287+0000][7][gc,age      ] GC(244) - age  12:     133544 bytes,     230272 total
[2024-04-21T09:53:02.287+0000][7][gc,age      ] GC(244) - age  13:         40 bytes,     230312 total
[2024-04-21T09:53:02.287+0000][7][gc,phases   ] GC(244)   Pre Evacuate Collection Set: 0.2ms
[2024-04-21T09:53:02.287+0000][7][gc,phases   ] GC(244)   Merge Heap Roots: 0.1ms
[2024-04-21T09:53:02.287+0000][7][gc,phases   ] GC(244)   Evacuate Collection Set: 1.5ms
[2024-04-21T09:53:02.287+0000][7][gc,phases   ] GC(244)   Post Evacuate Collection Set: 0.5ms
[2024-04-21T09:53:02.287+0000][7][gc,phases   ] GC(244)   Other: 0.4ms
[2024-04-21T09:53:02.288+0000][7][gc,heap     ] GC(244) Eden regions: 152->0(152)
[2024-04-21T09:53:02.288+0000][7][gc,heap     ] GC(244) Survivor regions: 1->1(20)
[2024-04-21T09:53:02.288+0000][7][gc,heap     ] GC(244) Old regions: 21->21
[2024-04-21T09:53:02.288+0000][7][gc,heap     ] GC(244) Archive regions: 2->2
[2024-04-21T09:53:02.288+0000][7][gc,heap     ] GC(244) Humongous regions: 2->2
[2024-04-21T09:53:02.288+0000][7][gc,metaspace] GC(244) Metaspace: 101992K(106448K)->101992K(106448K) NonClass: 88944K(92240K)->88944K(92240K) Class: 13048K(14208K)->13048K(14208K)
[2024-04-21T09:53:02.288+0000][7][gc          ] GC(244) Pause Young (Normal) (G1 Evacuation Pause) 702M->94M(1024M) 2.869ms
[2024-04-21T09:53:02.288+0000][7][gc,cpu      ] GC(244) User=0.00s Sys=0.00s Real=0.01s
[2024-04-21T09:53:02.288+0000][7][safepoint   ] Safepoint "G1CollectForAllocation", Time since last: 24870302055066 ns, Reaching safepoint: 101737 ns, At safepoint: 2960468 ns, Total: 3062205 ns
[2024-04-21T16:34:32.579+0000][7][gc,start    ] GC(245) Pause Young (Normal) (G1 Evacuation Pause)
[2024-04-21T16:34:32.579+0000][7][gc,task     ] GC(245) Using 13 workers of 13 for evacuation
[2024-04-21T16:34:32.579+0000][7][gc,age      ] GC(245) Desired survivor size 41943040 bytes, new threshold 15 (max threshold 15)
[2024-04-21T16:34:32.581+0000][7][gc,age      ] GC(245) Age table with threshold 15 (max threshold 15)
[2024-04-21T16:34:32.581+0000][7][gc,age      ] GC(245) - age   1:     309664 bytes,     309664 total
[2024-04-21T16:34:32.581+0000][7][gc,age      ] GC(245) - age   2:       8920 bytes,     318584 total
[2024-04-21T16:34:32.581+0000][7][gc,age      ] GC(245) - age   3:       1304 bytes,     319888 total
[2024-04-21T16:34:32.581+0000][7][gc,age      ] GC(245) - age   4:       1984 bytes,     321872 total
[2024-04-21T16:34:32.581+0000][7][gc,age      ] GC(245) - age   5:         80 bytes,     321952 total
[2024-04-21T16:34:32.581+0000][7][gc,age      ] GC(245) - age   6:        120 bytes,     322072 total
[2024-04-21T16:34:32.581+0000][7][gc,age      ] GC(245) - age   7:        120 bytes,     322192 total
[2024-04-21T16:34:32.581+0000][7][gc,age      ] GC(245) - age   9:        160 bytes,     322352 total
[2024-04-21T16:34:32.581+0000][7][gc,age      ] GC(245) - age  10:         40 bytes,     322392 total
[2024-04-21T16:34:32.581+0000][7][gc,age      ] GC(245) - age  11:        104 bytes,     322496 total
[2024-04-21T16:34:32.581+0000][7][gc,age      ] GC(245) - age  12:         40 bytes,     322536 total
[2024-04-21T16:34:32.581+0000][7][gc,age      ] GC(245) - age  13:     133544 bytes,     456080 total
[2024-04-21T16:34:32.581+0000][7][gc,age      ] GC(245) - age  14:         40 bytes,     456120 total
[2024-04-21T16:34:32.581+0000][7][gc,phases   ] GC(245)   Pre Evacuate Collection Set: 0.2ms
[2024-04-21T16:34:32.581+0000][7][gc,phases   ] GC(245)   Merge Heap Roots: 0.1ms
[2024-04-21T16:34:32.581+0000][7][gc,phases   ] GC(245)   Evacuate Collection Set: 0.7ms
[2024-04-21T16:34:32.581+0000][7][gc,phases   ] GC(245)   Post Evacuate Collection Set: 0.5ms
[2024-04-21T16:34:32.581+0000][7][gc,phases   ] GC(245)   Other: 0.4ms
[2024-04-21T16:34:32.581+0000][7][gc,heap     ] GC(245) Eden regions: 152->0(152)
[2024-04-21T16:34:32.581+0000][7][gc,heap     ] GC(245) Survivor regions: 1->1(20)
[2024-04-21T16:34:32.581+0000][7][gc,heap     ] GC(245) Old regions: 21->21
[2024-04-21T16:34:32.581+0000][7][gc,heap     ] GC(245) Archive regions: 2->2
[2024-04-21T16:34:32.581+0000][7][gc,heap     ] GC(245) Humongous regions: 2->2
[2024-04-21T16:34:32.581+0000][7][gc,metaspace] GC(245) Metaspace: 101992K(106448K)->101992K(106448K) NonClass: 88944K(92240K)->88944K(92240K) Class: 13048K(14208K)->13048K(14208K)
[2024-04-21T16:34:32.581+0000][7][gc          ] GC(245) Pause Young (Normal) (G1 Evacuation Pause) 702M->94M(1024M) 2.040ms
[2024-04-21T16:34:32.581+0000][7][gc,cpu      ] GC(245) User=0.00s Sys=0.00s Real=0.00s
[2024-04-21T16:34:32.581+0000][7][safepoint   ] Safepoint "G1CollectForAllocation", Time since last: 24090291530938 ns, Reaching safepoint: 107431 ns, At safepoint: 2132124 ns, Total: 2239555 ns
[2024-04-21T23:23:02.881+0000][7][gc,start    ] GC(246) Pause Young (Normal) (G1 Evacuation Pause)
[2024-04-21T23:23:02.881+0000][7][gc,task     ] GC(246) Using 13 workers of 13 for evacuation
[2024-04-21T23:23:02.881+0000][7][gc,age      ] GC(246) Desired survivor size 41943040 bytes, new threshold 15 (max threshold 15)
[2024-04-21T23:23:02.882+0000][7][gc,age      ] GC(246) Age table with threshold 15 (max threshold 15)
[2024-04-21T23:23:02.882+0000][7][gc,age      ] GC(246) - age   1:      69288 bytes,      69288 total
[2024-04-21T23:23:02.882+0000][7][gc,age      ] GC(246) - age   2:     107792 bytes,     177080 total
[2024-04-21T23:23:02.882+0000][7][gc,age      ] GC(246) - age   3:       8528 bytes,     185608 total
[2024-04-21T23:23:02.882+0000][7][gc,age      ] GC(246) - age   4:        992 bytes,     186600 total
[2024-04-21T23:23:02.882+0000][7][gc,age      ] GC(246) - age   5:       1984 bytes,     188584 total
[2024-04-21T23:23:02.882+0000][7][gc,age      ] GC(246) - age   6:         80 bytes,     188664 total
[2024-04-21T23:23:02.882+0000][7][gc,age      ] GC(246) - age   7:        120 bytes,     188784 total
[2024-04-21T23:23:02.882+0000][7][gc,age      ] GC(246) - age   8:         40 bytes,     188824 total
[2024-04-21T23:23:02.882+0000][7][gc,age      ] GC(246) - age  10:        120 bytes,     188944 total
[2024-04-21T23:23:02.882+0000][7][gc,age      ] GC(246) - age  11:         40 bytes,     188984 total
[2024-04-21T23:23:02.882+0000][7][gc,age      ] GC(246) - age  12:        104 bytes,     189088 total
[2024-04-21T23:23:02.882+0000][7][gc,age      ] GC(246) - age  13:         40 bytes,     189128 total
[2024-04-21T23:23:02.882+0000][7][gc,age      ] GC(246) - age  14:     133544 bytes,     322672 total
[2024-04-21T23:23:02.882+0000][7][gc,age      ] GC(246) - age  15:         40 bytes,     322712 total
[2024-04-21T23:23:02.882+0000][7][gc,phases   ] GC(246)   Pre Evacuate Collection Set: 0.2ms
[2024-04-21T23:23:02.882+0000][7][gc,phases   ] GC(246)   Merge Heap Roots: 0.1ms
[2024-04-21T23:23:02.882+0000][7][gc,phases   ] GC(246)   Evacuate Collection Set: 0.6ms
[2024-04-21T23:23:02.882+0000][7][gc,phases   ] GC(246)   Post Evacuate Collection Set: 0.5ms
[2024-04-21T23:23:02.882+0000][7][gc,phases   ] GC(246)   Other: 0.4ms
[2024-04-21T23:23:02.882+0000][7][gc,heap     ] GC(246) Eden regions: 152->0(152)
[2024-04-21T23:23:02.882+0000][7][gc,heap     ] GC(246) Survivor regions: 1->1(20)
[2024-04-21T23:23:02.882+0000][7][gc,heap     ] GC(246) Old regions: 21->21
[2024-04-21T23:23:02.882+0000][7][gc,heap     ] GC(246) Archive regions: 2->2
[2024-04-21T23:23:02.882+0000][7][gc,heap     ] GC(246) Humongous regions: 2->2
[2024-04-21T23:23:02.882+0000][7][gc,metaspace] GC(246) Metaspace: 101992K(106448K)->101992K(106448K) NonClass: 88944K(92240K)->88944K(92240K) Class: 13048K(14208K)->13048K(14208K)
[2024-04-21T23:23:02.882+0000][7][gc          ] GC(246) Pause Young (Normal) (G1 Evacuation Pause) 702M->94M(1024M) 1.951ms
[2024-04-21T23:23:02.882+0000][7][gc,cpu      ] GC(246) User=0.00s Sys=0.00s Real=0.00s
[2024-04-21T23:23:02.883+0000][7][safepoint   ] Safepoint "G1CollectForAllocation", Time since last: 24510298951311 ns, Reaching safepoint: 84020 ns, At safepoint: 2043344 ns, Total: 2127364 ns
[2024-04-22T00:51:49.198+0000][7][safepoint   ] Safepoint "Cleanup", Time since last: 5326314976909 ns, Reaching safepoint: 118639 ns, At safepoint: 3761 ns, Total: 122400 ns
[2024-04-22T03:33:17.773+0000][7][safepoint   ] Safepoint "Cleanup", Time since last: 9688575656476 ns, Reaching safepoint: 132179 ns, At safepoint: 3420 ns, Total: 135599 ns
[2024-04-22T06:13:03.181+0000][7][gc,start    ] GC(247) Pause Young (Normal) (G1 Evacuation Pause)
[2024-04-22T06:13:03.182+0000][7][gc,task     ] GC(247) Using 13 workers of 13 for evacuation
[2024-04-22T06:13:03.182+0000][7][gc,age      ] GC(247) Desired survivor size 41943040 bytes, new threshold 15 (max threshold 15)
[2024-04-22T06:13:03.184+0000][7][gc,age      ] GC(247) Age table with threshold 15 (max threshold 15)
[2024-04-22T06:13:03.184+0000][7][gc,age      ] GC(247) - age   1:     327512 bytes,     327512 total
[2024-04-22T06:13:03.184+0000][7][gc,age      ] GC(247) - age   2:      34296 bytes,     361808 total
[2024-04-22T06:13:03.184+0000][7][gc,age      ] GC(247) - age   3:      81336 bytes,     443144 total
[2024-04-22T06:13:03.184+0000][7][gc,age      ] GC(247) - age   4:         80 bytes,     443224 total
[2024-04-22T06:13:03.184+0000][7][gc,age      ] GC(247) - age   5:        336 bytes,     443560 total
[2024-04-22T06:13:03.184+0000][7][gc,age      ] GC(247) - age   6:       1208 bytes,     444768 total
[2024-04-22T06:13:03.184+0000][7][gc,age      ] GC(247) - age   8:         40 bytes,     444808 total
[2024-04-22T06:13:03.184+0000][7][gc,age      ] GC(247) - age   9:         40 bytes,     444848 total
[2024-04-22T06:13:03.184+0000][7][gc,age      ] GC(247) - age  11:         80 bytes,     444928 total
[2024-04-22T06:13:03.184+0000][7][gc,age      ] GC(247) - age  13:         64 bytes,     444992 total
[2024-04-22T06:13:03.184+0000][7][gc,age      ] GC(247) - age  14:         40 bytes,     445032 total
[2024-04-22T06:13:03.184+0000][7][gc,age      ] GC(247) - age  15:     133544 bytes,     578576 total
[2024-04-22T06:13:03.184+0000][7][gc,phases   ] GC(247)   Pre Evacuate Collection Set: 0.2ms
[2024-04-22T06:13:03.184+0000][7][gc,phases   ] GC(247)   Merge Heap Roots: 0.1ms
[2024-04-22T06:13:03.184+0000][7][gc,phases   ] GC(247)   Evacuate Collection Set: 1.0ms
[2024-04-22T06:13:03.184+0000][7][gc,phases   ] GC(247)   Post Evacuate Collection Set: 0.5ms
[2024-04-22T06:13:03.184+0000][7][gc,phases   ] GC(247)   Other: 0.4ms
[2024-04-22T06:13:03.184+0000][7][gc,heap     ] GC(247) Eden regions: 152->0(152)
[2024-04-22T06:13:03.184+0000][7][gc,heap     ] GC(247) Survivor regions: 1->1(20)
[2024-04-22T06:13:03.184+0000][7][gc,heap     ] GC(247) Old regions: 21->21
[2024-04-22T06:13:03.184+0000][7][gc,heap     ] GC(247) Archive regions: 2->2
[2024-04-22T06:13:03.184+0000][7][gc,heap     ] GC(247) Humongous regions: 2->2
[2024-04-22T06:13:03.184+0000][7][gc,metaspace] GC(247) Metaspace: 101994K(106448K)->101994K(106448K) NonClass: 88945K(92240K)->88945K(92240K) Class: 13048K(14208K)->13048K(14208K)
[2024-04-22T06:13:03.184+0000][7][gc          ] GC(247) Pause Young (Normal) (G1 Evacuation Pause) 702M->94M(1024M) 2.434ms
[2024-04-22T06:13:03.184+0000][7][gc,cpu      ] GC(247) User=0.00s Sys=0.00s Real=0.00s
[2024-04-22T06:13:03.184+0000][7][safepoint   ] Safepoint "G1CollectForAllocation", Time since last: 9585407936180 ns, Reaching safepoint: 84575 ns, At safepoint: 2525671 ns, Total: 2610246 ns
[2024-04-22T13:05:23.423+0000][7][gc,start    ] GC(248) Pause Young (Normal) (G1 Evacuation Pause)
[2024-04-22T13:05:23.423+0000][7][gc,task     ] GC(248) Using 13 workers of 13 for evacuation
[2024-04-22T13:05:23.423+0000][7][gc,age      ] GC(248) Desired survivor size 41943040 bytes, new threshold 15 (max threshold 15)
[2024-04-22T13:05:23.425+0000][7][gc,age      ] GC(248) Age table with threshold 15 (max threshold 15)
[2024-04-22T13:05:23.425+0000][7][gc,age      ] GC(248) - age   1:      54312 bytes,      54312 total
[2024-04-22T13:05:23.425+0000][7][gc,age      ] GC(248) - age   2:      28840 bytes,      83152 total
[2024-04-22T13:05:23.425+0000][7][gc,age      ] GC(248) - age   3:      32464 bytes,     115616 total
[2024-04-22T13:05:23.425+0000][7][gc,age      ] GC(248) - age   4:      48952 bytes,     164568 total
[2024-04-22T13:05:23.425+0000][7][gc,age      ] GC(248) - age   6:         40 bytes,     164608 total
[2024-04-22T13:05:23.425+0000][7][gc,age      ] GC(248) - age   7:       1208 bytes,     165816 total
[2024-04-22T13:05:23.425+0000][7][gc,age      ] GC(248) - age   9:         40 bytes,     165856 total
[2024-04-22T13:05:23.425+0000][7][gc,age      ] GC(248) - age  10:         40 bytes,     165896 total
[2024-04-22T13:05:23.425+0000][7][gc,age      ] GC(248) - age  12:         80 bytes,     165976 total
[2024-04-22T13:05:23.425+0000][7][gc,age      ] GC(248) - age  14:         64 bytes,     166040 total
[2024-04-22T13:05:23.425+0000][7][gc,phases   ] GC(248)   Pre Evacuate Collection Set: 0.1ms
[2024-04-22T13:05:23.425+0000][7][gc,phases   ] GC(248)   Merge Heap Roots: 0.1ms
[2024-04-22T13:05:23.425+0000][7][gc,phases   ] GC(248)   Evacuate Collection Set: 0.9ms
[2024-04-22T13:05:23.425+0000][7][gc,phases   ] GC(248)   Post Evacuate Collection Set: 0.5ms
[2024-04-22T13:05:23.425+0000][7][gc,phases   ] GC(248)   Other: 0.4ms
[2024-04-22T13:05:23.425+0000][7][gc,heap     ] GC(248) Eden regions: 152->0(152)
[2024-04-22T13:05:23.425+0000][7][gc,heap     ] GC(248) Survivor regions: 1->1(20)
[2024-04-22T13:05:23.425+0000][7][gc,heap     ] GC(248) Old regions: 21->21
[2024-04-22T13:05:23.425+0000][7][gc,heap     ] GC(248) Archive regions: 2->2
[2024-04-22T13:05:23.425+0000][7][gc,heap     ] GC(248) Humongous regions: 2->2
[2024-04-22T13:05:23.425+0000][7][gc,metaspace] GC(248) Metaspace: 101994K(106448K)->101994K(106448K) NonClass: 88945K(92240K)->88945K(92240K) Class: 13048K(14208K)->13048K(14208K)
[2024-04-22T13:05:23.425+0000][7][gc          ] GC(248) Pause Young (Normal) (G1 Evacuation Pause) 702M->94M(1024M) 2.191ms
[2024-04-22T13:05:23.425+0000][7][gc,cpu      ] GC(248) User=0.00s Sys=0.00s Real=0.00s
[2024-04-22T13:05:23.425+0000][7][safepoint   ] Safepoint "G1CollectForAllocation", Time since last: 24740238706000 ns, Reaching safepoint: 92268 ns, At safepoint: 2279233 ns, Total: 2371501 ns
[2024-04-22T19:55:23.111+0000][7][gc,start    ] GC(249) Pause Young (Normal) (G1 Evacuation Pause)
[2024-04-22T19:55:23.111+0000][7][gc,task     ] GC(249) Using 13 workers of 13 for evacuation
[2024-04-22T19:55:23.111+0000][7][gc,age      ] GC(249) Desired survivor size 41943040 bytes, new threshold 15 (max threshold 15)
[2024-04-22T19:55:23.113+0000][7][gc,age      ] GC(249) Age table with threshold 15 (max threshold 15)
[2024-04-22T19:55:23.113+0000][7][gc,age      ] GC(249) - age   1:      63504 bytes,      63504 total
[2024-04-22T19:55:23.113+0000][7][gc,age      ] GC(249) - age   2:      17128 bytes,      80632 total
[2024-04-22T19:55:23.113+0000][7][gc,age      ] GC(249) - age   3:      19976 bytes,     100608 total
[2024-04-22T19:55:23.113+0000][7][gc,age      ] GC(249) - age   4:        160 bytes,     100768 total
[2024-04-22T19:55:23.113+0000][7][gc,age      ] GC(249) - age   5:        456 bytes,     101224 total
[2024-04-22T19:55:23.113+0000][7][gc,age      ] GC(249) - age   7:         40 bytes,     101264 total
[2024-04-22T19:55:23.113+0000][7][gc,age      ] GC(249) - age   8:       1208 bytes,     102472 total
[2024-04-22T19:55:23.113+0000][7][gc,age      ] GC(249) - age  10:         40 bytes,     102512 total
[2024-04-22T19:55:23.113+0000][7][gc,age      ] GC(249) - age  11:         40 bytes,     102552 total
[2024-04-22T19:55:23.113+0000][7][gc,age      ] GC(249) - age  13:         80 bytes,     102632 total
[2024-04-22T19:55:23.113+0000][7][gc,age      ] GC(249) - age  15:         64 bytes,     102696 total
[2024-04-22T19:55:23.113+0000][7][gc,phases   ] GC(249)   Pre Evacuate Collection Set: 0.1ms
[2024-04-22T19:55:23.113+0000][7][gc,phases   ] GC(249)   Merge Heap Roots: 0.1ms
[2024-04-22T19:55:23.113+0000][7][gc,phases   ] GC(249)   Evacuate Collection Set: 0.6ms
[2024-04-22T19:55:23.113+0000][7][gc,phases   ] GC(249)   Post Evacuate Collection Set: 0.5ms
[2024-04-22T19:55:23.113+0000][7][gc,phases   ] GC(249)   Other: 0.4ms
[2024-04-22T19:55:23.113+0000][7][gc,heap     ] GC(249) Eden regions: 152->0(152)
[2024-04-22T19:55:23.113+0000][7][gc,heap     ] GC(249) Survivor regions: 1->1(20)
[2024-04-22T19:55:23.113+0000][7][gc,heap     ] GC(249) Old regions: 21->21
[2024-04-22T19:55:23.113+0000][7][gc,heap     ] GC(249) Archive regions: 2->2
[2024-04-22T19:55:23.113+0000][7][gc,heap     ] GC(249) Humongous regions: 2->2
[2024-04-22T19:55:23.113+0000][7][gc,metaspace] GC(249) Metaspace: 101995K(106448K)->101995K(106448K) NonClass: 88947K(92240K)->88947K(92240K) Class: 13048K(14208K)->13048K(14208K)
[2024-04-22T19:55:23.113+0000][7][gc          ] GC(249) Pause Young (Normal) (G1 Evacuation Pause) 702M->94M(1024M) 1.872ms
[2024-04-22T19:55:23.113+0000][7][gc,cpu      ] GC(249) User=0.00s Sys=0.00s Real=0.00s
[2024-04-22T19:55:23.113+0000][7][safepoint   ] Safepoint "G1CollectForAllocation", Time since last: 24599686054068 ns, Reaching safepoint: 91981 ns, At safepoint: 1968905 ns, Total: 2060886 ns
[2024-04-23T02:47:18.936+0000][7][gc,start    ] GC(250) Pause Young (Normal) (G1 Evacuation Pause)
[2024-04-23T02:47:18.936+0000][7][gc,task     ] GC(250) Using 13 workers of 13 for evacuation
[2024-04-23T02:47:18.936+0000][7][gc,age      ] GC(250) Desired survivor size 41943040 bytes, new threshold 15 (max threshold 15)
[2024-04-23T02:47:18.938+0000][7][gc,age      ] GC(250) Age table with threshold 15 (max threshold 15)
[2024-04-23T02:47:18.938+0000][7][gc,age      ] GC(250) - age   1:     194192 bytes,     194192 total
[2024-04-23T02:47:18.938+0000][7][gc,age      ] GC(250) - age   2:      18184 bytes,     212376 total
[2024-04-23T02:47:18.938+0000][7][gc,age      ] GC(250) - age   3:      16704 bytes,     229080 total
[2024-04-23T02:47:18.938+0000][7][gc,age      ] GC(250) - age   4:      17392 bytes,     246472 total
[2024-04-23T02:47:18.938+0000][7][gc,age      ] GC(250) - age   5:         40 bytes,     246512 total
[2024-04-23T02:47:18.938+0000][7][gc,age      ] GC(250) - age   6:        200 bytes,     246712 total
[2024-04-23T02:47:18.938+0000][7][gc,age      ] GC(250) - age   9:       1128 bytes,     247840 total
[2024-04-23T02:47:18.938+0000][7][gc,age      ] GC(250) - age  11:         40 bytes,     247880 total
[2024-04-23T02:47:18.938+0000][7][gc,age      ] GC(250) - age  12:         40 bytes,     247920 total
[2024-04-23T02:47:18.938+0000][7][gc,age      ] GC(250) - age  14:         80 bytes,     248000 total
[2024-04-23T02:47:18.938+0000][7][gc,phases   ] GC(250)   Pre Evacuate Collection Set: 0.2ms
[2024-04-23T02:47:18.938+0000][7][gc,phases   ] GC(250)   Merge Heap Roots: 0.2ms
[2024-04-23T02:47:18.938+0000][7][gc,phases   ] GC(250)   Evacuate Collection Set: 1.1ms
[2024-04-23T02:47:18.938+0000][7][gc,phases   ] GC(250)   Post Evacuate Collection Set: 0.6ms
[2024-04-23T02:47:18.938+0000][7][gc,phases   ] GC(250)   Other: 0.4ms
[2024-04-23T02:47:18.938+0000][7][gc,heap     ] GC(250) Eden regions: 152->0(152)
[2024-04-23T02:47:18.938+0000][7][gc,heap     ] GC(250) Survivor regions: 1->1(20)
[2024-04-23T02:47:18.938+0000][7][gc,heap     ] GC(250) Old regions: 21->21
[2024-04-23T02:47:18.938+0000][7][gc,heap     ] GC(250) Archive regions: 2->2
[2024-04-23T02:47:18.938+0000][7][gc,heap     ] GC(250) Humongous regions: 2->2
[2024-04-23T02:47:18.938+0000][7][gc,metaspace] GC(250) Metaspace: 101995K(106448K)->101995K(106448K) NonClass: 88947K(92240K)->88947K(92240K) Class: 13048K(14208K)->13048K(14208K)
[2024-04-23T02:47:18.938+0000][7][gc          ] GC(250) Pause Young (Normal) (G1 Evacuation Pause) 702M->94M(1024M) 2.537ms
[2024-04-23T02:47:18.938+0000][7][gc,cpu      ] GC(250) User=0.01s Sys=0.00s Real=0.01s
[2024-04-23T02:47:18.939+0000][7][safepoint   ] Safepoint "G1CollectForAllocation", Time since last: 24715822645500 ns, Reaching safepoint: 91256 ns, At safepoint: 2629418 ns, Total: 2720674 ns
[2024-04-23T09:03:06.384+0000][7][safepoint   ] Safepoint "Cleanup", Time since last: 22547445524538 ns, Reaching safepoint: 90852 ns, At safepoint: 3172 ns, Total: 94024 ns
[2024-04-23T09:40:47.191+0000][7][gc,start    ] GC(251) Pause Young (Normal) (G1 Evacuation Pause)
[2024-04-23T09:40:47.191+0000][7][gc,task     ] GC(251) Using 13 workers of 13 for evacuation
[2024-04-23T09:40:47.191+0000][7][gc,age      ] GC(251) Desired survivor size 41943040 bytes, new threshold 15 (max threshold 15)
[2024-04-23T09:40:47.193+0000][7][gc,age      ] GC(251) Age table with threshold 15 (max threshold 15)
[2024-04-23T09:40:47.193+0000][7][gc,age      ] GC(251) - age   1:     110952 bytes,     110952 total
[2024-04-23T09:40:47.193+0000][7][gc,age      ] GC(251) - age   2:     117120 bytes,     228072 total
[2024-04-23T09:40:47.193+0000][7][gc,age      ] GC(251) - age   3:      17832 bytes,     245904 total
[2024-04-23T09:40:47.193+0000][7][gc,age      ] GC(251) - age   4:      16312 bytes,     262216 total
[2024-04-23T09:40:47.193+0000][7][gc,age      ] GC(251) - age   5:      17272 bytes,     279488 total
[2024-04-23T09:40:47.193+0000][7][gc,age      ] GC(251) - age   7:        120 bytes,     279608 total
[2024-04-23T09:40:47.193+0000][7][gc,age      ] GC(251) - age  10:       1128 bytes,     280736 total
[2024-04-23T09:40:47.193+0000][7][gc,age      ] GC(251) - age  12:         40 bytes,     280776 total
[2024-04-23T09:40:47.193+0000][7][gc,age      ] GC(251) - age  13:         40 bytes,     280816 total
[2024-04-23T09:40:47.193+0000][7][gc,age      ] GC(251) - age  15:         80 bytes,     280896 total
[2024-04-23T09:40:47.193+0000][7][gc,phases   ] GC(251)   Pre Evacuate Collection Set: 0.1ms
[2024-04-23T09:40:47.193+0000][7][gc,phases   ] GC(251)   Merge Heap Roots: 0.1ms
[2024-04-23T09:40:47.193+0000][7][gc,phases   ] GC(251)   Evacuate Collection Set: 0.9ms
[2024-04-23T09:40:47.193+0000][7][gc,phases   ] GC(251)   Post Evacuate Collection Set: 0.6ms
[2024-04-23T09:40:47.193+0000][7][gc,phases   ] GC(251)   Other: 0.5ms
[2024-04-23T09:40:47.193+0000][7][gc,heap     ] GC(251) Eden regions: 152->0(152)
[2024-04-23T09:40:47.193+0000][7][gc,heap     ] GC(251) Survivor regions: 1->1(20)
[2024-04-23T09:40:47.193+0000][7][gc,heap     ] GC(251) Old regions: 21->21
[2024-04-23T09:40:47.193+0000][7][gc,heap     ] GC(251) Archive regions: 2->2
[2024-04-23T09:40:47.193+0000][7][gc,heap     ] GC(251) Humongous regions: 2->2
[2024-04-23T09:40:47.193+0000][7][gc,metaspace] GC(251) Metaspace: 101995K(106448K)->101995K(106448K) NonClass: 88947K(92240K)->88947K(92240K) Class: 13048K(14208K)->13048K(14208K)
[2024-04-23T09:40:47.193+0000][7][gc          ] GC(251) Pause Young (Normal) (G1 Evacuation Pause) 702M->94M(1024M) 2.297ms
[2024-04-23T09:40:47.193+0000][7][gc,cpu      ] GC(251) User=0.00s Sys=0.00s Real=0.00s
[2024-04-23T09:40:47.193+0000][7][safepoint   ] Safepoint "G1CollectForAllocation", Time since last: 2260806362320 ns, Reaching safepoint: 83786 ns, At safepoint: 2397431 ns, Total: 2481217 ns
[2024-04-23T16:34:47.276+0000][7][gc,start    ] GC(252) Pause Young (Normal) (G1 Evacuation Pause)
[2024-04-23T16:34:47.276+0000][7][gc,task     ] GC(252) Using 13 workers of 13 for evacuation
[2024-04-23T16:34:47.276+0000][7][gc,age      ] GC(252) Desired survivor size 41943040 bytes, new threshold 15 (max threshold 15)
[2024-04-23T16:34:47.278+0000][7][gc,age      ] GC(252) Age table with threshold 15 (max threshold 15)
[2024-04-23T16:34:47.278+0000][7][gc,age      ] GC(252) - age   1:      22760 bytes,      22760 total
[2024-04-23T16:34:47.278+0000][7][gc,age      ] GC(252) - age   2:      58224 bytes,      80984 total
[2024-04-23T16:34:47.278+0000][7][gc,age      ] GC(252) - age   3:      43072 bytes,     124056 total
[2024-04-23T16:34:47.278+0000][7][gc,age      ] GC(252) - age   4:        200 bytes,     124256 total
[2024-04-23T16:34:47.278+0000][7][gc,age      ] GC(252) - age   5:      16232 bytes,     140488 total
[2024-04-23T16:34:47.278+0000][7][gc,age      ] GC(252) - age   6:       1120 bytes,     141608 total
[2024-04-23T16:34:47.278+0000][7][gc,age      ] GC(252) - age   8:        120 bytes,     141728 total
[2024-04-23T16:34:47.278+0000][7][gc,age      ] GC(252) - age  11:       1128 bytes,     142856 total
[2024-04-23T16:34:47.278+0000][7][gc,age      ] GC(252) - age  13:         40 bytes,     142896 total
[2024-04-23T16:34:47.278+0000][7][gc,age      ] GC(252) - age  14:         40 bytes,     142936 total
[2024-04-23T16:34:47.278+0000][7][gc,phases   ] GC(252)   Pre Evacuate Collection Set: 0.1ms
[2024-04-23T16:34:47.278+0000][7][gc,phases   ] GC(252)   Merge Heap Roots: 0.1ms
[2024-04-23T16:34:47.278+0000][7][gc,phases   ] GC(252)   Evacuate Collection Set: 1.3ms
[2024-04-23T16:34:47.279+0000][7][gc,phases   ] GC(252)   Post Evacuate Collection Set: 0.5ms
[2024-04-23T16:34:47.279+0000][7][gc,phases   ] GC(252)   Other: 0.4ms
[2024-04-23T16:34:47.279+0000][7][gc,heap     ] GC(252) Eden regions: 152->0(152)
[2024-04-23T16:34:47.279+0000][7][gc,heap     ] GC(252) Survivor regions: 1->1(20)
[2024-04-23T16:34:47.279+0000][7][gc,heap     ] GC(252) Old regions: 21->21
[2024-04-23T16:34:47.279+0000][7][gc,heap     ] GC(252) Archive regions: 2->2
[2024-04-23T16:34:47.279+0000][7][gc,heap     ] GC(252) Humongous regions: 2->2
[2024-04-23T16:34:47.279+0000][7][gc,metaspace] GC(252) Metaspace: 102000K(106448K)->102000K(106448K) NonClass: 88952K(92240K)->88952K(92240K) Class: 13048K(14208K)->13048K(14208K)
[2024-04-23T16:34:47.279+0000][7][gc          ] GC(252) Pause Young (Normal) (G1 Evacuation Pause) 702M->94M(1024M) 2.624ms
[2024-04-23T16:34:47.279+0000][7][gc,cpu      ] GC(252) User=0.00s Sys=0.00s Real=0.01s
[2024-04-23T16:34:47.279+0000][7][safepoint   ] Safepoint "G1CollectForAllocation", Time since last: 24840082879380 ns, Reaching safepoint: 125832 ns, At safepoint: 2716701 ns, Total: 2842533 ns
[2024-04-23T23:29:13.248+0000][7][gc,start    ] GC(253) Pause Young (Normal) (G1 Evacuation Pause)
[2024-04-23T23:29:13.248+0000][7][gc,task     ] GC(253) Using 13 workers of 13 for evacuation
[2024-04-23T23:29:13.248+0000][7][gc,age      ] GC(253) Desired survivor size 41943040 bytes, new threshold 15 (max threshold 15)
[2024-04-23T23:29:13.249+0000][7][gc,age      ] GC(253) Age table with threshold 15 (max threshold 15)
[2024-04-23T23:29:13.249+0000][7][gc,age      ] GC(253) - age   1:     118576 bytes,     118576 total
[2024-04-23T23:29:13.249+0000][7][gc,age      ] GC(253) - age   2:       9592 bytes,     128168 total
[2024-04-23T23:29:13.249+0000][7][gc,age      ] GC(253) - age   3:       9080 bytes,     137248 total
[2024-04-23T23:29:13.249+0000][7][gc,age      ] GC(253) - age   4:       1864 bytes,     139112 total
[2024-04-23T23:29:13.249+0000][7][gc,age      ] GC(253) - age   5:        120 bytes,     139232 total
[2024-04-23T23:29:13.249+0000][7][gc,age      ] GC(253) - age   6:         80 bytes,     139312 total
[2024-04-23T23:29:13.249+0000][7][gc,age      ] GC(253) - age   7:       1080 bytes,     140392 total
[2024-04-23T23:29:13.249+0000][7][gc,age      ] GC(253) - age   9:        120 bytes,     140512 total
[2024-04-23T23:29:13.249+0000][7][gc,age      ] GC(253) - age  12:       1128 bytes,     141640 total
[2024-04-23T23:29:13.249+0000][7][gc,age      ] GC(253) - age  14:         40 bytes,     141680 total
[2024-04-23T23:29:13.249+0000][7][gc,age      ] GC(253) - age  15:         40 bytes,     141720 total
[2024-04-23T23:29:13.250+0000][7][gc,phases   ] GC(253)   Pre Evacuate Collection Set: 0.1ms
[2024-04-23T23:29:13.250+0000][7][gc,phases   ] GC(253)   Merge Heap Roots: 0.1ms
[2024-04-23T23:29:13.250+0000][7][gc,phases   ] GC(253)   Evacuate Collection Set: 0.7ms
[2024-04-23T23:29:13.250+0000][7][gc,phases   ] GC(253)   Post Evacuate Collection Set: 0.5ms
[2024-04-23T23:29:13.250+0000][7][gc,phases   ] GC(253)   Other: 0.4ms
[2024-04-23T23:29:13.250+0000][7][gc,heap     ] GC(253) Eden regions: 152->0(152)
[2024-04-23T23:29:13.250+0000][7][gc,heap     ] GC(253) Survivor regions: 1->1(20)
[2024-04-23T23:29:13.250+0000][7][gc,heap     ] GC(253) Old regions: 21->21
[2024-04-23T23:29:13.250+0000][7][gc,heap     ] GC(253) Archive regions: 2->2
[2024-04-23T23:29:13.250+0000][7][gc,heap     ] GC(253) Humongous regions: 2->2
[2024-04-23T23:29:13.250+0000][7][gc,metaspace] GC(253) Metaspace: 102000K(106448K)->102000K(106448K) NonClass: 88952K(92240K)->88952K(92240K) Class: 13048K(14208K)->13048K(14208K)
[2024-04-23T23:29:13.250+0000][7][gc          ] GC(253) Pause Young (Normal) (G1 Evacuation Pause) 702M->94M(1024M) 1.967ms
[2024-04-23T23:29:13.250+0000][7][gc,cpu      ] GC(253) User=0.00s Sys=0.00s Real=0.00s
[2024-04-23T23:29:13.250+0000][7][safepoint   ] Safepoint "G1CollectForAllocation", Time since last: 24865968843823 ns, Reaching safepoint: 127262 ns, At safepoint: 2057837 ns, Total: 2185099 ns
[2024-04-24T06:18:50.209+0000][7][gc,start    ] GC(254) Pause Young (Normal) (G1 Evacuation Pause)
[2024-04-24T06:18:50.209+0000][7][gc,task     ] GC(254) Using 13 workers of 13 for evacuation
[2024-04-24T06:18:50.210+0000][7][gc,age      ] GC(254) Desired survivor size 41943040 bytes, new threshold 15 (max threshold 15)
[2024-04-24T06:18:50.211+0000][7][gc,age      ] GC(254) Age table with threshold 15 (max threshold 15)
[2024-04-24T06:18:50.211+0000][7][gc,age      ] GC(254) - age   1:      86688 bytes,      86688 total
[2024-04-24T06:18:50.211+0000][7][gc,age      ] GC(254) - age   2:        984 bytes,      87672 total
[2024-04-24T06:18:50.211+0000][7][gc,age      ] GC(254) - age   3:       9280 bytes,      96952 total
[2024-04-24T06:18:50.211+0000][7][gc,age      ] GC(254) - age   4:       8648 bytes,     105600 total
[2024-04-24T06:18:50.211+0000][7][gc,age      ] GC(254) - age   5:        952 bytes,     106552 total
[2024-04-24T06:18:50.211+0000][7][gc,age      ] GC(254) - age   6:         80 bytes,     106632 total
[2024-04-24T06:18:50.211+0000][7][gc,age      ] GC(254) - age   7:         40 bytes,     106672 total
[2024-04-24T06:18:50.211+0000][7][gc,age      ] GC(254) - age   8:       1080 bytes,     107752 total
[2024-04-24T06:18:50.211+0000][7][gc,age      ] GC(254) - age  10:        120 bytes,     107872 total
[2024-04-24T06:18:50.211+0000][7][gc,age      ] GC(254) - age  13:       1128 bytes,     109000 total
[2024-04-24T06:18:50.211+0000][7][gc,age      ] GC(254) - age  15:         40 bytes,     109040 total
[2024-04-24T06:18:50.211+0000][7][gc,phases   ] GC(254)   Pre Evacuate Collection Set: 0.2ms
[2024-04-24T06:18:50.211+0000][7][gc,phases   ] GC(254)   Merge Heap Roots: 0.1ms
[2024-04-24T06:18:50.211+0000][7][gc,phases   ] GC(254)   Evacuate Collection Set: 0.6ms
[2024-04-24T06:18:50.211+0000][7][gc,phases   ] GC(254)   Post Evacuate Collection Set: 0.5ms
[2024-04-24T06:18:50.211+0000][7][gc,phases   ] GC(254)   Other: 0.4ms
[2024-04-24T06:18:50.211+0000][7][gc,heap     ] GC(254) Eden regions: 152->0(152)
[2024-04-24T06:18:50.211+0000][7][gc,heap     ] GC(254) Survivor regions: 1->1(20)
[2024-04-24T06:18:50.211+0000][7][gc,heap     ] GC(254) Old regions: 21->21
[2024-04-24T06:18:50.211+0000][7][gc,heap     ] GC(254) Archive regions: 2->2
[2024-04-24T06:18:50.211+0000][7][gc,heap     ] GC(254) Humongous regions: 2->2
[2024-04-24T06:18:50.211+0000][7][gc,metaspace] GC(254) Metaspace: 102000K(106448K)->102000K(106448K) NonClass: 88952K(92240K)->88952K(92240K) Class: 13048K(14208K)->13048K(14208K)
[2024-04-24T06:18:50.211+0000][7][gc          ] GC(254) Pause Young (Normal) (G1 Evacuation Pause) 702M->94M(1024M) 1.958ms
[2024-04-24T06:18:50.211+0000][7][gc,cpu      ] GC(254) User=0.00s Sys=0.00s Real=0.00s
[2024-04-24T06:18:50.211+0000][7][safepoint   ] Safepoint "G1CollectForAllocation", Time since last: 24576959523314 ns, Reaching safepoint: 93299 ns, At safepoint: 2051551 ns, Total: 2144850 ns
[2024-04-24T13:04:50.591+0000][7][gc,start    ] GC(255) Pause Young (Normal) (G1 Evacuation Pause)
[2024-04-24T13:04:50.591+0000][7][gc,task     ] GC(255) Using 13 workers of 13 for evacuation
[2024-04-24T13:04:50.591+0000][7][gc,age      ] GC(255) Desired survivor size 41943040 bytes, new threshold 15 (max threshold 15)
[2024-04-24T13:04:50.593+0000][7][gc,age      ] GC(255) Age table with threshold 15 (max threshold 15)
[2024-04-24T13:04:50.593+0000][7][gc,age      ] GC(255) - age   1:     201064 bytes,     201064 total
[2024-04-24T13:04:50.593+0000][7][gc,age      ] GC(255) - age   2:      58432 bytes,     259496 total
[2024-04-24T13:04:50.593+0000][7][gc,age      ] GC(255) - age   3:        352 bytes,     259848 total
[2024-04-24T13:04:50.593+0000][7][gc,age      ] GC(255) - age   5:        136 bytes,     259984 total
[2024-04-24T13:04:50.593+0000][7][gc,age      ] GC(255) - age   6:        512 bytes,     260496 total
[2024-04-24T13:04:50.593+0000][7][gc,age      ] GC(255) - age   7:         80 bytes,     260576 total
[2024-04-24T13:04:50.593+0000][7][gc,age      ] GC(255) - age   8:         40 bytes,     260616 total
[2024-04-24T13:04:50.593+0000][7][gc,age      ] GC(255) - age   9:        880 bytes,     261496 total
[2024-04-24T13:04:50.593+0000][7][gc,age      ] GC(255) - age  11:         80 bytes,     261576 total
[2024-04-24T13:04:50.593+0000][7][gc,age      ] GC(255) - age  14:       1128 bytes,     262704 total
[2024-04-24T13:04:50.593+0000][7][gc,phases   ] GC(255)   Pre Evacuate Collection Set: 0.1ms
[2024-04-24T13:04:50.593+0000][7][gc,phases   ] GC(255)   Merge Heap Roots: 0.1ms
[2024-04-24T13:04:50.593+0000][7][gc,phases   ] GC(255)   Evacuate Collection Set: 0.8ms
[2024-04-24T13:04:50.593+0000][7][gc,phases   ] GC(255)   Post Evacuate Collection Set: 0.5ms
[2024-04-24T13:04:50.593+0000][7][gc,phases   ] GC(255)   Other: 0.4ms
[2024-04-24T13:04:50.593+0000][7][gc,heap     ] GC(255) Eden regions: 152->0(152)
[2024-04-24T13:04:50.593+0000][7][gc,heap     ] GC(255) Survivor regions: 1->1(20)
[2024-04-24T13:04:50.593+0000][7][gc,heap     ] GC(255) Old regions: 21->21
[2024-04-24T13:04:50.593+0000][7][gc,heap     ] GC(255) Archive regions: 2->2
[2024-04-24T13:04:50.593+0000][7][gc,heap     ] GC(255) Humongous regions: 2->2
[2024-04-24T13:04:50.593+0000][7][gc,metaspace] GC(255) Metaspace: 102005K(106448K)->102005K(106448K) NonClass: 88956K(92240K)->88956K(92240K) Class: 13048K(14208K)->13048K(14208K)
[2024-04-24T13:04:50.593+0000][7][gc          ] GC(255) Pause Young (Normal) (G1 Evacuation Pause) 702M->94M(1024M) 2.079ms
[2024-04-24T13:04:50.593+0000][7][gc,cpu      ] GC(255) User=0.00s Sys=0.00s Real=0.00s
[2024-04-24T13:04:50.593+0000][7][safepoint   ] Safepoint "G1CollectForAllocation", Time since last: 24360379435370 ns, Reaching safepoint: 121010 ns, At safepoint: 2172349 ns, Total: 2293359 ns
[2024-04-24T19:57:49.521+0000][7][gc,start    ] GC(256) Pause Young (Normal) (G1 Evacuation Pause)
[2024-04-24T19:57:49.521+0000][7][gc,task     ] GC(256) Using 13 workers of 13 for evacuation
[2024-04-24T19:57:49.521+0000][7][gc,age      ] GC(256) Desired survivor size 41943040 bytes, new threshold 15 (max threshold 15)
[2024-04-24T19:57:49.522+0000][7][gc,age      ] GC(256) Age table with threshold 15 (max threshold 15)
[2024-04-24T19:57:49.523+0000][7][gc,age      ] GC(256) - age   1:      46760 bytes,      46760 total
[2024-04-24T19:57:49.523+0000][7][gc,age      ] GC(256) - age   2:     107072 bytes,     153832 total
[2024-04-24T19:57:49.523+0000][7][gc,age      ] GC(256) - age   3:      25480 bytes,     179312 total
[2024-04-24T19:57:49.523+0000][7][gc,age      ] GC(256) - age   4:        352 bytes,     179664 total
[2024-04-24T19:57:49.523+0000][7][gc,age      ] GC(256) - age   6:         56 bytes,     179720 total
[2024-04-24T19:57:49.523+0000][7][gc,age      ] GC(256) - age   7:        512 bytes,     180232 total
[2024-04-24T19:57:49.523+0000][7][gc,age      ] GC(256) - age   8:         80 bytes,     180312 total
[2024-04-24T19:57:49.523+0000][7][gc,age      ] GC(256) - age   9:         40 bytes,     180352 total
[2024-04-24T19:57:49.523+0000][7][gc,age      ] GC(256) - age  10:        880 bytes,     181232 total
[2024-04-24T19:57:49.523+0000][7][gc,age      ] GC(256) - age  12:         80 bytes,     181312 total
[2024-04-24T19:57:49.523+0000][7][gc,age      ] GC(256) - age  15:       1128 bytes,     182440 total
[2024-04-24T19:57:49.523+0000][7][gc,phases   ] GC(256)   Pre Evacuate Collection Set: 0.2ms
[2024-04-24T19:57:49.523+0000][7][gc,phases   ] GC(256)   Merge Heap Roots: 0.1ms
[2024-04-24T19:57:49.523+0000][7][gc,phases   ] GC(256)   Evacuate Collection Set: 0.8ms
[2024-04-24T19:57:49.523+0000][7][gc,phases   ] GC(256)   Post Evacuate Collection Set: 0.5ms
[2024-04-24T19:57:49.523+0000][7][gc,phases   ] GC(256)   Other: 0.4ms
[2024-04-24T19:57:49.523+0000][7][gc,heap     ] GC(256) Eden regions: 152->0(152)
[2024-04-24T19:57:49.523+0000][7][gc,heap     ] GC(256) Survivor regions: 1->1(20)
[2024-04-24T19:57:49.523+0000][7][gc,heap     ] GC(256) Old regions: 21->21
[2024-04-24T19:57:49.523+0000][7][gc,heap     ] GC(256) Archive regions: 2->2
[2024-04-24T19:57:49.523+0000][7][gc,heap     ] GC(256) Humongous regions: 2->2
[2024-04-24T19:57:49.523+0000][7][gc,metaspace] GC(256) Metaspace: 102027K(106448K)->102027K(106448K) NonClass: 88979K(92240K)->88979K(92240K) Class: 13048K(14208K)->13048K(14208K)
[2024-04-24T19:57:49.523+0000][7][gc          ] GC(256) Pause Young (Normal) (G1 Evacuation Pause) 702M->94M(1024M) 2.174ms
[2024-04-24T19:57:49.523+0000][7][gc,cpu      ] GC(256) User=0.00s Sys=0.00s Real=0.00s
[2024-04-24T19:57:49.523+0000][7][safepoint   ] Safepoint "G1CollectForAllocation", Time since last: 24778927364479 ns, Reaching safepoint: 128278 ns, At safepoint: 2263740 ns, Total: 2392018 ns
[2024-04-25T02:50:51.355+0000][7][gc,start    ] GC(257) Pause Young (Normal) (G1 Evacuation Pause)
[2024-04-25T02:50:51.355+0000][7][gc,task     ] GC(257) Using 13 workers of 13 for evacuation
[2024-04-25T02:50:51.355+0000][7][gc,age      ] GC(257) Desired survivor size 41943040 bytes, new threshold 15 (max threshold 15)
[2024-04-25T02:50:51.357+0000][7][gc,age      ] GC(257) Age table with threshold 15 (max threshold 15)
[2024-04-25T02:50:51.357+0000][7][gc,age      ] GC(257) - age   1:      78184 bytes,      78184 total
[2024-04-25T02:50:51.357+0000][7][gc,age      ] GC(257) - age   2:      34216 bytes,     112400 total
[2024-04-25T02:50:51.357+0000][7][gc,age      ] GC(257) - age   3:      57504 bytes,     169904 total
[2024-04-25T02:50:51.357+0000][7][gc,age      ] GC(257) - age   4:      24704 bytes,     194608 total
[2024-04-25T02:50:51.357+0000][7][gc,age      ] GC(257) - age   5:        352 bytes,     194960 total
[2024-04-25T02:50:51.357+0000][7][gc,age      ] GC(257) - age   7:         56 bytes,     195016 total
[2024-04-25T02:50:51.357+0000][7][gc,age      ] GC(257) - age   8:        512 bytes,     195528 total
[2024-04-25T02:50:51.357+0000][7][gc,age      ] GC(257) - age   9:         80 bytes,     195608 total
[2024-04-25T02:50:51.357+0000][7][gc,age      ] GC(257) - age  10:         40 bytes,     195648 total
[2024-04-25T02:50:51.357+0000][7][gc,age      ] GC(257) - age  11:        880 bytes,     196528 total
[2024-04-25T02:50:51.357+0000][7][gc,age      ] GC(257) - age  13:         80 bytes,     196608 total
[2024-04-25T02:50:51.357+0000][7][gc,phases   ] GC(257)   Pre Evacuate Collection Set: 0.1ms
[2024-04-25T02:50:51.357+0000][7][gc,phases   ] GC(257)   Merge Heap Roots: 0.1ms
[2024-04-25T02:50:51.357+0000][7][gc,phases   ] GC(257)   Evacuate Collection Set: 0.8ms
[2024-04-25T02:50:51.357+0000][7][gc,phases   ] GC(257)   Post Evacuate Collection Set: 0.6ms
[2024-04-25T02:50:51.357+0000][7][gc,phases   ] GC(257)   Other: 0.5ms
[2024-04-25T02:50:51.357+0000][7][gc,heap     ] GC(257) Eden regions: 152->0(152)
[2024-04-25T02:50:51.357+0000][7][gc,heap     ] GC(257) Survivor regions: 1->1(20)
[2024-04-25T02:50:51.357+0000][7][gc,heap     ] GC(257) Old regions: 21->21
[2024-04-25T02:50:51.357+0000][7][gc,heap     ] GC(257) Archive regions: 2->2
[2024-04-25T02:50:51.357+0000][7][gc,heap     ] GC(257) Humongous regions: 2->2
[2024-04-25T02:50:51.357+0000][7][gc,metaspace] GC(257) Metaspace: 102027K(106448K)->102027K(106448K) NonClass: 88979K(92240K)->88979K(92240K) Class: 13048K(14208K)->13048K(14208K)
[2024-04-25T02:50:51.357+0000][7][gc          ] GC(257) Pause Young (Normal) (G1 Evacuation Pause) 702M->94M(1024M) 2.170ms
[2024-04-25T02:50:51.357+0000][7][gc,cpu      ] GC(257) User=0.01s Sys=0.00s Real=0.01s
[2024-04-25T02:50:51.357+0000][7][safepoint   ] Safepoint "G1CollectForAllocation", Time since last: 24781831963445 ns, Reaching safepoint: 89372 ns, At safepoint: 2270545 ns, Total: 2359917 ns
[2024-04-25T08:25:07.735+0000][7][safepoint   ] Safepoint "Cleanup", Time since last: 20056377534810 ns, Reaching safepoint: 110554 ns, At safepoint: 4290 ns, Total: 114844 ns
[2024-04-25T09:28:35.538+0000][7][gc,start    ] GC(258) Pause Young (Normal) (G1 Evacuation Pause)
[2024-04-25T09:28:35.538+0000][7][gc,task     ] GC(258) Using 13 workers of 13 for evacuation
[2024-04-25T09:28:35.538+0000][7][gc,age      ] GC(258) Desired survivor size 41943040 bytes, new threshold 15 (max threshold 15)
[2024-04-25T09:28:35.540+0000][7][gc,age      ] GC(258) Age table with threshold 15 (max threshold 15)
[2024-04-25T09:28:35.540+0000][7][gc,age      ] GC(258) - age   1:     566800 bytes,     566800 total
[2024-04-25T09:28:35.540+0000][7][gc,age      ] GC(258) - age   2:      66072 bytes,     632872 total
[2024-04-25T09:28:35.540+0000][7][gc,age      ] GC(258) - age   3:      32736 bytes,     665608 total
[2024-04-25T09:28:35.540+0000][7][gc,age      ] GC(258) - age   4:      56784 bytes,     722392 total
[2024-04-25T09:28:35.540+0000][7][gc,age      ] GC(258) - age   5:      24704 bytes,     747096 total
[2024-04-25T09:28:35.540+0000][7][gc,age      ] GC(258) - age   8:         56 bytes,     747152 total
[2024-04-25T09:28:35.540+0000][7][gc,age      ] GC(258) - age  10:         80 bytes,     747232 total
[2024-04-25T09:28:35.540+0000][7][gc,age      ] GC(258) - age  11:         40 bytes,     747272 total
[2024-04-25T09:28:35.540+0000][7][gc,age      ] GC(258) - age  12:         80 bytes,     747352 total
[2024-04-25T09:28:35.540+0000][7][gc,phases   ] GC(258)   Pre Evacuate Collection Set: 0.2ms
[2024-04-25T09:28:35.540+0000][7][gc,phases   ] GC(258)   Merge Heap Roots: 0.1ms
[2024-04-25T09:28:35.540+0000][7][gc,phases   ] GC(258)   Evacuate Collection Set: 0.8ms
[2024-04-25T09:28:35.540+0000][7][gc,phases   ] GC(258)   Post Evacuate Collection Set: 0.6ms
[2024-04-25T09:28:35.540+0000][7][gc,phases   ] GC(258)   Other: 0.4ms
[2024-04-25T09:28:35.540+0000][7][gc,heap     ] GC(258) Eden regions: 152->0(152)
[2024-04-25T09:28:35.540+0000][7][gc,heap     ] GC(258) Survivor regions: 1->1(20)
[2024-04-25T09:28:35.540+0000][7][gc,heap     ] GC(258) Old regions: 21->21
[2024-04-25T09:28:35.540+0000][7][gc,heap     ] GC(258) Archive regions: 2->2
[2024-04-25T09:28:35.540+0000][7][gc,heap     ] GC(258) Humongous regions: 2->2
[2024-04-25T09:28:35.540+0000][7][gc,metaspace] GC(258) Metaspace: 102041K(106704K)->102041K(106704K) NonClass: 88993K(92496K)->88993K(92496K) Class: 13048K(14208K)->13048K(14208K)
[2024-04-25T09:28:35.540+0000][7][gc          ] GC(258) Pause Young (Normal) (G1 Evacuation Pause) 702M->94M(1024M) 2.169ms
[2024-04-25T09:28:35.540+0000][7][gc,cpu      ] GC(258) User=0.01s Sys=0.00s Real=0.00s
[2024-04-25T09:28:35.540+0000][7][safepoint   ] Safepoint "G1CollectForAllocation", Time since last: 3807802874962 ns, Reaching safepoint: 118846 ns, At safepoint: 2258931 ns, Total: 2377777 ns
[2024-04-25T16:16:13.767+0000][7][gc,start    ] GC(259) Pause Young (Normal) (G1 Evacuation Pause)
[2024-04-25T16:16:13.767+0000][7][gc,task     ] GC(259) Using 13 workers of 13 for evacuation
[2024-04-25T16:16:13.767+0000][7][gc,age      ] GC(259) Desired survivor size 41943040 bytes, new threshold 15 (max threshold 15)
[2024-04-25T16:16:13.769+0000][7][gc,age      ] GC(259) Age table with threshold 15 (max threshold 15)
[2024-04-25T16:16:13.769+0000][7][gc,age      ] GC(259) - age   1:      32240 bytes,      32240 total
[2024-04-25T16:16:13.769+0000][7][gc,age      ] GC(259) - age   2:     312408 bytes,     344648 total
[2024-04-25T16:16:13.769+0000][7][gc,age      ] GC(259) - age   3:      33160 bytes,     377808 total
[2024-04-25T16:16:13.769+0000][7][gc,age      ] GC(259) - age   4:      32696 bytes,     410504 total
[2024-04-25T16:16:13.769+0000][7][gc,age      ] GC(259) - age   5:      56784 bytes,     467288 total
[2024-04-25T16:16:13.769+0000][7][gc,age      ] GC(259) - age   6:      24704 bytes,     491992 total
[2024-04-25T16:16:13.769+0000][7][gc,age      ] GC(259) - age   9:         56 bytes,     492048 total
[2024-04-25T16:16:13.769+0000][7][gc,age      ] GC(259) - age  11:         80 bytes,     492128 total
[2024-04-25T16:16:13.769+0000][7][gc,age      ] GC(259) - age  13:         80 bytes,     492208 total
[2024-04-25T16:16:13.769+0000][7][gc,phases   ] GC(259)   Pre Evacuate Collection Set: 0.2ms
[2024-04-25T16:16:13.769+0000][7][gc,phases   ] GC(259)   Merge Heap Roots: 0.1ms
[2024-04-25T16:16:13.769+0000][7][gc,phases   ] GC(259)   Evacuate Collection Set: 0.8ms
[2024-04-25T16:16:13.769+0000][7][gc,phases   ] GC(259)   Post Evacuate Collection Set: 0.5ms
[2024-04-25T16:16:13.769+0000][7][gc,phases   ] GC(259)   Other: 0.4ms
[2024-04-25T16:16:13.769+0000][7][gc,heap     ] GC(259) Eden regions: 152->0(152)
[2024-04-25T16:16:13.769+0000][7][gc,heap     ] GC(259) Survivor regions: 1->1(20)
[2024-04-25T16:16:13.769+0000][7][gc,heap     ] GC(259) Old regions: 21->21
[2024-04-25T16:16:13.769+0000][7][gc,heap     ] GC(259) Archive regions: 2->2
[2024-04-25T16:16:13.769+0000][7][gc,heap     ] GC(259) Humongous regions: 2->2
[2024-04-25T16:16:13.769+0000][7][gc,metaspace] GC(259) Metaspace: 102065K(106704K)->102065K(106704K) NonClass: 89017K(92496K)->89017K(92496K) Class: 13048K(14208K)->13048K(14208K)
[2024-04-25T16:16:13.769+0000][7][gc          ] GC(259) Pause Young (Normal) (G1 Evacuation Pause) 702M->94M(1024M) 2.083ms
[2024-04-25T16:16:13.769+0000][7][gc,cpu      ] GC(259) User=0.00s Sys=0.00s Real=0.00s
[2024-04-25T16:16:13.769+0000][7][safepoint   ] Safepoint "G1CollectForAllocation", Time since last: 24458226734875 ns, Reaching safepoint: 117201 ns, At safepoint: 2174334 ns, Total: 2291535 ns
[2024-04-25T23:10:24.663+0000][7][gc,start    ] GC(260) Pause Young (Normal) (G1 Evacuation Pause)
[2024-04-25T23:10:24.663+0000][7][gc,task     ] GC(260) Using 13 workers of 13 for evacuation
[2024-04-25T23:10:24.663+0000][7][gc,age      ] GC(260) Desired survivor size 41943040 bytes, new threshold 15 (max threshold 15)
[2024-04-25T23:10:24.665+0000][7][gc,age      ] GC(260) Age table with threshold 15 (max threshold 15)
[2024-04-25T23:10:24.665+0000][7][gc,age      ] GC(260) - age   1:      45520 bytes,      45520 total
[2024-04-25T23:10:24.665+0000][7][gc,age      ] GC(260) - age   2:      10176 bytes,      55696 total
[2024-04-25T23:10:24.665+0000][7][gc,age      ] GC(260) - age   3:      76968 bytes,     132664 total
[2024-04-25T23:10:24.665+0000][7][gc,age      ] GC(260) - age   4:      16968 bytes,     149632 total
[2024-04-25T23:10:24.665+0000][7][gc,age      ] GC(260) - age   5:      16232 bytes,     165864 total
[2024-04-25T23:10:24.665+0000][7][gc,age      ] GC(260) - age   6:      16424 bytes,     182288 total
[2024-04-25T23:10:24.665+0000][7][gc,age      ] GC(260) - age   7:        120 bytes,     182408 total
[2024-04-25T23:10:24.665+0000][7][gc,age      ] GC(260) - age  10:         56 bytes,     182464 total
[2024-04-25T23:10:24.665+0000][7][gc,age      ] GC(260) - age  12:         80 bytes,     182544 total
[2024-04-25T23:10:24.665+0000][7][gc,age      ] GC(260) - age  14:         80 bytes,     182624 total
[2024-04-25T23:10:24.665+0000][7][gc,phases   ] GC(260)   Pre Evacuate Collection Set: 0.2ms
[2024-04-25T23:10:24.665+0000][7][gc,phases   ] GC(260)   Merge Heap Roots: 0.1ms
[2024-04-25T23:10:24.665+0000][7][gc,phases   ] GC(260)   Evacuate Collection Set: 1.0ms
[2024-04-25T23:10:24.665+0000][7][gc,phases   ] GC(260)   Post Evacuate Collection Set: 0.5ms
[2024-04-25T23:10:24.665+0000][7][gc,phases   ] GC(260)   Other: 0.4ms
[2024-04-25T23:10:24.665+0000][7][gc,heap     ] GC(260) Eden regions: 152->0(152)
[2024-04-25T23:10:24.665+0000][7][gc,heap     ] GC(260) Survivor regions: 1->1(20)
[2024-04-25T23:10:24.665+0000][7][gc,heap     ] GC(260) Old regions: 21->21
[2024-04-25T23:10:24.665+0000][7][gc,heap     ] GC(260) Archive regions: 2->2
[2024-04-25T23:10:24.665+0000][7][gc,heap     ] GC(260) Humongous regions: 2->2
[2024-04-25T23:10:24.665+0000][7][gc,metaspace] GC(260) Metaspace: 102065K(106704K)->102065K(106704K) NonClass: 89017K(92496K)->89017K(92496K) Class: 13048K(14208K)->13048K(14208K)
[2024-04-25T23:10:24.666+0000][7][gc          ] GC(260) Pause Young (Normal) (G1 Evacuation Pause) 702M->94M(1024M) 2.356ms
[2024-04-25T23:10:24.666+0000][7][gc,cpu      ] GC(260) User=0.00s Sys=0.00s Real=0.00s
[2024-04-25T23:10:24.666+0000][7][safepoint   ] Safepoint "G1CollectForAllocation", Time since last: 24850893874167 ns, Reaching safepoint: 125471 ns, At safepoint: 2447675 ns, Total: 2573146 ns
[2024-04-26T01:00:00.057+0000][7][safepoint   ] Safepoint "Cleanup", Time since last: 6575390822853 ns, Reaching safepoint: 102776 ns, At safepoint: 5945 ns, Total: 108721 ns
[2024-04-26T01:06:59.082+0000][7][safepoint   ] Safepoint "Cleanup", Time since last: 419024897998 ns, Reaching safepoint: 86348 ns, At safepoint: 2231 ns, Total: 88579 ns
[2024-04-26T06:02:52.878+0000][7][gc,start    ] GC(261) Pause Young (Normal) (G1 Evacuation Pause)
[2024-04-26T06:02:52.878+0000][7][gc,task     ] GC(261) Using 13 workers of 13 for evacuation
[2024-04-26T06:02:52.878+0000][7][gc,age      ] GC(261) Desired survivor size 41943040 bytes, new threshold 15 (max threshold 15)
[2024-04-26T06:02:52.880+0000][7][gc,age      ] GC(261) Age table with threshold 15 (max threshold 15)
[2024-04-26T06:02:52.880+0000][7][gc,age      ] GC(261) - age   1:      95720 bytes,      95720 total
[2024-04-26T06:02:52.880+0000][7][gc,age      ] GC(261) - age   2:      17240 bytes,     112960 total
[2024-04-26T06:02:52.880+0000][7][gc,age      ] GC(261) - age   3:       1744 bytes,     114704 total
[2024-04-26T06:02:52.880+0000][7][gc,age      ] GC(261) - age   4:      42960 bytes,     157664 total
[2024-04-26T06:02:52.880+0000][7][gc,age      ] GC(261) - age   5:      16232 bytes,     173896 total
[2024-04-26T06:02:52.880+0000][7][gc,age      ] GC(261) - age   6:      16232 bytes,     190128 total
[2024-04-26T06:02:52.880+0000][7][gc,age      ] GC(261) - age   7:      16384 bytes,     206512 total
[2024-04-26T06:02:52.880+0000][7][gc,age      ] GC(261) - age   8:         80 bytes,     206592 total
[2024-04-26T06:02:52.880+0000][7][gc,age      ] GC(261) - age  11:         56 bytes,     206648 total
[2024-04-26T06:02:52.880+0000][7][gc,age      ] GC(261) - age  13:         80 bytes,     206728 total
[2024-04-26T06:02:52.880+0000][7][gc,age      ] GC(261) - age  15:         80 bytes,     206808 total
[2024-04-26T06:02:52.880+0000][7][gc,phases   ] GC(261)   Pre Evacuate Collection Set: 0.1ms
[2024-04-26T06:02:52.880+0000][7][gc,phases   ] GC(261)   Merge Heap Roots: 0.2ms
[2024-04-26T06:02:52.880+0000][7][gc,phases   ] GC(261)   Evacuate Collection Set: 1.0ms
[2024-04-26T06:02:52.880+0000][7][gc,phases   ] GC(261)   Post Evacuate Collection Set: 0.5ms
[2024-04-26T06:02:52.881+0000][7][gc,phases   ] GC(261)   Other: 0.4ms
[2024-04-26T06:02:52.881+0000][7][gc,heap     ] GC(261) Eden regions: 152->0(152)
[2024-04-26T06:02:52.881+0000][7][gc,heap     ] GC(261) Survivor regions: 1->1(20)
[2024-04-26T06:02:52.881+0000][7][gc,heap     ] GC(261) Old regions: 21->21
[2024-04-26T06:02:52.881+0000][7][gc,heap     ] GC(261) Archive regions: 2->2
[2024-04-26T06:02:52.881+0000][7][gc,heap     ] GC(261) Humongous regions: 2->2
[2024-04-26T06:02:52.881+0000][7][gc,metaspace] GC(261) Metaspace: 102065K(106704K)->102065K(106704K) NonClass: 89017K(92496K)->89017K(92496K) Class: 13048K(14208K)->13048K(14208K)
[2024-04-26T06:02:52.881+0000][7][gc          ] GC(261) Pause Young (Normal) (G1 Evacuation Pause) 702M->94M(1024M) 2.349ms
[2024-04-26T06:02:52.881+0000][7][gc,cpu      ] GC(261) User=0.00s Sys=0.00s Real=0.00s
[2024-04-26T06:02:52.881+0000][7][safepoint   ] Safepoint "G1CollectForAllocation", Time since last: 17753796637675 ns, Reaching safepoint: 87600 ns, At safepoint: 2441393 ns, Total: 2528993 ns
[2024-04-26T08:09:00.329+0000][7][safepoint   ] Safepoint "Cleanup", Time since last: 7567448650209 ns, Reaching safepoint: 119028 ns, At safepoint: 3924 ns, Total: 122952 ns
[2024-04-26T08:10:00.333+0000][7][safepoint   ] Safepoint "Cleanup", Time since last: 60003695140 ns, Reaching safepoint: 117254 ns, At safepoint: 8638 ns, Total: 125892 ns
[2024-04-26T10:12:36.772+0000][7][safepoint   ] Safepoint "Cleanup", Time since last: 7356438286122 ns, Reaching safepoint: 93831 ns, At safepoint: 4029 ns, Total: 97860 ns
[2024-04-26T12:20:41.228+0000][7][safepoint   ] Safepoint "Cleanup", Time since last: 7684456347016 ns, Reaching safepoint: 89186 ns, At safepoint: 3552 ns, Total: 92738 ns
[2024-04-26T12:56:47.836+0000][7][gc,start    ] GC(262) Pause Young (Normal) (G1 Evacuation Pause)
[2024-04-26T12:56:47.836+0000][7][gc,task     ] GC(262) Using 13 workers of 13 for evacuation
[2024-04-26T12:56:47.836+0000][7][gc,age      ] GC(262) Desired survivor size 41943040 bytes, new threshold 15 (max threshold 15)
[2024-04-26T12:56:47.838+0000][7][gc,age      ] GC(262) Age table with threshold 15 (max threshold 15)
[2024-04-26T12:56:47.838+0000][7][gc,age      ] GC(262) - age   1:      12344 bytes,      12344 total
[2024-04-26T12:56:47.838+0000][7][gc,age      ] GC(262) - age   2:      34896 bytes,      47240 total
[2024-04-26T12:56:47.838+0000][7][gc,age      ] GC(262) - age   3:       1088 bytes,      48328 total
[2024-04-26T12:56:47.838+0000][7][gc,age      ] GC(262) - age   4:       1136 bytes,      49464 total
[2024-04-26T12:56:47.838+0000][7][gc,age      ] GC(262) - age   5:      17664 bytes,      67128 total
[2024-04-26T12:56:47.838+0000][7][gc,age      ] GC(262) - age   6:         80 bytes,      67208 total
[2024-04-26T12:56:47.838+0000][7][gc,age      ] GC(262) - age   7:         80 bytes,      67288 total
[2024-04-26T12:56:47.838+0000][7][gc,age      ] GC(262) - age   8:        232 bytes,      67520 total
[2024-04-26T12:56:47.838+0000][7][gc,age      ] GC(262) - age   9:         40 bytes,      67560 total
[2024-04-26T12:56:47.838+0000][7][gc,age      ] GC(262) - age  12:         56 bytes,      67616 total
[2024-04-26T12:56:47.838+0000][7][gc,age      ] GC(262) - age  14:         80 bytes,      67696 total
[2024-04-26T12:56:47.838+0000][7][gc,phases   ] GC(262)   Pre Evacuate Collection Set: 0.2ms
[2024-04-26T12:56:47.838+0000][7][gc,phases   ] GC(262)   Merge Heap Roots: 0.1ms
[2024-04-26T12:56:47.838+0000][7][gc,phases   ] GC(262)   Evacuate Collection Set: 0.7ms
[2024-04-26T12:56:47.838+0000][7][gc,phases   ] GC(262)   Post Evacuate Collection Set: 0.5ms
[2024-04-26T12:56:47.838+0000][7][gc,phases   ] GC(262)   Other: 0.4ms
[2024-04-26T12:56:47.838+0000][7][gc,heap     ] GC(262) Eden regions: 152->0(152)
[2024-04-26T12:56:47.838+0000][7][gc,heap     ] GC(262) Survivor regions: 1->1(20)
[2024-04-26T12:56:47.838+0000][7][gc,heap     ] GC(262) Old regions: 21->21
[2024-04-26T12:56:47.838+0000][7][gc,heap     ] GC(262) Archive regions: 2->2
[2024-04-26T12:56:47.838+0000][7][gc,heap     ] GC(262) Humongous regions: 2->2
[2024-04-26T12:56:47.838+0000][7][gc,metaspace] GC(262) Metaspace: 102065K(106704K)->102065K(106704K) NonClass: 89017K(92496K)->89017K(92496K) Class: 13048K(14208K)->13048K(14208K)
[2024-04-26T12:56:47.838+0000][7][gc          ] GC(262) Pause Young (Normal) (G1 Evacuation Pause) 702M->94M(1024M) 2.004ms
[2024-04-26T12:56:47.838+0000][7][gc,cpu      ] GC(262) User=0.01s Sys=0.00s Real=0.01s
[2024-04-26T12:56:47.838+0000][7][safepoint   ] Safepoint "G1CollectForAllocation", Time since last: 2166608110296 ns, Reaching safepoint: 105134 ns, At safepoint: 2092106 ns, Total: 2197240 ns
[2024-04-26T19:50:38.018+0000][7][gc,start    ] GC(263) Pause Young (Normal) (G1 Evacuation Pause)
[2024-04-26T19:50:38.018+0000][7][gc,task     ] GC(263) Using 13 workers of 13 for evacuation
[2024-04-26T19:50:38.018+0000][7][gc,age      ] GC(263) Desired survivor size 41943040 bytes, new threshold 15 (max threshold 15)
[2024-04-26T19:50:38.020+0000][7][gc,age      ] GC(263) Age table with threshold 15 (max threshold 15)
[2024-04-26T19:50:38.020+0000][7][gc,age      ] GC(263) - age   1:      66280 bytes,      66280 total
[2024-04-26T19:50:38.020+0000][7][gc,age      ] GC(263) - age   2:        648 bytes,      66928 total
[2024-04-26T19:50:38.020+0000][7][gc,age      ] GC(263) - age   3:      33632 bytes,     100560 total
[2024-04-26T19:50:38.020+0000][7][gc,age      ] GC(263) - age   4:        792 bytes,     101352 total
[2024-04-26T19:50:38.020+0000][7][gc,age      ] GC(263) - age   5:       1136 bytes,     102488 total
[2024-04-26T19:50:38.020+0000][7][gc,age      ] GC(263) - age   6:       1160 bytes,     103648 total
[2024-04-26T19:50:38.020+0000][7][gc,age      ] GC(263) - age   8:         40 bytes,     103688 total
[2024-04-26T19:50:38.020+0000][7][gc,age      ] GC(263) - age   9:        232 bytes,     103920 total
[2024-04-26T19:50:38.020+0000][7][gc,age      ] GC(263) - age  10:         40 bytes,     103960 total
[2024-04-26T19:50:38.020+0000][7][gc,age      ] GC(263) - age  13:         56 bytes,     104016 total
[2024-04-26T19:50:38.020+0000][7][gc,age      ] GC(263) - age  15:         80 bytes,     104096 total
[2024-04-26T19:50:38.020+0000][7][gc,phases   ] GC(263)   Pre Evacuate Collection Set: 0.2ms
[2024-04-26T19:50:38.020+0000][7][gc,phases   ] GC(263)   Merge Heap Roots: 0.1ms
[2024-04-26T19:50:38.020+0000][7][gc,phases   ] GC(263)   Evacuate Collection Set: 0.5ms
[2024-04-26T19:50:38.020+0000][7][gc,phases   ] GC(263)   Post Evacuate Collection Set: 0.6ms
[2024-04-26T19:50:38.020+0000][7][gc,phases   ] GC(263)   Other: 0.4ms
[2024-04-26T19:50:38.020+0000][7][gc,heap     ] GC(263) Eden regions: 152->0(152)
[2024-04-26T19:50:38.020+0000][7][gc,heap     ] GC(263) Survivor regions: 1->1(20)
[2024-04-26T19:50:38.020+0000][7][gc,heap     ] GC(263) Old regions: 21->21
[2024-04-26T19:50:38.020+0000][7][gc,heap     ] GC(263) Archive regions: 2->2
[2024-04-26T19:50:38.020+0000][7][gc,heap     ] GC(263) Humongous regions: 2->2
[2024-04-26T19:50:38.020+0000][7][gc,metaspace] GC(263) Metaspace: 102065K(106704K)->102065K(106704K) NonClass: 89017K(92496K)->89017K(92496K) Class: 13048K(14208K)->13048K(14208K)
[2024-04-26T19:50:38.020+0000][7][gc          ] GC(263) Pause Young (Normal) (G1 Evacuation Pause) 702M->94M(1024M) 1.907ms
[2024-04-26T19:50:38.020+0000][7][gc,cpu      ] GC(263) User=0.01s Sys=0.00s Real=0.00s
[2024-04-26T19:50:38.020+0000][7][safepoint   ] Safepoint "G1CollectForAllocation", Time since last: 24830179833363 ns, Reaching safepoint: 83695 ns, At safepoint: 1999194 ns, Total: 2082889 ns
[2024-04-27T02:46:02.125+0000][7][gc,start    ] GC(264) Pause Young (Normal) (G1 Evacuation Pause)
[2024-04-27T02:46:02.125+0000][7][gc,task     ] GC(264) Using 13 workers of 13 for evacuation
[2024-04-27T02:46:02.125+0000][7][gc,age      ] GC(264) Desired survivor size 41943040 bytes, new threshold 15 (max threshold 15)
[2024-04-27T02:46:02.127+0000][7][gc,age      ] GC(264) Age table with threshold 15 (max threshold 15)
[2024-04-27T02:46:02.127+0000][7][gc,age      ] GC(264) - age   1:      13808 bytes,      13808 total
[2024-04-27T02:46:02.127+0000][7][gc,age      ] GC(264) - age   2:      17888 bytes,      31696 total
[2024-04-27T02:46:02.127+0000][7][gc,age      ] GC(264) - age   3:        648 bytes,      32344 total
[2024-04-27T02:46:02.127+0000][7][gc,age      ] GC(264) - age   4:      16464 bytes,      48808 total
[2024-04-27T02:46:02.127+0000][7][gc,age      ] GC(264) - age   5:        480 bytes,      49288 total
[2024-04-27T02:46:02.127+0000][7][gc,age      ] GC(264) - age   6:       1096 bytes,      50384 total
[2024-04-27T02:46:02.127+0000][7][gc,age      ] GC(264) - age   7:       1120 bytes,      51504 total
[2024-04-27T02:46:02.127+0000][7][gc,age      ] GC(264) - age   9:         40 bytes,      51544 total
[2024-04-27T02:46:02.127+0000][7][gc,age      ] GC(264) - age  10:        232 bytes,      51776 total
[2024-04-27T02:46:02.127+0000][7][gc,age      ] GC(264) - age  11:         40 bytes,      51816 total
[2024-04-27T02:46:02.127+0000][7][gc,age      ] GC(264) - age  14:         56 bytes,      51872 total
[2024-04-27T02:46:02.127+0000][7][gc,phases   ] GC(264)   Pre Evacuate Collection Set: 0.2ms
[2024-04-27T02:46:02.127+0000][7][gc,phases   ] GC(264)   Merge Heap Roots: 0.1ms
[2024-04-27T02:46:02.127+0000][7][gc,phases   ] GC(264)   Evacuate Collection Set: 1.4ms
[2024-04-27T02:46:02.127+0000][7][gc,phases   ] GC(264)   Post Evacuate Collection Set: 0.6ms
[2024-04-27T02:46:02.127+0000][7][gc,phases   ] GC(264)   Other: 0.4ms
[2024-04-27T02:46:02.127+0000][7][gc,heap     ] GC(264) Eden regions: 152->0(152)
[2024-04-27T02:46:02.127+0000][7][gc,heap     ] GC(264) Survivor regions: 1->1(20)
[2024-04-27T02:46:02.127+0000][7][gc,heap     ] GC(264) Old regions: 21->21
[2024-04-27T02:46:02.127+0000][7][gc,heap     ] GC(264) Archive regions: 2->2
[2024-04-27T02:46:02.127+0000][7][gc,heap     ] GC(264) Humongous regions: 2->2
[2024-04-27T02:46:02.127+0000][7][gc,metaspace] GC(264) Metaspace: 102065K(106704K)->102065K(106704K) NonClass: 89017K(92496K)->89017K(92496K) Class: 13048K(14208K)->13048K(14208K)
[2024-04-27T02:46:02.127+0000][7][gc          ] GC(264) Pause Young (Normal) (G1 Evacuation Pause) 702M->94M(1024M) 2.772ms
[2024-04-27T02:46:02.127+0000][7][gc,cpu      ] GC(264) User=0.01s Sys=0.00s Real=0.01s
[2024-04-27T02:46:02.128+0000][7][safepoint   ] Safepoint "G1CollectForAllocation", Time since last: 24924104224789 ns, Reaching safepoint: 121715 ns, At safepoint: 2861303 ns, Total: 2983018 ns
[2024-04-27T09:37:46.260+0000][7][gc,start    ] GC(265) Pause Young (Normal) (G1 Evacuation Pause)
[2024-04-27T09:37:46.260+0000][7][gc,task     ] GC(265) Using 13 workers of 13 for evacuation
[2024-04-27T09:37:46.260+0000][7][gc,age      ] GC(265) Desired survivor size 41943040 bytes, new threshold 15 (max threshold 15)
[2024-04-27T09:37:46.261+0000][7][gc,age      ] GC(265) Age table with threshold 15 (max threshold 15)
[2024-04-27T09:37:46.261+0000][7][gc,age      ] GC(265) - age   1:     216624 bytes,     216624 total
[2024-04-27T09:37:46.261+0000][7][gc,age      ] GC(265) - age   2:       1392 bytes,     218016 total
[2024-04-27T09:37:46.261+0000][7][gc,age      ] GC(265) - age   3:      16544 bytes,     234560 total
[2024-04-27T09:37:46.261+0000][7][gc,age      ] GC(265) - age   4:        336 bytes,     234896 total
[2024-04-27T09:37:46.261+0000][7][gc,age      ] GC(265) - age   5:      16304 bytes,     251200 total
[2024-04-27T09:37:46.261+0000][7][gc,age      ] GC(265) - age   6:        360 bytes,     251560 total
[2024-04-27T09:37:46.261+0000][7][gc,age      ] GC(265) - age   7:       1096 bytes,     252656 total
[2024-04-27T09:37:46.261+0000][7][gc,age      ] GC(265) - age   8:       1040 bytes,     253696 total
[2024-04-27T09:37:46.261+0000][7][gc,age      ] GC(265) - age  11:        152 bytes,     253848 total
[2024-04-27T09:37:46.261+0000][7][gc,age      ] GC(265) - age  15:         56 bytes,     253904 total
[2024-04-27T09:37:46.261+0000][7][gc,phases   ] GC(265)   Pre Evacuate Collection Set: 0.1ms
[2024-04-27T09:37:46.261+0000][7][gc,phases   ] GC(265)   Merge Heap Roots: 0.2ms
[2024-04-27T09:37:46.261+0000][7][gc,phases   ] GC(265)   Evacuate Collection Set: 0.3ms
[2024-04-27T09:37:46.261+0000][7][gc,phases   ] GC(265)   Post Evacuate Collection Set: 0.5ms
[2024-04-27T09:37:46.261+0000][7][gc,phases   ] GC(265)   Other: 0.4ms
[2024-04-27T09:37:46.261+0000][7][gc,heap     ] GC(265) Eden regions: 152->0(152)
[2024-04-27T09:37:46.261+0000][7][gc,heap     ] GC(265) Survivor regions: 1->1(20)
[2024-04-27T09:37:46.261+0000][7][gc,heap     ] GC(265) Old regions: 21->21
[2024-04-27T09:37:46.261+0000][7][gc,heap     ] GC(265) Archive regions: 2->2
[2024-04-27T09:37:46.261+0000][7][gc,heap     ] GC(265) Humongous regions: 2->2
[2024-04-27T09:37:46.261+0000][7][gc,metaspace] GC(265) Metaspace: 102065K(106704K)->102065K(106704K) NonClass: 89017K(92496K)->89017K(92496K) Class: 13048K(14208K)->13048K(14208K)
[2024-04-27T09:37:46.261+0000][7][gc          ] GC(265) Pause Young (Normal) (G1 Evacuation Pause) 702M->94M(1024M) 1.727ms
[2024-04-27T09:37:46.261+0000][7][gc,cpu      ] GC(265) User=0.00s Sys=0.00s Real=0.00s
[2024-04-27T09:37:46.261+0000][7][safepoint   ] Safepoint "G1CollectForAllocation", Time since last: 24704131890210 ns, Reaching safepoint: 93406 ns, At safepoint: 1818554 ns, Total: 1911960 ns
[2024-04-27T16:32:47.406+0000][7][gc,start    ] GC(266) Pause Young (Normal) (G1 Evacuation Pause)
[2024-04-27T16:32:47.406+0000][7][gc,task     ] GC(266) Using 13 workers of 13 for evacuation
[2024-04-27T16:32:47.406+0000][7][gc,age      ] GC(266) Desired survivor size 41943040 bytes, new threshold 15 (max threshold 15)
[2024-04-27T16:32:47.407+0000][7][gc,age      ] GC(266) Age table with threshold 15 (max threshold 15)
[2024-04-27T16:32:47.408+0000][7][gc,age      ] GC(266) - age   1:      30576 bytes,      30576 total
[2024-04-27T16:32:47.408+0000][7][gc,age      ] GC(266) - age   2:      66784 bytes,      97360 total
[2024-04-27T16:32:47.408+0000][7][gc,age      ] GC(266) - age   3:       1344 bytes,      98704 total
[2024-04-27T16:32:47.408+0000][7][gc,age      ] GC(266) - age   4:         40 bytes,      98744 total
[2024-04-27T16:32:47.408+0000][7][gc,age      ] GC(266) - age   5:        336 bytes,      99080 total
[2024-04-27T16:32:47.408+0000][7][gc,age      ] GC(266) - age   6:      16264 bytes,     115344 total
[2024-04-27T16:32:47.408+0000][7][gc,age      ] GC(266) - age   7:        160 bytes,     115504 total
[2024-04-27T16:32:47.408+0000][7][gc,age      ] GC(266) - age   8:        936 bytes,     116440 total
[2024-04-27T16:32:47.408+0000][7][gc,age      ] GC(266) - age   9:        960 bytes,     117400 total
[2024-04-27T16:32:47.408+0000][7][gc,age      ] GC(266) - age  12:        152 bytes,     117552 total
[2024-04-27T16:32:47.408+0000][7][gc,phases   ] GC(266)   Pre Evacuate Collection Set: 0.2ms
[2024-04-27T16:32:47.408+0000][7][gc,phases   ] GC(266)   Merge Heap Roots: 0.1ms
[2024-04-27T16:32:47.408+0000][7][gc,phases   ] GC(266)   Evacuate Collection Set: 0.9ms
[2024-04-27T16:32:47.408+0000][7][gc,phases   ] GC(266)   Post Evacuate Collection Set: 0.5ms
[2024-04-27T16:32:47.408+0000][7][gc,phases   ] GC(266)   Other: 0.4ms
[2024-04-27T16:32:47.408+0000][7][gc,heap     ] GC(266) Eden regions: 152->0(152)
[2024-04-27T16:32:47.408+0000][7][gc,heap     ] GC(266) Survivor regions: 1->1(20)
[2024-04-27T16:32:47.408+0000][7][gc,heap     ] GC(266) Old regions: 21->21
[2024-04-27T16:32:47.408+0000][7][gc,heap     ] GC(266) Archive regions: 2->2
[2024-04-27T16:32:47.408+0000][7][gc,heap     ] GC(266) Humongous regions: 2->2
[2024-04-27T16:32:47.408+0000][7][gc,metaspace] GC(266) Metaspace: 102065K(106704K)->102065K(106704K) NonClass: 89017K(92496K)->89017K(92496K) Class: 13048K(14208K)->13048K(14208K)
[2024-04-27T16:32:47.408+0000][7][gc          ] GC(266) Pause Young (Normal) (G1 Evacuation Pause) 702M->94M(1024M) 2.237ms
[2024-04-27T16:32:47.408+0000][7][gc,cpu      ] GC(266) User=0.00s Sys=0.01s Real=0.01s
[2024-04-27T16:32:47.408+0000][7][safepoint   ] Safepoint "G1CollectForAllocation", Time since last: 24901144125633 ns, Reaching safepoint: 89069 ns, At safepoint: 2338102 ns, Total: 2427171 ns
[2024-04-27T23:25:42.537+0000][7][gc,start    ] GC(267) Pause Young (Normal) (G1 Evacuation Pause)
[2024-04-27T23:25:42.538+0000][7][gc,task     ] GC(267) Using 13 workers of 13 for evacuation
[2024-04-27T23:25:42.538+0000][7][gc,age      ] GC(267) Desired survivor size 41943040 bytes, new threshold 15 (max threshold 15)
[2024-04-27T23:25:42.539+0000][7][gc,age      ] GC(267) Age table with threshold 15 (max threshold 15)
[2024-04-27T23:25:42.539+0000][7][gc,age      ] GC(267) - age   1:     112248 bytes,     112248 total
[2024-04-27T23:25:42.539+0000][7][gc,age      ] GC(267) - age   2:       1624 bytes,     113872 total
[2024-04-27T23:25:42.539+0000][7][gc,age      ] GC(267) - age   3:        752 bytes,     114624 total
[2024-04-27T23:25:42.539+0000][7][gc,age      ] GC(267) - age   4:        696 bytes,     115320 total
[2024-04-27T23:25:42.539+0000][7][gc,age      ] GC(267) - age   6:        336 bytes,     115656 total
[2024-04-27T23:25:42.539+0000][7][gc,age      ] GC(267) - age   7:      16264 bytes,     131920 total
[2024-04-27T23:25:42.539+0000][7][gc,age      ] GC(267) - age   8:        160 bytes,     132080 total
[2024-04-27T23:25:42.540+0000][7][gc,age      ] GC(267) - age   9:        936 bytes,     133016 total
[2024-04-27T23:25:42.540+0000][7][gc,age      ] GC(267) - age  10:        960 bytes,     133976 total
[2024-04-27T23:25:42.540+0000][7][gc,age      ] GC(267) - age  13:        112 bytes,     134088 total
[2024-04-27T23:25:42.540+0000][7][gc,phases   ] GC(267)   Pre Evacuate Collection Set: 0.3ms
[2024-04-27T23:25:42.540+0000][7][gc,phases   ] GC(267)   Merge Heap Roots: 0.2ms
[2024-04-27T23:25:42.540+0000][7][gc,phases   ] GC(267)   Evacuate Collection Set: 0.6ms
[2024-04-27T23:25:42.540+0000][7][gc,phases   ] GC(267)   Post Evacuate Collection Set: 0.5ms
[2024-04-27T23:25:42.540+0000][7][gc,phases   ] GC(267)   Other: 0.5ms
[2024-04-27T23:25:42.540+0000][7][gc,heap     ] GC(267) Eden regions: 152->0(152)
[2024-04-27T23:25:42.540+0000][7][gc,heap     ] GC(267) Survivor regions: 1->1(20)
[2024-04-27T23:25:42.540+0000][7][gc,heap     ] GC(267) Old regions: 21->21
[2024-04-27T23:25:42.540+0000][7][gc,heap     ] GC(267) Archive regions: 2->2
[2024-04-27T23:25:42.540+0000][7][gc,heap     ] GC(267) Humongous regions: 2->2
[2024-04-27T23:25:42.540+0000][7][gc,metaspace] GC(267) Metaspace: 102065K(106704K)->102065K(106704K) NonClass: 89017K(92496K)->89017K(92496K) Class: 13048K(14208K)->13048K(14208K)
[2024-04-27T23:25:42.540+0000][7][gc          ] GC(267) Pause Young (Normal) (G1 Evacuation Pause) 702M->94M(1024M) 2.229ms
[2024-04-27T23:25:42.540+0000][7][gc,cpu      ] GC(267) User=0.00s Sys=0.00s Real=0.00s
[2024-04-27T23:25:42.540+0000][7][safepoint   ] Safepoint "G1CollectForAllocation", Time since last: 24775129501171 ns, Reaching safepoint: 90371 ns, At safepoint: 2331359 ns, Total: 2421730 ns
[2024-04-28T01:00:00.877+0000][7][safepoint   ] Safepoint "Cleanup", Time since last: 5658337226859 ns, Reaching safepoint: 114619 ns, At safepoint: 4191 ns, Total: 118810 ns
[2024-04-28T06:18:48.645+0000][7][gc,start    ] GC(268) Pause Young (Normal) (G1 Evacuation Pause)
[2024-04-28T06:18:48.645+0000][7][gc,task     ] GC(268) Using 13 workers of 13 for evacuation
[2024-04-28T06:18:48.645+0000][7][gc,age      ] GC(268) Desired survivor size 41943040 bytes, new threshold 15 (max threshold 15)
[2024-04-28T06:18:48.647+0000][7][gc,age      ] GC(268) Age table with threshold 15 (max threshold 15)
[2024-04-28T06:18:48.647+0000][7][gc,age      ] GC(268) - age   1:     131528 bytes,     131528 total
[2024-04-28T06:18:48.647+0000][7][gc,age      ] GC(268) - age   2:      66776 bytes,     198304 total
[2024-04-28T06:18:48.647+0000][7][gc,age      ] GC(268) - age   3:        440 bytes,     198744 total
[2024-04-28T06:18:48.647+0000][7][gc,age      ] GC(268) - age   4:         80 bytes,     198824 total
[2024-04-28T06:18:48.647+0000][7][gc,age      ] GC(268) - age   7:         40 bytes,     198864 total
[2024-04-28T06:18:48.647+0000][7][gc,age      ] GC(268) - age   8:        112 bytes,     198976 total
[2024-04-28T06:18:48.647+0000][7][gc,age      ] GC(268) - age   9:        160 bytes,     199136 total
[2024-04-28T06:18:48.647+0000][7][gc,age      ] GC(268) - age  10:        896 bytes,     200032 total
[2024-04-28T06:18:48.647+0000][7][gc,age      ] GC(268) - age  11:        960 bytes,     200992 total
[2024-04-28T06:18:48.647+0000][7][gc,age      ] GC(268) - age  14:        112 bytes,     201104 total
[2024-04-28T06:18:48.648+0000][7][gc,phases   ] GC(268)   Pre Evacuate Collection Set: 0.2ms
[2024-04-28T06:18:48.648+0000][7][gc,phases   ] GC(268)   Merge Heap Roots: 0.2ms
[2024-04-28T06:18:48.648+0000][7][gc,phases   ] GC(268)   Evacuate Collection Set: 1.1ms
[2024-04-28T06:18:48.648+0000][7][gc,phases   ] GC(268)   Post Evacuate Collection Set: 0.5ms
[2024-04-28T06:18:48.648+0000][7][gc,phases   ] GC(268)   Other: 0.4ms
[2024-04-28T06:18:48.648+0000][7][gc,heap     ] GC(268) Eden regions: 152->0(152)
[2024-04-28T06:18:48.648+0000][7][gc,heap     ] GC(268) Survivor regions: 1->1(20)
[2024-04-28T06:18:48.648+0000][7][gc,heap     ] GC(268) Old regions: 21->21
[2024-04-28T06:18:48.648+0000][7][gc,heap     ] GC(268) Archive regions: 2->2
[2024-04-28T06:18:48.648+0000][7][gc,heap     ] GC(268) Humongous regions: 2->2
[2024-04-28T06:18:48.648+0000][7][gc,metaspace] GC(268) Metaspace: 102065K(106704K)->102065K(106704K) NonClass: 89017K(92496K)->89017K(92496K) Class: 13048K(14208K)->13048K(14208K)
[2024-04-28T06:18:48.648+0000][7][gc          ] GC(268) Pause Young (Normal) (G1 Evacuation Pause) 702M->94M(1024M) 2.465ms
[2024-04-28T06:18:48.648+0000][7][gc,cpu      ] GC(268) User=0.01s Sys=0.00s Real=0.01s
[2024-04-28T06:18:48.648+0000][7][safepoint   ] Safepoint "G1CollectForAllocation", Time since last: 19127767955288 ns, Reaching safepoint: 85554 ns, At safepoint: 2554000 ns, Total: 2639554 ns
[2024-04-28T12:49:52.042+0000][7][safepoint   ] Safepoint "Cleanup", Time since last: 23463394165024 ns, Reaching safepoint: 110270 ns, At safepoint: 3627 ns, Total: 113897 ns
[2024-04-28T13:12:12.875+0000][7][gc,start    ] GC(269) Pause Young (Normal) (G1 Evacuation Pause)
[2024-04-28T13:12:12.875+0000][7][gc,task     ] GC(269) Using 13 workers of 13 for evacuation
[2024-04-28T13:12:12.875+0000][7][gc,age      ] GC(269) Desired survivor size 41943040 bytes, new threshold 15 (max threshold 15)
[2024-04-28T13:12:12.877+0000][7][gc,age      ] GC(269) Age table with threshold 15 (max threshold 15)
[2024-04-28T13:12:12.878+0000][7][gc,age      ] GC(269) - age   1:      61840 bytes,      61840 total
[2024-04-28T13:12:12.878+0000][7][gc,age      ] GC(269) - age   2:      82904 bytes,     144744 total
[2024-04-28T13:12:12.878+0000][7][gc,age      ] GC(269) - age   3:      33768 bytes,     178512 total
[2024-04-28T13:12:12.878+0000][7][gc,age      ] GC(269) - age   4:        400 bytes,     178912 total
[2024-04-28T13:12:12.878+0000][7][gc,age      ] GC(269) - age   9:         72 bytes,     178984 total
[2024-04-28T13:12:12.878+0000][7][gc,age      ] GC(269) - age  10:        160 bytes,     179144 total
[2024-04-28T13:12:12.878+0000][7][gc,age      ] GC(269) - age  11:        896 bytes,     180040 total
[2024-04-28T13:12:12.878+0000][7][gc,age      ] GC(269) - age  12:        960 bytes,     181000 total
[2024-04-28T13:12:12.878+0000][7][gc,age      ] GC(269) - age  15:        112 bytes,     181112 total
[2024-04-28T13:12:12.878+0000][7][gc,phases   ] GC(269)   Pre Evacuate Collection Set: 0.2ms
[2024-04-28T13:12:12.878+0000][7][gc,phases   ] GC(269)   Merge Heap Roots: 0.1ms
[2024-04-28T13:12:12.878+0000][7][gc,phases   ] GC(269)   Evacuate Collection Set: 1.5ms
[2024-04-28T13:12:12.878+0000][7][gc,phases   ] GC(269)   Post Evacuate Collection Set: 0.6ms
[2024-04-28T13:12:12.878+0000][7][gc,phases   ] GC(269)   Other: 0.4ms
[2024-04-28T13:12:12.878+0000][7][gc,heap     ] GC(269) Eden regions: 152->0(152)
[2024-04-28T13:12:12.878+0000][7][gc,heap     ] GC(269) Survivor regions: 1->1(20)
[2024-04-28T13:12:12.878+0000][7][gc,heap     ] GC(269) Old regions: 21->21
[2024-04-28T13:12:12.878+0000][7][gc,heap     ] GC(269) Archive regions: 2->2
[2024-04-28T13:12:12.878+0000][7][gc,heap     ] GC(269) Humongous regions: 2->2
[2024-04-28T13:12:12.878+0000][7][gc,metaspace] GC(269) Metaspace: 102065K(106704K)->102065K(106704K) NonClass: 89017K(92496K)->89017K(92496K) Class: 13048K(14208K)->13048K(14208K)
[2024-04-28T13:12:12.878+0000][7][gc          ] GC(269) Pause Young (Normal) (G1 Evacuation Pause) 702M->94M(1024M) 2.859ms
[2024-04-28T13:12:12.878+0000][7][gc,cpu      ] GC(269) User=0.01s Sys=0.00s Real=0.01s
[2024-04-28T13:12:12.878+0000][7][safepoint   ] Safepoint "G1CollectForAllocation", Time since last: 1340832840717 ns, Reaching safepoint: 84511 ns, At safepoint: 2950247 ns, Total: 3034758 ns
[2024-04-28T20:04:10.193+0000][7][gc,start    ] GC(270) Pause Young (Normal) (G1 Evacuation Pause)
[2024-04-28T20:04:10.193+0000][7][gc,task     ] GC(270) Using 13 workers of 13 for evacuation
[2024-04-28T20:04:10.193+0000][7][gc,age      ] GC(270) Desired survivor size 41943040 bytes, new threshold 15 (max threshold 15)
[2024-04-28T20:04:10.195+0000][7][gc,age      ] GC(270) Age table with threshold 15 (max threshold 15)
[2024-04-28T20:04:10.195+0000][7][gc,age      ] GC(270) - age   1:      87200 bytes,      87200 total
[2024-04-28T20:04:10.195+0000][7][gc,age      ] GC(270) - age   2:      49504 bytes,     136704 total
[2024-04-28T20:04:10.195+0000][7][gc,age      ] GC(270) - age   3:      82744 bytes,     219448 total
[2024-04-28T20:04:10.195+0000][7][gc,age      ] GC(270) - age   4:      32424 bytes,     251872 total
[2024-04-28T20:04:10.195+0000][7][gc,age      ] GC(270) - age   5:        400 bytes,     252272 total
[2024-04-28T20:04:10.195+0000][7][gc,age      ] GC(270) - age  10:         72 bytes,     252344 total
[2024-04-28T20:04:10.195+0000][7][gc,age      ] GC(270) - age  11:        160 bytes,     252504 total
[2024-04-28T20:04:10.195+0000][7][gc,age      ] GC(270) - age  12:        896 bytes,     253400 total
[2024-04-28T20:04:10.195+0000][7][gc,age      ] GC(270) - age  13:        960 bytes,     254360 total
[2024-04-28T20:04:10.195+0000][7][gc,phases   ] GC(270)   Pre Evacuate Collection Set: 0.1ms
[2024-04-28T20:04:10.195+0000][7][gc,phases   ] GC(270)   Merge Heap Roots: 0.1ms
[2024-04-28T20:04:10.195+0000][7][gc,phases   ] GC(270)   Evacuate Collection Set: 1.1ms
[2024-04-28T20:04:10.195+0000][7][gc,phases   ] GC(270)   Post Evacuate Collection Set: 0.5ms
[2024-04-28T20:04:10.195+0000][7][gc,phases   ] GC(270)   Other: 0.4ms
[2024-04-28T20:04:10.195+0000][7][gc,heap     ] GC(270) Eden regions: 152->0(152)
[2024-04-28T20:04:10.195+0000][7][gc,heap     ] GC(270) Survivor regions: 1->1(20)
[2024-04-28T20:04:10.196+0000][7][gc,heap     ] GC(270) Old regions: 21->21
[2024-04-28T20:04:10.196+0000][7][gc,heap     ] GC(270) Archive regions: 2->2
[2024-04-28T20:04:10.196+0000][7][gc,heap     ] GC(270) Humongous regions: 2->2
[2024-04-28T20:04:10.196+0000][7][gc,metaspace] GC(270) Metaspace: 102065K(106704K)->102065K(106704K) NonClass: 89017K(92496K)->89017K(92496K) Class: 13048K(14208K)->13048K(14208K)
[2024-04-28T20:04:10.196+0000][7][gc          ] GC(270) Pause Young (Normal) (G1 Evacuation Pause) 702M->94M(1024M) 2.451ms
[2024-04-28T20:04:10.196+0000][7][gc,cpu      ] GC(270) User=0.00s Sys=0.00s Real=0.00s
[2024-04-28T20:04:10.196+0000][7][safepoint   ] Safepoint "G1CollectForAllocation", Time since last: 24717315098542 ns, Reaching safepoint: 87178 ns, At safepoint: 2547006 ns, Total: 2634184 ns
[2024-04-28T22:24:24.285+0000][7][safepoint   ] Safepoint "Cleanup", Time since last: 8414089761619 ns, Reaching safepoint: 102521 ns, At safepoint: 3648 ns, Total: 106169 ns
[2024-04-28T22:24:25.286+0000][7][safepoint   ] Safepoint "Cleanup", Time since last: 1000136152 ns, Reaching safepoint: 172916 ns, At safepoint: 2264 ns, Total: 175180 ns
[2024-04-28T22:24:41.287+0000][7][safepoint   ] Safepoint "Cleanup", Time since last: 16001088120 ns, Reaching safepoint: 104369 ns, At safepoint: 3702 ns, Total: 108071 ns
[2024-04-29T02:39:03.183+0000][7][safepoint   ] Safepoint "Cleanup", Time since last: 15261895817888 ns, Reaching safepoint: 101454 ns, At safepoint: 3684 ns, Total: 105138 ns
[2024-04-29T02:53:37.792+0000][7][gc,start    ] GC(271) Pause Young (Normal) (G1 Evacuation Pause)
[2024-04-29T02:53:37.792+0000][7][gc,task     ] GC(271) Using 13 workers of 13 for evacuation
[2024-04-29T02:53:37.792+0000][7][gc,age      ] GC(271) Desired survivor size 41943040 bytes, new threshold 15 (max threshold 15)
[2024-04-29T02:53:37.794+0000][7][gc,age      ] GC(271) Age table with threshold 15 (max threshold 15)
[2024-04-29T02:53:37.794+0000][7][gc,age      ] GC(271) - age   1:     277536 bytes,     277536 total
[2024-04-29T02:53:37.794+0000][7][gc,age      ] GC(271) - age   2:      66552 bytes,     344088 total
[2024-04-29T02:53:37.794+0000][7][gc,age      ] GC(271) - age   3:      32936 bytes,     377024 total
[2024-04-29T02:53:37.794+0000][7][gc,age      ] GC(271) - age   4:      65144 bytes,     442168 total
[2024-04-29T02:53:37.794+0000][7][gc,age      ] GC(271) - age   5:      16232 bytes,     458400 total
[2024-04-29T02:53:37.794+0000][7][gc,age      ] GC(271) - age   6:        200 bytes,     458600 total
[2024-04-29T02:53:37.794+0000][7][gc,age      ] GC(271) - age  11:         72 bytes,     458672 total
[2024-04-29T02:53:37.794+0000][7][gc,age      ] GC(271) - age  12:        160 bytes,     458832 total
[2024-04-29T02:53:37.794+0000][7][gc,age      ] GC(271) - age  13:        608 bytes,     459440 total
[2024-04-29T02:53:37.794+0000][7][gc,age      ] GC(271) - age  14:        880 bytes,     460320 total
[2024-04-29T02:53:37.794+0000][7][gc,phases   ] GC(271)   Pre Evacuate Collection Set: 0.2ms
[2024-04-29T02:53:37.794+0000][7][gc,phases   ] GC(271)   Merge Heap Roots: 0.1ms
[2024-04-29T02:53:37.794+0000][7][gc,phases   ] GC(271)   Evacuate Collection Set: 0.8ms
[2024-04-29T02:53:37.794+0000][7][gc,phases   ] GC(271)   Post Evacuate Collection Set: 0.6ms
[2024-04-29T02:53:37.794+0000][7][gc,phases   ] GC(271)   Other: 0.4ms
[2024-04-29T02:53:37.794+0000][7][gc,heap     ] GC(271) Eden regions: 152->0(152)
[2024-04-29T02:53:37.794+0000][7][gc,heap     ] GC(271) Survivor regions: 1->1(20)
[2024-04-29T02:53:37.794+0000][7][gc,heap     ] GC(271) Old regions: 21->21
[2024-04-29T02:53:37.794+0000][7][gc,heap     ] GC(271) Archive regions: 2->2
[2024-04-29T02:53:37.794+0000][7][gc,heap     ] GC(271) Humongous regions: 2->2
[2024-04-29T02:53:37.794+0000][7][gc,metaspace] GC(271) Metaspace: 102753K(107344K)->102753K(107344K) NonClass: 89559K(93008K)->89559K(93008K) Class: 13193K(14336K)->13193K(14336K)
[2024-04-29T02:53:37.794+0000][7][gc          ] GC(271) Pause Young (Normal) (G1 Evacuation Pause) 702M->94M(1024M) 2.148ms
[2024-04-29T02:53:37.794+0000][7][gc,cpu      ] GC(271) User=0.01s Sys=0.00s Real=0.00s
[2024-04-29T02:53:37.794+0000][7][safepoint   ] Safepoint "G1CollectForAllocation", Time since last: 874609072051 ns, Reaching safepoint: 96365 ns, At safepoint: 2250604 ns, Total: 2346969 ns
[2024-04-29T08:30:43.277+0000][7][safepoint   ] Safepoint "ICBufferFull", Time since last: 20225482080277 ns, Reaching safepoint: 219282 ns, At safepoint: 8803 ns, Total: 228085 ns
[2024-04-29T08:30:43.324+0000][7][safepoint   ] Safepoint "ICBufferFull", Time since last: 47182309 ns, Reaching safepoint: 179540 ns, At safepoint: 6109 ns, Total: 185649 ns
[2024-04-29T08:30:44.324+0000][7][safepoint   ] Safepoint "Cleanup", Time since last: 1000272409 ns, Reaching safepoint: 199926 ns, At safepoint: 2302 ns, Total: 202228 ns
[2024-04-29T08:30:45.325+0000][7][safepoint   ] Safepoint "Cleanup", Time since last: 1000230508 ns, Reaching safepoint: 87770 ns, At safepoint: 8768 ns, Total: 96538 ns
[2024-04-29T08:30:48.325+0000][7][safepoint   ] Safepoint "Cleanup", Time since last: 3000271441 ns, Reaching safepoint: 90430 ns, At safepoint: 6308 ns, Total: 96738 ns
[2024-04-29T08:31:11.327+0000][7][safepoint   ] Safepoint "Cleanup", Time since last: 23001441362 ns, Reaching safepoint: 100330 ns, At safepoint: 3934 ns, Total: 104264 ns
[2024-04-29T08:31:13.327+0000][7][safepoint   ] Safepoint "Cleanup", Time since last: 2000160904 ns, Reaching safepoint: 80933 ns, At safepoint: 2357 ns, Total: 83290 ns
[2024-04-29T08:31:15.327+0000][7][safepoint   ] Safepoint "Cleanup", Time since last: 2000230944 ns, Reaching safepoint: 86884 ns, At safepoint: 4114 ns, Total: 90998 ns
[2024-04-29T08:31:43.329+0000][7][safepoint   ] Safepoint "Cleanup", Time since last: 28001754519 ns, Reaching safepoint: 84557 ns, At safepoint: 3409 ns, Total: 87966 ns
[2024-04-29T08:31:48.330+0000][7][safepoint   ] Safepoint "Cleanup", Time since last: 5000392859 ns, Reaching safepoint: 127587 ns, At safepoint: 3615 ns, Total: 131202 ns
[2024-04-29T08:33:01.334+0000][7][safepoint   ] Safepoint "Cleanup", Time since last: 73004419213 ns, Reaching safepoint: 89526 ns, At safepoint: 2752 ns, Total: 92278 ns
[2024-04-29T08:33:11.335+0000][7][safepoint   ] Safepoint "Cleanup", Time since last: 10000659450 ns, Reaching safepoint: 86333 ns, At safepoint: 4225 ns, Total: 90558 ns
[2024-04-29T08:35:48.344+0000][7][safepoint   ] Safepoint "Cleanup", Time since last: 157009428781 ns, Reaching safepoint: 90191 ns, At safepoint: 6122 ns, Total: 96313 ns
[2024-04-29T08:35:49.345+0000][7][safepoint   ] Safepoint "Cleanup", Time since last: 1000239315 ns, Reaching safepoint: 86921 ns, At safepoint: 3696 ns, Total: 90617 ns
[2024-04-29T08:35:57.345+0000][7][safepoint   ] Safepoint "Cleanup", Time since last: 8000569714 ns, Reaching safepoint: 94437 ns, At safepoint: 3425 ns, Total: 97862 ns
[2024-04-29T08:36:22.347+0000][7][safepoint   ] Safepoint "Cleanup", Time since last: 25001531578 ns, Reaching safepoint: 91902 ns, At safepoint: 4341 ns, Total: 96243 ns
[2024-04-29T08:42:11.368+0000][7][safepoint   ] Safepoint "Cleanup", Time since last: 349020945128 ns, Reaching safepoint: 108771 ns, At safepoint: 4000 ns, Total: 112771 ns
[2024-04-29T08:50:33.398+0000][7][safepoint   ] Safepoint "Cleanup", Time since last: 502029759543 ns, Reaching safepoint: 113910 ns, At safepoint: 4336 ns, Total: 118246 ns
[2024-04-29T08:50:43.399+0000][7][safepoint   ] Safepoint "Cleanup", Time since last: 10000684950 ns, Reaching safepoint: 84563 ns, At safepoint: 6774 ns, Total: 91337 ns
[2024-04-29T08:50:51.399+0000][7][safepoint   ] Safepoint "Cleanup", Time since last: 8000562552 ns, Reaching safepoint: 74772 ns, At safepoint: 3519 ns, Total: 78291 ns
[2024-04-29T09:17:51.496+0000][7][safepoint   ] Safepoint "Cleanup", Time since last: 1620096756306 ns, Reaching safepoint: 115340 ns, At safepoint: 4319 ns, Total: 119659 ns
[2024-04-29T09:24:56.993+0000][7][gc,start    ] GC(272) Pause Young (Normal) (G1 Evacuation Pause)
[2024-04-29T09:24:56.993+0000][7][gc,task     ] GC(272) Using 13 workers of 13 for evacuation
[2024-04-29T09:24:56.993+0000][7][gc,age      ] GC(272) Desired survivor size 41943040 bytes, new threshold 15 (max threshold 15)
[2024-04-29T09:24:56.996+0000][7][gc,age      ] GC(272) Age table with threshold 15 (max threshold 15)
[2024-04-29T09:24:56.996+0000][7][gc,age      ] GC(272) - age   1:    1127784 bytes,    1127784 total
[2024-04-29T09:24:56.996+0000][7][gc,age      ] GC(272) - age   2:     127424 bytes,    1255208 total
[2024-04-29T09:24:56.996+0000][7][gc,age      ] GC(272) - age   3:      33768 bytes,    1288976 total
[2024-04-29T09:24:56.996+0000][7][gc,age      ] GC(272) - age   4:        160 bytes,    1289136 total
[2024-04-29T09:24:56.996+0000][7][gc,age      ] GC(272) - age   5:      32800 bytes,    1321936 total
[2024-04-29T09:24:56.996+0000][7][gc,age      ] GC(272) - age   6:         40 bytes,    1321976 total
[2024-04-29T09:24:56.996+0000][7][gc,age      ] GC(272) - age   7:        200 bytes,    1322176 total
[2024-04-29T09:24:56.996+0000][7][gc,age      ] GC(272) - age  12:         72 bytes,    1322248 total
[2024-04-29T09:24:56.996+0000][7][gc,age      ] GC(272) - age  13:        160 bytes,    1322408 total
[2024-04-29T09:24:56.996+0000][7][gc,age      ] GC(272) - age  14:        608 bytes,    1323016 total
[2024-04-29T09:24:56.996+0000][7][gc,age      ] GC(272) - age  15:        880 bytes,    1323896 total
[2024-04-29T09:24:56.996+0000][7][gc,phases   ] GC(272)   Pre Evacuate Collection Set: 0.2ms
[2024-04-29T09:24:56.996+0000][7][gc,phases   ] GC(272)   Merge Heap Roots: 0.2ms
[2024-04-29T09:24:56.996+0000][7][gc,phases   ] GC(272)   Evacuate Collection Set: 1.7ms
[2024-04-29T09:24:56.996+0000][7][gc,phases   ] GC(272)   Post Evacuate Collection Set: 0.6ms
[2024-04-29T09:24:56.996+0000][7][gc,phases   ] GC(272)   Other: 0.4ms
[2024-04-29T09:24:56.996+0000][7][gc,heap     ] GC(272) Eden regions: 152->0(152)
[2024-04-29T09:24:56.996+0000][7][gc,heap     ] GC(272) Survivor regions: 1->1(20)
[2024-04-29T09:24:56.996+0000][7][gc,heap     ] GC(272) Old regions: 21->21
[2024-04-29T09:24:56.996+0000][7][gc,heap     ] GC(272) Archive regions: 2->2
[2024-04-29T09:24:56.996+0000][7][gc,heap     ] GC(272) Humongous regions: 2->2
[2024-04-29T09:24:56.996+0000][7][gc,metaspace] GC(272) Metaspace: 103701K(108368K)->103701K(108368K) NonClass: 90365K(93776K)->90365K(93776K) Class: 13336K(14592K)->13336K(14592K)
[2024-04-29T09:24:56.996+0000][7][gc          ] GC(272) Pause Young (Normal) (G1 Evacuation Pause) 702M->95M(1024M) 3.205ms
[2024-04-29T09:24:56.996+0000][7][gc,cpu      ] GC(272) User=0.01s Sys=0.00s Real=0.00s
[2024-04-29T09:24:56.996+0000][7][safepoint   ] Safepoint "G1CollectForAllocation", Time since last: 425496681018 ns, Reaching safepoint: 91527 ns, At safepoint: 3299758 ns, Total: 3391285 ns
[2024-04-29T09:25:37.999+0000][7][safepoint   ] Safepoint "Cleanup", Time since last: 41002433840 ns, Reaching safepoint: 105271 ns, At safepoint: 3355 ns, Total: 108626 ns
[2024-04-29T09:27:11.005+0000][7][safepoint   ] Safepoint "Cleanup", Time since last: 93005612723 ns, Reaching safepoint: 115759 ns, At safepoint: 4792 ns, Total: 120551 ns
[2024-04-29T10:05:18.158+0000][7][safepoint   ] Safepoint "Cleanup", Time since last: 2287153485342 ns, Reaching safepoint: 117621 ns, At safepoint: 3881 ns, Total: 121502 ns
[2024-04-29T10:05:19.159+0000][7][safepoint   ] Safepoint "Cleanup", Time since last: 1000158710 ns, Reaching safepoint: 110085 ns, At safepoint: 4021 ns, Total: 114106 ns
[2024-04-29T10:05:36.160+0000][7][safepoint   ] Safepoint "Cleanup", Time since last: 17001150135 ns, Reaching safepoint: 111460 ns, At safepoint: 4261 ns, Total: 115721 ns
[2024-04-29T10:05:40.160+0000][7][safepoint   ] Safepoint "Cleanup", Time since last: 4000336310 ns, Reaching safepoint: 85090 ns, At safepoint: 3460 ns, Total: 88550 ns
[2024-04-29T10:09:14.173+0000][7][safepoint   ] Safepoint "Cleanup", Time since last: 214012788215 ns, Reaching safepoint: 100849 ns, At safepoint: 4008 ns, Total: 104857 ns
[2024-04-29T14:19:16.079+0000][7][safepoint   ] Safepoint "Cleanup", Time since last: 15001905533419 ns, Reaching safepoint: 107150 ns, At safepoint: 8684 ns, Total: 115834 ns
[2024-04-29T15:53:44.805+0000][7][gc,start    ] GC(273) Pause Young (Normal) (G1 Evacuation Pause)
[2024-04-29T15:53:44.805+0000][7][gc,task     ] GC(273) Using 13 workers of 13 for evacuation
[2024-04-29T15:53:44.805+0000][7][gc,age      ] GC(273) Desired survivor size 41943040 bytes, new threshold 15 (max threshold 15)
[2024-04-29T15:53:44.808+0000][7][gc,age      ] GC(273) Age table with threshold 15 (max threshold 15)
[2024-04-29T15:53:44.808+0000][7][gc,age      ] GC(273) - age   1:     169592 bytes,     169592 total
[2024-04-29T15:53:44.808+0000][7][gc,age      ] GC(273) - age   2:     887160 bytes,    1056752 total
[2024-04-29T15:53:44.808+0000][7][gc,age      ] GC(273) - age   3:     121408 bytes,    1178160 total
[2024-04-29T15:53:44.808+0000][7][gc,age      ] GC(273) - age   4:        160 bytes,    1178320 total
[2024-04-29T15:53:44.808+0000][7][gc,age      ] GC(273) - age   5:         80 bytes,    1178400 total
[2024-04-29T15:53:44.808+0000][7][gc,age      ] GC(273) - age   6:      16568 bytes,    1194968 total
[2024-04-29T15:53:44.808+0000][7][gc,age      ] GC(273) - age   7:         40 bytes,    1195008 total
[2024-04-29T15:53:44.808+0000][7][gc,age      ] GC(273) - age   8:        200 bytes,    1195208 total
[2024-04-29T15:53:44.808+0000][7][gc,age      ] GC(273) - age  13:         72 bytes,    1195280 total
[2024-04-29T15:53:44.808+0000][7][gc,age      ] GC(273) - age  14:        160 bytes,    1195440 total
[2024-04-29T15:53:44.808+0000][7][gc,age      ] GC(273) - age  15:        416 bytes,    1195856 total
[2024-04-29T15:53:44.808+0000][7][gc,phases   ] GC(273)   Pre Evacuate Collection Set: 0.2ms
[2024-04-29T15:53:44.808+0000][7][gc,phases   ] GC(273)   Merge Heap Roots: 0.2ms
[2024-04-29T15:53:44.808+0000][7][gc,phases   ] GC(273)   Evacuate Collection Set: 1.6ms
[2024-04-29T15:53:44.808+0000][7][gc,phases   ] GC(273)   Post Evacuate Collection Set: 0.6ms
[2024-04-29T15:53:44.808+0000][7][gc,phases   ] GC(273)   Other: 0.5ms
[2024-04-29T15:53:44.808+0000][7][gc,heap     ] GC(273) Eden regions: 152->0(152)
[2024-04-29T15:53:44.808+0000][7][gc,heap     ] GC(273) Survivor regions: 1->1(20)
[2024-04-29T15:53:44.808+0000][7][gc,heap     ] GC(273) Old regions: 21->21
[2024-04-29T15:53:44.808+0000][7][gc,heap     ] GC(273) Archive regions: 2->2
[2024-04-29T15:53:44.808+0000][7][gc,heap     ] GC(273) Humongous regions: 2->2
[2024-04-29T15:53:44.808+0000][7][gc,metaspace] GC(273) Metaspace: 103704K(108368K)->103704K(108368K) NonClass: 90368K(93776K)->90368K(93776K) Class: 13336K(14592K)->13336K(14592K)
[2024-04-29T15:53:44.808+0000][7][gc          ] GC(273) Pause Young (Normal) (G1 Evacuation Pause) 703M->95M(1024M) 3.247ms
[2024-04-29T15:53:44.808+0000][7][gc,cpu      ] GC(273) User=0.01s Sys=0.00s Real=0.01s
[2024-04-29T15:53:44.808+0000][7][safepoint   ] Safepoint "G1CollectForAllocation", Time since last: 5668726183853 ns, Reaching safepoint: 96263 ns, At safepoint: 3350646 ns, Total: 3446909 ns
[2024-04-29T22:30:51.800+0000][7][gc,start    ] GC(274) Pause Young (Normal) (G1 Evacuation Pause)
[2024-04-29T22:30:51.800+0000][7][gc,task     ] GC(274) Using 13 workers of 13 for evacuation
[2024-04-29T22:30:51.800+0000][7][gc,age      ] GC(274) Desired survivor size 41943040 bytes, new threshold 15 (max threshold 15)
[2024-04-29T22:30:51.804+0000][7][gc,age      ] GC(274) Age table with threshold 15 (max threshold 15)
[2024-04-29T22:30:51.804+0000][7][gc,age      ] GC(274) - age   1:      30032 bytes,      30032 total
[2024-04-29T22:30:51.804+0000][7][gc,age      ] GC(274) - age   2:      50480 bytes,      80512 total
[2024-04-29T22:30:51.804+0000][7][gc,age      ] GC(274) - age   3:     846112 bytes,     926624 total
[2024-04-29T22:30:51.804+0000][7][gc,age      ] GC(274) - age   4:     121368 bytes,    1047992 total
[2024-04-29T22:30:51.804+0000][7][gc,age      ] GC(274) - age   5:        160 bytes,    1048152 total
[2024-04-29T22:30:51.804+0000][7][gc,age      ] GC(274) - age   6:         40 bytes,    1048192 total
[2024-04-29T22:30:51.804+0000][7][gc,age      ] GC(274) - age   7:        416 bytes,    1048608 total
[2024-04-29T22:30:51.804+0000][7][gc,age      ] GC(274) - age   8:         40 bytes,    1048648 total
[2024-04-29T22:30:51.804+0000][7][gc,age      ] GC(274) - age   9:        200 bytes,    1048848 total
[2024-04-29T22:30:51.804+0000][7][gc,age      ] GC(274) - age  14:         72 bytes,    1048920 total
[2024-04-29T22:30:51.804+0000][7][gc,age      ] GC(274) - age  15:        160 bytes,    1049080 total
[2024-04-29T22:30:51.804+0000][7][gc,phases   ] GC(274)   Pre Evacuate Collection Set: 0.2ms
[2024-04-29T22:30:51.804+0000][7][gc,phases   ] GC(274)   Merge Heap Roots: 0.1ms
[2024-04-29T22:30:51.804+0000][7][gc,phases   ] GC(274)   Evacuate Collection Set: 2.4ms
[2024-04-29T22:30:51.804+0000][7][gc,phases   ] GC(274)   Post Evacuate Collection Set: 0.6ms
[2024-04-29T22:30:51.804+0000][7][gc,phases   ] GC(274)   Other: 0.4ms
[2024-04-29T22:30:51.804+0000][7][gc,heap     ] GC(274) Eden regions: 152->0(152)
[2024-04-29T22:30:51.804+0000][7][gc,heap     ] GC(274) Survivor regions: 1->1(20)
[2024-04-29T22:30:51.804+0000][7][gc,heap     ] GC(274) Old regions: 21->21
[2024-04-29T22:30:51.804+0000][7][gc,heap     ] GC(274) Archive regions: 2->2
[2024-04-29T22:30:51.804+0000][7][gc,heap     ] GC(274) Humongous regions: 2->2
[2024-04-29T22:30:51.804+0000][7][gc,metaspace] GC(274) Metaspace: 103704K(108368K)->103704K(108368K) NonClass: 90368K(93776K)->90368K(93776K) Class: 13336K(14592K)->13336K(14592K)
[2024-04-29T22:30:51.804+0000][7][gc          ] GC(274) Pause Young (Normal) (G1 Evacuation Pause) 703M->95M(1024M) 3.895ms
[2024-04-29T22:30:51.804+0000][7][gc,cpu      ] GC(274) User=0.02s Sys=0.00s Real=0.00s
[2024-04-29T22:30:51.804+0000][7][safepoint   ] Safepoint "G1CollectForAllocation", Time since last: 23826991801564 ns, Reaching safepoint: 79791 ns, At safepoint: 3987261 ns, Total: 4067052 ns
[2024-04-30T05:07:31.624+0000][7][gc,start    ] GC(275) Pause Young (Normal) (G1 Evacuation Pause)
[2024-04-30T05:07:31.624+0000][7][gc,task     ] GC(275) Using 13 workers of 13 for evacuation
[2024-04-30T05:07:31.624+0000][7][gc,age      ] GC(275) Desired survivor size 41943040 bytes, new threshold 15 (max threshold 15)
[2024-04-30T05:07:31.627+0000][7][gc,age      ] GC(275) Age table with threshold 15 (max threshold 15)
[2024-04-30T05:07:31.627+0000][7][gc,age      ] GC(275) - age   1:     103832 bytes,     103832 total
[2024-04-30T05:07:31.627+0000][7][gc,age      ] GC(275) - age   2:        672 bytes,     104504 total
[2024-04-30T05:07:31.627+0000][7][gc,age      ] GC(275) - age   3:      49880 bytes,     154384 total
[2024-04-30T05:07:31.627+0000][7][gc,age      ] GC(275) - age   4:     846072 bytes,    1000456 total
[2024-04-30T05:07:31.627+0000][7][gc,age      ] GC(275) - age   5:     120712 bytes,    1121168 total
[2024-04-30T05:07:31.627+0000][7][gc,age      ] GC(275) - age   6:        160 bytes,    1121328 total
[2024-04-30T05:07:31.627+0000][7][gc,age      ] GC(275) - age   7:         40 bytes,    1121368 total
[2024-04-30T05:07:31.627+0000][7][gc,age      ] GC(275) - age   8:         80 bytes,    1121448 total
[2024-04-30T05:07:31.627+0000][7][gc,age      ] GC(275) - age  10:        200 bytes,    1121648 total
[2024-04-30T05:07:31.627+0000][7][gc,age      ] GC(275) - age  15:         72 bytes,    1121720 total
[2024-04-30T05:07:31.628+0000][7][gc,phases   ] GC(275)   Pre Evacuate Collection Set: 0.2ms
[2024-04-30T05:07:31.628+0000][7][gc,phases   ] GC(275)   Merge Heap Roots: 0.2ms
[2024-04-30T05:07:31.628+0000][7][gc,phases   ] GC(275)   Evacuate Collection Set: 2.5ms
[2024-04-30T05:07:31.628+0000][7][gc,phases   ] GC(275)   Post Evacuate Collection Set: 0.5ms
[2024-04-30T05:07:31.628+0000][7][gc,phases   ] GC(275)   Other: 0.4ms
[2024-04-30T05:07:31.628+0000][7][gc,heap     ] GC(275) Eden regions: 152->0(152)
[2024-04-30T05:07:31.628+0000][7][gc,heap     ] GC(275) Survivor regions: 1->1(20)
[2024-04-30T05:07:31.628+0000][7][gc,heap     ] GC(275) Old regions: 21->21
[2024-04-30T05:07:31.628+0000][7][gc,heap     ] GC(275) Archive regions: 2->2
[2024-04-30T05:07:31.628+0000][7][gc,heap     ] GC(275) Humongous regions: 2->2
[2024-04-30T05:07:31.628+0000][7][gc,metaspace] GC(275) Metaspace: 103704K(108368K)->103704K(108368K) NonClass: 90368K(93776K)->90368K(93776K) Class: 13336K(14592K)->13336K(14592K)
[2024-04-30T05:07:31.628+0000][7][gc          ] GC(275) Pause Young (Normal) (G1 Evacuation Pause) 703M->95M(1024M) 3.978ms
[2024-04-30T05:07:31.628+0000][7][gc,cpu      ] GC(275) User=0.01s Sys=0.00s Real=0.01s
[2024-04-30T05:07:31.628+0000][7][safepoint   ] Safepoint "G1CollectForAllocation", Time since last: 23799819348766 ns, Reaching safepoint: 93567 ns, At safepoint: 4078115 ns, Total: 4171682 ns
[2024-04-30T06:25:40.907+0000][7][safepoint   ] Safepoint "Cleanup", Time since last: 4689279290995 ns, Reaching safepoint: 130462 ns, At safepoint: 4001 ns, Total: 134463 ns
[2024-04-30T06:25:42.908+0000][7][safepoint   ] Safepoint "Cleanup", Time since last: 2000219591 ns, Reaching safepoint: 122955 ns, At safepoint: 4330 ns, Total: 127285 ns
[2024-04-30T06:25:43.908+0000][7][safepoint   ] Safepoint "Cleanup", Time since last: 1000165700 ns, Reaching safepoint: 119085 ns, At safepoint: 4025 ns, Total: 123110 ns
[2024-04-30T06:25:44.908+0000][7][safepoint   ] Safepoint "Cleanup", Time since last: 1000160319 ns, Reaching safepoint: 113835 ns, At safepoint: 6782 ns, Total: 120617 ns
[2024-04-30T06:25:45.908+0000][7][safepoint   ] Safepoint "Cleanup", Time since last: 1000157120 ns, Reaching safepoint: 111739 ns, At safepoint: 4239 ns, Total: 115978 ns
[2024-04-30T06:36:58.949+0000][7][safepoint   ] Safepoint "Cleanup", Time since last: 673040151383 ns, Reaching safepoint: 104547 ns, At safepoint: 3899 ns, Total: 108446 ns
[2024-04-30T06:39:50.959+0000][7][safepoint   ] Safepoint "Cleanup", Time since last: 172010346588 ns, Reaching safepoint: 90717 ns, At safepoint: 3585 ns, Total: 94302 ns
[2024-04-30T08:36:31.376+0000][7][safepoint   ] Safepoint "Cleanup", Time since last: 7000416359502 ns, Reaching safepoint: 111643 ns, At safepoint: 4294 ns, Total: 115937 ns
[2024-04-30T09:08:45.491+0000][7][safepoint   ] Safepoint "Cleanup", Time since last: 1934115295432 ns, Reaching safepoint: 108861 ns, At safepoint: 4277 ns, Total: 113138 ns
[2024-04-30T10:00:15.677+0000][7][safepoint   ] Safepoint "Cleanup", Time since last: 3090185616363 ns, Reaching safepoint: 92819 ns, At safepoint: 4015 ns, Total: 96834 ns
[2024-04-30T11:34:51.793+0000][7][gc,start    ] GC(276) Pause Young (Normal) (G1 Evacuation Pause)
[2024-04-30T11:34:51.793+0000][7][gc,task     ] GC(276) Using 13 workers of 13 for evacuation
[2024-04-30T11:34:51.793+0000][7][gc,age      ] GC(276) Desired survivor size 41943040 bytes, new threshold 15 (max threshold 15)
[2024-04-30T11:34:51.798+0000][7][gc,age      ] GC(276) Age table with threshold 15 (max threshold 15)
[2024-04-30T11:34:51.798+0000][7][gc,age      ] GC(276) - age   1:     305312 bytes,     305312 total
[2024-04-30T11:34:51.798+0000][7][gc,age      ] GC(276) - age   2:      41984 bytes,     347296 total
[2024-04-30T11:34:51.798+0000][7][gc,age      ] GC(276) - age   3:         40 bytes,     347336 total
[2024-04-30T11:34:51.798+0000][7][gc,age      ] GC(276) - age   4:      16984 bytes,     364320 total
[2024-04-30T11:34:51.798+0000][7][gc,age      ] GC(276) - age   5:     845952 bytes,    1210272 total
[2024-04-30T11:34:51.798+0000][7][gc,age      ] GC(276) - age   6:     120488 bytes,    1330760 total
[2024-04-30T11:34:51.798+0000][7][gc,age      ] GC(276) - age   7:         80 bytes,    1330840 total
[2024-04-30T11:34:51.798+0000][7][gc,age      ] GC(276) - age   8:         40 bytes,    1330880 total
[2024-04-30T11:34:51.798+0000][7][gc,age      ] GC(276) - age  11:         72 bytes,    1330952 total
[2024-04-30T11:34:51.798+0000][7][gc,phases   ] GC(276)   Pre Evacuate Collection Set: 0.2ms
[2024-04-30T11:34:51.798+0000][7][gc,phases   ] GC(276)   Merge Heap Roots: 0.1ms
[2024-04-30T11:34:51.798+0000][7][gc,phases   ] GC(276)   Evacuate Collection Set: 3.7ms
[2024-04-30T11:34:51.798+0000][7][gc,phases   ] GC(276)   Post Evacuate Collection Set: 0.6ms
[2024-04-30T11:34:51.798+0000][7][gc,phases   ] GC(276)   Other: 0.4ms
[2024-04-30T11:34:51.798+0000][7][gc,heap     ] GC(276) Eden regions: 152->0(152)
[2024-04-30T11:34:51.798+0000][7][gc,heap     ] GC(276) Survivor regions: 1->1(20)
[2024-04-30T11:34:51.798+0000][7][gc,heap     ] GC(276) Old regions: 21->21
[2024-04-30T11:34:51.798+0000][7][gc,heap     ] GC(276) Archive regions: 2->2
[2024-04-30T11:34:51.798+0000][7][gc,heap     ] GC(276) Humongous regions: 2->2
[2024-04-30T11:34:51.798+0000][7][gc,metaspace] GC(276) Metaspace: 103722K(108368K)->103722K(108368K) NonClass: 90386K(93776K)->90386K(93776K) Class: 13336K(14592K)->13336K(14592K)
[2024-04-30T11:34:51.798+0000][7][gc          ] GC(276) Pause Young (Normal) (G1 Evacuation Pause) 703M->95M(1024M) 5.120ms
[2024-04-30T11:34:51.798+0000][7][gc,cpu      ] GC(276) User=0.02s Sys=0.01s Real=0.01s
[2024-04-30T11:34:51.798+0000][7][safepoint   ] Safepoint "G1CollectForAllocation", Time since last: 5676116195612 ns, Reaching safepoint: 178421 ns, At safepoint: 5214951 ns, Total: 5393372 ns
[2024-04-30T15:48:17.725+0000][7][safepoint   ] Safepoint "Cleanup", Time since last: 15205926634160 ns, Reaching safepoint: 90241 ns, At safepoint: 3414 ns, Total: 93655 ns
[2024-04-30T18:11:22.889+0000][7][gc,start    ] GC(277) Pause Young (Normal) (G1 Evacuation Pause)
[2024-04-30T18:11:22.889+0000][7][gc,task     ] GC(277) Using 13 workers of 13 for evacuation
[2024-04-30T18:11:22.889+0000][7][gc,age      ] GC(277) Desired survivor size 41943040 bytes, new threshold 15 (max threshold 15)
[2024-04-30T18:11:22.893+0000][7][gc,age      ] GC(277) Age table with threshold 15 (max threshold 15)
[2024-04-30T18:11:22.893+0000][7][gc,age      ] GC(277) - age   1:      30720 bytes,      30720 total
[2024-04-30T18:11:22.893+0000][7][gc,age      ] GC(277) - age   2:      71504 bytes,     102224 total
[2024-04-30T18:11:22.893+0000][7][gc,age      ] GC(277) - age   3:       9368 bytes,     111592 total
[2024-04-30T18:11:22.893+0000][7][gc,age      ] GC(277) - age   5:      16944 bytes,     128536 total
[2024-04-30T18:11:22.893+0000][7][gc,age      ] GC(277) - age   6:     845952 bytes,     974488 total
[2024-04-30T18:11:22.893+0000][7][gc,age      ] GC(277) - age   7:     120488 bytes,    1094976 total
[2024-04-30T18:11:22.893+0000][7][gc,age      ] GC(277) - age   8:         40 bytes,    1095016 total
[2024-04-30T18:11:22.893+0000][7][gc,age      ] GC(277) - age   9:         40 bytes,    1095056 total
[2024-04-30T18:11:22.893+0000][7][gc,age      ] GC(277) - age  12:         72 bytes,    1095128 total
[2024-04-30T18:11:22.893+0000][7][gc,phases   ] GC(277)   Pre Evacuate Collection Set: 0.2ms
[2024-04-30T18:11:22.893+0000][7][gc,phases   ] GC(277)   Merge Heap Roots: 0.1ms
[2024-04-30T18:11:22.893+0000][7][gc,phases   ] GC(277)   Evacuate Collection Set: 2.9ms
[2024-04-30T18:11:22.893+0000][7][gc,phases   ] GC(277)   Post Evacuate Collection Set: 0.6ms
[2024-04-30T18:11:22.893+0000][7][gc,phases   ] GC(277)   Other: 0.4ms
[2024-04-30T18:11:22.893+0000][7][gc,heap     ] GC(277) Eden regions: 152->0(152)
[2024-04-30T18:11:22.893+0000][7][gc,heap     ] GC(277) Survivor regions: 1->1(20)
[2024-04-30T18:11:22.893+0000][7][gc,heap     ] GC(277) Old regions: 21->21
[2024-04-30T18:11:22.893+0000][7][gc,heap     ] GC(277) Archive regions: 2->2
[2024-04-30T18:11:22.893+0000][7][gc,heap     ] GC(277) Humongous regions: 2->2
[2024-04-30T18:11:22.893+0000][7][gc,metaspace] GC(277) Metaspace: 103722K(108368K)->103722K(108368K) NonClass: 90386K(93776K)->90386K(93776K) Class: 13336K(14592K)->13336K(14592K)
[2024-04-30T18:11:22.893+0000][7][gc          ] GC(277) Pause Young (Normal) (G1 Evacuation Pause) 703M->95M(1024M) 4.325ms
[2024-04-30T18:11:22.893+0000][7][gc,cpu      ] GC(277) User=0.01s Sys=0.00s Real=0.00s
[2024-04-30T18:11:22.893+0000][7][safepoint   ] Safepoint "G1CollectForAllocation", Time since last: 8585163625131 ns, Reaching safepoint: 89785 ns, At safepoint: 4417319 ns, Total: 4507104 ns
[2024-04-30T19:54:05.270+0000][7][safepoint   ] Safepoint "Cleanup", Time since last: 6162376577557 ns, Reaching safepoint: 106723 ns, At safepoint: 2538 ns, Total: 109261 ns
[2024-05-01T00:47:11.972+0000][7][gc,start    ] GC(278) Pause Young (Normal) (G1 Evacuation Pause)
[2024-05-01T00:47:11.972+0000][7][gc,task     ] GC(278) Using 13 workers of 13 for evacuation
[2024-05-01T00:47:11.972+0000][7][gc,age      ] GC(278) Desired survivor size 41943040 bytes, new threshold 15 (max threshold 15)
[2024-05-01T00:47:11.976+0000][7][gc,age      ] GC(278) Age table with threshold 15 (max threshold 15)
[2024-05-01T00:47:11.976+0000][7][gc,age      ] GC(278) - age   1:     169648 bytes,     169648 total
[2024-05-01T00:47:11.976+0000][7][gc,age      ] GC(278) - age   2:      17008 bytes,     186656 total
[2024-05-01T00:47:11.976+0000][7][gc,age      ] GC(278) - age   3:      70992 bytes,     257648 total
[2024-05-01T00:47:11.976+0000][7][gc,age      ] GC(278) - age   4:       8872 bytes,     266520 total
[2024-05-01T00:47:11.976+0000][7][gc,age      ] GC(278) - age   6:      16904 bytes,     283424 total
[2024-05-01T00:47:11.976+0000][7][gc,age      ] GC(278) - age   7:     845912 bytes,    1129336 total
[2024-05-01T00:47:11.976+0000][7][gc,age      ] GC(278) - age   8:     120488 bytes,    1249824 total
[2024-05-01T00:47:11.976+0000][7][gc,age      ] GC(278) - age  10:         40 bytes,    1249864 total
[2024-05-01T00:47:11.976+0000][7][gc,age      ] GC(278) - age  13:         72 bytes,    1249936 total
[2024-05-01T00:47:11.976+0000][7][gc,phases   ] GC(278)   Pre Evacuate Collection Set: 0.1ms
[2024-05-01T00:47:11.976+0000][7][gc,phases   ] GC(278)   Merge Heap Roots: 0.1ms
[2024-05-01T00:47:11.976+0000][7][gc,phases   ] GC(278)   Evacuate Collection Set: 2.7ms
[2024-05-01T00:47:11.976+0000][7][gc,phases   ] GC(278)   Post Evacuate Collection Set: 0.6ms
[2024-05-01T00:47:11.976+0000][7][gc,phases   ] GC(278)   Other: 0.4ms
[2024-05-01T00:47:11.976+0000][7][gc,heap     ] GC(278) Eden regions: 152->0(152)
[2024-05-01T00:47:11.976+0000][7][gc,heap     ] GC(278) Survivor regions: 1->1(20)
[2024-05-01T00:47:11.976+0000][7][gc,heap     ] GC(278) Old regions: 21->21
[2024-05-01T00:47:11.976+0000][7][gc,heap     ] GC(278) Archive regions: 2->2
[2024-05-01T00:47:11.976+0000][7][gc,heap     ] GC(278) Humongous regions: 2->2
[2024-05-01T00:47:11.976+0000][7][gc,metaspace] GC(278) Metaspace: 103722K(108368K)->103722K(108368K) NonClass: 90386K(93776K)->90386K(93776K) Class: 13336K(14592K)->13336K(14592K)
[2024-05-01T00:47:11.976+0000][7][gc          ] GC(278) Pause Young (Normal) (G1 Evacuation Pause) 703M->95M(1024M) 3.952ms
[2024-05-01T00:47:11.976+0000][7][gc,cpu      ] GC(278) User=0.02s Sys=0.00s Real=0.00s
[2024-05-01T00:47:11.976+0000][7][safepoint   ] Safepoint "G1CollectForAllocation", Time since last: 17586702058748 ns, Reaching safepoint: 100906 ns, At safepoint: 4048102 ns, Total: 4149008 ns
[2024-05-01T03:13:17.565+0000][7][safepoint   ] Safepoint "Cleanup", Time since last: 8765588486441 ns, Reaching safepoint: 108565 ns, At safepoint: 2898 ns, Total: 111463 ns
[2024-05-01T04:35:12.866+0000][7][safepoint   ] Safepoint "Cleanup", Time since last: 4915300816152 ns, Reaching safepoint: 92699 ns, At safepoint: 3580 ns, Total: 96279 ns
[2024-05-01T07:21:53.078+0000][7][gc,start    ] GC(279) Pause Young (Normal) (G1 Evacuation Pause)
[2024-05-01T07:21:53.078+0000][7][gc,task     ] GC(279) Using 13 workers of 13 for evacuation
[2024-05-01T07:21:53.078+0000][7][gc,age      ] GC(279) Desired survivor size 41943040 bytes, new threshold 15 (max threshold 15)
[2024-05-01T07:21:53.081+0000][7][gc,age      ] GC(279) Age table with threshold 15 (max threshold 15)
[2024-05-01T07:21:53.082+0000][7][gc,age      ] GC(279) - age   1:      25112 bytes,      25112 total
[2024-05-01T07:21:53.082+0000][7][gc,age      ] GC(279) - age   2:     122464 bytes,     147576 total
[2024-05-01T07:21:53.082+0000][7][gc,age      ] GC(279) - age   3:      16360 bytes,     163936 total
[2024-05-01T07:21:53.082+0000][7][gc,age      ] GC(279) - age   4:      70792 bytes,     234728 total
[2024-05-01T07:21:53.082+0000][7][gc,age      ] GC(279) - age   5:       8176 bytes,     242904 total
[2024-05-01T07:21:53.082+0000][7][gc,age      ] GC(279) - age   7:      15680 bytes,     258584 total
[2024-05-01T07:21:53.082+0000][7][gc,age      ] GC(279) - age   8:     845616 bytes,    1104200 total
[2024-05-01T07:21:53.082+0000][7][gc,age      ] GC(279) - age   9:     120488 bytes,    1224688 total
[2024-05-01T07:21:53.082+0000][7][gc,age      ] GC(279) - age  11:         40 bytes,    1224728 total
[2024-05-01T07:21:53.082+0000][7][gc,age      ] GC(279) - age  14:         72 bytes,    1224800 total
[2024-05-01T07:21:53.082+0000][7][gc,phases   ] GC(279)   Pre Evacuate Collection Set: 0.1ms
[2024-05-01T07:21:53.082+0000][7][gc,phases   ] GC(279)   Merge Heap Roots: 0.1ms
[2024-05-01T07:21:53.082+0000][7][gc,phases   ] GC(279)   Evacuate Collection Set: 2.7ms
[2024-05-01T07:21:53.082+0000][7][gc,phases   ] GC(279)   Post Evacuate Collection Set: 0.5ms
[2024-05-01T07:21:53.082+0000][7][gc,phases   ] GC(279)   Other: 0.4ms
[2024-05-01T07:21:53.082+0000][7][gc,heap     ] GC(279) Eden regions: 152->0(152)
[2024-05-01T07:21:53.082+0000][7][gc,heap     ] GC(279) Survivor regions: 1->1(20)
[2024-05-01T07:21:53.082+0000][7][gc,heap     ] GC(279) Old regions: 21->21
[2024-05-01T07:21:53.082+0000][7][gc,heap     ] GC(279) Archive regions: 2->2
[2024-05-01T07:21:53.082+0000][7][gc,heap     ] GC(279) Humongous regions: 2->2
[2024-05-01T07:21:53.082+0000][7][gc,metaspace] GC(279) Metaspace: 103722K(108368K)->103722K(108368K) NonClass: 90386K(93776K)->90386K(93776K) Class: 13336K(14592K)->13336K(14592K)
[2024-05-01T07:21:53.082+0000][7][gc          ] GC(279) Pause Young (Normal) (G1 Evacuation Pause) 703M->95M(1024M) 4.020ms
[2024-05-01T07:21:53.082+0000][7][gc,cpu      ] GC(279) User=0.01s Sys=0.00s Real=0.00s
[2024-05-01T07:21:53.082+0000][7][safepoint   ] Safepoint "G1CollectForAllocation", Time since last: 10000212179618 ns, Reaching safepoint: 87746 ns, At safepoint: 4115955 ns, Total: 4203701 ns
[2024-05-01T13:53:13.159+0000][7][gc,start    ] GC(280) Pause Young (Normal) (G1 Evacuation Pause)
[2024-05-01T13:53:13.159+0000][7][gc,task     ] GC(280) Using 13 workers of 13 for evacuation
[2024-05-01T13:53:13.159+0000][7][gc,age      ] GC(280) Desired survivor size 41943040 bytes, new threshold 15 (max threshold 15)
[2024-05-01T13:53:13.163+0000][7][gc,age      ] GC(280) Age table with threshold 15 (max threshold 15)
[2024-05-01T13:53:13.163+0000][7][gc,age      ] GC(280) - age   1:      31584 bytes,      31584 total
[2024-05-01T13:53:13.163+0000][7][gc,age      ] GC(280) - age   2:       1544 bytes,      33128 total
[2024-05-01T13:53:13.163+0000][7][gc,age      ] GC(280) - age   3:      65560 bytes,      98688 total
[2024-05-01T13:53:13.163+0000][7][gc,age      ] GC(280) - age   4:        208 bytes,      98896 total
[2024-05-01T13:53:13.163+0000][7][gc,age      ] GC(280) - age   5:      54560 bytes,     153456 total
[2024-05-01T13:53:13.163+0000][7][gc,age      ] GC(280) - age   6:       8176 bytes,     161632 total
[2024-05-01T13:53:13.163+0000][7][gc,age      ] GC(280) - age   8:      15680 bytes,     177312 total
[2024-05-01T13:53:13.163+0000][7][gc,age      ] GC(280) - age   9:     845576 bytes,    1022888 total
[2024-05-01T13:53:13.163+0000][7][gc,age      ] GC(280) - age  10:     120488 bytes,    1143376 total
[2024-05-01T13:53:13.163+0000][7][gc,age      ] GC(280) - age  12:         40 bytes,    1143416 total
[2024-05-01T13:53:13.163+0000][7][gc,age      ] GC(280) - age  15:         72 bytes,    1143488 total
[2024-05-01T13:53:13.163+0000][7][gc,phases   ] GC(280)   Pre Evacuate Collection Set: 0.2ms
[2024-05-01T13:53:13.163+0000][7][gc,phases   ] GC(280)   Merge Heap Roots: 0.1ms
[2024-05-01T13:53:13.163+0000][7][gc,phases   ] GC(280)   Evacuate Collection Set: 2.7ms
[2024-05-01T13:53:13.163+0000][7][gc,phases   ] GC(280)   Post Evacuate Collection Set: 0.6ms
[2024-05-01T13:53:13.163+0000][7][gc,phases   ] GC(280)   Other: 0.4ms
[2024-05-01T13:53:13.163+0000][7][gc,heap     ] GC(280) Eden regions: 152->0(152)
[2024-05-01T13:53:13.163+0000][7][gc,heap     ] GC(280) Survivor regions: 1->1(20)
[2024-05-01T13:53:13.163+0000][7][gc,heap     ] GC(280) Old regions: 21->21
[2024-05-01T13:53:13.163+0000][7][gc,heap     ] GC(280) Archive regions: 2->2
[2024-05-01T13:53:13.163+0000][7][gc,heap     ] GC(280) Humongous regions: 2->2
[2024-05-01T13:53:13.163+0000][7][gc,metaspace] GC(280) Metaspace: 103725K(108368K)->103725K(108368K) NonClass: 90389K(93776K)->90389K(93776K) Class: 13336K(14592K)->13336K(14592K)
[2024-05-01T13:53:13.163+0000][7][gc          ] GC(280) Pause Young (Normal) (G1 Evacuation Pause) 703M->95M(1024M) 4.018ms
[2024-05-01T13:53:13.163+0000][7][gc,cpu      ] GC(280) User=0.01s Sys=0.01s Real=0.00s
[2024-05-01T13:53:13.163+0000][7][safepoint   ] Safepoint "G1CollectForAllocation", Time since last: 23480077257858 ns, Reaching safepoint: 110713 ns, At safepoint: 4108588 ns, Total: 4219301 ns
[2024-05-01T19:45:55.453+0000][7][safepoint   ] Safepoint "Cleanup", Time since last: 21162289154597 ns, Reaching safepoint: 129588 ns, At safepoint: 3999 ns, Total: 133587 ns
[2024-05-01T20:21:54.585+0000][7][safepoint   ] Safepoint "Cleanup", Time since last: 2159132577247 ns, Reaching safepoint: 108323 ns, At safepoint: 4104 ns, Total: 112427 ns
[2024-05-01T20:21:59.586+0000][7][safepoint   ] Safepoint "Cleanup", Time since last: 5000390051 ns, Reaching safepoint: 94258 ns, At safepoint: 5894 ns, Total: 100152 ns
[2024-05-01T20:22:03.436+0000][7][gc,start    ] GC(281) Pause Young (Normal) (G1 Evacuation Pause)
[2024-05-01T20:22:03.436+0000][7][gc,task     ] GC(281) Using 13 workers of 13 for evacuation
[2024-05-01T20:22:03.436+0000][7][gc,age      ] GC(281) Desired survivor size 41943040 bytes, new threshold 15 (max threshold 15)
[2024-05-01T20:22:03.439+0000][7][gc,age      ] GC(281) Age table with threshold 15 (max threshold 15)
[2024-05-01T20:22:03.439+0000][7][gc,age      ] GC(281) - age   1:      94896 bytes,      94896 total
[2024-05-01T20:22:03.439+0000][7][gc,age      ] GC(281) - age   2:      18064 bytes,     112960 total
[2024-05-01T20:22:03.439+0000][7][gc,age      ] GC(281) - age   3:       1032 bytes,     113992 total
[2024-05-01T20:22:03.439+0000][7][gc,age      ] GC(281) - age   4:      32624 bytes,     146616 total
[2024-05-01T20:22:03.439+0000][7][gc,age      ] GC(281) - age   5:        208 bytes,     146824 total
[2024-05-01T20:22:03.439+0000][7][gc,age      ] GC(281) - age   6:      37432 bytes,     184256 total
[2024-05-01T20:22:03.439+0000][7][gc,age      ] GC(281) - age   7:       8176 bytes,     192432 total
[2024-05-01T20:22:03.439+0000][7][gc,age      ] GC(281) - age   9:      15552 bytes,     207984 total
[2024-05-01T20:22:03.439+0000][7][gc,age      ] GC(281) - age  10:     845576 bytes,    1053560 total
[2024-05-01T20:22:03.439+0000][7][gc,age      ] GC(281) - age  11:     120424 bytes,    1173984 total
[2024-05-01T20:22:03.439+0000][7][gc,age      ] GC(281) - age  13:         40 bytes,    1174024 total
[2024-05-01T20:22:03.439+0000][7][gc,phases   ] GC(281)   Pre Evacuate Collection Set: 0.2ms
[2024-05-01T20:22:03.440+0000][7][gc,phases   ] GC(281)   Merge Heap Roots: 0.1ms
[2024-05-01T20:22:03.440+0000][7][gc,phases   ] GC(281)   Evacuate Collection Set: 2.6ms
[2024-05-01T20:22:03.440+0000][7][gc,phases   ] GC(281)   Post Evacuate Collection Set: 0.6ms
[2024-05-01T20:22:03.440+0000][7][gc,phases   ] GC(281)   Other: 0.4ms
[2024-05-01T20:22:03.440+0000][7][gc,heap     ] GC(281) Eden regions: 152->0(152)
[2024-05-01T20:22:03.440+0000][7][gc,heap     ] GC(281) Survivor regions: 1->1(20)
[2024-05-01T20:22:03.440+0000][7][gc,heap     ] GC(281) Old regions: 21->21
[2024-05-01T20:22:03.440+0000][7][gc,heap     ] GC(281) Archive regions: 2->2
[2024-05-01T20:22:03.440+0000][7][gc,heap     ] GC(281) Humongous regions: 2->2
[2024-05-01T20:22:03.440+0000][7][gc,metaspace] GC(281) Metaspace: 103741K(108368K)->103741K(108368K) NonClass: 90405K(93776K)->90405K(93776K) Class: 13336K(14592K)->13336K(14592K)
[2024-05-01T20:22:03.440+0000][7][gc          ] GC(281) Pause Young (Normal) (G1 Evacuation Pause) 703M->95M(1024M) 4.093ms
[2024-05-01T20:22:03.440+0000][7][gc,cpu      ] GC(281) User=0.01s Sys=0.01s Real=0.01s
[2024-05-01T20:22:03.440+0000][7][safepoint   ] Safepoint "G1CollectForAllocation", Time since last: 3849533562 ns, Reaching safepoint: 128245 ns, At safepoint: 4185567 ns, Total: 4313812 ns
[2024-05-01T20:23:04.444+0000][7][safepoint   ] Safepoint "Cleanup", Time since last: 61003811334 ns, Reaching safepoint: 114778 ns, At safepoint: 4144 ns, Total: 118922 ns
[2024-05-01T20:23:13.444+0000][7][safepoint   ] Safepoint "Cleanup", Time since last: 9000626433 ns, Reaching safepoint: 96080 ns, At safepoint: 4006 ns, Total: 100086 ns
[2024-05-02T02:34:17.096+0000][7][gc,start    ] GC(282) Pause Young (Normal) (G1 Evacuation Pause)
[2024-05-02T02:34:17.096+0000][7][gc,task     ] GC(282) Using 13 workers of 13 for evacuation
[2024-05-02T02:34:17.097+0000][7][gc,age      ] GC(282) Desired survivor size 41943040 bytes, new threshold 15 (max threshold 15)
[2024-05-02T02:34:17.099+0000][7][gc,age      ] GC(282) Age table with threshold 15 (max threshold 15)
[2024-05-02T02:34:17.099+0000][7][gc,age      ] GC(282) - age   1:      73800 bytes,      73800 total
[2024-05-02T02:34:17.099+0000][7][gc,age      ] GC(282) - age   2:      25632 bytes,      99432 total
[2024-05-02T02:34:17.099+0000][7][gc,age      ] GC(282) - age   3:       1912 bytes,     101344 total
[2024-05-02T02:34:17.099+0000][7][gc,age      ] GC(282) - age   4:        376 bytes,     101720 total
[2024-05-02T02:34:17.099+0000][7][gc,age      ] GC(282) - age   5:        240 bytes,     101960 total
[2024-05-02T02:34:17.099+0000][7][gc,age      ] GC(282) - age   6:        168 bytes,     102128 total
[2024-05-02T02:34:17.099+0000][7][gc,age      ] GC(282) - age   7:      37432 bytes,     139560 total
[2024-05-02T02:34:17.099+0000][7][gc,age      ] GC(282) - age   8:       8176 bytes,     147736 total
[2024-05-02T02:34:17.099+0000][7][gc,age      ] GC(282) - age  10:      15552 bytes,     163288 total
[2024-05-02T02:34:17.099+0000][7][gc,age      ] GC(282) - age  11:     840488 bytes,    1003776 total
[2024-05-02T02:34:17.099+0000][7][gc,age      ] GC(282) - age  12:     120344 bytes,    1124120 total
[2024-05-02T02:34:17.099+0000][7][gc,age      ] GC(282) - age  14:         40 bytes,    1124160 total
[2024-05-02T02:34:17.099+0000][7][gc,phases   ] GC(282)   Pre Evacuate Collection Set: 0.2ms
[2024-05-02T02:34:17.099+0000][7][gc,phases   ] GC(282)   Merge Heap Roots: 0.1ms
[2024-05-02T02:34:17.099+0000][7][gc,phases   ] GC(282)   Evacuate Collection Set: 1.8ms
[2024-05-02T02:34:17.099+0000][7][gc,phases   ] GC(282)   Post Evacuate Collection Set: 0.6ms
[2024-05-02T02:34:17.100+0000][7][gc,phases   ] GC(282)   Other: 0.4ms
[2024-05-02T02:34:17.100+0000][7][gc,heap     ] GC(282) Eden regions: 152->0(152)
[2024-05-02T02:34:17.100+0000][7][gc,heap     ] GC(282) Survivor regions: 1->1(20)
[2024-05-02T02:34:17.100+0000][7][gc,heap     ] GC(282) Old regions: 21->21
[2024-05-02T02:34:17.100+0000][7][gc,heap     ] GC(282) Archive regions: 2->2
[2024-05-02T02:34:17.100+0000][7][gc,heap     ] GC(282) Humongous regions: 2->2
[2024-05-02T02:34:17.100+0000][7][gc,metaspace] GC(282) Metaspace: 103781K(108368K)->103781K(108368K) NonClass: 90441K(93776K)->90441K(93776K) Class: 13339K(14592K)->13339K(14592K)
[2024-05-02T02:34:17.100+0000][7][gc          ] GC(282) Pause Young (Normal) (G1 Evacuation Pause) 703M->95M(1024M) 3.260ms
[2024-05-02T02:34:17.100+0000][7][gc,cpu      ] GC(282) User=0.01s Sys=0.00s Real=0.01s
[2024-05-02T02:34:17.100+0000][7][safepoint   ] Safepoint "G1CollectForAllocation", Time since last: 22263651852857 ns, Reaching safepoint: 89833 ns, At safepoint: 3355037 ns, Total: 3444870 ns
[2024-05-02T09:09:48.224+0000][7][gc,start    ] GC(283) Pause Young (Normal) (G1 Evacuation Pause)
[2024-05-02T09:09:48.224+0000][7][gc,task     ] GC(283) Using 13 workers of 13 for evacuation
[2024-05-02T09:09:48.224+0000][7][gc,age      ] GC(283) Desired survivor size 41943040 bytes, new threshold 15 (max threshold 15)
[2024-05-02T09:09:48.228+0000][7][gc,age      ] GC(283) Age table with threshold 15 (max threshold 15)
[2024-05-02T09:09:48.228+0000][7][gc,age      ] GC(283) - age   1:     177664 bytes,     177664 total
[2024-05-02T09:09:48.228+0000][7][gc,age      ] GC(283) - age   2:      22960 bytes,     200624 total
[2024-05-02T09:09:48.228+0000][7][gc,age      ] GC(283) - age   3:      25552 bytes,     226176 total
[2024-05-02T09:09:48.228+0000][7][gc,age      ] GC(283) - age   4:        336 bytes,     226512 total
[2024-05-02T09:09:48.228+0000][7][gc,age      ] GC(283) - age   5:         40 bytes,     226552 total
[2024-05-02T09:09:48.228+0000][7][gc,age      ] GC(283) - age   7:         40 bytes,     226592 total
[2024-05-02T09:09:48.228+0000][7][gc,age      ] GC(283) - age   8:      29296 bytes,     255888 total
[2024-05-02T09:09:48.228+0000][7][gc,age      ] GC(283) - age   9:         40 bytes,     255928 total
[2024-05-02T09:09:48.228+0000][7][gc,age      ] GC(283) - age  11:      15552 bytes,     271480 total
[2024-05-02T09:09:48.228+0000][7][gc,age      ] GC(283) - age  12:     840488 bytes,    1111968 total
[2024-05-02T09:09:48.228+0000][7][gc,age      ] GC(283) - age  13:     120344 bytes,    1232312 total
[2024-05-02T09:09:48.228+0000][7][gc,age      ] GC(283) - age  15:         40 bytes,    1232352 total
[2024-05-02T09:09:48.228+0000][7][gc,phases   ] GC(283)   Pre Evacuate Collection Set: 0.1ms
[2024-05-02T09:09:48.228+0000][7][gc,phases   ] GC(283)   Merge Heap Roots: 0.1ms
[2024-05-02T09:09:48.228+0000][7][gc,phases   ] GC(283)   Evacuate Collection Set: 2.9ms
[2024-05-02T09:09:48.228+0000][7][gc,phases   ] GC(283)   Post Evacuate Collection Set: 0.5ms
[2024-05-02T09:09:48.228+0000][7][gc,phases   ] GC(283)   Other: 0.5ms
[2024-05-02T09:09:48.228+0000][7][gc,heap     ] GC(283) Eden regions: 152->0(152)
[2024-05-02T09:09:48.228+0000][7][gc,heap     ] GC(283) Survivor regions: 1->1(20)
[2024-05-02T09:09:48.228+0000][7][gc,heap     ] GC(283) Old regions: 21->21
[2024-05-02T09:09:48.228+0000][7][gc,heap     ] GC(283) Archive regions: 2->2
[2024-05-02T09:09:48.228+0000][7][gc,heap     ] GC(283) Humongous regions: 2->2
[2024-05-02T09:09:48.228+0000][7][gc,metaspace] GC(283) Metaspace: 103781K(108368K)->103781K(108368K) NonClass: 90441K(93776K)->90441K(93776K) Class: 13339K(14592K)->13339K(14592K)
[2024-05-02T09:09:48.228+0000][7][gc          ] GC(283) Pause Young (Normal) (G1 Evacuation Pause) 703M->95M(1024M) 4.288ms
[2024-05-02T09:09:48.228+0000][7][gc,cpu      ] GC(283) User=0.00s Sys=0.01s Real=0.01s
[2024-05-02T09:09:48.228+0000][7][safepoint   ] Safepoint "G1CollectForAllocation", Time since last: 23731123919867 ns, Reaching safepoint: 110355 ns, At safepoint: 4379843 ns, Total: 4490198 ns
[2024-05-02T15:45:03.342+0000][7][gc,start    ] GC(284) Pause Young (Normal) (G1 Evacuation Pause)
[2024-05-02T15:45:03.343+0000][7][gc,task     ] GC(284) Using 13 workers of 13 for evacuation
[2024-05-02T15:45:03.343+0000][7][gc,age      ] GC(284) Desired survivor size 41943040 bytes, new threshold 15 (max threshold 15)
[2024-05-02T15:45:03.347+0000][7][gc,age      ] GC(284) Age table with threshold 15 (max threshold 15)
[2024-05-02T15:45:03.347+0000][7][gc,age      ] GC(284) - age   1:      56120 bytes,      56120 total
[2024-05-02T15:45:03.347+0000][7][gc,age      ] GC(284) - age   2:     130320 bytes,     186440 total
[2024-05-02T15:45:03.347+0000][7][gc,age      ] GC(284) - age   3:      22920 bytes,     209360 total
[2024-05-02T15:45:03.347+0000][7][gc,age      ] GC(284) - age   4:      25216 bytes,     234576 total
[2024-05-02T15:45:03.347+0000][7][gc,age      ] GC(284) - age   5:        336 bytes,     234912 total
[2024-05-02T15:45:03.347+0000][7][gc,age      ] GC(284) - age   6:         40 bytes,     234952 total
[2024-05-02T15:45:03.347+0000][7][gc,age      ] GC(284) - age   9:      29296 bytes,     264248 total
[2024-05-02T15:45:03.347+0000][7][gc,age      ] GC(284) - age  12:      15552 bytes,     279800 total
[2024-05-02T15:45:03.347+0000][7][gc,age      ] GC(284) - age  13:     840488 bytes,    1120288 total
[2024-05-02T15:45:03.347+0000][7][gc,age      ] GC(284) - age  14:     120344 bytes,    1240632 total
[2024-05-02T15:45:03.347+0000][7][gc,phases   ] GC(284)   Pre Evacuate Collection Set: 0.2ms
[2024-05-02T15:45:03.347+0000][7][gc,phases   ] GC(284)   Merge Heap Roots: 0.1ms
[2024-05-02T15:45:03.347+0000][7][gc,phases   ] GC(284)   Evacuate Collection Set: 3.2ms
[2024-05-02T15:45:03.347+0000][7][gc,phases   ] GC(284)   Post Evacuate Collection Set: 0.5ms
[2024-05-02T15:45:03.347+0000][7][gc,phases   ] GC(284)   Other: 0.4ms
[2024-05-02T15:45:03.347+0000][7][gc,heap     ] GC(284) Eden regions: 152->0(152)
[2024-05-02T15:45:03.347+0000][7][gc,heap     ] GC(284) Survivor regions: 1->1(20)
[2024-05-02T15:45:03.347+0000][7][gc,heap     ] GC(284) Old regions: 21->21
[2024-05-02T15:45:03.347+0000][7][gc,heap     ] GC(284) Archive regions: 2->2
[2024-05-02T15:45:03.347+0000][7][gc,heap     ] GC(284) Humongous regions: 2->2
[2024-05-02T15:45:03.347+0000][7][gc,metaspace] GC(284) Metaspace: 103781K(108368K)->103781K(108368K) NonClass: 90441K(93776K)->90441K(93776K) Class: 13339K(14592K)->13339K(14592K)
[2024-05-02T15:45:03.347+0000][7][gc          ] GC(284) Pause Young (Normal) (G1 Evacuation Pause) 703M->95M(1024M) 4.538ms
[2024-05-02T15:45:03.347+0000][7][gc,cpu      ] GC(284) User=0.02s Sys=0.01s Real=0.01s
[2024-05-02T15:45:03.347+0000][7][safepoint   ] Safepoint "G1CollectForAllocation", Time since last: 23715114161675 ns, Reaching safepoint: 121986 ns, At safepoint: 4643520 ns, Total: 4765506 ns
[2024-05-02T22:22:25.549+0000][7][gc,start    ] GC(285) Pause Young (Normal) (G1 Evacuation Pause)
[2024-05-02T22:22:25.549+0000][7][gc,task     ] GC(285) Using 13 workers of 13 for evacuation
[2024-05-02T22:22:25.549+0000][7][gc,age      ] GC(285) Desired survivor size 41943040 bytes, new threshold 15 (max threshold 15)
[2024-05-02T22:22:25.552+0000][7][gc,age      ] GC(285) Age table with threshold 15 (max threshold 15)
[2024-05-02T22:22:25.552+0000][7][gc,age      ] GC(285) - age   1:      29888 bytes,      29888 total
[2024-05-02T22:22:25.552+0000][7][gc,age      ] GC(285) - age   2:      26104 bytes,      55992 total
[2024-05-02T22:22:25.552+0000][7][gc,age      ] GC(285) - age   3:      65424 bytes,     121416 total
[2024-05-02T22:22:25.552+0000][7][gc,age      ] GC(285) - age   4:       6768 bytes,     128184 total
[2024-05-02T22:22:25.552+0000][7][gc,age      ] GC(285) - age   5:       9064 bytes,     137248 total
[2024-05-02T22:22:25.552+0000][7][gc,age      ] GC(285) - age   6:         40 bytes,     137288 total
[2024-05-02T22:22:25.552+0000][7][gc,age      ] GC(285) - age   7:         40 bytes,     137328 total
[2024-05-02T22:22:25.552+0000][7][gc,age      ] GC(285) - age  10:      20864 bytes,     158192 total
[2024-05-02T22:22:25.552+0000][7][gc,age      ] GC(285) - age  13:       7536 bytes,     165728 total
[2024-05-02T22:22:25.552+0000][7][gc,age      ] GC(285) - age  14:     832352 bytes,     998080 total
[2024-05-02T22:22:25.552+0000][7][gc,age      ] GC(285) - age  15:     120344 bytes,    1118424 total
[2024-05-02T22:22:25.552+0000][7][gc,phases   ] GC(285)   Pre Evacuate Collection Set: 0.1ms
[2024-05-02T22:22:25.552+0000][7][gc,phases   ] GC(285)   Merge Heap Roots: 0.1ms
[2024-05-02T22:22:25.552+0000][7][gc,phases   ] GC(285)   Evacuate Collection Set: 1.8ms
[2024-05-02T22:22:25.552+0000][7][gc,phases   ] GC(285)   Post Evacuate Collection Set: 0.6ms
[2024-05-02T22:22:25.552+0000][7][gc,phases   ] GC(285)   Other: 0.5ms
[2024-05-02T22:22:25.552+0000][7][gc,heap     ] GC(285) Eden regions: 152->0(152)
[2024-05-02T22:22:25.552+0000][7][gc,heap     ] GC(285) Survivor regions: 1->1(20)
[2024-05-02T22:22:25.552+0000][7][gc,heap     ] GC(285) Old regions: 21->21
[2024-05-02T22:22:25.552+0000][7][gc,heap     ] GC(285) Archive regions: 2->2
[2024-05-02T22:22:25.552+0000][7][gc,heap     ] GC(285) Humongous regions: 2->2
[2024-05-02T22:22:25.552+0000][7][gc,metaspace] GC(285) Metaspace: 103781K(108368K)->103781K(108368K) NonClass: 90441K(93776K)->90441K(93776K) Class: 13339K(14592K)->13339K(14592K)
[2024-05-02T22:22:25.552+0000][7][gc          ] GC(285) Pause Young (Normal) (G1 Evacuation Pause) 703M->95M(1024M) 3.160ms
[2024-05-02T22:22:25.552+0000][7][gc,cpu      ] GC(285) User=0.01s Sys=0.00s Real=0.00s
[2024-05-02T22:22:25.552+0000][7][safepoint   ] Safepoint "G1CollectForAllocation", Time since last: 23842202072313 ns, Reaching safepoint: 90652 ns, At safepoint: 3257023 ns, Total: 3347675 ns
[2024-05-03T02:37:08.482+0000][7][safepoint   ] Safepoint "Cleanup", Time since last: 15282929824110 ns, Reaching safepoint: 133727 ns, At safepoint: 4101 ns, Total: 137828 ns
[2024-05-03T03:08:26.598+0000][7][safepoint   ] Safepoint "Cleanup", Time since last: 1878115194939 ns, Reaching safepoint: 129326 ns, At safepoint: 4292 ns, Total: 133618 ns
[2024-05-03T03:08:27.598+0000][7][safepoint   ] Safepoint "Cleanup", Time since last: 1000155280 ns, Reaching safepoint: 125638 ns, At safepoint: 4175 ns, Total: 129813 ns
[2024-05-03T04:57:14.963+0000][7][gc,start    ] GC(286) Pause Young (Normal) (G1 Evacuation Pause)
[2024-05-03T04:57:14.963+0000][7][gc,task     ] GC(286) Using 13 workers of 13 for evacuation
[2024-05-03T04:57:14.963+0000][7][gc,age      ] GC(286) Desired survivor size 41943040 bytes, new threshold 15 (max threshold 15)
[2024-05-03T04:57:14.968+0000][7][gc,age      ] GC(286) Age table with threshold 15 (max threshold 15)
[2024-05-03T04:57:14.968+0000][7][gc,age      ] GC(286) - age   1:     286400 bytes,     286400 total
[2024-05-03T04:57:14.968+0000][7][gc,age      ] GC(286) - age   2:      16504 bytes,     302904 total
[2024-05-03T04:57:14.968+0000][7][gc,age      ] GC(286) - age   3:      18048 bytes,     320952 total
[2024-05-03T04:57:14.968+0000][7][gc,age      ] GC(286) - age   4:      33000 bytes,     353952 total
[2024-05-03T04:57:14.968+0000][7][gc,age      ] GC(286) - age   5:       5688 bytes,     359640 total
[2024-05-03T04:57:14.969+0000][7][gc,age      ] GC(286) - age   6:        120 bytes,     359760 total
[2024-05-03T04:57:14.969+0000][7][gc,age      ] GC(286) - age   7:         40 bytes,     359800 total
[2024-05-03T04:57:14.969+0000][7][gc,age      ] GC(286) - age  11:      20128 bytes,     379928 total
[2024-05-03T04:57:14.969+0000][7][gc,age      ] GC(286) - age  14:       7432 bytes,     387360 total
[2024-05-03T04:57:14.969+0000][7][gc,age      ] GC(286) - age  15:     832336 bytes,    1219696 total
[2024-05-03T04:57:14.969+0000][7][gc,phases   ] GC(286)   Pre Evacuate Collection Set: 0.2ms
[2024-05-03T04:57:14.969+0000][7][gc,phases   ] GC(286)   Merge Heap Roots: 0.2ms
[2024-05-03T04:57:14.969+0000][7][gc,phases   ] GC(286)   Evacuate Collection Set: 4.3ms
[2024-05-03T04:57:14.969+0000][7][gc,phases   ] GC(286)   Post Evacuate Collection Set: 0.6ms
[2024-05-03T04:57:14.969+0000][7][gc,phases   ] GC(286)   Other: 0.4ms
[2024-05-03T04:57:14.969+0000][7][gc,heap     ] GC(286) Eden regions: 152->0(152)
[2024-05-03T04:57:14.969+0000][7][gc,heap     ] GC(286) Survivor regions: 1->1(20)
[2024-05-03T04:57:14.969+0000][7][gc,heap     ] GC(286) Old regions: 21->21
[2024-05-03T04:57:14.969+0000][7][gc,heap     ] GC(286) Archive regions: 2->2
[2024-05-03T04:57:14.969+0000][7][gc,heap     ] GC(286) Humongous regions: 2->2
[2024-05-03T04:57:14.969+0000][7][gc,metaspace] GC(286) Metaspace: 103784K(108368K)->103784K(108368K) NonClass: 90444K(93776K)->90444K(93776K) Class: 13339K(14592K)->13339K(14592K)
[2024-05-03T04:57:14.969+0000][7][gc          ] GC(286) Pause Young (Normal) (G1 Evacuation Pause) 703M->95M(1024M) 5.782ms
[2024-05-03T04:57:14.969+0000][7][gc,cpu      ] GC(286) User=0.02s Sys=0.01s Real=0.01s
[2024-05-03T04:57:14.969+0000][7][safepoint   ] Safepoint "G1CollectForAllocation", Time since last: 6527364801914 ns, Reaching safepoint: 110935 ns, At safepoint: 5881407 ns, Total: 5992342 ns
[2024-05-03T11:33:57.716+0000][7][gc,start    ] GC(287) Pause Young (Normal) (G1 Evacuation Pause)
[2024-05-03T11:33:57.716+0000][7][gc,task     ] GC(287) Using 13 workers of 13 for evacuation
[2024-05-03T11:33:57.716+0000][7][gc,age      ] GC(287) Desired survivor size 41943040 bytes, new threshold 15 (max threshold 15)
[2024-05-03T11:33:57.719+0000][7][gc,age      ] GC(287) Age table with threshold 15 (max threshold 15)
[2024-05-03T11:33:57.719+0000][7][gc,age      ] GC(287) - age   1:     104536 bytes,     104536 total
[2024-05-03T11:33:57.719+0000][7][gc,age      ] GC(287) - age   2:      70496 bytes,     175032 total
[2024-05-03T11:33:57.719+0000][7][gc,age      ] GC(287) - age   3:        352 bytes,     175384 total
[2024-05-03T11:33:57.719+0000][7][gc,age      ] GC(287) - age   4:       1896 bytes,     177280 total
[2024-05-03T11:33:57.719+0000][7][gc,age      ] GC(287) - age   5:      16648 bytes,     193928 total
[2024-05-03T11:33:57.719+0000][7][gc,age      ] GC(287) - age   6:       5688 bytes,     199616 total
[2024-05-03T11:33:57.719+0000][7][gc,age      ] GC(287) - age   7:        120 bytes,     199736 total
[2024-05-03T11:33:57.719+0000][7][gc,age      ] GC(287) - age   8:         40 bytes,     199776 total
[2024-05-03T11:33:57.719+0000][7][gc,age      ] GC(287) - age  12:      20128 bytes,     219904 total
[2024-05-03T11:33:57.719+0000][7][gc,age      ] GC(287) - age  15:       7432 bytes,     227336 total
[2024-05-03T11:33:57.719+0000][7][gc,phases   ] GC(287)   Pre Evacuate Collection Set: 0.1ms
[2024-05-03T11:33:57.719+0000][7][gc,phases   ] GC(287)   Merge Heap Roots: 0.2ms
[2024-05-03T11:33:57.719+0000][7][gc,phases   ] GC(287)   Evacuate Collection Set: 2.3ms
[2024-05-03T11:33:57.719+0000][7][gc,phases   ] GC(287)   Post Evacuate Collection Set: 0.6ms
[2024-05-03T11:33:57.719+0000][7][gc,phases   ] GC(287)   Other: 0.5ms
[2024-05-03T11:33:57.719+0000][7][gc,heap     ] GC(287) Eden regions: 152->0(152)
[2024-05-03T11:33:57.719+0000][7][gc,heap     ] GC(287) Survivor regions: 1->1(20)
[2024-05-03T11:33:57.719+0000][7][gc,heap     ] GC(287) Old regions: 21->21
[2024-05-03T11:33:57.719+0000][7][gc,heap     ] GC(287) Archive regions: 2->2
[2024-05-03T11:33:57.719+0000][7][gc,heap     ] GC(287) Humongous regions: 2->2
[2024-05-03T11:33:57.719+0000][7][gc,metaspace] GC(287) Metaspace: 103784K(108368K)->103784K(108368K) NonClass: 90444K(93776K)->90444K(93776K) Class: 13339K(14592K)->13339K(14592K)
[2024-05-03T11:33:57.719+0000][7][gc          ] GC(287) Pause Young (Normal) (G1 Evacuation Pause) 703M->95M(1024M) 3.779ms
[2024-05-03T11:33:57.720+0000][7][gc,cpu      ] GC(287) User=0.01s Sys=0.00s Real=0.01s
[2024-05-03T11:33:57.720+0000][7][safepoint   ] Safepoint "G1CollectForAllocation", Time since last: 23802746771042 ns, Reaching safepoint: 98357 ns, At safepoint: 3880819 ns, Total: 3979176 ns
[2024-05-03T18:10:44.871+0000][7][gc,start    ] GC(288) Pause Young (Normal) (G1 Evacuation Pause)
[2024-05-03T18:10:44.871+0000][7][gc,task     ] GC(288) Using 13 workers of 13 for evacuation
[2024-05-03T18:10:44.872+0000][7][gc,age      ] GC(288) Desired survivor size 41943040 bytes, new threshold 15 (max threshold 15)
[2024-05-03T18:10:44.873+0000][7][gc,age      ] GC(288) Age table with threshold 15 (max threshold 15)
[2024-05-03T18:10:44.873+0000][7][gc,age      ] GC(288) - age   1:      70952 bytes,      70952 total
[2024-05-03T18:10:44.873+0000][7][gc,age      ] GC(288) - age   2:      33176 bytes,     104128 total
[2024-05-03T18:10:44.873+0000][7][gc,age      ] GC(288) - age   3:      29952 bytes,     134080 total
[2024-05-03T18:10:44.873+0000][7][gc,age      ] GC(288) - age   4:        312 bytes,     134392 total
[2024-05-03T18:10:44.873+0000][7][gc,age      ] GC(288) - age   5:       1600 bytes,     135992 total
[2024-05-03T18:10:44.873+0000][7][gc,age      ] GC(288) - age   6:      16608 bytes,     152600 total
[2024-05-03T18:10:44.874+0000][7][gc,age      ] GC(288) - age   7:       5688 bytes,     158288 total
[2024-05-03T18:10:44.874+0000][7][gc,age      ] GC(288) - age   8:        120 bytes,     158408 total
[2024-05-03T18:10:44.874+0000][7][gc,age      ] GC(288) - age  13:      20128 bytes,     178536 total
[2024-05-03T18:10:44.874+0000][7][gc,phases   ] GC(288)   Pre Evacuate Collection Set: 0.2ms
[2024-05-03T18:10:44.874+0000][7][gc,phases   ] GC(288)   Merge Heap Roots: 0.1ms
[2024-05-03T18:10:44.874+0000][7][gc,phases   ] GC(288)   Evacuate Collection Set: 1.0ms
[2024-05-03T18:10:44.874+0000][7][gc,phases   ] GC(288)   Post Evacuate Collection Set: 0.5ms
[2024-05-03T18:10:44.874+0000][7][gc,phases   ] GC(288)   Other: 0.4ms
[2024-05-03T18:10:44.874+0000][7][gc,heap     ] GC(288) Eden regions: 152->0(152)
[2024-05-03T18:10:44.874+0000][7][gc,heap     ] GC(288) Survivor regions: 1->1(20)
[2024-05-03T18:10:44.874+0000][7][gc,heap     ] GC(288) Old regions: 21->21
[2024-05-03T18:10:44.874+0000][7][gc,heap     ] GC(288) Archive regions: 2->2
[2024-05-03T18:10:44.874+0000][7][gc,heap     ] GC(288) Humongous regions: 2->2
[2024-05-03T18:10:44.874+0000][7][gc,metaspace] GC(288) Metaspace: 103784K(108368K)->103784K(108368K) NonClass: 90444K(93776K)->90444K(93776K) Class: 13339K(14592K)->13339K(14592K)
[2024-05-03T18:10:44.874+0000][7][gc          ] GC(288) Pause Young (Normal) (G1 Evacuation Pause) 703M->95M(1024M) 2.372ms
[2024-05-03T18:10:44.874+0000][7][gc,cpu      ] GC(288) User=0.01s Sys=0.00s Real=0.00s
[2024-05-03T18:10:44.874+0000][7][safepoint   ] Safepoint "G1CollectForAllocation", Time since last: 23807151679188 ns, Reaching safepoint: 92916 ns, At safepoint: 2465667 ns, Total: 2558583 ns
[2024-05-04T00:48:32.007+0000][7][gc,start    ] GC(289) Pause Young (Normal) (G1 Evacuation Pause)
[2024-05-04T00:48:32.007+0000][7][gc,task     ] GC(289) Using 13 workers of 13 for evacuation
[2024-05-04T00:48:32.007+0000][7][gc,age      ] GC(289) Desired survivor size 41943040 bytes, new threshold 15 (max threshold 15)
[2024-05-04T00:48:32.010+0000][7][gc,age      ] GC(289) Age table with threshold 15 (max threshold 15)
[2024-05-04T00:48:32.010+0000][7][gc,age      ] GC(289) - age   1:      64000 bytes,      64000 total
[2024-05-04T00:48:32.010+0000][7][gc,age      ] GC(289) - age   2:      16976 bytes,      80976 total
[2024-05-04T00:48:32.010+0000][7][gc,age      ] GC(289) - age   3:      17024 bytes,      98000 total
[2024-05-04T00:48:32.010+0000][7][gc,age      ] GC(289) - age   4:      29480 bytes,     127480 total
[2024-05-04T00:48:32.010+0000][7][gc,age      ] GC(289) - age   6:       1304 bytes,     128784 total
[2024-05-04T00:48:32.010+0000][7][gc,age      ] GC(289) - age   7:      16608 bytes,     145392 total
[2024-05-04T00:48:32.010+0000][7][gc,age      ] GC(289) - age   8:       5688 bytes,     151080 total
[2024-05-04T00:48:32.010+0000][7][gc,age      ] GC(289) - age   9:         40 bytes,     151120 total
[2024-05-04T00:48:32.010+0000][7][gc,age      ] GC(289) - age  14:      20128 bytes,     171248 total
[2024-05-04T00:48:32.010+0000][7][gc,phases   ] GC(289)   Pre Evacuate Collection Set: 0.2ms
[2024-05-04T00:48:32.010+0000][7][gc,phases   ] GC(289)   Merge Heap Roots: 0.1ms
[2024-05-04T00:48:32.010+0000][7][gc,phases   ] GC(289)   Evacuate Collection Set: 1.5ms
[2024-05-04T00:48:32.010+0000][7][gc,phases   ] GC(289)   Post Evacuate Collection Set: 0.5ms
[2024-05-04T00:48:32.010+0000][7][gc,phases   ] GC(289)   Other: 0.4ms
[2024-05-04T00:48:32.010+0000][7][gc,heap     ] GC(289) Eden regions: 152->0(152)
[2024-05-04T00:48:32.010+0000][7][gc,heap     ] GC(289) Survivor regions: 1->1(20)
[2024-05-04T00:48:32.010+0000][7][gc,heap     ] GC(289) Old regions: 21->21
[2024-05-04T00:48:32.010+0000][7][gc,heap     ] GC(289) Archive regions: 2->2
[2024-05-04T00:48:32.010+0000][7][gc,heap     ] GC(289) Humongous regions: 2->2
[2024-05-04T00:48:32.010+0000][7][gc,metaspace] GC(289) Metaspace: 103784K(108368K)->103784K(108368K) NonClass: 90444K(93776K)->90444K(93776K) Class: 13339K(14592K)->13339K(14592K)
[2024-05-04T00:48:32.010+0000][7][gc          ] GC(289) Pause Young (Normal) (G1 Evacuation Pause) 703M->95M(1024M) 2.888ms
[2024-05-04T00:48:32.010+0000][7][gc,cpu      ] GC(289) User=0.00s Sys=0.00s Real=0.00s
[2024-05-04T00:48:32.010+0000][7][safepoint   ] Safepoint "G1CollectForAllocation", Time since last: 23867133025081 ns, Reaching safepoint: 133722 ns, At safepoint: 2982885 ns, Total: 3116607 ns
[2024-05-04T03:34:01.618+0000][7][safepoint   ] Safepoint "Cleanup", Time since last: 9929608165066 ns, Reaching safepoint: 103713 ns, At safepoint: 3669 ns, Total: 107382 ns
[2024-05-04T03:34:02.618+0000][7][safepoint   ] Safepoint "Cleanup", Time since last: 1000156122 ns, Reaching safepoint: 98476 ns, At safepoint: 6171 ns, Total: 104647 ns
[2024-05-04T03:34:04.619+0000][7][safepoint   ] Safepoint "Cleanup", Time since last: 2000191073 ns, Reaching safepoint: 121007 ns, At safepoint: 5272 ns, Total: 126279 ns
[2024-05-04T07:21:02.123+0000][7][gc,start    ] GC(290) Pause Young (Normal) (G1 Evacuation Pause)
[2024-05-04T07:21:02.123+0000][7][gc,task     ] GC(290) Using 13 workers of 13 for evacuation
[2024-05-04T07:21:02.123+0000][7][gc,age      ] GC(290) Desired survivor size 41943040 bytes, new threshold 15 (max threshold 15)
[2024-05-04T07:21:02.124+0000][7][gc,age      ] GC(290) Age table with threshold 15 (max threshold 15)
[2024-05-04T07:21:02.125+0000][7][gc,age      ] GC(290) - age   1:     314184 bytes,     314184 total
[2024-05-04T07:21:02.125+0000][7][gc,age      ] GC(290) - age   2:      41288 bytes,     355472 total
[2024-05-04T07:21:02.125+0000][7][gc,age      ] GC(290) - age   3:      16504 bytes,     371976 total
[2024-05-04T07:21:02.125+0000][7][gc,age      ] GC(290) - age   4:      16232 bytes,     388208 total
[2024-05-04T07:21:02.125+0000][7][gc,age      ] GC(290) - age   5:      27984 bytes,     416192 total
[2024-05-04T07:21:02.125+0000][7][gc,age      ] GC(290) - age   7:         40 bytes,     416232 total
[2024-05-04T07:21:02.125+0000][7][gc,age      ] GC(290) - age   8:      16528 bytes,     432760 total
[2024-05-04T07:21:02.125+0000][7][gc,age      ] GC(290) - age   9:       5688 bytes,     438448 total
[2024-05-04T07:21:02.125+0000][7][gc,age      ] GC(290) - age  10:         40 bytes,     438488 total
[2024-05-04T07:21:02.125+0000][7][gc,age      ] GC(290) - age  15:      20008 bytes,     458496 total
[2024-05-04T07:21:02.125+0000][7][gc,phases   ] GC(290)   Pre Evacuate Collection Set: 0.2ms
[2024-05-04T07:21:02.125+0000][7][gc,phases   ] GC(290)   Merge Heap Roots: 0.1ms
[2024-05-04T07:21:02.125+0000][7][gc,phases   ] GC(290)   Evacuate Collection Set: 0.8ms
[2024-05-04T07:21:02.125+0000][7][gc,phases   ] GC(290)   Post Evacuate Collection Set: 0.6ms
[2024-05-04T07:21:02.125+0000][7][gc,phases   ] GC(290)   Other: 0.4ms
[2024-05-04T07:21:02.125+0000][7][gc,heap     ] GC(290) Eden regions: 152->0(152)
[2024-05-04T07:21:02.125+0000][7][gc,heap     ] GC(290) Survivor regions: 1->1(20)
[2024-05-04T07:21:02.125+0000][7][gc,heap     ] GC(290) Old regions: 21->21
[2024-05-04T07:21:02.125+0000][7][gc,heap     ] GC(290) Archive regions: 2->2
[2024-05-04T07:21:02.125+0000][7][gc,heap     ] GC(290) Humongous regions: 2->2
[2024-05-04T07:21:02.125+0000][7][gc,metaspace] GC(290) Metaspace: 103787K(108368K)->103787K(108368K) NonClass: 90447K(93776K)->90447K(93776K) Class: 13340K(14592K)->13340K(14592K)
[2024-05-04T07:21:02.125+0000][7][gc          ] GC(290) Pause Young (Normal) (G1 Evacuation Pause) 703M->95M(1024M) 2.211ms
[2024-05-04T07:21:02.125+0000][7][gc,cpu      ] GC(290) User=0.01s Sys=0.00s Real=0.00s
[2024-05-04T07:21:02.125+0000][7][safepoint   ] Safepoint "G1CollectForAllocation", Time since last: 13617503768867 ns, Reaching safepoint: 90684 ns, At safepoint: 2308673 ns, Total: 2399357 ns
[2024-05-04T11:33:58.052+0000][7][safepoint   ] Safepoint "Cleanup", Time since last: 15175927174038 ns, Reaching safepoint: 92512 ns, At safepoint: 3601 ns, Total: 96113 ns
[2024-05-04T13:57:02.262+0000][7][gc,start    ] GC(291) Pause Young (Normal) (G1 Evacuation Pause)
[2024-05-04T13:57:02.262+0000][7][gc,task     ] GC(291) Using 13 workers of 13 for evacuation
[2024-05-04T13:57:02.262+0000][7][gc,age      ] GC(291) Desired survivor size 41943040 bytes, new threshold 15 (max threshold 15)
[2024-05-04T13:57:02.264+0000][7][gc,age      ] GC(291) Age table with threshold 15 (max threshold 15)
[2024-05-04T13:57:02.264+0000][7][gc,age      ] GC(291) - age   1:      30616 bytes,      30616 total
[2024-05-04T13:57:02.264+0000][7][gc,age      ] GC(291) - age   2:      24056 bytes,      54672 total
[2024-05-04T13:57:02.264+0000][7][gc,age      ] GC(291) - age   3:      24744 bytes,      79416 total
[2024-05-04T13:57:02.264+0000][7][gc,age      ] GC(291) - age   4:      16192 bytes,      95608 total
[2024-05-04T13:57:02.264+0000][7][gc,age      ] GC(291) - age   5:         80 bytes,      95688 total
[2024-05-04T13:57:02.264+0000][7][gc,age      ] GC(291) - age   6:      27984 bytes,     123672 total
[2024-05-04T13:57:02.264+0000][7][gc,age      ] GC(291) - age   9:         80 bytes,     123752 total
[2024-05-04T13:57:02.264+0000][7][gc,age      ] GC(291) - age  10:       5688 bytes,     129440 total
[2024-05-04T13:57:02.264+0000][7][gc,age      ] GC(291) - age  11:         40 bytes,     129480 total
[2024-05-04T13:57:02.265+0000][7][gc,phases   ] GC(291)   Pre Evacuate Collection Set: 0.2ms
[2024-05-04T13:57:02.265+0000][7][gc,phases   ] GC(291)   Merge Heap Roots: 0.1ms
[2024-05-04T13:57:02.265+0000][7][gc,phases   ] GC(291)   Evacuate Collection Set: 1.4ms
[2024-05-04T13:57:02.265+0000][7][gc,phases   ] GC(291)   Post Evacuate Collection Set: 0.5ms
[2024-05-04T13:57:02.265+0000][7][gc,phases   ] GC(291)   Other: 0.4ms
[2024-05-04T13:57:02.265+0000][7][gc,heap     ] GC(291) Eden regions: 152->0(152)
[2024-05-04T13:57:02.265+0000][7][gc,heap     ] GC(291) Survivor regions: 1->1(20)
[2024-05-04T13:57:02.265+0000][7][gc,heap     ] GC(291) Old regions: 21->21
[2024-05-04T13:57:02.265+0000][7][gc,heap     ] GC(291) Archive regions: 2->2
[2024-05-04T13:57:02.265+0000][7][gc,heap     ] GC(291) Humongous regions: 2->2
[2024-05-04T13:57:02.265+0000][7][gc,metaspace] GC(291) Metaspace: 103787K(108368K)->103787K(108368K) NonClass: 90447K(93776K)->90447K(93776K) Class: 13340K(14592K)->13340K(14592K)
[2024-05-04T13:57:02.265+0000][7][gc          ] GC(291) Pause Young (Normal) (G1 Evacuation Pause) 703M->95M(1024M) 2.746ms
[2024-05-04T13:57:02.265+0000][7][gc,cpu      ] GC(291) User=0.00s Sys=0.00s Real=0.00s
[2024-05-04T13:57:02.265+0000][7][safepoint   ] Safepoint "G1CollectForAllocation", Time since last: 8584209573730 ns, Reaching safepoint: 111845 ns, At safepoint: 2837899 ns, Total: 2949744 ns
[2024-05-04T20:32:23.385+0000][7][gc,start    ] GC(292) Pause Young (Normal) (G1 Evacuation Pause)
[2024-05-04T20:32:23.385+0000][7][gc,task     ] GC(292) Using 13 workers of 13 for evacuation
[2024-05-04T20:32:23.385+0000][7][gc,age      ] GC(292) Desired survivor size 41943040 bytes, new threshold 15 (max threshold 15)
[2024-05-04T20:32:23.387+0000][7][gc,age      ] GC(292) Age table with threshold 15 (max threshold 15)
[2024-05-04T20:32:23.387+0000][7][gc,age      ] GC(292) - age   1:      64728 bytes,      64728 total
[2024-05-04T20:32:23.387+0000][7][gc,age      ] GC(292) - age   2:        728 bytes,      65456 total
[2024-05-04T20:32:23.387+0000][7][gc,age      ] GC(292) - age   3:       6288 bytes,      71744 total
[2024-05-04T20:32:23.387+0000][7][gc,age      ] GC(292) - age   4:       8592 bytes,      80336 total
[2024-05-04T20:32:23.387+0000][7][gc,age      ] GC(292) - age   5:         40 bytes,      80376 total
[2024-05-04T20:32:23.387+0000][7][gc,age      ] GC(292) - age   6:         40 bytes,      80416 total
[2024-05-04T20:32:23.387+0000][7][gc,age      ] GC(292) - age   7:       3400 bytes,      83816 total
[2024-05-04T20:32:23.387+0000][7][gc,age      ] GC(292) - age  10:         40 bytes,      83856 total
[2024-05-04T20:32:23.387+0000][7][gc,age      ] GC(292) - age  11:       5688 bytes,      89544 total
[2024-05-04T20:32:23.387+0000][7][gc,age      ] GC(292) - age  12:         40 bytes,      89584 total
[2024-05-04T20:32:23.387+0000][7][gc,phases   ] GC(292)   Pre Evacuate Collection Set: 0.2ms
[2024-05-04T20:32:23.387+0000][7][gc,phases   ] GC(292)   Merge Heap Roots: 0.1ms
[2024-05-04T20:32:23.387+0000][7][gc,phases   ] GC(292)   Evacuate Collection Set: 0.5ms
[2024-05-04T20:32:23.387+0000][7][gc,phases   ] GC(292)   Post Evacuate Collection Set: 0.5ms
[2024-05-04T20:32:23.387+0000][7][gc,phases   ] GC(292)   Other: 0.4ms
[2024-05-04T20:32:23.387+0000][7][gc,heap     ] GC(292) Eden regions: 152->0(152)
[2024-05-04T20:32:23.387+0000][7][gc,heap     ] GC(292) Survivor regions: 1->1(20)
[2024-05-04T20:32:23.387+0000][7][gc,heap     ] GC(292) Old regions: 21->21
[2024-05-04T20:32:23.387+0000][7][gc,heap     ] GC(292) Archive regions: 2->2
[2024-05-04T20:32:23.387+0000][7][gc,heap     ] GC(292) Humongous regions: 2->2
[2024-05-04T20:32:23.387+0000][7][gc,metaspace] GC(292) Metaspace: 103787K(108368K)->103787K(108368K) NonClass: 90447K(93776K)->90447K(93776K) Class: 13340K(14592K)->13340K(14592K)
[2024-05-04T20:32:23.387+0000][7][gc          ] GC(292) Pause Young (Normal) (G1 Evacuation Pause) 703M->95M(1024M) 1.835ms
[2024-05-04T20:32:23.387+0000][7][gc,cpu      ] GC(292) User=0.00s Sys=0.00s Real=0.01s
[2024-05-04T20:32:23.387+0000][7][safepoint   ] Safepoint "G1CollectForAllocation", Time since last: 23721120432913 ns, Reaching safepoint: 83764 ns, At safepoint: 1929391 ns, Total: 2013155 ns
[2024-05-05T03:08:07.516+0000][7][gc,start    ] GC(293) Pause Young (Normal) (G1 Evacuation Pause)
[2024-05-05T03:08:07.516+0000][7][gc,task     ] GC(293) Using 13 workers of 13 for evacuation
[2024-05-05T03:08:07.516+0000][7][gc,age      ] GC(293) Desired survivor size 41943040 bytes, new threshold 15 (max threshold 15)
[2024-05-05T03:08:07.518+0000][7][gc,age      ] GC(293) Age table with threshold 15 (max threshold 15)
[2024-05-05T03:08:07.518+0000][7][gc,age      ] GC(293) - age   1:     156728 bytes,     156728 total
[2024-05-05T03:08:07.518+0000][7][gc,age      ] GC(293) - age   2:       9480 bytes,     166208 total
[2024-05-05T03:08:07.518+0000][7][gc,age      ] GC(293) - age   3:        336 bytes,     166544 total
[2024-05-05T03:08:07.518+0000][7][gc,age      ] GC(293) - age   4:       3800 bytes,     170344 total
[2024-05-05T03:08:07.518+0000][7][gc,age      ] GC(293) - age   5:       8256 bytes,     178600 total
[2024-05-05T03:08:07.518+0000][7][gc,age      ] GC(293) - age   6:         40 bytes,     178640 total
[2024-05-05T03:08:07.518+0000][7][gc,age      ] GC(293) - age   7:         40 bytes,     178680 total
[2024-05-05T03:08:07.518+0000][7][gc,age      ] GC(293) - age   8:       3320 bytes,     182000 total
[2024-05-05T03:08:07.518+0000][7][gc,age      ] GC(293) - age  12:       5688 bytes,     187688 total
[2024-05-05T03:08:07.518+0000][7][gc,age      ] GC(293) - age  13:         40 bytes,     187728 total
[2024-05-05T03:08:07.518+0000][7][gc,phases   ] GC(293)   Pre Evacuate Collection Set: 0.2ms
[2024-05-05T03:08:07.518+0000][7][gc,phases   ] GC(293)   Merge Heap Roots: 0.1ms
[2024-05-05T03:08:07.518+0000][7][gc,phases   ] GC(293)   Evacuate Collection Set: 0.8ms
[2024-05-05T03:08:07.518+0000][7][gc,phases   ] GC(293)   Post Evacuate Collection Set: 0.5ms
[2024-05-05T03:08:07.518+0000][7][gc,phases   ] GC(293)   Other: 0.4ms
[2024-05-05T03:08:07.518+0000][7][gc,heap     ] GC(293) Eden regions: 152->0(152)
[2024-05-05T03:08:07.518+0000][7][gc,heap     ] GC(293) Survivor regions: 1->1(20)
[2024-05-05T03:08:07.518+0000][7][gc,heap     ] GC(293) Old regions: 21->21
[2024-05-05T03:08:07.518+0000][7][gc,heap     ] GC(293) Archive regions: 2->2
[2024-05-05T03:08:07.518+0000][7][gc,heap     ] GC(293) Humongous regions: 2->2
[2024-05-05T03:08:07.518+0000][7][gc,metaspace] GC(293) Metaspace: 103788K(108368K)->103788K(108368K) NonClass: 90448K(93776K)->90448K(93776K) Class: 13340K(14592K)->13340K(14592K)
[2024-05-05T03:08:07.518+0000][7][gc          ] GC(293) Pause Young (Normal) (G1 Evacuation Pause) 703M->95M(1024M) 2.151ms
[2024-05-05T03:08:07.518+0000][7][gc,cpu      ] GC(293) User=0.01s Sys=0.00s Real=0.01s
[2024-05-05T03:08:07.518+0000][7][safepoint   ] Safepoint "G1CollectForAllocation", Time since last: 23744128551549 ns, Reaching safepoint: 90698 ns, At safepoint: 2244263 ns, Total: 2334961 ns
[2024-05-05T03:34:13.614+0000][7][safepoint   ] Safepoint "Cleanup", Time since last: 1566096262385 ns, Reaching safepoint: 125636 ns, At safepoint: 3716 ns, Total: 129352 ns
[2024-05-05T06:18:37.217+0000][7][safepoint   ] Safepoint "Cleanup", Time since last: 9863602479115 ns, Reaching safepoint: 125619 ns, At safepoint: 4170 ns, Total: 129789 ns
[2024-05-05T06:18:41.218+0000][7][safepoint   ] Safepoint "Cleanup", Time since last: 4000340303 ns, Reaching safepoint: 122893 ns, At safepoint: 4511 ns, Total: 127404 ns
[2024-05-05T06:18:43.218+0000][7][safepoint   ] Safepoint "Cleanup", Time since last: 2000230152 ns, Reaching safepoint: 131502 ns, At safepoint: 3803 ns, Total: 135305 ns
[2024-05-05T06:52:36.342+0000][7][safepoint   ] Safepoint "Cleanup", Time since last: 2033124447296 ns, Reaching safepoint: 95579 ns, At safepoint: 4193 ns, Total: 99772 ns
[2024-05-05T07:07:40.398+0000][7][safepoint   ] Safepoint "Cleanup", Time since last: 904055087560 ns, Reaching safepoint: 122222 ns, At safepoint: 4500 ns, Total: 126722 ns
[2024-05-05T07:09:27.405+0000][7][safepoint   ] Safepoint "Cleanup", Time since last: 107006739124 ns, Reaching safepoint: 92612 ns, At safepoint: 3760 ns, Total: 96372 ns
[2024-05-05T07:09:30.405+0000][7][safepoint   ] Safepoint "Cleanup", Time since last: 3000298025 ns, Reaching safepoint: 113780 ns, At safepoint: 2646 ns, Total: 116426 ns
[2024-05-05T07:18:50.440+0000][7][safepoint   ] Safepoint "Cleanup", Time since last: 560034611161 ns, Reaching safepoint: 131400 ns, At safepoint: 5395 ns, Total: 136795 ns
[2024-05-05T07:18:51.440+0000][7][safepoint   ] Safepoint "Cleanup", Time since last: 1000160866 ns, Reaching safepoint: 145577 ns, At safepoint: 2606 ns, Total: 148183 ns
[2024-05-05T07:18:53.440+0000][7][safepoint   ] Safepoint "Cleanup", Time since last: 2000216125 ns, Reaching safepoint: 120584 ns, At safepoint: 4275 ns, Total: 124859 ns
[2024-05-05T07:22:10.452+0000][7][safepoint   ] Safepoint "Cleanup", Time since last: 197011905259 ns, Reaching safepoint: 122976 ns, At safepoint: 4099 ns, Total: 127075 ns
[2024-05-05T09:03:35.832+0000][7][safepoint   ] Safepoint "Cleanup", Time since last: 6085379865702 ns, Reaching safepoint: 94608 ns, At safepoint: 3420 ns, Total: 98028 ns
[2024-05-05T09:23:56.468+0000][7][gc,start    ] GC(294) Pause Young (Normal) (G1 Evacuation Pause)
[2024-05-05T09:23:56.468+0000][7][gc,task     ] GC(294) Using 13 workers of 13 for evacuation
[2024-05-05T09:23:56.468+0000][7][gc,age      ] GC(294) Desired survivor size 41943040 bytes, new threshold 15 (max threshold 15)
[2024-05-05T09:23:56.469+0000][7][gc,age      ] GC(294) Age table with threshold 15 (max threshold 15)
[2024-05-05T09:23:56.469+0000][7][gc,age      ] GC(294) - age   1:     616712 bytes,     616712 total
[2024-05-05T09:23:56.469+0000][7][gc,age      ] GC(294) - age   2:     125072 bytes,     741784 total
[2024-05-05T09:23:56.469+0000][7][gc,age      ] GC(294) - age   3:       8504 bytes,     750288 total
[2024-05-05T09:23:56.469+0000][7][gc,age      ] GC(294) - age   4:         40 bytes,     750328 total
[2024-05-05T09:23:56.469+0000][7][gc,age      ] GC(294) - age   5:       2600 bytes,     752928 total
[2024-05-05T09:23:56.469+0000][7][gc,age      ] GC(294) - age   6:       8176 bytes,     761104 total
[2024-05-05T09:23:56.469+0000][7][gc,age      ] GC(294) - age   9:       3080 bytes,     764184 total
[2024-05-05T09:23:56.469+0000][7][gc,age      ] GC(294) - age  13:       5688 bytes,     769872 total
[2024-05-05T09:23:56.469+0000][7][gc,phases   ] GC(294)   Pre Evacuate Collection Set: 0.2ms
[2024-05-05T09:23:56.469+0000][7][gc,phases   ] GC(294)   Merge Heap Roots: 0.1ms
[2024-05-05T09:23:56.469+0000][7][gc,phases   ] GC(294)   Evacuate Collection Set: 0.6ms
[2024-05-05T09:23:56.469+0000][7][gc,phases   ] GC(294)   Post Evacuate Collection Set: 0.5ms
[2024-05-05T09:23:56.469+0000][7][gc,phases   ] GC(294)   Other: 0.4ms
[2024-05-05T09:23:56.470+0000][7][gc,heap     ] GC(294) Eden regions: 152->0(152)
[2024-05-05T09:23:56.470+0000][7][gc,heap     ] GC(294) Survivor regions: 1->1(20)
[2024-05-05T09:23:56.470+0000][7][gc,heap     ] GC(294) Old regions: 21->21
[2024-05-05T09:23:56.470+0000][7][gc,heap     ] GC(294) Archive regions: 2->2
[2024-05-05T09:23:56.470+0000][7][gc,heap     ] GC(294) Humongous regions: 2->2
[2024-05-05T09:23:56.470+0000][7][gc,metaspace] GC(294) Metaspace: 103796K(108368K)->103796K(108368K) NonClass: 90455K(93776K)->90455K(93776K) Class: 13340K(14592K)->13340K(14592K)
[2024-05-05T09:23:56.470+0000][7][gc          ] GC(294) Pause Young (Normal) (G1 Evacuation Pause) 703M->96M(1024M) 1.983ms
[2024-05-05T09:23:56.470+0000][7][gc,cpu      ] GC(294) User=0.01s Sys=0.00s Real=0.00s
[2024-05-05T09:23:56.470+0000][7][safepoint   ] Safepoint "G1CollectForAllocation", Time since last: 1220635158942 ns, Reaching safepoint: 110952 ns, At safepoint: 2090838 ns, Total: 2201790 ns
[2024-05-05T13:22:28.343+0000][7][safepoint   ] Safepoint "Cleanup", Time since last: 14311873310045 ns, Reaching safepoint: 115906 ns, At safepoint: 10268 ns, Total: 126174 ns
[2024-05-05T14:35:20.609+0000][7][safepoint   ] Safepoint "Cleanup", Time since last: 4372265789876 ns, Reaching safepoint: 133834 ns, At safepoint: 3916 ns, Total: 137750 ns
[2024-05-05T14:35:22.609+0000][7][safepoint   ] Safepoint "Cleanup", Time since last: 2000307478 ns, Reaching safepoint: 125199 ns, At safepoint: 4525 ns, Total: 129724 ns
[2024-05-05T14:36:19.613+0000][7][safepoint   ] Safepoint "Cleanup", Time since last: 57003539976 ns, Reaching safepoint: 118247 ns, At safepoint: 4198 ns, Total: 122445 ns
[2024-05-05T15:58:01.294+0000][7][gc,start    ] GC(295) Pause Young (Normal) (G1 Evacuation Pause)
[2024-05-05T15:58:01.294+0000][7][gc,task     ] GC(295) Using 13 workers of 13 for evacuation
[2024-05-05T15:58:01.294+0000][7][gc,age      ] GC(295) Desired survivor size 41943040 bytes, new threshold 15 (max threshold 15)
[2024-05-05T15:58:01.297+0000][7][gc,age      ] GC(295) Age table with threshold 15 (max threshold 15)
[2024-05-05T15:58:01.297+0000][7][gc,age      ] GC(295) - age   1:      76120 bytes,      76120 total
[2024-05-05T15:58:01.297+0000][7][gc,age      ] GC(295) - age   2:     160856 bytes,     236976 total
[2024-05-05T15:58:01.297+0000][7][gc,age      ] GC(295) - age   3:      91248 bytes,     328224 total
[2024-05-05T15:58:01.297+0000][7][gc,age      ] GC(295) - age   4:       8424 bytes,     336648 total
[2024-05-05T15:58:01.297+0000][7][gc,age      ] GC(295) - age   6:       2560 bytes,     339208 total
[2024-05-05T15:58:01.297+0000][7][gc,age      ] GC(295) - age   7:       8176 bytes,     347384 total
[2024-05-05T15:58:01.297+0000][7][gc,age      ] GC(295) - age  10:       3080 bytes,     350464 total
[2024-05-05T15:58:01.297+0000][7][gc,age      ] GC(295) - age  14:       5344 bytes,     355808 total
[2024-05-05T15:58:01.297+0000][7][gc,phases   ] GC(295)   Pre Evacuate Collection Set: 0.2ms
[2024-05-05T15:58:01.297+0000][7][gc,phases   ] GC(295)   Merge Heap Roots: 0.1ms
[2024-05-05T15:58:01.297+0000][7][gc,phases   ] GC(295)   Evacuate Collection Set: 1.6ms
[2024-05-05T15:58:01.297+0000][7][gc,phases   ] GC(295)   Post Evacuate Collection Set: 0.5ms
[2024-05-05T15:58:01.297+0000][7][gc,phases   ] GC(295)   Other: 0.4ms
[2024-05-05T15:58:01.297+0000][7][gc,heap     ] GC(295) Eden regions: 152->0(152)
[2024-05-05T15:58:01.297+0000][7][gc,heap     ] GC(295) Survivor regions: 1->1(20)
[2024-05-05T15:58:01.297+0000][7][gc,heap     ] GC(295) Old regions: 21->21
[2024-05-05T15:58:01.297+0000][7][gc,heap     ] GC(295) Archive regions: 2->2
[2024-05-05T15:58:01.297+0000][7][gc,heap     ] GC(295) Humongous regions: 2->2
[2024-05-05T15:58:01.297+0000][7][gc,metaspace] GC(295) Metaspace: 103862K(108368K)->103862K(108368K) NonClass: 90501K(93776K)->90501K(93776K) Class: 13361K(14592K)->13361K(14592K)
[2024-05-05T15:58:01.297+0000][7][gc          ] GC(295) Pause Young (Normal) (G1 Evacuation Pause) 704M->95M(1024M) 3.029ms
[2024-05-05T15:58:01.297+0000][7][gc,cpu      ] GC(295) User=0.00s Sys=0.00s Real=0.01s
[2024-05-05T15:58:01.297+0000][7][safepoint   ] Safepoint "G1CollectForAllocation", Time since last: 4901680583549 ns, Reaching safepoint: 118381 ns, At safepoint: 3125986 ns, Total: 3244367 ns
[2024-05-05T22:33:16.931+0000][7][gc,start    ] GC(296) Pause Young (Normal) (G1 Evacuation Pause)
[2024-05-05T22:33:16.931+0000][7][gc,task     ] GC(296) Using 13 workers of 13 for evacuation
[2024-05-05T22:33:16.931+0000][7][gc,age      ] GC(296) Desired survivor size 41943040 bytes, new threshold 15 (max threshold 15)
[2024-05-05T22:33:16.933+0000][7][gc,age      ] GC(296) Age table with threshold 15 (max threshold 15)
[2024-05-05T22:33:16.933+0000][7][gc,age      ] GC(296) - age   1:      64048 bytes,      64048 total
[2024-05-05T22:33:16.933+0000][7][gc,age      ] GC(296) - age   2:      38216 bytes,     102264 total
[2024-05-05T22:33:16.933+0000][7][gc,age      ] GC(296) - age   3:      61792 bytes,     164056 total
[2024-05-05T22:33:16.933+0000][7][gc,age      ] GC(296) - age   4:      74344 bytes,     238400 total
[2024-05-05T22:33:16.933+0000][7][gc,age      ] GC(296) - age   5:       8424 bytes,     246824 total
[2024-05-05T22:33:16.933+0000][7][gc,age      ] GC(296) - age   7:       2560 bytes,     249384 total
[2024-05-05T22:33:16.933+0000][7][gc,age      ] GC(296) - age   8:       8176 bytes,     257560 total
[2024-05-05T22:33:16.933+0000][7][gc,age      ] GC(296) - age  11:       3080 bytes,     260640 total
[2024-05-05T22:33:16.933+0000][7][gc,age      ] GC(296) - age  15:       5344 bytes,     265984 total
[2024-05-05T22:33:16.933+0000][7][gc,phases   ] GC(296)   Pre Evacuate Collection Set: 0.2ms
[2024-05-05T22:33:16.933+0000][7][gc,phases   ] GC(296)   Merge Heap Roots: 0.1ms
[2024-05-05T22:33:16.933+0000][7][gc,phases   ] GC(296)   Evacuate Collection Set: 0.9ms
[2024-05-05T22:33:16.933+0000][7][gc,phases   ] GC(296)   Post Evacuate Collection Set: 0.5ms
[2024-05-05T22:33:16.933+0000][7][gc,phases   ] GC(296)   Other: 0.4ms
[2024-05-05T22:33:16.933+0000][7][gc,heap     ] GC(296) Eden regions: 152->0(152)
[2024-05-05T22:33:16.933+0000][7][gc,heap     ] GC(296) Survivor regions: 1->1(20)
[2024-05-05T22:33:16.933+0000][7][gc,heap     ] GC(296) Old regions: 21->21
[2024-05-05T22:33:16.933+0000][7][gc,heap     ] GC(296) Archive regions: 2->2
[2024-05-05T22:33:16.933+0000][7][gc,heap     ] GC(296) Humongous regions: 2->2
[2024-05-05T22:33:16.933+0000][7][gc,metaspace] GC(296) Metaspace: 103862K(108368K)->103862K(108368K) NonClass: 90501K(93776K)->90501K(93776K) Class: 13361K(14592K)->13361K(14592K)
[2024-05-05T22:33:16.933+0000][7][gc          ] GC(296) Pause Young (Normal) (G1 Evacuation Pause) 703M->95M(1024M) 2.275ms
[2024-05-05T22:33:16.933+0000][7][gc,cpu      ] GC(296) User=0.01s Sys=0.00s Real=0.00s
[2024-05-05T22:33:16.933+0000][7][safepoint   ] Safepoint "G1CollectForAllocation", Time since last: 23715633733378 ns, Reaching safepoint: 113921 ns, At safepoint: 2369398 ns, Total: 2483319 ns
[2024-05-06T02:17:45.755+0000][7][safepoint   ] Safepoint "Cleanup", Time since last: 13468822134465 ns, Reaching safepoint: 94935 ns, At safepoint: 4003 ns, Total: 98938 ns
[2024-05-06T02:23:15.775+0000][7][safepoint   ] Safepoint "Cleanup", Time since last: 330019965128 ns, Reaching safepoint: 100876 ns, At safepoint: 4513 ns, Total: 105389 ns
[2024-05-06T04:03:19.144+0000][7][safepoint   ] Safepoint "Cleanup", Time since last: 6003368100199 ns, Reaching safepoint: 95823 ns, At safepoint: 4438 ns, Total: 100261 ns
[2024-05-06T04:03:23.144+0000][7][safepoint   ] Safepoint "Cleanup", Time since last: 4000347569 ns, Reaching safepoint: 128450 ns, At safepoint: 4748 ns, Total: 133198 ns
[2024-05-06T05:07:46.849+0000][7][gc,start    ] GC(297) Pause Young (Normal) (G1 Evacuation Pause)
[2024-05-06T05:07:46.849+0000][7][gc,task     ] GC(297) Using 13 workers of 13 for evacuation
[2024-05-06T05:07:46.849+0000][7][gc,age      ] GC(297) Desired survivor size 41943040 bytes, new threshold 15 (max threshold 15)
[2024-05-06T05:07:46.851+0000][7][gc,age      ] GC(297) Age table with threshold 15 (max threshold 15)
[2024-05-06T05:07:46.852+0000][7][gc,age      ] GC(297) - age   1:     253680 bytes,     253680 total
[2024-05-06T05:07:46.852+0000][7][gc,age      ] GC(297) - age   2:      49560 bytes,     303240 total
[2024-05-06T05:07:46.852+0000][7][gc,age      ] GC(297) - age   3:      20736 bytes,     323976 total
[2024-05-06T05:07:46.852+0000][7][gc,age      ] GC(297) - age   4:      52128 bytes,     376104 total
[2024-05-06T05:07:46.852+0000][7][gc,age      ] GC(297) - age   5:      57416 bytes,     433520 total
[2024-05-06T05:07:46.852+0000][7][gc,age      ] GC(297) - age   6:       8424 bytes,     441944 total
[2024-05-06T05:07:46.852+0000][7][gc,age      ] GC(297) - age   8:       2560 bytes,     444504 total
[2024-05-06T05:07:46.852+0000][7][gc,age      ] GC(297) - age   9:       8176 bytes,     452680 total
[2024-05-06T05:07:46.852+0000][7][gc,age      ] GC(297) - age  12:       3080 bytes,     455760 total
[2024-05-06T05:07:46.852+0000][7][gc,phases   ] GC(297)   Pre Evacuate Collection Set: 0.2ms
[2024-05-06T05:07:46.852+0000][7][gc,phases   ] GC(297)   Merge Heap Roots: 0.2ms
[2024-05-06T05:07:46.852+0000][7][gc,phases   ] GC(297)   Evacuate Collection Set: 1.2ms
[2024-05-06T05:07:46.852+0000][7][gc,phases   ] GC(297)   Post Evacuate Collection Set: 0.6ms
[2024-05-06T05:07:46.852+0000][7][gc,phases   ] GC(297)   Other: 0.4ms
[2024-05-06T05:07:46.852+0000][7][gc,heap     ] GC(297) Eden regions: 152->0(152)
[2024-05-06T05:07:46.852+0000][7][gc,heap     ] GC(297) Survivor regions: 1->1(20)
[2024-05-06T05:07:46.852+0000][7][gc,heap     ] GC(297) Old regions: 21->21
[2024-05-06T05:07:46.852+0000][7][gc,heap     ] GC(297) Archive regions: 2->2
[2024-05-06T05:07:46.852+0000][7][gc,heap     ] GC(297) Humongous regions: 2->2
[2024-05-06T05:07:46.852+0000][7][gc,metaspace] GC(297) Metaspace: 103862K(108368K)->103862K(108368K) NonClass: 90501K(93776K)->90501K(93776K) Class: 13361K(14592K)->13361K(14592K)
[2024-05-06T05:07:46.852+0000][7][gc          ] GC(297) Pause Young (Normal) (G1 Evacuation Pause) 703M->95M(1024M) 2.637ms
[2024-05-06T05:07:46.852+0000][7][gc,cpu      ] GC(297) User=0.01s Sys=0.00s Real=0.00s
[2024-05-06T05:07:46.852+0000][7][safepoint   ] Safepoint "G1CollectForAllocation", Time since last: 3863704917503 ns, Reaching safepoint: 84490 ns, At safepoint: 2730227 ns, Total: 2814717 ns
[2024-05-06T10:52:37.131+0000][7][safepoint   ] Safepoint "Cleanup", Time since last: 20690279141694 ns, Reaching safepoint: 94470 ns, At safepoint: 3660 ns, Total: 98130 ns
[2024-05-06T11:27:24.907+0000][7][gc,start    ] GC(298) Pause Young (Normal) (G1 Evacuation Pause)
[2024-05-06T11:27:24.907+0000][7][gc,task     ] GC(298) Using 13 workers of 13 for evacuation
[2024-05-06T11:27:24.907+0000][7][gc,age      ] GC(298) Desired survivor size 41943040 bytes, new threshold 15 (max threshold 15)
[2024-05-06T11:27:24.909+0000][7][gc,age      ] GC(298) Age table with threshold 15 (max threshold 15)
[2024-05-06T11:27:24.909+0000][7][gc,age      ] GC(298) - age   1:      80560 bytes,      80560 total
[2024-05-06T11:27:24.909+0000][7][gc,age      ] GC(298) - age   2:      62256 bytes,     142816 total
[2024-05-06T11:27:24.909+0000][7][gc,age      ] GC(298) - age   3:      48952 bytes,     191768 total
[2024-05-06T11:27:24.909+0000][7][gc,age      ] GC(298) - age   4:      20072 bytes,     211840 total
[2024-05-06T11:27:24.909+0000][7][gc,age      ] GC(298) - age   5:      52008 bytes,     263848 total
[2024-05-06T11:27:24.909+0000][7][gc,age      ] GC(298) - age   6:      57376 bytes,     321224 total
[2024-05-06T11:27:24.909+0000][7][gc,age      ] GC(298) - age   7:        408 bytes,     321632 total
[2024-05-06T11:27:24.909+0000][7][gc,age      ] GC(298) - age   9:       2560 bytes,     324192 total
[2024-05-06T11:27:24.909+0000][7][gc,age      ] GC(298) - age  10:         40 bytes,     324232 total
[2024-05-06T11:27:24.909+0000][7][gc,age      ] GC(298) - age  13:       3040 bytes,     327272 total
[2024-05-06T11:27:24.909+0000][7][gc,phases   ] GC(298)   Pre Evacuate Collection Set: 0.2ms
[2024-05-06T11:27:24.909+0000][7][gc,phases   ] GC(298)   Merge Heap Roots: 0.1ms
[2024-05-06T11:27:24.909+0000][7][gc,phases   ] GC(298)   Evacuate Collection Set: 1.0ms
[2024-05-06T11:27:24.909+0000][7][gc,phases   ] GC(298)   Post Evacuate Collection Set: 0.6ms
[2024-05-06T11:27:24.909+0000][7][gc,phases   ] GC(298)   Other: 0.5ms
[2024-05-06T11:27:24.909+0000][7][gc,heap     ] GC(298) Eden regions: 152->0(152)
[2024-05-06T11:27:24.909+0000][7][gc,heap     ] GC(298) Survivor regions: 1->1(20)
[2024-05-06T11:27:24.909+0000][7][gc,heap     ] GC(298) Old regions: 21->21
[2024-05-06T11:27:24.909+0000][7][gc,heap     ] GC(298) Archive regions: 2->2
[2024-05-06T11:27:24.909+0000][7][gc,heap     ] GC(298) Humongous regions: 2->2
[2024-05-06T11:27:24.909+0000][7][gc,metaspace] GC(298) Metaspace: 103869K(108368K)->103869K(108368K) NonClass: 90508K(93776K)->90508K(93776K) Class: 13361K(14592K)->13361K(14592K)
[2024-05-06T11:27:24.909+0000][7][gc          ] GC(298) Pause Young (Normal) (G1 Evacuation Pause) 703M->95M(1024M) 2.483ms
[2024-05-06T11:27:24.909+0000][7][gc,cpu      ] GC(298) User=0.00s Sys=0.01s Real=0.00s
[2024-05-06T11:27:24.909+0000][7][safepoint   ] Safepoint "G1CollectForAllocation", Time since last: 2087775590664 ns, Reaching safepoint: 96682 ns, At safepoint: 2589361 ns, Total: 2686043 ns
[2024-05-06T18:03:28.067+0000][7][gc,start    ] GC(299) Pause Young (Normal) (G1 Evacuation Pause)
[2024-05-06T18:03:28.067+0000][7][gc,task     ] GC(299) Using 13 workers of 13 for evacuation
[2024-05-06T18:03:28.067+0000][7][gc,age      ] GC(299) Desired survivor size 41943040 bytes, new threshold 15 (max threshold 15)
[2024-05-06T18:03:28.068+0000][7][gc,age      ] GC(299) Age table with threshold 15 (max threshold 15)
[2024-05-06T18:03:28.068+0000][7][gc,age      ] GC(299) - age   1:      22888 bytes,      22888 total
[2024-05-06T18:03:28.068+0000][7][gc,age      ] GC(299) - age   2:      34904 bytes,      57792 total
[2024-05-06T18:03:28.068+0000][7][gc,age      ] GC(299) - age   3:      61592 bytes,     119384 total
[2024-05-06T18:03:28.068+0000][7][gc,age      ] GC(299) - age   4:      32464 bytes,     151848 total
[2024-05-06T18:03:28.068+0000][7][gc,age      ] GC(299) - age   5:      20072 bytes,     171920 total
[2024-05-06T18:03:28.068+0000][7][gc,age      ] GC(299) - age   6:      43992 bytes,     215912 total
[2024-05-06T18:03:28.068+0000][7][gc,age      ] GC(299) - age   7:      49240 bytes,     265152 total
[2024-05-06T18:03:28.068+0000][7][gc,age      ] GC(299) - age   8:        408 bytes,     265560 total
[2024-05-06T18:03:28.068+0000][7][gc,age      ] GC(299) - age  10:       2560 bytes,     268120 total
[2024-05-06T18:03:28.068+0000][7][gc,age      ] GC(299) - age  14:       3040 bytes,     271160 total
[2024-05-06T18:03:28.068+0000][7][gc,phases   ] GC(299)   Pre Evacuate Collection Set: 0.1ms
[2024-05-06T18:03:28.068+0000][7][gc,phases   ] GC(299)   Merge Heap Roots: 0.1ms
[2024-05-06T18:03:28.068+0000][7][gc,phases   ] GC(299)   Evacuate Collection Set: 0.5ms
[2024-05-06T18:03:28.068+0000][7][gc,phases   ] GC(299)   Post Evacuate Collection Set: 0.5ms
[2024-05-06T18:03:28.069+0000][7][gc,phases   ] GC(299)   Other: 0.4ms
[2024-05-06T18:03:28.069+0000][7][gc,heap     ] GC(299) Eden regions: 152->0(152)
[2024-05-06T18:03:28.069+0000][7][gc,heap     ] GC(299) Survivor regions: 1->1(20)
[2024-05-06T18:03:28.069+0000][7][gc,heap     ] GC(299) Old regions: 21->21
[2024-05-06T18:03:28.069+0000][7][gc,heap     ] GC(299) Archive regions: 2->2
[2024-05-06T18:03:28.069+0000][7][gc,heap     ] GC(299) Humongous regions: 2->2
[2024-05-06T18:03:28.069+0000][7][gc,metaspace] GC(299) Metaspace: 103869K(108368K)->103869K(108368K) NonClass: 90508K(93776K)->90508K(93776K) Class: 13361K(14592K)->13361K(14592K)
[2024-05-06T18:03:28.069+0000][7][gc          ] GC(299) Pause Young (Normal) (G1 Evacuation Pause) 703M->95M(1024M) 1.829ms
[2024-05-06T18:03:28.069+0000][7][gc,cpu      ] GC(299) User=0.00s Sys=0.00s Real=0.00s
[2024-05-06T18:03:28.069+0000][7][safepoint   ] Safepoint "G1CollectForAllocation", Time since last: 23763157233289 ns, Reaching safepoint: 92896 ns, At safepoint: 1923302 ns, Total: 2016198 ns
[2024-05-07T00:39:07.083+0000][7][gc,start    ] GC(300) Pause Young (Normal) (G1 Evacuation Pause)
[2024-05-07T00:39:07.083+0000][7][gc,task     ] GC(300) Using 13 workers of 13 for evacuation
[2024-05-07T00:39:07.083+0000][7][gc,age      ] GC(300) Desired survivor size 41943040 bytes, new threshold 15 (max threshold 15)
[2024-05-07T00:39:07.086+0000][7][gc,age      ] GC(300) Age table with threshold 15 (max threshold 15)
[2024-05-07T00:39:07.086+0000][7][gc,age      ] GC(300) - age   1:      71728 bytes,      71728 total
[2024-05-07T00:39:07.086+0000][7][gc,age      ] GC(300) - age   2:       8864 bytes,      80592 total
[2024-05-07T00:39:07.086+0000][7][gc,age      ] GC(300) - age   3:      18544 bytes,      99136 total
[2024-05-07T00:39:07.086+0000][7][gc,age      ] GC(300) - age   4:      28104 bytes,     127240 total
[2024-05-07T00:39:07.086+0000][7][gc,age      ] GC(300) - age   5:      16312 bytes,     143552 total
[2024-05-07T00:39:07.086+0000][7][gc,age      ] GC(300) - age   6:      19992 bytes,     163544 total
[2024-05-07T00:39:07.086+0000][7][gc,age      ] GC(300) - age   7:      35560 bytes,     199104 total
[2024-05-07T00:39:07.086+0000][7][gc,age      ] GC(300) - age   8:      33048 bytes,     232152 total
[2024-05-07T00:39:07.086+0000][7][gc,age      ] GC(300) - age   9:        408 bytes,     232560 total
[2024-05-07T00:39:07.086+0000][7][gc,age      ] GC(300) - age  11:       2560 bytes,     235120 total
[2024-05-07T00:39:07.086+0000][7][gc,age      ] GC(300) - age  15:       3040 bytes,     238160 total
[2024-05-07T00:39:07.086+0000][7][gc,phases   ] GC(300)   Pre Evacuate Collection Set: 0.1ms
[2024-05-07T00:39:07.086+0000][7][gc,phases   ] GC(300)   Merge Heap Roots: 0.1ms
[2024-05-07T00:39:07.086+0000][7][gc,phases   ] GC(300)   Evacuate Collection Set: 1.9ms
[2024-05-07T00:39:07.086+0000][7][gc,phases   ] GC(300)   Post Evacuate Collection Set: 0.7ms
[2024-05-07T00:39:07.086+0000][7][gc,phases   ] GC(300)   Other: 0.5ms
[2024-05-07T00:39:07.086+0000][7][gc,heap     ] GC(300) Eden regions: 152->0(152)
[2024-05-07T00:39:07.086+0000][7][gc,heap     ] GC(300) Survivor regions: 1->1(20)
[2024-05-07T00:39:07.086+0000][7][gc,heap     ] GC(300) Old regions: 21->21
[2024-05-07T00:39:07.086+0000][7][gc,heap     ] GC(300) Archive regions: 2->2
[2024-05-07T00:39:07.086+0000][7][gc,heap     ] GC(300) Humongous regions: 2->2
[2024-05-07T00:39:07.086+0000][7][gc,metaspace] GC(300) Metaspace: 103869K(108368K)->103869K(108368K) NonClass: 90508K(93776K)->90508K(93776K) Class: 13361K(14592K)->13361K(14592K)
[2024-05-07T00:39:07.086+0000][7][gc          ] GC(300) Pause Young (Normal) (G1 Evacuation Pause) 703M->95M(1024M) 3.389ms
[2024-05-07T00:39:07.086+0000][7][gc,cpu      ] GC(300) User=0.00s Sys=0.00s Real=0.00s
[2024-05-07T00:39:07.086+0000][7][safepoint   ] Safepoint "G1CollectForAllocation", Time since last: 23739013898072 ns, Reaching safepoint: 135260 ns, At safepoint: 3485245 ns, Total: 3620505 ns
[2024-05-07T07:10:43.747+0000][7][gc,start    ] GC(301) Pause Young (Normal) (G1 Evacuation Pause)
[2024-05-07T07:10:43.747+0000][7][gc,task     ] GC(301) Using 13 workers of 13 for evacuation
[2024-05-07T07:10:43.747+0000][7][gc,age      ] GC(301) Desired survivor size 41943040 bytes, new threshold 15 (max threshold 15)
[2024-05-07T07:10:43.749+0000][7][gc,age      ] GC(301) Age table with threshold 15 (max threshold 15)
[2024-05-07T07:10:43.750+0000][7][gc,age      ] GC(301) - age   1:     336552 bytes,     336552 total
[2024-05-07T07:10:43.750+0000][7][gc,age      ] GC(301) - age   2:      57840 bytes,     394392 total
[2024-05-07T07:10:43.750+0000][7][gc,age      ] GC(301) - age   3:       8568 bytes,     402960 total
[2024-05-07T07:10:43.750+0000][7][gc,age      ] GC(301) - age   4:      17576 bytes,     420536 total
[2024-05-07T07:10:43.750+0000][7][gc,age      ] GC(301) - age   5:      24968 bytes,     445504 total
[2024-05-07T07:10:43.750+0000][7][gc,age      ] GC(301) - age   6:      16192 bytes,     461696 total
[2024-05-07T07:10:43.750+0000][7][gc,age      ] GC(301) - age   7:      19992 bytes,     481688 total
[2024-05-07T07:10:43.750+0000][7][gc,age      ] GC(301) - age   8:      19128 bytes,     500816 total
[2024-05-07T07:10:43.750+0000][7][gc,age      ] GC(301) - age   9:      33008 bytes,     533824 total
[2024-05-07T07:10:43.750+0000][7][gc,age      ] GC(301) - age  10:        408 bytes,     534232 total
[2024-05-07T07:10:43.750+0000][7][gc,age      ] GC(301) - age  12:       2560 bytes,     536792 total
[2024-05-07T07:10:43.750+0000][7][gc,phases   ] GC(301)   Pre Evacuate Collection Set: 0.2ms
[2024-05-07T07:10:43.750+0000][7][gc,phases   ] GC(301)   Merge Heap Roots: 0.1ms
[2024-05-07T07:10:43.750+0000][7][gc,phases   ] GC(301)   Evacuate Collection Set: 1.1ms
[2024-05-07T07:10:43.750+0000][7][gc,phases   ] GC(301)   Post Evacuate Collection Set: 0.6ms
[2024-05-07T07:10:43.750+0000][7][gc,phases   ] GC(301)   Other: 0.4ms
[2024-05-07T07:10:43.750+0000][7][gc,heap     ] GC(301) Eden regions: 152->0(152)
[2024-05-07T07:10:43.750+0000][7][gc,heap     ] GC(301) Survivor regions: 1->1(20)
[2024-05-07T07:10:43.750+0000][7][gc,heap     ] GC(301) Old regions: 21->21
[2024-05-07T07:10:43.750+0000][7][gc,heap     ] GC(301) Archive regions: 2->2
[2024-05-07T07:10:43.750+0000][7][gc,heap     ] GC(301) Humongous regions: 2->2
[2024-05-07T07:10:43.750+0000][7][gc,metaspace] GC(301) Metaspace: 103869K(108368K)->103869K(108368K) NonClass: 90508K(93776K)->90508K(93776K) Class: 13361K(14592K)->13361K(14592K)
[2024-05-07T07:10:43.750+0000][7][gc          ] GC(301) Pause Young (Normal) (G1 Evacuation Pause) 703M->95M(1024M) 2.600ms
[2024-05-07T07:10:43.750+0000][7][gc,cpu      ] GC(301) User=0.00s Sys=0.00s Real=0.00s
[2024-05-07T07:10:43.750+0000][7][safepoint   ] Safepoint "G1CollectForAllocation", Time since last: 23496660876480 ns, Reaching safepoint: 116185 ns, At safepoint: 2691874 ns, Total: 2808059 ns
[2024-05-07T08:11:24.975+0000][7][safepoint   ] Safepoint "Cleanup", Time since last: 3641225465304 ns, Reaching safepoint: 128748 ns, At safepoint: 2866 ns, Total: 131614 ns
[2024-05-07T13:41:44.888+0000][7][gc,start    ] GC(302) Pause Young (Normal) (G1 Evacuation Pause)
[2024-05-07T13:41:44.888+0000][7][gc,task     ] GC(302) Using 13 workers of 13 for evacuation
[2024-05-07T13:41:44.888+0000][7][gc,age      ] GC(302) Desired survivor size 41943040 bytes, new threshold 15 (max threshold 15)
[2024-05-07T13:41:44.889+0000][7][gc,age      ] GC(302) Age table with threshold 15 (max threshold 15)
[2024-05-07T13:41:44.889+0000][7][gc,age      ] GC(302) - age   1:      48328 bytes,      48328 total
[2024-05-07T13:41:44.889+0000][7][gc,age      ] GC(302) - age   2:      85984 bytes,     134312 total
[2024-05-07T13:41:44.889+0000][7][gc,age      ] GC(302) - age   3:      49528 bytes,     183840 total
[2024-05-07T13:41:44.889+0000][7][gc,age      ] GC(302) - age   4:        432 bytes,     184272 total
[2024-05-07T13:41:44.889+0000][7][gc,age      ] GC(302) - age   5:      17536 bytes,     201808 total
[2024-05-07T13:41:44.889+0000][7][gc,age      ] GC(302) - age   6:       8696 bytes,     210504 total
[2024-05-07T13:41:44.889+0000][7][gc,age      ] GC(302) - age   7:         40 bytes,     210544 total
[2024-05-07T13:41:44.889+0000][7][gc,age      ] GC(302) - age   8:      19992 bytes,     230536 total
[2024-05-07T13:41:44.889+0000][7][gc,age      ] GC(302) - age   9:      19128 bytes,     249664 total
[2024-05-07T13:41:44.889+0000][7][gc,age      ] GC(302) - age  10:      33008 bytes,     282672 total
[2024-05-07T13:41:44.889+0000][7][gc,age      ] GC(302) - age  11:        408 bytes,     283080 total
[2024-05-07T13:41:44.889+0000][7][gc,age      ] GC(302) - age  13:       2560 bytes,     285640 total
[2024-05-07T13:41:44.889+0000][7][gc,phases   ] GC(302)   Pre Evacuate Collection Set: 0.2ms
[2024-05-07T13:41:44.889+0000][7][gc,phases   ] GC(302)   Merge Heap Roots: 0.2ms
[2024-05-07T13:41:44.889+0000][7][gc,phases   ] GC(302)   Evacuate Collection Set: 0.5ms
[2024-05-07T13:41:44.889+0000][7][gc,phases   ] GC(302)   Post Evacuate Collection Set: 0.5ms
[2024-05-07T13:41:44.889+0000][7][gc,phases   ] GC(302)   Other: 0.4ms
[2024-05-07T13:41:44.889+0000][7][gc,heap     ] GC(302) Eden regions: 152->0(152)
[2024-05-07T13:41:44.889+0000][7][gc,heap     ] GC(302) Survivor regions: 1->1(20)
[2024-05-07T13:41:44.889+0000][7][gc,heap     ] GC(302) Old regions: 21->21
[2024-05-07T13:41:44.890+0000][7][gc,heap     ] GC(302) Archive regions: 2->2
[2024-05-07T13:41:44.890+0000][7][gc,heap     ] GC(302) Humongous regions: 2->2
[2024-05-07T13:41:44.890+0000][7][gc,metaspace] GC(302) Metaspace: 103870K(108368K)->103870K(108368K) NonClass: 90509K(93776K)->90509K(93776K) Class: 13361K(14592K)->13361K(14592K)
[2024-05-07T13:41:44.890+0000][7][gc          ] GC(302) Pause Young (Normal) (G1 Evacuation Pause) 703M->95M(1024M) 1.910ms
[2024-05-07T13:41:44.890+0000][7][gc,cpu      ] GC(302) User=0.00s Sys=0.01s Real=0.00s
[2024-05-07T13:41:44.890+0000][7][safepoint   ] Safepoint "G1CollectForAllocation", Time since last: 19819911999568 ns, Reaching safepoint: 131746 ns, At safepoint: 2022845 ns, Total: 2154591 ns
[2024-05-07T19:56:14.267+0000][7][safepoint   ] Safepoint "Cleanup", Time since last: 22469377050131 ns, Reaching safepoint: 92191 ns, At safepoint: 11302 ns, Total: 103493 ns
[2024-05-07T20:19:01.056+0000][7][gc,start    ] GC(303) Pause Young (Normal) (G1 Evacuation Pause)
[2024-05-07T20:19:01.056+0000][7][gc,task     ] GC(303) Using 13 workers of 13 for evacuation
[2024-05-07T20:19:01.056+0000][7][gc,age      ] GC(303) Desired survivor size 41943040 bytes, new threshold 15 (max threshold 15)
[2024-05-07T20:19:01.059+0000][7][gc,age      ] GC(303) Age table with threshold 15 (max threshold 15)
[2024-05-07T20:19:01.059+0000][7][gc,age      ] GC(303) - age   1:      13976 bytes,      13976 total
[2024-05-07T20:19:01.059+0000][7][gc,age      ] GC(303) - age   2:       2872 bytes,      16848 total
[2024-05-07T20:19:01.059+0000][7][gc,age      ] GC(303) - age   3:      36456 bytes,      53304 total
[2024-05-07T20:19:01.059+0000][7][gc,age      ] GC(303) - age   4:        200 bytes,      53504 total
[2024-05-07T20:19:01.059+0000][7][gc,age      ] GC(303) - age   5:        392 bytes,      53896 total
[2024-05-07T20:19:01.059+0000][7][gc,age      ] GC(303) - age   6:       1344 bytes,      55240 total
[2024-05-07T20:19:01.059+0000][7][gc,age      ] GC(303) - age   7:        264 bytes,      55504 total
[2024-05-07T20:19:01.059+0000][7][gc,age      ] GC(303) - age   8:         40 bytes,      55544 total
[2024-05-07T20:19:01.059+0000][7][gc,age      ] GC(303) - age   9:      19992 bytes,      75536 total
[2024-05-07T20:19:01.059+0000][7][gc,age      ] GC(303) - age  10:      19128 bytes,      94664 total
[2024-05-07T20:19:01.059+0000][7][gc,age      ] GC(303) - age  11:      16856 bytes,     111520 total
[2024-05-07T20:19:01.059+0000][7][gc,age      ] GC(303) - age  12:        408 bytes,     111928 total
[2024-05-07T20:19:01.059+0000][7][gc,age      ] GC(303) - age  14:       2560 bytes,     114488 total
[2024-05-07T20:19:01.059+0000][7][gc,phases   ] GC(303)   Pre Evacuate Collection Set: 0.1ms
[2024-05-07T20:19:01.059+0000][7][gc,phases   ] GC(303)   Merge Heap Roots: 0.1ms
[2024-05-07T20:19:01.059+0000][7][gc,phases   ] GC(303)   Evacuate Collection Set: 1.8ms
[2024-05-07T20:19:01.059+0000][7][gc,phases   ] GC(303)   Post Evacuate Collection Set: 0.5ms
[2024-05-07T20:19:01.059+0000][7][gc,phases   ] GC(303)   Other: 0.4ms
[2024-05-07T20:19:01.059+0000][7][gc,heap     ] GC(303) Eden regions: 152->0(152)
[2024-05-07T20:19:01.059+0000][7][gc,heap     ] GC(303) Survivor regions: 1->1(20)
[2024-05-07T20:19:01.059+0000][7][gc,heap     ] GC(303) Old regions: 21->21
[2024-05-07T20:19:01.059+0000][7][gc,heap     ] GC(303) Archive regions: 2->2
[2024-05-07T20:19:01.059+0000][7][gc,heap     ] GC(303) Humongous regions: 2->2
[2024-05-07T20:19:01.059+0000][7][gc,metaspace] GC(303) Metaspace: 103870K(108368K)->103870K(108368K) NonClass: 90509K(93776K)->90509K(93776K) Class: 13361K(14592K)->13361K(14592K)
[2024-05-07T20:19:01.059+0000][7][gc          ] GC(303) Pause Young (Normal) (G1 Evacuation Pause) 703M->95M(1024M) 3.088ms
[2024-05-07T20:19:01.059+0000][7][gc,cpu      ] GC(303) User=0.01s Sys=0.00s Real=0.01s
[2024-05-07T20:19:01.059+0000][7][safepoint   ] Safepoint "G1CollectForAllocation", Time since last: 1366789157332 ns, Reaching safepoint: 88130 ns, At safepoint: 3191412 ns, Total: 3279542 ns
[2024-05-08T00:53:11.065+0000][7][safepoint   ] Safepoint "Cleanup", Time since last: 16450006011495 ns, Reaching safepoint: 94421 ns, At safepoint: 3434 ns, Total: 97855 ns
[2024-05-08T02:55:03.222+0000][7][gc,start    ] GC(304) Pause Young (Normal) (G1 Evacuation Pause)
[2024-05-08T02:55:03.222+0000][7][gc,task     ] GC(304) Using 13 workers of 13 for evacuation
[2024-05-08T02:55:03.222+0000][7][gc,age      ] GC(304) Desired survivor size 41943040 bytes, new threshold 15 (max threshold 15)
[2024-05-08T02:55:03.224+0000][7][gc,age      ] GC(304) Age table with threshold 15 (max threshold 15)
[2024-05-08T02:55:03.224+0000][7][gc,age      ] GC(304) - age   1:     154144 bytes,     154144 total
[2024-05-08T02:55:03.224+0000][7][gc,age      ] GC(304) - age   2:        688 bytes,     154832 total
[2024-05-08T02:55:03.224+0000][7][gc,age      ] GC(304) - age   3:       1096 bytes,     155928 total
[2024-05-08T02:55:03.224+0000][7][gc,age      ] GC(304) - age   4:      19528 bytes,     175456 total
[2024-05-08T02:55:03.224+0000][7][gc,age      ] GC(304) - age   5:        120 bytes,     175576 total
[2024-05-08T02:55:03.224+0000][7][gc,age      ] GC(304) - age   6:        352 bytes,     175928 total
[2024-05-08T02:55:03.224+0000][7][gc,age      ] GC(304) - age   7:       1344 bytes,     177272 total
[2024-05-08T02:55:03.224+0000][7][gc,age      ] GC(304) - age   8:        224 bytes,     177496 total
[2024-05-08T02:55:03.224+0000][7][gc,age      ] GC(304) - age  10:      19992 bytes,     197488 total
[2024-05-08T02:55:03.224+0000][7][gc,age      ] GC(304) - age  11:      19128 bytes,     216616 total
[2024-05-08T02:55:03.224+0000][7][gc,age      ] GC(304) - age  12:      16776 bytes,     233392 total
[2024-05-08T02:55:03.224+0000][7][gc,age      ] GC(304) - age  13:        408 bytes,     233800 total
[2024-05-08T02:55:03.224+0000][7][gc,age      ] GC(304) - age  15:       2560 bytes,     236360 total
[2024-05-08T02:55:03.224+0000][7][gc,phases   ] GC(304)   Pre Evacuate Collection Set: 0.2ms
[2024-05-08T02:55:03.224+0000][7][gc,phases   ] GC(304)   Merge Heap Roots: 0.1ms
[2024-05-08T02:55:03.224+0000][7][gc,phases   ] GC(304)   Evacuate Collection Set: 1.0ms
[2024-05-08T02:55:03.224+0000][7][gc,phases   ] GC(304)   Post Evacuate Collection Set: 0.5ms
[2024-05-08T02:55:03.224+0000][7][gc,phases   ] GC(304)   Other: 0.5ms
[2024-05-08T02:55:03.224+0000][7][gc,heap     ] GC(304) Eden regions: 152->0(152)
[2024-05-08T02:55:03.224+0000][7][gc,heap     ] GC(304) Survivor regions: 1->1(20)
[2024-05-08T02:55:03.224+0000][7][gc,heap     ] GC(304) Old regions: 21->21
[2024-05-08T02:55:03.224+0000][7][gc,heap     ] GC(304) Archive regions: 2->2
[2024-05-08T02:55:03.224+0000][7][gc,heap     ] GC(304) Humongous regions: 2->2
[2024-05-08T02:55:03.224+0000][7][gc,metaspace] GC(304) Metaspace: 103870K(108368K)->103870K(108368K) NonClass: 90509K(93776K)->90509K(93776K) Class: 13361K(14592K)->13361K(14592K)
[2024-05-08T02:55:03.224+0000][7][gc          ] GC(304) Pause Young (Normal) (G1 Evacuation Pause) 703M->95M(1024M) 2.389ms
[2024-05-08T02:55:03.224+0000][7][gc,cpu      ] GC(304) User=0.01s Sys=0.00s Real=0.00s
[2024-05-08T02:55:03.224+0000][7][safepoint   ] Safepoint "G1CollectForAllocation", Time since last: 7312156079594 ns, Reaching safepoint: 122209 ns, At safepoint: 2484375 ns, Total: 2606584 ns
[2024-05-08T06:03:57.917+0000][7][safepoint   ] Safepoint "Cleanup", Time since last: 11334693321937 ns, Reaching safepoint: 89828 ns, At safepoint: 3676 ns, Total: 93504 ns
[2024-05-08T09:05:57.588+0000][7][safepoint   ] Safepoint "Cleanup", Time since last: 10919670514246 ns, Reaching safepoint: 95134 ns, At safepoint: 2961 ns, Total: 98095 ns
[2024-05-08T09:06:31.590+0000][7][safepoint   ] Safepoint "Cleanup", Time since last: 34002204490 ns, Reaching safepoint: 84941 ns, At safepoint: 4162 ns, Total: 89103 ns
[2024-05-08T09:17:42.293+0000][7][gc,start    ] GC(305) Pause Young (Normal) (G1 Evacuation Pause)
[2024-05-08T09:17:42.294+0000][7][gc,task     ] GC(305) Using 13 workers of 13 for evacuation
[2024-05-08T09:17:42.294+0000][7][gc,age      ] GC(305) Desired survivor size 41943040 bytes, new threshold 15 (max threshold 15)
[2024-05-08T09:17:42.296+0000][7][gc,age      ] GC(305) Age table with threshold 15 (max threshold 15)
[2024-05-08T09:17:42.296+0000][7][gc,age      ] GC(305) - age   1:     420512 bytes,     420512 total
[2024-05-08T09:17:42.296+0000][7][gc,age      ] GC(305) - age   2:      91808 bytes,     512320 total
[2024-05-08T09:17:42.296+0000][7][gc,age      ] GC(305) - age   3:        392 bytes,     512712 total
[2024-05-08T09:17:42.296+0000][7][gc,age      ] GC(305) - age   4:        272 bytes,     512984 total
[2024-05-08T09:17:42.296+0000][7][gc,age      ] GC(305) - age   5:       2216 bytes,     515200 total
[2024-05-08T09:17:42.296+0000][7][gc,age      ] GC(305) - age   6:        120 bytes,     515320 total
[2024-05-08T09:17:42.296+0000][7][gc,age      ] GC(305) - age   8:       1344 bytes,     516664 total
[2024-05-08T09:17:42.296+0000][7][gc,age      ] GC(305) - age   9:         64 bytes,     516728 total
[2024-05-08T09:17:42.296+0000][7][gc,age      ] GC(305) - age  11:      19992 bytes,     536720 total
[2024-05-08T09:17:42.296+0000][7][gc,age      ] GC(305) - age  12:      18848 bytes,     555568 total
[2024-05-08T09:17:42.296+0000][7][gc,age      ] GC(305) - age  13:        624 bytes,     556192 total
[2024-05-08T09:17:42.296+0000][7][gc,age      ] GC(305) - age  14:        408 bytes,     556600 total
[2024-05-08T09:17:42.296+0000][7][gc,phases   ] GC(305)   Pre Evacuate Collection Set: 0.2ms
[2024-05-08T09:17:42.296+0000][7][gc,phases   ] GC(305)   Merge Heap Roots: 0.1ms
[2024-05-08T09:17:42.296+0000][7][gc,phases   ] GC(305)   Evacuate Collection Set: 1.1ms
[2024-05-08T09:17:42.296+0000][7][gc,phases   ] GC(305)   Post Evacuate Collection Set: 0.6ms
[2024-05-08T09:17:42.296+0000][7][gc,phases   ] GC(305)   Other: 0.5ms
[2024-05-08T09:17:42.296+0000][7][gc,heap     ] GC(305) Eden regions: 152->0(152)
[2024-05-08T09:17:42.296+0000][7][gc,heap     ] GC(305) Survivor regions: 1->1(20)
[2024-05-08T09:17:42.296+0000][7][gc,heap     ] GC(305) Old regions: 21->21
[2024-05-08T09:17:42.296+0000][7][gc,heap     ] GC(305) Archive regions: 2->2
[2024-05-08T09:17:42.296+0000][7][gc,heap     ] GC(305) Humongous regions: 2->2
[2024-05-08T09:17:42.296+0000][7][gc,metaspace] GC(305) Metaspace: 103870K(108368K)->103870K(108368K) NonClass: 90509K(93776K)->90509K(93776K) Class: 13361K(14592K)->13361K(14592K)
[2024-05-08T09:17:42.296+0000][7][gc          ] GC(305) Pause Young (Normal) (G1 Evacuation Pause) 703M->95M(1024M) 2.562ms
[2024-05-08T09:17:42.296+0000][7][gc,cpu      ] GC(305) User=0.01s Sys=0.00s Real=0.00s
[2024-05-08T09:17:42.296+0000][7][safepoint   ] Safepoint "G1CollectForAllocation", Time since last: 670702954811 ns, Reaching safepoint: 100906 ns, At safepoint: 2653043 ns, Total: 2753949 ns
