[2024-02-16T17:26:48.688+0000][6][gc] Using G1
[2024-02-16T17:26:49.115+0000][6][gc,init] Version: 15.0.1+9 (release)
[2024-02-16T17:26:49.115+0000][6][gc,init] CPUs: 16 total, 16 available
[2024-02-16T17:26:49.115+0000][6][gc,init] Memory: 63240M
[2024-02-16T17:26:49.115+0000][6][gc,init] Large Page Support: Disabled
[2024-02-16T17:26:49.115+0000][6][gc,init] NUMA Support: Disabled
[2024-02-16T17:26:49.115+0000][6][gc,init] Compressed Oops: Enabled (32-bit)
[2024-02-16T17:26:49.115+0000][6][gc,init] Heap Region Size: 4M
[2024-02-16T17:26:49.115+0000][6][gc,init] Heap Min Capacity: 1G
[2024-02-16T17:26:49.115+0000][6][gc,init] Heap Initial Capacity: 1G
[2024-02-16T17:26:49.115+0000][6][gc,init] Heap Max Capacity: 1G
[2024-02-16T17:26:49.115+0000][6][gc,init] Pre-touch: Enabled
[2024-02-16T17:26:49.115+0000][6][gc,init] Parallel Workers: 13
[2024-02-16T17:26:49.115+0000][6][gc,init] Concurrent Workers: 3
[2024-02-16T17:26:49.115+0000][6][gc,init] Concurrent Refinement Workers: 13
[2024-02-16T17:26:49.115+0000][6][gc,init] Periodic GC: Disabled
[2024-02-16T17:26:49.115+0000][6][gc,cds ] Mark closed archive regions in map: [0x00000000ffc00000, 0x00000000ffc7bff8]
[2024-02-16T17:26:49.115+0000][6][gc,cds ] Mark open archive regions in map: [0x00000000ffb00000, 0x00000000ffb51ff8]
[2024-02-16T17:26:49.115+0000][6][gc,metaspace] CDS archive(s) mapped at: [0x0000000800000000-0x0000000800b2a000-0x0000000800b2a000), size 11706368, SharedBaseAddress: 0x0000000800000000, ArchiveRelocationMode: 0.
[2024-02-16T17:26:49.115+0000][6][gc,metaspace] Compressed class space mapped at: 0x0000000800b2c000-0x0000000840b2c000, size: 1073741824
[2024-02-16T17:26:49.115+0000][6][gc,metaspace] Narrow klass base: 0x0000000800000000, Narrow klass shift: 3, Narrow klass range: 0x100000000
[2024-02-16T17:26:49.360+0000][6][safepoint   ] Safepoint "ICBufferFull", Time since last: 236538082 ns, Reaching safepoint: 100180 ns, At safepoint: 4873 ns, Total: 105053 ns
[2024-02-16T17:26:49.563+0000][6][safepoint   ] Safepoint "ICBufferFull", Time since last: 202556809 ns, Reaching safepoint: 95755 ns, At safepoint: 9423 ns, Total: 105178 ns
[2024-02-16T17:26:49.968+0000][6][gc,start    ] GC(0) Pause Young (Normal) (G1 Evacuation Pause)
[2024-02-16T17:26:49.969+0000][6][gc,task     ] GC(0) Using 13 workers of 13 for evacuation
[2024-02-16T17:26:49.969+0000][6][gc,age      ] GC(0) Desired survivor size 4194304 bytes, new threshold 15 (max threshold 15)
[2024-02-16T17:26:49.972+0000][6][gc,age      ] GC(0) Age table with threshold 15 (max threshold 15)
[2024-02-16T17:26:49.972+0000][6][gc,age      ] GC(0) - age   1:    6213312 bytes,    6213312 total
[2024-02-16T17:26:49.972+0000][6][gc,phases   ] GC(0)   Pre Evacuate Collection Set: 0.1ms
[2024-02-16T17:26:49.972+0000][6][gc,phases   ] GC(0)   Merge Heap Roots: 0.0ms
[2024-02-16T17:26:49.972+0000][6][gc,phases   ] GC(0)   Evacuate Collection Set: 2.4ms
[2024-02-16T17:26:49.972+0000][6][gc,phases   ] GC(0)   Post Evacuate Collection Set: 0.3ms
[2024-02-16T17:26:49.972+0000][6][gc,phases   ] GC(0)   Other: 1.0ms
[2024-02-16T17:26:49.972+0000][6][gc,heap     ] GC(0) Eden regions: 12->0(11)
[2024-02-16T17:26:49.972+0000][6][gc,heap     ] GC(0) Survivor regions: 0->2(2)
[2024-02-16T17:26:49.972+0000][6][gc,heap     ] GC(0) Old regions: 0->0
[2024-02-16T17:26:49.972+0000][6][gc,heap     ] GC(0) Archive regions: 2->2
[2024-02-16T17:26:49.972+0000][6][gc,heap     ] GC(0) Humongous regions: 0->0
[2024-02-16T17:26:49.972+0000][6][gc,metaspace] GC(0) Metaspace: 12175K(12544K)->12175K(12544K) NonClass: 10738K(11008K)->10738K(11008K) Class: 1437K(1536K)->1437K(1536K)
[2024-02-16T17:26:49.972+0000][6][gc          ] GC(0) Pause Young (Normal) (G1 Evacuation Pause) 51M->9M(1024M) 4.009ms
[2024-02-16T17:26:49.972+0000][6][gc,cpu      ] GC(0) User=0.03s Sys=0.01s Real=0.00s
[2024-02-16T17:26:49.972+0000][6][safepoint   ] Safepoint "G1CollectForAllocation", Time since last: 404801846 ns, Reaching safepoint: 103313 ns, At safepoint: 4089798 ns, Total: 4193111 ns
[2024-02-16T17:26:50.388+0000][6][safepoint   ] Safepoint "ICBufferFull", Time since last: 416451943 ns, Reaching safepoint: 159529 ns, At safepoint: 5494 ns, Total: 165023 ns
[2024-02-16T17:26:50.478+0000][6][gc,start    ] GC(1) Pause Young (Normal) (G1 Evacuation Pause)
[2024-02-16T17:26:50.478+0000][6][gc,task     ] GC(1) Using 13 workers of 13 for evacuation
[2024-02-16T17:26:50.478+0000][6][gc,age      ] GC(1) Desired survivor size 4194304 bytes, new threshold 1 (max threshold 15)
[2024-02-16T17:26:50.481+0000][6][gc,age      ] GC(1) Age table with threshold 1 (max threshold 15)
[2024-02-16T17:26:50.481+0000][6][gc,age      ] GC(1) - age   1:    1200520 bytes,    1200520 total
[2024-02-16T17:26:50.481+0000][6][gc,phases   ] GC(1)   Pre Evacuate Collection Set: 0.1ms
[2024-02-16T17:26:50.481+0000][6][gc,phases   ] GC(1)   Merge Heap Roots: 0.0ms
[2024-02-16T17:26:50.481+0000][6][gc,phases   ] GC(1)   Evacuate Collection Set: 2.7ms
[2024-02-16T17:26:50.481+0000][6][gc,phases   ] GC(1)   Post Evacuate Collection Set: 0.4ms
[2024-02-16T17:26:50.481+0000][6][gc,phases   ] GC(1)   Other: 0.2ms
[2024-02-16T17:26:50.481+0000][6][gc,heap     ] GC(1) Eden regions: 11->0(22)
[2024-02-16T17:26:50.481+0000][6][gc,heap     ] GC(1) Survivor regions: 2->1(2)
[2024-02-16T17:26:50.481+0000][6][gc,heap     ] GC(1) Old regions: 0->2
[2024-02-16T17:26:50.481+0000][6][gc,heap     ] GC(1) Archive regions: 2->2
[2024-02-16T17:26:50.481+0000][6][gc,heap     ] GC(1) Humongous regions: 0->0
[2024-02-16T17:26:50.481+0000][6][gc,metaspace] GC(1) Metaspace: 14822K(15360K)->14822K(15360K) NonClass: 13137K(13568K)->13137K(13568K) Class: 1685K(1792K)->1685K(1792K)
[2024-02-16T17:26:50.481+0000][6][gc          ] GC(1) Pause Young (Normal) (G1 Evacuation Pause) 53M->11M(1024M) 3.621ms
[2024-02-16T17:26:50.481+0000][6][gc,cpu      ] GC(1) User=0.03s Sys=0.00s Real=0.00s
[2024-02-16T17:26:50.481+0000][6][safepoint   ] Safepoint "G1CollectForAllocation", Time since last: 89174177 ns, Reaching safepoint: 75247 ns, At safepoint: 3686127 ns, Total: 3761374 ns
[2024-02-16T17:26:50.567+0000][6][safepoint   ] Safepoint "ICBufferFull", Time since last: 85683833 ns, Reaching safepoint: 121244 ns, At safepoint: 4132 ns, Total: 125376 ns
[2024-02-16T17:26:50.571+0000][6][safepoint   ] Safepoint "ICBufferFull", Time since last: 3443635 ns, Reaching safepoint: 105991 ns, At safepoint: 4789 ns, Total: 110780 ns
[2024-02-16T17:26:50.573+0000][6][safepoint   ] Safepoint "ICBufferFull", Time since last: 2250435 ns, Reaching safepoint: 41465 ns, At safepoint: 5453 ns, Total: 46918 ns
[2024-02-16T17:26:50.575+0000][6][safepoint   ] Safepoint "ICBufferFull", Time since last: 2080782 ns, Reaching safepoint: 33700 ns, At safepoint: 3257 ns, Total: 36957 ns
[2024-02-16T17:26:50.578+0000][6][safepoint   ] Safepoint "ICBufferFull", Time since last: 3092195 ns, Reaching safepoint: 36798 ns, At safepoint: 3705 ns, Total: 40503 ns
[2024-02-16T17:26:50.580+0000][6][safepoint   ] Safepoint "ICBufferFull", Time since last: 1986334 ns, Reaching safepoint: 33609 ns, At safepoint: 2869 ns, Total: 36478 ns
[2024-02-16T17:26:50.582+0000][6][safepoint   ] Safepoint "ICBufferFull", Time since last: 1740687 ns, Reaching safepoint: 35039 ns, At safepoint: 2935 ns, Total: 37974 ns
[2024-02-16T17:26:50.584+0000][6][safepoint   ] Safepoint "ICBufferFull", Time since last: 2055499 ns, Reaching safepoint: 31950 ns, At safepoint: 3111 ns, Total: 35061 ns
[2024-02-16T17:26:50.586+0000][6][safepoint   ] Safepoint "ICBufferFull", Time since last: 2189875 ns, Reaching safepoint: 31453 ns, At safepoint: 2854 ns, Total: 34307 ns
[2024-02-16T17:26:50.589+0000][6][safepoint   ] Safepoint "ICBufferFull", Time since last: 2357170 ns, Reaching safepoint: 30679 ns, At safepoint: 2869 ns, Total: 33548 ns
[2024-02-16T17:26:50.591+0000][6][safepoint   ] Safepoint "ICBufferFull", Time since last: 2265778 ns, Reaching safepoint: 31058 ns, At safepoint: 2873 ns, Total: 33931 ns
[2024-02-16T17:26:50.594+0000][6][safepoint   ] Safepoint "ICBufferFull", Time since last: 2393327 ns, Reaching safepoint: 36159 ns, At safepoint: 2851 ns, Total: 39010 ns
[2024-02-16T17:26:50.596+0000][6][safepoint   ] Safepoint "ICBufferFull", Time since last: 2077427 ns, Reaching safepoint: 34599 ns, At safepoint: 4063 ns, Total: 38662 ns
[2024-02-16T17:26:50.599+0000][6][safepoint   ] Safepoint "ICBufferFull", Time since last: 3336284 ns, Reaching safepoint: 33085 ns, At safepoint: 3204 ns, Total: 36289 ns
[2024-02-16T17:26:50.601+0000][6][safepoint   ] Safepoint "ICBufferFull", Time since last: 2217616 ns, Reaching safepoint: 46759 ns, At safepoint: 2933 ns, Total: 49692 ns
[2024-02-16T17:26:50.683+0000][6][gc,start    ] GC(2) Pause Young (Normal) (G1 Evacuation Pause)
[2024-02-16T17:26:50.683+0000][6][gc,task     ] GC(2) Using 13 workers of 13 for evacuation
[2024-02-16T17:26:50.683+0000][6][gc,age      ] GC(2) Desired survivor size 6291456 bytes, new threshold 15 (max threshold 15)
[2024-02-16T17:26:50.685+0000][6][gc,age      ] GC(2) Age table with threshold 15 (max threshold 15)
[2024-02-16T17:26:50.685+0000][6][gc,age      ] GC(2) - age   1:    4019776 bytes,    4019776 total
[2024-02-16T17:26:50.685+0000][6][gc,age      ] GC(2) - age   2:    1173032 bytes,    5192808 total
[2024-02-16T17:26:50.685+0000][6][gc,phases   ] GC(2)   Pre Evacuate Collection Set: 0.1ms
[2024-02-16T17:26:50.685+0000][6][gc,phases   ] GC(2)   Merge Heap Roots: 0.1ms
[2024-02-16T17:26:50.685+0000][6][gc,phases   ] GC(2)   Evacuate Collection Set: 1.7ms
[2024-02-16T17:26:50.685+0000][6][gc,phases   ] GC(2)   Post Evacuate Collection Set: 0.3ms
[2024-02-16T17:26:50.685+0000][6][gc,phases   ] GC(2)   Other: 0.2ms
[2024-02-16T17:26:50.685+0000][6][gc,heap     ] GC(2) Eden regions: 22->0(151)
[2024-02-16T17:26:50.685+0000][6][gc,heap     ] GC(2) Survivor regions: 1->2(3)
[2024-02-16T17:26:50.685+0000][6][gc,heap     ] GC(2) Old regions: 2->2
[2024-02-16T17:26:50.686+0000][6][gc,heap     ] GC(2) Archive regions: 2->2
[2024-02-16T17:26:50.686+0000][6][gc,heap     ] GC(2) Humongous regions: 0->0
[2024-02-16T17:26:50.686+0000][6][gc,metaspace] GC(2) Metaspace: 16604K(17152K)->16604K(17152K) NonClass: 14652K(15104K)->14652K(15104K) Class: 1952K(2048K)->1952K(2048K)
[2024-02-16T17:26:50.686+0000][6][gc          ] GC(2) Pause Young (Normal) (G1 Evacuation Pause) 99M->14M(1024M) 2.465ms
[2024-02-16T17:26:50.686+0000][6][gc,cpu      ] GC(2) User=0.02s Sys=0.00s Real=0.00s
[2024-02-16T17:26:50.686+0000][6][safepoint   ] Safepoint "G1CollectForAllocation", Time since last: 81701878 ns, Reaching safepoint: 59383 ns, At safepoint: 2527283 ns, Total: 2586666 ns
[2024-02-16T17:26:51.012+0000][6][safepoint   ] Safepoint "ICBufferFull", Time since last: 326368759 ns, Reaching safepoint: 143863 ns, At safepoint: 4614 ns, Total: 148477 ns
[2024-02-16T17:26:51.309+0000][6][gc,start    ] GC(3) Pause Young (Normal) (G1 Evacuation Pause)
[2024-02-16T17:26:51.309+0000][6][gc,task     ] GC(3) Using 13 workers of 13 for evacuation
[2024-02-16T17:26:51.309+0000][6][gc,age      ] GC(3) Desired survivor size 41943040 bytes, new threshold 15 (max threshold 15)
[2024-02-16T17:26:51.311+0000][6][gc,age      ] GC(3) Age table with threshold 15 (max threshold 15)
[2024-02-16T17:26:51.311+0000][6][gc,age      ] GC(3) - age   1:    6293640 bytes,    6293640 total
[2024-02-16T17:26:51.311+0000][6][gc,age      ] GC(3) - age   2:    1465120 bytes,    7758760 total
[2024-02-16T17:26:51.311+0000][6][gc,age      ] GC(3) - age   3:    1172832 bytes,    8931592 total
[2024-02-16T17:26:51.311+0000][6][gc,phases   ] GC(3)   Pre Evacuate Collection Set: 0.1ms
[2024-02-16T17:26:51.311+0000][6][gc,phases   ] GC(3)   Merge Heap Roots: 0.1ms
[2024-02-16T17:26:51.311+0000][6][gc,phases   ] GC(3)   Evacuate Collection Set: 1.7ms
[2024-02-16T17:26:51.311+0000][6][gc,phases   ] GC(3)   Post Evacuate Collection Set: 0.5ms
[2024-02-16T17:26:51.311+0000][6][gc,phases   ] GC(3)   Other: 0.3ms
[2024-02-16T17:26:51.311+0000][6][gc,heap     ] GC(3) Eden regions: 151->0(150)
[2024-02-16T17:26:51.311+0000][6][gc,heap     ] GC(3) Survivor regions: 2->3(20)
[2024-02-16T17:26:51.311+0000][6][gc,heap     ] GC(3) Old regions: 2->2
[2024-02-16T17:26:51.311+0000][6][gc,heap     ] GC(3) Archive regions: 2->2
[2024-02-16T17:26:51.311+0000][6][gc,heap     ] GC(3) Humongous regions: 0->0
[2024-02-16T17:26:51.311+0000][6][gc,metaspace] GC(3) Metaspace: 19298K(20224K)->19298K(20224K) NonClass: 17003K(17664K)->17003K(17664K) Class: 2295K(2560K)->2295K(2560K)
[2024-02-16T17:26:51.311+0000][6][gc          ] GC(3) Pause Young (Normal) (G1 Evacuation Pause) 618M->18M(1024M) 2.777ms
[2024-02-16T17:26:51.311+0000][6][gc,cpu      ] GC(3) User=0.02s Sys=0.00s Real=0.00s
[2024-02-16T17:26:51.311+0000][6][safepoint   ] Safepoint "G1CollectForAllocation", Time since last: 296441276 ns, Reaching safepoint: 70335 ns, At safepoint: 2834188 ns, Total: 2904523 ns
[2024-02-16T17:26:51.762+0000][6][gc,start    ] GC(4) Pause Young (Normal) (G1 Evacuation Pause)
[2024-02-16T17:26:51.762+0000][6][gc,task     ] GC(4) Using 13 workers of 13 for evacuation
[2024-02-16T17:26:51.762+0000][6][gc,age      ] GC(4) Desired survivor size 41943040 bytes, new threshold 15 (max threshold 15)
[2024-02-16T17:26:51.766+0000][6][gc,age      ] GC(4) Age table with threshold 15 (max threshold 15)
[2024-02-16T17:26:51.766+0000][6][gc,age      ] GC(4) - age   1:    3042072 bytes,    3042072 total
[2024-02-16T17:26:51.766+0000][6][gc,age      ] GC(4) - age   2:    6005312 bytes,    9047384 total
[2024-02-16T17:26:51.766+0000][6][gc,age      ] GC(4) - age   3:    1465120 bytes,   10512504 total
[2024-02-16T17:26:51.766+0000][6][gc,age      ] GC(4) - age   4:    1172656 bytes,   11685160 total
[2024-02-16T17:26:51.766+0000][6][gc,phases   ] GC(4)   Pre Evacuate Collection Set: 0.1ms
[2024-02-16T17:26:51.766+0000][6][gc,phases   ] GC(4)   Merge Heap Roots: 0.1ms
[2024-02-16T17:26:51.766+0000][6][gc,phases   ] GC(4)   Evacuate Collection Set: 3.1ms
[2024-02-16T17:26:51.766+0000][6][gc,phases   ] GC(4)   Post Evacuate Collection Set: 0.5ms
[2024-02-16T17:26:51.767+0000][6][gc,phases   ] GC(4)   Other: 0.3ms
[2024-02-16T17:26:51.767+0000][6][gc,heap     ] GC(4) Eden regions: 150->0(150)
[2024-02-16T17:26:51.767+0000][6][gc,heap     ] GC(4) Survivor regions: 3->3(20)
[2024-02-16T17:26:51.767+0000][6][gc,heap     ] GC(4) Old regions: 2->2
[2024-02-16T17:26:51.767+0000][6][gc,heap     ] GC(4) Archive regions: 2->2
[2024-02-16T17:26:51.767+0000][6][gc,heap     ] GC(4) Humongous regions: 0->0
[2024-02-16T17:26:51.767+0000][6][gc,metaspace] GC(4) Metaspace: 19974K(21120K)->19974K(21120K) NonClass: 17557K(18432K)->17557K(18432K) Class: 2417K(2688K)->2417K(2688K)
[2024-02-16T17:26:51.767+0000][6][gc          ] GC(4) Pause Young (Normal) (G1 Evacuation Pause) 618M->21M(1024M) 4.230ms
[2024-02-16T17:26:51.767+0000][6][gc,cpu      ] GC(4) User=0.02s Sys=0.00s Real=0.01s
[2024-02-16T17:26:51.767+0000][6][safepoint   ] Safepoint "G1CollectForAllocation", Time since last: 450827164 ns, Reaching safepoint: 67748 ns, At safepoint: 4292982 ns, Total: 4360730 ns
[2024-02-16T17:26:51.998+0000][6][gc,start    ] GC(5) Pause Young (Concurrent Start) (Metadata GC Threshold)
[2024-02-16T17:26:51.998+0000][6][gc,task     ] GC(5) Using 13 workers of 13 for evacuation
[2024-02-16T17:26:51.998+0000][6][gc,age      ] GC(5) Desired survivor size 41943040 bytes, new threshold 15 (max threshold 15)
[2024-02-16T17:26:52.001+0000][6][gc,age      ] GC(5) Age table with threshold 15 (max threshold 15)
[2024-02-16T17:26:52.001+0000][6][gc,age      ] GC(5) - age   1:     873960 bytes,     873960 total
[2024-02-16T17:26:52.001+0000][6][gc,age      ] GC(5) - age   2:    2484568 bytes,    3358528 total
[2024-02-16T17:26:52.001+0000][6][gc,age      ] GC(5) - age   3:    6004928 bytes,    9363456 total
[2024-02-16T17:26:52.001+0000][6][gc,age      ] GC(5) - age   4:    1465120 bytes,   10828576 total
[2024-02-16T17:26:52.001+0000][6][gc,age      ] GC(5) - age   5:    1172656 bytes,   12001232 total
[2024-02-16T17:26:52.001+0000][6][gc,phases   ] GC(5)   Pre Evacuate Collection Set: 0.1ms
[2024-02-16T17:26:52.001+0000][6][gc,phases   ] GC(5)   Merge Heap Roots: 0.1ms
[2024-02-16T17:26:52.001+0000][6][gc,phases   ] GC(5)   Evacuate Collection Set: 2.7ms
[2024-02-16T17:26:52.001+0000][6][gc,phases   ] GC(5)   Post Evacuate Collection Set: 0.4ms
[2024-02-16T17:26:52.001+0000][6][gc,phases   ] GC(5)   Other: 0.3ms
[2024-02-16T17:26:52.001+0000][6][gc,heap     ] GC(5) Eden regions: 85->0(149)
[2024-02-16T17:26:52.001+0000][6][gc,heap     ] GC(5) Survivor regions: 3->4(20)
[2024-02-16T17:26:52.002+0000][6][gc,heap     ] GC(5) Old regions: 2->2
[2024-02-16T17:26:52.002+0000][6][gc,heap     ] GC(5) Archive regions: 2->2
[2024-02-16T17:26:52.002+0000][6][gc,heap     ] GC(5) Humongous regions: 0->0
[2024-02-16T17:26:52.002+0000][6][gc,metaspace] GC(5) Metaspace: 20141K(21296K)->20141K(21296K) NonClass: 17698K(18608K)->17698K(18608K) Class: 2443K(2688K)->2443K(2688K)
[2024-02-16T17:26:52.002+0000][6][gc          ] GC(5) Pause Young (Concurrent Start) (Metadata GC Threshold) 361M->22M(1024M) 3.738ms
[2024-02-16T17:26:52.002+0000][6][gc,cpu      ] GC(5) User=0.02s Sys=0.00s Real=0.00s
[2024-02-16T17:26:52.002+0000][6][safepoint   ] Safepoint "CollectForMetadataAllocation", Time since last: 231070641 ns, Reaching safepoint: 82664 ns, At safepoint: 3885634 ns, Total: 3968298 ns
[2024-02-16T17:26:52.002+0000][6][gc          ] GC(6) Concurrent Cycle
[2024-02-16T17:26:52.002+0000][6][gc,marking  ] GC(6) Concurrent Clear Claimed Marks
[2024-02-16T17:26:52.002+0000][6][gc,marking  ] GC(6) Concurrent Clear Claimed Marks 0.025ms
[2024-02-16T17:26:52.002+0000][6][gc,marking  ] GC(6) Concurrent Scan Root Regions
[2024-02-16T17:26:52.004+0000][6][gc,marking  ] GC(6) Concurrent Scan Root Regions 2.348ms
[2024-02-16T17:26:52.004+0000][6][gc,marking  ] GC(6) Concurrent Mark (3.322s)
[2024-02-16T17:26:52.004+0000][6][gc,marking  ] GC(6) Concurrent Mark From Roots
[2024-02-16T17:26:52.004+0000][6][gc,task     ] GC(6) Using 3 workers of 3 for marking
[2024-02-16T17:26:52.007+0000][6][gc,marking  ] GC(6) Concurrent Mark From Roots 3.260ms
[2024-02-16T17:26:52.007+0000][6][gc,marking  ] GC(6) Concurrent Preclean
[2024-02-16T17:26:52.008+0000][6][gc,marking  ] GC(6) Concurrent Preclean 0.205ms
[2024-02-16T17:26:52.008+0000][6][gc,marking  ] GC(6) Concurrent Mark (3.322s, 3.326s) 3.565ms
[2024-02-16T17:26:52.008+0000][6][gc,start    ] GC(6) Pause Remark
[2024-02-16T17:26:52.009+0000][6][gc          ] GC(6) Pause Remark 26M->26M(1024M) 1.294ms
[2024-02-16T17:26:52.009+0000][6][gc,cpu      ] GC(6) User=0.00s Sys=0.00s Real=0.00s
[2024-02-16T17:26:52.009+0000][6][safepoint   ] Safepoint "G1Concurrent", Time since last: 6068482 ns, Reaching safepoint: 358059 ns, At safepoint: 1380117 ns, Total: 1738176 ns
[2024-02-16T17:26:52.009+0000][6][gc,marking  ] GC(6) Concurrent Rebuild Remembered Sets
[2024-02-16T17:26:52.012+0000][6][gc,marking  ] GC(6) Concurrent Rebuild Remembered Sets 2.552ms
[2024-02-16T17:26:52.013+0000][6][gc,start    ] GC(6) Pause Cleanup
[2024-02-16T17:26:52.013+0000][6][gc          ] GC(6) Pause Cleanup 30M->30M(1024M) 0.154ms
[2024-02-16T17:26:52.013+0000][6][gc,cpu      ] GC(6) User=0.00s Sys=0.00s Real=0.00s
[2024-02-16T17:26:52.013+0000][6][safepoint   ] Safepoint "G1Concurrent", Time since last: 2637104 ns, Reaching safepoint: 383442 ns, At safepoint: 229410 ns, Total: 612852 ns
[2024-02-16T17:26:52.013+0000][6][gc,marking  ] GC(6) Concurrent Cleanup for Next Mark
[2024-02-16T17:26:52.014+0000][6][gc,marking  ] GC(6) Concurrent Cleanup for Next Mark 1.046ms
[2024-02-16T17:26:52.014+0000][6][gc          ] GC(6) Concurrent Cycle 12.413ms
[2024-02-16T17:26:52.485+0000][6][safepoint   ] Safepoint "ICBufferFull", Time since last: 471613509 ns, Reaching safepoint: 152406 ns, At safepoint: 4571 ns, Total: 156977 ns
[2024-02-16T17:26:52.723+0000][6][safepoint   ] Safepoint "ICBufferFull", Time since last: 238366007 ns, Reaching safepoint: 201839 ns, At safepoint: 10380 ns, Total: 212219 ns
[2024-02-16T17:26:53.638+0000][6][safepoint   ] Safepoint "ICBufferFull", Time since last: 914315346 ns, Reaching safepoint: 128577 ns, At safepoint: 4925 ns, Total: 133502 ns
[2024-02-16T17:26:53.813+0000][6][safepoint   ] Safepoint "ICBufferFull", Time since last: 175171340 ns, Reaching safepoint: 182492 ns, At safepoint: 5606 ns, Total: 188098 ns
[2024-02-16T17:26:53.988+0000][6][gc,start    ] GC(7) Pause Young (Concurrent Start) (Metadata GC Threshold)
[2024-02-16T17:26:53.988+0000][6][gc,task     ] GC(7) Using 13 workers of 13 for evacuation
[2024-02-16T17:26:53.988+0000][6][gc,age      ] GC(7) Desired survivor size 41943040 bytes, new threshold 15 (max threshold 15)
[2024-02-16T17:26:54.005+0000][6][gc,age      ] GC(7) Age table with threshold 15 (max threshold 15)
[2024-02-16T17:26:54.005+0000][6][gc,age      ] GC(7) - age   1:   38333312 bytes,   38333312 total
[2024-02-16T17:26:54.005+0000][6][gc,age      ] GC(7) - age   2:     826560 bytes,   39159872 total
[2024-02-16T17:26:54.005+0000][6][gc,age      ] GC(7) - age   3:    2454072 bytes,   41613944 total
[2024-02-16T17:26:54.005+0000][6][gc,age      ] GC(7) - age   4:    5964720 bytes,   47578664 total
[2024-02-16T17:26:54.005+0000][6][gc,age      ] GC(7) - age   5:    1422184 bytes,   49000848 total
[2024-02-16T17:26:54.005+0000][6][gc,age      ] GC(7) - age   6:    1139320 bytes,   50140168 total
[2024-02-16T17:26:54.005+0000][6][gc,phases   ] GC(7)   Pre Evacuate Collection Set: 0.2ms
[2024-02-16T17:26:54.005+0000][6][gc,phases   ] GC(7)   Merge Heap Roots: 0.1ms
[2024-02-16T17:26:54.005+0000][6][gc,phases   ] GC(7)   Evacuate Collection Set: 15.2ms
[2024-02-16T17:26:54.005+0000][6][gc,phases   ] GC(7)   Post Evacuate Collection Set: 0.9ms
[2024-02-16T17:26:54.005+0000][6][gc,phases   ] GC(7)   Other: 0.4ms
[2024-02-16T17:26:54.005+0000][6][gc,heap     ] GC(7) Eden regions: 97->0(140)
[2024-02-16T17:26:54.005+0000][6][gc,heap     ] GC(7) Survivor regions: 4->13(20)
[2024-02-16T17:26:54.005+0000][6][gc,heap     ] GC(7) Old regions: 2->2
[2024-02-16T17:26:54.005+0000][6][gc,heap     ] GC(7) Archive regions: 2->2
[2024-02-16T17:26:54.005+0000][6][gc,heap     ] GC(7) Humongous regions: 0->0
[2024-02-16T17:26:54.005+0000][6][gc,metaspace] GC(7) Metaspace: 33752K(35968K)->33752K(35968K) NonClass: 29400K(30976K)->29400K(30976K) Class: 4352K(4992K)->4352K(4992K)
[2024-02-16T17:26:54.005+0000][6][gc          ] GC(7) Pause Young (Concurrent Start) (Metadata GC Threshold) 410M->58M(1024M) 16.861ms
[2024-02-16T17:26:54.005+0000][6][gc,cpu      ] GC(7) User=0.18s Sys=0.00s Real=0.01s
[2024-02-16T17:26:54.005+0000][6][safepoint   ] Safepoint "CollectForMetadataAllocation", Time since last: 175073354 ns, Reaching safepoint: 63731 ns, At safepoint: 17066968 ns, Total: 17130699 ns
[2024-02-16T17:26:54.006+0000][6][gc          ] GC(8) Concurrent Cycle
[2024-02-16T17:26:54.007+0000][6][gc,marking  ] GC(8) Concurrent Clear Claimed Marks
[2024-02-16T17:26:54.007+0000][6][gc,marking  ] GC(8) Concurrent Clear Claimed Marks 0.052ms
[2024-02-16T17:26:54.007+0000][6][gc,marking  ] GC(8) Concurrent Scan Root Regions
[2024-02-16T17:26:54.019+0000][6][gc,marking  ] GC(8) Concurrent Scan Root Regions 11.948ms
[2024-02-16T17:26:54.019+0000][6][gc,marking  ] GC(8) Concurrent Mark (5.337s)
[2024-02-16T17:26:54.019+0000][6][gc,marking  ] GC(8) Concurrent Mark From Roots
[2024-02-16T17:26:54.019+0000][6][gc,task     ] GC(8) Using 3 workers of 3 for marking
[2024-02-16T17:26:54.023+0000][6][gc,marking  ] GC(8) Concurrent Mark From Roots 4.093ms
[2024-02-16T17:26:54.023+0000][6][gc,marking  ] GC(8) Concurrent Preclean
[2024-02-16T17:26:54.024+0000][6][gc,marking  ] GC(8) Concurrent Preclean 0.208ms
[2024-02-16T17:26:54.024+0000][6][gc,marking  ] GC(8) Concurrent Mark (5.337s, 5.341s) 4.413ms
[2024-02-16T17:26:54.024+0000][6][gc,start    ] GC(8) Pause Remark
[2024-02-16T17:26:54.026+0000][6][gc          ] GC(8) Pause Remark 60M->60M(1024M) 1.924ms
[2024-02-16T17:26:54.026+0000][6][gc,cpu      ] GC(8) User=0.02s Sys=0.00s Real=0.00s
[2024-02-16T17:26:54.026+0000][6][safepoint   ] Safepoint "G1Concurrent", Time since last: 18569003 ns, Reaching safepoint: 556494 ns, At safepoint: 2019135 ns, Total: 2575629 ns
[2024-02-16T17:26:54.027+0000][6][gc,marking  ] GC(8) Concurrent Rebuild Remembered Sets
[2024-02-16T17:26:54.029+0000][6][gc,marking  ] GC(8) Concurrent Rebuild Remembered Sets 2.598ms
[2024-02-16T17:26:54.030+0000][6][gc,start    ] GC(8) Pause Cleanup
[2024-02-16T17:26:54.030+0000][6][gc          ] GC(8) Pause Cleanup 60M->60M(1024M) 0.171ms
[2024-02-16T17:26:54.030+0000][6][gc,cpu      ] GC(8) User=0.00s Sys=0.00s Real=0.00s
[2024-02-16T17:26:54.030+0000][6][safepoint   ] Safepoint "G1Concurrent", Time since last: 3064818 ns, Reaching safepoint: 431549 ns, At safepoint: 266829 ns, Total: 698378 ns
[2024-02-16T17:26:54.030+0000][6][gc,marking  ] GC(8) Concurrent Cleanup for Next Mark
[2024-02-16T17:26:54.032+0000][6][gc,marking  ] GC(8) Concurrent Cleanup for Next Mark 1.197ms
[2024-02-16T17:26:54.032+0000][6][gc          ] GC(8) Concurrent Cycle 25.954ms
[2024-02-16T17:26:54.598+0000][6][safepoint   ] Safepoint "ICBufferFull", Time since last: 567569230 ns, Reaching safepoint: 136321 ns, At safepoint: 3044 ns, Total: 139365 ns
[2024-02-16T17:26:55.225+0000][6][safepoint   ] Safepoint "ICBufferFull", Time since last: 626893244 ns, Reaching safepoint: 160139 ns, At safepoint: 22414 ns, Total: 182553 ns
[2024-02-16T17:26:55.417+0000][6][safepoint   ] Safepoint "ICBufferFull", Time since last: 192383280 ns, Reaching safepoint: 167848 ns, At safepoint: 5666 ns, Total: 173514 ns
[2024-02-16T17:26:55.595+0000][6][gc,start    ] GC(9) Pause Young (Concurrent Start) (Metadata GC Threshold)
[2024-02-16T17:26:55.595+0000][6][gc,task     ] GC(9) Using 13 workers of 13 for evacuation
[2024-02-16T17:26:55.595+0000][6][gc,age      ] GC(9) Desired survivor size 41943040 bytes, new threshold 4 (max threshold 15)
[2024-02-16T17:26:55.611+0000][6][gc,age      ] GC(9) Age table with threshold 4 (max threshold 15)
[2024-02-16T17:26:55.611+0000][6][gc,age      ] GC(9) - age   1:    8887224 bytes,    8887224 total
[2024-02-16T17:26:55.611+0000][6][gc,age      ] GC(9) - age   2:   37984872 bytes,   46872096 total
[2024-02-16T17:26:55.611+0000][6][gc,age      ] GC(9) - age   3:     818096 bytes,   47690192 total
[2024-02-16T17:26:55.611+0000][6][gc,age      ] GC(9) - age   4:    2432600 bytes,   50122792 total
[2024-02-16T17:26:55.611+0000][6][gc,phases   ] GC(9)   Pre Evacuate Collection Set: 0.2ms
[2024-02-16T17:26:55.611+0000][6][gc,phases   ] GC(9)   Merge Heap Roots: 0.1ms
[2024-02-16T17:26:55.611+0000][6][gc,phases   ] GC(9)   Evacuate Collection Set: 14.7ms
[2024-02-16T17:26:55.611+0000][6][gc,phases   ] GC(9)   Post Evacuate Collection Set: 1.0ms
[2024-02-16T17:26:55.612+0000][6][gc,phases   ] GC(9)   Other: 0.3ms
[2024-02-16T17:26:55.612+0000][6][gc,heap     ] GC(9) Eden regions: 80->0(140)
[2024-02-16T17:26:55.612+0000][6][gc,heap     ] GC(9) Survivor regions: 13->13(20)
[2024-02-16T17:26:55.612+0000][6][gc,heap     ] GC(9) Old regions: 2->4
[2024-02-16T17:26:55.612+0000][6][gc,heap     ] GC(9) Archive regions: 2->2
[2024-02-16T17:26:55.612+0000][6][gc,heap     ] GC(9) Humongous regions: 0->0
[2024-02-16T17:26:55.612+0000][6][gc,metaspace] GC(9) Metaspace: 56928K(60572K)->56928K(60572K) NonClass: 49478K(52124K)->49478K(52124K) Class: 7450K(8448K)->7450K(8448K)
[2024-02-16T17:26:55.612+0000][6][gc          ] GC(9) Pause Young (Concurrent Start) (Metadata GC Threshold) 376M->69M(1024M) 16.365ms
[2024-02-16T17:26:55.612+0000][6][gc,cpu      ] GC(9) User=0.15s Sys=0.00s Real=0.02s
[2024-02-16T17:26:55.612+0000][6][safepoint   ] Safepoint "CollectForMetadataAllocation", Time since last: 177654014 ns, Reaching safepoint: 195811 ns, At safepoint: 16600947 ns, Total: 16796758 ns
[2024-02-16T17:26:55.612+0000][6][gc          ] GC(10) Concurrent Cycle
[2024-02-16T17:26:55.612+0000][6][gc,marking  ] GC(10) Concurrent Clear Claimed Marks
[2024-02-16T17:26:55.612+0000][6][gc,marking  ] GC(10) Concurrent Clear Claimed Marks 0.065ms
[2024-02-16T17:26:55.612+0000][6][gc,marking  ] GC(10) Concurrent Scan Root Regions
[2024-02-16T17:26:55.622+0000][6][gc,marking  ] GC(10) Concurrent Scan Root Regions 10.497ms
[2024-02-16T17:26:55.622+0000][6][gc,marking  ] GC(10) Concurrent Mark (6.940s)
[2024-02-16T17:26:55.623+0000][6][gc,marking  ] GC(10) Concurrent Mark From Roots
[2024-02-16T17:26:55.623+0000][6][gc,task     ] GC(10) Using 3 workers of 3 for marking
[2024-02-16T17:26:55.626+0000][6][gc,marking  ] GC(10) Concurrent Mark From Roots 3.683ms
[2024-02-16T17:26:55.626+0000][6][gc,marking  ] GC(10) Concurrent Preclean
[2024-02-16T17:26:55.626+0000][6][gc,marking  ] GC(10) Concurrent Preclean 0.195ms
[2024-02-16T17:26:55.626+0000][6][gc,marking  ] GC(10) Concurrent Mark (6.940s, 6.944s) 3.986ms
[2024-02-16T17:26:55.627+0000][6][gc,start    ] GC(10) Pause Remark
[2024-02-16T17:26:55.628+0000][6][gc          ] GC(10) Pause Remark 73M->73M(1024M) 1.467ms
[2024-02-16T17:26:55.628+0000][6][gc,cpu      ] GC(10) User=0.01s Sys=0.00s Real=0.00s
[2024-02-16T17:26:55.628+0000][6][safepoint   ] Safepoint "G1Concurrent", Time since last: 14871015 ns, Reaching safepoint: 117713 ns, At safepoint: 1562865 ns, Total: 1680578 ns
[2024-02-16T17:26:55.628+0000][6][gc,marking  ] GC(10) Concurrent Rebuild Remembered Sets
[2024-02-16T17:26:55.632+0000][6][gc,marking  ] GC(10) Concurrent Rebuild Remembered Sets 3.470ms
[2024-02-16T17:26:55.633+0000][6][gc,start    ] GC(10) Pause Cleanup
[2024-02-16T17:26:55.633+0000][6][gc          ] GC(10) Pause Cleanup 73M->73M(1024M) 0.167ms
[2024-02-16T17:26:55.633+0000][6][gc,cpu      ] GC(10) User=0.00s Sys=0.00s Real=0.00s
[2024-02-16T17:26:55.633+0000][6][safepoint   ] Safepoint "G1Concurrent", Time since last: 3730555 ns, Reaching safepoint: 448653 ns, At safepoint: 278940 ns, Total: 727593 ns
[2024-02-16T17:26:55.633+0000][6][gc,marking  ] GC(10) Concurrent Cleanup for Next Mark
[2024-02-16T17:26:55.634+0000][6][gc,marking  ] GC(10) Concurrent Cleanup for Next Mark 1.098ms
[2024-02-16T17:26:55.634+0000][6][gc          ] GC(10) Concurrent Cycle 22.137ms
[2024-02-16T17:26:56.535+0000][6][safepoint   ] Safepoint "ICBufferFull", Time since last: 901564714 ns, Reaching safepoint: 953012 ns, At safepoint: 10367 ns, Total: 963379 ns
[2024-02-16T17:26:57.052+0000][6][safepoint   ] Safepoint "ICBufferFull", Time since last: 516371445 ns, Reaching safepoint: 173888 ns, At safepoint: 4282 ns, Total: 178170 ns
[2024-02-16T17:26:57.275+0000][6][safepoint   ] Safepoint "ICBufferFull", Time since last: 223428997 ns, Reaching safepoint: 131619 ns, At safepoint: 3552 ns, Total: 135171 ns
[2024-02-16T17:26:57.434+0000][6][safepoint   ] Safepoint "ICBufferFull", Time since last: 158332984 ns, Reaching safepoint: 142787 ns, At safepoint: 8322 ns, Total: 151109 ns
[2024-02-16T17:26:57.717+0000][6][safepoint   ] Safepoint "ICBufferFull", Time since last: 283027505 ns, Reaching safepoint: 223844 ns, At safepoint: 8978 ns, Total: 232822 ns
[2024-02-16T17:26:58.717+0000][6][safepoint   ] Safepoint "Cleanup", Time since last: 1000119622 ns, Reaching safepoint: 143621 ns, At safepoint: 2247 ns, Total: 145868 ns
[2024-02-16T17:26:59.718+0000][6][safepoint   ] Safepoint "Cleanup", Time since last: 1000215438 ns, Reaching safepoint: 68901 ns, At safepoint: 4857 ns, Total: 73758 ns
[2024-02-16T17:27:01.718+0000][6][safepoint   ] Safepoint "Cleanup", Time since last: 2000207039 ns, Reaching safepoint: 57098 ns, At safepoint: 6317 ns, Total: 63415 ns
[2024-02-16T17:27:02.718+0000][6][safepoint   ] Safepoint "Cleanup", Time since last: 1000151137 ns, Reaching safepoint: 60795 ns, At safepoint: 2394 ns, Total: 63189 ns
[2024-02-16T17:27:04.718+0000][6][safepoint   ] Safepoint "Cleanup", Time since last: 2000196461 ns, Reaching safepoint: 66728 ns, At safepoint: 3093 ns, Total: 69821 ns
[2024-02-16T17:27:08.719+0000][6][safepoint   ] Safepoint "Cleanup", Time since last: 4000331698 ns, Reaching safepoint: 63105 ns, At safepoint: 3304 ns, Total: 66409 ns
[2024-02-16T17:27:11.719+0000][6][safepoint   ] Safepoint "Cleanup", Time since last: 3000260496 ns, Reaching safepoint: 63843 ns, At safepoint: 3292 ns, Total: 67135 ns
[2024-02-16T17:27:25.720+0000][6][safepoint   ] Safepoint "Cleanup", Time since last: 14000930375 ns, Reaching safepoint: 78278 ns, At safepoint: 3077 ns, Total: 81355 ns
[2024-02-16T17:27:27.721+0000][6][safepoint   ] Safepoint "Cleanup", Time since last: 2000201173 ns, Reaching safepoint: 122377 ns, At safepoint: 6161 ns, Total: 128538 ns
[2024-02-16T17:27:29.721+0000][6][safepoint   ] Safepoint "Cleanup", Time since last: 2000253703 ns, Reaching safepoint: 123540 ns, At safepoint: 4174 ns, Total: 127714 ns
[2024-02-16T17:27:30.721+0000][6][safepoint   ] Safepoint "Cleanup", Time since last: 1000214881 ns, Reaching safepoint: 63428 ns, At safepoint: 3223 ns, Total: 66651 ns
[2024-02-16T17:27:31.721+0000][6][safepoint   ] Safepoint "Cleanup", Time since last: 1000144232 ns, Reaching safepoint: 68237 ns, At safepoint: 3414 ns, Total: 71651 ns
[2024-02-16T17:27:32.722+0000][6][safepoint   ] Safepoint "Cleanup", Time since last: 1000145950 ns, Reaching safepoint: 69994 ns, At safepoint: 2917 ns, Total: 72911 ns
[2024-02-16T17:27:35.722+0000][6][safepoint   ] Safepoint "Cleanup", Time since last: 3000260581 ns, Reaching safepoint: 143957 ns, At safepoint: 3497 ns, Total: 147454 ns
[2024-02-16T17:27:38.722+0000][6][safepoint   ] Safepoint "Cleanup", Time since last: 3000255009 ns, Reaching safepoint: 70291 ns, At safepoint: 6851 ns, Total: 77142 ns
[2024-02-16T17:27:39.723+0000][6][safepoint   ] Safepoint "Cleanup", Time since last: 1000137371 ns, Reaching safepoint: 113114 ns, At safepoint: 4574 ns, Total: 117688 ns
[2024-02-16T17:27:41.723+0000][6][safepoint   ] Safepoint "Cleanup", Time since last: 2000205427 ns, Reaching safepoint: 62256 ns, At safepoint: 3116 ns, Total: 65372 ns
[2024-02-16T17:27:46.723+0000][6][safepoint   ] Safepoint "Cleanup", Time since last: 5000380797 ns, Reaching safepoint: 68032 ns, At safepoint: 3083 ns, Total: 71115 ns
[2024-02-16T17:27:50.724+0000][6][safepoint   ] Safepoint "Cleanup", Time since last: 4000325409 ns, Reaching safepoint: 65399 ns, At safepoint: 3474 ns, Total: 68873 ns
[2024-02-16T17:27:52.724+0000][6][safepoint   ] Safepoint "Cleanup", Time since last: 2000208595 ns, Reaching safepoint: 79018 ns, At safepoint: 3134 ns, Total: 82152 ns
[2024-02-16T17:27:53.724+0000][6][safepoint   ] Safepoint "Cleanup", Time since last: 1000146974 ns, Reaching safepoint: 68570 ns, At safepoint: 3492 ns, Total: 72062 ns
[2024-02-16T17:27:57.725+0000][6][safepoint   ] Safepoint "Cleanup", Time since last: 4000316605 ns, Reaching safepoint: 55809 ns, At safepoint: 3438 ns, Total: 59247 ns
[2024-02-16T17:27:58.725+0000][6][safepoint   ] Safepoint "Cleanup", Time since last: 1000212130 ns, Reaching safepoint: 61723 ns, At safepoint: 3595 ns, Total: 65318 ns
[2024-02-16T17:28:02.725+0000][6][safepoint   ] Safepoint "Cleanup", Time since last: 4000325196 ns, Reaching safepoint: 68598 ns, At safepoint: 4734 ns, Total: 73332 ns
[2024-02-16T17:28:03.726+0000][6][safepoint   ] Safepoint "Cleanup", Time since last: 1000148289 ns, Reaching safepoint: 71420 ns, At safepoint: 3556 ns, Total: 74976 ns
[2024-02-16T17:28:05.364+0000][6][safepoint   ] Safepoint "Cleanup", Time since last: 1638094742 ns, Reaching safepoint: 146851 ns, At safepoint: 3711 ns, Total: 150562 ns
[2024-02-16T17:28:07.052+0000][6][safepoint   ] Safepoint "Cleanup", Time since last: 1688333741 ns, Reaching safepoint: 133054 ns, At safepoint: 5466 ns, Total: 138520 ns
[2024-02-16T17:28:08.053+0000][6][safepoint   ] Safepoint "Cleanup", Time since last: 1000266625 ns, Reaching safepoint: 103230 ns, At safepoint: 3695 ns, Total: 106925 ns
[2024-02-16T17:28:15.053+0000][6][safepoint   ] Safepoint "Cleanup", Time since last: 7000511529 ns, Reaching safepoint: 81153 ns, At safepoint: 3497 ns, Total: 84650 ns
[2024-02-16T17:28:16.053+0000][6][safepoint   ] Safepoint "Cleanup", Time since last: 1000137826 ns, Reaching safepoint: 73624 ns, At safepoint: 3626 ns, Total: 77250 ns
[2024-02-16T17:28:17.054+0000][6][safepoint   ] Safepoint "Cleanup", Time since last: 1000145185 ns, Reaching safepoint: 75136 ns, At safepoint: 5514 ns, Total: 80650 ns
[2024-02-16T17:28:20.054+0000][6][safepoint   ] Safepoint "Cleanup", Time since last: 3000268806 ns, Reaching safepoint: 108836 ns, At safepoint: 3441 ns, Total: 112277 ns
[2024-02-16T17:28:22.054+0000][6][safepoint   ] Safepoint "Cleanup", Time since last: 2000197780 ns, Reaching safepoint: 91752 ns, At safepoint: 3219 ns, Total: 94971 ns
[2024-02-16T17:28:24.055+0000][6][safepoint   ] Safepoint "Cleanup", Time since last: 2000200636 ns, Reaching safepoint: 79569 ns, At safepoint: 3511 ns, Total: 83080 ns
[2024-02-16T17:28:26.055+0000][6][safepoint   ] Safepoint "Cleanup", Time since last: 2000217055 ns, Reaching safepoint: 74244 ns, At safepoint: 3653 ns, Total: 77897 ns
[2024-02-16T17:28:28.055+0000][6][safepoint   ] Safepoint "Cleanup", Time since last: 2000215680 ns, Reaching safepoint: 79600 ns, At safepoint: 3382 ns, Total: 82982 ns
[2024-02-16T17:28:40.056+0000][6][safepoint   ] Safepoint "Cleanup", Time since last: 12000833386 ns, Reaching safepoint: 78070 ns, At safepoint: 4757 ns, Total: 82827 ns
[2024-02-16T17:28:41.056+0000][6][safepoint   ] Safepoint "Cleanup", Time since last: 1000145504 ns, Reaching safepoint: 98284 ns, At safepoint: 3523 ns, Total: 101807 ns
[2024-02-16T17:28:58.058+0000][6][safepoint   ] Safepoint "Cleanup", Time since last: 17001060487 ns, Reaching safepoint: 73965 ns, At safepoint: 2771 ns, Total: 76736 ns
[2024-02-16T17:29:01.058+0000][6][safepoint   ] Safepoint "Cleanup", Time since last: 3000342858 ns, Reaching safepoint: 75531 ns, At safepoint: 3593 ns, Total: 79124 ns
[2024-02-16T17:29:03.058+0000][6][safepoint   ] Safepoint "Cleanup", Time since last: 2000207708 ns, Reaching safepoint: 77847 ns, At safepoint: 3931 ns, Total: 81778 ns
[2024-02-16T17:29:04.059+0000][6][safepoint   ] Safepoint "Cleanup", Time since last: 1000146012 ns, Reaching safepoint: 109982 ns, At safepoint: 5263 ns, Total: 115245 ns
[2024-02-16T17:29:07.059+0000][6][safepoint   ] Safepoint "Cleanup", Time since last: 3000287911 ns, Reaching safepoint: 76696 ns, At safepoint: 2223 ns, Total: 78919 ns
[2024-02-16T17:29:21.060+0000][6][safepoint   ] Safepoint "Cleanup", Time since last: 14000901676 ns, Reaching safepoint: 72963 ns, At safepoint: 3504 ns, Total: 76467 ns
[2024-02-16T17:29:28.060+0000][6][safepoint   ] Safepoint "Cleanup", Time since last: 7000513636 ns, Reaching safepoint: 74772 ns, At safepoint: 2484 ns, Total: 77256 ns
[2024-02-16T17:29:34.061+0000][6][safepoint   ] Safepoint "Cleanup", Time since last: 6000536037 ns, Reaching safepoint: 75883 ns, At safepoint: 3769 ns, Total: 79652 ns
[2024-02-16T17:29:51.062+0000][6][safepoint   ] Safepoint "Cleanup", Time since last: 17001076351 ns, Reaching safepoint: 81400 ns, At safepoint: 3613 ns, Total: 85013 ns
[2024-02-16T17:29:59.063+0000][6][safepoint   ] Safepoint "Cleanup", Time since last: 8000577044 ns, Reaching safepoint: 75041 ns, At safepoint: 3265 ns, Total: 78306 ns
[2024-02-16T17:30:08.064+0000][6][safepoint   ] Safepoint "Cleanup", Time since last: 9000699175 ns, Reaching safepoint: 90099 ns, At safepoint: 3123 ns, Total: 93222 ns
[2024-02-16T17:30:21.065+0000][6][safepoint   ] Safepoint "Cleanup", Time since last: 13000851521 ns, Reaching safepoint: 87754 ns, At safepoint: 3593 ns, Total: 91347 ns
[2024-02-16T17:30:28.065+0000][6][safepoint   ] Safepoint "Cleanup", Time since last: 7000514918 ns, Reaching safepoint: 134570 ns, At safepoint: 3838 ns, Total: 138408 ns
[2024-02-16T17:30:41.066+0000][6][safepoint   ] Safepoint "Cleanup", Time since last: 13000793126 ns, Reaching safepoint: 77610 ns, At safepoint: 7537 ns, Total: 85147 ns
[2024-02-16T17:30:50.067+0000][6][safepoint   ] Safepoint "Cleanup", Time since last: 9000574217 ns, Reaching safepoint: 78720 ns, At safepoint: 3542 ns, Total: 82262 ns
[2024-02-16T17:30:51.067+0000][6][safepoint   ] Safepoint "Cleanup", Time since last: 1000142014 ns, Reaching safepoint: 77158 ns, At safepoint: 3902 ns, Total: 81060 ns
[2024-02-16T17:30:58.068+0000][6][safepoint   ] Safepoint "Cleanup", Time since last: 7000522105 ns, Reaching safepoint: 120301 ns, At safepoint: 4376 ns, Total: 124677 ns
[2024-02-16T17:31:05.068+0000][6][safepoint   ] Safepoint "Cleanup", Time since last: 7000498181 ns, Reaching safepoint: 116466 ns, At safepoint: 3388 ns, Total: 119854 ns
[2024-02-16T17:31:21.069+0000][6][safepoint   ] Safepoint "Cleanup", Time since last: 16001013476 ns, Reaching safepoint: 76251 ns, At safepoint: 3417 ns, Total: 79668 ns
[2024-02-16T17:31:28.070+0000][6][safepoint   ] Safepoint "Cleanup", Time since last: 7000500975 ns, Reaching safepoint: 122248 ns, At safepoint: 3500 ns, Total: 125748 ns
[2024-02-16T17:31:34.071+0000][6][safepoint   ] Safepoint "Cleanup", Time since last: 6000439996 ns, Reaching safepoint: 74757 ns, At safepoint: 3739 ns, Total: 78496 ns
[2024-02-16T17:31:56.072+0000][6][safepoint   ] Safepoint "Cleanup", Time since last: 22001416790 ns, Reaching safepoint: 77223 ns, At safepoint: 3666 ns, Total: 80889 ns
[2024-02-16T17:31:58.072+0000][6][safepoint   ] Safepoint "Cleanup", Time since last: 2000209614 ns, Reaching safepoint: 69435 ns, At safepoint: 3292 ns, Total: 72727 ns
[2024-02-16T17:32:01.073+0000][6][safepoint   ] Safepoint "Cleanup", Time since last: 3000334088 ns, Reaching safepoint: 104296 ns, At safepoint: 4228 ns, Total: 108524 ns
[2024-02-16T17:32:28.075+0000][6][safepoint   ] Safepoint "Cleanup", Time since last: 27001735984 ns, Reaching safepoint: 158501 ns, At safepoint: 4887 ns, Total: 163388 ns
[2024-02-16T17:32:41.076+0000][6][safepoint   ] Safepoint "Cleanup", Time since last: 13000910070 ns, Reaching safepoint: 91291 ns, At safepoint: 10549 ns, Total: 101840 ns
[2024-02-16T17:32:58.077+0000][6][safepoint   ] Safepoint "Cleanup", Time since last: 17001104250 ns, Reaching safepoint: 96741 ns, At safepoint: 8260 ns, Total: 105001 ns
[2024-02-16T17:33:01.077+0000][6][safepoint   ] Safepoint "Cleanup", Time since last: 3000278133 ns, Reaching safepoint: 90372 ns, At safepoint: 3234 ns, Total: 93606 ns
[2024-02-16T17:33:05.078+0000][6][safepoint   ] Safepoint "Cleanup", Time since last: 4000304498 ns, Reaching safepoint: 111405 ns, At safepoint: 3618 ns, Total: 115023 ns
[2024-02-16T17:33:07.078+0000][6][safepoint   ] Safepoint "Cleanup", Time since last: 2000234675 ns, Reaching safepoint: 81974 ns, At safepoint: 4214 ns, Total: 86188 ns
[2024-02-16T17:33:28.079+0000][6][safepoint   ] Safepoint "Cleanup", Time since last: 21001409689 ns, Reaching safepoint: 96964 ns, At safepoint: 3653 ns, Total: 100617 ns
[2024-02-16T17:33:29.080+0000][6][safepoint   ] Safepoint "Cleanup", Time since last: 1000148591 ns, Reaching safepoint: 83551 ns, At safepoint: 5233 ns, Total: 88784 ns
[2024-02-16T17:33:58.082+0000][6][safepoint   ] Safepoint "Cleanup", Time since last: 29001829682 ns, Reaching safepoint: 97767 ns, At safepoint: 3583 ns, Total: 101350 ns
[2024-02-16T17:34:33.084+0000][6][safepoint   ] Safepoint "Cleanup", Time since last: 35002117610 ns, Reaching safepoint: 94428 ns, At safepoint: 5876 ns, Total: 100304 ns
[2024-02-16T17:34:55.085+0000][6][safepoint   ] Safepoint "Cleanup", Time since last: 22001417707 ns, Reaching safepoint: 75865 ns, At safepoint: 3878 ns, Total: 79743 ns
[2024-02-16T17:34:56.086+0000][6][safepoint   ] Safepoint "Cleanup", Time since last: 1000137805 ns, Reaching safepoint: 83059 ns, At safepoint: 3764 ns, Total: 86823 ns
[2024-02-16T17:35:58.090+0000][6][safepoint   ] Safepoint "Cleanup", Time since last: 62003814145 ns, Reaching safepoint: 89317 ns, At safepoint: 2934 ns, Total: 92251 ns
[2024-02-16T17:36:26.091+0000][6][safepoint   ] Safepoint "Cleanup", Time since last: 28001744258 ns, Reaching safepoint: 74934 ns, At safepoint: 3588 ns, Total: 78522 ns
[2024-02-16T17:36:28.092+0000][6][safepoint   ] Safepoint "Cleanup", Time since last: 2000214430 ns, Reaching safepoint: 90471 ns, At safepoint: 3827 ns, Total: 94298 ns
[2024-02-16T17:36:58.094+0000][6][safepoint   ] Safepoint "Cleanup", Time since last: 30001867623 ns, Reaching safepoint: 170502 ns, At safepoint: 5545 ns, Total: 176047 ns
[2024-02-16T17:37:08.094+0000][6][safepoint   ] Safepoint "Cleanup", Time since last: 10000684940 ns, Reaching safepoint: 77286 ns, At safepoint: 7845 ns, Total: 85131 ns
[2024-02-16T17:37:19.095+0000][6][safepoint   ] Safepoint "Cleanup", Time since last: 11000840316 ns, Reaching safepoint: 101996 ns, At safepoint: 4199 ns, Total: 106195 ns
[2024-02-16T17:37:20.096+0000][6][safepoint   ] Safepoint "Cleanup", Time since last: 1000146976 ns, Reaching safepoint: 107508 ns, At safepoint: 4140 ns, Total: 111648 ns
[2024-02-16T17:37:28.096+0000][6][safepoint   ] Safepoint "Cleanup", Time since last: 8000572463 ns, Reaching safepoint: 115516 ns, At safepoint: 5405 ns, Total: 120921 ns
[2024-02-16T17:37:58.098+0000][6][safepoint   ] Safepoint "Cleanup", Time since last: 30001978821 ns, Reaching safepoint: 108011 ns, At safepoint: 13616 ns, Total: 121627 ns
[2024-02-16T17:38:06.099+0000][6][safepoint   ] Safepoint "Cleanup", Time since last: 8000567060 ns, Reaching safepoint: 83367 ns, At safepoint: 4183 ns, Total: 87550 ns
[2024-02-16T17:38:28.101+0000][6][safepoint   ] Safepoint "Cleanup", Time since last: 22001426035 ns, Reaching safepoint: 103171 ns, At safepoint: 3853 ns, Total: 107024 ns
[2024-02-16T17:38:58.103+0000][6][safepoint   ] Safepoint "Cleanup", Time since last: 30001892009 ns, Reaching safepoint: 104206 ns, At safepoint: 3893 ns, Total: 108099 ns
[2024-02-16T17:39:04.103+0000][6][safepoint   ] Safepoint "Cleanup", Time since last: 6000452703 ns, Reaching safepoint: 86177 ns, At safepoint: 4123 ns, Total: 90300 ns
[2024-02-16T17:40:01.107+0000][6][safepoint   ] Safepoint "Cleanup", Time since last: 57003617085 ns, Reaching safepoint: 87911 ns, At safepoint: 6348 ns, Total: 94259 ns
[2024-02-16T17:40:02.107+0000][6][safepoint   ] Safepoint "Cleanup", Time since last: 1000144031 ns, Reaching safepoint: 110829 ns, At safepoint: 5816 ns, Total: 116645 ns
[2024-02-16T17:40:13.108+0000][6][safepoint   ] Safepoint "Cleanup", Time since last: 11000747208 ns, Reaching safepoint: 85056 ns, At safepoint: 4001 ns, Total: 89057 ns
[2024-02-16T17:40:15.108+0000][6][safepoint   ] Safepoint "Cleanup", Time since last: 2000210053 ns, Reaching safepoint: 114085 ns, At safepoint: 3449 ns, Total: 117534 ns
[2024-02-16T17:40:34.110+0000][6][safepoint   ] Safepoint "Cleanup", Time since last: 19001193556 ns, Reaching safepoint: 84165 ns, At safepoint: 3098 ns, Total: 87263 ns
[2024-02-16T17:40:34.437+0000][6][gc,heap,exit] Heap
[2024-02-16T17:40:34.437+0000][6][gc,heap,exit]  garbage-first heap   total 1048576K, used 481161K [0x00000000c0000000, 0x0000000100000000)
[2024-02-16T17:40:34.437+0000][6][gc,heap,exit]   region size 4096K, 112 young (458752K), 13 survivors (53248K)
[2024-02-16T17:40:34.437+0000][6][gc,heap,exit]  Metaspace       used 93664K, capacity 97142K, committed 97948K, reserved 1134592K
[2024-02-16T17:40:34.437+0000][6][gc,heap,exit]   class space    used 12616K, capacity 13692K, committed 13824K, reserved 1048576K
