[2024-02-06T08:03:04.072+0000][7][gc] Using G1
[2024-02-06T08:03:04.282+0000][7][gc,init] Version: 15.0.1+9 (release)
[2024-02-06T08:03:04.282+0000][7][gc,init] CPUs: 16 total, 16 available
[2024-02-06T08:03:04.282+0000][7][gc,init] Memory: 63240M
[2024-02-06T08:03:04.282+0000][7][gc,init] Large Page Support: Disabled
[2024-02-06T08:03:04.282+0000][7][gc,init] NUMA Support: Disabled
[2024-02-06T08:03:04.282+0000][7][gc,init] Compressed Oops: Enabled (32-bit)
[2024-02-06T08:03:04.282+0000][7][gc,init] Heap Region Size: 4M
[2024-02-06T08:03:04.282+0000][7][gc,init] Heap Min Capacity: 512M
[2024-02-06T08:03:04.282+0000][7][gc,init] Heap Initial Capacity: 512M
[2024-02-06T08:03:04.282+0000][7][gc,init] Heap Max Capacity: 512M
[2024-02-06T08:03:04.282+0000][7][gc,init] Pre-touch: Enabled
[2024-02-06T08:03:04.282+0000][7][gc,init] Parallel Workers: 13
[2024-02-06T08:03:04.282+0000][7][gc,init] Concurrent Workers: 3
[2024-02-06T08:03:04.282+0000][7][gc,init] Concurrent Refinement Workers: 13
[2024-02-06T08:03:04.282+0000][7][gc,init] Periodic GC: Disabled
[2024-02-06T08:03:04.282+0000][7][gc,cds ] Mark closed archive regions in map: [0x00000000ffc00000, 0x00000000ffc7bff8]
[2024-02-06T08:03:04.282+0000][7][gc,cds ] Mark open archive regions in map: [0x00000000ffb00000, 0x00000000ffb51ff8]
[2024-02-06T08:03:04.282+0000][7][gc,metaspace] CDS archive(s) mapped at: [0x0000000800000000-0x0000000800b2a000-0x0000000800b2a000), size 11706368, SharedBaseAddress: 0x0000000800000000, ArchiveRelocationMode: 0.
[2024-02-06T08:03:04.282+0000][7][gc,metaspace] Compressed class space mapped at: 0x0000000800b2c000-0x0000000840b2c000, size: 1073741824
[2024-02-06T08:03:04.282+0000][7][gc,metaspace] Narrow klass base: 0x0000000800000000, Narrow klass shift: 3, Narrow klass range: 0x100000000
[2024-02-06T08:03:04.531+0000][7][safepoint   ] Safepoint "ICBufferFull", Time since last: 240686908 ns, Reaching safepoint: 117823 ns, At safepoint: 3249 ns, Total: 121072 ns
[2024-02-06T08:03:04.735+0000][7][gc,start    ] GC(0) Pause Young (Normal) (G1 Evacuation Pause)
[2024-02-06T08:03:04.736+0000][7][gc,task     ] GC(0) Using 12 workers of 13 for evacuation
[2024-02-06T08:03:04.736+0000][7][gc,age      ] GC(0) Desired survivor size 2097152 bytes, new threshold 15 (max threshold 15)
[2024-02-06T08:03:04.738+0000][7][gc,age      ] GC(0) Age table with threshold 15 (max threshold 15)
[2024-02-06T08:03:04.738+0000][7][gc,age      ] GC(0) - age   1:    4165336 bytes,    4165336 total
[2024-02-06T08:03:04.738+0000][7][gc,phases   ] GC(0)   Pre Evacuate Collection Set: 0.0ms
[2024-02-06T08:03:04.738+0000][7][gc,phases   ] GC(0)   Merge Heap Roots: 0.0ms
[2024-02-06T08:03:04.738+0000][7][gc,phases   ] GC(0)   Evacuate Collection Set: 1.9ms
[2024-02-06T08:03:04.738+0000][7][gc,phases   ] GC(0)   Post Evacuate Collection Set: 0.3ms
[2024-02-06T08:03:04.738+0000][7][gc,phases   ] GC(0)   Other: 0.7ms
[2024-02-06T08:03:04.738+0000][7][gc,heap     ] GC(0) Eden regions: 6->0(6)
[2024-02-06T08:03:04.738+0000][7][gc,heap     ] GC(0) Survivor regions: 0->1(1)
[2024-02-06T08:03:04.738+0000][7][gc,heap     ] GC(0) Old regions: 0->1
[2024-02-06T08:03:04.738+0000][7][gc,heap     ] GC(0) Archive regions: 2->2
[2024-02-06T08:03:04.738+0000][7][gc,heap     ] GC(0) Humongous regions: 0->0
[2024-02-06T08:03:04.738+0000][7][gc,metaspace] GC(0) Metaspace: 8102K(9216K)->8102K(9216K) NonClass: 7206K(8192K)->7206K(8192K) Class: 896K(1024K)->896K(1024K)
[2024-02-06T08:03:04.738+0000][7][gc          ] GC(0) Pause Young (Normal) (G1 Evacuation Pause) 27M->7M(512M) 3.093ms
[2024-02-06T08:03:04.738+0000][7][gc,cpu      ] GC(0) User=0.02s Sys=0.00s Real=0.01s
[2024-02-06T08:03:04.739+0000][7][safepoint   ] Safepoint "G1CollectForAllocation", Time since last: 204241466 ns, Reaching safepoint: 94298 ns, At safepoint: 3158293 ns, Total: 3252591 ns
[2024-02-06T08:03:05.174+0000][7][gc,start    ] GC(1) Pause Young (Normal) (G1 Evacuation Pause)
[2024-02-06T08:03:05.174+0000][7][gc,task     ] GC(1) Using 12 workers of 13 for evacuation
[2024-02-06T08:03:05.174+0000][7][gc,age      ] GC(1) Desired survivor size 2097152 bytes, new threshold 1 (max threshold 15)
[2024-02-06T08:03:05.176+0000][7][gc,age      ] GC(1) Age table with threshold 1 (max threshold 15)
[2024-02-06T08:03:05.176+0000][7][gc,age      ] GC(1) - age   1:    2043200 bytes,    2043200 total
[2024-02-06T08:03:05.177+0000][7][gc,phases   ] GC(1)   Pre Evacuate Collection Set: 0.0ms
[2024-02-06T08:03:05.177+0000][7][gc,phases   ] GC(1)   Merge Heap Roots: 0.0ms
[2024-02-06T08:03:05.177+0000][7][gc,phases   ] GC(1)   Evacuate Collection Set: 2.1ms
[2024-02-06T08:03:05.177+0000][7][gc,phases   ] GC(1)   Post Evacuate Collection Set: 0.3ms
[2024-02-06T08:03:05.177+0000][7][gc,phases   ] GC(1)   Other: 0.1ms
[2024-02-06T08:03:05.177+0000][7][gc,heap     ] GC(1) Eden regions: 6->0(13)
[2024-02-06T08:03:05.177+0000][7][gc,heap     ] GC(1) Survivor regions: 1->1(1)
[2024-02-06T08:03:05.177+0000][7][gc,heap     ] GC(1) Old regions: 1->2
[2024-02-06T08:03:05.177+0000][7][gc,heap     ] GC(1) Archive regions: 2->2
[2024-02-06T08:03:05.177+0000][7][gc,heap     ] GC(1) Humongous regions: 0->0
[2024-02-06T08:03:05.177+0000][7][gc,metaspace] GC(1) Metaspace: 12334K(12672K)->12334K(12672K) NonClass: 10887K(11008K)->10887K(11008K) Class: 1447K(1664K)->1447K(1664K)
[2024-02-06T08:03:05.177+0000][7][gc          ] GC(1) Pause Young (Normal) (G1 Evacuation Pause) 31M->9M(512M) 2.625ms
[2024-02-06T08:03:05.177+0000][7][gc,cpu      ] GC(1) User=0.02s Sys=0.00s Real=0.01s
[2024-02-06T08:03:05.177+0000][7][safepoint   ] Safepoint "G1CollectForAllocation", Time since last: 435310439 ns, Reaching safepoint: 120154 ns, At safepoint: 2681135 ns, Total: 2801289 ns
[2024-02-06T08:03:05.582+0000][7][safepoint   ] Safepoint "ICBufferFull", Time since last: 405581858 ns, Reaching safepoint: 134058 ns, At safepoint: 4811 ns, Total: 138869 ns
[2024-02-06T08:03:05.647+0000][7][gc,start    ] GC(2) Pause Young (Normal) (G1 Evacuation Pause)
[2024-02-06T08:03:05.647+0000][7][gc,task     ] GC(2) Using 12 workers of 13 for evacuation
[2024-02-06T08:03:05.647+0000][7][gc,age      ] GC(2) Desired survivor size 4194304 bytes, new threshold 15 (max threshold 15)
[2024-02-06T08:03:05.649+0000][7][gc,age      ] GC(2) Age table with threshold 15 (max threshold 15)
[2024-02-06T08:03:05.649+0000][7][gc,age      ] GC(2) - age   1:    1276432 bytes,    1276432 total
[2024-02-06T08:03:05.649+0000][7][gc,age      ] GC(2) - age   2:    2019184 bytes,    3295616 total
[2024-02-06T08:03:05.649+0000][7][gc,phases   ] GC(2)   Pre Evacuate Collection Set: 0.1ms
[2024-02-06T08:03:05.649+0000][7][gc,phases   ] GC(2)   Merge Heap Roots: 0.0ms
[2024-02-06T08:03:05.649+0000][7][gc,phases   ] GC(2)   Evacuate Collection Set: 1.6ms
[2024-02-06T08:03:05.649+0000][7][gc,phases   ] GC(2)   Post Evacuate Collection Set: 0.4ms
[2024-02-06T08:03:05.649+0000][7][gc,phases   ] GC(2)   Other: 0.2ms
[2024-02-06T08:03:05.649+0000][7][gc,heap     ] GC(2) Eden regions: 13->0(64)
[2024-02-06T08:03:05.649+0000][7][gc,heap     ] GC(2) Survivor regions: 1->1(2)
[2024-02-06T08:03:05.649+0000][7][gc,heap     ] GC(2) Old regions: 2->2
[2024-02-06T08:03:05.649+0000][7][gc,heap     ] GC(2) Archive regions: 2->2
[2024-02-06T08:03:05.649+0000][7][gc,heap     ] GC(2) Humongous regions: 0->0
[2024-02-06T08:03:05.649+0000][7][gc,metaspace] GC(2) Metaspace: 14845K(15360K)->14845K(15360K) NonClass: 13163K(13568K)->13163K(13568K) Class: 1681K(1792K)->1681K(1792K)
[2024-02-06T08:03:05.649+0000][7][gc          ] GC(2) Pause Young (Normal) (G1 Evacuation Pause) 61M->11M(512M) 2.392ms
[2024-02-06T08:03:05.649+0000][7][gc,cpu      ] GC(2) User=0.02s Sys=0.00s Real=0.01s
[2024-02-06T08:03:05.649+0000][7][safepoint   ] Safepoint "G1CollectForAllocation", Time since last: 64102499 ns, Reaching safepoint: 73877 ns, At safepoint: 2452891 ns, Total: 2526768 ns
[2024-02-06T08:03:05.742+0000][7][safepoint   ] Safepoint "ICBufferFull", Time since last: 92452273 ns, Reaching safepoint: 81292 ns, At safepoint: 4581 ns, Total: 85873 ns
[2024-02-06T08:03:05.746+0000][7][safepoint   ] Safepoint "ICBufferFull", Time since last: 4467775 ns, Reaching safepoint: 51808 ns, At safepoint: 4583 ns, Total: 56391 ns
[2024-02-06T08:03:05.750+0000][7][safepoint   ] Safepoint "ICBufferFull", Time since last: 3582722 ns, Reaching safepoint: 45494 ns, At safepoint: 4314 ns, Total: 49808 ns
[2024-02-06T08:03:05.753+0000][7][safepoint   ] Safepoint "ICBufferFull", Time since last: 2907124 ns, Reaching safepoint: 60638 ns, At safepoint: 6184 ns, Total: 66822 ns
[2024-02-06T08:03:05.755+0000][7][safepoint   ] Safepoint "ICBufferFull", Time since last: 2646855 ns, Reaching safepoint: 39751 ns, At safepoint: 4080 ns, Total: 43831 ns
[2024-02-06T08:03:05.757+0000][7][safepoint   ] Safepoint "ICBufferFull", Time since last: 1903873 ns, Reaching safepoint: 32074 ns, At safepoint: 3188 ns, Total: 35262 ns
[2024-02-06T08:03:05.759+0000][7][safepoint   ] Safepoint "ICBufferFull", Time since last: 1577704 ns, Reaching safepoint: 30152 ns, At safepoint: 2678 ns, Total: 32830 ns
[2024-02-06T08:03:05.761+0000][7][safepoint   ] Safepoint "ICBufferFull", Time since last: 1818712 ns, Reaching safepoint: 26282 ns, At safepoint: 2641 ns, Total: 28923 ns
[2024-02-06T08:03:05.763+0000][7][safepoint   ] Safepoint "ICBufferFull", Time since last: 1968568 ns, Reaching safepoint: 27356 ns, At safepoint: 2377 ns, Total: 29733 ns
[2024-02-06T08:03:05.766+0000][7][safepoint   ] Safepoint "ICBufferFull", Time since last: 2777010 ns, Reaching safepoint: 31057 ns, At safepoint: 2644 ns, Total: 33701 ns
[2024-02-06T08:03:05.767+0000][7][safepoint   ] Safepoint "ICBufferFull", Time since last: 1823574 ns, Reaching safepoint: 25727 ns, At safepoint: 2764 ns, Total: 28491 ns
[2024-02-06T08:03:05.769+0000][7][safepoint   ] Safepoint "ICBufferFull", Time since last: 2031936 ns, Reaching safepoint: 27584 ns, At safepoint: 3791 ns, Total: 31375 ns
[2024-02-06T08:03:05.772+0000][7][safepoint   ] Safepoint "ICBufferFull", Time since last: 2808987 ns, Reaching safepoint: 25850 ns, At safepoint: 3768 ns, Total: 29618 ns
[2024-02-06T08:03:05.775+0000][7][safepoint   ] Safepoint "ICBufferFull", Time since last: 2368222 ns, Reaching safepoint: 25024 ns, At safepoint: 3130 ns, Total: 28154 ns
[2024-02-06T08:03:05.777+0000][7][safepoint   ] Safepoint "ICBufferFull", Time since last: 2231955 ns, Reaching safepoint: 109674 ns, At safepoint: 5704 ns, Total: 115378 ns
[2024-02-06T08:03:05.876+0000][7][safepoint   ] Safepoint "ICBufferFull", Time since last: 98448970 ns, Reaching safepoint: 223951 ns, At safepoint: 12652 ns, Total: 236603 ns
[2024-02-06T08:03:06.153+0000][7][gc,start    ] GC(3) Pause Young (Normal) (G1 Evacuation Pause)
[2024-02-06T08:03:06.153+0000][7][gc,task     ] GC(3) Using 12 workers of 13 for evacuation
[2024-02-06T08:03:06.153+0000][7][gc,age      ] GC(3) Desired survivor size 18874368 bytes, new threshold 15 (max threshold 15)
[2024-02-06T08:03:06.156+0000][7][gc,age      ] GC(3) Age table with threshold 15 (max threshold 15)
[2024-02-06T08:03:06.156+0000][7][gc,age      ] GC(3) - age   1:    6353104 bytes,    6353104 total
[2024-02-06T08:03:06.156+0000][7][gc,age      ] GC(3) - age   2:    1248352 bytes,    7601456 total
[2024-02-06T08:03:06.156+0000][7][gc,age      ] GC(3) - age   3:    2004832 bytes,    9606288 total
[2024-02-06T08:03:06.156+0000][7][gc,phases   ] GC(3)   Pre Evacuate Collection Set: 0.1ms
[2024-02-06T08:03:06.156+0000][7][gc,phases   ] GC(3)   Merge Heap Roots: 0.0ms
[2024-02-06T08:03:06.156+0000][7][gc,phases   ] GC(3)   Evacuate Collection Set: 2.7ms
[2024-02-06T08:03:06.156+0000][7][gc,phases   ] GC(3)   Post Evacuate Collection Set: 0.4ms
[2024-02-06T08:03:06.156+0000][7][gc,phases   ] GC(3)   Other: 0.2ms
[2024-02-06T08:03:06.156+0000][7][gc,heap     ] GC(3) Eden regions: 64->0(73)
[2024-02-06T08:03:06.156+0000][7][gc,heap     ] GC(3) Survivor regions: 1->3(9)
[2024-02-06T08:03:06.156+0000][7][gc,heap     ] GC(3) Old regions: 2->2
[2024-02-06T08:03:06.156+0000][7][gc,heap     ] GC(3) Archive regions: 2->2
[2024-02-06T08:03:06.156+0000][7][gc,heap     ] GC(3) Humongous regions: 0->0
[2024-02-06T08:03:06.156+0000][7][gc,metaspace] GC(3) Metaspace: 18428K(19072K)->18428K(19072K) NonClass: 16258K(16640K)->16258K(16640K) Class: 2169K(2432K)->2169K(2432K)
[2024-02-06T08:03:06.156+0000][7][gc          ] GC(3) Pause Young (Normal) (G1 Evacuation Pause) 267M->17M(512M) 3.364ms
[2024-02-06T08:03:06.156+0000][7][gc,cpu      ] GC(3) User=0.03s Sys=0.00s Real=0.00s
[2024-02-06T08:03:06.156+0000][7][safepoint   ] Safepoint "G1CollectForAllocation", Time since last: 276789428 ns, Reaching safepoint: 158111 ns, At safepoint: 3430524 ns, Total: 3588635 ns
[2024-02-06T08:03:06.413+0000][7][gc,start    ] GC(4) Pause Young (Normal) (G1 Evacuation Pause)
[2024-02-06T08:03:06.413+0000][7][gc,task     ] GC(4) Using 12 workers of 13 for evacuation
[2024-02-06T08:03:06.413+0000][7][gc,age      ] GC(4) Desired survivor size 20971520 bytes, new threshold 15 (max threshold 15)
[2024-02-06T08:03:06.417+0000][7][gc,age      ] GC(4) Age table with threshold 15 (max threshold 15)
[2024-02-06T08:03:06.417+0000][7][gc,age      ] GC(4) - age   1:    2629952 bytes,    2629952 total
[2024-02-06T08:03:06.417+0000][7][gc,age      ] GC(4) - age   2:    4375760 bytes,    7005712 total
[2024-02-06T08:03:06.417+0000][7][gc,age      ] GC(4) - age   3:    1248352 bytes,    8254064 total
[2024-02-06T08:03:06.417+0000][7][gc,age      ] GC(4) - age   4:    2004832 bytes,   10258896 total
[2024-02-06T08:03:06.417+0000][7][gc,phases   ] GC(4)   Pre Evacuate Collection Set: 0.1ms
[2024-02-06T08:03:06.417+0000][7][gc,phases   ] GC(4)   Merge Heap Roots: 0.0ms
[2024-02-06T08:03:06.417+0000][7][gc,phases   ] GC(4)   Evacuate Collection Set: 2.8ms
[2024-02-06T08:03:06.417+0000][7][gc,phases   ] GC(4)   Post Evacuate Collection Set: 0.5ms
[2024-02-06T08:03:06.417+0000][7][gc,phases   ] GC(4)   Other: 0.2ms
[2024-02-06T08:03:06.417+0000][7][gc,heap     ] GC(4) Eden regions: 73->0(73)
[2024-02-06T08:03:06.417+0000][7][gc,heap     ] GC(4) Survivor regions: 3->3(10)
[2024-02-06T08:03:06.417+0000][7][gc,heap     ] GC(4) Old regions: 2->2
[2024-02-06T08:03:06.417+0000][7][gc,heap     ] GC(4) Archive regions: 2->2
[2024-02-06T08:03:06.417+0000][7][gc,heap     ] GC(4) Humongous regions: 0->0
[2024-02-06T08:03:06.417+0000][7][gc,metaspace] GC(4) Metaspace: 19123K(19968K)->19123K(19968K) NonClass: 16858K(17408K)->16858K(17408K) Class: 2264K(2560K)->2264K(2560K)
[2024-02-06T08:03:06.417+0000][7][gc          ] GC(4) Pause Young (Normal) (G1 Evacuation Pause) 309M->18M(512M) 3.620ms
[2024-02-06T08:03:06.417+0000][7][gc,cpu      ] GC(4) User=0.03s Sys=0.00s Real=0.01s
[2024-02-06T08:03:06.417+0000][7][safepoint   ] Safepoint "G1CollectForAllocation", Time since last: 256851153 ns, Reaching safepoint: 95338 ns, At safepoint: 3681711 ns, Total: 3777049 ns
[2024-02-06T08:03:06.642+0000][7][gc,start    ] GC(5) Pause Young (Normal) (G1 Evacuation Pause)
[2024-02-06T08:03:06.643+0000][7][gc,task     ] GC(5) Using 12 workers of 13 for evacuation
[2024-02-06T08:03:06.643+0000][7][gc,age      ] GC(5) Desired survivor size 20971520 bytes, new threshold 15 (max threshold 15)
[2024-02-06T08:03:06.646+0000][7][gc,age      ] GC(5) Age table with threshold 15 (max threshold 15)
[2024-02-06T08:03:06.646+0000][7][gc,age      ] GC(5) - age   1:    2005944 bytes,    2005944 total
[2024-02-06T08:03:06.646+0000][7][gc,age      ] GC(5) - age   2:    1809728 bytes,    3815672 total
[2024-02-06T08:03:06.646+0000][7][gc,age      ] GC(5) - age   3:    4371744 bytes,    8187416 total
[2024-02-06T08:03:06.646+0000][7][gc,age      ] GC(5) - age   4:    1248352 bytes,    9435768 total
[2024-02-06T08:03:06.646+0000][7][gc,age      ] GC(5) - age   5:    2004832 bytes,   11440600 total
[2024-02-06T08:03:06.646+0000][7][gc,phases   ] GC(5)   Pre Evacuate Collection Set: 0.0ms
[2024-02-06T08:03:06.646+0000][7][gc,phases   ] GC(5)   Merge Heap Roots: 0.0ms
[2024-02-06T08:03:06.646+0000][7][gc,phases   ] GC(5)   Evacuate Collection Set: 2.9ms
[2024-02-06T08:03:06.646+0000][7][gc,phases   ] GC(5)   Post Evacuate Collection Set: 0.4ms
[2024-02-06T08:03:06.646+0000][7][gc,phases   ] GC(5)   Other: 0.2ms
[2024-02-06T08:03:06.646+0000][7][gc,heap     ] GC(5) Eden regions: 73->0(73)
[2024-02-06T08:03:06.646+0000][7][gc,heap     ] GC(5) Survivor regions: 3->3(10)
[2024-02-06T08:03:06.646+0000][7][gc,heap     ] GC(5) Old regions: 2->2
[2024-02-06T08:03:06.646+0000][7][gc,heap     ] GC(5) Archive regions: 2->2
[2024-02-06T08:03:06.646+0000][7][gc,heap     ] GC(5) Humongous regions: 0->0
[2024-02-06T08:03:06.646+0000][7][gc,metaspace] GC(5) Metaspace: 19475K(20480K)->19475K(20480K) NonClass: 17153K(17920K)->17153K(17920K) Class: 2321K(2560K)->2321K(2560K)
[2024-02-06T08:03:06.646+0000][7][gc          ] GC(5) Pause Young (Normal) (G1 Evacuation Pause) 310M->19M(512M) 3.685ms
[2024-02-06T08:03:06.646+0000][7][gc,cpu      ] GC(5) User=0.02s Sys=0.00s Real=0.00s
[2024-02-06T08:03:06.646+0000][7][safepoint   ] Safepoint "G1CollectForAllocation", Time since last: 225666230 ns, Reaching safepoint: 62006 ns, At safepoint: 3737631 ns, Total: 3799637 ns
[2024-02-06T08:03:06.856+0000][7][gc,start    ] GC(6) Pause Young (Normal) (G1 Evacuation Pause)
[2024-02-06T08:03:06.856+0000][7][gc,task     ] GC(6) Using 12 workers of 13 for evacuation
[2024-02-06T08:03:06.856+0000][7][gc,age      ] GC(6) Desired survivor size 20971520 bytes, new threshold 15 (max threshold 15)
[2024-02-06T08:03:06.859+0000][7][gc,age      ] GC(6) Age table with threshold 15 (max threshold 15)
[2024-02-06T08:03:06.859+0000][7][gc,age      ] GC(6) - age   1:    2132960 bytes,    2132960 total
[2024-02-06T08:03:06.859+0000][7][gc,age      ] GC(6) - age   2:    1474432 bytes,    3607392 total
[2024-02-06T08:03:06.859+0000][7][gc,age      ] GC(6) - age   3:    1809056 bytes,    5416448 total
[2024-02-06T08:03:06.859+0000][7][gc,age      ] GC(6) - age   4:    4371328 bytes,    9787776 total
[2024-02-06T08:03:06.859+0000][7][gc,age      ] GC(6) - age   5:    1248352 bytes,   11036128 total
[2024-02-06T08:03:06.859+0000][7][gc,age      ] GC(6) - age   6:    2004832 bytes,   13040960 total
[2024-02-06T08:03:06.860+0000][7][gc,phases   ] GC(6)   Pre Evacuate Collection Set: 0.1ms
[2024-02-06T08:03:06.860+0000][7][gc,phases   ] GC(6)   Merge Heap Roots: 0.1ms
[2024-02-06T08:03:06.860+0000][7][gc,phases   ] GC(6)   Evacuate Collection Set: 3.1ms
[2024-02-06T08:03:06.860+0000][7][gc,phases   ] GC(6)   Post Evacuate Collection Set: 0.4ms
[2024-02-06T08:03:06.860+0000][7][gc,phases   ] GC(6)   Other: 0.2ms
[2024-02-06T08:03:06.860+0000][7][gc,heap     ] GC(6) Eden regions: 73->0(72)
[2024-02-06T08:03:06.860+0000][7][gc,heap     ] GC(6) Survivor regions: 3->4(10)
[2024-02-06T08:03:06.860+0000][7][gc,heap     ] GC(6) Old regions: 2->2
[2024-02-06T08:03:06.860+0000][7][gc,heap     ] GC(6) Archive regions: 2->2
[2024-02-06T08:03:06.860+0000][7][gc,heap     ] GC(6) Humongous regions: 0->0
[2024-02-06T08:03:06.860+0000][7][gc,metaspace] GC(6) Metaspace: 19715K(20864K)->19715K(20864K) NonClass: 17347K(18176K)->17347K(18176K) Class: 2368K(2688K)->2368K(2688K)
[2024-02-06T08:03:06.860+0000][7][gc          ] GC(6) Pause Young (Normal) (G1 Evacuation Pause) 311M->21M(512M) 3.892ms
[2024-02-06T08:03:06.860+0000][7][gc,cpu      ] GC(6) User=0.03s Sys=0.00s Real=0.01s
[2024-02-06T08:03:06.860+0000][7][safepoint   ] Safepoint "G1CollectForAllocation", Time since last: 209435230 ns, Reaching safepoint: 59573 ns, At safepoint: 3960500 ns, Total: 4020073 ns
[2024-02-06T08:03:07.077+0000][7][gc,start    ] GC(7) Pause Young (Normal) (G1 Evacuation Pause)
[2024-02-06T08:03:07.077+0000][7][gc,task     ] GC(7) Using 12 workers of 13 for evacuation
[2024-02-06T08:03:07.077+0000][7][gc,age      ] GC(7) Desired survivor size 20971520 bytes, new threshold 15 (max threshold 15)
[2024-02-06T08:03:07.081+0000][7][gc,age      ] GC(7) Age table with threshold 15 (max threshold 15)
[2024-02-06T08:03:07.081+0000][7][gc,age      ] GC(7) - age   1:    2025112 bytes,    2025112 total
[2024-02-06T08:03:07.081+0000][7][gc,age      ] GC(7) - age   2:     616840 bytes,    2641952 total
[2024-02-06T08:03:07.081+0000][7][gc,age      ] GC(7) - age   3:    1474368 bytes,    4116320 total
[2024-02-06T08:03:07.081+0000][7][gc,age      ] GC(7) - age   4:    1807952 bytes,    5924272 total
[2024-02-06T08:03:07.081+0000][7][gc,age      ] GC(7) - age   5:    4370904 bytes,   10295176 total
[2024-02-06T08:03:07.081+0000][7][gc,age      ] GC(7) - age   6:    1248176 bytes,   11543352 total
[2024-02-06T08:03:07.081+0000][7][gc,age      ] GC(7) - age   7:    2004832 bytes,   13548184 total
[2024-02-06T08:03:07.081+0000][7][gc,phases   ] GC(7)   Pre Evacuate Collection Set: 0.1ms
[2024-02-06T08:03:07.081+0000][7][gc,phases   ] GC(7)   Merge Heap Roots: 0.0ms
[2024-02-06T08:03:07.081+0000][7][gc,phases   ] GC(7)   Evacuate Collection Set: 3.0ms
[2024-02-06T08:03:07.081+0000][7][gc,phases   ] GC(7)   Post Evacuate Collection Set: 0.4ms
[2024-02-06T08:03:07.081+0000][7][gc,phases   ] GC(7)   Other: 0.2ms
[2024-02-06T08:03:07.081+0000][7][gc,heap     ] GC(7) Eden regions: 72->0(72)
[2024-02-06T08:03:07.081+0000][7][gc,heap     ] GC(7) Survivor regions: 4->4(10)
[2024-02-06T08:03:07.081+0000][7][gc,heap     ] GC(7) Old regions: 2->2
[2024-02-06T08:03:07.081+0000][7][gc,heap     ] GC(7) Archive regions: 2->2
[2024-02-06T08:03:07.081+0000][7][gc,heap     ] GC(7) Humongous regions: 0->0
[2024-02-06T08:03:07.081+0000][7][gc,metaspace] GC(7) Metaspace: 20108K(21296K)->20108K(21296K) NonClass: 17674K(18608K)->17674K(18608K) Class: 2433K(2688K)->2433K(2688K)
[2024-02-06T08:03:07.081+0000][7][gc          ] GC(7) Pause Young (Normal) (G1 Evacuation Pause) 309M->21M(512M) 3.774ms
[2024-02-06T08:03:07.081+0000][7][gc,cpu      ] GC(7) User=0.02s Sys=0.00s Real=0.00s
[2024-02-06T08:03:07.081+0000][7][safepoint   ] Safepoint "G1CollectForAllocation", Time since last: 217255291 ns, Reaching safepoint: 43333 ns, At safepoint: 3830129 ns, Total: 3873462 ns
[2024-02-06T08:03:07.184+0000][7][gc,start    ] GC(8) Pause Young (Concurrent Start) (Metadata GC Threshold)
[2024-02-06T08:03:07.184+0000][7][gc,task     ] GC(8) Using 12 workers of 13 for evacuation
[2024-02-06T08:03:07.184+0000][7][gc,age      ] GC(8) Desired survivor size 20971520 bytes, new threshold 15 (max threshold 15)
[2024-02-06T08:03:07.188+0000][7][gc,age      ] GC(8) Age table with threshold 15 (max threshold 15)
[2024-02-06T08:03:07.188+0000][7][gc,age      ] GC(8) - age   1:     316904 bytes,     316904 total
[2024-02-06T08:03:07.188+0000][7][gc,age      ] GC(8) - age   2:    1995504 bytes,    2312408 total
[2024-02-06T08:03:07.188+0000][7][gc,age      ] GC(8) - age   3:     616624 bytes,    2929032 total
[2024-02-06T08:03:07.188+0000][7][gc,age      ] GC(8) - age   4:    1473824 bytes,    4402856 total
[2024-02-06T08:03:07.188+0000][7][gc,age      ] GC(8) - age   5:    1807952 bytes,    6210808 total
[2024-02-06T08:03:07.188+0000][7][gc,age      ] GC(8) - age   6:    4370904 bytes,   10581712 total
[2024-02-06T08:03:07.188+0000][7][gc,age      ] GC(8) - age   7:    1248176 bytes,   11829888 total
[2024-02-06T08:03:07.188+0000][7][gc,age      ] GC(8) - age   8:    2004832 bytes,   13834720 total
[2024-02-06T08:03:07.188+0000][7][gc,phases   ] GC(8)   Pre Evacuate Collection Set: 0.1ms
[2024-02-06T08:03:07.188+0000][7][gc,phases   ] GC(8)   Merge Heap Roots: 0.0ms
[2024-02-06T08:03:07.188+0000][7][gc,phases   ] GC(8)   Evacuate Collection Set: 3.3ms
[2024-02-06T08:03:07.188+0000][7][gc,phases   ] GC(8)   Post Evacuate Collection Set: 0.4ms
[2024-02-06T08:03:07.188+0000][7][gc,phases   ] GC(8)   Other: 0.2ms
[2024-02-06T08:03:07.188+0000][7][gc,heap     ] GC(8) Eden regions: 39->0(72)
[2024-02-06T08:03:07.188+0000][7][gc,heap     ] GC(8) Survivor regions: 4->4(10)
[2024-02-06T08:03:07.188+0000][7][gc,heap     ] GC(8) Old regions: 2->2
[2024-02-06T08:03:07.188+0000][7][gc,heap     ] GC(8) Archive regions: 2->2
[2024-02-06T08:03:07.188+0000][7][gc,heap     ] GC(8) Humongous regions: 0->0
[2024-02-06T08:03:07.188+0000][7][gc,metaspace] GC(8) Metaspace: 20138K(21296K)->20138K(21296K) NonClass: 17700K(18608K)->17700K(18608K) Class: 2437K(2688K)->2437K(2688K)
[2024-02-06T08:03:07.188+0000][7][gc          ] GC(8) Pause Young (Concurrent Start) (Metadata GC Threshold) 177M->22M(512M) 4.087ms
[2024-02-06T08:03:07.188+0000][7][gc,cpu      ] GC(8) User=0.02s Sys=0.00s Real=0.01s
[2024-02-06T08:03:07.188+0000][7][gc          ] GC(9) Concurrent Cycle
[2024-02-06T08:03:07.188+0000][7][gc,marking  ] GC(9) Concurrent Clear Claimed Marks
[2024-02-06T08:03:07.188+0000][7][gc,marking  ] GC(9) Concurrent Clear Claimed Marks 0.023ms
[2024-02-06T08:03:07.188+0000][7][gc,marking  ] GC(9) Concurrent Scan Root Regions
[2024-02-06T08:03:07.188+0000][7][safepoint   ] Safepoint "CollectForMetadataAllocation", Time since last: 103353103 ns, Reaching safepoint: 51596 ns, At safepoint: 4296629 ns, Total: 4348225 ns
[2024-02-06T08:03:07.190+0000][7][gc,marking  ] GC(9) Concurrent Scan Root Regions 1.954ms
[2024-02-06T08:03:07.190+0000][7][gc,marking  ] GC(9) Concurrent Mark (3.124s)
[2024-02-06T08:03:07.190+0000][7][gc,marking  ] GC(9) Concurrent Mark From Roots
[2024-02-06T08:03:07.190+0000][7][gc,task     ] GC(9) Using 3 workers of 3 for marking
[2024-02-06T08:03:07.193+0000][7][gc,marking  ] GC(9) Concurrent Mark From Roots 3.055ms
[2024-02-06T08:03:07.193+0000][7][gc,marking  ] GC(9) Concurrent Preclean
[2024-02-06T08:03:07.194+0000][7][gc,marking  ] GC(9) Concurrent Preclean 0.155ms
[2024-02-06T08:03:07.194+0000][7][gc,marking  ] GC(9) Concurrent Mark (3.124s, 3.127s) 3.248ms
[2024-02-06T08:03:07.194+0000][7][gc,start    ] GC(9) Pause Remark
[2024-02-06T08:03:07.196+0000][7][gc          ] GC(9) Pause Remark 32M->32M(512M) 1.973ms
[2024-02-06T08:03:07.196+0000][7][gc,cpu      ] GC(9) User=0.01s Sys=0.00s Real=0.00s
[2024-02-06T08:03:07.196+0000][7][safepoint   ] Safepoint "G1Concurrent", Time since last: 5150793 ns, Reaching safepoint: 104521 ns, At safepoint: 2025316 ns, Total: 2129837 ns
[2024-02-06T08:03:07.196+0000][7][gc,marking  ] GC(9) Concurrent Rebuild Remembered Sets
[2024-02-06T08:03:07.198+0000][7][gc,marking  ] GC(9) Concurrent Rebuild Remembered Sets 2.660ms
[2024-02-06T08:03:07.199+0000][7][gc,start    ] GC(9) Pause Cleanup
[2024-02-06T08:03:07.199+0000][7][gc          ] GC(9) Pause Cleanup 34M->34M(512M) 0.059ms
[2024-02-06T08:03:07.199+0000][7][gc,cpu      ] GC(9) User=0.00s Sys=0.00s Real=0.00s
[2024-02-06T08:03:07.199+0000][7][safepoint   ] Safepoint "G1Concurrent", Time since last: 2708907 ns, Reaching safepoint: 372618 ns, At safepoint: 89224 ns, Total: 461842 ns
[2024-02-06T08:03:07.199+0000][7][gc,marking  ] GC(9) Concurrent Cleanup for Next Mark
[2024-02-06T08:03:07.200+0000][7][gc,marking  ] GC(9) Concurrent Cleanup for Next Mark 0.742ms
[2024-02-06T08:03:07.200+0000][7][gc          ] GC(9) Concurrent Cycle 11.378ms
[2024-02-06T08:03:07.693+0000][7][safepoint   ] Safepoint "ICBufferFull", Time since last: 494248939 ns, Reaching safepoint: 141338 ns, At safepoint: 5946 ns, Total: 147284 ns
[2024-02-06T08:03:07.988+0000][7][safepoint   ] Safepoint "ICBufferFull", Time since last: 294949106 ns, Reaching safepoint: 196244 ns, At safepoint: 9448 ns, Total: 205692 ns
[2024-02-06T08:03:08.465+0000][7][gc,start    ] GC(10) Pause Young (Normal) (G1 Evacuation Pause)
[2024-02-06T08:03:08.465+0000][7][gc,task     ] GC(10) Using 12 workers of 13 for evacuation
[2024-02-06T08:03:08.465+0000][7][gc,age      ] GC(10) Desired survivor size 20971520 bytes, new threshold 15 (max threshold 15)
[2024-02-06T08:03:08.477+0000][7][gc,age      ] GC(10) Age table with threshold 15 (max threshold 15)
[2024-02-06T08:03:08.477+0000][7][gc,age      ] GC(10) - age   1:   19004920 bytes,   19004920 total
[2024-02-06T08:03:08.477+0000][7][gc,age      ] GC(10) - age   2:     290936 bytes,   19295856 total
[2024-02-06T08:03:08.477+0000][7][gc,age      ] GC(10) - age   3:    1980864 bytes,   21276720 total
[2024-02-06T08:03:08.477+0000][7][gc,age      ] GC(10) - age   4:     607856 bytes,   21884576 total
[2024-02-06T08:03:08.477+0000][7][gc,age      ] GC(10) - age   5:    1455536 bytes,   23340112 total
[2024-02-06T08:03:08.477+0000][7][gc,age      ] GC(10) - age   6:    1793952 bytes,   25134064 total
[2024-02-06T08:03:08.477+0000][7][gc,age      ] GC(10) - age   7:    4330840 bytes,   29464904 total
[2024-02-06T08:03:08.477+0000][7][gc,age      ] GC(10) - age   8:    1196752 bytes,   30661656 total
[2024-02-06T08:03:08.477+0000][7][gc,age      ] GC(10) - age   9:    1994776 bytes,   32656432 total
[2024-02-06T08:03:08.477+0000][7][gc,phases   ] GC(10)   Pre Evacuate Collection Set: 0.1ms
[2024-02-06T08:03:08.477+0000][7][gc,phases   ] GC(10)   Merge Heap Roots: 0.1ms
[2024-02-06T08:03:08.477+0000][7][gc,phases   ] GC(10)   Evacuate Collection Set: 10.8ms
[2024-02-06T08:03:08.477+0000][7][gc,phases   ] GC(10)   Post Evacuate Collection Set: 0.9ms
[2024-02-06T08:03:08.477+0000][7][gc,phases   ] GC(10)   Other: 0.2ms
[2024-02-06T08:03:08.477+0000][7][gc,heap     ] GC(10) Eden regions: 72->0(67)
[2024-02-06T08:03:08.477+0000][7][gc,heap     ] GC(10) Survivor regions: 4->9(10)
[2024-02-06T08:03:08.477+0000][7][gc,heap     ] GC(10) Old regions: 2->2
[2024-02-06T08:03:08.477+0000][7][gc,heap     ] GC(10) Archive regions: 2->2
[2024-02-06T08:03:08.477+0000][7][gc,heap     ] GC(10) Humongous regions: 0->0
[2024-02-06T08:03:08.477+0000][7][gc,metaspace] GC(10) Metaspace: 29937K(31920K)->29937K(31920K) NonClass: 26217K(27568K)->26217K(27568K) Class: 3720K(4352K)->3720K(4352K)
[2024-02-06T08:03:08.477+0000][7][gc          ] GC(10) Pause Young (Normal) (G1 Evacuation Pause) 310M->39M(512M) 12.145ms
[2024-02-06T08:03:08.477+0000][7][gc,cpu      ] GC(10) User=0.11s Sys=0.00s Real=0.02s
[2024-02-06T08:03:08.477+0000][7][safepoint   ] Safepoint "G1CollectForAllocation", Time since last: 476427876 ns, Reaching safepoint: 131905 ns, At safepoint: 12212462 ns, Total: 12344367 ns
[2024-02-06T08:03:08.958+0000][7][safepoint   ] Safepoint "ICBufferFull", Time since last: 480893114 ns, Reaching safepoint: 148012 ns, At safepoint: 4672 ns, Total: 152684 ns
[2024-02-06T08:03:09.118+0000][7][gc,start    ] GC(11) Pause Young (Concurrent Start) (Metadata GC Threshold)
[2024-02-06T08:03:09.118+0000][7][gc,task     ] GC(11) Using 12 workers of 13 for evacuation
[2024-02-06T08:03:09.118+0000][7][gc,age      ] GC(11) Desired survivor size 20971520 bytes, new threshold 3 (max threshold 15)
[2024-02-06T08:03:09.137+0000][7][gc,age      ] GC(11) Age table with threshold 3 (max threshold 15)
[2024-02-06T08:03:09.137+0000][7][gc,age      ] GC(11) - age   1:   19790248 bytes,   19790248 total
[2024-02-06T08:03:09.137+0000][7][gc,age      ] GC(11) - age   2:   18566648 bytes,   38356896 total
[2024-02-06T08:03:09.137+0000][7][gc,age      ] GC(11) - age   3:     290904 bytes,   38647800 total
[2024-02-06T08:03:09.137+0000][7][gc,phases   ] GC(11)   Pre Evacuate Collection Set: 0.1ms
[2024-02-06T08:03:09.137+0000][7][gc,phases   ] GC(11)   Merge Heap Roots: 0.0ms
[2024-02-06T08:03:09.137+0000][7][gc,phases   ] GC(11)   Evacuate Collection Set: 17.9ms
[2024-02-06T08:03:09.137+0000][7][gc,phases   ] GC(11)   Post Evacuate Collection Set: 0.6ms
[2024-02-06T08:03:09.137+0000][7][gc,phases   ] GC(11)   Other: 0.3ms
[2024-02-06T08:03:09.137+0000][7][gc,heap     ] GC(11) Eden regions: 35->0(66)
[2024-02-06T08:03:09.137+0000][7][gc,heap     ] GC(11) Survivor regions: 9->10(10)
[2024-02-06T08:03:09.137+0000][7][gc,heap     ] GC(11) Old regions: 2->5
[2024-02-06T08:03:09.137+0000][7][gc,heap     ] GC(11) Archive regions: 2->2
[2024-02-06T08:03:09.137+0000][7][gc,heap     ] GC(11) Humongous regions: 0->0
[2024-02-06T08:03:09.137+0000][7][gc,metaspace] GC(11) Metaspace: 33569K(35888K)->33569K(35888K) NonClass: 29245K(30896K)->29245K(30896K) Class: 4324K(4992K)->4324K(4992K)
[2024-02-06T08:03:09.137+0000][7][gc          ] GC(11) Pause Young (Concurrent Start) (Metadata GC Threshold) 179M->60M(512M) 19.033ms
[2024-02-06T08:03:09.137+0000][7][gc,cpu      ] GC(11) User=0.15s Sys=0.01s Real=0.02s
[2024-02-06T08:03:09.137+0000][7][gc          ] GC(12) Concurrent Cycle
[2024-02-06T08:03:09.137+0000][7][gc,marking  ] GC(12) Concurrent Clear Claimed Marks
[2024-02-06T08:03:09.137+0000][7][gc,marking  ] GC(12) Concurrent Clear Claimed Marks 0.057ms
[2024-02-06T08:03:09.137+0000][7][gc,marking  ] GC(12) Concurrent Scan Root Regions
[2024-02-06T08:03:09.137+0000][7][safepoint   ] Safepoint "CollectForMetadataAllocation", Time since last: 159507306 ns, Reaching safepoint: 114984 ns, At safepoint: 19254717 ns, Total: 19369701 ns
[2024-02-06T08:03:09.148+0000][7][gc,marking  ] GC(12) Concurrent Scan Root Regions 11.276ms
[2024-02-06T08:03:09.148+0000][7][gc,marking  ] GC(12) Concurrent Mark (5.082s)
[2024-02-06T08:03:09.148+0000][7][gc,marking  ] GC(12) Concurrent Mark From Roots
[2024-02-06T08:03:09.148+0000][7][gc,task     ] GC(12) Using 3 workers of 3 for marking
[2024-02-06T08:03:09.157+0000][7][safepoint   ] Safepoint "CollectForMetadataAllocation", Time since last: 19496680 ns, Reaching safepoint: 203408 ns, At safepoint: 133603 ns, Total: 337011 ns
[2024-02-06T08:03:09.157+0000][7][gc,marking  ] GC(12) Concurrent Mark From Roots 8.610ms
[2024-02-06T08:03:09.157+0000][7][gc,marking  ] GC(12) Concurrent Preclean
[2024-02-06T08:03:09.157+0000][7][gc,marking  ] GC(12) Concurrent Preclean 0.157ms
[2024-02-06T08:03:09.157+0000][7][gc,marking  ] GC(12) Concurrent Mark (5.082s, 5.091s) 8.796ms
[2024-02-06T08:03:09.157+0000][7][gc,start    ] GC(12) Pause Remark
[2024-02-06T08:03:09.160+0000][7][gc          ] GC(12) Pause Remark 62M->62M(512M) 2.267ms
[2024-02-06T08:03:09.160+0000][7][gc,cpu      ] GC(12) User=0.01s Sys=0.00s Real=0.00s
[2024-02-06T08:03:09.160+0000][7][safepoint   ] Safepoint "G1Concurrent", Time since last: 223277 ns, Reaching safepoint: 105903 ns, At safepoint: 2322600 ns, Total: 2428503 ns
[2024-02-06T08:03:09.160+0000][7][gc,marking  ] GC(12) Concurrent Rebuild Remembered Sets
[2024-02-06T08:03:09.163+0000][7][gc,marking  ] GC(12) Concurrent Rebuild Remembered Sets 3.765ms
[2024-02-06T08:03:09.164+0000][7][gc,start    ] GC(12) Pause Cleanup
[2024-02-06T08:03:09.164+0000][7][gc          ] GC(12) Pause Cleanup 62M->62M(512M) 0.079ms
[2024-02-06T08:03:09.164+0000][7][gc,cpu      ] GC(12) User=0.00s Sys=0.00s Real=0.00s
[2024-02-06T08:03:09.164+0000][7][safepoint   ] Safepoint "G1Concurrent", Time since last: 3824444 ns, Reaching safepoint: 316915 ns, At safepoint: 145440 ns, Total: 462355 ns
[2024-02-06T08:03:09.164+0000][7][gc,marking  ] GC(12) Concurrent Cleanup for Next Mark
[2024-02-06T08:03:09.164+0000][7][gc,marking  ] GC(12) Concurrent Cleanup for Next Mark 0.506ms
[2024-02-06T08:03:09.165+0000][7][gc          ] GC(12) Concurrent Cycle 27.487ms
[2024-02-06T08:03:09.744+0000][7][safepoint   ] Safepoint "ICBufferFull", Time since last: 580042805 ns, Reaching safepoint: 132219 ns, At safepoint: 7470 ns, Total: 139689 ns
[2024-02-06T08:03:10.316+0000][7][safepoint   ] Safepoint "ICBufferFull", Time since last: 571620499 ns, Reaching safepoint: 156316 ns, At safepoint: 6957 ns, Total: 163273 ns
[2024-02-06T08:03:10.411+0000][7][gc,start    ] GC(13) Pause Young (Concurrent Start) (G1 Evacuation Pause)
[2024-02-06T08:03:10.411+0000][7][gc,task     ] GC(13) Using 12 workers of 13 for evacuation
[2024-02-06T08:03:10.411+0000][7][gc,age      ] GC(13) Desired survivor size 20971520 bytes, new threshold 2 (max threshold 15)
[2024-02-06T08:03:10.429+0000][7][gc,age      ] GC(13) Age table with threshold 2 (max threshold 15)
[2024-02-06T08:03:10.429+0000][7][gc,age      ] GC(13) - age   1:    6542752 bytes,    6542752 total
[2024-02-06T08:03:10.429+0000][7][gc,age      ] GC(13) - age   2:   19701016 bytes,   26243768 total
[2024-02-06T08:03:10.429+0000][7][gc,phases   ] GC(13)   Pre Evacuate Collection Set: 0.1ms
[2024-02-06T08:03:10.429+0000][7][gc,phases   ] GC(13)   Merge Heap Roots: 0.1ms
[2024-02-06T08:03:10.429+0000][7][gc,phases   ] GC(13)   Evacuate Collection Set: 16.5ms
[2024-02-06T08:03:10.429+0000][7][gc,phases   ] GC(13)   Post Evacuate Collection Set: 0.7ms
[2024-02-06T08:03:10.429+0000][7][gc,phases   ] GC(13)   Other: 0.2ms
[2024-02-06T08:03:10.429+0000][7][gc,heap     ] GC(13) Eden regions: 66->0(68)
[2024-02-06T08:03:10.429+0000][7][gc,heap     ] GC(13) Survivor regions: 10->8(10)
[2024-02-06T08:03:10.429+0000][7][gc,heap     ] GC(13) Old regions: 5->9
[2024-02-06T08:03:10.429+0000][7][gc,heap     ] GC(13) Archive regions: 2->2
[2024-02-06T08:03:10.429+0000][7][gc,heap     ] GC(13) Humongous regions: 0->0
[2024-02-06T08:03:10.429+0000][7][gc,metaspace] GC(13) Metaspace: 51832K(55344K)->51832K(55344K) NonClass: 44920K(47536K)->44920K(47536K) Class: 6912K(7808K)->6912K(7808K)
[2024-02-06T08:03:10.429+0000][7][gc          ] GC(13) Pause Young (Concurrent Start) (G1 Evacuation Pause) 324M->68M(512M) 17.758ms
[2024-02-06T08:03:10.429+0000][7][gc,cpu      ] GC(13) User=0.16s Sys=0.00s Real=0.02s
[2024-02-06T08:03:10.429+0000][7][gc          ] GC(14) Concurrent Cycle
[2024-02-06T08:03:10.429+0000][7][safepoint   ] Safepoint "G1CollectForAllocation", Time since last: 95161485 ns, Reaching safepoint: 121495 ns, At safepoint: 17830335 ns, Total: 17951830 ns
[2024-02-06T08:03:10.429+0000][7][gc,marking  ] GC(14) Concurrent Clear Claimed Marks
[2024-02-06T08:03:10.429+0000][7][gc,marking  ] GC(14) Concurrent Clear Claimed Marks 0.067ms
[2024-02-06T08:03:10.429+0000][7][gc,marking  ] GC(14) Concurrent Scan Root Regions
[2024-02-06T08:03:10.441+0000][7][gc,marking  ] GC(14) Concurrent Scan Root Regions 12.147ms
[2024-02-06T08:03:10.441+0000][7][gc,marking  ] GC(14) Concurrent Mark (6.375s)
[2024-02-06T08:03:10.441+0000][7][gc,marking  ] GC(14) Concurrent Mark From Roots
[2024-02-06T08:03:10.441+0000][7][gc,task     ] GC(14) Using 3 workers of 3 for marking
[2024-02-06T08:03:10.452+0000][7][gc,marking  ] GC(14) Concurrent Mark From Roots 10.367ms
[2024-02-06T08:03:10.452+0000][7][gc,marking  ] GC(14) Concurrent Preclean
[2024-02-06T08:03:10.452+0000][7][gc,marking  ] GC(14) Concurrent Preclean 0.256ms
[2024-02-06T08:03:10.452+0000][7][gc,marking  ] GC(14) Concurrent Mark (6.375s, 6.386s) 10.684ms
[2024-02-06T08:03:10.452+0000][7][gc,start    ] GC(14) Pause Remark
[2024-02-06T08:03:10.454+0000][7][gc          ] GC(14) Pause Remark 76M->76M(512M) 2.031ms
[2024-02-06T08:03:10.454+0000][7][gc,cpu      ] GC(14) User=0.02s Sys=0.00s Real=0.00s
[2024-02-06T08:03:10.454+0000][7][safepoint   ] Safepoint "G1Concurrent", Time since last: 22992024 ns, Reaching safepoint: 121599 ns, At safepoint: 2112110 ns, Total: 2233709 ns
[2024-02-06T08:03:10.454+0000][7][gc,marking  ] GC(14) Concurrent Rebuild Remembered Sets
[2024-02-06T08:03:10.468+0000][7][gc,marking  ] GC(14) Concurrent Rebuild Remembered Sets 13.424ms
[2024-02-06T08:03:10.468+0000][7][gc,start    ] GC(14) Pause Cleanup
[2024-02-06T08:03:10.468+0000][7][gc          ] GC(14) Pause Cleanup 82M->82M(512M) 0.074ms
[2024-02-06T08:03:10.468+0000][7][gc,cpu      ] GC(14) User=0.00s Sys=0.00s Real=0.00s
[2024-02-06T08:03:10.468+0000][7][safepoint   ] Safepoint "G1Concurrent", Time since last: 13496857 ns, Reaching safepoint: 531667 ns, At safepoint: 116830 ns, Total: 648497 ns
[2024-02-06T08:03:10.468+0000][7][gc,marking  ] GC(14) Concurrent Cleanup for Next Mark
[2024-02-06T08:03:10.470+0000][7][gc,marking  ] GC(14) Concurrent Cleanup for Next Mark 1.327ms
[2024-02-06T08:03:10.470+0000][7][gc          ] GC(14) Concurrent Cycle 40.779ms
[2024-02-06T08:03:10.765+0000][7][safepoint   ] Safepoint "ICBufferFull", Time since last: 296771552 ns, Reaching safepoint: 148655 ns, At safepoint: 3955 ns, Total: 152610 ns
[2024-02-06T08:03:11.532+0000][7][safepoint   ] Safepoint "ICBufferFull", Time since last: 766140209 ns, Reaching safepoint: 838731 ns, At safepoint: 5342 ns, Total: 844073 ns
[2024-02-06T08:03:12.131+0000][7][safepoint   ] Safepoint "ICBufferFull", Time since last: 598062864 ns, Reaching safepoint: 151323 ns, At safepoint: 6254 ns, Total: 157577 ns
[2024-02-06T08:03:12.383+0000][7][safepoint   ] Safepoint "ICBufferFull", Time since last: 252223328 ns, Reaching safepoint: 148671 ns, At safepoint: 4007 ns, Total: 152678 ns
[2024-02-06T08:03:12.430+0000][7][safepoint   ] Safepoint "ICBufferFull", Time since last: 47319072 ns, Reaching safepoint: 167003 ns, At safepoint: 7107 ns, Total: 174110 ns
[2024-02-06T08:03:12.638+0000][7][safepoint   ] Safepoint "ICBufferFull", Time since last: 207887690 ns, Reaching safepoint: 167635 ns, At safepoint: 7572 ns, Total: 175207 ns
[2024-02-06T08:03:12.855+0000][7][gc,start    ] GC(15) Pause Young (Concurrent Start) (Metadata GC Threshold)
[2024-02-06T08:03:12.855+0000][7][gc,task     ] GC(15) Using 12 workers of 13 for evacuation
[2024-02-06T08:03:12.855+0000][7][gc,age      ] GC(15) Desired survivor size 20971520 bytes, new threshold 2 (max threshold 15)
[2024-02-06T08:03:12.867+0000][7][gc,age      ] GC(15) Age table with threshold 2 (max threshold 15)
[2024-02-06T08:03:12.867+0000][7][gc,age      ] GC(15) - age   1:   14186752 bytes,   14186752 total
[2024-02-06T08:03:12.867+0000][7][gc,age      ] GC(15) - age   2:    6202376 bytes,   20389128 total
[2024-02-06T08:03:12.867+0000][7][gc,phases   ] GC(15)   Pre Evacuate Collection Set: 0.1ms
[2024-02-06T08:03:12.867+0000][7][gc,phases   ] GC(15)   Merge Heap Roots: 0.1ms
[2024-02-06T08:03:12.867+0000][7][gc,phases   ] GC(15)   Evacuate Collection Set: 10.9ms
[2024-02-06T08:03:12.867+0000][7][gc,phases   ] GC(15)   Post Evacuate Collection Set: 1.1ms
[2024-02-06T08:03:12.867+0000][7][gc,phases   ] GC(15)   Other: 0.2ms
[2024-02-06T08:03:12.867+0000][7][gc,heap     ] GC(15) Eden regions: 67->0(70)
[2024-02-06T08:03:12.867+0000][7][gc,heap     ] GC(15) Survivor regions: 8->6(10)
[2024-02-06T08:03:12.867+0000][7][gc,heap     ] GC(15) Old regions: 9->14
[2024-02-06T08:03:12.867+0000][7][gc,heap     ] GC(15) Archive regions: 2->2
[2024-02-06T08:03:12.867+0000][7][gc,heap     ] GC(15) Humongous regions: 2->2
[2024-02-06T08:03:12.867+0000][7][gc,metaspace] GC(15) Metaspace: 87872K(92208K)->87872K(92208K) NonClass: 76007K(79280K)->76007K(79280K) Class: 11865K(12928K)->11865K(12928K)
[2024-02-06T08:03:12.867+0000][7][gc          ] GC(15) Pause Young (Concurrent Start) (Metadata GC Threshold) 341M->89M(512M) 12.381ms
[2024-02-06T08:03:12.867+0000][7][gc,cpu      ] GC(15) User=0.14s Sys=0.00s Real=0.02s
[2024-02-06T08:03:12.868+0000][7][gc          ] GC(16) Concurrent Cycle
[2024-02-06T08:03:12.868+0000][7][gc,marking  ] GC(16) Concurrent Clear Claimed Marks
[2024-02-06T08:03:12.868+0000][7][gc,marking  ] GC(16) Concurrent Clear Claimed Marks 0.079ms
[2024-02-06T08:03:12.868+0000][7][gc,marking  ] GC(16) Concurrent Scan Root Regions
[2024-02-06T08:03:12.868+0000][7][safepoint   ] Safepoint "CollectForMetadataAllocation", Time since last: 216482095 ns, Reaching safepoint: 120410 ns, At safepoint: 12577916 ns, Total: 12698326 ns
[2024-02-06T08:03:12.880+0000][7][gc,marking  ] GC(16) Concurrent Scan Root Regions 12.275ms
[2024-02-06T08:03:12.880+0000][7][gc,marking  ] GC(16) Concurrent Mark (8.814s)
[2024-02-06T08:03:12.880+0000][7][gc,marking  ] GC(16) Concurrent Mark From Roots
[2024-02-06T08:03:12.880+0000][7][gc,task     ] GC(16) Using 3 workers of 3 for marking
[2024-02-06T08:03:12.897+0000][7][gc,marking  ] GC(16) Concurrent Mark From Roots 16.737ms
[2024-02-06T08:03:12.897+0000][7][gc,marking  ] GC(16) Concurrent Preclean
[2024-02-06T08:03:12.897+0000][7][gc,marking  ] GC(16) Concurrent Preclean 0.291ms
[2024-02-06T08:03:12.897+0000][7][gc,marking  ] GC(16) Concurrent Mark (8.814s, 8.831s) 17.088ms
[2024-02-06T08:03:12.898+0000][7][gc,start    ] GC(16) Pause Remark
[2024-02-06T08:03:12.899+0000][7][gc          ] GC(16) Pause Remark 94M->94M(512M) 1.425ms
[2024-02-06T08:03:12.899+0000][7][gc,cpu      ] GC(16) User=0.01s Sys=0.00s Real=0.00s
[2024-02-06T08:03:12.899+0000][7][safepoint   ] Safepoint "G1Concurrent", Time since last: 29968679 ns, Reaching safepoint: 139289 ns, At safepoint: 1493624 ns, Total: 1632913 ns
[2024-02-06T08:03:12.899+0000][7][gc,marking  ] GC(16) Concurrent Rebuild Remembered Sets
[2024-02-06T08:03:12.925+0000][7][gc,marking  ] GC(16) Concurrent Rebuild Remembered Sets 25.512ms
[2024-02-06T08:03:12.925+0000][7][gc,start    ] GC(16) Pause Cleanup
[2024-02-06T08:03:12.925+0000][7][gc          ] GC(16) Pause Cleanup 96M->96M(512M) 0.069ms
[2024-02-06T08:03:12.925+0000][7][gc,cpu      ] GC(16) User=0.00s Sys=0.00s Real=0.00s
[2024-02-06T08:03:12.925+0000][7][safepoint   ] Safepoint "G1Concurrent", Time since last: 25579069 ns, Reaching safepoint: 276385 ns, At safepoint: 110597 ns, Total: 386982 ns
[2024-02-06T08:03:12.925+0000][7][gc,marking  ] GC(16) Concurrent Cleanup for Next Mark
[2024-02-06T08:03:12.926+0000][7][gc,marking  ] GC(16) Concurrent Cleanup for Next Mark 0.688ms
[2024-02-06T08:03:12.926+0000][7][gc          ] GC(16) Concurrent Cycle 58.426ms
[2024-02-06T08:03:13.127+0000][7][safepoint   ] Safepoint "ICBufferFull", Time since last: 202134442 ns, Reaching safepoint: 148057 ns, At safepoint: 3554 ns, Total: 151611 ns
[2024-02-06T08:03:14.128+0000][7][safepoint   ] Safepoint "Cleanup", Time since last: 1000149212 ns, Reaching safepoint: 67291 ns, At safepoint: 5707 ns, Total: 72998 ns
[2024-02-06T08:03:16.128+0000][7][safepoint   ] Safepoint "Cleanup", Time since last: 2000161764 ns, Reaching safepoint: 70162 ns, At safepoint: 2061 ns, Total: 72223 ns
[2024-02-06T08:03:17.128+0000][7][safepoint   ] Safepoint "Cleanup", Time since last: 1000100367 ns, Reaching safepoint: 64365 ns, At safepoint: 3314 ns, Total: 67679 ns
[2024-02-06T08:03:19.128+0000][7][safepoint   ] Safepoint "Cleanup", Time since last: 2000156463 ns, Reaching safepoint: 68880 ns, At safepoint: 4582 ns, Total: 73462 ns
[2024-02-06T08:03:21.129+0000][7][safepoint   ] Safepoint "Cleanup", Time since last: 2000162602 ns, Reaching safepoint: 70176 ns, At safepoint: 4238 ns, Total: 74414 ns
[2024-02-06T08:03:22.129+0000][7][safepoint   ] Safepoint "Cleanup", Time since last: 1000103726 ns, Reaching safepoint: 68766 ns, At safepoint: 3617 ns, Total: 72383 ns
[2024-02-06T08:03:33.130+0000][7][safepoint   ] Safepoint "Cleanup", Time since last: 11000705242 ns, Reaching safepoint: 63756 ns, At safepoint: 3229 ns, Total: 66985 ns
[2024-02-06T08:03:34.130+0000][7][safepoint   ] Safepoint "Cleanup", Time since last: 1000104350 ns, Reaching safepoint: 74492 ns, At safepoint: 4847 ns, Total: 79339 ns
[2024-02-06T08:03:38.130+0000][7][safepoint   ] Safepoint "Cleanup", Time since last: 4000284132 ns, Reaching safepoint: 85863 ns, At safepoint: 3678 ns, Total: 89541 ns
[2024-02-06T08:03:39.130+0000][7][safepoint   ] Safepoint "Cleanup", Time since last: 1000091127 ns, Reaching safepoint: 61608 ns, At safepoint: 3413 ns, Total: 65021 ns
[2024-02-06T08:03:40.130+0000][7][safepoint   ] Safepoint "Cleanup", Time since last: 1000101828 ns, Reaching safepoint: 81256 ns, At safepoint: 3197 ns, Total: 84453 ns
[2024-02-06T08:03:43.131+0000][7][safepoint   ] Safepoint "Cleanup", Time since last: 3000220332 ns, Reaching safepoint: 70516 ns, At safepoint: 2173 ns, Total: 72689 ns
[2024-02-06T08:03:48.131+0000][7][safepoint   ] Safepoint "Cleanup", Time since last: 5000386586 ns, Reaching safepoint: 66056 ns, At safepoint: 3625 ns, Total: 69681 ns
[2024-02-06T08:03:51.131+0000][7][safepoint   ] Safepoint "Cleanup", Time since last: 3000215448 ns, Reaching safepoint: 65407 ns, At safepoint: 3173 ns, Total: 68580 ns
[2024-02-06T08:03:52.132+0000][7][safepoint   ] Safepoint "Cleanup", Time since last: 1000105462 ns, Reaching safepoint: 66252 ns, At safepoint: 3257 ns, Total: 69509 ns
[2024-02-06T08:03:56.132+0000][7][safepoint   ] Safepoint "Cleanup", Time since last: 4000278222 ns, Reaching safepoint: 63653 ns, At safepoint: 3920 ns, Total: 67573 ns
[2024-02-06T08:03:58.132+0000][7][safepoint   ] Safepoint "Cleanup", Time since last: 2000162139 ns, Reaching safepoint: 63739 ns, At safepoint: 3653 ns, Total: 67392 ns
[2024-02-06T08:03:59.132+0000][7][safepoint   ] Safepoint "Cleanup", Time since last: 1000092864 ns, Reaching safepoint: 70550 ns, At safepoint: 4648 ns, Total: 75198 ns
[2024-02-06T08:04:00.133+0000][7][safepoint   ] Safepoint "Cleanup", Time since last: 1000101456 ns, Reaching safepoint: 61203 ns, At safepoint: 3449 ns, Total: 64652 ns
[2024-02-06T08:04:03.133+0000][7][safepoint   ] Safepoint "Cleanup", Time since last: 3000228349 ns, Reaching safepoint: 62830 ns, At safepoint: 3327 ns, Total: 66157 ns
[2024-02-06T08:04:05.133+0000][7][safepoint   ] Safepoint "Cleanup", Time since last: 2000158715 ns, Reaching safepoint: 62793 ns, At safepoint: 4460 ns, Total: 67253 ns
[2024-02-06T08:04:08.133+0000][7][safepoint   ] Safepoint "Cleanup", Time since last: 3000220500 ns, Reaching safepoint: 60437 ns, At safepoint: 2988 ns, Total: 63425 ns
[2024-02-06T08:04:09.134+0000][7][safepoint   ] Safepoint "Cleanup", Time since last: 1000100532 ns, Reaching safepoint: 57569 ns, At safepoint: 3560 ns, Total: 61129 ns
[2024-02-06T08:04:12.134+0000][7][safepoint   ] Safepoint "Cleanup", Time since last: 3000211342 ns, Reaching safepoint: 62149 ns, At safepoint: 4749 ns, Total: 66898 ns
[2024-02-06T08:04:30.135+0000][7][safepoint   ] Safepoint "Cleanup", Time since last: 18001109707 ns, Reaching safepoint: 58185 ns, At safepoint: 3077 ns, Total: 61262 ns
[2024-02-06T08:04:32.135+0000][7][safepoint   ] Safepoint "Cleanup", Time since last: 2000215345 ns, Reaching safepoint: 62915 ns, At safepoint: 3415 ns, Total: 66330 ns
[2024-02-06T08:04:37.136+0000][7][safepoint   ] Safepoint "Cleanup", Time since last: 5000349485 ns, Reaching safepoint: 84793 ns, At safepoint: 3347 ns, Total: 88140 ns
[2024-02-06T08:04:41.136+0000][7][safepoint   ] Safepoint "Cleanup", Time since last: 4000275560 ns, Reaching safepoint: 73023 ns, At safepoint: 4735 ns, Total: 77758 ns
[2024-02-06T08:04:43.136+0000][7][safepoint   ] Safepoint "Cleanup", Time since last: 2000160454 ns, Reaching safepoint: 67104 ns, At safepoint: 3318 ns, Total: 70422 ns
[2024-02-06T08:04:54.137+0000][7][safepoint   ] Safepoint "Cleanup", Time since last: 11000760044 ns, Reaching safepoint: 66528 ns, At safepoint: 3448 ns, Total: 69976 ns
[2024-02-06T08:04:56.137+0000][7][safepoint   ] Safepoint "Cleanup", Time since last: 2000168963 ns, Reaching safepoint: 64228 ns, At safepoint: 4753 ns, Total: 68981 ns
[2024-02-06T08:05:18.139+0000][7][safepoint   ] Safepoint "Cleanup", Time since last: 22001386964 ns, Reaching safepoint: 73104 ns, At safepoint: 4618 ns, Total: 77722 ns
[2024-02-06T08:05:19.139+0000][7][safepoint   ] Safepoint "Cleanup", Time since last: 1000163528 ns, Reaching safepoint: 65376 ns, At safepoint: 3686 ns, Total: 69062 ns
[2024-02-06T08:05:26.140+0000][7][safepoint   ] Safepoint "Cleanup", Time since last: 7000472697 ns, Reaching safepoint: 67459 ns, At safepoint: 3580 ns, Total: 71039 ns
[2024-02-06T08:05:36.140+0000][7][safepoint   ] Safepoint "Cleanup", Time since last: 10000655062 ns, Reaching safepoint: 79454 ns, At safepoint: 3429 ns, Total: 82883 ns
[2024-02-06T08:05:43.141+0000][7][safepoint   ] Safepoint "Cleanup", Time since last: 7000453742 ns, Reaching safepoint: 65545 ns, At safepoint: 3386 ns, Total: 68931 ns
[2024-02-06T08:05:49.141+0000][7][safepoint   ] Safepoint "Cleanup", Time since last: 6000448254 ns, Reaching safepoint: 69065 ns, At safepoint: 4471 ns, Total: 73536 ns
[2024-02-06T08:05:56.142+0000][7][safepoint   ] Safepoint "Cleanup", Time since last: 7000424294 ns, Reaching safepoint: 65564 ns, At safepoint: 3240 ns, Total: 68804 ns
[2024-02-06T08:06:12.143+0000][7][safepoint   ] Safepoint "Cleanup", Time since last: 16000924993 ns, Reaching safepoint: 81912 ns, At safepoint: 3455 ns, Total: 85367 ns
[2024-02-06T08:06:13.143+0000][7][safepoint   ] Safepoint "Cleanup", Time since last: 1000092237 ns, Reaching safepoint: 67020 ns, At safepoint: 3433 ns, Total: 70453 ns
[2024-02-06T08:06:23.144+0000][7][safepoint   ] Safepoint "Cleanup", Time since last: 10000706684 ns, Reaching safepoint: 66706 ns, At safepoint: 4677 ns, Total: 71383 ns
[2024-02-06T08:06:34.001+0000][7][safepoint   ] Safepoint "Cleanup", Time since last: 10857157171 ns, Reaching safepoint: 68998 ns, At safepoint: 3248 ns, Total: 72246 ns
[2024-02-06T08:06:35.151+0000][7][safepoint   ] Safepoint "Cleanup", Time since last: 1149346892 ns, Reaching safepoint: 129449 ns, At safepoint: 3462 ns, Total: 132911 ns
[2024-02-06T08:06:36.151+0000][7][safepoint   ] Safepoint "Cleanup", Time since last: 1000101506 ns, Reaching safepoint: 69467 ns, At safepoint: 3609 ns, Total: 73076 ns
[2024-02-06T08:06:43.151+0000][7][safepoint   ] Safepoint "Cleanup", Time since last: 7000460819 ns, Reaching safepoint: 70375 ns, At safepoint: 3608 ns, Total: 73983 ns
[2024-02-06T08:06:46.152+0000][7][safepoint   ] Safepoint "Cleanup", Time since last: 3000225434 ns, Reaching safepoint: 68023 ns, At safepoint: 3383 ns, Total: 71406 ns
[2024-02-06T08:06:55.945+0000][7][safepoint   ] Safepoint "Cleanup", Time since last: 9793574535 ns, Reaching safepoint: 76122 ns, At safepoint: 4583 ns, Total: 80705 ns
[2024-02-06T08:07:08.914+0000][7][safepoint   ] Safepoint "Cleanup", Time since last: 12968644858 ns, Reaching safepoint: 128760 ns, At safepoint: 5025 ns, Total: 133785 ns
[2024-02-06T08:07:12.914+0000][7][safepoint   ] Safepoint "Cleanup", Time since last: 4000370523 ns, Reaching safepoint: 60635 ns, At safepoint: 3290 ns, Total: 63925 ns
[2024-02-06T08:07:42.916+0000][7][safepoint   ] Safepoint "Cleanup", Time since last: 30001850214 ns, Reaching safepoint: 110543 ns, At safepoint: 3583 ns, Total: 114126 ns
[2024-02-06T08:07:46.917+0000][7][safepoint   ] Safepoint "Cleanup", Time since last: 4000251823 ns, Reaching safepoint: 95492 ns, At safepoint: 3515 ns, Total: 99007 ns
[2024-02-06T08:08:02.918+0000][7][safepoint   ] Safepoint "Cleanup", Time since last: 16001082245 ns, Reaching safepoint: 112522 ns, At safepoint: 4330 ns, Total: 116852 ns
[2024-02-06T08:08:12.919+0000][7][safepoint   ] Safepoint "Cleanup", Time since last: 10000662969 ns, Reaching safepoint: 103993 ns, At safepoint: 3829 ns, Total: 107822 ns
[2024-02-06T08:08:15.919+0000][7][safepoint   ] Safepoint "Cleanup", Time since last: 3000300895 ns, Reaching safepoint: 74657 ns, At safepoint: 4080 ns, Total: 78737 ns
[2024-02-06T08:08:33.920+0000][7][safepoint   ] Safepoint "Cleanup", Time since last: 18001142906 ns, Reaching safepoint: 76094 ns, At safepoint: 3332 ns, Total: 79426 ns
[2024-02-06T08:08:34.002+0000][7][gc,heap,exit] Heap
[2024-02-06T08:08:34.002+0000][7][gc,heap,exit]  garbage-first heap   total 524288K, used 169446K [0x00000000e0000000, 0x0000000100000000)
[2024-02-06T08:08:34.002+0000][7][gc,heap,exit]   region size 4096K, 27 young (110592K), 6 survivors (24576K)
[2024-02-06T08:08:34.002+0000][7][gc,heap,exit]  Metaspace       used 93264K, capacity 96650K, committed 97948K, reserved 1134592K
[2024-02-06T08:08:34.002+0000][7][gc,heap,exit]   class space    used 12585K, capacity 13656K, committed 13804K, reserved 1048576K
