[2024-02-13T16:39:13.372+0000][7][gc] Using G1
[2024-02-13T16:39:13.583+0000][7][gc,init] Version: 15.0.1+9 (release)
[2024-02-13T16:39:13.583+0000][7][gc,init] CPUs: 16 total, 16 available
[2024-02-13T16:39:13.583+0000][7][gc,init] Memory: 63240M
[2024-02-13T16:39:13.583+0000][7][gc,init] Large Page Support: Disabled
[2024-02-13T16:39:13.583+0000][7][gc,init] NUMA Support: Disabled
[2024-02-13T16:39:13.583+0000][7][gc,init] Compressed Oops: Enabled (32-bit)
[2024-02-13T16:39:13.583+0000][7][gc,init] Heap Region Size: 4M
[2024-02-13T16:39:13.583+0000][7][gc,init] Heap Min Capacity: 512M
[2024-02-13T16:39:13.583+0000][7][gc,init] Heap Initial Capacity: 512M
[2024-02-13T16:39:13.583+0000][7][gc,init] Heap Max Capacity: 512M
[2024-02-13T16:39:13.583+0000][7][gc,init] Pre-touch: Enabled
[2024-02-13T16:39:13.583+0000][7][gc,init] Parallel Workers: 13
[2024-02-13T16:39:13.583+0000][7][gc,init] Concurrent Workers: 3
[2024-02-13T16:39:13.583+0000][7][gc,init] Concurrent Refinement Workers: 13
[2024-02-13T16:39:13.583+0000][7][gc,init] Periodic GC: Disabled
[2024-02-13T16:39:13.584+0000][7][gc,cds ] Mark closed archive regions in map: [0x00000000ffc00000, 0x00000000ffc7bff8]
[2024-02-13T16:39:13.584+0000][7][gc,cds ] Mark open archive regions in map: [0x00000000ffb00000, 0x00000000ffb51ff8]
[2024-02-13T16:39:13.584+0000][7][gc,metaspace] CDS archive(s) mapped at: [0x0000000800000000-0x0000000800b2a000-0x0000000800b2a000), size 11706368, SharedBaseAddress: 0x0000000800000000, ArchiveRelocationMode: 0.
[2024-02-13T16:39:13.584+0000][7][gc,metaspace] Compressed class space mapped at: 0x0000000800b2c000-0x0000000840b2c000, size: 1073741824
[2024-02-13T16:39:13.584+0000][7][gc,metaspace] Narrow klass base: 0x0000000800000000, Narrow klass shift: 3, Narrow klass range: 0x100000000
[2024-02-13T16:39:13.829+0000][7][safepoint   ] Safepoint "ICBufferFull", Time since last: 237429516 ns, Reaching safepoint: 102544 ns, At safepoint: 4516 ns, Total: 107060 ns
[2024-02-13T16:39:13.994+0000][7][gc,start    ] GC(0) Pause Young (Normal) (G1 Evacuation Pause)
[2024-02-13T16:39:13.995+0000][7][gc,task     ] GC(0) Using 12 workers of 13 for evacuation
[2024-02-13T16:39:13.995+0000][7][gc,age      ] GC(0) Desired survivor size 2097152 bytes, new threshold 15 (max threshold 15)
[2024-02-13T16:39:13.997+0000][7][gc,age      ] GC(0) Age table with threshold 15 (max threshold 15)
[2024-02-13T16:39:13.997+0000][7][gc,age      ] GC(0) - age   1:    4163472 bytes,    4163472 total
[2024-02-13T16:39:13.997+0000][7][gc,phases   ] GC(0)   Pre Evacuate Collection Set: 0.1ms
[2024-02-13T16:39:13.997+0000][7][gc,phases   ] GC(0)   Merge Heap Roots: 0.1ms
[2024-02-13T16:39:13.997+0000][7][gc,phases   ] GC(0)   Evacuate Collection Set: 1.5ms
[2024-02-13T16:39:13.997+0000][7][gc,phases   ] GC(0)   Post Evacuate Collection Set: 0.2ms
[2024-02-13T16:39:13.997+0000][7][gc,phases   ] GC(0)   Other: 1.3ms
[2024-02-13T16:39:13.997+0000][7][gc,heap     ] GC(0) Eden regions: 6->0(6)
[2024-02-13T16:39:13.997+0000][7][gc,heap     ] GC(0) Survivor regions: 0->1(1)
[2024-02-13T16:39:13.997+0000][7][gc,heap     ] GC(0) Old regions: 0->1
[2024-02-13T16:39:13.997+0000][7][gc,heap     ] GC(0) Archive regions: 2->2
[2024-02-13T16:39:13.997+0000][7][gc,heap     ] GC(0) Humongous regions: 0->0
[2024-02-13T16:39:13.997+0000][7][gc,metaspace] GC(0) Metaspace: 7746K(8960K)->7746K(8960K) NonClass: 6900K(7936K)->6900K(7936K) Class: 845K(1024K)->845K(1024K)
[2024-02-13T16:39:13.997+0000][7][gc          ] GC(0) Pause Young (Normal) (G1 Evacuation Pause) 27M->7M(512M) 3.199ms
[2024-02-13T16:39:13.997+0000][7][gc,cpu      ] GC(0) User=0.02s Sys=0.00s Real=0.01s
[2024-02-13T16:39:13.997+0000][7][safepoint   ] Safepoint "G1CollectForAllocation", Time since last: 164295455 ns, Reaching safepoint: 132653 ns, At safepoint: 3298388 ns, Total: 3431041 ns
[2024-02-13T16:39:14.446+0000][7][gc,start    ] GC(1) Pause Young (Normal) (G1 Evacuation Pause)
[2024-02-13T16:39:14.446+0000][7][gc,task     ] GC(1) Using 12 workers of 13 for evacuation
[2024-02-13T16:39:14.446+0000][7][gc,age      ] GC(1) Desired survivor size 2097152 bytes, new threshold 1 (max threshold 15)
[2024-02-13T16:39:14.449+0000][7][gc,age      ] GC(1) Age table with threshold 1 (max threshold 15)
[2024-02-13T16:39:14.449+0000][7][gc,age      ] GC(1) - age   1:    2064040 bytes,    2064040 total
[2024-02-13T16:39:14.449+0000][7][gc,phases   ] GC(1)   Pre Evacuate Collection Set: 0.1ms
[2024-02-13T16:39:14.449+0000][7][gc,phases   ] GC(1)   Merge Heap Roots: 0.0ms
[2024-02-13T16:39:14.449+0000][7][gc,phases   ] GC(1)   Evacuate Collection Set: 3.0ms
[2024-02-13T16:39:14.449+0000][7][gc,phases   ] GC(1)   Post Evacuate Collection Set: 0.2ms
[2024-02-13T16:39:14.449+0000][7][gc,phases   ] GC(1)   Other: 0.2ms
[2024-02-13T16:39:14.449+0000][7][gc,heap     ] GC(1) Eden regions: 6->0(13)
[2024-02-13T16:39:14.449+0000][7][gc,heap     ] GC(1) Survivor regions: 1->1(1)
[2024-02-13T16:39:14.449+0000][7][gc,heap     ] GC(1) Old regions: 1->1
[2024-02-13T16:39:14.449+0000][7][gc,heap     ] GC(1) Archive regions: 2->2
[2024-02-13T16:39:14.449+0000][7][gc,heap     ] GC(1) Humongous regions: 0->0
[2024-02-13T16:39:14.449+0000][7][gc,metaspace] GC(1) Metaspace: 12158K(12544K)->12158K(12544K) NonClass: 10726K(11008K)->10726K(11008K) Class: 1432K(1536K)->1432K(1536K)
[2024-02-13T16:39:14.449+0000][7][gc          ] GC(1) Pause Young (Normal) (G1 Evacuation Pause) 31M->9M(512M) 3.745ms
[2024-02-13T16:39:14.449+0000][7][gc,cpu      ] GC(1) User=0.02s Sys=0.00s Real=0.01s
[2024-02-13T16:39:14.449+0000][7][safepoint   ] Safepoint "G1CollectForAllocation", Time since last: 448161132 ns, Reaching safepoint: 163590 ns, At safepoint: 3809358 ns, Total: 3972948 ns
[2024-02-13T16:39:14.869+0000][7][safepoint   ] Safepoint "ICBufferFull", Time since last: 419325217 ns, Reaching safepoint: 130788 ns, At safepoint: 4077 ns, Total: 134865 ns
[2024-02-13T16:39:14.935+0000][7][gc,start    ] GC(2) Pause Young (Normal) (G1 Evacuation Pause)
[2024-02-13T16:39:14.936+0000][7][gc,task     ] GC(2) Using 12 workers of 13 for evacuation
[2024-02-13T16:39:14.936+0000][7][gc,age      ] GC(2) Desired survivor size 4194304 bytes, new threshold 15 (max threshold 15)
[2024-02-13T16:39:14.937+0000][7][gc,age      ] GC(2) Age table with threshold 15 (max threshold 15)
[2024-02-13T16:39:14.937+0000][7][gc,age      ] GC(2) - age   1:    1290256 bytes,    1290256 total
[2024-02-13T16:39:14.937+0000][7][gc,age      ] GC(2) - age   2:    2039128 bytes,    3329384 total
[2024-02-13T16:39:14.937+0000][7][gc,phases   ] GC(2)   Pre Evacuate Collection Set: 0.1ms
[2024-02-13T16:39:14.937+0000][7][gc,phases   ] GC(2)   Merge Heap Roots: 0.0ms
[2024-02-13T16:39:14.938+0000][7][gc,phases   ] GC(2)   Evacuate Collection Set: 1.3ms
[2024-02-13T16:39:14.938+0000][7][gc,phases   ] GC(2)   Post Evacuate Collection Set: 0.3ms
[2024-02-13T16:39:14.938+0000][7][gc,phases   ] GC(2)   Other: 0.2ms
[2024-02-13T16:39:14.938+0000][7][gc,heap     ] GC(2) Eden regions: 13->0(72)
[2024-02-13T16:39:14.938+0000][7][gc,heap     ] GC(2) Survivor regions: 1->1(2)
[2024-02-13T16:39:14.938+0000][7][gc,heap     ] GC(2) Old regions: 1->1
[2024-02-13T16:39:14.938+0000][7][gc,heap     ] GC(2) Archive regions: 2->2
[2024-02-13T16:39:14.938+0000][7][gc,heap     ] GC(2) Humongous regions: 0->0
[2024-02-13T16:39:14.938+0000][7][gc,metaspace] GC(2) Metaspace: 14913K(15360K)->14913K(15360K) NonClass: 13228K(13568K)->13228K(13568K) Class: 1685K(1792K)->1685K(1792K)
[2024-02-13T16:39:14.938+0000][7][gc          ] GC(2) Pause Young (Normal) (G1 Evacuation Pause) 61M->11M(512M) 2.150ms
[2024-02-13T16:39:14.938+0000][7][gc,cpu      ] GC(2) User=0.02s Sys=0.00s Real=0.01s
[2024-02-13T16:39:14.938+0000][7][safepoint   ] Safepoint "G1CollectForAllocation", Time since last: 66607149 ns, Reaching safepoint: 81506 ns, At safepoint: 2212021 ns, Total: 2293527 ns
[2024-02-13T16:39:15.006+0000][7][safepoint   ] Safepoint "ICBufferFull", Time since last: 68241160 ns, Reaching safepoint: 94802 ns, At safepoint: 6783 ns, Total: 101585 ns
[2024-02-13T16:39:15.010+0000][7][safepoint   ] Safepoint "ICBufferFull", Time since last: 3483169 ns, Reaching safepoint: 43442 ns, At safepoint: 3856 ns, Total: 47298 ns
[2024-02-13T16:39:15.012+0000][7][safepoint   ] Safepoint "ICBufferFull", Time since last: 2721913 ns, Reaching safepoint: 49542 ns, At safepoint: 4144 ns, Total: 53686 ns
[2024-02-13T16:39:15.014+0000][7][safepoint   ] Safepoint "ICBufferFull", Time since last: 1798240 ns, Reaching safepoint: 120524 ns, At safepoint: 4901 ns, Total: 125425 ns
[2024-02-13T16:39:15.017+0000][7][safepoint   ] Safepoint "ICBufferFull", Time since last: 2663321 ns, Reaching safepoint: 100264 ns, At safepoint: 4298 ns, Total: 104562 ns
[2024-02-13T16:39:15.019+0000][7][safepoint   ] Safepoint "ICBufferFull", Time since last: 1917610 ns, Reaching safepoint: 34705 ns, At safepoint: 3239 ns, Total: 37944 ns
[2024-02-13T16:39:15.021+0000][7][safepoint   ] Safepoint "ICBufferFull", Time since last: 1659362 ns, Reaching safepoint: 94993 ns, At safepoint: 4137 ns, Total: 99130 ns
[2024-02-13T16:39:15.023+0000][7][safepoint   ] Safepoint "ICBufferFull", Time since last: 2198630 ns, Reaching safepoint: 32091 ns, At safepoint: 3016 ns, Total: 35107 ns
[2024-02-13T16:39:15.025+0000][7][safepoint   ] Safepoint "ICBufferFull", Time since last: 2011790 ns, Reaching safepoint: 37160 ns, At safepoint: 3307 ns, Total: 40467 ns
[2024-02-13T16:39:15.028+0000][7][safepoint   ] Safepoint "ICBufferFull", Time since last: 2678920 ns, Reaching safepoint: 33371 ns, At safepoint: 4176 ns, Total: 37547 ns
[2024-02-13T16:39:15.030+0000][7][safepoint   ] Safepoint "ICBufferFull", Time since last: 2169125 ns, Reaching safepoint: 30520 ns, At safepoint: 3003 ns, Total: 33523 ns
[2024-02-13T16:39:15.032+0000][7][safepoint   ] Safepoint "ICBufferFull", Time since last: 2339487 ns, Reaching safepoint: 55999 ns, At safepoint: 4524 ns, Total: 60523 ns
[2024-02-13T16:39:15.035+0000][7][safepoint   ] Safepoint "ICBufferFull", Time since last: 2711927 ns, Reaching safepoint: 36858 ns, At safepoint: 2736 ns, Total: 39594 ns
[2024-02-13T16:39:15.038+0000][7][safepoint   ] Safepoint "ICBufferFull", Time since last: 2711942 ns, Reaching safepoint: 34308 ns, At safepoint: 4242 ns, Total: 38550 ns
[2024-02-13T16:39:15.057+0000][7][safepoint   ] Safepoint "ICBufferFull", Time since last: 18956442 ns, Reaching safepoint: 77429 ns, At safepoint: 6283 ns, Total: 83712 ns
[2024-02-13T16:39:15.211+0000][7][safepoint   ] Safepoint "ICBufferFull", Time since last: 154187406 ns, Reaching safepoint: 160117 ns, At safepoint: 5909 ns, Total: 166026 ns
[2024-02-13T16:39:15.397+0000][7][gc,start    ] GC(3) Pause Young (Normal) (G1 Evacuation Pause)
[2024-02-13T16:39:15.397+0000][7][gc,task     ] GC(3) Using 12 workers of 13 for evacuation
[2024-02-13T16:39:15.397+0000][7][gc,age      ] GC(3) Desired survivor size 20971520 bytes, new threshold 15 (max threshold 15)
[2024-02-13T16:39:15.400+0000][7][gc,age      ] GC(3) Age table with threshold 15 (max threshold 15)
[2024-02-13T16:39:15.400+0000][7][gc,age      ] GC(3) - age   1:    6286200 bytes,    6286200 total
[2024-02-13T16:39:15.400+0000][7][gc,age      ] GC(3) - age   2:    1256848 bytes,    7543048 total
[2024-02-13T16:39:15.400+0000][7][gc,age      ] GC(3) - age   3:    2024712 bytes,    9567760 total
[2024-02-13T16:39:15.400+0000][7][gc,phases   ] GC(3)   Pre Evacuate Collection Set: 0.1ms
[2024-02-13T16:39:15.400+0000][7][gc,phases   ] GC(3)   Merge Heap Roots: 0.0ms
[2024-02-13T16:39:15.400+0000][7][gc,phases   ] GC(3)   Evacuate Collection Set: 2.4ms
[2024-02-13T16:39:15.400+0000][7][gc,phases   ] GC(3)   Post Evacuate Collection Set: 0.5ms
[2024-02-13T16:39:15.400+0000][7][gc,phases   ] GC(3)   Other: 0.3ms
[2024-02-13T16:39:15.400+0000][7][gc,heap     ] GC(3) Eden regions: 72->0(73)
[2024-02-13T16:39:15.400+0000][7][gc,heap     ] GC(3) Survivor regions: 1->3(10)
[2024-02-13T16:39:15.400+0000][7][gc,heap     ] GC(3) Old regions: 1->1
[2024-02-13T16:39:15.400+0000][7][gc,heap     ] GC(3) Archive regions: 2->2
[2024-02-13T16:39:15.400+0000][7][gc,heap     ] GC(3) Humongous regions: 0->0
[2024-02-13T16:39:15.400+0000][7][gc,metaspace] GC(3) Metaspace: 18570K(19328K)->18570K(19328K) NonClass: 16389K(16896K)->16389K(16896K) Class: 2181K(2432K)->2181K(2432K)
[2024-02-13T16:39:15.400+0000][7][gc          ] GC(3) Pause Young (Normal) (G1 Evacuation Pause) 299M->17M(512M) 3.441ms
[2024-02-13T16:39:15.400+0000][7][gc,cpu      ] GC(3) User=0.03s Sys=0.00s Real=0.01s
[2024-02-13T16:39:15.400+0000][7][safepoint   ] Safepoint "G1CollectForAllocation", Time since last: 185234374 ns, Reaching safepoint: 106887 ns, At safepoint: 3503554 ns, Total: 3610441 ns
[2024-02-13T16:39:15.732+0000][7][gc,start    ] GC(4) Pause Young (Normal) (G1 Evacuation Pause)
[2024-02-13T16:39:15.733+0000][7][gc,task     ] GC(4) Using 12 workers of 13 for evacuation
[2024-02-13T16:39:15.733+0000][7][gc,age      ] GC(4) Desired survivor size 20971520 bytes, new threshold 15 (max threshold 15)
[2024-02-13T16:39:15.736+0000][7][gc,age      ] GC(4) Age table with threshold 15 (max threshold 15)
[2024-02-13T16:39:15.737+0000][7][gc,age      ] GC(4) - age   1:    3022936 bytes,    3022936 total
[2024-02-13T16:39:15.737+0000][7][gc,age      ] GC(4) - age   2:    4597032 bytes,    7619968 total
[2024-02-13T16:39:15.737+0000][7][gc,age      ] GC(4) - age   3:    1256848 bytes,    8876816 total
[2024-02-13T16:39:15.737+0000][7][gc,age      ] GC(4) - age   4:    2024712 bytes,   10901528 total
[2024-02-13T16:39:15.737+0000][7][gc,phases   ] GC(4)   Pre Evacuate Collection Set: 0.1ms
[2024-02-13T16:39:15.737+0000][7][gc,phases   ] GC(4)   Merge Heap Roots: 0.1ms
[2024-02-13T16:39:15.737+0000][7][gc,phases   ] GC(4)   Evacuate Collection Set: 3.3ms
[2024-02-13T16:39:15.737+0000][7][gc,phases   ] GC(4)   Post Evacuate Collection Set: 0.4ms
[2024-02-13T16:39:15.737+0000][7][gc,phases   ] GC(4)   Other: 0.2ms
[2024-02-13T16:39:15.737+0000][7][gc,heap     ] GC(4) Eden regions: 73->0(73)
[2024-02-13T16:39:15.737+0000][7][gc,heap     ] GC(4) Survivor regions: 3->3(10)
[2024-02-13T16:39:15.737+0000][7][gc,heap     ] GC(4) Old regions: 1->1
[2024-02-13T16:39:15.737+0000][7][gc,heap     ] GC(4) Archive regions: 2->2
[2024-02-13T16:39:15.737+0000][7][gc,heap     ] GC(4) Humongous regions: 0->0
[2024-02-13T16:39:15.737+0000][7][gc,metaspace] GC(4) Metaspace: 19230K(20224K)->19230K(20224K) NonClass: 16954K(17664K)->16954K(17664K) Class: 2276K(2560K)->2276K(2560K)
[2024-02-13T16:39:15.737+0000][7][gc          ] GC(4) Pause Young (Normal) (G1 Evacuation Pause) 309M->18M(512M) 4.220ms
[2024-02-13T16:39:15.737+0000][7][gc,cpu      ] GC(4) User=0.03s Sys=0.00s Real=0.01s
[2024-02-13T16:39:15.737+0000][7][safepoint   ] Safepoint "G1CollectForAllocation", Time since last: 332319058 ns, Reaching safepoint: 79357 ns, At safepoint: 4282249 ns, Total: 4361606 ns
[2024-02-13T16:39:15.954+0000][7][gc,start    ] GC(5) Pause Young (Normal) (G1 Evacuation Pause)
[2024-02-13T16:39:15.954+0000][7][gc,task     ] GC(5) Using 12 workers of 13 for evacuation
[2024-02-13T16:39:15.954+0000][7][gc,age      ] GC(5) Desired survivor size 20971520 bytes, new threshold 15 (max threshold 15)
[2024-02-13T16:39:15.958+0000][7][gc,age      ] GC(5) Age table with threshold 15 (max threshold 15)
[2024-02-13T16:39:15.958+0000][7][gc,age      ] GC(5) - age   1:    1219576 bytes,    1219576 total
[2024-02-13T16:39:15.958+0000][7][gc,age      ] GC(5) - age   2:    2473304 bytes,    3692880 total
[2024-02-13T16:39:15.958+0000][7][gc,age      ] GC(5) - age   3:    4593016 bytes,    8285896 total
[2024-02-13T16:39:15.958+0000][7][gc,age      ] GC(5) - age   4:    1256848 bytes,    9542744 total
[2024-02-13T16:39:15.958+0000][7][gc,age      ] GC(5) - age   5:    2024712 bytes,   11567456 total
[2024-02-13T16:39:15.958+0000][7][gc,phases   ] GC(5)   Pre Evacuate Collection Set: 0.1ms
[2024-02-13T16:39:15.958+0000][7][gc,phases   ] GC(5)   Merge Heap Roots: 0.1ms
[2024-02-13T16:39:15.958+0000][7][gc,phases   ] GC(5)   Evacuate Collection Set: 2.9ms
[2024-02-13T16:39:15.958+0000][7][gc,phases   ] GC(5)   Post Evacuate Collection Set: 0.4ms
[2024-02-13T16:39:15.958+0000][7][gc,phases   ] GC(5)   Other: 0.3ms
[2024-02-13T16:39:15.958+0000][7][gc,heap     ] GC(5) Eden regions: 73->0(73)
[2024-02-13T16:39:15.958+0000][7][gc,heap     ] GC(5) Survivor regions: 3->3(10)
[2024-02-13T16:39:15.958+0000][7][gc,heap     ] GC(5) Old regions: 1->1
[2024-02-13T16:39:15.958+0000][7][gc,heap     ] GC(5) Archive regions: 2->2
[2024-02-13T16:39:15.958+0000][7][gc,heap     ] GC(5) Humongous regions: 0->0
[2024-02-13T16:39:15.958+0000][7][gc,metaspace] GC(5) Metaspace: 19549K(20736K)->19549K(20736K) NonClass: 17221K(18176K)->17221K(18176K) Class: 2327K(2560K)->2327K(2560K)
[2024-02-13T16:39:15.958+0000][7][gc          ] GC(5) Pause Young (Normal) (G1 Evacuation Pause) 310M->19M(512M) 3.804ms
[2024-02-13T16:39:15.958+0000][7][gc,cpu      ] GC(5) User=0.02s Sys=0.00s Real=0.01s
[2024-02-13T16:39:15.958+0000][7][safepoint   ] Safepoint "G1CollectForAllocation", Time since last: 217367938 ns, Reaching safepoint: 52013 ns, At safepoint: 3863946 ns, Total: 3915959 ns
[2024-02-13T16:39:16.168+0000][7][gc,start    ] GC(6) Pause Young (Normal) (G1 Evacuation Pause)
[2024-02-13T16:39:16.168+0000][7][gc,task     ] GC(6) Using 12 workers of 13 for evacuation
[2024-02-13T16:39:16.168+0000][7][gc,age      ] GC(6) Desired survivor size 20971520 bytes, new threshold 15 (max threshold 15)
[2024-02-13T16:39:16.172+0000][7][gc,age      ] GC(6) Age table with threshold 15 (max threshold 15)
[2024-02-13T16:39:16.172+0000][7][gc,age      ] GC(6) - age   1:    1605920 bytes,    1605920 total
[2024-02-13T16:39:16.172+0000][7][gc,age      ] GC(6) - age   2:     640968 bytes,    2246888 total
[2024-02-13T16:39:16.172+0000][7][gc,age      ] GC(6) - age   3:    2472632 bytes,    4719520 total
[2024-02-13T16:39:16.172+0000][7][gc,age      ] GC(6) - age   4:    4592600 bytes,    9312120 total
[2024-02-13T16:39:16.172+0000][7][gc,age      ] GC(6) - age   5:    1256848 bytes,   10568968 total
[2024-02-13T16:39:16.172+0000][7][gc,age      ] GC(6) - age   6:    2024712 bytes,   12593680 total
[2024-02-13T16:39:16.172+0000][7][gc,phases   ] GC(6)   Pre Evacuate Collection Set: 0.2ms
[2024-02-13T16:39:16.172+0000][7][gc,phases   ] GC(6)   Merge Heap Roots: 0.1ms
[2024-02-13T16:39:16.172+0000][7][gc,phases   ] GC(6)   Evacuate Collection Set: 3.2ms
[2024-02-13T16:39:16.172+0000][7][gc,phases   ] GC(6)   Post Evacuate Collection Set: 0.4ms
[2024-02-13T16:39:16.173+0000][7][gc,phases   ] GC(6)   Other: 0.3ms
[2024-02-13T16:39:16.173+0000][7][gc,heap     ] GC(6) Eden regions: 73->0(72)
[2024-02-13T16:39:16.173+0000][7][gc,heap     ] GC(6) Survivor regions: 3->4(10)
[2024-02-13T16:39:16.173+0000][7][gc,heap     ] GC(6) Old regions: 1->1
[2024-02-13T16:39:16.173+0000][7][gc,heap     ] GC(6) Archive regions: 2->2
[2024-02-13T16:39:16.173+0000][7][gc,heap     ] GC(6) Humongous regions: 0->0
[2024-02-13T16:39:16.173+0000][7][gc,metaspace] GC(6) Metaspace: 19789K(20864K)->19789K(20864K) NonClass: 17415K(18176K)->17415K(18176K) Class: 2373K(2688K)->2373K(2688K)
[2024-02-13T16:39:16.173+0000][7][gc          ] GC(6) Pause Young (Normal) (G1 Evacuation Pause) 311M->20M(512M) 4.247ms
[2024-02-13T16:39:16.173+0000][7][gc,cpu      ] GC(6) User=0.02s Sys=0.00s Real=0.00s
[2024-02-13T16:39:16.173+0000][7][safepoint   ] Safepoint "G1CollectForAllocation", Time since last: 210253732 ns, Reaching safepoint: 61730 ns, At safepoint: 4304201 ns, Total: 4365931 ns
[2024-02-13T16:39:16.291+0000][7][gc,start    ] GC(7) Pause Young (Concurrent Start) (Metadata GC Threshold)
[2024-02-13T16:39:16.291+0000][7][gc,task     ] GC(7) Using 12 workers of 13 for evacuation
[2024-02-13T16:39:16.291+0000][7][gc,age      ] GC(7) Desired survivor size 20971520 bytes, new threshold 15 (max threshold 15)
[2024-02-13T16:39:16.296+0000][7][gc,age      ] GC(7) Age table with threshold 15 (max threshold 15)
[2024-02-13T16:39:16.296+0000][7][gc,age      ] GC(7) - age   1:    1627064 bytes,    1627064 total
[2024-02-13T16:39:16.296+0000][7][gc,age      ] GC(7) - age   2:     619080 bytes,    2246144 total
[2024-02-13T16:39:16.296+0000][7][gc,age      ] GC(7) - age   3:     640904 bytes,    2887048 total
[2024-02-13T16:39:16.296+0000][7][gc,age      ] GC(7) - age   4:    2471592 bytes,    5358640 total
[2024-02-13T16:39:16.296+0000][7][gc,age      ] GC(7) - age   5:    4592112 bytes,    9950752 total
[2024-02-13T16:39:16.296+0000][7][gc,age      ] GC(7) - age   6:    1256672 bytes,   11207424 total
[2024-02-13T16:39:16.296+0000][7][gc,age      ] GC(7) - age   7:    2024712 bytes,   13232136 total
[2024-02-13T16:39:16.296+0000][7][gc,phases   ] GC(7)   Pre Evacuate Collection Set: 0.1ms
[2024-02-13T16:39:16.296+0000][7][gc,phases   ] GC(7)   Merge Heap Roots: 0.1ms
[2024-02-13T16:39:16.296+0000][7][gc,phases   ] GC(7)   Evacuate Collection Set: 4.4ms
[2024-02-13T16:39:16.296+0000][7][gc,phases   ] GC(7)   Post Evacuate Collection Set: 0.4ms
[2024-02-13T16:39:16.296+0000][7][gc,phases   ] GC(7)   Other: 0.3ms
[2024-02-13T16:39:16.296+0000][7][gc,heap     ] GC(7) Eden regions: 37->0(72)
[2024-02-13T16:39:16.296+0000][7][gc,heap     ] GC(7) Survivor regions: 4->4(10)
[2024-02-13T16:39:16.296+0000][7][gc,heap     ] GC(7) Old regions: 1->1
[2024-02-13T16:39:16.296+0000][7][gc,heap     ] GC(7) Archive regions: 2->2
[2024-02-13T16:39:16.296+0000][7][gc,heap     ] GC(7) Humongous regions: 0->0
[2024-02-13T16:39:16.296+0000][7][gc,metaspace] GC(7) Metaspace: 20078K(21296K)->20078K(21296K) NonClass: 17656K(18608K)->17656K(18608K) Class: 2421K(2688K)->2421K(2688K)
[2024-02-13T16:39:16.296+0000][7][gc          ] GC(7) Pause Young (Concurrent Start) (Metadata GC Threshold) 166M->21M(512M) 5.363ms
[2024-02-13T16:39:16.296+0000][7][gc,cpu      ] GC(7) User=0.02s Sys=0.00s Real=0.00s
[2024-02-13T16:39:16.297+0000][7][safepoint   ] Safepoint "CollectForMetadataAllocation", Time since last: 118374436 ns, Reaching safepoint: 51868 ns, At safepoint: 5587498 ns, Total: 5639366 ns
[2024-02-13T16:39:16.297+0000][7][gc          ] GC(8) Concurrent Cycle
[2024-02-13T16:39:16.297+0000][7][gc,marking  ] GC(8) Concurrent Clear Claimed Marks
[2024-02-13T16:39:16.297+0000][7][gc,marking  ] GC(8) Concurrent Clear Claimed Marks 0.024ms
[2024-02-13T16:39:16.297+0000][7][gc,marking  ] GC(8) Concurrent Scan Root Regions
[2024-02-13T16:39:16.300+0000][7][gc,marking  ] GC(8) Concurrent Scan Root Regions 3.564ms
[2024-02-13T16:39:16.300+0000][7][gc,marking  ] GC(8) Concurrent Mark (2.935s)
[2024-02-13T16:39:16.300+0000][7][gc,marking  ] GC(8) Concurrent Mark From Roots
[2024-02-13T16:39:16.300+0000][7][gc,task     ] GC(8) Using 3 workers of 3 for marking
[2024-02-13T16:39:16.303+0000][7][gc,marking  ] GC(8) Concurrent Mark From Roots 3.115ms
[2024-02-13T16:39:16.304+0000][7][gc,marking  ] GC(8) Concurrent Preclean
[2024-02-13T16:39:16.304+0000][7][gc,marking  ] GC(8) Concurrent Preclean 0.203ms
[2024-02-13T16:39:16.304+0000][7][gc,marking  ] GC(8) Concurrent Mark (2.935s, 2.938s) 3.394ms
[2024-02-13T16:39:16.304+0000][7][gc,start    ] GC(8) Pause Remark
[2024-02-13T16:39:16.305+0000][7][gc          ] GC(8) Pause Remark 31M->31M(512M) 1.184ms
[2024-02-13T16:39:16.305+0000][7][gc,cpu      ] GC(8) User=0.01s Sys=0.00s Real=0.00s
[2024-02-13T16:39:16.305+0000][7][safepoint   ] Safepoint "G1Concurrent", Time since last: 7127059 ns, Reaching safepoint: 263572 ns, At safepoint: 1268626 ns, Total: 1532198 ns
[2024-02-13T16:39:16.305+0000][7][gc,marking  ] GC(8) Concurrent Rebuild Remembered Sets
[2024-02-13T16:39:16.308+0000][7][gc,marking  ] GC(8) Concurrent Rebuild Remembered Sets 2.388ms
[2024-02-13T16:39:16.311+0000][7][gc,start    ] GC(8) Pause Cleanup
[2024-02-13T16:39:16.311+0000][7][gc          ] GC(8) Pause Cleanup 37M->37M(512M) 0.131ms
[2024-02-13T16:39:16.311+0000][7][gc,cpu      ] GC(8) User=0.00s Sys=0.00s Real=0.00s
[2024-02-13T16:39:16.311+0000][7][safepoint   ] Safepoint "G1Concurrent", Time since last: 4953508 ns, Reaching safepoint: 307803 ns, At safepoint: 189358 ns, Total: 497161 ns
[2024-02-13T16:39:16.311+0000][7][gc,marking  ] GC(8) Concurrent Cleanup for Next Mark
[2024-02-13T16:39:16.311+0000][7][gc,marking  ] GC(8) Concurrent Cleanup for Next Mark 0.616ms
[2024-02-13T16:39:16.311+0000][7][gc          ] GC(8) Concurrent Cycle 14.733ms
[2024-02-13T16:39:16.496+0000][7][gc,start    ] GC(9) Pause Young (Normal) (G1 Evacuation Pause)
[2024-02-13T16:39:16.496+0000][7][gc,task     ] GC(9) Using 12 workers of 13 for evacuation
[2024-02-13T16:39:16.496+0000][7][gc,age      ] GC(9) Desired survivor size 20971520 bytes, new threshold 15 (max threshold 15)
[2024-02-13T16:39:16.500+0000][7][gc,age      ] GC(9) Age table with threshold 15 (max threshold 15)
[2024-02-13T16:39:16.500+0000][7][gc,age      ] GC(9) - age   1:    1694920 bytes,    1694920 total
[2024-02-13T16:39:16.500+0000][7][gc,age      ] GC(9) - age   2:    1606880 bytes,    3301800 total
[2024-02-13T16:39:16.501+0000][7][gc,age      ] GC(9) - age   3:     617808 bytes,    3919608 total
[2024-02-13T16:39:16.501+0000][7][gc,age      ] GC(9) - age   4:     640360 bytes,    4559968 total
[2024-02-13T16:39:16.501+0000][7][gc,age      ] GC(9) - age   5:    2471592 bytes,    7031560 total
[2024-02-13T16:39:16.501+0000][7][gc,age      ] GC(9) - age   6:    4592112 bytes,   11623672 total
[2024-02-13T16:39:16.501+0000][7][gc,age      ] GC(9) - age   7:    1256320 bytes,   12879992 total
[2024-02-13T16:39:16.501+0000][7][gc,age      ] GC(9) - age   8:    2022952 bytes,   14902944 total
[2024-02-13T16:39:16.501+0000][7][gc,phases   ] GC(9)   Pre Evacuate Collection Set: 0.1ms
[2024-02-13T16:39:16.501+0000][7][gc,phases   ] GC(9)   Merge Heap Roots: 0.1ms
[2024-02-13T16:39:16.501+0000][7][gc,phases   ] GC(9)   Evacuate Collection Set: 3.5ms
[2024-02-13T16:39:16.501+0000][7][gc,phases   ] GC(9)   Post Evacuate Collection Set: 0.4ms
[2024-02-13T16:39:16.501+0000][7][gc,phases   ] GC(9)   Other: 0.3ms
[2024-02-13T16:39:16.501+0000][7][gc,heap     ] GC(9) Eden regions: 72->0(72)
[2024-02-13T16:39:16.501+0000][7][gc,heap     ] GC(9) Survivor regions: 4->4(10)
[2024-02-13T16:39:16.501+0000][7][gc,heap     ] GC(9) Old regions: 1->1
[2024-02-13T16:39:16.501+0000][7][gc,heap     ] GC(9) Archive regions: 2->2
[2024-02-13T16:39:16.501+0000][7][gc,heap     ] GC(9) Humongous regions: 0->0
[2024-02-13T16:39:16.501+0000][7][gc,metaspace] GC(9) Metaspace: 20177K(21552K)->20177K(21552K) NonClass: 17735K(18864K)->17735K(18864K) Class: 2442K(2688K)->2442K(2688K)
[2024-02-13T16:39:16.501+0000][7][gc          ] GC(9) Pause Young (Normal) (G1 Evacuation Pause) 309M->22M(512M) 4.434ms
[2024-02-13T16:39:16.501+0000][7][gc,cpu      ] GC(9) User=0.02s Sys=0.00s Real=0.01s
[2024-02-13T16:39:16.501+0000][7][safepoint   ] Safepoint "G1CollectForAllocation", Time since last: 185427470 ns, Reaching safepoint: 56094 ns, At safepoint: 4493577 ns, Total: 4549671 ns
[2024-02-13T16:39:16.989+0000][7][safepoint   ] Safepoint "ICBufferFull", Time since last: 488176483 ns, Reaching safepoint: 147854 ns, At safepoint: 4321 ns, Total: 152175 ns
[2024-02-13T16:39:17.142+0000][7][safepoint   ] Safepoint "ICBufferFull", Time since last: 152639941 ns, Reaching safepoint: 140543 ns, At safepoint: 4148 ns, Total: 144691 ns
[2024-02-13T16:39:17.852+0000][7][gc,start    ] GC(10) Pause Young (Normal) (G1 Evacuation Pause)
[2024-02-13T16:39:17.852+0000][7][gc,task     ] GC(10) Using 12 workers of 13 for evacuation
[2024-02-13T16:39:17.852+0000][7][gc,age      ] GC(10) Desired survivor size 20971520 bytes, new threshold 15 (max threshold 15)
[2024-02-13T16:39:17.868+0000][7][gc,age      ] GC(10) Age table with threshold 15 (max threshold 15)
[2024-02-13T16:39:17.868+0000][7][gc,age      ] GC(10) - age   1:   20875112 bytes,   20875112 total
[2024-02-13T16:39:17.868+0000][7][gc,age      ] GC(10) - age   2:     638288 bytes,   21513400 total
[2024-02-13T16:39:17.868+0000][7][gc,age      ] GC(10) - age   3:    1598968 bytes,   23112368 total
[2024-02-13T16:39:17.868+0000][7][gc,age      ] GC(10) - age   4:     607696 bytes,   23720064 total
[2024-02-13T16:39:17.868+0000][7][gc,age      ] GC(10) - age   5:     622056 bytes,   24342120 total
[2024-02-13T16:39:17.868+0000][7][gc,age      ] GC(10) - age   6:    2457840 bytes,   26799960 total
[2024-02-13T16:39:17.868+0000][7][gc,age      ] GC(10) - age   7:    4547280 bytes,   31347240 total
[2024-02-13T16:39:17.868+0000][7][gc,age      ] GC(10) - age   8:    1208648 bytes,   32555888 total
[2024-02-13T16:39:17.868+0000][7][gc,age      ] GC(10) - age   9:    2013832 bytes,   34569720 total
[2024-02-13T16:39:17.868+0000][7][gc,phases   ] GC(10)   Pre Evacuate Collection Set: 0.1ms
[2024-02-13T16:39:17.868+0000][7][gc,phases   ] GC(10)   Merge Heap Roots: 0.1ms
[2024-02-13T16:39:17.868+0000][7][gc,phases   ] GC(10)   Evacuate Collection Set: 14.7ms
[2024-02-13T16:39:17.868+0000][7][gc,phases   ] GC(10)   Post Evacuate Collection Set: 1.0ms
[2024-02-13T16:39:17.868+0000][7][gc,phases   ] GC(10)   Other: 0.4ms
[2024-02-13T16:39:17.868+0000][7][gc,heap     ] GC(10) Eden regions: 72->0(67)
[2024-02-13T16:39:17.868+0000][7][gc,heap     ] GC(10) Survivor regions: 4->9(10)
[2024-02-13T16:39:17.868+0000][7][gc,heap     ] GC(10) Old regions: 1->1
[2024-02-13T16:39:17.868+0000][7][gc,heap     ] GC(10) Archive regions: 2->2
[2024-02-13T16:39:17.868+0000][7][gc,heap     ] GC(10) Humongous regions: 0->0
[2024-02-13T16:39:17.868+0000][7][gc,metaspace] GC(10) Metaspace: 29972K(31920K)->29972K(31920K) NonClass: 26248K(27568K)->26248K(27568K) Class: 3723K(4352K)->3723K(4352K)
[2024-02-13T16:39:17.868+0000][7][gc          ] GC(10) Pause Young (Normal) (G1 Evacuation Pause) 310M->41M(512M) 16.284ms
[2024-02-13T16:39:17.868+0000][7][gc,cpu      ] GC(10) User=0.13s Sys=0.00s Real=0.02s
[2024-02-13T16:39:17.868+0000][7][safepoint   ] Safepoint "G1CollectForAllocation", Time since last: 709617528 ns, Reaching safepoint: 141164 ns, At safepoint: 16364055 ns, Total: 16505219 ns
[2024-02-13T16:39:18.355+0000][7][safepoint   ] Safepoint "ICBufferFull", Time since last: 487064338 ns, Reaching safepoint: 149073 ns, At safepoint: 5527 ns, Total: 154600 ns
[2024-02-13T16:39:18.505+0000][7][gc,start    ] GC(11) Pause Young (Concurrent Start) (Metadata GC Threshold)
[2024-02-13T16:39:18.505+0000][7][gc,task     ] GC(11) Using 12 workers of 13 for evacuation
[2024-02-13T16:39:18.505+0000][7][gc,age      ] GC(11) Desired survivor size 20971520 bytes, new threshold 2 (max threshold 15)
[2024-02-13T16:39:18.522+0000][7][gc,age      ] GC(11) Age table with threshold 2 (max threshold 15)
[2024-02-13T16:39:18.522+0000][7][gc,age      ] GC(11) - age   1:   17836000 bytes,   17836000 total
[2024-02-13T16:39:18.522+0000][7][gc,age      ] GC(11) - age   2:   20523072 bytes,   38359072 total
[2024-02-13T16:39:18.522+0000][7][gc,phases   ] GC(11)   Pre Evacuate Collection Set: 0.1ms
[2024-02-13T16:39:18.522+0000][7][gc,phases   ] GC(11)   Merge Heap Roots: 0.0ms
[2024-02-13T16:39:18.522+0000][7][gc,phases   ] GC(11)   Evacuate Collection Set: 16.0ms
[2024-02-13T16:39:18.522+0000][7][gc,phases   ] GC(11)   Post Evacuate Collection Set: 0.6ms
[2024-02-13T16:39:18.522+0000][7][gc,phases   ] GC(11)   Other: 0.3ms
[2024-02-13T16:39:18.522+0000][7][gc,heap     ] GC(11) Eden regions: 34->0(66)
[2024-02-13T16:39:18.522+0000][7][gc,heap     ] GC(11) Survivor regions: 9->10(10)
[2024-02-13T16:39:18.522+0000][7][gc,heap     ] GC(11) Old regions: 1->5
[2024-02-13T16:39:18.522+0000][7][gc,heap     ] GC(11) Archive regions: 2->2
[2024-02-13T16:39:18.522+0000][7][gc,heap     ] GC(11) Humongous regions: 0->0
[2024-02-13T16:39:18.522+0000][7][gc,metaspace] GC(11) Metaspace: 33664K(35888K)->33664K(35888K) NonClass: 29327K(30896K)->29327K(30896K) Class: 4336K(4992K)->4336K(4992K)
[2024-02-13T16:39:18.522+0000][7][gc          ] GC(11) Pause Young (Concurrent Start) (Metadata GC Threshold) 173M->60M(512M) 17.214ms
[2024-02-13T16:39:18.522+0000][7][gc,cpu      ] GC(11) User=0.16s Sys=0.00s Real=0.02s
[2024-02-13T16:39:18.522+0000][7][safepoint   ] Safepoint "CollectForMetadataAllocation", Time since last: 149711142 ns, Reaching safepoint: 86781 ns, At safepoint: 17434807 ns, Total: 17521588 ns
[2024-02-13T16:39:18.522+0000][7][gc          ] GC(12) Concurrent Cycle
[2024-02-13T16:39:18.522+0000][7][gc,marking  ] GC(12) Concurrent Clear Claimed Marks
[2024-02-13T16:39:18.523+0000][7][gc,marking  ] GC(12) Concurrent Clear Claimed Marks 0.058ms
[2024-02-13T16:39:18.523+0000][7][gc,marking  ] GC(12) Concurrent Scan Root Regions
[2024-02-13T16:39:18.536+0000][7][gc,marking  ] GC(12) Concurrent Scan Root Regions 13.453ms
[2024-02-13T16:39:18.536+0000][7][gc,marking  ] GC(12) Concurrent Mark (5.170s)
[2024-02-13T16:39:18.536+0000][7][gc,marking  ] GC(12) Concurrent Mark From Roots
[2024-02-13T16:39:18.536+0000][7][gc,task     ] GC(12) Using 3 workers of 3 for marking
[2024-02-13T16:39:18.539+0000][7][safepoint   ] Safepoint "CollectForMetadataAllocation", Time since last: 15292230 ns, Reaching safepoint: 1067508 ns, At safepoint: 129687 ns, Total: 1197195 ns
[2024-02-13T16:39:18.542+0000][7][gc,marking  ] GC(12) Concurrent Mark From Roots 6.072ms
[2024-02-13T16:39:18.542+0000][7][gc,marking  ] GC(12) Concurrent Preclean
[2024-02-13T16:39:18.542+0000][7][gc,marking  ] GC(12) Concurrent Preclean 0.186ms
[2024-02-13T16:39:18.542+0000][7][gc,marking  ] GC(12) Concurrent Mark (5.170s, 5.177s) 6.353ms
[2024-02-13T16:39:18.543+0000][7][gc,start    ] GC(12) Pause Remark
[2024-02-13T16:39:18.544+0000][7][gc          ] GC(12) Pause Remark 62M->62M(512M) 1.674ms
[2024-02-13T16:39:18.544+0000][7][gc,cpu      ] GC(12) User=0.01s Sys=0.00s Real=0.00s
[2024-02-13T16:39:18.544+0000][7][safepoint   ] Safepoint "G1Concurrent", Time since last: 3538970 ns, Reaching safepoint: 170946 ns, At safepoint: 1753066 ns, Total: 1924012 ns
[2024-02-13T16:39:18.545+0000][7][gc,marking  ] GC(12) Concurrent Rebuild Remembered Sets
[2024-02-13T16:39:18.550+0000][7][gc,marking  ] GC(12) Concurrent Rebuild Remembered Sets 5.511ms
[2024-02-13T16:39:18.551+0000][7][gc,start    ] GC(12) Pause Cleanup
[2024-02-13T16:39:18.551+0000][7][gc          ] GC(12) Pause Cleanup 62M->62M(512M) 0.109ms
[2024-02-13T16:39:18.551+0000][7][gc,cpu      ] GC(12) User=0.00s Sys=0.00s Real=0.00s
[2024-02-13T16:39:18.551+0000][7][safepoint   ] Safepoint "G1Concurrent", Time since last: 5817173 ns, Reaching safepoint: 435902 ns, At safepoint: 166035 ns, Total: 601937 ns
[2024-02-13T16:39:18.551+0000][7][gc,marking  ] GC(12) Concurrent Cleanup for Next Mark
[2024-02-13T16:39:18.551+0000][7][gc,marking  ] GC(12) Concurrent Cleanup for Next Mark 0.624ms
[2024-02-13T16:39:18.551+0000][7][gc          ] GC(12) Concurrent Cycle 29.020ms
[2024-02-13T16:39:19.165+0000][7][safepoint   ] Safepoint "ICBufferFull", Time since last: 614437552 ns, Reaching safepoint: 196885 ns, At safepoint: 13497 ns, Total: 210382 ns
[2024-02-13T16:39:19.830+0000][7][safepoint   ] Safepoint "ICBufferFull", Time since last: 664411631 ns, Reaching safepoint: 199294 ns, At safepoint: 5319 ns, Total: 204613 ns
[2024-02-13T16:39:19.876+0000][7][gc,start    ] GC(13) Pause Young (Concurrent Start) (G1 Evacuation Pause)
[2024-02-13T16:39:19.876+0000][7][gc,task     ] GC(13) Using 12 workers of 13 for evacuation
[2024-02-13T16:39:19.876+0000][7][gc,age      ] GC(13) Desired survivor size 20971520 bytes, new threshold 2 (max threshold 15)
[2024-02-13T16:39:19.893+0000][7][gc,age      ] GC(13) Age table with threshold 2 (max threshold 15)
[2024-02-13T16:39:19.893+0000][7][gc,age      ] GC(13) - age   1:    6536632 bytes,    6536632 total
[2024-02-13T16:39:19.893+0000][7][gc,age      ] GC(13) - age   2:   17764008 bytes,   24300640 total
[2024-02-13T16:39:19.893+0000][7][gc,phases   ] GC(13)   Pre Evacuate Collection Set: 0.2ms
[2024-02-13T16:39:19.893+0000][7][gc,phases   ] GC(13)   Merge Heap Roots: 0.1ms
[2024-02-13T16:39:19.893+0000][7][gc,phases   ] GC(13)   Evacuate Collection Set: 15.7ms
[2024-02-13T16:39:19.893+0000][7][gc,phases   ] GC(13)   Post Evacuate Collection Set: 0.8ms
[2024-02-13T16:39:19.893+0000][7][gc,phases   ] GC(13)   Other: 0.3ms
[2024-02-13T16:39:19.893+0000][7][gc,heap     ] GC(13) Eden regions: 66->0(69)
[2024-02-13T16:39:19.893+0000][7][gc,heap     ] GC(13) Survivor regions: 10->7(10)
[2024-02-13T16:39:19.893+0000][7][gc,heap     ] GC(13) Old regions: 5->10
[2024-02-13T16:39:19.893+0000][7][gc,heap     ] GC(13) Archive regions: 2->2
[2024-02-13T16:39:19.893+0000][7][gc,heap     ] GC(13) Humongous regions: 0->0
[2024-02-13T16:39:19.893+0000][7][gc,metaspace] GC(13) Metaspace: 51827K(54832K)->51827K(54832K) NonClass: 44915K(47024K)->44915K(47024K) Class: 6912K(7808K)->6912K(7808K)
[2024-02-13T16:39:19.893+0000][7][gc          ] GC(13) Pause Young (Concurrent Start) (G1 Evacuation Pause) 324M->67M(512M) 17.130ms
[2024-02-13T16:39:19.893+0000][7][gc,cpu      ] GC(13) User=0.19s Sys=0.00s Real=0.02s
[2024-02-13T16:39:19.893+0000][7][safepoint   ] Safepoint "G1CollectForAllocation", Time since last: 45664517 ns, Reaching safepoint: 110841 ns, At safepoint: 17216672 ns, Total: 17327513 ns
[2024-02-13T16:39:19.893+0000][7][gc          ] GC(14) Concurrent Cycle
[2024-02-13T16:39:19.893+0000][7][gc,marking  ] GC(14) Concurrent Clear Claimed Marks
[2024-02-13T16:39:19.893+0000][7][gc,marking  ] GC(14) Concurrent Clear Claimed Marks 0.061ms
[2024-02-13T16:39:19.893+0000][7][gc,marking  ] GC(14) Concurrent Scan Root Regions
[2024-02-13T16:39:19.906+0000][7][gc,marking  ] GC(14) Concurrent Scan Root Regions 12.568ms
[2024-02-13T16:39:19.906+0000][7][gc,marking  ] GC(14) Concurrent Mark (6.540s)
[2024-02-13T16:39:19.906+0000][7][gc,marking  ] GC(14) Concurrent Mark From Roots
[2024-02-13T16:39:19.906+0000][7][gc,task     ] GC(14) Using 3 workers of 3 for marking
[2024-02-13T16:39:19.915+0000][7][gc,marking  ] GC(14) Concurrent Mark From Roots 9.578ms
[2024-02-13T16:39:19.915+0000][7][gc,marking  ] GC(14) Concurrent Preclean
[2024-02-13T16:39:19.916+0000][7][gc,marking  ] GC(14) Concurrent Preclean 0.529ms
[2024-02-13T16:39:19.916+0000][7][gc,marking  ] GC(14) Concurrent Mark (6.540s, 6.550s) 10.228ms
[2024-02-13T16:39:19.916+0000][7][gc,start    ] GC(14) Pause Remark
[2024-02-13T16:39:19.918+0000][7][gc          ] GC(14) Pause Remark 79M->79M(512M) 1.749ms
[2024-02-13T16:39:19.918+0000][7][gc,cpu      ] GC(14) User=0.01s Sys=0.00s Real=0.01s
[2024-02-13T16:39:19.918+0000][7][safepoint   ] Safepoint "G1Concurrent", Time since last: 23003711 ns, Reaching safepoint: 335490 ns, At safepoint: 1840139 ns, Total: 2175629 ns
[2024-02-13T16:39:19.918+0000][7][gc,marking  ] GC(14) Concurrent Rebuild Remembered Sets
[2024-02-13T16:39:19.932+0000][7][gc,marking  ] GC(14) Concurrent Rebuild Remembered Sets 13.435ms
[2024-02-13T16:39:19.933+0000][7][gc,start    ] GC(14) Pause Cleanup
[2024-02-13T16:39:19.933+0000][7][gc          ] GC(14) Pause Cleanup 89M->89M(512M) 0.138ms
[2024-02-13T16:39:19.933+0000][7][gc,cpu      ] GC(14) User=0.00s Sys=0.00s Real=0.00s
[2024-02-13T16:39:19.933+0000][7][safepoint   ] Safepoint "G1Concurrent", Time since last: 13946186 ns, Reaching safepoint: 543153 ns, At safepoint: 198762 ns, Total: 741915 ns
[2024-02-13T16:39:19.933+0000][7][gc,marking  ] GC(14) Concurrent Cleanup for Next Mark
[2024-02-13T16:39:19.934+0000][7][gc,marking  ] GC(14) Concurrent Cleanup for Next Mark 0.706ms
[2024-02-13T16:39:19.934+0000][7][gc          ] GC(14) Concurrent Cycle 40.633ms
[2024-02-13T16:39:20.239+0000][7][safepoint   ] Safepoint "ICBufferFull", Time since last: 305655506 ns, Reaching safepoint: 186762 ns, At safepoint: 6186 ns, Total: 192948 ns
[2024-02-13T16:39:21.016+0000][7][safepoint   ] Safepoint "ICBufferFull", Time since last: 775999153 ns, Reaching safepoint: 943578 ns, At safepoint: 7116 ns, Total: 950694 ns
[2024-02-13T16:39:21.631+0000][7][safepoint   ] Safepoint "ICBufferFull", Time since last: 615336275 ns, Reaching safepoint: 168133 ns, At safepoint: 4526 ns, Total: 172659 ns
[2024-02-13T16:39:21.738+0000][7][safepoint   ] Safepoint "ICBufferFull", Time since last: 106527753 ns, Reaching safepoint: 229497 ns, At safepoint: 8476 ns, Total: 237973 ns
[2024-02-13T16:39:21.914+0000][7][safepoint   ] Safepoint "ICBufferFull", Time since last: 176008624 ns, Reaching safepoint: 183986 ns, At safepoint: 5088 ns, Total: 189074 ns
[2024-02-13T16:39:22.093+0000][7][safepoint   ] Safepoint "ICBufferFull", Time since last: 178158034 ns, Reaching safepoint: 197380 ns, At safepoint: 6274 ns, Total: 203654 ns
[2024-02-13T16:39:22.265+0000][7][gc,start    ] GC(15) Pause Young (Concurrent Start) (Metadata GC Threshold)
[2024-02-13T16:39:22.265+0000][7][gc,task     ] GC(15) Using 12 workers of 13 for evacuation
[2024-02-13T16:39:22.265+0000][7][gc,age      ] GC(15) Desired survivor size 20971520 bytes, new threshold 2 (max threshold 15)
[2024-02-13T16:39:22.277+0000][7][gc,age      ] GC(15) Age table with threshold 2 (max threshold 15)
[2024-02-13T16:39:22.277+0000][7][gc,age      ] GC(15) - age   1:   13923112 bytes,   13923112 total
[2024-02-13T16:39:22.277+0000][7][gc,age      ] GC(15) - age   2:    6170592 bytes,   20093704 total
[2024-02-13T16:39:22.277+0000][7][gc,phases   ] GC(15)   Pre Evacuate Collection Set: 0.2ms
[2024-02-13T16:39:22.277+0000][7][gc,phases   ] GC(15)   Merge Heap Roots: 0.1ms
[2024-02-13T16:39:22.277+0000][7][gc,phases   ] GC(15)   Evacuate Collection Set: 10.2ms
[2024-02-13T16:39:22.277+0000][7][gc,phases   ] GC(15)   Post Evacuate Collection Set: 1.0ms
[2024-02-13T16:39:22.277+0000][7][gc,phases   ] GC(15)   Other: 0.3ms
[2024-02-13T16:39:22.277+0000][7][gc,heap     ] GC(15) Eden regions: 66->0(70)
[2024-02-13T16:39:22.277+0000][7][gc,heap     ] GC(15) Survivor regions: 7->6(10)
[2024-02-13T16:39:22.277+0000][7][gc,heap     ] GC(15) Old regions: 10->14
[2024-02-13T16:39:22.277+0000][7][gc,heap     ] GC(15) Archive regions: 2->2
[2024-02-13T16:39:22.277+0000][7][gc,heap     ] GC(15) Humongous regions: 2->2
[2024-02-13T16:39:22.277+0000][7][gc,metaspace] GC(15) Metaspace: 87410K(91388K)->87410K(91388K) NonClass: 75620K(78460K)->75620K(78460K) Class: 11789K(12928K)->11789K(12928K)
[2024-02-13T16:39:22.277+0000][7][gc          ] GC(15) Pause Young (Concurrent Start) (Metadata GC Threshold) 337M->89M(512M) 11.832ms
[2024-02-13T16:39:22.277+0000][7][gc,cpu      ] GC(15) User=0.11s Sys=0.00s Real=0.02s
[2024-02-13T16:39:22.277+0000][7][safepoint   ] Safepoint "CollectForMetadataAllocation", Time since last: 172487462 ns, Reaching safepoint: 104735 ns, At safepoint: 12067515 ns, Total: 12172250 ns
[2024-02-13T16:39:22.277+0000][7][gc          ] GC(16) Concurrent Cycle
[2024-02-13T16:39:22.277+0000][7][gc,marking  ] GC(16) Concurrent Clear Claimed Marks
[2024-02-13T16:39:22.277+0000][7][gc,marking  ] GC(16) Concurrent Clear Claimed Marks 0.064ms
[2024-02-13T16:39:22.277+0000][7][gc,marking  ] GC(16) Concurrent Scan Root Regions
[2024-02-13T16:39:22.288+0000][7][gc,marking  ] GC(16) Concurrent Scan Root Regions 10.251ms
[2024-02-13T16:39:22.288+0000][7][gc,marking  ] GC(16) Concurrent Mark (8.922s)
[2024-02-13T16:39:22.288+0000][7][gc,marking  ] GC(16) Concurrent Mark From Roots
[2024-02-13T16:39:22.288+0000][7][gc,task     ] GC(16) Using 3 workers of 3 for marking
[2024-02-13T16:39:22.297+0000][7][safepoint   ] Safepoint "CollectForMetadataAllocation", Time since last: 19086535 ns, Reaching safepoint: 90693 ns, At safepoint: 141198 ns, Total: 231891 ns
[2024-02-13T16:39:22.316+0000][7][gc,marking  ] GC(16) Concurrent Mark From Roots 28.120ms
[2024-02-13T16:39:22.316+0000][7][gc,marking  ] GC(16) Concurrent Preclean
[2024-02-13T16:39:22.316+0000][7][gc,marking  ] GC(16) Concurrent Preclean 0.358ms
[2024-02-13T16:39:22.316+0000][7][gc,marking  ] GC(16) Concurrent Mark (8.922s, 8.951s) 28.596ms
[2024-02-13T16:39:22.316+0000][7][gc,start    ] GC(16) Pause Remark
[2024-02-13T16:39:22.318+0000][7][gc          ] GC(16) Pause Remark 94M->94M(512M) 1.705ms
[2024-02-13T16:39:22.318+0000][7][gc,cpu      ] GC(16) User=0.02s Sys=0.00s Real=0.01s
[2024-02-13T16:39:22.318+0000][7][safepoint   ] Safepoint "G1Concurrent", Time since last: 19753229 ns, Reaching safepoint: 129592 ns, At safepoint: 1806463 ns, Total: 1936055 ns
[2024-02-13T16:39:22.318+0000][7][gc,marking  ] GC(16) Concurrent Rebuild Remembered Sets
[2024-02-13T16:39:22.344+0000][7][gc,marking  ] GC(16) Concurrent Rebuild Remembered Sets 25.278ms
[2024-02-13T16:39:22.344+0000][7][gc,start    ] GC(16) Pause Cleanup
[2024-02-13T16:39:22.344+0000][7][gc          ] GC(16) Pause Cleanup 96M->96M(512M) 0.194ms
[2024-02-13T16:39:22.344+0000][7][gc,cpu      ] GC(16) User=0.00s Sys=0.00s Real=0.00s
[2024-02-13T16:39:22.344+0000][7][safepoint   ] Safepoint "G1Concurrent", Time since last: 25384183 ns, Reaching safepoint: 435822 ns, At safepoint: 266961 ns, Total: 702783 ns
[2024-02-13T16:39:22.344+0000][7][gc,marking  ] GC(16) Concurrent Cleanup for Next Mark
[2024-02-13T16:39:22.345+0000][7][gc,marking  ] GC(16) Concurrent Cleanup for Next Mark 0.660ms
[2024-02-13T16:39:22.345+0000][7][gc          ] GC(16) Concurrent Cycle 67.787ms
[2024-02-13T16:39:23.345+0000][7][safepoint   ] Safepoint "Cleanup", Time since last: 1000073526 ns, Reaching safepoint: 139664 ns, At safepoint: 3310 ns, Total: 142974 ns
[2024-02-13T16:39:26.345+0000][7][safepoint   ] Safepoint "Cleanup", Time since last: 3000323349 ns, Reaching safepoint: 58586 ns, At safepoint: 3478 ns, Total: 62064 ns
[2024-02-13T16:39:29.345+0000][7][safepoint   ] Safepoint "Cleanup", Time since last: 3000251285 ns, Reaching safepoint: 54753 ns, At safepoint: 3306 ns, Total: 58059 ns
[2024-02-13T16:39:31.345+0000][7][safepoint   ] Safepoint "Cleanup", Time since last: 2000199151 ns, Reaching safepoint: 63731 ns, At safepoint: 3719 ns, Total: 67450 ns
[2024-02-13T16:39:33.346+0000][7][safepoint   ] Safepoint "Cleanup", Time since last: 2000204730 ns, Reaching safepoint: 57284 ns, At safepoint: 3428 ns, Total: 60712 ns
[2024-02-13T16:39:34.346+0000][7][safepoint   ] Safepoint "Cleanup", Time since last: 1000130109 ns, Reaching safepoint: 61087 ns, At safepoint: 3074 ns, Total: 64161 ns
[2024-02-13T16:39:40.346+0000][7][safepoint   ] Safepoint "Cleanup", Time since last: 6000418735 ns, Reaching safepoint: 58235 ns, At safepoint: 3439 ns, Total: 61674 ns
[2024-02-13T16:39:50.347+0000][7][safepoint   ] Safepoint "Cleanup", Time since last: 10000657666 ns, Reaching safepoint: 70954 ns, At safepoint: 3403 ns, Total: 74357 ns
[2024-02-13T16:39:51.347+0000][7][safepoint   ] Safepoint "Cleanup", Time since last: 1000130070 ns, Reaching safepoint: 57706 ns, At safepoint: 3759 ns, Total: 61465 ns
[2024-02-13T16:39:52.348+0000][7][safepoint   ] Safepoint "Cleanup", Time since last: 1000134470 ns, Reaching safepoint: 62213 ns, At safepoint: 3254 ns, Total: 65467 ns
[2024-02-13T16:40:01.348+0000][7][safepoint   ] Safepoint "Cleanup", Time since last: 9000667480 ns, Reaching safepoint: 57028 ns, At safepoint: 3580 ns, Total: 60608 ns
[2024-02-13T16:40:02.348+0000][7][safepoint   ] Safepoint "Cleanup", Time since last: 1000130140 ns, Reaching safepoint: 57916 ns, At safepoint: 3512 ns, Total: 61428 ns
[2024-02-13T16:40:04.349+0000][7][safepoint   ] Safepoint "Cleanup", Time since last: 2000200481 ns, Reaching safepoint: 57663 ns, At safepoint: 3417 ns, Total: 61080 ns
[2024-02-13T16:40:05.349+0000][7][safepoint   ] Safepoint "Cleanup", Time since last: 1000134673 ns, Reaching safepoint: 59410 ns, At safepoint: 3474 ns, Total: 62884 ns
[2024-02-13T16:40:06.349+0000][7][safepoint   ] Safepoint "Cleanup", Time since last: 1000136790 ns, Reaching safepoint: 61056 ns, At safepoint: 3391 ns, Total: 64447 ns
[2024-02-13T16:40:11.350+0000][7][safepoint   ] Safepoint "Cleanup", Time since last: 5000376560 ns, Reaching safepoint: 58024 ns, At safepoint: 2866 ns, Total: 60890 ns
[2024-02-13T16:40:15.350+0000][7][safepoint   ] Safepoint "Cleanup", Time since last: 4000321491 ns, Reaching safepoint: 61712 ns, At safepoint: 3451 ns, Total: 65163 ns
[2024-02-13T16:40:17.350+0000][7][safepoint   ] Safepoint "Cleanup", Time since last: 2000204960 ns, Reaching safepoint: 75986 ns, At safepoint: 3370 ns, Total: 79356 ns
[2024-02-13T16:40:18.350+0000][7][safepoint   ] Safepoint "Cleanup", Time since last: 1000131766 ns, Reaching safepoint: 64976 ns, At safepoint: 3717 ns, Total: 68693 ns
[2024-02-13T16:40:20.351+0000][7][safepoint   ] Safepoint "Cleanup", Time since last: 2000158704 ns, Reaching safepoint: 63158 ns, At safepoint: 3500 ns, Total: 66658 ns
[2024-02-13T16:40:21.351+0000][7][safepoint   ] Safepoint "Cleanup", Time since last: 1000133765 ns, Reaching safepoint: 60074 ns, At safepoint: 3293 ns, Total: 63367 ns
[2024-02-13T16:40:22.351+0000][7][safepoint   ] Safepoint "Cleanup", Time since last: 1000142741 ns, Reaching safepoint: 56414 ns, At safepoint: 3521 ns, Total: 59935 ns
[2024-02-13T16:40:23.351+0000][7][safepoint   ] Safepoint "Cleanup", Time since last: 1000133805 ns, Reaching safepoint: 58964 ns, At safepoint: 3196 ns, Total: 62160 ns
[2024-02-13T16:40:25.352+0000][7][safepoint   ] Safepoint "Cleanup", Time since last: 2000193377 ns, Reaching safepoint: 61153 ns, At safepoint: 3746 ns, Total: 64899 ns
[2024-02-13T16:40:27.138+0000][7][safepoint   ] Safepoint "Cleanup", Time since last: 1786620826 ns, Reaching safepoint: 57332 ns, At safepoint: 3363 ns, Total: 60695 ns
[2024-02-13T16:40:28.253+0000][7][safepoint   ] Safepoint "ICBufferFull", Time since last: 1114441589 ns, Reaching safepoint: 194608 ns, At safepoint: 5001 ns, Total: 199609 ns
[2024-02-13T16:40:29.253+0000][7][safepoint   ] Safepoint "Cleanup", Time since last: 1000129697 ns, Reaching safepoint: 94460 ns, At safepoint: 3585 ns, Total: 98045 ns
[2024-02-13T16:40:35.254+0000][7][safepoint   ] Safepoint "Cleanup", Time since last: 6000387690 ns, Reaching safepoint: 82704 ns, At safepoint: 5502 ns, Total: 88206 ns
[2024-02-13T16:40:47.254+0000][7][safepoint   ] Safepoint "Cleanup", Time since last: 12000798875 ns, Reaching safepoint: 93087 ns, At safepoint: 3636 ns, Total: 96723 ns
[2024-02-13T16:40:50.255+0000][7][safepoint   ] Safepoint "Cleanup", Time since last: 3000222061 ns, Reaching safepoint: 78910 ns, At safepoint: 3413 ns, Total: 82323 ns
[2024-02-13T16:40:52.255+0000][7][safepoint   ] Safepoint "Cleanup", Time since last: 2000198215 ns, Reaching safepoint: 85817 ns, At safepoint: 4247 ns, Total: 90064 ns
[2024-02-13T16:40:53.255+0000][7][safepoint   ] Safepoint "Cleanup", Time since last: 1000149029 ns, Reaching safepoint: 76689 ns, At safepoint: 6652 ns, Total: 83341 ns
[2024-02-13T16:41:00.256+0000][7][safepoint   ] Safepoint "Cleanup", Time since last: 7000585948 ns, Reaching safepoint: 75500 ns, At safepoint: 3699 ns, Total: 79199 ns
[2024-02-13T16:41:05.256+0000][7][safepoint   ] Safepoint "Cleanup", Time since last: 5000382022 ns, Reaching safepoint: 74890 ns, At safepoint: 9892 ns, Total: 84782 ns
[2024-02-13T16:41:09.257+0000][7][safepoint   ] Safepoint "Cleanup", Time since last: 4000320684 ns, Reaching safepoint: 79113 ns, At safepoint: 2865 ns, Total: 81978 ns
[2024-02-13T16:41:15.257+0000][7][safepoint   ] Safepoint "Cleanup", Time since last: 6000438070 ns, Reaching safepoint: 85848 ns, At safepoint: 3840 ns, Total: 89688 ns
[2024-02-13T16:41:22.258+0000][7][safepoint   ] Safepoint "Cleanup", Time since last: 7000496305 ns, Reaching safepoint: 76596 ns, At safepoint: 3712 ns, Total: 80308 ns
[2024-02-13T16:41:23.258+0000][7][safepoint   ] Safepoint "Cleanup", Time since last: 1000142448 ns, Reaching safepoint: 74678 ns, At safepoint: 3252 ns, Total: 77930 ns
[2024-02-13T16:41:28.259+0000][7][safepoint   ] Safepoint "Cleanup", Time since last: 5000460481 ns, Reaching safepoint: 105693 ns, At safepoint: 2571 ns, Total: 108264 ns
[2024-02-13T16:41:29.259+0000][7][safepoint   ] Safepoint "Cleanup", Time since last: 1000138790 ns, Reaching safepoint: 79167 ns, At safepoint: 5317 ns, Total: 84484 ns
[2024-02-13T16:41:46.260+0000][7][safepoint   ] Safepoint "Cleanup", Time since last: 17001068131 ns, Reaching safepoint: 94035 ns, At safepoint: 6201 ns, Total: 100236 ns
[2024-02-13T16:41:49.260+0000][7][safepoint   ] Safepoint "Cleanup", Time since last: 3000266000 ns, Reaching safepoint: 96011 ns, At safepoint: 3774 ns, Total: 99785 ns
[2024-02-13T16:41:53.261+0000][7][safepoint   ] Safepoint "Cleanup", Time since last: 4000316431 ns, Reaching safepoint: 81206 ns, At safepoint: 3539 ns, Total: 84745 ns
[2024-02-13T16:41:59.261+0000][7][safepoint   ] Safepoint "Cleanup", Time since last: 6000526206 ns, Reaching safepoint: 81639 ns, At safepoint: 4050 ns, Total: 85689 ns
[2024-02-13T16:42:05.262+0000][7][safepoint   ] Safepoint "Cleanup", Time since last: 6000445458 ns, Reaching safepoint: 78843 ns, At safepoint: 3485 ns, Total: 82328 ns
[2024-02-13T16:42:15.263+0000][7][safepoint   ] Safepoint "Cleanup", Time since last: 10000684496 ns, Reaching safepoint: 78544 ns, At safepoint: 3571 ns, Total: 82115 ns
[2024-02-13T16:42:22.263+0000][7][safepoint   ] Safepoint "Cleanup", Time since last: 7000505441 ns, Reaching safepoint: 88149 ns, At safepoint: 3549 ns, Total: 91698 ns
[2024-02-13T16:42:33.264+0000][7][safepoint   ] Safepoint "Cleanup", Time since last: 11000673201 ns, Reaching safepoint: 77770 ns, At safepoint: 3549 ns, Total: 81319 ns
[2024-02-13T16:42:43.265+0000][7][safepoint   ] Safepoint "Cleanup", Time since last: 10000726786 ns, Reaching safepoint: 77271 ns, At safepoint: 3141 ns, Total: 80412 ns
[2024-02-13T16:42:44.265+0000][7][safepoint   ] Safepoint "Cleanup", Time since last: 1000122065 ns, Reaching safepoint: 78831 ns, At safepoint: 3091 ns, Total: 81922 ns
[2024-02-13T16:42:52.266+0000][7][safepoint   ] Safepoint "Cleanup", Time since last: 8000542808 ns, Reaching safepoint: 89129 ns, At safepoint: 3502 ns, Total: 92631 ns
[2024-02-13T16:42:53.266+0000][7][safepoint   ] Safepoint "Cleanup", Time since last: 1000101503 ns, Reaching safepoint: 99489 ns, At safepoint: 10206 ns, Total: 109695 ns
[2024-02-13T16:43:05.267+0000][7][safepoint   ] Safepoint "Cleanup", Time since last: 12000873758 ns, Reaching safepoint: 78536 ns, At safepoint: 4224 ns, Total: 82760 ns
[2024-02-13T16:43:22.268+0000][7][safepoint   ] Safepoint "Cleanup", Time since last: 17001110908 ns, Reaching safepoint: 97265 ns, At safepoint: 3605 ns, Total: 100870 ns
[2024-02-13T16:43:35.269+0000][7][safepoint   ] Safepoint "Cleanup", Time since last: 13000865524 ns, Reaching safepoint: 78860 ns, At safepoint: 3989 ns, Total: 82849 ns
[2024-02-13T16:43:50.270+0000][7][safepoint   ] Safepoint "Cleanup", Time since last: 15000993584 ns, Reaching safepoint: 106329 ns, At safepoint: 3531 ns, Total: 109860 ns
[2024-02-13T16:43:59.271+0000][7][safepoint   ] Safepoint "Cleanup", Time since last: 9000597380 ns, Reaching safepoint: 93526 ns, At safepoint: 3594 ns, Total: 97120 ns
[2024-02-13T16:44:37.273+0000][7][safepoint   ] Safepoint "Cleanup", Time since last: 38002325489 ns, Reaching safepoint: 80129 ns, At safepoint: 3468 ns, Total: 83597 ns
[2024-02-13T16:44:46.274+0000][7][safepoint   ] Safepoint "Cleanup", Time since last: 9000671574 ns, Reaching safepoint: 79635 ns, At safepoint: 3442 ns, Total: 83077 ns
[2024-02-13T16:44:47.274+0000][7][safepoint   ] Safepoint "Cleanup", Time since last: 1000131909 ns, Reaching safepoint: 101886 ns, At safepoint: 3951 ns, Total: 105837 ns
[2024-02-13T16:44:52.275+0000][7][safepoint   ] Safepoint "Cleanup", Time since last: 5000376734 ns, Reaching safepoint: 79651 ns, At safepoint: 3435 ns, Total: 83086 ns
[2024-02-13T16:45:06.276+0000][7][safepoint   ] Safepoint "Cleanup", Time since last: 14000918612 ns, Reaching safepoint: 79092 ns, At safepoint: 3297 ns, Total: 82389 ns
[2024-02-13T16:45:22.277+0000][7][safepoint   ] Safepoint "Cleanup", Time since last: 16001041011 ns, Reaching safepoint: 98147 ns, At safepoint: 9209 ns, Total: 107356 ns
[2024-02-13T16:45:23.277+0000][7][safepoint   ] Safepoint "Cleanup", Time since last: 1000133215 ns, Reaching safepoint: 84196 ns, At safepoint: 7002 ns, Total: 91198 ns
[2024-02-13T16:45:52.279+0000][7][safepoint   ] Safepoint "Cleanup", Time since last: 29001711024 ns, Reaching safepoint: 119343 ns, At safepoint: 3235 ns, Total: 122578 ns
[2024-02-13T16:46:22.281+0000][7][safepoint   ] Safepoint "Cleanup", Time since last: 30001848996 ns, Reaching safepoint: 92656 ns, At safepoint: 3492 ns, Total: 96148 ns
[2024-02-13T16:46:23.281+0000][7][safepoint   ] Safepoint "Cleanup", Time since last: 1000125208 ns, Reaching safepoint: 87158 ns, At safepoint: 8355 ns, Total: 95513 ns
[2024-02-13T16:46:35.282+0000][7][safepoint   ] Safepoint "Cleanup", Time since last: 12000797450 ns, Reaching safepoint: 78105 ns, At safepoint: 3834 ns, Total: 81939 ns
[2024-02-13T16:46:36.282+0000][7][safepoint   ] Safepoint "Cleanup", Time since last: 1000133634 ns, Reaching safepoint: 76585 ns, At safepoint: 3370 ns, Total: 79955 ns
[2024-02-13T16:47:52.287+0000][7][safepoint   ] Safepoint "Cleanup", Time since last: 76004391072 ns, Reaching safepoint: 88797 ns, At safepoint: 3960 ns, Total: 92757 ns
[2024-02-13T16:47:53.287+0000][7][safepoint   ] Safepoint "Cleanup", Time since last: 1000134625 ns, Reaching safepoint: 76879 ns, At safepoint: 3665 ns, Total: 80544 ns
[2024-02-13T16:48:22.289+0000][7][safepoint   ] Safepoint "Cleanup", Time since last: 29001812892 ns, Reaching safepoint: 90935 ns, At safepoint: 3509 ns, Total: 94444 ns
[2024-02-13T16:48:23.289+0000][7][safepoint   ] Safepoint "Cleanup", Time since last: 1000135438 ns, Reaching safepoint: 79659 ns, At safepoint: 3678 ns, Total: 83337 ns
[2024-02-13T16:48:36.290+0000][7][safepoint   ] Safepoint "Cleanup", Time since last: 13000793240 ns, Reaching safepoint: 73860 ns, At safepoint: 4026 ns, Total: 77886 ns
[2024-02-13T16:48:52.291+0000][7][safepoint   ] Safepoint "Cleanup", Time since last: 16000978182 ns, Reaching safepoint: 95085 ns, At safepoint: 3690 ns, Total: 98775 ns
[2024-02-13T16:48:59.292+0000][7][safepoint   ] Safepoint "Cleanup", Time since last: 7000477728 ns, Reaching safepoint: 78364 ns, At safepoint: 3559 ns, Total: 81923 ns
[2024-02-13T16:49:14.293+0000][7][safepoint   ] Safepoint "Cleanup", Time since last: 15000960208 ns, Reaching safepoint: 109429 ns, At safepoint: 3916 ns, Total: 113345 ns
[2024-02-13T16:49:15.293+0000][7][safepoint   ] Safepoint "Cleanup", Time since last: 1000130183 ns, Reaching safepoint: 75105 ns, At safepoint: 3700 ns, Total: 78805 ns
[2024-02-13T16:49:56.295+0000][7][safepoint   ] Safepoint "Cleanup", Time since last: 41002434377 ns, Reaching safepoint: 87024 ns, At safepoint: 3777 ns, Total: 90801 ns
[2024-02-13T16:50:22.297+0000][7][safepoint   ] Safepoint "Cleanup", Time since last: 26001659763 ns, Reaching safepoint: 75095 ns, At safepoint: 3432 ns, Total: 78527 ns
[2024-02-13T16:50:37.298+0000][7][safepoint   ] Safepoint "Cleanup", Time since last: 15000952388 ns, Reaching safepoint: 77289 ns, At safepoint: 3549 ns, Total: 80838 ns
[2024-02-13T16:51:05.300+0000][7][safepoint   ] Safepoint "Cleanup", Time since last: 28001726765 ns, Reaching safepoint: 99505 ns, At safepoint: 5517 ns, Total: 105022 ns
[2024-02-13T16:51:07.300+0000][7][safepoint   ] Safepoint "Cleanup", Time since last: 2000183805 ns, Reaching safepoint: 76857 ns, At safepoint: 3259 ns, Total: 80116 ns
[2024-02-13T16:51:23.301+0000][7][safepoint   ] Safepoint "Cleanup", Time since last: 16000966932 ns, Reaching safepoint: 87070 ns, At safepoint: 3819 ns, Total: 90889 ns
[2024-02-13T16:51:31.302+0000][7][safepoint   ] Safepoint "Cleanup", Time since last: 8000504876 ns, Reaching safepoint: 76948 ns, At safepoint: 6973 ns, Total: 83921 ns
[2024-02-13T16:52:38.306+0000][7][safepoint   ] Safepoint "Cleanup", Time since last: 67003906952 ns, Reaching safepoint: 125687 ns, At safepoint: 4135 ns, Total: 129822 ns
[2024-02-13T16:52:51.307+0000][7][safepoint   ] Safepoint "Cleanup", Time since last: 13000805876 ns, Reaching safepoint: 79119 ns, At safepoint: 3394 ns, Total: 82513 ns
[2024-02-13T16:52:53.307+0000][7][safepoint   ] Safepoint "Cleanup", Time since last: 2000187377 ns, Reaching safepoint: 90229 ns, At safepoint: 5634 ns, Total: 95863 ns
[2024-02-13T16:54:22.312+0000][7][safepoint   ] Safepoint "Cleanup", Time since last: 89005236337 ns, Reaching safepoint: 78475 ns, At safepoint: 3493 ns, Total: 81968 ns
[2024-02-13T16:55:23.316+0000][7][safepoint   ] Safepoint "Cleanup", Time since last: 61003643295 ns, Reaching safepoint: 88081 ns, At safepoint: 3200 ns, Total: 91281 ns
[2024-02-13T16:55:46.318+0000][7][safepoint   ] Safepoint "Cleanup", Time since last: 23001416956 ns, Reaching safepoint: 137595 ns, At safepoint: 3887 ns, Total: 141482 ns
[2024-02-13T16:55:50.318+0000][7][safepoint   ] Safepoint "Cleanup", Time since last: 4000324041 ns, Reaching safepoint: 68170 ns, At safepoint: 3395 ns, Total: 71565 ns
[2024-02-13T16:55:52.318+0000][7][safepoint   ] Safepoint "Cleanup", Time since last: 2000195607 ns, Reaching safepoint: 71967 ns, At safepoint: 3401 ns, Total: 75368 ns
[2024-02-13T16:56:33.321+0000][7][safepoint   ] Safepoint "Cleanup", Time since last: 41002476654 ns, Reaching safepoint: 96507 ns, At safepoint: 2942 ns, Total: 99449 ns
[2024-02-13T16:57:52.326+0000][7][safepoint   ] Safepoint "Cleanup", Time since last: 79004721571 ns, Reaching safepoint: 89620 ns, At safepoint: 3152 ns, Total: 92772 ns
[2024-02-13T16:58:22.328+0000][7][safepoint   ] Safepoint "Cleanup", Time since last: 30001873968 ns, Reaching safepoint: 93014 ns, At safepoint: 5250 ns, Total: 98264 ns
[2024-02-13T16:58:56.330+0000][7][safepoint   ] Safepoint "Cleanup", Time since last: 34002069428 ns, Reaching safepoint: 90086 ns, At safepoint: 4061 ns, Total: 94147 ns
[2024-02-13T16:59:23.332+0000][7][safepoint   ] Safepoint "Cleanup", Time since last: 27001676753 ns, Reaching safepoint: 104075 ns, At safepoint: 3809 ns, Total: 107884 ns
[2024-02-13T16:59:52.333+0000][7][safepoint   ] Safepoint "Cleanup", Time since last: 29001754727 ns, Reaching safepoint: 77201 ns, At safepoint: 4858 ns, Total: 82059 ns
[2024-02-13T17:00:16.335+0000][7][safepoint   ] Safepoint "Cleanup", Time since last: 24001442791 ns, Reaching safepoint: 90024 ns, At safepoint: 3524 ns, Total: 93548 ns
[2024-02-13T17:00:22.336+0000][7][safepoint   ] Safepoint "Cleanup", Time since last: 6000427136 ns, Reaching safepoint: 72940 ns, At safepoint: 4911 ns, Total: 77851 ns
[2024-02-13T17:00:52.337+0000][7][safepoint   ] Safepoint "Cleanup", Time since last: 30001800464 ns, Reaching safepoint: 87782 ns, At safepoint: 3692 ns, Total: 91474 ns
[2024-02-13T17:01:22.339+0000][7][safepoint   ] Safepoint "Cleanup", Time since last: 30001811917 ns, Reaching safepoint: 82735 ns, At safepoint: 3698 ns, Total: 86433 ns
[2024-02-13T17:01:52.341+0000][7][safepoint   ] Safepoint "Cleanup", Time since last: 30001851987 ns, Reaching safepoint: 75479 ns, At safepoint: 3695 ns, Total: 79174 ns
[2024-02-13T17:02:52.345+0000][7][safepoint   ] Safepoint "Cleanup", Time since last: 60003512458 ns, Reaching safepoint: 98520 ns, At safepoint: 3732 ns, Total: 102252 ns
[2024-02-13T17:02:56.345+0000][7][safepoint   ] Safepoint "Cleanup", Time since last: 4000303152 ns, Reaching safepoint: 94529 ns, At safepoint: 3601 ns, Total: 98130 ns
[2024-02-13T17:03:02.346+0000][7][safepoint   ] Safepoint "Cleanup", Time since last: 6000377715 ns, Reaching safepoint: 107762 ns, At safepoint: 3802 ns, Total: 111564 ns
[2024-02-13T17:03:22.347+0000][7][safepoint   ] Safepoint "Cleanup", Time since last: 20001253112 ns, Reaching safepoint: 70316 ns, At safepoint: 4112 ns, Total: 74428 ns
[2024-02-13T17:03:35.348+0000][7][safepoint   ] Safepoint "Cleanup", Time since last: 13000870386 ns, Reaching safepoint: 82639 ns, At safepoint: 3063 ns, Total: 85702 ns
[2024-02-13T17:03:36.348+0000][7][safepoint   ] Safepoint "Cleanup", Time since last: 1000124869 ns, Reaching safepoint: 79395 ns, At safepoint: 9243 ns, Total: 88638 ns
[2024-02-13T17:03:40.349+0000][7][safepoint   ] Safepoint "Cleanup", Time since last: 4000310923 ns, Reaching safepoint: 77992 ns, At safepoint: 3586 ns, Total: 81578 ns
[2024-02-13T17:03:41.349+0000][7][safepoint   ] Safepoint "Cleanup", Time since last: 1000136888 ns, Reaching safepoint: 74736 ns, At safepoint: 3706 ns, Total: 78442 ns
[2024-02-13T17:03:52.350+0000][7][safepoint   ] Safepoint "Cleanup", Time since last: 11000726899 ns, Reaching safepoint: 74443 ns, At safepoint: 3612 ns, Total: 78055 ns
[2024-02-13T17:04:52.353+0000][7][safepoint   ] Safepoint "Cleanup", Time since last: 60003659575 ns, Reaching safepoint: 89009 ns, At safepoint: 3229 ns, Total: 92238 ns
[2024-02-13T17:05:52.357+0000][7][safepoint   ] Safepoint "Cleanup", Time since last: 60003614474 ns, Reaching safepoint: 86587 ns, At safepoint: 3806 ns, Total: 90393 ns
[2024-02-13T17:06:18.359+0000][7][safepoint   ] Safepoint "Cleanup", Time since last: 26001521678 ns, Reaching safepoint: 86944 ns, At safepoint: 3035 ns, Total: 89979 ns
[2024-02-13T17:06:31.360+0000][7][safepoint   ] Safepoint "Cleanup", Time since last: 13000846951 ns, Reaching safepoint: 93989 ns, At safepoint: 3507 ns, Total: 97496 ns
[2024-02-13T17:06:34.360+0000][7][safepoint   ] Safepoint "Cleanup", Time since last: 3000254149 ns, Reaching safepoint: 81525 ns, At safepoint: 3741 ns, Total: 85266 ns
[2024-02-13T17:06:52.361+0000][7][safepoint   ] Safepoint "Cleanup", Time since last: 18001134119 ns, Reaching safepoint: 78546 ns, At safepoint: 3557 ns, Total: 82103 ns
[2024-02-13T17:08:22.367+0000][7][safepoint   ] Safepoint "Cleanup", Time since last: 90005321497 ns, Reaching safepoint: 117355 ns, At safepoint: 3644 ns, Total: 120999 ns
[2024-02-13T17:08:32.367+0000][7][safepoint   ] Safepoint "Cleanup", Time since last: 10000664248 ns, Reaching safepoint: 90138 ns, At safepoint: 2295 ns, Total: 92433 ns
[2024-02-13T17:08:52.369+0000][7][safepoint   ] Safepoint "Cleanup", Time since last: 20001188057 ns, Reaching safepoint: 108160 ns, At safepoint: 5794 ns, Total: 113954 ns
[2024-02-13T17:09:52.372+0000][7][safepoint   ] Safepoint "Cleanup", Time since last: 60003640967 ns, Reaching safepoint: 90248 ns, At safepoint: 4553 ns, Total: 94801 ns
[2024-02-13T17:09:56.373+0000][7][safepoint   ] Safepoint "Cleanup", Time since last: 4000295112 ns, Reaching safepoint: 109645 ns, At safepoint: 5960 ns, Total: 115605 ns
[2024-02-13T17:10:22.375+0000][7][safepoint   ] Safepoint "Cleanup", Time since last: 26001609526 ns, Reaching safepoint: 78516 ns, At safepoint: 3585 ns, Total: 82101 ns
[2024-02-13T17:10:52.377+0000][7][safepoint   ] Safepoint "Cleanup", Time since last: 30001812910 ns, Reaching safepoint: 119452 ns, At safepoint: 3600 ns, Total: 123052 ns
[2024-02-13T17:11:22.378+0000][7][safepoint   ] Safepoint "Cleanup", Time since last: 30001845771 ns, Reaching safepoint: 89057 ns, At safepoint: 3790 ns, Total: 92847 ns
[2024-02-13T17:12:15.382+0000][7][safepoint   ] Safepoint "Cleanup", Time since last: 53003251309 ns, Reaching safepoint: 94753 ns, At safepoint: 3757 ns, Total: 98510 ns
[2024-02-13T17:13:52.388+0000][7][safepoint   ] Safepoint "Cleanup", Time since last: 97005803166 ns, Reaching safepoint: 110479 ns, At safepoint: 3794 ns, Total: 114273 ns
[2024-02-13T17:14:50.391+0000][7][safepoint   ] Safepoint "Cleanup", Time since last: 58003550756 ns, Reaching safepoint: 105944 ns, At safepoint: 4042 ns, Total: 109986 ns
[2024-02-13T17:14:55.392+0000][7][safepoint   ] Safepoint "Cleanup", Time since last: 5000369516 ns, Reaching safepoint: 100123 ns, At safepoint: 5670 ns, Total: 105793 ns
[2024-02-13T17:17:22.401+0000][7][safepoint   ] Safepoint "Cleanup", Time since last: 147009045079 ns, Reaching safepoint: 109634 ns, At safepoint: 5818 ns, Total: 115452 ns
[2024-02-13T17:18:19.405+0000][7][safepoint   ] Safepoint "Cleanup", Time since last: 57003500745 ns, Reaching safepoint: 117392 ns, At safepoint: 3883 ns, Total: 121275 ns
[2024-02-13T17:19:22.409+0000][7][safepoint   ] Safepoint "Cleanup", Time since last: 63003794292 ns, Reaching safepoint: 92301 ns, At safepoint: 3751 ns, Total: 96052 ns
[2024-02-13T17:19:25.409+0000][7][safepoint   ] Safepoint "Cleanup", Time since last: 3000260293 ns, Reaching safepoint: 79054 ns, At safepoint: 3559 ns, Total: 82613 ns
[2024-02-13T17:20:52.414+0000][7][safepoint   ] Safepoint "Cleanup", Time since last: 87005328333 ns, Reaching safepoint: 89591 ns, At safepoint: 7692 ns, Total: 97283 ns
[2024-02-13T17:22:10.419+0000][7][safepoint   ] Safepoint "Cleanup", Time since last: 78004644910 ns, Reaching safepoint: 95300 ns, At safepoint: 3460 ns, Total: 98760 ns
[2024-02-13T17:22:12.419+0000][7][safepoint   ] Safepoint "Cleanup", Time since last: 2000186970 ns, Reaching safepoint: 110133 ns, At safepoint: 3371 ns, Total: 113504 ns
[2024-02-13T17:22:22.420+0000][7][safepoint   ] Safepoint "Cleanup", Time since last: 10000667775 ns, Reaching safepoint: 81942 ns, At safepoint: 3843 ns, Total: 85785 ns
[2024-02-13T17:23:58.426+0000][7][safepoint   ] Safepoint "Cleanup", Time since last: 96005674975 ns, Reaching safepoint: 92226 ns, At safepoint: 3591 ns, Total: 95817 ns
[2024-02-13T17:24:07.427+0000][7][safepoint   ] Safepoint "Cleanup", Time since last: 9000578786 ns, Reaching safepoint: 121151 ns, At safepoint: 4577 ns, Total: 125728 ns
[2024-02-13T17:27:22.438+0000][7][safepoint   ] Safepoint "Cleanup", Time since last: 195011427777 ns, Reaching safepoint: 94017 ns, At safepoint: 3265 ns, Total: 97282 ns
[2024-02-13T17:27:52.440+0000][7][safepoint   ] Safepoint "Cleanup", Time since last: 30001809941 ns, Reaching safepoint: 90937 ns, At safepoint: 3891 ns, Total: 94828 ns
[2024-02-13T17:28:40.443+0000][7][safepoint   ] Safepoint "Cleanup", Time since last: 48002834177 ns, Reaching safepoint: 93791 ns, At safepoint: 3920 ns, Total: 97711 ns
[2024-02-13T17:31:22.453+0000][7][safepoint   ] Safepoint "Cleanup", Time since last: 162009605038 ns, Reaching safepoint: 95061 ns, At safepoint: 4039 ns, Total: 99100 ns
[2024-02-13T17:31:27.453+0000][7][safepoint   ] Safepoint "Cleanup", Time since last: 5000377562 ns, Reaching safepoint: 78967 ns, At safepoint: 3444 ns, Total: 82411 ns
[2024-02-13T17:32:28.457+0000][7][safepoint   ] Safepoint "Cleanup", Time since last: 61003791816 ns, Reaching safepoint: 111674 ns, At safepoint: 2977 ns, Total: 114651 ns
[2024-02-13T17:32:42.458+0000][7][safepoint   ] Safepoint "Cleanup", Time since last: 14000953028 ns, Reaching safepoint: 102102 ns, At safepoint: 4478 ns, Total: 106580 ns
[2024-02-13T17:35:52.469+0000][7][safepoint   ] Safepoint "Cleanup", Time since last: 190011124586 ns, Reaching safepoint: 87186 ns, At safepoint: 3640 ns, Total: 90826 ns
[2024-02-13T17:37:02.474+0000][7][safepoint   ] Safepoint "Cleanup", Time since last: 70004249932 ns, Reaching safepoint: 152847 ns, At safepoint: 3438 ns, Total: 156285 ns
[2024-02-13T17:38:22.479+0000][7][safepoint   ] Safepoint "Cleanup", Time since last: 80004746403 ns, Reaching safepoint: 94578 ns, At safepoint: 3763 ns, Total: 98341 ns
[2024-02-13T17:39:22.482+0000][7][safepoint   ] Safepoint "Cleanup", Time since last: 60003634466 ns, Reaching safepoint: 114921 ns, At safepoint: 3756 ns, Total: 118677 ns
[2024-02-13T17:41:50.491+0000][7][safepoint   ] Safepoint "Cleanup", Time since last: 148008705555 ns, Reaching safepoint: 88621 ns, At safepoint: 3307 ns, Total: 91928 ns
[2024-02-13T17:41:52.491+0000][7][safepoint   ] Safepoint "Cleanup", Time since last: 2000189026 ns, Reaching safepoint: 77677 ns, At safepoint: 4228 ns, Total: 81905 ns
[2024-02-13T17:43:22.497+0000][7][safepoint   ] Safepoint "Cleanup", Time since last: 90005355807 ns, Reaching safepoint: 132086 ns, At safepoint: 3415 ns, Total: 135501 ns
[2024-02-13T17:43:30.497+0000][7][safepoint   ] Safepoint "Cleanup", Time since last: 8000508833 ns, Reaching safepoint: 98353 ns, At safepoint: 3578 ns, Total: 101931 ns
[2024-02-13T17:43:32.498+0000][7][safepoint   ] Safepoint "Cleanup", Time since last: 2000195580 ns, Reaching safepoint: 77736 ns, At safepoint: 3694 ns, Total: 81430 ns
[2024-02-13T17:43:52.499+0000][7][safepoint   ] Safepoint "Cleanup", Time since last: 20001253380 ns, Reaching safepoint: 86298 ns, At safepoint: 3337 ns, Total: 89635 ns
[2024-02-13T17:46:43.509+0000][7][safepoint   ] Safepoint "Cleanup", Time since last: 171010006186 ns, Reaching safepoint: 95745 ns, At safepoint: 2674 ns, Total: 98419 ns
[2024-02-13T17:50:10.522+0000][7][safepoint   ] Safepoint "Cleanup", Time since last: 207012239871 ns, Reaching safepoint: 91258 ns, At safepoint: 3551 ns, Total: 94809 ns
[2024-02-13T17:51:11.525+0000][7][safepoint   ] Safepoint "Cleanup", Time since last: 61003681986 ns, Reaching safepoint: 92378 ns, At safepoint: 3946 ns, Total: 96324 ns
[2024-02-13T17:51:22.526+0000][7][safepoint   ] Safepoint "Cleanup", Time since last: 11000733019 ns, Reaching safepoint: 93317 ns, At safepoint: 3629 ns, Total: 96946 ns
[2024-02-13T17:52:41.531+0000][7][safepoint   ] Safepoint "Cleanup", Time since last: 79004814644 ns, Reaching safepoint: 95107 ns, At safepoint: 3843 ns, Total: 98950 ns
[2024-02-13T17:54:00.536+0000][7][safepoint   ] Safepoint "Cleanup", Time since last: 79004706518 ns, Reaching safepoint: 96648 ns, At safepoint: 3771 ns, Total: 100419 ns
[2024-02-13T17:54:22.537+0000][7][safepoint   ] Safepoint "Cleanup", Time since last: 22001334455 ns, Reaching safepoint: 92316 ns, At safepoint: 3432 ns, Total: 95748 ns
[2024-02-13T17:55:52.543+0000][7][safepoint   ] Safepoint "Cleanup", Time since last: 90005325488 ns, Reaching safepoint: 97989 ns, At safepoint: 3833 ns, Total: 101822 ns
[2024-02-13T17:57:22.548+0000][7][safepoint   ] Safepoint "Cleanup", Time since last: 90005350848 ns, Reaching safepoint: 87129 ns, At safepoint: 3457 ns, Total: 90586 ns
[2024-02-13T17:59:22.555+0000][7][safepoint   ] Safepoint "Cleanup", Time since last: 120007104388 ns, Reaching safepoint: 88686 ns, At safepoint: 4297 ns, Total: 92983 ns
[2024-02-13T17:59:35.556+0000][7][safepoint   ] Safepoint "Cleanup", Time since last: 13000839346 ns, Reaching safepoint: 76223 ns, At safepoint: 3483 ns, Total: 79706 ns
[2024-02-13T17:59:52.557+0000][7][safepoint   ] Safepoint "Cleanup", Time since last: 17001018091 ns, Reaching safepoint: 89899 ns, At safepoint: 3617 ns, Total: 93516 ns
[2024-02-13T18:01:15.562+0000][7][safepoint   ] Safepoint "Cleanup", Time since last: 83004957064 ns, Reaching safepoint: 91437 ns, At safepoint: 3538 ns, Total: 94975 ns
[2024-02-13T18:06:52.582+0000][7][safepoint   ] Safepoint "Cleanup", Time since last: 337019910835 ns, Reaching safepoint: 94396 ns, At safepoint: 3429 ns, Total: 97825 ns
[2024-02-13T18:07:22.584+0000][7][safepoint   ] Safepoint "Cleanup", Time since last: 30001846488 ns, Reaching safepoint: 96233 ns, At safepoint: 4187 ns, Total: 100420 ns
[2024-02-13T18:09:52.593+0000][7][safepoint   ] Safepoint "Cleanup", Time since last: 150008887705 ns, Reaching safepoint: 98667 ns, At safepoint: 3739 ns, Total: 102406 ns
[2024-02-13T18:11:08.598+0000][7][safepoint   ] Safepoint "Cleanup", Time since last: 76004583664 ns, Reaching safepoint: 97077 ns, At safepoint: 3889 ns, Total: 100966 ns
[2024-02-13T18:12:22.603+0000][7][safepoint   ] Safepoint "Cleanup", Time since last: 74004520691 ns, Reaching safepoint: 101073 ns, At safepoint: 3734 ns, Total: 104807 ns
[2024-02-13T18:15:52.615+0000][7][safepoint   ] Safepoint "Cleanup", Time since last: 210012502206 ns, Reaching safepoint: 90535 ns, At safepoint: 3621 ns, Total: 94156 ns
[2024-02-13T18:17:25.621+0000][7][safepoint   ] Safepoint "Cleanup", Time since last: 93005459413 ns, Reaching safepoint: 84086 ns, At safepoint: 7897 ns, Total: 91983 ns
[2024-02-13T18:18:52.626+0000][7][safepoint   ] Safepoint "Cleanup", Time since last: 87005226294 ns, Reaching safepoint: 91240 ns, At safepoint: 3836 ns, Total: 95076 ns
[2024-02-13T18:19:22.628+0000][7][safepoint   ] Safepoint "Cleanup", Time since last: 30001764248 ns, Reaching safepoint: 111806 ns, At safepoint: 3621 ns, Total: 115427 ns
[2024-02-13T18:19:52.630+0000][7][safepoint   ] Safepoint "Cleanup", Time since last: 30001842599 ns, Reaching safepoint: 88102 ns, At safepoint: 3732 ns, Total: 91834 ns
[2024-02-13T18:21:22.635+0000][7][safepoint   ] Safepoint "Cleanup", Time since last: 90005268551 ns, Reaching safepoint: 94676 ns, At safepoint: 3408 ns, Total: 98084 ns
[2024-02-13T18:24:22.646+0000][7][safepoint   ] Safepoint "Cleanup", Time since last: 180010380266 ns, Reaching safepoint: 89095 ns, At safepoint: 3493 ns, Total: 92588 ns
[2024-02-13T18:25:21.649+0000][7][safepoint   ] Safepoint "Cleanup", Time since last: 59003444785 ns, Reaching safepoint: 89965 ns, At safepoint: 3456 ns, Total: 93421 ns
[2024-02-13T18:25:30.650+0000][7][safepoint   ] Safepoint "Cleanup", Time since last: 9000602208 ns, Reaching safepoint: 77584 ns, At safepoint: 4060 ns, Total: 81644 ns
[2024-02-13T18:25:52.651+0000][7][safepoint   ] Safepoint "Cleanup", Time since last: 22001335507 ns, Reaching safepoint: 87536 ns, At safepoint: 3473 ns, Total: 91009 ns
[2024-02-13T18:29:22.664+0000][7][safepoint   ] Safepoint "Cleanup", Time since last: 210012337383 ns, Reaching safepoint: 83529 ns, At safepoint: 3560 ns, Total: 87089 ns
[2024-02-13T18:29:31.665+0000][7][safepoint   ] Safepoint "Cleanup", Time since last: 9000609960 ns, Reaching safepoint: 73823 ns, At safepoint: 3612 ns, Total: 77435 ns
[2024-02-13T18:29:45.666+0000][7][safepoint   ] Safepoint "Cleanup", Time since last: 14000899538 ns, Reaching safepoint: 74792 ns, At safepoint: 3288 ns, Total: 78080 ns
[2024-02-13T18:30:52.669+0000][7][safepoint   ] Safepoint "Cleanup", Time since last: 67003851036 ns, Reaching safepoint: 89806 ns, At safepoint: 2254 ns, Total: 92060 ns
[2024-02-13T18:31:15.671+0000][7][safepoint   ] Safepoint "Cleanup", Time since last: 23001425206 ns, Reaching safepoint: 92037 ns, At safepoint: 3444 ns, Total: 95481 ns
[2024-02-13T18:33:52.680+0000][7][safepoint   ] Safepoint "Cleanup", Time since last: 157009357097 ns, Reaching safepoint: 97177 ns, At safepoint: 4512 ns, Total: 101689 ns
[2024-02-13T18:34:05.681+0000][7][safepoint   ] Safepoint "Cleanup", Time since last: 13000837374 ns, Reaching safepoint: 97491 ns, At safepoint: 3576 ns, Total: 101067 ns
[2024-02-13T18:34:52.684+0000][7][safepoint   ] Safepoint "Cleanup", Time since last: 47002898773 ns, Reaching safepoint: 101071 ns, At safepoint: 3674 ns, Total: 104745 ns
[2024-02-13T18:35:22.686+0000][7][safepoint   ] Safepoint "Cleanup", Time since last: 30001810604 ns, Reaching safepoint: 95229 ns, At safepoint: 11086 ns, Total: 106315 ns
[2024-02-13T18:37:52.695+0000][7][safepoint   ] Safepoint "Cleanup", Time since last: 150008795068 ns, Reaching safepoint: 91481 ns, At safepoint: 3681 ns, Total: 95162 ns
[2024-02-13T18:39:21.700+0000][7][safepoint   ] Safepoint "Cleanup", Time since last: 89005117016 ns, Reaching safepoint: 92297 ns, At safepoint: 3767 ns, Total: 96064 ns
[2024-02-13T18:39:22.701+0000][7][safepoint   ] Safepoint "Cleanup", Time since last: 1000126026 ns, Reaching safepoint: 94996 ns, At safepoint: 3544 ns, Total: 98540 ns
[2024-02-13T18:40:52.706+0000][7][safepoint   ] Safepoint "Cleanup", Time since last: 90005320048 ns, Reaching safepoint: 92030 ns, At safepoint: 3476 ns, Total: 95506 ns
[2024-02-13T18:41:22.708+0000][7][safepoint   ] Safepoint "Cleanup", Time since last: 30001809857 ns, Reaching safepoint: 134481 ns, At safepoint: 3939 ns, Total: 138420 ns
[2024-02-13T18:44:52.721+0000][7][safepoint   ] Safepoint "Cleanup", Time since last: 210012494329 ns, Reaching safepoint: 133118 ns, At safepoint: 8475 ns, Total: 141593 ns
[2024-02-13T18:45:52.724+0000][7][safepoint   ] Safepoint "Cleanup", Time since last: 60003601279 ns, Reaching safepoint: 95174 ns, At safepoint: 3711 ns, Total: 98885 ns
[2024-02-13T18:46:52.728+0000][7][safepoint   ] Safepoint "Cleanup", Time since last: 60003618547 ns, Reaching safepoint: 91762 ns, At safepoint: 7933 ns, Total: 99695 ns
[2024-02-13T18:47:52.732+0000][7][safepoint   ] Safepoint "Cleanup", Time since last: 60003598421 ns, Reaching safepoint: 89634 ns, At safepoint: 5665 ns, Total: 95299 ns
[2024-02-13T18:52:45.749+0000][7][safepoint   ] Safepoint "Cleanup", Time since last: 293017386754 ns, Reaching safepoint: 91647 ns, At safepoint: 3702 ns, Total: 95349 ns
[2024-02-13T18:54:22.755+0000][7][safepoint   ] Safepoint "Cleanup", Time since last: 97005781023 ns, Reaching safepoint: 95701 ns, At safepoint: 3567 ns, Total: 99268 ns
[2024-02-13T18:54:25.136+0000][7][gc,start    ] GC(17) Pause Young (Concurrent Start) (G1 Evacuation Pause)
[2024-02-13T18:54:25.136+0000][7][gc,task     ] GC(17) Using 12 workers of 13 for evacuation
[2024-02-13T18:54:25.136+0000][7][gc,age      ] GC(17) Desired survivor size 20971520 bytes, new threshold 15 (max threshold 15)
[2024-02-13T18:54:25.144+0000][7][gc,age      ] GC(17) Age table with threshold 15 (max threshold 15)
[2024-02-13T18:54:25.144+0000][7][gc,age      ] GC(17) - age   1:    3666080 bytes,    3666080 total
[2024-02-13T18:54:25.144+0000][7][gc,age      ] GC(17) - age   2:   13421144 bytes,   17087224 total
[2024-02-13T18:54:25.144+0000][7][gc,age      ] GC(17) - age   3:    6052264 bytes,   23139488 total
[2024-02-13T18:54:25.144+0000][7][gc,phases   ] GC(17)   Pre Evacuate Collection Set: 0.2ms
[2024-02-13T18:54:25.144+0000][7][gc,phases   ] GC(17)   Merge Heap Roots: 0.1ms
[2024-02-13T18:54:25.144+0000][7][gc,phases   ] GC(17)   Evacuate Collection Set: 7.0ms
[2024-02-13T18:54:25.144+0000][7][gc,phases   ] GC(17)   Post Evacuate Collection Set: 0.9ms
[2024-02-13T18:54:25.144+0000][7][gc,phases   ] GC(17)   Other: 0.3ms
[2024-02-13T18:54:25.144+0000][7][gc,heap     ] GC(17) Eden regions: 70->0(70)
[2024-02-13T18:54:25.144+0000][7][gc,heap     ] GC(17) Survivor regions: 6->6(10)
[2024-02-13T18:54:25.144+0000][7][gc,heap     ] GC(17) Old regions: 14->14
[2024-02-13T18:54:25.144+0000][7][gc,heap     ] GC(17) Archive regions: 2->2
[2024-02-13T18:54:25.144+0000][7][gc,heap     ] GC(17) Humongous regions: 2->2
[2024-02-13T18:54:25.144+0000][7][gc,metaspace] GC(17) Metaspace: 94526K(98556K)->94526K(98556K) NonClass: 81907K(84860K)->81907K(84860K) Class: 12619K(13696K)->12619K(13696K)
[2024-02-13T18:54:25.144+0000][7][gc          ] GC(17) Pause Young (Concurrent Start) (G1 Evacuation Pause) 369M->91M(512M) 8.653ms
[2024-02-13T18:54:25.144+0000][7][gc,cpu      ] GC(17) User=0.07s Sys=0.00s Real=0.01s
[2024-02-13T18:54:25.145+0000][7][safepoint   ] Safepoint "G1CollectForAllocation", Time since last: 2380575207 ns, Reaching safepoint: 78325 ns, At safepoint: 8743960 ns, Total: 8822285 ns
[2024-02-13T18:54:25.145+0000][7][gc          ] GC(18) Concurrent Cycle
[2024-02-13T18:54:25.145+0000][7][gc,marking  ] GC(18) Concurrent Clear Claimed Marks
[2024-02-13T18:54:25.145+0000][7][gc,marking  ] GC(18) Concurrent Clear Claimed Marks 0.076ms
[2024-02-13T18:54:25.145+0000][7][gc,marking  ] GC(18) Concurrent Scan Root Regions
[2024-02-13T18:54:25.151+0000][7][gc,marking  ] GC(18) Concurrent Scan Root Regions 6.668ms
[2024-02-13T18:54:25.152+0000][7][gc,marking  ] GC(18) Concurrent Mark (8111.786s)
[2024-02-13T18:54:25.152+0000][7][gc,marking  ] GC(18) Concurrent Mark From Roots
[2024-02-13T18:54:25.152+0000][7][gc,task     ] GC(18) Using 3 workers of 3 for marking
[2024-02-13T18:54:25.187+0000][7][gc,marking  ] GC(18) Concurrent Mark From Roots 35.268ms
[2024-02-13T18:54:25.187+0000][7][gc,marking  ] GC(18) Concurrent Preclean
[2024-02-13T18:54:25.187+0000][7][gc,marking  ] GC(18) Concurrent Preclean 0.561ms
[2024-02-13T18:54:25.187+0000][7][gc,marking  ] GC(18) Concurrent Mark (8111.786s, 8111.822s) 35.946ms
[2024-02-13T18:54:25.188+0000][7][gc,start    ] GC(18) Pause Remark
[2024-02-13T18:54:25.195+0000][7][gc          ] GC(18) Pause Remark 96M->96M(512M) 7.438ms
[2024-02-13T18:54:25.195+0000][7][gc,cpu      ] GC(18) User=0.07s Sys=0.00s Real=0.00s
[2024-02-13T18:54:25.195+0000][7][safepoint   ] Safepoint "G1Concurrent", Time since last: 43002748 ns, Reaching safepoint: 135841 ns, At safepoint: 7561272 ns, Total: 7697113 ns
[2024-02-13T18:54:25.195+0000][7][gc,marking  ] GC(18) Concurrent Rebuild Remembered Sets
[2024-02-13T18:54:25.218+0000][7][gc,marking  ] GC(18) Concurrent Rebuild Remembered Sets 22.668ms
[2024-02-13T18:54:25.218+0000][7][gc,start    ] GC(18) Pause Cleanup
[2024-02-13T18:54:25.218+0000][7][gc          ] GC(18) Pause Cleanup 96M->96M(512M) 0.126ms
[2024-02-13T18:54:25.218+0000][7][gc,cpu      ] GC(18) User=0.00s Sys=0.00s Real=0.00s
[2024-02-13T18:54:25.218+0000][7][safepoint   ] Safepoint "G1Concurrent", Time since last: 22781824 ns, Reaching safepoint: 250883 ns, At safepoint: 208511 ns, Total: 459394 ns
[2024-02-13T18:54:25.218+0000][7][gc,marking  ] GC(18) Concurrent Cleanup for Next Mark
[2024-02-13T18:54:25.219+0000][7][gc,marking  ] GC(18) Concurrent Cleanup for Next Mark 0.772ms
[2024-02-13T18:54:25.219+0000][7][gc          ] GC(18) Concurrent Cycle 74.622ms
[2024-02-13T18:54:26.219+0000][7][safepoint   ] Safepoint "Cleanup", Time since last: 1000078922 ns, Reaching safepoint: 87398 ns, At safepoint: 8428 ns, Total: 95826 ns
[2024-02-13T18:54:52.220+0000][7][safepoint   ] Safepoint "Cleanup", Time since last: 26001578324 ns, Reaching safepoint: 125562 ns, At safepoint: 7246 ns, Total: 132808 ns
[2024-02-13T18:54:53.221+0000][7][safepoint   ] Safepoint "Cleanup", Time since last: 1000123669 ns, Reaching safepoint: 87141 ns, At safepoint: 3639 ns, Total: 90780 ns
[2024-02-13T18:55:22.222+0000][7][safepoint   ] Safepoint "Cleanup", Time since last: 29001789890 ns, Reaching safepoint: 91870 ns, At safepoint: 3489 ns, Total: 95359 ns
[2024-02-13T18:55:52.224+0000][7][safepoint   ] Safepoint "Cleanup", Time since last: 30001788468 ns, Reaching safepoint: 92086 ns, At safepoint: 2217 ns, Total: 94303 ns
[2024-02-13T18:57:22.230+0000][7][safepoint   ] Safepoint "Cleanup", Time since last: 90005391916 ns, Reaching safepoint: 100538 ns, At safepoint: 3127 ns, Total: 103665 ns
[2024-02-13T18:59:23.237+0000][7][safepoint   ] Safepoint "Cleanup", Time since last: 121007275845 ns, Reaching safepoint: 92117 ns, At safepoint: 5394 ns, Total: 97511 ns
[2024-02-13T19:06:22.262+0000][7][safepoint   ] Safepoint "Cleanup", Time since last: 419024965491 ns, Reaching safepoint: 99942 ns, At safepoint: 3152 ns, Total: 103094 ns
[2024-02-13T19:09:22.273+0000][7][safepoint   ] Safepoint "Cleanup", Time since last: 180010773112 ns, Reaching safepoint: 88551 ns, At safepoint: 3367 ns, Total: 91918 ns
[2024-02-13T19:12:53.286+0000][7][safepoint   ] Safepoint "Cleanup", Time since last: 211012629673 ns, Reaching safepoint: 79706 ns, At safepoint: 3877 ns, Total: 83583 ns
[2024-02-13T19:13:23.288+0000][7][safepoint   ] Safepoint "Cleanup", Time since last: 30001793633 ns, Reaching safepoint: 96634 ns, At safepoint: 5397 ns, Total: 102031 ns
[2024-02-13T19:15:22.295+0000][7][safepoint   ] Safepoint "Cleanup", Time since last: 119006938012 ns, Reaching safepoint: 94052 ns, At safepoint: 6041 ns, Total: 100093 ns
[2024-02-13T19:15:52.297+0000][7][safepoint   ] Safepoint "Cleanup", Time since last: 30001865055 ns, Reaching safepoint: 95629 ns, At safepoint: 3537 ns, Total: 99166 ns
[2024-02-13T19:19:23.309+0000][7][safepoint   ] Safepoint "Cleanup", Time since last: 211012467674 ns, Reaching safepoint: 101621 ns, At safepoint: 4026 ns, Total: 105647 ns
[2024-02-13T19:24:22.327+0000][7][safepoint   ] Safepoint "Cleanup", Time since last: 299017605811 ns, Reaching safepoint: 100946 ns, At safepoint: 4080 ns, Total: 105026 ns
[2024-02-13T19:25:22.331+0000][7][safepoint   ] Safepoint "Cleanup", Time since last: 60003465767 ns, Reaching safepoint: 122132 ns, At safepoint: 3609 ns, Total: 125741 ns
[2024-02-13T19:28:53.343+0000][7][safepoint   ] Safepoint "Cleanup", Time since last: 211012515986 ns, Reaching safepoint: 104750 ns, At safepoint: 3678 ns, Total: 108428 ns
[2024-02-13T19:39:22.381+0000][7][safepoint   ] Safepoint "Cleanup", Time since last: 629037217245 ns, Reaching safepoint: 93208 ns, At safepoint: 4088 ns, Total: 97296 ns
[2024-02-13T19:39:52.383+0000][7][safepoint   ] Safepoint "Cleanup", Time since last: 30001855962 ns, Reaching safepoint: 92377 ns, At safepoint: 3528 ns, Total: 95905 ns
[2024-02-13T19:49:52.418+0000][7][safepoint   ] Safepoint "Cleanup", Time since last: 600035263509 ns, Reaching safepoint: 99264 ns, At safepoint: 10077 ns, Total: 109341 ns
[2024-02-13T19:50:52.422+0000][7][safepoint   ] Safepoint "Cleanup", Time since last: 60003528338 ns, Reaching safepoint: 92042 ns, At safepoint: 7613 ns, Total: 99655 ns
[2024-02-13T19:51:22.423+0000][7][safepoint   ] Safepoint "Cleanup", Time since last: 30001854260 ns, Reaching safepoint: 95608 ns, At safepoint: 3549 ns, Total: 99157 ns
[2024-02-13T19:51:52.425+0000][7][safepoint   ] Safepoint "Cleanup", Time since last: 30001799469 ns, Reaching safepoint: 120171 ns, At safepoint: 3849 ns, Total: 124020 ns
[2024-02-13T19:55:22.438+0000][7][safepoint   ] Safepoint "Cleanup", Time since last: 210012183400 ns, Reaching safepoint: 96580 ns, At safepoint: 3502 ns, Total: 100082 ns
[2024-02-13T19:55:52.440+0000][7][safepoint   ] Safepoint "Cleanup", Time since last: 30001785265 ns, Reaching safepoint: 102027 ns, At safepoint: 2925 ns, Total: 104952 ns
[2024-02-13T20:13:22.501+0000][7][safepoint   ] Safepoint "Cleanup", Time since last: 1050061384881 ns, Reaching safepoint: 101593 ns, At safepoint: 3579 ns, Total: 105172 ns
[2024-02-13T20:20:52.527+0000][7][safepoint   ] Safepoint "Cleanup", Time since last: 450026261762 ns, Reaching safepoint: 98075 ns, At safepoint: 3668 ns, Total: 101743 ns
[2024-02-13T20:22:52.535+0000][7][safepoint   ] Safepoint "Cleanup", Time since last: 120007100149 ns, Reaching safepoint: 276895 ns, At safepoint: 5816 ns, Total: 282711 ns
[2024-02-13T20:24:22.540+0000][7][safepoint   ] Safepoint "Cleanup", Time since last: 90005351891 ns, Reaching safepoint: 127993 ns, At safepoint: 3835 ns, Total: 131828 ns
[2024-02-13T20:26:22.547+0000][7][safepoint   ] Safepoint "Cleanup", Time since last: 120007073155 ns, Reaching safepoint: 128398 ns, At safepoint: 3727 ns, Total: 132125 ns
[2024-02-13T20:26:52.549+0000][7][safepoint   ] Safepoint "Cleanup", Time since last: 30001758372 ns, Reaching safepoint: 130742 ns, At safepoint: 4991 ns, Total: 135733 ns
[2024-02-13T20:29:22.558+0000][7][safepoint   ] Safepoint "Cleanup", Time since last: 150008940018 ns, Reaching safepoint: 97437 ns, At safepoint: 3864 ns, Total: 101301 ns
[2024-02-13T20:31:52.567+0000][7][safepoint   ] Safepoint "Cleanup", Time since last: 150008771567 ns, Reaching safepoint: 104516 ns, At safepoint: 7442 ns, Total: 111958 ns
[2024-02-13T20:32:52.571+0000][7][safepoint   ] Safepoint "Cleanup", Time since last: 60003586897 ns, Reaching safepoint: 104939 ns, At safepoint: 7979 ns, Total: 112918 ns
[2024-02-13T20:37:52.589+0000][7][safepoint   ] Safepoint "Cleanup", Time since last: 300017456384 ns, Reaching safepoint: 120526 ns, At safepoint: 10600 ns, Total: 131126 ns
[2024-02-13T20:38:22.591+0000][7][safepoint   ] Safepoint "Cleanup", Time since last: 30001835882 ns, Reaching safepoint: 101936 ns, At safepoint: 3577 ns, Total: 105513 ns
[2024-02-13T20:41:52.603+0000][7][safepoint   ] Safepoint "Cleanup", Time since last: 210012534371 ns, Reaching safepoint: 91871 ns, At safepoint: 3627 ns, Total: 95498 ns
[2024-02-13T20:44:09.611+0000][7][safepoint   ] Safepoint "Cleanup", Time since last: 137008095822 ns, Reaching safepoint: 85194 ns, At safepoint: 5812 ns, Total: 91006 ns
[2024-02-13T20:51:22.637+0000][7][safepoint   ] Safepoint "Cleanup", Time since last: 433025114154 ns, Reaching safepoint: 87600 ns, At safepoint: 3376 ns, Total: 90976 ns
[2024-02-13T20:55:52.652+0000][7][safepoint   ] Safepoint "Cleanup", Time since last: 270015629213 ns, Reaching safepoint: 100088 ns, At safepoint: 3789 ns, Total: 103877 ns
[2024-02-13T21:02:52.677+0000][7][safepoint   ] Safepoint "Cleanup", Time since last: 420024128557 ns, Reaching safepoint: 116017 ns, At safepoint: 3228 ns, Total: 119245 ns
[2024-02-13T21:09:22.699+0000][7][safepoint   ] Safepoint "Cleanup", Time since last: 390022513881 ns, Reaching safepoint: 90080 ns, At safepoint: 3146 ns, Total: 93226 ns
[2024-02-13T21:16:21.337+0000][7][safepoint   ] Safepoint "Cleanup", Time since last: 418637299596 ns, Reaching safepoint: 97219 ns, At safepoint: 3251 ns, Total: 100470 ns
[2024-02-13T21:35:23.403+0000][7][safepoint   ] Safepoint "Cleanup", Time since last: 1142066387901 ns, Reaching safepoint: 96231 ns, At safepoint: 3816 ns, Total: 100047 ns
[2024-02-13T21:38:52.415+0000][7][safepoint   ] Safepoint "Cleanup", Time since last: 209012113568 ns, Reaching safepoint: 88034 ns, At safepoint: 3692 ns, Total: 91726 ns
[2024-02-13T21:39:14.868+0000][7][safepoint   ] Safepoint "Cleanup", Time since last: 22452335596 ns, Reaching safepoint: 159718 ns, At safepoint: 4021 ns, Total: 163739 ns
[2024-02-13T21:40:52.873+0000][7][safepoint   ] Safepoint "Cleanup", Time since last: 98005647395 ns, Reaching safepoint: 90534 ns, At safepoint: 3760 ns, Total: 94294 ns
[2024-02-13T21:42:22.879+0000][7][safepoint   ] Safepoint "Cleanup", Time since last: 90005360457 ns, Reaching safepoint: 118933 ns, At safepoint: 4308 ns, Total: 123241 ns
[2024-02-13T21:46:52.895+0000][7][safepoint   ] Safepoint "Cleanup", Time since last: 270015745057 ns, Reaching safepoint: 129241 ns, At safepoint: 3472 ns, Total: 132713 ns
[2024-02-13T21:50:34.007+0000][7][gc,start    ] GC(19) Pause Young (Normal) (G1 Evacuation Pause)
[2024-02-13T21:50:34.007+0000][7][gc,task     ] GC(19) Using 12 workers of 13 for evacuation
[2024-02-13T21:50:34.007+0000][7][gc,age      ] GC(19) Desired survivor size 20971520 bytes, new threshold 3 (max threshold 15)
[2024-02-13T21:50:34.017+0000][7][gc,age      ] GC(19) Age table with threshold 3 (max threshold 15)
[2024-02-13T21:50:34.017+0000][7][gc,age      ] GC(19) - age   1:     382584 bytes,     382584 total
[2024-02-13T21:50:34.017+0000][7][gc,age      ] GC(19) - age   2:    3171216 bytes,    3553800 total
[2024-02-13T21:50:34.017+0000][7][gc,age      ] GC(19) - age   3:   12291040 bytes,   15844840 total
[2024-02-13T21:50:34.017+0000][7][gc,phases   ] GC(19)   Pre Evacuate Collection Set: 0.1ms
[2024-02-13T21:50:34.017+0000][7][gc,phases   ] GC(19)   Merge Heap Roots: 0.2ms
[2024-02-13T21:50:34.017+0000][7][gc,phases   ] GC(19)   Evacuate Collection Set: 8.4ms
[2024-02-13T21:50:34.017+0000][7][gc,phases   ] GC(19)   Post Evacuate Collection Set: 1.1ms
[2024-02-13T21:50:34.017+0000][7][gc,phases   ] GC(19)   Other: 0.3ms
[2024-02-13T21:50:34.017+0000][7][gc,heap     ] GC(19) Eden regions: 70->0(71)
[2024-02-13T21:50:34.017+0000][7][gc,heap     ] GC(19) Survivor regions: 6->5(10)
[2024-02-13T21:50:34.017+0000][7][gc,heap     ] GC(19) Old regions: 14->16
[2024-02-13T21:50:34.017+0000][7][gc,heap     ] GC(19) Archive regions: 2->2
[2024-02-13T21:50:34.017+0000][7][gc,heap     ] GC(19) Humongous regions: 2->2
[2024-02-13T21:50:34.017+0000][7][gc,metaspace] GC(19) Metaspace: 95182K(99452K)->95182K(99452K) NonClass: 82495K(85628K)->82495K(85628K) Class: 12687K(13824K)->12687K(13824K)
[2024-02-13T21:50:34.017+0000][7][gc          ] GC(19) Pause Young (Normal) (G1 Evacuation Pause) 371M->91M(512M) 10.217ms
[2024-02-13T21:50:34.017+0000][7][gc,cpu      ] GC(19) User=0.07s Sys=0.00s Real=0.01s
[2024-02-13T21:50:34.017+0000][7][safepoint   ] Safepoint "G1CollectForAllocation", Time since last: 221112006860 ns, Reaching safepoint: 86316 ns, At safepoint: 10304114 ns, Total: 10390430 ns
[2024-02-13T21:59:53.050+0000][7][safepoint   ] Safepoint "Cleanup", Time since last: 559032290412 ns, Reaching safepoint: 137490 ns, At safepoint: 3970 ns, Total: 141460 ns
[2024-02-13T22:00:37.052+0000][7][safepoint   ] Safepoint "Cleanup", Time since last: 44002603757 ns, Reaching safepoint: 104965 ns, At safepoint: 3498 ns, Total: 108463 ns
[2024-02-13T22:00:38.053+0000][7][safepoint   ] Safepoint "Cleanup", Time since last: 1000136236 ns, Reaching safepoint: 86939 ns, At safepoint: 3516 ns, Total: 90455 ns
[2024-02-13T22:00:39.053+0000][7][safepoint   ] Safepoint "Cleanup", Time since last: 1000136682 ns, Reaching safepoint: 80035 ns, At safepoint: 3430 ns, Total: 83465 ns
[2024-02-13T22:00:40.053+0000][7][safepoint   ] Safepoint "Cleanup", Time since last: 1000137900 ns, Reaching safepoint: 114198 ns, At safepoint: 3774 ns, Total: 117972 ns
[2024-02-13T22:01:53.058+0000][7][safepoint   ] Safepoint "Cleanup", Time since last: 73004362716 ns, Reaching safepoint: 101262 ns, At safepoint: 3660 ns, Total: 104922 ns
[2024-02-13T22:07:23.077+0000][7][safepoint   ] Safepoint "Cleanup", Time since last: 330019084955 ns, Reaching safepoint: 114085 ns, At safepoint: 6037 ns, Total: 120122 ns
[2024-02-13T22:13:23.098+0000][7][safepoint   ] Safepoint "Cleanup", Time since last: 360020780276 ns, Reaching safepoint: 332695 ns, At safepoint: 3886 ns, Total: 336581 ns
[2024-02-13T22:15:16.105+0000][7][safepoint   ] Safepoint "Cleanup", Time since last: 113006556039 ns, Reaching safepoint: 119883 ns, At safepoint: 4622 ns, Total: 124505 ns
[2024-02-13T22:17:23.112+0000][7][safepoint   ] Safepoint "Cleanup", Time since last: 127007402228 ns, Reaching safepoint: 110902 ns, At safepoint: 3703 ns, Total: 114605 ns
[2024-02-13T22:17:53.114+0000][7][safepoint   ] Safepoint "Cleanup", Time since last: 30001758275 ns, Reaching safepoint: 113082 ns, At safepoint: 4259 ns, Total: 117341 ns
[2024-02-13T22:18:01.115+0000][7][safepoint   ] Safepoint "Cleanup", Time since last: 8000538870 ns, Reaching safepoint: 114156 ns, At safepoint: 5870 ns, Total: 120026 ns
[2024-02-13T22:24:22.137+0000][7][safepoint   ] Safepoint "Cleanup", Time since last: 381021950349 ns, Reaching safepoint: 109003 ns, At safepoint: 4282 ns, Total: 113285 ns
[2024-02-13T22:39:53.190+0000][7][safepoint   ] Safepoint "Cleanup", Time since last: 931053442213 ns, Reaching safepoint: 125298 ns, At safepoint: 4339 ns, Total: 129637 ns
[2024-02-13T22:41:52.197+0000][7][safepoint   ] Safepoint "Cleanup", Time since last: 119006971516 ns, Reaching safepoint: 119947 ns, At safepoint: 4277 ns, Total: 124224 ns
[2024-02-13T22:43:23.203+0000][7][safepoint   ] Safepoint "Cleanup", Time since last: 91005300025 ns, Reaching safepoint: 112907 ns, At safepoint: 5251 ns, Total: 118158 ns
[2024-02-13T22:52:23.234+0000][7][safepoint   ] Safepoint "Cleanup", Time since last: 540030966240 ns, Reaching safepoint: 111175 ns, At safepoint: 4021 ns, Total: 115196 ns
[2024-02-13T22:55:02.243+0000][7][safepoint   ] Safepoint "Cleanup", Time since last: 159009158029 ns, Reaching safepoint: 98038 ns, At safepoint: 5671 ns, Total: 103709 ns
[2024-02-13T23:04:23.275+0000][7][safepoint   ] Safepoint "Cleanup", Time since last: 561032200676 ns, Reaching safepoint: 94971 ns, At safepoint: 3430 ns, Total: 98401 ns
[2024-02-13T23:13:53.308+0000][7][safepoint   ] Safepoint "Cleanup", Time since last: 570032883791 ns, Reaching safepoint: 104606 ns, At safepoint: 3666 ns, Total: 108272 ns
[2024-02-13T23:39:22.396+0000][7][safepoint   ] Safepoint "Cleanup", Time since last: 1529087855216 ns, Reaching safepoint: 127693 ns, At safepoint: 3883 ns, Total: 131576 ns
[2024-02-13T23:47:21.424+0000][7][safepoint   ] Safepoint "Cleanup", Time since last: 479027586038 ns, Reaching safepoint: 113956 ns, At safepoint: 4753 ns, Total: 118709 ns
[2024-02-13T23:52:22.442+0000][7][safepoint   ] Safepoint "Cleanup", Time since last: 301017458987 ns, Reaching safepoint: 112108 ns, At safepoint: 7423 ns, Total: 119531 ns
[2024-02-14T00:07:13.493+0000][7][safepoint   ] Safepoint "Cleanup", Time since last: 891051296287 ns, Reaching safepoint: 80898 ns, At safepoint: 3618 ns, Total: 84516 ns
[2024-02-14T00:07:22.494+0000][7][safepoint   ] Safepoint "Cleanup", Time since last: 9000595443 ns, Reaching safepoint: 81892 ns, At safepoint: 7869 ns, Total: 89761 ns
[2024-02-14T00:07:23.494+0000][7][safepoint   ] Safepoint "Cleanup", Time since last: 1000135390 ns, Reaching safepoint: 80156 ns, At safepoint: 3580 ns, Total: 83736 ns
[2024-02-14T00:08:23.498+0000][7][safepoint   ] Safepoint "Cleanup", Time since last: 60003517699 ns, Reaching safepoint: 92988 ns, At safepoint: 3317 ns, Total: 96305 ns
[2024-02-14T00:15:22.522+0000][7][safepoint   ] Safepoint "Cleanup", Time since last: 419024037661 ns, Reaching safepoint: 96972 ns, At safepoint: 5689 ns, Total: 102661 ns
[2024-02-14T00:19:22.536+0000][7][safepoint   ] Safepoint "Cleanup", Time since last: 240013701247 ns, Reaching safepoint: 116172 ns, At safepoint: 4003 ns, Total: 120175 ns
[2024-02-14T00:21:22.543+0000][7][safepoint   ] Safepoint "Cleanup", Time since last: 120006884690 ns, Reaching safepoint: 117370 ns, At safepoint: 4931 ns, Total: 122301 ns
[2024-02-14T00:21:52.544+0000][7][safepoint   ] Safepoint "Cleanup", Time since last: 30001822345 ns, Reaching safepoint: 91215 ns, At safepoint: 3755 ns, Total: 94970 ns
[2024-02-14T00:26:22.560+0000][7][safepoint   ] Safepoint "Cleanup", Time since last: 270015606060 ns, Reaching safepoint: 132552 ns, At safepoint: 3399 ns, Total: 135951 ns
[2024-02-14T00:35:52.593+0000][7][safepoint   ] Safepoint "Cleanup", Time since last: 570033000636 ns, Reaching safepoint: 91153 ns, At safepoint: 3713 ns, Total: 94866 ns
[2024-02-14T00:52:53.861+0000][7][gc,start    ] GC(20) Pause Young (Normal) (G1 Evacuation Pause)
[2024-02-14T00:52:53.861+0000][7][gc,task     ] GC(20) Using 12 workers of 13 for evacuation
[2024-02-14T00:52:53.861+0000][7][gc,age      ] GC(20) Desired survivor size 20971520 bytes, new threshold 15 (max threshold 15)
[2024-02-14T00:52:53.868+0000][7][gc,age      ] GC(20) Age table with threshold 15 (max threshold 15)
[2024-02-14T00:52:53.868+0000][7][gc,age      ] GC(20) - age   1:     351360 bytes,     351360 total
[2024-02-14T00:52:53.868+0000][7][gc,age      ] GC(20) - age   2:     219800 bytes,     571160 total
[2024-02-14T00:52:53.868+0000][7][gc,age      ] GC(20) - age   3:    3164496 bytes,    3735656 total
[2024-02-14T00:52:53.868+0000][7][gc,age      ] GC(20) - age   4:   12280768 bytes,   16016424 total
[2024-02-14T00:52:53.868+0000][7][gc,phases   ] GC(20)   Pre Evacuate Collection Set: 0.1ms
[2024-02-14T00:52:53.868+0000][7][gc,phases   ] GC(20)   Merge Heap Roots: 0.4ms
[2024-02-14T00:52:53.868+0000][7][gc,phases   ] GC(20)   Evacuate Collection Set: 5.0ms
[2024-02-14T00:52:53.868+0000][7][gc,phases   ] GC(20)   Post Evacuate Collection Set: 0.8ms
[2024-02-14T00:52:53.868+0000][7][gc,phases   ] GC(20)   Other: 0.3ms
[2024-02-14T00:52:53.868+0000][7][gc,heap     ] GC(20) Eden regions: 71->0(71)
[2024-02-14T00:52:53.868+0000][7][gc,heap     ] GC(20) Survivor regions: 5->5(10)
[2024-02-14T00:52:53.868+0000][7][gc,heap     ] GC(20) Old regions: 16->16
[2024-02-14T00:52:53.868+0000][7][gc,heap     ] GC(20) Archive regions: 2->2
[2024-02-14T00:52:53.868+0000][7][gc,heap     ] GC(20) Humongous regions: 2->2
[2024-02-14T00:52:53.868+0000][7][gc,metaspace] GC(20) Metaspace: 95332K(99452K)->95332K(99452K) NonClass: 82638K(85628K)->82638K(85628K) Class: 12694K(13824K)->12694K(13824K)
[2024-02-14T00:52:53.868+0000][7][gc          ] GC(20) Pause Young (Normal) (G1 Evacuation Pause) 375M->91M(512M) 6.714ms
[2024-02-14T00:52:53.868+0000][7][gc,cpu      ] GC(20) User=0.07s Sys=0.00s Real=0.01s
[2024-02-14T00:52:53.868+0000][7][safepoint   ] Safepoint "G1CollectForAllocation", Time since last: 1021267924779 ns, Reaching safepoint: 105363 ns, At safepoint: 6801690 ns, Total: 6907053 ns
[2024-02-14T01:00:00.893+0000][7][safepoint   ] Safepoint "Cleanup", Time since last: 427024399567 ns, Reaching safepoint: 274956 ns, At safepoint: 11736 ns, Total: 286692 ns
[2024-02-14T01:00:22.894+0000][7][safepoint   ] Safepoint "Cleanup", Time since last: 22001383090 ns, Reaching safepoint: 106560 ns, At safepoint: 3704 ns, Total: 110264 ns
[2024-02-14T01:01:50.900+0000][7][safepoint   ] Safepoint "Cleanup", Time since last: 88005133833 ns, Reaching safepoint: 98729 ns, At safepoint: 3298 ns, Total: 102027 ns
[2024-02-14T01:16:22.950+0000][7][safepoint   ] Safepoint "Cleanup", Time since last: 872050267427 ns, Reaching safepoint: 107019 ns, At safepoint: 10918 ns, Total: 117937 ns
[2024-02-14T01:21:13.922+0000][7][safepoint   ] Safepoint "ICBufferFull", Time since last: 290971643960 ns, Reaching safepoint: 183162 ns, At safepoint: 4494 ns, Total: 187656 ns
[2024-02-14T01:21:14.922+0000][7][safepoint   ] Safepoint "Cleanup", Time since last: 1000117294 ns, Reaching safepoint: 102935 ns, At safepoint: 5565 ns, Total: 108500 ns
[2024-02-14T01:21:22.923+0000][7][safepoint   ] Safepoint "Cleanup", Time since last: 8000528090 ns, Reaching safepoint: 121454 ns, At safepoint: 6214 ns, Total: 127668 ns
[2024-02-14T01:21:52.925+0000][7][safepoint   ] Safepoint "Cleanup", Time since last: 30001809135 ns, Reaching safepoint: 103213 ns, At safepoint: 3800 ns, Total: 107013 ns
[2024-02-14T01:23:52.932+0000][7][safepoint   ] Safepoint "Cleanup", Time since last: 120006967722 ns, Reaching safepoint: 160185 ns, At safepoint: 4761 ns, Total: 164946 ns
[2024-02-14T01:28:52.949+0000][7][safepoint   ] Safepoint "Cleanup", Time since last: 300017274942 ns, Reaching safepoint: 91252 ns, At safepoint: 3580 ns, Total: 94832 ns
[2024-02-14T01:31:37.959+0000][7][safepoint   ] Safepoint "Cleanup", Time since last: 165009838809 ns, Reaching safepoint: 96776 ns, At safepoint: 3136 ns, Total: 99912 ns
[2024-02-14T01:31:38.959+0000][7][safepoint   ] Safepoint "Cleanup", Time since last: 1000125178 ns, Reaching safepoint: 94634 ns, At safepoint: 3680 ns, Total: 98314 ns
[2024-02-14T01:31:39.959+0000][7][safepoint   ] Safepoint "Cleanup", Time since last: 1000130656 ns, Reaching safepoint: 100820 ns, At safepoint: 5992 ns, Total: 106812 ns
[2024-02-14T01:31:41.960+0000][7][safepoint   ] Safepoint "Cleanup", Time since last: 2000148291 ns, Reaching safepoint: 88633 ns, At safepoint: 3408 ns, Total: 92041 ns
[2024-02-14T01:31:42.960+0000][7][safepoint   ] Safepoint "Cleanup", Time since last: 1000142566 ns, Reaching safepoint: 82093 ns, At safepoint: 3527 ns, Total: 85620 ns
[2024-02-14T01:31:44.000+0000][7][safepoint   ] Safepoint "Cleanup", Time since last: 1039906282 ns, Reaching safepoint: 81681 ns, At safepoint: 3784 ns, Total: 85465 ns
[2024-02-14T01:31:45.000+0000][7][safepoint   ] Safepoint "Cleanup", Time since last: 1000256604 ns, Reaching safepoint: 90918 ns, At safepoint: 3814 ns, Total: 94732 ns
[2024-02-14T01:31:52.001+0000][7][safepoint   ] Safepoint "Cleanup", Time since last: 7000454144 ns, Reaching safepoint: 84210 ns, At safepoint: 8664 ns, Total: 92874 ns
[2024-02-14T01:31:53.001+0000][7][safepoint   ] Safepoint "Cleanup", Time since last: 1000136810 ns, Reaching safepoint: 87169 ns, At safepoint: 8448 ns, Total: 95617 ns
[2024-02-14T01:33:27.007+0000][7][safepoint   ] Safepoint "Cleanup", Time since last: 94005541214 ns, Reaching safepoint: 154296 ns, At safepoint: 4208 ns, Total: 158504 ns
[2024-02-14T01:33:28.007+0000][7][safepoint   ] Safepoint "Cleanup", Time since last: 1000131492 ns, Reaching safepoint: 92274 ns, At safepoint: 3762 ns, Total: 96036 ns
[2024-02-14T01:36:23.017+0000][7][safepoint   ] Safepoint "Cleanup", Time since last: 175010106425 ns, Reaching safepoint: 114349 ns, At safepoint: 3383 ns, Total: 117732 ns
[2024-02-14T01:37:23.021+0000][7][safepoint   ] Safepoint "Cleanup", Time since last: 60003531779 ns, Reaching safepoint: 132808 ns, At safepoint: 3475 ns, Total: 136283 ns
[2024-02-14T01:37:49.023+0000][7][safepoint   ] Safepoint "Cleanup", Time since last: 26001581552 ns, Reaching safepoint: 123792 ns, At safepoint: 4081 ns, Total: 127873 ns
[2024-02-14T01:38:00.023+0000][7][safepoint   ] Safepoint "Cleanup", Time since last: 11000718331 ns, Reaching safepoint: 77030 ns, At safepoint: 4346 ns, Total: 81376 ns
[2024-02-14T01:38:01.024+0000][7][safepoint   ] Safepoint "Cleanup", Time since last: 1000141152 ns, Reaching safepoint: 95441 ns, At safepoint: 6790 ns, Total: 102231 ns
[2024-02-14T01:38:03.024+0000][7][safepoint   ] Safepoint "Cleanup", Time since last: 2000190537 ns, Reaching safepoint: 84470 ns, At safepoint: 3625 ns, Total: 88095 ns
[2024-02-14T01:39:52.030+0000][7][safepoint   ] Safepoint "Cleanup", Time since last: 109006419240 ns, Reaching safepoint: 103245 ns, At safepoint: 6055 ns, Total: 109300 ns
[2024-02-14T01:40:23.032+0000][7][safepoint   ] Safepoint "Cleanup", Time since last: 31001868509 ns, Reaching safepoint: 101971 ns, At safepoint: 3761 ns, Total: 105732 ns
[2024-02-14T01:40:26.033+0000][7][safepoint   ] Safepoint "Cleanup", Time since last: 3000204194 ns, Reaching safepoint: 96612 ns, At safepoint: 5997 ns, Total: 102609 ns
[2024-02-14T01:42:32.040+0000][7][safepoint   ] Safepoint "Cleanup", Time since last: 126007371324 ns, Reaching safepoint: 103014 ns, At safepoint: 2755 ns, Total: 105769 ns
[2024-02-14T01:44:00.046+0000][7][safepoint   ] Safepoint "Cleanup", Time since last: 88005288988 ns, Reaching safepoint: 118679 ns, At safepoint: 10772 ns, Total: 129451 ns
[2024-02-14T01:56:53.091+0000][7][safepoint   ] Safepoint "Cleanup", Time since last: 773045003389 ns, Reaching safepoint: 121418 ns, At safepoint: 4005 ns, Total: 125423 ns
[2024-02-14T01:58:23.096+0000][7][safepoint   ] Safepoint "Cleanup", Time since last: 90005278351 ns, Reaching safepoint: 130978 ns, At safepoint: 7151 ns, Total: 138129 ns
[2024-02-14T01:58:53.098+0000][7][safepoint   ] Safepoint "Cleanup", Time since last: 30001762700 ns, Reaching safepoint: 100777 ns, At safepoint: 3644 ns, Total: 104421 ns
[2024-02-14T02:35:53.228+0000][7][safepoint   ] Safepoint "Cleanup", Time since last: 2220130007179 ns, Reaching safepoint: 104872 ns, At safepoint: 4581 ns, Total: 109453 ns
[2024-02-14T02:37:53.235+0000][7][safepoint   ] Safepoint "Cleanup", Time since last: 120007008613 ns, Reaching safepoint: 121853 ns, At safepoint: 3813 ns, Total: 125666 ns
[2024-02-14T02:38:23.237+0000][7][safepoint   ] Safepoint "Cleanup", Time since last: 30001797541 ns, Reaching safepoint: 95144 ns, At safepoint: 3666 ns, Total: 98810 ns
[2024-02-14T02:43:42.256+0000][7][safepoint   ] Safepoint "Cleanup", Time since last: 319018679726 ns, Reaching safepoint: 88371 ns, At safepoint: 2679 ns, Total: 91050 ns
[2024-02-14T02:43:42.376+0000][7][safepoint   ] Safepoint "ICBufferFull", Time since last: 120258093 ns, Reaching safepoint: 227614 ns, At safepoint: 6166 ns, Total: 233780 ns
[2024-02-14T02:43:43.377+0000][7][safepoint   ] Safepoint "Cleanup", Time since last: 1000200319 ns, Reaching safepoint: 131277 ns, At safepoint: 4687 ns, Total: 135964 ns
[2024-02-14T02:43:44.377+0000][7][safepoint   ] Safepoint "Cleanup", Time since last: 1000134519 ns, Reaching safepoint: 100199 ns, At safepoint: 4145 ns, Total: 104344 ns
[2024-02-14T02:43:45.382+0000][7][safepoint   ] Safepoint "ICBufferFull", Time since last: 1004925050 ns, Reaching safepoint: 185874 ns, At safepoint: 7271 ns, Total: 193145 ns
[2024-02-14T02:43:46.719+0000][7][safepoint   ] Safepoint "Cleanup", Time since last: 1336336550 ns, Reaching safepoint: 121920 ns, At safepoint: 5236 ns, Total: 127156 ns
[2024-02-14T02:43:47.719+0000][7][safepoint   ] Safepoint "Cleanup", Time since last: 1000213328 ns, Reaching safepoint: 111535 ns, At safepoint: 4271 ns, Total: 115806 ns
[2024-02-14T02:43:50.719+0000][7][safepoint   ] Safepoint "Cleanup", Time since last: 3000252198 ns, Reaching safepoint: 116605 ns, At safepoint: 5660 ns, Total: 122265 ns
[2024-02-14T02:43:52.720+0000][7][safepoint   ] Safepoint "Cleanup", Time since last: 2000185873 ns, Reaching safepoint: 104908 ns, At safepoint: 4818 ns, Total: 109726 ns
[2024-02-14T02:44:14.721+0000][7][safepoint   ] Safepoint "Cleanup", Time since last: 22000909232 ns, Reaching safepoint: 73492 ns, At safepoint: 2316 ns, Total: 75808 ns
[2024-02-14T02:44:21.721+0000][7][safepoint   ] Safepoint "Cleanup", Time since last: 7000543669 ns, Reaching safepoint: 85557 ns, At safepoint: 4132 ns, Total: 89689 ns
[2024-02-14T02:44:22.721+0000][7][safepoint   ] Safepoint "Cleanup", Time since last: 1000119398 ns, Reaching safepoint: 82532 ns, At safepoint: 3579 ns, Total: 86111 ns
[2024-02-14T02:44:44.723+0000][7][safepoint   ] Safepoint "Cleanup", Time since last: 22001156629 ns, Reaching safepoint: 109795 ns, At safepoint: 3560 ns, Total: 113355 ns
[2024-02-14T02:44:59.724+0000][7][safepoint   ] Safepoint "Cleanup", Time since last: 15001044629 ns, Reaching safepoint: 88980 ns, At safepoint: 7924 ns, Total: 96904 ns
[2024-02-14T02:45:14.725+0000][7][safepoint   ] Safepoint "Cleanup", Time since last: 15000953182 ns, Reaching safepoint: 80866 ns, At safepoint: 4353 ns, Total: 85219 ns
[2024-02-14T02:45:22.726+0000][7][safepoint   ] Safepoint "Cleanup", Time since last: 8000618016 ns, Reaching safepoint: 84969 ns, At safepoint: 4078 ns, Total: 89047 ns
[2024-02-14T02:45:25.726+0000][7][safepoint   ] Safepoint "Cleanup", Time since last: 3000250183 ns, Reaching safepoint: 87724 ns, At safepoint: 6024 ns, Total: 93748 ns
[2024-02-14T02:45:44.727+0000][7][safepoint   ] Safepoint "Cleanup", Time since last: 19001196335 ns, Reaching safepoint: 117790 ns, At safepoint: 4711 ns, Total: 122501 ns
[2024-02-14T02:46:30.731+0000][7][safepoint   ] Safepoint "Cleanup", Time since last: 46003250649 ns, Reaching safepoint: 88906 ns, At safepoint: 9466 ns, Total: 98372 ns
[2024-02-14T02:46:44.732+0000][7][safepoint   ] Safepoint "Cleanup", Time since last: 14000897716 ns, Reaching safepoint: 91397 ns, At safepoint: 3866 ns, Total: 95263 ns
[2024-02-14T02:46:52.732+0000][7][safepoint   ] Safepoint "Cleanup", Time since last: 8000630820 ns, Reaching safepoint: 90997 ns, At safepoint: 4159 ns, Total: 95156 ns
[2024-02-14T02:47:00.733+0000][7][safepoint   ] Safepoint "Cleanup", Time since last: 8000549968 ns, Reaching safepoint: 85055 ns, At safepoint: 11684 ns, Total: 96739 ns
[2024-02-14T02:48:45.741+0000][7][safepoint   ] Safepoint "Cleanup", Time since last: 105007479213 ns, Reaching safepoint: 87200 ns, At safepoint: 4027 ns, Total: 91227 ns
[2024-02-14T02:48:46.741+0000][7][safepoint   ] Safepoint "Cleanup", Time since last: 1000095268 ns, Reaching safepoint: 94112 ns, At safepoint: 2686 ns, Total: 96798 ns
[2024-02-14T02:48:47.741+0000][7][safepoint   ] Safepoint "Cleanup", Time since last: 1000201301 ns, Reaching safepoint: 103015 ns, At safepoint: 3455 ns, Total: 106470 ns
[2024-02-14T02:48:48.741+0000][7][safepoint   ] Safepoint "Cleanup", Time since last: 1000121681 ns, Reaching safepoint: 89016 ns, At safepoint: 7525 ns, Total: 96541 ns
[2024-02-14T02:49:17.743+0000][7][safepoint   ] Safepoint "Cleanup", Time since last: 29002018103 ns, Reaching safepoint: 101023 ns, At safepoint: 6793 ns, Total: 107816 ns
[2024-02-14T02:49:22.744+0000][7][safepoint   ] Safepoint "Cleanup", Time since last: 5000356182 ns, Reaching safepoint: 87579 ns, At safepoint: 4023 ns, Total: 91602 ns
[2024-02-14T02:50:44.749+0000][7][safepoint   ] Safepoint "Cleanup", Time since last: 82005514251 ns, Reaching safepoint: 90918 ns, At safepoint: 6248 ns, Total: 97166 ns
[2024-02-14T02:50:49.750+0000][7][safepoint   ] Safepoint "Cleanup", Time since last: 5000450280 ns, Reaching safepoint: 81540 ns, At safepoint: 3693 ns, Total: 85233 ns
[2024-02-14T02:56:19.773+0000][7][safepoint   ] Safepoint "Cleanup", Time since last: 330023449853 ns, Reaching safepoint: 88717 ns, At safepoint: 3414 ns, Total: 92131 ns
[2024-02-14T02:58:44.784+0000][7][safepoint   ] Safepoint "Cleanup", Time since last: 145010019872 ns, Reaching safepoint: 102557 ns, At safepoint: 6641 ns, Total: 109198 ns
[2024-02-14T03:01:05.794+0000][7][safepoint   ] Safepoint "Cleanup", Time since last: 141009947395 ns, Reaching safepoint: 121776 ns, At safepoint: 4026 ns, Total: 125802 ns
[2024-02-14T03:02:52.801+0000][7][safepoint   ] Safepoint "Cleanup", Time since last: 107007640228 ns, Reaching safepoint: 89451 ns, At safepoint: 11586 ns, Total: 101037 ns
[2024-02-14T03:03:14.803+0000][7][safepoint   ] Safepoint "Cleanup", Time since last: 22001366542 ns, Reaching safepoint: 86559 ns, At safepoint: 3850 ns, Total: 90409 ns
[2024-02-14T03:03:22.804+0000][7][safepoint   ] Safepoint "Cleanup", Time since last: 8000605844 ns, Reaching safepoint: 106805 ns, At safepoint: 4849 ns, Total: 111654 ns
[2024-02-14T03:04:14.807+0000][7][safepoint   ] Safepoint "Cleanup", Time since last: 52003359938 ns, Reaching safepoint: 100827 ns, At safepoint: 11648 ns, Total: 112475 ns
[2024-02-14T03:04:17.807+0000][7][safepoint   ] Safepoint "Cleanup", Time since last: 3000330402 ns, Reaching safepoint: 79599 ns, At safepoint: 3765 ns, Total: 83364 ns
[2024-02-14T03:04:21.808+0000][7][safepoint   ] Safepoint "Cleanup", Time since last: 4000286649 ns, Reaching safepoint: 90961 ns, At safepoint: 3900 ns, Total: 94861 ns
[2024-02-14T03:04:22.808+0000][7][safepoint   ] Safepoint "Cleanup", Time since last: 1000130371 ns, Reaching safepoint: 80531 ns, At safepoint: 3725 ns, Total: 84256 ns
[2024-02-14T03:20:52.868+0000][7][safepoint   ] Safepoint "Cleanup", Time since last: 990059695126 ns, Reaching safepoint: 93126 ns, At safepoint: 4022 ns, Total: 97148 ns
[2024-02-14T03:23:22.877+0000][7][safepoint   ] Safepoint "Cleanup", Time since last: 150008837084 ns, Reaching safepoint: 88079 ns, At safepoint: 3511 ns, Total: 91590 ns
[2024-02-14T03:23:38.881+0000][7][gc,start    ] GC(21) Pause Young (Normal) (G1 Evacuation Pause)
[2024-02-14T03:23:38.881+0000][7][gc,task     ] GC(21) Using 12 workers of 13 for evacuation
[2024-02-14T03:23:38.881+0000][7][gc,age      ] GC(21) Desired survivor size 20971520 bytes, new threshold 15 (max threshold 15)
[2024-02-14T03:23:38.890+0000][7][gc,age      ] GC(21) Age table with threshold 15 (max threshold 15)
[2024-02-14T03:23:38.890+0000][7][gc,age      ] GC(21) - age   1:    2051328 bytes,    2051328 total
[2024-02-14T03:23:38.890+0000][7][gc,age      ] GC(21) - age   2:     304368 bytes,    2355696 total
[2024-02-14T03:23:38.890+0000][7][gc,age      ] GC(21) - age   3:     190880 bytes,    2546576 total
[2024-02-14T03:23:38.890+0000][7][gc,age      ] GC(21) - age   4:    1788728 bytes,    4335304 total
[2024-02-14T03:23:38.890+0000][7][gc,age      ] GC(21) - age   5:   12231568 bytes,   16566872 total
[2024-02-14T03:23:38.890+0000][7][gc,phases   ] GC(21)   Pre Evacuate Collection Set: 0.1ms
[2024-02-14T03:23:38.890+0000][7][gc,phases   ] GC(21)   Merge Heap Roots: 0.1ms
[2024-02-14T03:23:38.890+0000][7][gc,phases   ] GC(21)   Evacuate Collection Set: 8.2ms
[2024-02-14T03:23:38.890+0000][7][gc,phases   ] GC(21)   Post Evacuate Collection Set: 0.9ms
[2024-02-14T03:23:38.890+0000][7][gc,phases   ] GC(21)   Other: 0.3ms
[2024-02-14T03:23:38.890+0000][7][gc,heap     ] GC(21) Eden regions: 71->0(71)
[2024-02-14T03:23:38.890+0000][7][gc,heap     ] GC(21) Survivor regions: 5->5(10)
[2024-02-14T03:23:38.890+0000][7][gc,heap     ] GC(21) Old regions: 16->16
[2024-02-14T03:23:38.890+0000][7][gc,heap     ] GC(21) Archive regions: 2->2
[2024-02-14T03:23:38.890+0000][7][gc,heap     ] GC(21) Humongous regions: 2->2
[2024-02-14T03:23:38.890+0000][7][gc,metaspace] GC(21) Metaspace: 97790K(102140K)->97790K(102140K) NonClass: 84752K(87932K)->84752K(87932K) Class: 13038K(14208K)->13038K(14208K)
[2024-02-14T03:23:38.890+0000][7][gc          ] GC(21) Pause Young (Normal) (G1 Evacuation Pause) 375M->91M(512M) 9.737ms
[2024-02-14T03:23:38.890+0000][7][gc,cpu      ] GC(21) User=0.05s Sys=0.00s Real=0.01s
[2024-02-14T03:23:38.890+0000][7][safepoint   ] Safepoint "G1CollectForAllocation", Time since last: 16003618344 ns, Reaching safepoint: 82673 ns, At safepoint: 9832548 ns, Total: 9915221 ns
[2024-02-14T03:34:18.928+0000][7][safepoint   ] Safepoint "Cleanup", Time since last: 640037368323 ns, Reaching safepoint: 105776 ns, At safepoint: 4271 ns, Total: 110047 ns
[2024-02-14T03:35:22.932+0000][7][safepoint   ] Safepoint "Cleanup", Time since last: 64003781097 ns, Reaching safepoint: 90525 ns, At safepoint: 6389 ns, Total: 96914 ns
[2024-02-14T03:36:40.936+0000][7][safepoint   ] Safepoint "Cleanup", Time since last: 78004622540 ns, Reaching safepoint: 100626 ns, At safepoint: 6377 ns, Total: 107003 ns
[2024-02-14T03:36:52.937+0000][7][safepoint   ] Safepoint "Cleanup", Time since last: 12000766872 ns, Reaching safepoint: 100290 ns, At safepoint: 4266 ns, Total: 104556 ns
[2024-02-14T03:37:22.939+0000][7][safepoint   ] Safepoint "Cleanup", Time since last: 30001840924 ns, Reaching safepoint: 80582 ns, At safepoint: 27815 ns, Total: 108397 ns
[2024-02-14T03:49:22.981+0000][7][safepoint   ] Safepoint "Cleanup", Time since last: 720042039765 ns, Reaching safepoint: 96229 ns, At safepoint: 3987 ns, Total: 100216 ns
[2024-02-14T03:53:22.995+0000][7][safepoint   ] Safepoint "Cleanup", Time since last: 240013976567 ns, Reaching safepoint: 110515 ns, At safepoint: 5348 ns, Total: 115863 ns
[2024-02-14T03:54:10.998+0000][7][safepoint   ] Safepoint "Cleanup", Time since last: 48002912600 ns, Reaching safepoint: 93881 ns, At safepoint: 3843 ns, Total: 97724 ns
[2024-02-14T03:56:29.007+0000][7][safepoint   ] Safepoint "Cleanup", Time since last: 138008254567 ns, Reaching safepoint: 90244 ns, At safepoint: 4299 ns, Total: 94543 ns
[2024-02-14T03:58:51.015+0000][7][safepoint   ] Safepoint "Cleanup", Time since last: 142008373481 ns, Reaching safepoint: 86317 ns, At safepoint: 3912 ns, Total: 90229 ns
[2024-02-14T04:01:15.024+0000][7][safepoint   ] Safepoint "Cleanup", Time since last: 144008471894 ns, Reaching safepoint: 77890 ns, At safepoint: 3093 ns, Total: 80983 ns
[2024-02-14T04:09:22.052+0000][7][safepoint   ] Safepoint "Cleanup", Time since last: 487028359695 ns, Reaching safepoint: 85726 ns, At safepoint: 3571 ns, Total: 89297 ns
[2024-02-14T04:13:52.068+0000][7][safepoint   ] Safepoint "Cleanup", Time since last: 270015917586 ns, Reaching safepoint: 112636 ns, At safepoint: 3906 ns, Total: 116542 ns
[2024-02-14T04:20:53.093+0000][7][safepoint   ] Safepoint "Cleanup", Time since last: 421024605877 ns, Reaching safepoint: 91625 ns, At safepoint: 3256 ns, Total: 94881 ns
[2024-02-14T04:22:10.098+0000][7][safepoint   ] Safepoint "Cleanup", Time since last: 77004552650 ns, Reaching safepoint: 94853 ns, At safepoint: 3603 ns, Total: 98456 ns
[2024-02-14T04:22:15.098+0000][7][safepoint   ] Safepoint "Cleanup", Time since last: 5000366688 ns, Reaching safepoint: 113886 ns, At safepoint: 4065 ns, Total: 117951 ns
[2024-02-14T04:22:18.099+0000][7][safepoint   ] Safepoint "Cleanup", Time since last: 3000251258 ns, Reaching safepoint: 88395 ns, At safepoint: 3801 ns, Total: 92196 ns
[2024-02-14T04:26:45.114+0000][7][safepoint   ] Safepoint "Cleanup", Time since last: 267015600280 ns, Reaching safepoint: 82322 ns, At safepoint: 3617 ns, Total: 85939 ns
[2024-02-14T04:27:53.118+0000][7][safepoint   ] Safepoint "Cleanup", Time since last: 68004030918 ns, Reaching safepoint: 79482 ns, At safepoint: 5167 ns, Total: 84649 ns
[2024-02-14T04:35:45.146+0000][7][safepoint   ] Safepoint "Cleanup", Time since last: 472027625045 ns, Reaching safepoint: 111954 ns, At safepoint: 4448 ns, Total: 116402 ns
[2024-02-14T05:13:22.278+0000][7][safepoint   ] Safepoint "Cleanup", Time since last: 2257131640674 ns, Reaching safepoint: 88251 ns, At safepoint: 3748 ns, Total: 91999 ns
[2024-02-14T05:13:23.278+0000][7][safepoint   ] Safepoint "Cleanup", Time since last: 1000129947 ns, Reaching safepoint: 82996 ns, At safepoint: 11793 ns, Total: 94789 ns
[2024-02-14T05:20:15.302+0000][7][safepoint   ] Safepoint "Cleanup", Time since last: 412023952203 ns, Reaching safepoint: 86757 ns, At safepoint: 2798 ns, Total: 89555 ns
[2024-02-14T05:33:22.348+0000][7][safepoint   ] Safepoint "Cleanup", Time since last: 787046338251 ns, Reaching safepoint: 85738 ns, At safepoint: 6596 ns, Total: 92334 ns
[2024-02-14T05:43:16.383+0000][7][safepoint   ] Safepoint "Cleanup", Time since last: 594034858090 ns, Reaching safepoint: 100279 ns, At safepoint: 4229 ns, Total: 104508 ns
[2024-02-14T05:47:07.397+0000][7][safepoint   ] Safepoint "Cleanup", Time since last: 231013758423 ns, Reaching safepoint: 81707 ns, At safepoint: 3546 ns, Total: 85253 ns
[2024-02-14T05:47:09.398+0000][7][safepoint   ] Safepoint "Cleanup", Time since last: 2000189589 ns, Reaching safepoint: 90699 ns, At safepoint: 3793 ns, Total: 94492 ns
[2024-02-14T05:47:11.398+0000][7][safepoint   ] Safepoint "Cleanup", Time since last: 2000200029 ns, Reaching safepoint: 80043 ns, At safepoint: 3539 ns, Total: 83582 ns
[2024-02-14T05:47:12.398+0000][7][safepoint   ] Safepoint "Cleanup", Time since last: 1000134251 ns, Reaching safepoint: 86835 ns, At safepoint: 3145 ns, Total: 89980 ns
[2024-02-14T05:47:13.398+0000][7][safepoint   ] Safepoint "Cleanup", Time since last: 1000134257 ns, Reaching safepoint: 86269 ns, At safepoint: 4003 ns, Total: 90272 ns
[2024-02-14T05:54:44.425+0000][7][safepoint   ] Safepoint "Cleanup", Time since last: 451026512601 ns, Reaching safepoint: 97149 ns, At safepoint: 3600 ns, Total: 100749 ns
[2024-02-14T05:56:48.433+0000][7][safepoint   ] Safepoint "Cleanup", Time since last: 124007581656 ns, Reaching safepoint: 115215 ns, At safepoint: 3304 ns, Total: 118519 ns
[2024-02-14T06:00:32.446+0000][7][safepoint   ] Safepoint "Cleanup", Time since last: 224013400921 ns, Reaching safepoint: 89224 ns, At safepoint: 3343 ns, Total: 92567 ns
[2024-02-14T06:01:51.451+0000][7][safepoint   ] Safepoint "Cleanup", Time since last: 79004707966 ns, Reaching safepoint: 93405 ns, At safepoint: 14472 ns, Total: 107877 ns
[2024-02-14T06:01:53.451+0000][7][safepoint   ] Safepoint "Cleanup", Time since last: 2000205018 ns, Reaching safepoint: 87815 ns, At safepoint: 3625 ns, Total: 91440 ns
[2024-02-14T06:46:36.609+0000][7][safepoint   ] Safepoint "Cleanup", Time since last: 2683158075589 ns, Reaching safepoint: 100429 ns, At safepoint: 3777 ns, Total: 104206 ns
[2024-02-14T06:49:22.619+0000][7][safepoint   ] Safepoint "Cleanup", Time since last: 166009738260 ns, Reaching safepoint: 86045 ns, At safepoint: 9769 ns, Total: 95814 ns
[2024-02-14T06:51:23.626+0000][7][safepoint   ] Safepoint "Cleanup", Time since last: 121007107372 ns, Reaching safepoint: 87054 ns, At safepoint: 3784 ns, Total: 90838 ns
[2024-02-14T06:53:03.573+0000][7][gc,start    ] GC(22) Pause Young (Normal) (G1 Evacuation Pause)
[2024-02-14T06:53:03.573+0000][7][gc,task     ] GC(22) Using 12 workers of 13 for evacuation
[2024-02-14T06:53:03.573+0000][7][gc,age      ] GC(22) Desired survivor size 20971520 bytes, new threshold 15 (max threshold 15)
[2024-02-14T06:53:03.581+0000][7][gc,age      ] GC(22) Age table with threshold 15 (max threshold 15)
[2024-02-14T06:53:03.581+0000][7][gc,age      ] GC(22) - age   1:     168704 bytes,     168704 total
[2024-02-14T06:53:03.581+0000][7][gc,age      ] GC(22) - age   2:    1498848 bytes,    1667552 total
[2024-02-14T06:53:03.581+0000][7][gc,age      ] GC(22) - age   3:     302800 bytes,    1970352 total
[2024-02-14T06:53:03.581+0000][7][gc,age      ] GC(22) - age   4:     188232 bytes,    2158584 total
[2024-02-14T06:53:03.581+0000][7][gc,age      ] GC(22) - age   5:    1778512 bytes,    3937096 total
[2024-02-14T06:53:03.581+0000][7][gc,age      ] GC(22) - age   6:   12231488 bytes,   16168584 total
[2024-02-14T06:53:03.581+0000][7][gc,phases   ] GC(22)   Pre Evacuate Collection Set: 0.1ms
[2024-02-14T06:53:03.581+0000][7][gc,phases   ] GC(22)   Merge Heap Roots: 0.1ms
[2024-02-14T06:53:03.581+0000][7][gc,phases   ] GC(22)   Evacuate Collection Set: 6.7ms
[2024-02-14T06:53:03.581+0000][7][gc,phases   ] GC(22)   Post Evacuate Collection Set: 0.9ms
[2024-02-14T06:53:03.581+0000][7][gc,phases   ] GC(22)   Other: 0.3ms
[2024-02-14T06:53:03.581+0000][7][gc,heap     ] GC(22) Eden regions: 71->0(71)
[2024-02-14T06:53:03.581+0000][7][gc,heap     ] GC(22) Survivor regions: 5->5(10)
[2024-02-14T06:53:03.581+0000][7][gc,heap     ] GC(22) Old regions: 16->16
[2024-02-14T06:53:03.581+0000][7][gc,heap     ] GC(22) Archive regions: 2->2
[2024-02-14T06:53:03.581+0000][7][gc,heap     ] GC(22) Humongous regions: 2->2
[2024-02-14T06:53:03.581+0000][7][gc,metaspace] GC(22) Metaspace: 97919K(102140K)->97919K(102140K) NonClass: 84876K(87932K)->84876K(87932K) Class: 13042K(14208K)->13042K(14208K)
[2024-02-14T06:53:03.581+0000][7][gc          ] GC(22) Pause Young (Normal) (G1 Evacuation Pause) 375M->89M(512M) 8.280ms
[2024-02-14T06:53:03.581+0000][7][gc,cpu      ] GC(22) User=0.04s Sys=0.01s Real=0.01s
[2024-02-14T06:53:03.581+0000][7][safepoint   ] Safepoint "G1CollectForAllocation", Time since last: 99946067580 ns, Reaching safepoint: 225581 ns, At safepoint: 8375525 ns, Total: 8601106 ns
[2024-02-14T06:53:53.584+0000][7][safepoint   ] Safepoint "Cleanup", Time since last: 50002986655 ns, Reaching safepoint: 91339 ns, At safepoint: 3677 ns, Total: 95016 ns
[2024-02-14T06:57:23.597+0000][7][safepoint   ] Safepoint "Cleanup", Time since last: 210012462184 ns, Reaching safepoint: 91881 ns, At safepoint: 3663 ns, Total: 95544 ns
[2024-02-14T06:58:45.787+0000][7][safepoint   ] Safepoint "Cleanup", Time since last: 82189960074 ns, Reaching safepoint: 124687 ns, At safepoint: 3706 ns, Total: 128393 ns
[2024-02-14T07:00:44.794+0000][7][safepoint   ] Safepoint "Cleanup", Time since last: 119007035764 ns, Reaching safepoint: 131360 ns, At safepoint: 3967 ns, Total: 135327 ns
[2024-02-14T07:04:53.808+0000][7][safepoint   ] Safepoint "Cleanup", Time since last: 249014322372 ns, Reaching safepoint: 84346 ns, At safepoint: 3700 ns, Total: 88046 ns
[2024-02-14T07:10:09.827+0000][7][safepoint   ] Safepoint "Cleanup", Time since last: 316018637272 ns, Reaching safepoint: 89423 ns, At safepoint: 4120 ns, Total: 93543 ns
[2024-02-14T07:18:53.858+0000][7][safepoint   ] Safepoint "Cleanup", Time since last: 524030746357 ns, Reaching safepoint: 91433 ns, At safepoint: 8537 ns, Total: 99970 ns
[2024-02-14T07:51:25.974+0000][7][safepoint   ] Safepoint "Cleanup", Time since last: 1952115408759 ns, Reaching safepoint: 92742 ns, At safepoint: 3332 ns, Total: 96074 ns
[2024-02-14T07:51:28.974+0000][7][safepoint   ] Safepoint "Cleanup", Time since last: 3000211701 ns, Reaching safepoint: 94601 ns, At safepoint: 6127 ns, Total: 100728 ns
[2024-02-14T08:09:15.790+0000][7][safepoint   ] Safepoint "Cleanup", Time since last: 1066815997849 ns, Reaching safepoint: 100576 ns, At safepoint: 3986 ns, Total: 104562 ns
[2024-02-14T08:33:55.135+0000][7][safepoint   ] Safepoint "Cleanup", Time since last: 1479345482312 ns, Reaching safepoint: 82069 ns, At safepoint: 3313 ns, Total: 85382 ns
[2024-02-14T08:35:15.140+0000][7][safepoint   ] Safepoint "Cleanup", Time since last: 80004827408 ns, Reaching safepoint: 92531 ns, At safepoint: 3796 ns, Total: 96327 ns
[2024-02-14T08:44:45.174+0000][7][safepoint   ] Safepoint "Cleanup", Time since last: 570033622852 ns, Reaching safepoint: 94324 ns, At safepoint: 9043 ns, Total: 103367 ns
[2024-02-14T09:33:53.347+0000][7][safepoint   ] Safepoint "Cleanup", Time since last: 2948172580486 ns, Reaching safepoint: 114844 ns, At safepoint: 4331 ns, Total: 119175 ns
[2024-02-14T09:37:45.361+0000][7][safepoint   ] Safepoint "Cleanup", Time since last: 232013747450 ns, Reaching safepoint: 99408 ns, At safepoint: 11448 ns, Total: 110856 ns
[2024-02-14T09:40:45.371+0000][7][safepoint   ] Safepoint "Cleanup", Time since last: 180010557399 ns, Reaching safepoint: 115246 ns, At safepoint: 4245 ns, Total: 119491 ns
[2024-02-14T10:00:15.440+0000][7][safepoint   ] Safepoint "Cleanup", Time since last: 1170068877647 ns, Reaching safepoint: 92172 ns, At safepoint: 9960 ns, Total: 102132 ns
[2024-02-14T10:01:45.446+0000][7][safepoint   ] Safepoint "Cleanup", Time since last: 90005308245 ns, Reaching safepoint: 93337 ns, At safepoint: 3684 ns, Total: 97021 ns
[2024-02-14T10:11:44.481+0000][7][safepoint   ] Safepoint "Cleanup", Time since last: 599035346360 ns, Reaching safepoint: 93576 ns, At safepoint: 3702 ns, Total: 97278 ns
[2024-02-14T10:11:51.482+0000][7][safepoint   ] Safepoint "Cleanup", Time since last: 7000487914 ns, Reaching safepoint: 82542 ns, At safepoint: 3783 ns, Total: 86325 ns
[2024-02-14T10:15:15.494+0000][7][safepoint   ] Safepoint "Cleanup", Time since last: 204012129998 ns, Reaching safepoint: 92003 ns, At safepoint: 6523 ns, Total: 98526 ns
[2024-02-14T10:20:15.512+0000][7][safepoint   ] Safepoint "Cleanup", Time since last: 300017721209 ns, Reaching safepoint: 110483 ns, At safepoint: 4385 ns, Total: 114868 ns
[2024-02-14T10:25:53.118+0000][7][gc,start    ] GC(23) Pause Young (Normal) (G1 Evacuation Pause)
[2024-02-14T10:25:53.118+0000][7][gc,task     ] GC(23) Using 12 workers of 13 for evacuation
[2024-02-14T10:25:53.118+0000][7][gc,age      ] GC(23) Desired survivor size 20971520 bytes, new threshold 15 (max threshold 15)
[2024-02-14T10:25:53.129+0000][7][gc,age      ] GC(23) Age table with threshold 15 (max threshold 15)
[2024-02-14T10:25:53.129+0000][7][gc,age      ] GC(23) - age   1:      66456 bytes,      66456 total
[2024-02-14T10:25:53.129+0000][7][gc,age      ] GC(23) - age   2:     123976 bytes,     190432 total
[2024-02-14T10:25:53.129+0000][7][gc,age      ] GC(23) - age   3:    1432952 bytes,    1623384 total
[2024-02-14T10:25:53.129+0000][7][gc,age      ] GC(23) - age   4:     286648 bytes,    1910032 total
[2024-02-14T10:25:53.129+0000][7][gc,age      ] GC(23) - age   5:     179192 bytes,    2089224 total
[2024-02-14T10:25:53.129+0000][7][gc,age      ] GC(23) - age   6:    1768344 bytes,    3857568 total
[2024-02-14T10:25:53.130+0000][7][gc,age      ] GC(23) - age   7:   12223056 bytes,   16080624 total
[2024-02-14T10:25:53.130+0000][7][gc,phases   ] GC(23)   Pre Evacuate Collection Set: 0.1ms
[2024-02-14T10:25:53.130+0000][7][gc,phases   ] GC(23)   Merge Heap Roots: 0.1ms
[2024-02-14T10:25:53.130+0000][7][gc,phases   ] GC(23)   Evacuate Collection Set: 10.6ms
[2024-02-14T10:25:53.130+0000][7][gc,phases   ] GC(23)   Post Evacuate Collection Set: 0.9ms
[2024-02-14T10:25:53.130+0000][7][gc,phases   ] GC(23)   Other: 0.4ms
[2024-02-14T10:25:53.130+0000][7][gc,heap     ] GC(23) Eden regions: 71->0(72)
[2024-02-14T10:25:53.130+0000][7][gc,heap     ] GC(23) Survivor regions: 5->4(10)
[2024-02-14T10:25:53.130+0000][7][gc,heap     ] GC(23) Old regions: 16->16
[2024-02-14T10:25:53.130+0000][7][gc,heap     ] GC(23) Archive regions: 2->2
[2024-02-14T10:25:53.130+0000][7][gc,heap     ] GC(23) Humongous regions: 2->2
[2024-02-14T10:25:53.130+0000][7][gc,metaspace] GC(23) Metaspace: 97979K(102140K)->97979K(102140K) NonClass: 84934K(87932K)->84934K(87932K) Class: 13044K(14208K)->13044K(14208K)
[2024-02-14T10:25:53.130+0000][7][gc          ] GC(23) Pause Young (Normal) (G1 Evacuation Pause) 373M->89M(512M) 12.153ms
[2024-02-14T10:25:53.130+0000][7][gc,cpu      ] GC(23) User=0.04s Sys=0.00s Real=0.01s
[2024-02-14T10:25:53.130+0000][7][safepoint   ] Safepoint "G1CollectForAllocation", Time since last: 337605582825 ns, Reaching safepoint: 83480 ns, At safepoint: 12245811 ns, Total: 12329291 ns
[2024-02-14T11:00:53.254+0000][7][safepoint   ] Safepoint "Cleanup", Time since last: 2100123701981 ns, Reaching safepoint: 95615 ns, At safepoint: 4018 ns, Total: 99633 ns
[2024-02-14T11:22:26.329+0000][7][safepoint   ] Safepoint "Cleanup", Time since last: 1293075430938 ns, Reaching safepoint: 124751 ns, At safepoint: 3806 ns, Total: 128557 ns
[2024-02-14T11:25:54.341+0000][7][safepoint   ] Safepoint "Cleanup", Time since last: 208012254754 ns, Reaching safepoint: 100372 ns, At safepoint: 9398 ns, Total: 109770 ns
[2024-02-14T11:38:45.387+0000][7][safepoint   ] Safepoint "Cleanup", Time since last: 771045379236 ns, Reaching safepoint: 87206 ns, At safepoint: 3451 ns, Total: 90657 ns
[2024-02-14T13:08:53.705+0000][7][safepoint   ] Safepoint "Cleanup", Time since last: 5408318254352 ns, Reaching safepoint: 95615 ns, At safepoint: 11614 ns, Total: 107229 ns
[2024-02-14T13:09:22.707+0000][7][safepoint   ] Safepoint "Cleanup", Time since last: 29001788994 ns, Reaching safepoint: 88151 ns, At safepoint: 3377 ns, Total: 91528 ns
[2024-02-14T13:15:25.729+0000][7][safepoint   ] Safepoint "Cleanup", Time since last: 363021654677 ns, Reaching safepoint: 94109 ns, At safepoint: 3524 ns, Total: 97633 ns
[2024-02-14T13:15:26.729+0000][7][safepoint   ] Safepoint "Cleanup", Time since last: 1000136389 ns, Reaching safepoint: 96482 ns, At safepoint: 6305 ns, Total: 102787 ns
[2024-02-14T13:23:22.757+0000][7][safepoint   ] Safepoint "Cleanup", Time since last: 476028011145 ns, Reaching safepoint: 87471 ns, At safepoint: 9118 ns, Total: 96589 ns
[2024-02-14T13:52:23.860+0000][7][safepoint   ] Safepoint "Cleanup", Time since last: 1741102407866 ns, Reaching safepoint: 117298 ns, At safepoint: 3869 ns, Total: 121167 ns
[2024-02-14T13:54:22.867+0000][7][safepoint   ] Safepoint "Cleanup", Time since last: 119007137924 ns, Reaching safepoint: 86993 ns, At safepoint: 3733 ns, Total: 90726 ns
[2024-02-14T14:01:53.338+0000][7][gc,start    ] GC(24) Pause Young (Normal) (G1 Evacuation Pause)
[2024-02-14T14:01:53.338+0000][7][gc,task     ] GC(24) Using 12 workers of 13 for evacuation
[2024-02-14T14:01:53.338+0000][7][gc,age      ] GC(24) Desired survivor size 20971520 bytes, new threshold 15 (max threshold 15)
[2024-02-14T14:01:53.347+0000][7][gc,age      ] GC(24) Age table with threshold 15 (max threshold 15)
[2024-02-14T14:01:53.347+0000][7][gc,age      ] GC(24) - age   1:     113408 bytes,     113408 total
[2024-02-14T14:01:53.347+0000][7][gc,age      ] GC(24) - age   2:      41504 bytes,     154912 total
[2024-02-14T14:01:53.347+0000][7][gc,age      ] GC(24) - age   3:      55040 bytes,     209952 total
[2024-02-14T14:01:53.347+0000][7][gc,age      ] GC(24) - age   4:    1349464 bytes,    1559416 total
[2024-02-14T14:01:53.347+0000][7][gc,age      ] GC(24) - age   5:     222000 bytes,    1781416 total
[2024-02-14T14:01:53.347+0000][7][gc,age      ] GC(24) - age   6:     179192 bytes,    1960608 total
[2024-02-14T14:01:53.347+0000][7][gc,age      ] GC(24) - age   7:    1768208 bytes,    3728816 total
[2024-02-14T14:01:53.347+0000][7][gc,age      ] GC(24) - age   8:   12223056 bytes,   15951872 total
[2024-02-14T14:01:53.347+0000][7][gc,phases   ] GC(24)   Pre Evacuate Collection Set: 0.1ms
[2024-02-14T14:01:53.347+0000][7][gc,phases   ] GC(24)   Merge Heap Roots: 0.1ms
[2024-02-14T14:01:53.347+0000][7][gc,phases   ] GC(24)   Evacuate Collection Set: 7.6ms
[2024-02-14T14:01:53.347+0000][7][gc,phases   ] GC(24)   Post Evacuate Collection Set: 0.8ms
[2024-02-14T14:01:53.347+0000][7][gc,phases   ] GC(24)   Other: 0.4ms
[2024-02-14T14:01:53.347+0000][7][gc,heap     ] GC(24) Eden regions: 72->0(71)
[2024-02-14T14:01:53.347+0000][7][gc,heap     ] GC(24) Survivor regions: 4->5(10)
[2024-02-14T14:01:53.347+0000][7][gc,heap     ] GC(24) Old regions: 16->16
[2024-02-14T14:01:53.347+0000][7][gc,heap     ] GC(24) Archive regions: 2->2
[2024-02-14T14:01:53.347+0000][7][gc,heap     ] GC(24) Humongous regions: 2->2
[2024-02-14T14:01:53.347+0000][7][gc,metaspace] GC(24) Metaspace: 98021K(102396K)->98021K(102396K) NonClass: 84977K(88188K)->84977K(88188K) Class: 13044K(14208K)->13044K(14208K)
[2024-02-14T14:01:53.347+0000][7][gc          ] GC(24) Pause Young (Normal) (G1 Evacuation Pause) 377M->90M(512M) 9.127ms
[2024-02-14T14:01:53.348+0000][7][gc,cpu      ] GC(24) User=0.05s Sys=0.00s Real=0.01s
[2024-02-14T14:01:53.348+0000][7][safepoint   ] Safepoint "G1CollectForAllocation", Time since last: 450471150967 ns, Reaching safepoint: 122026 ns, At safepoint: 9217956 ns, Total: 9339982 ns
[2024-02-14T14:11:23.381+0000][7][safepoint   ] Safepoint "Cleanup", Time since last: 570033222596 ns, Reaching safepoint: 95107 ns, At safepoint: 8800 ns, Total: 103907 ns
[2024-02-14T14:47:53.510+0000][7][safepoint   ] Safepoint "Cleanup", Time since last: 2190128845465 ns, Reaching safepoint: 84374 ns, At safepoint: 3596 ns, Total: 87970 ns
[2024-02-14T14:54:22.533+0000][7][safepoint   ] Safepoint "Cleanup", Time since last: 389022687421 ns, Reaching safepoint: 92235 ns, At safepoint: 3474 ns, Total: 95709 ns
[2024-02-14T14:58:53.549+0000][7][safepoint   ] Safepoint "Cleanup", Time since last: 271015902809 ns, Reaching safepoint: 146736 ns, At safepoint: 6599 ns, Total: 153335 ns
[2024-02-14T16:32:53.881+0000][7][safepoint   ] Safepoint "Cleanup", Time since last: 5640332748294 ns, Reaching safepoint: 91908 ns, At safepoint: 6340 ns, Total: 98248 ns
[2024-02-14T16:39:23.904+0000][7][safepoint   ] Safepoint "Cleanup", Time since last: 390022784247 ns, Reaching safepoint: 85387 ns, At safepoint: 3808 ns, Total: 89195 ns
[2024-02-14T16:51:51.949+0000][7][safepoint   ] Safepoint "Cleanup", Time since last: 748044081019 ns, Reaching safepoint: 90257 ns, At safepoint: 3737 ns, Total: 93994 ns
[2024-02-14T16:51:52.949+0000][7][safepoint   ] Safepoint "Cleanup", Time since last: 1000154301 ns, Reaching safepoint: 83960 ns, At safepoint: 4096 ns, Total: 88056 ns
[2024-02-14T17:15:54.034+0000][7][safepoint   ] Safepoint "Cleanup", Time since last: 1441085332154 ns, Reaching safepoint: 95886 ns, At safepoint: 8925 ns, Total: 104811 ns
[2024-02-14T17:30:54.088+0000][7][safepoint   ] Safepoint "Cleanup", Time since last: 900053642769 ns, Reaching safepoint: 92807 ns, At safepoint: 4221 ns, Total: 97028 ns
[2024-02-14T17:35:53.548+0000][7][gc,start    ] GC(25) Pause Young (Normal) (G1 Evacuation Pause)
[2024-02-14T17:35:53.548+0000][7][gc,task     ] GC(25) Using 12 workers of 13 for evacuation
[2024-02-14T17:35:53.549+0000][7][gc,age      ] GC(25) Desired survivor size 20971520 bytes, new threshold 15 (max threshold 15)
[2024-02-14T17:35:53.556+0000][7][gc,age      ] GC(25) Age table with threshold 15 (max threshold 15)
[2024-02-14T17:35:53.556+0000][7][gc,age      ] GC(25) - age   1:      45336 bytes,      45336 total
[2024-02-14T17:35:53.556+0000][7][gc,age      ] GC(25) - age   2:      53080 bytes,      98416 total
[2024-02-14T17:35:53.556+0000][7][gc,age      ] GC(25) - age   3:      40464 bytes,     138880 total
[2024-02-14T17:35:53.556+0000][7][gc,age      ] GC(25) - age   4:      38920 bytes,     177800 total
[2024-02-14T17:35:53.556+0000][7][gc,age      ] GC(25) - age   5:    1315824 bytes,    1493624 total
[2024-02-14T17:35:53.556+0000][7][gc,age      ] GC(25) - age   6:     221960 bytes,    1715584 total
[2024-02-14T17:35:53.556+0000][7][gc,age      ] GC(25) - age   7:     179072 bytes,    1894656 total
[2024-02-14T17:35:53.556+0000][7][gc,age      ] GC(25) - age   8:    1768168 bytes,    3662824 total
[2024-02-14T17:35:53.556+0000][7][gc,age      ] GC(25) - age   9:   12223040 bytes,   15885864 total
[2024-02-14T17:35:53.556+0000][7][gc,phases   ] GC(25)   Pre Evacuate Collection Set: 0.1ms
[2024-02-14T17:35:53.556+0000][7][gc,phases   ] GC(25)   Merge Heap Roots: 0.1ms
[2024-02-14T17:35:53.556+0000][7][gc,phases   ] GC(25)   Evacuate Collection Set: 6.3ms
[2024-02-14T17:35:53.556+0000][7][gc,phases   ] GC(25)   Post Evacuate Collection Set: 0.9ms
[2024-02-14T17:35:53.556+0000][7][gc,phases   ] GC(25)   Other: 0.4ms
[2024-02-14T17:35:53.556+0000][7][gc,heap     ] GC(25) Eden regions: 71->0(71)
[2024-02-14T17:35:53.556+0000][7][gc,heap     ] GC(25) Survivor regions: 5->5(10)
[2024-02-14T17:35:53.556+0000][7][gc,heap     ] GC(25) Old regions: 16->16
[2024-02-14T17:35:53.556+0000][7][gc,heap     ] GC(25) Archive regions: 2->2
[2024-02-14T17:35:53.556+0000][7][gc,heap     ] GC(25) Humongous regions: 2->2
[2024-02-14T17:35:53.556+0000][7][gc,metaspace] GC(25) Metaspace: 98048K(102396K)->98048K(102396K) NonClass: 85002K(88188K)->85002K(88188K) Class: 13045K(14208K)->13045K(14208K)
[2024-02-14T17:35:53.556+0000][7][gc          ] GC(25) Pause Young (Normal) (G1 Evacuation Pause) 374M->90M(512M) 7.912ms
[2024-02-14T17:35:53.556+0000][7][gc,cpu      ] GC(25) User=0.04s Sys=0.01s Real=0.00s
[2024-02-14T17:35:53.556+0000][7][safepoint   ] Safepoint "G1CollectForAllocation", Time since last: 299460298575 ns, Reaching safepoint: 89391 ns, At safepoint: 8038348 ns, Total: 8127739 ns
[2024-02-14T17:42:40.581+0000][7][safepoint   ] Safepoint "Cleanup", Time since last: 407024526725 ns, Reaching safepoint: 108966 ns, At safepoint: 6847 ns, Total: 115813 ns
[2024-02-14T18:10:50.680+0000][7][safepoint   ] Safepoint "Cleanup", Time since last: 1690098948252 ns, Reaching safepoint: 80832 ns, At safepoint: 4864 ns, Total: 85696 ns
[2024-02-14T18:11:14.682+0000][7][safepoint   ] Safepoint "Cleanup", Time since last: 24001520145 ns, Reaching safepoint: 94807 ns, At safepoint: 3915 ns, Total: 98722 ns
[2024-02-14T18:11:15.682+0000][7][safepoint   ] Safepoint "Cleanup", Time since last: 1000139495 ns, Reaching safepoint: 93572 ns, At safepoint: 3600 ns, Total: 97172 ns
[2024-02-14T18:11:18.682+0000][7][safepoint   ] Safepoint "Cleanup", Time since last: 3000261296 ns, Reaching safepoint: 92671 ns, At safepoint: 3914 ns, Total: 96585 ns
[2024-02-14T18:11:26.683+0000][7][safepoint   ] Safepoint "Cleanup", Time since last: 8000550327 ns, Reaching safepoint: 87867 ns, At safepoint: 3598 ns, Total: 91465 ns
[2024-02-14T18:11:29.683+0000][7][safepoint   ] Safepoint "Cleanup", Time since last: 3000262956 ns, Reaching safepoint: 85281 ns, At safepoint: 3947 ns, Total: 89228 ns
[2024-02-14T18:11:33.684+0000][7][safepoint   ] Safepoint "Cleanup", Time since last: 4000329230 ns, Reaching safepoint: 90748 ns, At safepoint: 3685 ns, Total: 94433 ns
[2024-02-14T18:11:38.684+0000][7][safepoint   ] Safepoint "Cleanup", Time since last: 5000382299 ns, Reaching safepoint: 85449 ns, At safepoint: 3594 ns, Total: 89043 ns
[2024-02-14T18:11:44.685+0000][7][safepoint   ] Safepoint "Cleanup", Time since last: 6000442814 ns, Reaching safepoint: 80478 ns, At safepoint: 4088 ns, Total: 84566 ns
[2024-02-14T18:11:45.685+0000][7][safepoint   ] Safepoint "Cleanup", Time since last: 1000139378 ns, Reaching safepoint: 84425 ns, At safepoint: 3470 ns, Total: 87895 ns
[2024-02-14T18:11:49.685+0000][7][safepoint   ] Safepoint "Cleanup", Time since last: 4000327559 ns, Reaching safepoint: 87469 ns, At safepoint: 3860 ns, Total: 91329 ns
[2024-02-14T18:11:50.686+0000][7][safepoint   ] Safepoint "Cleanup", Time since last: 1000139390 ns, Reaching safepoint: 84007 ns, At safepoint: 3803 ns, Total: 87810 ns
[2024-02-14T18:12:03.687+0000][7][safepoint   ] Safepoint "Cleanup", Time since last: 13000862328 ns, Reaching safepoint: 81671 ns, At safepoint: 8896 ns, Total: 90567 ns
[2024-02-14T18:12:08.687+0000][7][safepoint   ] Safepoint "Cleanup", Time since last: 5000415841 ns, Reaching safepoint: 82928 ns, At safepoint: 3604 ns, Total: 86532 ns
[2024-02-14T18:12:09.687+0000][7][safepoint   ] Safepoint "Cleanup", Time since last: 1000148133 ns, Reaching safepoint: 84218 ns, At safepoint: 6402 ns, Total: 90620 ns
[2024-02-14T18:12:12.688+0000][7][safepoint   ] Safepoint "Cleanup", Time since last: 3000270763 ns, Reaching safepoint: 96640 ns, At safepoint: 3875 ns, Total: 100515 ns
[2024-02-14T18:12:14.688+0000][7][safepoint   ] Safepoint "Cleanup", Time since last: 2000207773 ns, Reaching safepoint: 83010 ns, At safepoint: 4108 ns, Total: 87118 ns
[2024-02-14T18:12:20.688+0000][7][safepoint   ] Safepoint "Cleanup", Time since last: 6000447056 ns, Reaching safepoint: 93069 ns, At safepoint: 3760 ns, Total: 96829 ns
[2024-02-14T18:12:38.690+0000][7][safepoint   ] Safepoint "Cleanup", Time since last: 18001164706 ns, Reaching safepoint: 82037 ns, At safepoint: 4203 ns, Total: 86240 ns
[2024-02-14T18:12:43.690+0000][7][safepoint   ] Safepoint "Cleanup", Time since last: 5000382862 ns, Reaching safepoint: 88568 ns, At safepoint: 4023 ns, Total: 92591 ns
[2024-02-14T18:12:49.691+0000][7][safepoint   ] Safepoint "Cleanup", Time since last: 6000451234 ns, Reaching safepoint: 83413 ns, At safepoint: 6121 ns, Total: 89534 ns
[2024-02-14T18:12:50.691+0000][7][safepoint   ] Safepoint "Cleanup", Time since last: 1000151999 ns, Reaching safepoint: 83218 ns, At safepoint: 3807 ns, Total: 87025 ns
[2024-02-14T18:21:19.721+0000][7][safepoint   ] Safepoint "Cleanup", Time since last: 509030353627 ns, Reaching safepoint: 95305 ns, At safepoint: 3871 ns, Total: 99176 ns
[2024-02-14T18:21:30.722+0000][7][safepoint   ] Safepoint "Cleanup", Time since last: 11000741040 ns, Reaching safepoint: 84489 ns, At safepoint: 3562 ns, Total: 88051 ns
[2024-02-14T18:21:31.722+0000][7][safepoint   ] Safepoint "Cleanup", Time since last: 1000140450 ns, Reaching safepoint: 84534 ns, At safepoint: 3767 ns, Total: 88301 ns
[2024-02-14T18:22:01.724+0000][7][safepoint   ] Safepoint "Cleanup", Time since last: 30001853845 ns, Reaching safepoint: 87876 ns, At safepoint: 3589 ns, Total: 91465 ns
[2024-02-14T20:22:24.155+0000][7][safepoint   ] Safepoint "Cleanup", Time since last: 7222430649207 ns, Reaching safepoint: 88654 ns, At safepoint: 3362 ns, Total: 92016 ns
[2024-02-14T20:22:54.157+0000][7][safepoint   ] Safepoint "Cleanup", Time since last: 30001868195 ns, Reaching safepoint: 122194 ns, At safepoint: 4609 ns, Total: 126803 ns
[2024-02-14T20:43:50.232+0000][7][safepoint   ] Safepoint "Cleanup", Time since last: 1256074857654 ns, Reaching safepoint: 110603 ns, At safepoint: 4374 ns, Total: 114977 ns
[2024-02-14T20:44:45.235+0000][7][safepoint   ] Safepoint "Cleanup", Time since last: 55003248459 ns, Reaching safepoint: 83488 ns, At safepoint: 2845 ns, Total: 86333 ns
[2024-02-14T20:50:37.256+0000][7][safepoint   ] Safepoint "Cleanup", Time since last: 352020358981 ns, Reaching safepoint: 82346 ns, At safepoint: 11662 ns, Total: 94008 ns
[2024-02-14T21:01:55.105+0000][7][gc,start    ] GC(26) Pause Young (Normal) (G1 Evacuation Pause)
[2024-02-14T21:01:55.105+0000][7][gc,task     ] GC(26) Using 12 workers of 13 for evacuation
[2024-02-14T21:01:55.105+0000][7][gc,age      ] GC(26) Desired survivor size 20971520 bytes, new threshold 15 (max threshold 15)
[2024-02-14T21:01:55.113+0000][7][gc,age      ] GC(26) Age table with threshold 15 (max threshold 15)
[2024-02-14T21:01:55.113+0000][7][gc,age      ] GC(26) - age   1:     430648 bytes,     430648 total
[2024-02-14T21:01:55.113+0000][7][gc,age      ] GC(26) - age   2:       7584 bytes,     438232 total
[2024-02-14T21:01:55.113+0000][7][gc,age      ] GC(26) - age   3:      51776 bytes,     490008 total
[2024-02-14T21:01:55.113+0000][7][gc,age      ] GC(26) - age   4:      40424 bytes,     530432 total
[2024-02-14T21:01:55.113+0000][7][gc,age      ] GC(26) - age   5:      38840 bytes,     569272 total
[2024-02-14T21:01:55.113+0000][7][gc,age      ] GC(26) - age   6:    1315064 bytes,    1884336 total
[2024-02-14T21:01:55.113+0000][7][gc,age      ] GC(26) - age   7:     221520 bytes,    2105856 total
[2024-02-14T21:01:55.113+0000][7][gc,age      ] GC(26) - age   8:     178752 bytes,    2284608 total
[2024-02-14T21:01:55.113+0000][7][gc,age      ] GC(26) - age   9:    1767824 bytes,    4052432 total
[2024-02-14T21:01:55.113+0000][7][gc,age      ] GC(26) - age  10:   12222800 bytes,   16275232 total
[2024-02-14T21:01:55.113+0000][7][gc,phases   ] GC(26)   Pre Evacuate Collection Set: 0.1ms
[2024-02-14T21:01:55.113+0000][7][gc,phases   ] GC(26)   Merge Heap Roots: 0.1ms
[2024-02-14T21:01:55.113+0000][7][gc,phases   ] GC(26)   Evacuate Collection Set: 6.7ms
[2024-02-14T21:01:55.113+0000][7][gc,phases   ] GC(26)   Post Evacuate Collection Set: 0.8ms
[2024-02-14T21:01:55.113+0000][7][gc,phases   ] GC(26)   Other: 0.4ms
[2024-02-14T21:01:55.113+0000][7][gc,heap     ] GC(26) Eden regions: 71->0(71)
[2024-02-14T21:01:55.113+0000][7][gc,heap     ] GC(26) Survivor regions: 5->5(10)
[2024-02-14T21:01:55.113+0000][7][gc,heap     ] GC(26) Old regions: 16->16
[2024-02-14T21:01:55.113+0000][7][gc,heap     ] GC(26) Archive regions: 2->2
[2024-02-14T21:01:55.113+0000][7][gc,heap     ] GC(26) Humongous regions: 2->2
[2024-02-14T21:01:55.113+0000][7][gc,metaspace] GC(26) Metaspace: 98237K(102652K)->98237K(102652K) NonClass: 85179K(88444K)->85179K(88444K) Class: 13057K(14208K)->13057K(14208K)
[2024-02-14T21:01:55.113+0000][7][gc          ] GC(26) Pause Young (Normal) (G1 Evacuation Pause) 374M->90M(512M) 8.228ms
[2024-02-14T21:01:55.113+0000][7][gc,cpu      ] GC(26) User=0.05s Sys=0.00s Real=0.01s
[2024-02-14T21:01:55.113+0000][7][safepoint   ] Safepoint "G1CollectForAllocation", Time since last: 677848579592 ns, Reaching safepoint: 134001 ns, At safepoint: 8317914 ns, Total: 8451915 ns
[2024-02-14T21:23:24.188+0000][7][safepoint   ] Safepoint "Cleanup", Time since last: 1289075364531 ns, Reaching safepoint: 88859 ns, At safepoint: 8305 ns, Total: 97164 ns
[2024-02-14T21:25:24.196+0000][7][safepoint   ] Safepoint "Cleanup", Time since last: 120006993060 ns, Reaching safepoint: 123884 ns, At safepoint: 2623 ns, Total: 126507 ns
[2024-02-14T21:25:54.197+0000][7][safepoint   ] Safepoint "Cleanup", Time since last: 30001848860 ns, Reaching safepoint: 85829 ns, At safepoint: 8566 ns, Total: 94395 ns
[2024-02-14T22:03:24.286+0000][7][safepoint   ] Safepoint "Cleanup", Time since last: 2250088239453 ns, Reaching safepoint: 85537 ns, At safepoint: 11369 ns, Total: 96906 ns
[2024-02-14T22:29:24.376+0000][7][safepoint   ] Safepoint "Cleanup", Time since last: 1560090135259 ns, Reaching safepoint: 84996 ns, At safepoint: 3647 ns, Total: 88643 ns
[2024-02-14T22:31:24.383+0000][7][safepoint   ] Safepoint "Cleanup", Time since last: 120006953817 ns, Reaching safepoint: 84661 ns, At safepoint: 3084 ns, Total: 87745 ns
[2024-02-14T22:31:54.385+0000][7][safepoint   ] Safepoint "Cleanup", Time since last: 30001835919 ns, Reaching safepoint: 113208 ns, At safepoint: 3134 ns, Total: 116342 ns
[2024-02-14T22:40:06.413+0000][7][safepoint   ] Safepoint "Cleanup", Time since last: 492028321470 ns, Reaching safepoint: 82611 ns, At safepoint: 3630 ns, Total: 86241 ns
[2024-02-14T22:46:35.436+0000][7][safepoint   ] Safepoint "Cleanup", Time since last: 389022754981 ns, Reaching safepoint: 101830 ns, At safepoint: 4114 ns, Total: 105944 ns
[2024-02-14T22:46:36.437+0000][7][safepoint   ] Safepoint "Cleanup", Time since last: 1000132950 ns, Reaching safepoint: 85815 ns, At safepoint: 3549 ns, Total: 89364 ns
[2024-02-14T22:46:37.437+0000][7][safepoint   ] Safepoint "Cleanup", Time since last: 1000148030 ns, Reaching safepoint: 121081 ns, At safepoint: 4206 ns, Total: 125287 ns
[2024-02-14T22:47:55.442+0000][7][safepoint   ] Safepoint "Cleanup", Time since last: 78004617164 ns, Reaching safepoint: 87165 ns, At safepoint: 3015 ns, Total: 90180 ns
[2024-02-14T22:50:07.449+0000][7][safepoint   ] Safepoint "Cleanup", Time since last: 132007768472 ns, Reaching safepoint: 88905 ns, At safepoint: 3626 ns, Total: 92531 ns
[2024-02-14T22:57:23.475+0000][7][safepoint   ] Safepoint "Cleanup", Time since last: 436025601219 ns, Reaching safepoint: 86281 ns, At safepoint: 9219 ns, Total: 95500 ns
[2024-02-14T23:29:00.586+0000][7][safepoint   ] Safepoint "Cleanup", Time since last: 1897111235083 ns, Reaching safepoint: 84514 ns, At safepoint: 5867 ns, Total: 90381 ns
[2024-02-14T23:29:23.588+0000][7][safepoint   ] Safepoint "Cleanup", Time since last: 23001432116 ns, Reaching safepoint: 78520 ns, At safepoint: 3660 ns, Total: 82180 ns
[2024-02-14T23:30:24.592+0000][7][safepoint   ] Safepoint "Cleanup", Time since last: 61003707972 ns, Reaching safepoint: 91627 ns, At safepoint: 11986 ns, Total: 103613 ns
[2024-02-14T23:32:23.599+0000][7][safepoint   ] Safepoint "Cleanup", Time since last: 119007103081 ns, Reaching safepoint: 84182 ns, At safepoint: 3734 ns, Total: 87916 ns
[2024-02-14T23:34:24.606+0000][7][safepoint   ] Safepoint "Cleanup", Time since last: 121007262349 ns, Reaching safepoint: 106186 ns, At safepoint: 4262 ns, Total: 110448 ns
[2024-02-14T23:35:24.610+0000][7][safepoint   ] Safepoint "Cleanup", Time since last: 60003658521 ns, Reaching safepoint: 113460 ns, At safepoint: 4370 ns, Total: 117830 ns
[2024-02-15T00:06:49.721+0000][7][safepoint   ] Safepoint "Cleanup", Time since last: 1885110964470 ns, Reaching safepoint: 86585 ns, At safepoint: 3038 ns, Total: 89623 ns
[2024-02-15T00:07:08.722+0000][7][safepoint   ] Safepoint "Cleanup", Time since last: 19001196088 ns, Reaching safepoint: 93045 ns, At safepoint: 9865 ns, Total: 102910 ns
[2024-02-15T00:12:58.743+0000][7][safepoint   ] Safepoint "Cleanup", Time since last: 350020566956 ns, Reaching safepoint: 94153 ns, At safepoint: 12039 ns, Total: 106192 ns
[2024-02-15T00:12:59.743+0000][7][safepoint   ] Safepoint "Cleanup", Time since last: 1000144793 ns, Reaching safepoint: 91783 ns, At safepoint: 4238 ns, Total: 96021 ns
[2024-02-15T00:13:00.744+0000][7][safepoint   ] Safepoint "Cleanup", Time since last: 1000139142 ns, Reaching safepoint: 80454 ns, At safepoint: 3742 ns, Total: 84196 ns
[2024-02-15T00:32:42.143+0000][7][gc,start    ] GC(27) Pause Young (Normal) (G1 Evacuation Pause)
[2024-02-15T00:32:42.143+0000][7][gc,task     ] GC(27) Using 12 workers of 13 for evacuation
[2024-02-15T00:32:42.143+0000][7][gc,age      ] GC(27) Desired survivor size 20971520 bytes, new threshold 15 (max threshold 15)
[2024-02-15T00:32:42.151+0000][7][gc,age      ] GC(27) Age table with threshold 15 (max threshold 15)
[2024-02-15T00:32:42.151+0000][7][gc,age      ] GC(27) - age   1:     108232 bytes,     108232 total
[2024-02-15T00:32:42.151+0000][7][gc,age      ] GC(27) - age   2:     366992 bytes,     475224 total
[2024-02-15T00:32:42.151+0000][7][gc,age      ] GC(27) - age   3:       5144 bytes,     480368 total
[2024-02-15T00:32:42.151+0000][7][gc,age      ] GC(27) - age   4:      35408 bytes,     515776 total
[2024-02-15T00:32:42.151+0000][7][gc,age      ] GC(27) - age   5:      24232 bytes,     540008 total
[2024-02-15T00:32:42.151+0000][7][gc,age      ] GC(27) - age   6:      38800 bytes,     578808 total
[2024-02-15T00:32:42.151+0000][7][gc,age      ] GC(27) - age   7:    1314984 bytes,    1893792 total
[2024-02-15T00:32:42.151+0000][7][gc,age      ] GC(27) - age   8:     221480 bytes,    2115272 total
[2024-02-15T00:32:42.151+0000][7][gc,age      ] GC(27) - age   9:     178752 bytes,    2294024 total
[2024-02-15T00:32:42.151+0000][7][gc,age      ] GC(27) - age  10:    1767824 bytes,    4061848 total
[2024-02-15T00:32:42.151+0000][7][gc,age      ] GC(27) - age  11:   12222800 bytes,   16284648 total
[2024-02-15T00:32:42.151+0000][7][gc,phases   ] GC(27)   Pre Evacuate Collection Set: 0.1ms
[2024-02-15T00:32:42.151+0000][7][gc,phases   ] GC(27)   Merge Heap Roots: 0.1ms
[2024-02-15T00:32:42.151+0000][7][gc,phases   ] GC(27)   Evacuate Collection Set: 6.5ms
[2024-02-15T00:32:42.151+0000][7][gc,phases   ] GC(27)   Post Evacuate Collection Set: 0.9ms
[2024-02-15T00:32:42.151+0000][7][gc,phases   ] GC(27)   Other: 0.4ms
[2024-02-15T00:32:42.151+0000][7][gc,heap     ] GC(27) Eden regions: 71->0(71)
[2024-02-15T00:32:42.151+0000][7][gc,heap     ] GC(27) Survivor regions: 5->5(10)
[2024-02-15T00:32:42.151+0000][7][gc,heap     ] GC(27) Old regions: 16->16
[2024-02-15T00:32:42.151+0000][7][gc,heap     ] GC(27) Archive regions: 2->2
[2024-02-15T00:32:42.151+0000][7][gc,heap     ] GC(27) Humongous regions: 2->2
[2024-02-15T00:32:42.151+0000][7][gc,metaspace] GC(27) Metaspace: 98305K(102652K)->98305K(102652K) NonClass: 85247K(88444K)->85247K(88444K) Class: 13057K(14208K)->13057K(14208K)
[2024-02-15T00:32:42.151+0000][7][gc          ] GC(27) Pause Young (Normal) (G1 Evacuation Pause) 374M->90M(512M) 8.110ms
[2024-02-15T00:32:42.151+0000][7][gc,cpu      ] GC(27) User=0.04s Sys=0.00s Real=0.01s
[2024-02-15T00:32:42.151+0000][7][safepoint   ] Safepoint "G1CollectForAllocation", Time since last: 1181399429919 ns, Reaching safepoint: 102858 ns, At safepoint: 8202578 ns, Total: 8305436 ns
[2024-02-15T00:36:04.163+0000][7][safepoint   ] Safepoint "Cleanup", Time since last: 202011866576 ns, Reaching safepoint: 91677 ns, At safepoint: 3710 ns, Total: 95387 ns
[2024-02-15T00:36:18.164+0000][7][safepoint   ] Safepoint "Cleanup", Time since last: 14000898669 ns, Reaching safepoint: 82858 ns, At safepoint: 4029 ns, Total: 86887 ns
[2024-02-15T00:58:50.243+0000][7][safepoint   ] Safepoint "Cleanup", Time since last: 1352079028665 ns, Reaching safepoint: 109974 ns, At safepoint: 4332 ns, Total: 114306 ns
[2024-02-15T01:22:53.328+0000][7][safepoint   ] Safepoint "Cleanup", Time since last: 1443084417135 ns, Reaching safepoint: 119943 ns, At safepoint: 3459 ns, Total: 123402 ns
[2024-02-15T01:29:54.353+0000][7][safepoint   ] Safepoint "Cleanup", Time since last: 421025076459 ns, Reaching safepoint: 86629 ns, At safepoint: 3451 ns, Total: 90080 ns
[2024-02-15T01:30:00.354+0000][7][safepoint   ] Safepoint "Cleanup", Time since last: 6000441998 ns, Reaching safepoint: 108352 ns, At safepoint: 3873 ns, Total: 112225 ns
[2024-02-15T01:36:09.375+0000][7][safepoint   ] Safepoint "Cleanup", Time since last: 369021708653 ns, Reaching safepoint: 85401 ns, At safepoint: 3764 ns, Total: 89165 ns
[2024-02-15T01:36:11.376+0000][7][safepoint   ] Safepoint "Cleanup", Time since last: 2000210180 ns, Reaching safepoint: 87738 ns, At safepoint: 3723 ns, Total: 91461 ns
[2024-02-15T01:36:12.376+0000][7][safepoint   ] Safepoint "Cleanup", Time since last: 1000144524 ns, Reaching safepoint: 85814 ns, At safepoint: 3781 ns, Total: 89595 ns
[2024-02-15T01:36:17.376+0000][7][safepoint   ] Safepoint "Cleanup", Time since last: 5000384408 ns, Reaching safepoint: 84904 ns, At safepoint: 3633 ns, Total: 88537 ns
[2024-02-15T01:38:00.383+0000][7][safepoint   ] Safepoint "Cleanup", Time since last: 103006291800 ns, Reaching safepoint: 119401 ns, At safepoint: 4443 ns, Total: 123844 ns
[2024-02-15T02:47:24.630+0000][7][safepoint   ] Safepoint "Cleanup", Time since last: 4164247142075 ns, Reaching safepoint: 101634 ns, At safepoint: 4450 ns, Total: 106084 ns
[2024-02-15T03:12:47.720+0000][7][safepoint   ] Safepoint "Cleanup", Time since last: 1523090019156 ns, Reaching safepoint: 86768 ns, At safepoint: 8986 ns, Total: 95754 ns
[2024-02-15T04:04:42.719+0000][7][gc,start    ] GC(28) Pause Young (Normal) (G1 Evacuation Pause)
[2024-02-15T04:04:42.719+0000][7][gc,task     ] GC(28) Using 12 workers of 13 for evacuation
[2024-02-15T04:04:42.719+0000][7][gc,age      ] GC(28) Desired survivor size 20971520 bytes, new threshold 15 (max threshold 15)
[2024-02-15T04:04:42.726+0000][7][gc,age      ] GC(28) Age table with threshold 15 (max threshold 15)
[2024-02-15T04:04:42.727+0000][7][gc,age      ] GC(28) - age   1:     152752 bytes,     152752 total
[2024-02-15T04:04:42.727+0000][7][gc,age      ] GC(28) - age   2:      51104 bytes,     203856 total
[2024-02-15T04:04:42.727+0000][7][gc,age      ] GC(28) - age   3:     253168 bytes,     457024 total
[2024-02-15T04:04:42.727+0000][7][gc,age      ] GC(28) - age   4:       5080 bytes,     462104 total
[2024-02-15T04:04:42.727+0000][7][gc,age      ] GC(28) - age   5:      35368 bytes,     497472 total
[2024-02-15T04:04:42.727+0000][7][gc,age      ] GC(28) - age   6:      24192 bytes,     521664 total
[2024-02-15T04:04:42.727+0000][7][gc,age      ] GC(28) - age   7:      38800 bytes,     560464 total
[2024-02-15T04:04:42.727+0000][7][gc,age      ] GC(28) - age   8:    1313752 bytes,    1874216 total
[2024-02-15T04:04:42.727+0000][7][gc,age      ] GC(28) - age   9:     221480 bytes,    2095696 total
[2024-02-15T04:04:42.727+0000][7][gc,age      ] GC(28) - age  10:     178752 bytes,    2274448 total
[2024-02-15T04:04:42.727+0000][7][gc,age      ] GC(28) - age  11:    1767760 bytes,    4042208 total
[2024-02-15T04:04:42.727+0000][7][gc,age      ] GC(28) - age  12:   12222720 bytes,   16264928 total
[2024-02-15T04:04:42.727+0000][7][gc,phases   ] GC(28)   Pre Evacuate Collection Set: 0.1ms
[2024-02-15T04:04:42.727+0000][7][gc,phases   ] GC(28)   Merge Heap Roots: 0.2ms
[2024-02-15T04:04:42.727+0000][7][gc,phases   ] GC(28)   Evacuate Collection Set: 6.0ms
[2024-02-15T04:04:42.727+0000][7][gc,phases   ] GC(28)   Post Evacuate Collection Set: 0.9ms
[2024-02-15T04:04:42.727+0000][7][gc,phases   ] GC(28)   Other: 0.4ms
[2024-02-15T04:04:42.727+0000][7][gc,heap     ] GC(28) Eden regions: 71->0(71)
[2024-02-15T04:04:42.727+0000][7][gc,heap     ] GC(28) Survivor regions: 5->5(10)
[2024-02-15T04:04:42.727+0000][7][gc,heap     ] GC(28) Old regions: 16->16
[2024-02-15T04:04:42.727+0000][7][gc,heap     ] GC(28) Archive regions: 2->2
[2024-02-15T04:04:42.727+0000][7][gc,heap     ] GC(28) Humongous regions: 2->2
[2024-02-15T04:04:42.727+0000][7][gc,metaspace] GC(28) Metaspace: 98352K(102652K)->98352K(102652K) NonClass: 85295K(88444K)->85295K(88444K) Class: 13057K(14208K)->13057K(14208K)
[2024-02-15T04:04:42.727+0000][7][gc          ] GC(28) Pause Young (Normal) (G1 Evacuation Pause) 374M->90M(512M) 7.744ms
[2024-02-15T04:04:42.727+0000][7][gc,cpu      ] GC(28) User=0.04s Sys=0.00s Real=0.01s
[2024-02-15T04:04:42.727+0000][7][safepoint   ] Safepoint "G1CollectForAllocation", Time since last: 3114998764544 ns, Reaching safepoint: 87169 ns, At safepoint: 7850880 ns, Total: 7938049 ns
[2024-02-15T04:06:44.734+0000][7][safepoint   ] Safepoint "Cleanup", Time since last: 122007152539 ns, Reaching safepoint: 93564 ns, At safepoint: 3661 ns, Total: 97225 ns
[2024-02-15T04:59:34.921+0000][7][safepoint   ] Safepoint "Cleanup", Time since last: 3170187153542 ns, Reaching safepoint: 88184 ns, At safepoint: 8491 ns, Total: 96675 ns
[2024-02-15T06:29:16.236+0000][7][safepoint   ] Safepoint "Cleanup", Time since last: 5381314527054 ns, Reaching safepoint: 86463 ns, At safepoint: 5942 ns, Total: 92405 ns
[2024-02-15T07:37:35.856+0000][7][gc,start    ] GC(29) Pause Young (Normal) (G1 Evacuation Pause)
[2024-02-15T07:37:35.856+0000][7][gc,task     ] GC(29) Using 12 workers of 13 for evacuation
[2024-02-15T07:37:35.856+0000][7][gc,age      ] GC(29) Desired survivor size 20971520 bytes, new threshold 15 (max threshold 15)
[2024-02-15T07:37:35.864+0000][7][gc,age      ] GC(29) Age table with threshold 15 (max threshold 15)
[2024-02-15T07:37:35.864+0000][7][gc,age      ] GC(29) - age   1:      90032 bytes,      90032 total
[2024-02-15T07:37:35.864+0000][7][gc,age      ] GC(29) - age   2:      53728 bytes,     143760 total
[2024-02-15T07:37:35.864+0000][7][gc,age      ] GC(29) - age   3:       1344 bytes,     145104 total
[2024-02-15T07:37:35.864+0000][7][gc,age      ] GC(29) - age   4:     204080 bytes,     349184 total
[2024-02-15T07:37:35.864+0000][7][gc,age      ] GC(29) - age   5:       4944 bytes,     354128 total
[2024-02-15T07:37:35.864+0000][7][gc,age      ] GC(29) - age   6:      35328 bytes,     389456 total
[2024-02-15T07:37:35.864+0000][7][gc,age      ] GC(29) - age   7:      24192 bytes,     413648 total
[2024-02-15T07:37:35.864+0000][7][gc,age      ] GC(29) - age   8:      38800 bytes,     452448 total
[2024-02-15T07:37:35.864+0000][7][gc,age      ] GC(29) - age   9:    1313752 bytes,    1766200 total
[2024-02-15T07:37:35.864+0000][7][gc,age      ] GC(29) - age  10:     221480 bytes,    1987680 total
[2024-02-15T07:37:35.864+0000][7][gc,age      ] GC(29) - age  11:     178752 bytes,    2166432 total
[2024-02-15T07:37:35.864+0000][7][gc,age      ] GC(29) - age  12:    1767760 bytes,    3934192 total
[2024-02-15T07:37:35.864+0000][7][gc,age      ] GC(29) - age  13:   12222720 bytes,   16156912 total
[2024-02-15T07:37:35.864+0000][7][gc,phases   ] GC(29)   Pre Evacuate Collection Set: 0.1ms
[2024-02-15T07:37:35.864+0000][7][gc,phases   ] GC(29)   Merge Heap Roots: 0.1ms
[2024-02-15T07:37:35.864+0000][7][gc,phases   ] GC(29)   Evacuate Collection Set: 6.8ms
[2024-02-15T07:37:35.864+0000][7][gc,phases   ] GC(29)   Post Evacuate Collection Set: 0.8ms
[2024-02-15T07:37:35.864+0000][7][gc,phases   ] GC(29)   Other: 0.4ms
[2024-02-15T07:37:35.864+0000][7][gc,heap     ] GC(29) Eden regions: 71->0(71)
[2024-02-15T07:37:35.864+0000][7][gc,heap     ] GC(29) Survivor regions: 5->5(10)
[2024-02-15T07:37:35.864+0000][7][gc,heap     ] GC(29) Old regions: 16->16
[2024-02-15T07:37:35.864+0000][7][gc,heap     ] GC(29) Archive regions: 2->2
[2024-02-15T07:37:35.864+0000][7][gc,heap     ] GC(29) Humongous regions: 2->2
[2024-02-15T07:37:35.864+0000][7][gc,metaspace] GC(29) Metaspace: 98392K(102652K)->98392K(102652K) NonClass: 85332K(88444K)->85332K(88444K) Class: 13059K(14208K)->13059K(14208K)
[2024-02-15T07:37:35.864+0000][7][gc          ] GC(29) Pause Young (Normal) (G1 Evacuation Pause) 374M->90M(512M) 8.396ms
[2024-02-15T07:37:35.865+0000][7][gc,cpu      ] GC(29) User=0.04s Sys=0.00s Real=0.01s
[2024-02-15T07:37:35.865+0000][7][safepoint   ] Safepoint "G1CollectForAllocation", Time since last: 4099619943761 ns, Reaching safepoint: 89211 ns, At safepoint: 8501096 ns, Total: 8590307 ns
[2024-02-15T08:01:54.950+0000][7][safepoint   ] Safepoint "Cleanup", Time since last: 1459085305781 ns, Reaching safepoint: 89111 ns, At safepoint: 3561 ns, Total: 92672 ns
[2024-02-15T08:01:57.950+0000][7][safepoint   ] Safepoint "Cleanup", Time since last: 3000264070 ns, Reaching safepoint: 84952 ns, At safepoint: 8988 ns, Total: 93940 ns
[2024-02-15T08:02:12.951+0000][7][safepoint   ] Safepoint "Cleanup", Time since last: 15000969192 ns, Reaching safepoint: 83867 ns, At safepoint: 4130 ns, Total: 87997 ns
[2024-02-15T08:02:25.952+0000][7][safepoint   ] Safepoint "Cleanup", Time since last: 13000819947 ns, Reaching safepoint: 81784 ns, At safepoint: 3662 ns, Total: 85446 ns
[2024-02-15T08:03:12.955+0000][7][safepoint   ] Safepoint "Cleanup", Time since last: 47002789967 ns, Reaching safepoint: 100031 ns, At safepoint: 3929 ns, Total: 103960 ns
[2024-02-15T08:04:45.961+0000][7][safepoint   ] Safepoint "Cleanup", Time since last: 93005496525 ns, Reaching safepoint: 86877 ns, At safepoint: 3557 ns, Total: 90434 ns
[2024-02-15T08:05:00.962+0000][7][safepoint   ] Safepoint "Cleanup", Time since last: 15000995391 ns, Reaching safepoint: 101324 ns, At safepoint: 4047 ns, Total: 105371 ns
[2024-02-15T08:09:54.979+0000][7][safepoint   ] Safepoint "Cleanup", Time since last: 294017032034 ns, Reaching safepoint: 110873 ns, At safepoint: 4480 ns, Total: 115353 ns
[2024-02-15T08:29:08.046+0000][7][safepoint   ] Safepoint "Cleanup", Time since last: 1153067248963 ns, Reaching safepoint: 84745 ns, At safepoint: 3566 ns, Total: 88311 ns
[2024-02-15T08:42:07.092+0000][7][safepoint   ] Safepoint "Cleanup", Time since last: 779045830684 ns, Reaching safepoint: 89727 ns, At safepoint: 3897 ns, Total: 93624 ns
[2024-02-15T08:42:08.093+0000][7][safepoint   ] Safepoint "Cleanup", Time since last: 1000143331 ns, Reaching safepoint: 87836 ns, At safepoint: 3574 ns, Total: 91410 ns
[2024-02-15T09:51:55.337+0000][7][safepoint   ] Safepoint "Cleanup", Time since last: 4187244353344 ns, Reaching safepoint: 91889 ns, At safepoint: 3679 ns, Total: 95568 ns
[2024-02-15T10:09:22.398+0000][7][safepoint   ] Safepoint "Cleanup", Time since last: 1047060710649 ns, Reaching safepoint: 88100 ns, At safepoint: 6047 ns, Total: 94147 ns
[2024-02-15T10:20:25.437+0000][7][safepoint   ] Safepoint "Cleanup", Time since last: 663038789778 ns, Reaching safepoint: 91161 ns, At safepoint: 3738 ns, Total: 94899 ns
[2024-02-15T10:32:33.480+0000][7][safepoint   ] Safepoint "Cleanup", Time since last: 728042764849 ns, Reaching safepoint: 96586 ns, At safepoint: 4367 ns, Total: 100953 ns
[2024-02-15T10:53:35.553+0000][7][safepoint   ] Safepoint "Cleanup", Time since last: 1262073703341 ns, Reaching safepoint: 113223 ns, At safepoint: 4093 ns, Total: 117316 ns
[2024-02-15T10:54:20.556+0000][7][safepoint   ] Safepoint "Cleanup", Time since last: 45002700904 ns, Reaching safepoint: 91338 ns, At safepoint: 3570 ns, Total: 94908 ns
[2024-02-15T10:54:26.557+0000][7][safepoint   ] Safepoint "Cleanup", Time since last: 6000451243 ns, Reaching safepoint: 88513 ns, At safepoint: 3917 ns, Total: 92430 ns
[2024-02-15T10:54:34.557+0000][7][safepoint   ] Safepoint "Cleanup", Time since last: 8000540694 ns, Reaching safepoint: 82619 ns, At safepoint: 3570 ns, Total: 86189 ns
[2024-02-15T10:59:54.576+0000][7][safepoint   ] Safepoint "Cleanup", Time since last: 320018540071 ns, Reaching safepoint: 83577 ns, At safepoint: 2748 ns, Total: 86325 ns
[2024-02-15T11:09:06.987+0000][7][gc,start    ] GC(30) Pause Young (Normal) (G1 Evacuation Pause)
[2024-02-15T11:09:06.987+0000][7][gc,task     ] GC(30) Using 12 workers of 13 for evacuation
[2024-02-15T11:09:06.987+0000][7][gc,age      ] GC(30) Desired survivor size 20971520 bytes, new threshold 15 (max threshold 15)
[2024-02-15T11:09:06.995+0000][7][gc,age      ] GC(30) Age table with threshold 15 (max threshold 15)
[2024-02-15T11:09:06.995+0000][7][gc,age      ] GC(30) - age   1:     109424 bytes,     109424 total
[2024-02-15T11:09:06.995+0000][7][gc,age      ] GC(30) - age   2:      37800 bytes,     147224 total
[2024-02-15T11:09:06.995+0000][7][gc,age      ] GC(30) - age   3:      28808 bytes,     176032 total
[2024-02-15T11:09:06.995+0000][7][gc,age      ] GC(30) - age   4:       1224 bytes,     177256 total
[2024-02-15T11:09:06.995+0000][7][gc,age      ] GC(30) - age   5:     204000 bytes,     381256 total
[2024-02-15T11:09:06.995+0000][7][gc,age      ] GC(30) - age   6:       4904 bytes,     386160 total
[2024-02-15T11:09:06.995+0000][7][gc,age      ] GC(30) - age   7:      35328 bytes,     421488 total
[2024-02-15T11:09:06.995+0000][7][gc,age      ] GC(30) - age   8:      23856 bytes,     445344 total
[2024-02-15T11:09:06.995+0000][7][gc,age      ] GC(30) - age   9:      38800 bytes,     484144 total
[2024-02-15T11:09:06.995+0000][7][gc,age      ] GC(30) - age  10:    1313752 bytes,    1797896 total
[2024-02-15T11:09:06.995+0000][7][gc,age      ] GC(30) - age  11:     221480 bytes,    2019376 total
[2024-02-15T11:09:06.995+0000][7][gc,age      ] GC(30) - age  12:     178752 bytes,    2198128 total
[2024-02-15T11:09:06.995+0000][7][gc,age      ] GC(30) - age  13:    1767760 bytes,    3965888 total
[2024-02-15T11:09:06.995+0000][7][gc,age      ] GC(30) - age  14:   12222720 bytes,   16188608 total
[2024-02-15T11:09:06.995+0000][7][gc,phases   ] GC(30)   Pre Evacuate Collection Set: 0.1ms
[2024-02-15T11:09:06.995+0000][7][gc,phases   ] GC(30)   Merge Heap Roots: 0.2ms
[2024-02-15T11:09:06.995+0000][7][gc,phases   ] GC(30)   Evacuate Collection Set: 6.5ms
[2024-02-15T11:09:06.995+0000][7][gc,phases   ] GC(30)   Post Evacuate Collection Set: 0.9ms
[2024-02-15T11:09:06.995+0000][7][gc,phases   ] GC(30)   Other: 0.4ms
[2024-02-15T11:09:06.995+0000][7][gc,heap     ] GC(30) Eden regions: 71->0(71)
[2024-02-15T11:09:06.995+0000][7][gc,heap     ] GC(30) Survivor regions: 5->5(10)
[2024-02-15T11:09:06.995+0000][7][gc,heap     ] GC(30) Old regions: 16->16
[2024-02-15T11:09:06.995+0000][7][gc,heap     ] GC(30) Archive regions: 2->2
[2024-02-15T11:09:06.995+0000][7][gc,heap     ] GC(30) Humongous regions: 2->2
[2024-02-15T11:09:06.995+0000][7][gc,metaspace] GC(30) Metaspace: 98450K(102652K)->98450K(102652K) NonClass: 85390K(88444K)->85390K(88444K) Class: 13059K(14208K)->13059K(14208K)
[2024-02-15T11:09:06.995+0000][7][gc          ] GC(30) Pause Young (Normal) (G1 Evacuation Pause) 374M->90M(512M) 8.288ms
[2024-02-15T11:09:06.996+0000][7][gc,cpu      ] GC(30) User=0.06s Sys=0.00s Real=0.00s
[2024-02-15T11:09:06.996+0000][7][safepoint   ] Safepoint "G1CollectForAllocation", Time since last: 552411134124 ns, Reaching safepoint: 89819 ns, At safepoint: 8381514 ns, Total: 8471333 ns
[2024-02-15T11:09:22.997+0000][7][safepoint   ] Safepoint "Cleanup", Time since last: 16000923450 ns, Reaching safepoint: 82224 ns, At safepoint: 9428 ns, Total: 91652 ns
[2024-02-15T11:19:23.032+0000][7][safepoint   ] Safepoint "Cleanup", Time since last: 600035108966 ns, Reaching safepoint: 87061 ns, At safepoint: 9223 ns, Total: 96284 ns
[2024-02-15T11:20:25.036+0000][7][safepoint   ] Safepoint "Cleanup", Time since last: 62003783507 ns, Reaching safepoint: 132538 ns, At safepoint: 3378 ns, Total: 135916 ns
[2024-02-15T11:24:22.050+0000][7][safepoint   ] Safepoint "Cleanup", Time since last: 237013905858 ns, Reaching safepoint: 95293 ns, At safepoint: 3723 ns, Total: 99016 ns
[2024-02-15T11:29:23.067+0000][7][safepoint   ] Safepoint "Cleanup", Time since last: 301017680478 ns, Reaching safepoint: 120720 ns, At safepoint: 4220 ns, Total: 124940 ns
[2024-02-15T12:30:25.282+0000][7][safepoint   ] Safepoint "Cleanup", Time since last: 3662214231932 ns, Reaching safepoint: 87979 ns, At safepoint: 3246 ns, Total: 91225 ns
[2024-02-15T13:07:55.414+0000][7][safepoint   ] Safepoint "Cleanup", Time since last: 2250132149288 ns, Reaching safepoint: 88815 ns, At safepoint: 3951 ns, Total: 92766 ns
[2024-02-15T13:08:25.416+0000][7][safepoint   ] Safepoint "Cleanup", Time since last: 30001899785 ns, Reaching safepoint: 89568 ns, At safepoint: 13277 ns, Total: 102845 ns
[2024-02-15T14:12:25.642+0000][7][safepoint   ] Safepoint "Cleanup", Time since last: 3840225727916 ns, Reaching safepoint: 91820 ns, At safepoint: 6095 ns, Total: 97915 ns
[2024-02-15T14:43:06.175+0000][7][gc,start    ] GC(31) Pause Young (Normal) (G1 Evacuation Pause)
[2024-02-15T14:43:06.175+0000][7][gc,task     ] GC(31) Using 12 workers of 13 for evacuation
[2024-02-15T14:43:06.175+0000][7][gc,age      ] GC(31) Desired survivor size 20971520 bytes, new threshold 15 (max threshold 15)
[2024-02-15T14:43:06.183+0000][7][gc,age      ] GC(31) Age table with threshold 15 (max threshold 15)
[2024-02-15T14:43:06.183+0000][7][gc,age      ] GC(31) - age   1:      84664 bytes,      84664 total
[2024-02-15T14:43:06.183+0000][7][gc,age      ] GC(31) - age   2:      19688 bytes,     104352 total
[2024-02-15T14:43:06.183+0000][7][gc,age      ] GC(31) - age   3:       5456 bytes,     109808 total
[2024-02-15T14:43:06.183+0000][7][gc,age      ] GC(31) - age   4:      28768 bytes,     138576 total
[2024-02-15T14:43:06.183+0000][7][gc,age      ] GC(31) - age   5:       1144 bytes,     139720 total
[2024-02-15T14:43:06.183+0000][7][gc,age      ] GC(31) - age   6:     203960 bytes,     343680 total
[2024-02-15T14:43:06.183+0000][7][gc,age      ] GC(31) - age   7:       4904 bytes,     348584 total
[2024-02-15T14:43:06.183+0000][7][gc,age      ] GC(31) - age   8:      35328 bytes,     383912 total
[2024-02-15T14:43:06.183+0000][7][gc,age      ] GC(31) - age   9:      23856 bytes,     407768 total
[2024-02-15T14:43:06.183+0000][7][gc,age      ] GC(31) - age  10:      38800 bytes,     446568 total
[2024-02-15T14:43:06.183+0000][7][gc,age      ] GC(31) - age  11:    1313752 bytes,    1760320 total
[2024-02-15T14:43:06.183+0000][7][gc,age      ] GC(31) - age  12:     221480 bytes,    1981800 total
[2024-02-15T14:43:06.183+0000][7][gc,age      ] GC(31) - age  13:     178656 bytes,    2160456 total
[2024-02-15T14:43:06.183+0000][7][gc,age      ] GC(31) - age  14:    1767760 bytes,    3928216 total
[2024-02-15T14:43:06.183+0000][7][gc,age      ] GC(31) - age  15:   12222720 bytes,   16150936 total
[2024-02-15T14:43:06.183+0000][7][gc,phases   ] GC(31)   Pre Evacuate Collection Set: 0.1ms
[2024-02-15T14:43:06.183+0000][7][gc,phases   ] GC(31)   Merge Heap Roots: 0.2ms
[2024-02-15T14:43:06.183+0000][7][gc,phases   ] GC(31)   Evacuate Collection Set: 6.4ms
[2024-02-15T14:43:06.183+0000][7][gc,phases   ] GC(31)   Post Evacuate Collection Set: 0.9ms
[2024-02-15T14:43:06.183+0000][7][gc,phases   ] GC(31)   Other: 0.4ms
[2024-02-15T14:43:06.183+0000][7][gc,heap     ] GC(31) Eden regions: 71->0(71)
[2024-02-15T14:43:06.183+0000][7][gc,heap     ] GC(31) Survivor regions: 5->5(10)
[2024-02-15T14:43:06.183+0000][7][gc,heap     ] GC(31) Old regions: 16->16
[2024-02-15T14:43:06.183+0000][7][gc,heap     ] GC(31) Archive regions: 2->2
[2024-02-15T14:43:06.183+0000][7][gc,heap     ] GC(31) Humongous regions: 2->2
[2024-02-15T14:43:06.183+0000][7][gc,metaspace] GC(31) Metaspace: 98454K(102652K)->98454K(102652K) NonClass: 85394K(88444K)->85394K(88444K) Class: 13059K(14208K)->13059K(14208K)
[2024-02-15T14:43:06.183+0000][7][gc          ] GC(31) Pause Young (Normal) (G1 Evacuation Pause) 374M->90M(512M) 8.172ms
[2024-02-15T14:43:06.183+0000][7][gc,cpu      ] GC(31) User=0.05s Sys=0.00s Real=0.01s
[2024-02-15T14:43:06.183+0000][7][safepoint   ] Safepoint "G1CollectForAllocation", Time since last: 1840533267033 ns, Reaching safepoint: 85648 ns, At safepoint: 8266157 ns, Total: 8351805 ns
[2024-02-15T14:44:25.188+0000][7][safepoint   ] Safepoint "Cleanup", Time since last: 79004619071 ns, Reaching safepoint: 87181 ns, At safepoint: 3528 ns, Total: 90709 ns
[2024-02-15T16:11:55.496+0000][7][safepoint   ] Safepoint "Cleanup", Time since last: 5250307498463 ns, Reaching safepoint: 83733 ns, At safepoint: 3923 ns, Total: 87656 ns
[2024-02-15T16:11:58.496+0000][7][safepoint   ] Safepoint "Cleanup", Time since last: 3000259596 ns, Reaching safepoint: 93614 ns, At safepoint: 4059 ns, Total: 97673 ns
[2024-02-15T16:12:01.497+0000][7][safepoint   ] Safepoint "Cleanup", Time since last: 3000263034 ns, Reaching safepoint: 86262 ns, At safepoint: 3874 ns, Total: 90136 ns
[2024-02-15T16:34:25.575+0000][7][safepoint   ] Safepoint "Cleanup", Time since last: 1344078343098 ns, Reaching safepoint: 100806 ns, At safepoint: 8572 ns, Total: 109378 ns
[2024-02-15T16:39:22.593+0000][7][safepoint   ] Safepoint "Cleanup", Time since last: 297017886801 ns, Reaching safepoint: 91922 ns, At safepoint: 3367 ns, Total: 95289 ns
[2024-02-15T16:58:38.663+0000][7][safepoint   ] Safepoint "Cleanup", Time since last: 1156069729379 ns, Reaching safepoint: 94361 ns, At safepoint: 3232 ns, Total: 97593 ns
[2024-02-15T16:58:39.663+0000][7][safepoint   ] Safepoint "Cleanup", Time since last: 1000144227 ns, Reaching safepoint: 85905 ns, At safepoint: 3395 ns, Total: 89300 ns
[2024-02-15T16:58:58.664+0000][7][safepoint   ] Safepoint "Cleanup", Time since last: 19001210388 ns, Reaching safepoint: 90721 ns, At safepoint: 3707 ns, Total: 94428 ns
[2024-02-15T16:59:39.667+0000][7][safepoint   ] Safepoint "Cleanup", Time since last: 41002538628 ns, Reaching safepoint: 91251 ns, At safepoint: 11669 ns, Total: 102920 ns
[2024-02-15T17:42:34.822+0000][7][safepoint   ] Safepoint "Cleanup", Time since last: 2575155087396 ns, Reaching safepoint: 116660 ns, At safepoint: 4627 ns, Total: 121287 ns
[2024-02-15T17:46:21.836+0000][7][safepoint   ] Safepoint "Cleanup", Time since last: 227013679811 ns, Reaching safepoint: 102963 ns, At safepoint: 3431 ns, Total: 106394 ns
[2024-02-15T18:15:54.835+0000][7][gc,start    ] GC(32) Pause Young (Normal) (G1 Evacuation Pause)
[2024-02-15T18:15:54.835+0000][7][gc,task     ] GC(32) Using 12 workers of 13 for evacuation
[2024-02-15T18:15:54.835+0000][7][gc,age      ] GC(32) Desired survivor size 20971520 bytes, new threshold 15 (max threshold 15)
[2024-02-15T18:15:54.843+0000][7][gc,age      ] GC(32) Age table with threshold 15 (max threshold 15)
[2024-02-15T18:15:54.843+0000][7][gc,age      ] GC(32) - age   1:     188168 bytes,     188168 total
[2024-02-15T18:15:54.843+0000][7][gc,age      ] GC(32) - age   2:      76688 bytes,     264856 total
[2024-02-15T18:15:54.843+0000][7][gc,age      ] GC(32) - age   3:      18976 bytes,     283832 total
[2024-02-15T18:15:54.843+0000][7][gc,age      ] GC(32) - age   4:       5144 bytes,     288976 total
[2024-02-15T18:15:54.843+0000][7][gc,age      ] GC(32) - age   5:      28352 bytes,     317328 total
[2024-02-15T18:15:54.843+0000][7][gc,age      ] GC(32) - age   6:       1144 bytes,     318472 total
[2024-02-15T18:15:54.843+0000][7][gc,age      ] GC(32) - age   7:     203880 bytes,     522352 total
[2024-02-15T18:15:54.843+0000][7][gc,age      ] GC(32) - age   8:       4904 bytes,     527256 total
[2024-02-15T18:15:54.843+0000][7][gc,age      ] GC(32) - age   9:      35328 bytes,     562584 total
[2024-02-15T18:15:54.843+0000][7][gc,age      ] GC(32) - age  10:      23856 bytes,     586440 total
[2024-02-15T18:15:54.843+0000][7][gc,age      ] GC(32) - age  11:      38800 bytes,     625240 total
[2024-02-15T18:15:54.843+0000][7][gc,age      ] GC(32) - age  12:    1313752 bytes,    1938992 total
[2024-02-15T18:15:54.843+0000][7][gc,age      ] GC(32) - age  13:     221480 bytes,    2160472 total
[2024-02-15T18:15:54.843+0000][7][gc,age      ] GC(32) - age  14:     178520 bytes,    2338992 total
[2024-02-15T18:15:54.843+0000][7][gc,age      ] GC(32) - age  15:    1767760 bytes,    4106752 total
[2024-02-15T18:15:54.843+0000][7][gc,phases   ] GC(32)   Pre Evacuate Collection Set: 0.1ms
[2024-02-15T18:15:54.843+0000][7][gc,phases   ] GC(32)   Merge Heap Roots: 0.1ms
[2024-02-15T18:15:54.843+0000][7][gc,phases   ] GC(32)   Evacuate Collection Set: 6.7ms
[2024-02-15T18:15:54.843+0000][7][gc,phases   ] GC(32)   Post Evacuate Collection Set: 0.8ms
[2024-02-15T18:15:54.843+0000][7][gc,phases   ] GC(32)   Other: 0.4ms
[2024-02-15T18:15:54.843+0000][7][gc,heap     ] GC(32) Eden regions: 71->0(74)
[2024-02-15T18:15:54.843+0000][7][gc,heap     ] GC(32) Survivor regions: 5->2(10)
[2024-02-15T18:15:54.843+0000][7][gc,heap     ] GC(32) Old regions: 16->19
[2024-02-15T18:15:54.843+0000][7][gc,heap     ] GC(32) Archive regions: 2->2
[2024-02-15T18:15:54.843+0000][7][gc,heap     ] GC(32) Humongous regions: 2->2
[2024-02-15T18:15:54.843+0000][7][gc,metaspace] GC(32) Metaspace: 98509K(102908K)->98509K(102908K) NonClass: 85449K(88700K)->85449K(88700K) Class: 13060K(14208K)->13060K(14208K)
[2024-02-15T18:15:54.843+0000][7][gc          ] GC(32) Pause Young (Normal) (G1 Evacuation Pause) 374M->91M(512M) 8.232ms
[2024-02-15T18:15:54.843+0000][7][gc,cpu      ] GC(32) User=0.05s Sys=0.00s Real=0.01s
[2024-02-15T18:15:54.843+0000][7][safepoint   ] Safepoint "G1CollectForAllocation", Time since last: 1772999026999 ns, Reaching safepoint: 84750 ns, At safepoint: 8325842 ns, Total: 8410592 ns
[2024-02-15T19:47:09.171+0000][7][safepoint   ] Safepoint "Cleanup", Time since last: 5474327829396 ns, Reaching safepoint: 100674 ns, At safepoint: 9144 ns, Total: 109818 ns
[2024-02-15T19:48:14.175+0000][7][safepoint   ] Safepoint "Cleanup", Time since last: 65004008507 ns, Reaching safepoint: 87256 ns, At safepoint: 9250 ns, Total: 96506 ns
[2024-02-15T19:48:28.176+0000][7][safepoint   ] Safepoint "Cleanup", Time since last: 14000878465 ns, Reaching safepoint: 118902 ns, At safepoint: 4272 ns, Total: 123174 ns
[2024-02-15T19:49:03.179+0000][7][safepoint   ] Safepoint "Cleanup", Time since last: 35002192124 ns, Reaching safepoint: 114187 ns, At safepoint: 4313 ns, Total: 118500 ns
[2024-02-15T19:49:12.179+0000][7][safepoint   ] Safepoint "Cleanup", Time since last: 9000609253 ns, Reaching safepoint: 82844 ns, At safepoint: 3839 ns, Total: 86683 ns
[2024-02-15T19:49:42.181+0000][7][safepoint   ] Safepoint "Cleanup", Time since last: 30001845744 ns, Reaching safepoint: 95203 ns, At safepoint: 3854 ns, Total: 99057 ns
[2024-02-15T19:50:26.184+0000][7][safepoint   ] Safepoint "Cleanup", Time since last: 44002695037 ns, Reaching safepoint: 85505 ns, At safepoint: 2606 ns, Total: 88111 ns
[2024-02-15T19:50:30.185+0000][7][safepoint   ] Safepoint "Cleanup", Time since last: 4000303518 ns, Reaching safepoint: 88135 ns, At safepoint: 3611 ns, Total: 91746 ns
[2024-02-15T19:50:36.185+0000][7][safepoint   ] Safepoint "Cleanup", Time since last: 6000441859 ns, Reaching safepoint: 98553 ns, At safepoint: 4043 ns, Total: 102596 ns
[2024-02-15T19:54:12.198+0000][7][safepoint   ] Safepoint "Cleanup", Time since last: 216012977347 ns, Reaching safepoint: 82770 ns, At safepoint: 4079 ns, Total: 86849 ns
[2024-02-15T19:54:22.199+0000][7][safepoint   ] Safepoint "Cleanup", Time since last: 10000692024 ns, Reaching safepoint: 90168 ns, At safepoint: 5641 ns, Total: 95809 ns
[2024-02-15T20:04:18.234+0000][7][safepoint   ] Safepoint "Cleanup", Time since last: 596035010165 ns, Reaching safepoint: 88643 ns, At safepoint: 11842 ns, Total: 100485 ns
[2024-02-15T21:09:22.464+0000][7][safepoint   ] Safepoint "Cleanup", Time since last: 3904230262983 ns, Reaching safepoint: 82782 ns, At safepoint: 3833 ns, Total: 86615 ns
[2024-02-15T21:36:50.562+0000][7][safepoint   ] Safepoint "Cleanup", Time since last: 1648097032382 ns, Reaching safepoint: 97149 ns, At safepoint: 3664 ns, Total: 100813 ns
[2024-02-15T21:40:25.574+0000][7][safepoint   ] Safepoint "Cleanup", Time since last: 215012515323 ns, Reaching safepoint: 104930 ns, At safepoint: 3710 ns, Total: 108640 ns
[2024-02-15T21:53:43.348+0000][7][gc,start    ] GC(33) Pause Young (Normal) (G1 Evacuation Pause)
[2024-02-15T21:53:43.348+0000][7][gc,task     ] GC(33) Using 12 workers of 13 for evacuation
[2024-02-15T21:53:43.348+0000][7][gc,age      ] GC(33) Desired survivor size 20971520 bytes, new threshold 15 (max threshold 15)
[2024-02-15T21:53:43.353+0000][7][gc,age      ] GC(33) Age table with threshold 15 (max threshold 15)
[2024-02-15T21:53:43.353+0000][7][gc,age      ] GC(33) - age   1:      66352 bytes,      66352 total
[2024-02-15T21:53:43.353+0000][7][gc,age      ] GC(33) - age   2:      67992 bytes,     134344 total
[2024-02-15T21:53:43.353+0000][7][gc,age      ] GC(33) - age   3:      19680 bytes,     154024 total
[2024-02-15T21:53:43.353+0000][7][gc,age      ] GC(33) - age   4:       2728 bytes,     156752 total
[2024-02-15T21:53:43.353+0000][7][gc,age      ] GC(33) - age   5:       3880 bytes,     160632 total
[2024-02-15T21:53:43.353+0000][7][gc,age      ] GC(33) - age   6:      28352 bytes,     188984 total
[2024-02-15T21:53:43.353+0000][7][gc,age      ] GC(33) - age   7:       1144 bytes,     190128 total
[2024-02-15T21:53:43.353+0000][7][gc,age      ] GC(33) - age   8:     203592 bytes,     393720 total
[2024-02-15T21:53:43.353+0000][7][gc,age      ] GC(33) - age   9:       4904 bytes,     398624 total
[2024-02-15T21:53:43.353+0000][7][gc,age      ] GC(33) - age  10:      35288 bytes,     433912 total
[2024-02-15T21:53:43.353+0000][7][gc,age      ] GC(33) - age  11:      23768 bytes,     457680 total
[2024-02-15T21:53:43.353+0000][7][gc,age      ] GC(33) - age  12:      38760 bytes,     496440 total
[2024-02-15T21:53:43.353+0000][7][gc,age      ] GC(33) - age  13:    1313752 bytes,    1810192 total
[2024-02-15T21:53:43.353+0000][7][gc,age      ] GC(33) - age  14:     221480 bytes,    2031672 total
[2024-02-15T21:53:43.353+0000][7][gc,age      ] GC(33) - age  15:     178320 bytes,    2209992 total
[2024-02-15T21:53:43.353+0000][7][gc,phases   ] GC(33)   Pre Evacuate Collection Set: 0.1ms
[2024-02-15T21:53:43.353+0000][7][gc,phases   ] GC(33)   Merge Heap Roots: 0.1ms
[2024-02-15T21:53:43.353+0000][7][gc,phases   ] GC(33)   Evacuate Collection Set: 3.7ms
[2024-02-15T21:53:43.353+0000][7][gc,phases   ] GC(33)   Post Evacuate Collection Set: 0.6ms
[2024-02-15T21:53:43.353+0000][7][gc,phases   ] GC(33)   Other: 0.5ms
[2024-02-15T21:53:43.353+0000][7][gc,heap     ] GC(33) Eden regions: 74->0(75)
[2024-02-15T21:53:43.353+0000][7][gc,heap     ] GC(33) Survivor regions: 2->1(10)
[2024-02-15T21:53:43.353+0000][7][gc,heap     ] GC(33) Old regions: 19->19
[2024-02-15T21:53:43.353+0000][7][gc,heap     ] GC(33) Archive regions: 2->2
[2024-02-15T21:53:43.353+0000][7][gc,heap     ] GC(33) Humongous regions: 2->2
[2024-02-15T21:53:43.353+0000][7][gc,metaspace] GC(33) Metaspace: 98662K(102908K)->98662K(102908K) NonClass: 85601K(88700K)->85601K(88700K) Class: 13060K(14208K)->13060K(14208K)
[2024-02-15T21:53:43.353+0000][7][gc          ] GC(33) Pause Young (Normal) (G1 Evacuation Pause) 387M->89M(512M) 5.134ms
[2024-02-15T21:53:43.353+0000][7][gc,cpu      ] GC(33) User=0.02s Sys=0.00s Real=0.00s
[2024-02-15T21:53:43.353+0000][7][safepoint   ] Safepoint "G1CollectForAllocation", Time since last: 797773568621 ns, Reaching safepoint: 86772 ns, At safepoint: 5226406 ns, Total: 5313178 ns
[2024-02-15T22:03:10.383+0000][7][safepoint   ] Safepoint "Cleanup", Time since last: 567029799621 ns, Reaching safepoint: 88770 ns, At safepoint: 2627 ns, Total: 91397 ns
[2024-02-15T22:03:11.383+0000][7][safepoint   ] Safepoint "Cleanup", Time since last: 1000144888 ns, Reaching safepoint: 85819 ns, At safepoint: 2790 ns, Total: 88609 ns
[2024-02-15T22:03:45.385+0000][7][safepoint   ] Safepoint "Cleanup", Time since last: 34002163132 ns, Reaching safepoint: 84152 ns, At safepoint: 2605 ns, Total: 86757 ns
[2024-02-15T22:03:46.386+0000][7][safepoint   ] Safepoint "Cleanup", Time since last: 1000131775 ns, Reaching safepoint: 86426 ns, At safepoint: 2675 ns, Total: 89101 ns
[2024-02-15T22:09:22.403+0000][7][safepoint   ] Safepoint "Cleanup", Time since last: 336017570141 ns, Reaching safepoint: 95736 ns, At safepoint: 3757 ns, Total: 99493 ns
[2024-02-15T22:24:22.456+0000][7][safepoint   ] Safepoint "Cleanup", Time since last: 900052194643 ns, Reaching safepoint: 93647 ns, At safepoint: 2902 ns, Total: 96549 ns
[2024-02-15T22:39:22.509+0000][7][safepoint   ] Safepoint "Cleanup", Time since last: 900052928949 ns, Reaching safepoint: 112273 ns, At safepoint: 6800 ns, Total: 119073 ns
[2024-02-15T23:06:58.606+0000][7][safepoint   ] Safepoint "Cleanup", Time since last: 1656096962261 ns, Reaching safepoint: 115083 ns, At safepoint: 4374 ns, Total: 119457 ns
[2024-02-15T23:47:30.749+0000][7][safepoint   ] Safepoint "Cleanup", Time since last: 2432143066051 ns, Reaching safepoint: 119983 ns, At safepoint: 4359 ns, Total: 124342 ns
[2024-02-16T00:42:39.943+0000][7][safepoint   ] Safepoint "Cleanup", Time since last: 3309194373893 ns, Reaching safepoint: 85604 ns, At safepoint: 5956 ns, Total: 91560 ns
[2024-02-16T01:30:00.111+0000][7][safepoint   ] Safepoint "Cleanup", Time since last: 2840167469570 ns, Reaching safepoint: 85735 ns, At safepoint: 3485 ns, Total: 89220 ns
[2024-02-16T01:35:22.978+0000][7][gc,start    ] GC(34) Pause Young (Normal) (G1 Evacuation Pause)
[2024-02-16T01:35:22.978+0000][7][gc,task     ] GC(34) Using 12 workers of 13 for evacuation
[2024-02-16T01:35:22.978+0000][7][gc,age      ] GC(34) Desired survivor size 20971520 bytes, new threshold 15 (max threshold 15)
[2024-02-16T01:35:22.981+0000][7][gc,age      ] GC(34) Age table with threshold 15 (max threshold 15)
[2024-02-16T01:35:22.981+0000][7][gc,age      ] GC(34) - age   1:     194360 bytes,     194360 total
[2024-02-16T01:35:22.981+0000][7][gc,age      ] GC(34) - age   2:      36400 bytes,     230760 total
[2024-02-16T01:35:22.981+0000][7][gc,age      ] GC(34) - age   3:      10512 bytes,     241272 total
[2024-02-16T01:35:22.981+0000][7][gc,age      ] GC(34) - age   4:      19560 bytes,     260832 total
[2024-02-16T01:35:22.981+0000][7][gc,age      ] GC(34) - age   5:       2648 bytes,     263480 total
[2024-02-16T01:35:22.981+0000][7][gc,age      ] GC(34) - age   6:       3720 bytes,     267200 total
[2024-02-16T01:35:22.981+0000][7][gc,age      ] GC(34) - age   7:      27856 bytes,     295056 total
[2024-02-16T01:35:22.981+0000][7][gc,age      ] GC(34) - age   8:       1144 bytes,     296200 total
[2024-02-16T01:35:22.981+0000][7][gc,age      ] GC(34) - age   9:     203512 bytes,     499712 total
[2024-02-16T01:35:22.981+0000][7][gc,age      ] GC(34) - age  10:       4904 bytes,     504616 total
[2024-02-16T01:35:22.981+0000][7][gc,age      ] GC(34) - age  11:      35288 bytes,     539904 total
[2024-02-16T01:35:22.981+0000][7][gc,age      ] GC(34) - age  12:      23768 bytes,     563672 total
[2024-02-16T01:35:22.981+0000][7][gc,age      ] GC(34) - age  13:      38760 bytes,     602432 total
[2024-02-16T01:35:22.981+0000][7][gc,age      ] GC(34) - age  14:    1313560 bytes,    1915992 total
[2024-02-16T01:35:22.981+0000][7][gc,age      ] GC(34) - age  15:     221480 bytes,    2137472 total
[2024-02-16T01:35:22.981+0000][7][gc,phases   ] GC(34)   Pre Evacuate Collection Set: 0.8ms
[2024-02-16T01:35:22.981+0000][7][gc,phases   ] GC(34)   Merge Heap Roots: 0.1ms
[2024-02-16T01:35:22.981+0000][7][gc,phases   ] GC(34)   Evacuate Collection Set: 1.2ms
[2024-02-16T01:35:22.981+0000][7][gc,phases   ] GC(34)   Post Evacuate Collection Set: 0.5ms
[2024-02-16T01:35:22.981+0000][7][gc,phases   ] GC(34)   Other: 0.4ms
[2024-02-16T01:35:22.981+0000][7][gc,heap     ] GC(34) Eden regions: 75->0(75)
[2024-02-16T01:35:22.981+0000][7][gc,heap     ] GC(34) Survivor regions: 1->1(10)
[2024-02-16T01:35:22.981+0000][7][gc,heap     ] GC(34) Old regions: 19->20
[2024-02-16T01:35:22.981+0000][7][gc,heap     ] GC(34) Archive regions: 2->2
[2024-02-16T01:35:22.981+0000][7][gc,heap     ] GC(34) Humongous regions: 2->2
[2024-02-16T01:35:22.981+0000][7][gc,metaspace] GC(34) Metaspace: 98709K(102908K)->98709K(102908K) NonClass: 85647K(88700K)->85647K(88700K) Class: 13061K(14208K)->13061K(14208K)
[2024-02-16T01:35:22.981+0000][7][gc          ] GC(34) Pause Young (Normal) (G1 Evacuation Pause) 389M->90M(512M) 2.999ms
[2024-02-16T01:35:22.981+0000][7][gc,cpu      ] GC(34) User=0.01s Sys=0.00s Real=0.00s
[2024-02-16T01:35:22.981+0000][7][safepoint   ] Safepoint "G1CollectForAllocation", Time since last: 322867291885 ns, Reaching safepoint: 84906 ns, At safepoint: 3091368 ns, Total: 3176274 ns
[2024-02-16T01:38:00.991+0000][7][safepoint   ] Safepoint "Cleanup", Time since last: 158009379679 ns, Reaching safepoint: 90408 ns, At safepoint: 3550 ns, Total: 93958 ns
[2024-02-16T02:05:16.088+0000][7][safepoint   ] Safepoint "Cleanup", Time since last: 1635096516653 ns, Reaching safepoint: 106221 ns, At safepoint: 6421 ns, Total: 112642 ns
[2024-02-16T02:05:18.088+0000][7][safepoint   ] Safepoint "Cleanup", Time since last: 2000225503 ns, Reaching safepoint: 84889 ns, At safepoint: 3216 ns, Total: 88105 ns
[2024-02-16T02:44:46.227+0000][7][safepoint   ] Safepoint "Cleanup", Time since last: 2368139290615 ns, Reaching safepoint: 82537 ns, At safepoint: 7999 ns, Total: 90536 ns
[2024-02-16T02:58:07.275+0000][7][safepoint   ] Safepoint "Cleanup", Time since last: 801047325780 ns, Reaching safepoint: 142169 ns, At safepoint: 3974 ns, Total: 146143 ns
[2024-02-16T02:58:26.276+0000][7][safepoint   ] Safepoint "Cleanup", Time since last: 19001168106 ns, Reaching safepoint: 108608 ns, At safepoint: 4906 ns, Total: 113514 ns
[2024-02-16T03:33:11.399+0000][7][safepoint   ] Safepoint "Cleanup", Time since last: 2085122446778 ns, Reaching safepoint: 82647 ns, At safepoint: 3973 ns, Total: 86620 ns
[2024-02-16T05:19:58.278+0000][7][gc,start    ] GC(35) Pause Young (Normal) (G1 Evacuation Pause)
[2024-02-16T05:19:58.278+0000][7][gc,task     ] GC(35) Using 12 workers of 13 for evacuation
[2024-02-16T05:19:58.278+0000][7][gc,age      ] GC(35) Desired survivor size 20971520 bytes, new threshold 15 (max threshold 15)
[2024-02-16T05:19:58.281+0000][7][gc,age      ] GC(35) Age table with threshold 15 (max threshold 15)
[2024-02-16T05:19:58.281+0000][7][gc,age      ] GC(35) - age   1:     142816 bytes,     142816 total
[2024-02-16T05:19:58.281+0000][7][gc,age      ] GC(35) - age   2:     134184 bytes,     277000 total
[2024-02-16T05:19:58.281+0000][7][gc,age      ] GC(35) - age   3:       3064 bytes,     280064 total
[2024-02-16T05:19:58.281+0000][7][gc,age      ] GC(35) - age   4:      10312 bytes,     290376 total
[2024-02-16T05:19:58.281+0000][7][gc,age      ] GC(35) - age   5:      19560 bytes,     309936 total
[2024-02-16T05:19:58.281+0000][7][gc,age      ] GC(35) - age   6:       2648 bytes,     312584 total
[2024-02-16T05:19:58.281+0000][7][gc,age      ] GC(35) - age   7:       3720 bytes,     316304 total
[2024-02-16T05:19:58.281+0000][7][gc,age      ] GC(35) - age   8:      27568 bytes,     343872 total
[2024-02-16T05:19:58.281+0000][7][gc,age      ] GC(35) - age   9:       1104 bytes,     344976 total
[2024-02-16T05:19:58.281+0000][7][gc,age      ] GC(35) - age  10:     203512 bytes,     548488 total
[2024-02-16T05:19:58.281+0000][7][gc,age      ] GC(35) - age  11:       4904 bytes,     553392 total
[2024-02-16T05:19:58.281+0000][7][gc,age      ] GC(35) - age  12:      35288 bytes,     588680 total
[2024-02-16T05:19:58.281+0000][7][gc,age      ] GC(35) - age  13:      23768 bytes,     612448 total
[2024-02-16T05:19:58.281+0000][7][gc,age      ] GC(35) - age  14:      38760 bytes,     651208 total
[2024-02-16T05:19:58.281+0000][7][gc,age      ] GC(35) - age  15:    1313424 bytes,    1964632 total
[2024-02-16T05:19:58.281+0000][7][gc,phases   ] GC(35)   Pre Evacuate Collection Set: 0.1ms
[2024-02-16T05:19:58.281+0000][7][gc,phases   ] GC(35)   Merge Heap Roots: 0.3ms
[2024-02-16T05:19:58.281+0000][7][gc,phases   ] GC(35)   Evacuate Collection Set: 1.3ms
[2024-02-16T05:19:58.281+0000][7][gc,phases   ] GC(35)   Post Evacuate Collection Set: 0.5ms
[2024-02-16T05:19:58.281+0000][7][gc,phases   ] GC(35)   Other: 0.4ms
[2024-02-16T05:19:58.281+0000][7][gc,heap     ] GC(35) Eden regions: 75->0(75)
[2024-02-16T05:19:58.281+0000][7][gc,heap     ] GC(35) Survivor regions: 1->1(10)
[2024-02-16T05:19:58.281+0000][7][gc,heap     ] GC(35) Old regions: 20->20
[2024-02-16T05:19:58.281+0000][7][gc,heap     ] GC(35) Archive regions: 2->2
[2024-02-16T05:19:58.281+0000][7][gc,heap     ] GC(35) Humongous regions: 2->2
[2024-02-16T05:19:58.281+0000][7][gc,metaspace] GC(35) Metaspace: 98740K(103164K)->98740K(103164K) NonClass: 85678K(88956K)->85678K(88956K) Class: 13061K(14208K)->13061K(14208K)
[2024-02-16T05:19:58.281+0000][7][gc          ] GC(35) Pause Young (Normal) (G1 Evacuation Pause) 390M->90M(512M) 2.741ms
[2024-02-16T05:19:58.281+0000][7][gc,cpu      ] GC(35) User=0.01s Sys=0.00s Real=0.00s
[2024-02-16T05:19:58.281+0000][7][safepoint   ] Safepoint "G1CollectForAllocation", Time since last: 6406879656661 ns, Reaching safepoint: 86212 ns, At safepoint: 2832542 ns, Total: 2918754 ns
[2024-02-16T05:55:31.406+0000][7][safepoint   ] Safepoint "Cleanup", Time since last: 2133124689724 ns, Reaching safepoint: 94474 ns, At safepoint: 3605 ns, Total: 98079 ns
[2024-02-16T07:06:35.657+0000][7][safepoint   ] Safepoint "Cleanup", Time since last: 4264251035770 ns, Reaching safepoint: 85531 ns, At safepoint: 2938 ns, Total: 88469 ns
[2024-02-16T07:42:52.785+0000][7][safepoint   ] Safepoint "Cleanup", Time since last: 2177127726546 ns, Reaching safepoint: 87717 ns, At safepoint: 3318 ns, Total: 91035 ns
[2024-02-16T09:04:50.577+0000][7][gc,start    ] GC(36) Pause Young (Normal) (G1 Evacuation Pause)
[2024-02-16T09:04:50.577+0000][7][gc,task     ] GC(36) Using 12 workers of 13 for evacuation
[2024-02-16T09:04:50.577+0000][7][gc,age      ] GC(36) Desired survivor size 20971520 bytes, new threshold 15 (max threshold 15)
[2024-02-16T09:04:50.580+0000][7][gc,age      ] GC(36) Age table with threshold 15 (max threshold 15)
[2024-02-16T09:04:50.580+0000][7][gc,age      ] GC(36) - age   1:      48832 bytes,      48832 total
[2024-02-16T09:04:50.580+0000][7][gc,age      ] GC(36) - age   2:      36008 bytes,      84840 total
[2024-02-16T09:04:50.580+0000][7][gc,age      ] GC(36) - age   3:      44936 bytes,     129776 total
[2024-02-16T09:04:50.580+0000][7][gc,age      ] GC(36) - age   4:       3064 bytes,     132840 total
[2024-02-16T09:04:50.580+0000][7][gc,age      ] GC(36) - age   5:       2080 bytes,     134920 total
[2024-02-16T09:04:50.580+0000][7][gc,age      ] GC(36) - age   6:      19560 bytes,     154480 total
[2024-02-16T09:04:50.580+0000][7][gc,age      ] GC(36) - age   7:       2648 bytes,     157128 total
[2024-02-16T09:04:50.580+0000][7][gc,age      ] GC(36) - age   8:       3528 bytes,     160656 total
[2024-02-16T09:04:50.580+0000][7][gc,age      ] GC(36) - age   9:      27568 bytes,     188224 total
[2024-02-16T09:04:50.580+0000][7][gc,age      ] GC(36) - age  10:       1104 bytes,     189328 total
[2024-02-16T09:04:50.580+0000][7][gc,age      ] GC(36) - age  11:     203472 bytes,     392800 total
[2024-02-16T09:04:50.580+0000][7][gc,age      ] GC(36) - age  12:       4568 bytes,     397368 total
[2024-02-16T09:04:50.580+0000][7][gc,age      ] GC(36) - age  13:      35288 bytes,     432656 total
[2024-02-16T09:04:50.580+0000][7][gc,age      ] GC(36) - age  14:      23728 bytes,     456384 total
[2024-02-16T09:04:50.580+0000][7][gc,age      ] GC(36) - age  15:      38760 bytes,     495144 total
[2024-02-16T09:04:50.580+0000][7][gc,phases   ] GC(36)   Pre Evacuate Collection Set: 0.1ms
[2024-02-16T09:04:50.580+0000][7][gc,phases   ] GC(36)   Merge Heap Roots: 0.2ms
[2024-02-16T09:04:50.580+0000][7][gc,phases   ] GC(36)   Evacuate Collection Set: 1.9ms
[2024-02-16T09:04:50.580+0000][7][gc,phases   ] GC(36)   Post Evacuate Collection Set: 0.5ms
[2024-02-16T09:04:50.580+0000][7][gc,phases   ] GC(36)   Other: 0.4ms
[2024-02-16T09:04:50.580+0000][7][gc,heap     ] GC(36) Eden regions: 75->0(75)
[2024-02-16T09:04:50.580+0000][7][gc,heap     ] GC(36) Survivor regions: 1->1(10)
[2024-02-16T09:04:50.580+0000][7][gc,heap     ] GC(36) Old regions: 20->20
[2024-02-16T09:04:50.580+0000][7][gc,heap     ] GC(36) Archive regions: 2->2
[2024-02-16T09:04:50.580+0000][7][gc,heap     ] GC(36) Humongous regions: 2->2
[2024-02-16T09:04:50.580+0000][7][gc,metaspace] GC(36) Metaspace: 98792K(103164K)->98792K(103164K) NonClass: 85730K(88956K)->85730K(88956K) Class: 13062K(14208K)->13062K(14208K)
[2024-02-16T09:04:50.580+0000][7][gc          ] GC(36) Pause Young (Normal) (G1 Evacuation Pause) 390M->90M(512M) 3.199ms
[2024-02-16T09:04:50.580+0000][7][gc,cpu      ] GC(36) User=0.01s Sys=0.00s Real=0.00s
[2024-02-16T09:04:50.580+0000][7][safepoint   ] Safepoint "G1CollectForAllocation", Time since last: 4917792300099 ns, Reaching safepoint: 86250 ns, At safepoint: 3291244 ns, Total: 3377494 ns
[2024-02-16T09:25:11.652+0000][7][safepoint   ] Safepoint "Cleanup", Time since last: 1221071624406 ns, Reaching safepoint: 83474 ns, At safepoint: 2370 ns, Total: 85844 ns
[2024-02-16T12:51:18.924+0000][7][gc,start    ] GC(37) Pause Young (Normal) (G1 Evacuation Pause)
[2024-02-16T12:51:18.924+0000][7][gc,task     ] GC(37) Using 12 workers of 13 for evacuation
[2024-02-16T12:51:18.924+0000][7][gc,age      ] GC(37) Desired survivor size 20971520 bytes, new threshold 15 (max threshold 15)
[2024-02-16T12:51:18.926+0000][7][gc,age      ] GC(37) Age table with threshold 15 (max threshold 15)
[2024-02-16T12:51:18.926+0000][7][gc,age      ] GC(37) - age   1:     101128 bytes,     101128 total
[2024-02-16T12:51:18.926+0000][7][gc,age      ] GC(37) - age   2:       4848 bytes,     105976 total
[2024-02-16T12:51:18.926+0000][7][gc,age      ] GC(37) - age   3:      19736 bytes,     125712 total
[2024-02-16T12:51:18.926+0000][7][gc,age      ] GC(37) - age   4:      12592 bytes,     138304 total
[2024-02-16T12:51:18.926+0000][7][gc,age      ] GC(37) - age   5:       3064 bytes,     141368 total
[2024-02-16T12:51:18.926+0000][7][gc,age      ] GC(37) - age   6:       1944 bytes,     143312 total
[2024-02-16T12:51:18.926+0000][7][gc,age      ] GC(37) - age   7:       3312 bytes,     146624 total
[2024-02-16T12:51:18.926+0000][7][gc,age      ] GC(37) - age   8:       2648 bytes,     149272 total
[2024-02-16T12:51:18.926+0000][7][gc,age      ] GC(37) - age   9:       3528 bytes,     152800 total
[2024-02-16T12:51:18.926+0000][7][gc,age      ] GC(37) - age  10:      27568 bytes,     180368 total
[2024-02-16T12:51:18.926+0000][7][gc,age      ] GC(37) - age  11:       1104 bytes,     181472 total
[2024-02-16T12:51:18.926+0000][7][gc,age      ] GC(37) - age  12:     203144 bytes,     384616 total
[2024-02-16T12:51:18.926+0000][7][gc,age      ] GC(37) - age  13:       4568 bytes,     389184 total
[2024-02-16T12:51:18.926+0000][7][gc,age      ] GC(37) - age  14:      35288 bytes,     424472 total
[2024-02-16T12:51:18.926+0000][7][gc,age      ] GC(37) - age  15:      23728 bytes,     448200 total
[2024-02-16T12:51:18.926+0000][7][gc,phases   ] GC(37)   Pre Evacuate Collection Set: 0.1ms
[2024-02-16T12:51:18.926+0000][7][gc,phases   ] GC(37)   Merge Heap Roots: 0.1ms
[2024-02-16T12:51:18.926+0000][7][gc,phases   ] GC(37)   Evacuate Collection Set: 1.4ms
[2024-02-16T12:51:18.926+0000][7][gc,phases   ] GC(37)   Post Evacuate Collection Set: 0.5ms
[2024-02-16T12:51:18.926+0000][7][gc,phases   ] GC(37)   Other: 0.4ms
[2024-02-16T12:51:18.926+0000][7][gc,heap     ] GC(37) Eden regions: 75->0(75)
[2024-02-16T12:51:18.926+0000][7][gc,heap     ] GC(37) Survivor regions: 1->1(10)
[2024-02-16T12:51:18.927+0000][7][gc,heap     ] GC(37) Old regions: 20->20
[2024-02-16T12:51:18.927+0000][7][gc,heap     ] GC(37) Archive regions: 2->2
[2024-02-16T12:51:18.927+0000][7][gc,heap     ] GC(37) Humongous regions: 2->2
[2024-02-16T12:51:18.927+0000][7][gc,metaspace] GC(37) Metaspace: 98810K(103164K)->98810K(103164K) NonClass: 85745K(88956K)->85745K(88956K) Class: 13064K(14208K)->13064K(14208K)
[2024-02-16T12:51:18.927+0000][7][gc          ] GC(37) Pause Young (Normal) (G1 Evacuation Pause) 390M->90M(512M) 2.638ms
[2024-02-16T12:51:18.927+0000][7][gc,cpu      ] GC(37) User=0.01s Sys=0.00s Real=0.01s
[2024-02-16T12:51:18.927+0000][7][safepoint   ] Safepoint "G1CollectForAllocation", Time since last: 12367271611703 ns, Reaching safepoint: 83308 ns, At safepoint: 2741292 ns, Total: 2824600 ns
[2024-02-16T16:36:55.828+0000][7][gc,start    ] GC(38) Pause Young (Normal) (G1 Evacuation Pause)
[2024-02-16T16:36:55.828+0000][7][gc,task     ] GC(38) Using 12 workers of 13 for evacuation
[2024-02-16T16:36:55.828+0000][7][gc,age      ] GC(38) Desired survivor size 20971520 bytes, new threshold 15 (max threshold 15)
[2024-02-16T16:36:55.830+0000][7][gc,age      ] GC(38) Age table with threshold 15 (max threshold 15)
[2024-02-16T16:36:55.830+0000][7][gc,age      ] GC(38) - age   1:     165032 bytes,     165032 total
[2024-02-16T16:36:55.830+0000][7][gc,age      ] GC(38) - age   2:      67840 bytes,     232872 total
[2024-02-16T16:36:55.830+0000][7][gc,age      ] GC(38) - age   3:       3608 bytes,     236480 total
[2024-02-16T16:36:55.830+0000][7][gc,age      ] GC(38) - age   4:      19656 bytes,     256136 total
[2024-02-16T16:36:55.830+0000][7][gc,age      ] GC(38) - age   5:      12232 bytes,     268368 total
[2024-02-16T16:36:55.830+0000][7][gc,age      ] GC(38) - age   6:       3024 bytes,     271392 total
[2024-02-16T16:36:55.830+0000][7][gc,age      ] GC(38) - age   7:       1904 bytes,     273296 total
[2024-02-16T16:36:55.830+0000][7][gc,age      ] GC(38) - age   8:       3232 bytes,     276528 total
[2024-02-16T16:36:55.830+0000][7][gc,age      ] GC(38) - age   9:       2608 bytes,     279136 total
[2024-02-16T16:36:55.830+0000][7][gc,age      ] GC(38) - age  10:       3528 bytes,     282664 total
[2024-02-16T16:36:55.830+0000][7][gc,age      ] GC(38) - age  11:      27568 bytes,     310232 total
[2024-02-16T16:36:55.830+0000][7][gc,age      ] GC(38) - age  12:       1104 bytes,     311336 total
[2024-02-16T16:36:55.830+0000][7][gc,age      ] GC(38) - age  13:     202176 bytes,     513512 total
[2024-02-16T16:36:55.830+0000][7][gc,age      ] GC(38) - age  14:       4568 bytes,     518080 total
[2024-02-16T16:36:55.830+0000][7][gc,age      ] GC(38) - age  15:      35288 bytes,     553368 total
[2024-02-16T16:36:55.830+0000][7][gc,phases   ] GC(38)   Pre Evacuate Collection Set: 0.1ms
[2024-02-16T16:36:55.830+0000][7][gc,phases   ] GC(38)   Merge Heap Roots: 0.1ms
[2024-02-16T16:36:55.830+0000][7][gc,phases   ] GC(38)   Evacuate Collection Set: 1.0ms
[2024-02-16T16:36:55.830+0000][7][gc,phases   ] GC(38)   Post Evacuate Collection Set: 0.5ms
[2024-02-16T16:36:55.830+0000][7][gc,phases   ] GC(38)   Other: 0.4ms
[2024-02-16T16:36:55.830+0000][7][gc,heap     ] GC(38) Eden regions: 75->0(75)
[2024-02-16T16:36:55.830+0000][7][gc,heap     ] GC(38) Survivor regions: 1->1(10)
[2024-02-16T16:36:55.830+0000][7][gc,heap     ] GC(38) Old regions: 20->20
[2024-02-16T16:36:55.830+0000][7][gc,heap     ] GC(38) Archive regions: 2->2
[2024-02-16T16:36:55.830+0000][7][gc,heap     ] GC(38) Humongous regions: 2->2
[2024-02-16T16:36:55.830+0000][7][gc,metaspace] GC(38) Metaspace: 98846K(103164K)->98846K(103164K) NonClass: 85782K(88956K)->85782K(88956K) Class: 13064K(14208K)->13064K(14208K)
[2024-02-16T16:36:55.830+0000][7][gc          ] GC(38) Pause Young (Normal) (G1 Evacuation Pause) 390M->90M(512M) 2.170ms
[2024-02-16T16:36:55.830+0000][7][gc,cpu      ] GC(38) User=0.01s Sys=0.00s Real=0.00s
[2024-02-16T16:36:55.830+0000][7][safepoint   ] Safepoint "G1CollectForAllocation", Time since last: 13536900901516 ns, Reaching safepoint: 148585 ns, At safepoint: 2272437 ns, Total: 2421022 ns
[2024-02-16T16:59:39.912+0000][7][safepoint   ] Safepoint "Cleanup", Time since last: 1364081468885 ns, Reaching safepoint: 155994 ns, At safepoint: 4850 ns, Total: 160844 ns
[2024-02-16T16:59:40.912+0000][7][safepoint   ] Safepoint "Cleanup", Time since last: 1000221985 ns, Reaching safepoint: 202018 ns, At safepoint: 7645 ns, Total: 209663 ns
[2024-02-16T16:59:53.913+0000][7][safepoint   ] Safepoint "Cleanup", Time since last: 13000889889 ns, Reaching safepoint: 121195 ns, At safepoint: 4284 ns, Total: 125479 ns
[2024-02-16T16:59:54.521+0000][7][safepoint   ] Safepoint "ICBufferFull", Time since last: 607741254 ns, Reaching safepoint: 302823 ns, At safepoint: 23585 ns, Total: 326408 ns
[2024-02-16T16:59:55.521+0000][7][safepoint   ] Safepoint "Cleanup", Time since last: 1000178808 ns, Reaching safepoint: 156890 ns, At safepoint: 3591 ns, Total: 160481 ns
[2024-02-16T16:59:56.522+0000][7][safepoint   ] Safepoint "Cleanup", Time since last: 1000141438 ns, Reaching safepoint: 94156 ns, At safepoint: 13134 ns, Total: 107290 ns
[2024-02-16T16:59:57.522+0000][7][safepoint   ] Safepoint "Cleanup", Time since last: 1000146072 ns, Reaching safepoint: 96920 ns, At safepoint: 3882 ns, Total: 100802 ns
[2024-02-16T17:00:00.522+0000][7][safepoint   ] Safepoint "Cleanup", Time since last: 3000266219 ns, Reaching safepoint: 95335 ns, At safepoint: 3900 ns, Total: 99235 ns
[2024-02-16T17:00:10.523+0000][7][safepoint   ] Safepoint "Cleanup", Time since last: 10000668590 ns, Reaching safepoint: 137097 ns, At safepoint: 3759 ns, Total: 140856 ns
[2024-02-16T17:04:44.540+0000][7][safepoint   ] Safepoint "Cleanup", Time since last: 274016784658 ns, Reaching safepoint: 141489 ns, At safepoint: 4744 ns, Total: 146233 ns
[2024-02-16T17:05:22.543+0000][7][safepoint   ] Safepoint "Cleanup", Time since last: 38002426662 ns, Reaching safepoint: 96477 ns, At safepoint: 3859 ns, Total: 100336 ns
[2024-02-16T17:07:37.551+0000][7][safepoint   ] Safepoint "Cleanup", Time since last: 135008082787 ns, Reaching safepoint: 102030 ns, At safepoint: 3408 ns, Total: 105438 ns
[2024-02-16T17:13:13.492+0000][7][gc,heap,exit] Heap
[2024-02-16T17:13:13.492+0000][7][gc,heap,exit]  garbage-first heap   total 524288K, used 202907K [0x00000000e0000000, 0x0000000100000000)
[2024-02-16T17:13:13.492+0000][7][gc,heap,exit]   region size 4096K, 30 young (122880K), 1 survivors (4096K)
[2024-02-16T17:13:13.493+0000][7][gc,heap,exit]  Metaspace       used 99959K, capacity 103440K, committed 104316K, reserved 1138688K
[2024-02-16T17:13:13.493+0000][7][gc,heap,exit]   class space    used 13106K, capacity 14214K, committed 14336K, reserved 1048576K
