[2024-02-13T16:35:40.885+0000][6][gc] Using G1
[2024-02-13T16:35:41.097+0000][6][gc,init] Version: 15.0.1+9 (release)
[2024-02-13T16:35:41.097+0000][6][gc,init] CPUs: 16 total, 16 available
[2024-02-13T16:35:41.097+0000][6][gc,init] Memory: 63240M
[2024-02-13T16:35:41.097+0000][6][gc,init] Large Page Support: Disabled
[2024-02-13T16:35:41.097+0000][6][gc,init] NUMA Support: Disabled
[2024-02-13T16:35:41.097+0000][6][gc,init] Compressed Oops: Enabled (32-bit)
[2024-02-13T16:35:41.097+0000][6][gc,init] Heap Region Size: 4M
[2024-02-13T16:35:41.097+0000][6][gc,init] Heap Min Capacity: 512M
[2024-02-13T16:35:41.097+0000][6][gc,init] Heap Initial Capacity: 512M
[2024-02-13T16:35:41.097+0000][6][gc,init] Heap Max Capacity: 512M
[2024-02-13T16:35:41.097+0000][6][gc,init] Pre-touch: Enabled
[2024-02-13T16:35:41.097+0000][6][gc,init] Parallel Workers: 13
[2024-02-13T16:35:41.097+0000][6][gc,init] Concurrent Workers: 3
[2024-02-13T16:35:41.097+0000][6][gc,init] Concurrent Refinement Workers: 13
[2024-02-13T16:35:41.097+0000][6][gc,init] Periodic GC: Disabled
[2024-02-13T16:35:41.097+0000][6][gc,cds ] Mark closed archive regions in map: [0x00000000ffc00000, 0x00000000ffc7bff8]
[2024-02-13T16:35:41.097+0000][6][gc,cds ] Mark open archive regions in map: [0x00000000ffb00000, 0x00000000ffb51ff8]
[2024-02-13T16:35:41.098+0000][6][gc,metaspace] CDS archive(s) mapped at: [0x0000000800000000-0x0000000800b2a000-0x0000000800b2a000), size 11706368, SharedBaseAddress: 0x0000000800000000, ArchiveRelocationMode: 0.
[2024-02-13T16:35:41.098+0000][6][gc,metaspace] Compressed class space mapped at: 0x0000000800b2c000-0x0000000840b2c000, size: 1073741824
[2024-02-13T16:35:41.098+0000][6][gc,metaspace] Narrow klass base: 0x0000000800000000, Narrow klass shift: 3, Narrow klass range: 0x100000000
[2024-02-13T16:35:41.349+0000][6][safepoint   ] Safepoint "ICBufferFull", Time since last: 243437252 ns, Reaching safepoint: 138001 ns, At safepoint: 4542 ns, Total: 142543 ns
[2024-02-13T16:35:41.526+0000][6][gc,start    ] GC(0) Pause Young (Normal) (G1 Evacuation Pause)
[2024-02-13T16:35:41.526+0000][6][gc,task     ] GC(0) Using 12 workers of 13 for evacuation
[2024-02-13T16:35:41.526+0000][6][gc,age      ] GC(0) Desired survivor size 2097152 bytes, new threshold 15 (max threshold 15)
[2024-02-13T16:35:41.529+0000][6][gc,age      ] GC(0) Age table with threshold 15 (max threshold 15)
[2024-02-13T16:35:41.529+0000][6][gc,age      ] GC(0) - age   1:    4166760 bytes,    4166760 total
[2024-02-13T16:35:41.529+0000][6][gc,phases   ] GC(0)   Pre Evacuate Collection Set: 0.1ms
[2024-02-13T16:35:41.529+0000][6][gc,phases   ] GC(0)   Merge Heap Roots: 0.1ms
[2024-02-13T16:35:41.529+0000][6][gc,phases   ] GC(0)   Evacuate Collection Set: 2.1ms
[2024-02-13T16:35:41.529+0000][6][gc,phases   ] GC(0)   Post Evacuate Collection Set: 0.3ms
[2024-02-13T16:35:41.529+0000][6][gc,phases   ] GC(0)   Other: 1.0ms
[2024-02-13T16:35:41.529+0000][6][gc,heap     ] GC(0) Eden regions: 6->0(6)
[2024-02-13T16:35:41.529+0000][6][gc,heap     ] GC(0) Survivor regions: 0->1(1)
[2024-02-13T16:35:41.529+0000][6][gc,heap     ] GC(0) Old regions: 0->1
[2024-02-13T16:35:41.529+0000][6][gc,heap     ] GC(0) Archive regions: 2->2
[2024-02-13T16:35:41.529+0000][6][gc,heap     ] GC(0) Humongous regions: 0->0
[2024-02-13T16:35:41.529+0000][6][gc,metaspace] GC(0) Metaspace: 8112K(9216K)->8112K(9216K) NonClass: 7214K(8192K)->7214K(8192K) Class: 897K(1024K)->897K(1024K)
[2024-02-13T16:35:41.529+0000][6][gc          ] GC(0) Pause Young (Normal) (G1 Evacuation Pause) 27M->7M(512M) 3.607ms
[2024-02-13T16:35:41.529+0000][6][gc,cpu      ] GC(0) User=0.02s Sys=0.00s Real=0.01s
[2024-02-13T16:35:41.529+0000][6][safepoint   ] Safepoint "G1CollectForAllocation", Time since last: 176407020 ns, Reaching safepoint: 127914 ns, At safepoint: 3689635 ns, Total: 3817549 ns
[2024-02-13T16:35:41.999+0000][6][gc,start    ] GC(1) Pause Young (Normal) (G1 Evacuation Pause)
[2024-02-13T16:35:41.999+0000][6][gc,task     ] GC(1) Using 12 workers of 13 for evacuation
[2024-02-13T16:35:41.999+0000][6][gc,age      ] GC(1) Desired survivor size 2097152 bytes, new threshold 1 (max threshold 15)
[2024-02-13T16:35:42.001+0000][6][gc,age      ] GC(1) Age table with threshold 1 (max threshold 15)
[2024-02-13T16:35:42.001+0000][6][gc,age      ] GC(1) - age   1:    2033544 bytes,    2033544 total
[2024-02-13T16:35:42.001+0000][6][gc,phases   ] GC(1)   Pre Evacuate Collection Set: 0.1ms
[2024-02-13T16:35:42.001+0000][6][gc,phases   ] GC(1)   Merge Heap Roots: 0.0ms
[2024-02-13T16:35:42.001+0000][6][gc,phases   ] GC(1)   Evacuate Collection Set: 2.1ms
[2024-02-13T16:35:42.001+0000][6][gc,phases   ] GC(1)   Post Evacuate Collection Set: 0.2ms
[2024-02-13T16:35:42.001+0000][6][gc,phases   ] GC(1)   Other: 0.2ms
[2024-02-13T16:35:42.001+0000][6][gc,heap     ] GC(1) Eden regions: 6->0(13)
[2024-02-13T16:35:42.001+0000][6][gc,heap     ] GC(1) Survivor regions: 1->1(1)
[2024-02-13T16:35:42.001+0000][6][gc,heap     ] GC(1) Old regions: 1->2
[2024-02-13T16:35:42.001+0000][6][gc,heap     ] GC(1) Archive regions: 2->2
[2024-02-13T16:35:42.001+0000][6][gc,heap     ] GC(1) Humongous regions: 0->0
[2024-02-13T16:35:42.001+0000][6][gc,metaspace] GC(1) Metaspace: 12366K(12928K)->12366K(12928K) NonClass: 10915K(11264K)->10915K(11264K) Class: 1451K(1664K)->1451K(1664K)
[2024-02-13T16:35:42.002+0000][6][gc          ] GC(1) Pause Young (Normal) (G1 Evacuation Pause) 31M->9M(512M) 2.726ms
[2024-02-13T16:35:42.002+0000][6][gc,cpu      ] GC(1) User=0.03s Sys=0.00s Real=0.00s
[2024-02-13T16:35:42.002+0000][6][safepoint   ] Safepoint "G1CollectForAllocation", Time since last: 469325144 ns, Reaching safepoint: 109350 ns, At safepoint: 2773176 ns, Total: 2882526 ns
[2024-02-13T16:35:42.385+0000][6][safepoint   ] Safepoint "ICBufferFull", Time since last: 383140161 ns, Reaching safepoint: 127070 ns, At safepoint: 4027 ns, Total: 131097 ns
[2024-02-13T16:35:42.478+0000][6][gc,start    ] GC(2) Pause Young (Normal) (G1 Evacuation Pause)
[2024-02-13T16:35:42.478+0000][6][gc,task     ] GC(2) Using 12 workers of 13 for evacuation
[2024-02-13T16:35:42.478+0000][6][gc,age      ] GC(2) Desired survivor size 4194304 bytes, new threshold 15 (max threshold 15)
[2024-02-13T16:35:42.481+0000][6][gc,age      ] GC(2) Age table with threshold 15 (max threshold 15)
[2024-02-13T16:35:42.481+0000][6][gc,age      ] GC(2) - age   1:    1269920 bytes,    1269920 total
[2024-02-13T16:35:42.481+0000][6][gc,age      ] GC(2) - age   2:    2002016 bytes,    3271936 total
[2024-02-13T16:35:42.481+0000][6][gc,phases   ] GC(2)   Pre Evacuate Collection Set: 0.1ms
[2024-02-13T16:35:42.481+0000][6][gc,phases   ] GC(2)   Merge Heap Roots: 0.1ms
[2024-02-13T16:35:42.481+0000][6][gc,phases   ] GC(2)   Evacuate Collection Set: 2.1ms
[2024-02-13T16:35:42.481+0000][6][gc,phases   ] GC(2)   Post Evacuate Collection Set: 0.3ms
[2024-02-13T16:35:42.481+0000][6][gc,phases   ] GC(2)   Other: 0.2ms
[2024-02-13T16:35:42.481+0000][6][gc,heap     ] GC(2) Eden regions: 13->0(65)
[2024-02-13T16:35:42.481+0000][6][gc,heap     ] GC(2) Survivor regions: 1->1(2)
[2024-02-13T16:35:42.481+0000][6][gc,heap     ] GC(2) Old regions: 2->2
[2024-02-13T16:35:42.481+0000][6][gc,heap     ] GC(2) Archive regions: 2->2
[2024-02-13T16:35:42.481+0000][6][gc,heap     ] GC(2) Humongous regions: 0->0
[2024-02-13T16:35:42.481+0000][6][gc,metaspace] GC(2) Metaspace: 14844K(15360K)->14844K(15360K) NonClass: 13163K(13568K)->13163K(13568K) Class: 1681K(1792K)->1681K(1792K)
[2024-02-13T16:35:42.481+0000][6][gc          ] GC(2) Pause Young (Normal) (G1 Evacuation Pause) 61M->11M(512M) 2.849ms
[2024-02-13T16:35:42.481+0000][6][gc,cpu      ] GC(2) User=0.02s Sys=0.00s Real=0.00s
[2024-02-13T16:35:42.481+0000][6][safepoint   ] Safepoint "G1CollectForAllocation", Time since last: 93404684 ns, Reaching safepoint: 87966 ns, At safepoint: 2903193 ns, Total: 2991159 ns
[2024-02-13T16:35:42.560+0000][6][safepoint   ] Safepoint "ICBufferFull", Time since last: 78952255 ns, Reaching safepoint: 102464 ns, At safepoint: 3920 ns, Total: 106384 ns
[2024-02-13T16:35:42.563+0000][6][safepoint   ] Safepoint "ICBufferFull", Time since last: 2831520 ns, Reaching safepoint: 102336 ns, At safepoint: 4982 ns, Total: 107318 ns
[2024-02-13T16:35:42.565+0000][6][safepoint   ] Safepoint "ICBufferFull", Time since last: 2109226 ns, Reaching safepoint: 32834 ns, At safepoint: 3010 ns, Total: 35844 ns
[2024-02-13T16:35:42.568+0000][6][safepoint   ] Safepoint "ICBufferFull", Time since last: 2517090 ns, Reaching safepoint: 29989 ns, At safepoint: 2909 ns, Total: 32898 ns
[2024-02-13T16:35:42.570+0000][6][safepoint   ] Safepoint "ICBufferFull", Time since last: 2505315 ns, Reaching safepoint: 33711 ns, At safepoint: 4421 ns, Total: 38132 ns
[2024-02-13T16:35:42.572+0000][6][safepoint   ] Safepoint "ICBufferFull", Time since last: 1895184 ns, Reaching safepoint: 31761 ns, At safepoint: 1765 ns, Total: 33526 ns
[2024-02-13T16:35:42.574+0000][6][safepoint   ] Safepoint "ICBufferFull", Time since last: 1906167 ns, Reaching safepoint: 34000 ns, At safepoint: 7666 ns, Total: 41666 ns
[2024-02-13T16:35:42.576+0000][6][safepoint   ] Safepoint "ICBufferFull", Time since last: 1929933 ns, Reaching safepoint: 28247 ns, At safepoint: 3275 ns, Total: 31522 ns
[2024-02-13T16:35:42.578+0000][6][safepoint   ] Safepoint "ICBufferFull", Time since last: 1833082 ns, Reaching safepoint: 28071 ns, At safepoint: 2834 ns, Total: 30905 ns
[2024-02-13T16:35:42.581+0000][6][safepoint   ] Safepoint "ICBufferFull", Time since last: 2324742 ns, Reaching safepoint: 28533 ns, At safepoint: 2752 ns, Total: 31285 ns
[2024-02-13T16:35:42.583+0000][6][safepoint   ] Safepoint "ICBufferFull", Time since last: 2152062 ns, Reaching safepoint: 29586 ns, At safepoint: 2823 ns, Total: 32409 ns
[2024-02-13T16:35:42.585+0000][6][safepoint   ] Safepoint "ICBufferFull", Time since last: 2242310 ns, Reaching safepoint: 29910 ns, At safepoint: 2674 ns, Total: 32584 ns
[2024-02-13T16:35:42.587+0000][6][safepoint   ] Safepoint "ICBufferFull", Time since last: 1950731 ns, Reaching safepoint: 29456 ns, At safepoint: 3718 ns, Total: 33174 ns
[2024-02-13T16:35:42.591+0000][6][safepoint   ] Safepoint "ICBufferFull", Time since last: 3568703 ns, Reaching safepoint: 35866 ns, At safepoint: 2747 ns, Total: 38613 ns
[2024-02-13T16:35:42.593+0000][6][safepoint   ] Safepoint "ICBufferFull", Time since last: 1940442 ns, Reaching safepoint: 40132 ns, At safepoint: 2705 ns, Total: 42837 ns
[2024-02-13T16:35:42.877+0000][6][safepoint   ] Safepoint "ICBufferFull", Time since last: 284287742 ns, Reaching safepoint: 132533 ns, At safepoint: 7701 ns, Total: 140234 ns
[2024-02-13T16:35:42.948+0000][6][gc,start    ] GC(3) Pause Young (Normal) (G1 Evacuation Pause)
[2024-02-13T16:35:42.948+0000][6][gc,task     ] GC(3) Using 12 workers of 13 for evacuation
[2024-02-13T16:35:42.948+0000][6][gc,age      ] GC(3) Desired survivor size 18874368 bytes, new threshold 15 (max threshold 15)
[2024-02-13T16:35:42.951+0000][6][gc,age      ] GC(3) Age table with threshold 15 (max threshold 15)
[2024-02-13T16:35:42.951+0000][6][gc,age      ] GC(3) - age   1:    4602832 bytes,    4602832 total
[2024-02-13T16:35:42.951+0000][6][gc,age      ] GC(3) - age   2:    1241624 bytes,    5844456 total
[2024-02-13T16:35:42.951+0000][6][gc,age      ] GC(3) - age   3:    1987552 bytes,    7832008 total
[2024-02-13T16:35:42.951+0000][6][gc,phases   ] GC(3)   Pre Evacuate Collection Set: 0.1ms
[2024-02-13T16:35:42.951+0000][6][gc,phases   ] GC(3)   Merge Heap Roots: 0.0ms
[2024-02-13T16:35:42.951+0000][6][gc,phases   ] GC(3)   Evacuate Collection Set: 2.1ms
[2024-02-13T16:35:42.951+0000][6][gc,phases   ] GC(3)   Post Evacuate Collection Set: 0.4ms
[2024-02-13T16:35:42.951+0000][6][gc,phases   ] GC(3)   Other: 0.3ms
[2024-02-13T16:35:42.951+0000][6][gc,heap     ] GC(3) Eden regions: 65->0(74)
[2024-02-13T16:35:42.951+0000][6][gc,heap     ] GC(3) Survivor regions: 1->2(9)
[2024-02-13T16:35:42.951+0000][6][gc,heap     ] GC(3) Old regions: 2->2
[2024-02-13T16:35:42.951+0000][6][gc,heap     ] GC(3) Archive regions: 2->2
[2024-02-13T16:35:42.951+0000][6][gc,heap     ] GC(3) Humongous regions: 0->0
[2024-02-13T16:35:42.951+0000][6][gc,metaspace] GC(3) Metaspace: 18431K(19328K)->18431K(19328K) NonClass: 16261K(16896K)->16261K(16896K) Class: 2169K(2432K)->2169K(2432K)
[2024-02-13T16:35:42.951+0000][6][gc          ] GC(3) Pause Young (Normal) (G1 Evacuation Pause) 271M->15M(512M) 2.971ms
[2024-02-13T16:35:42.951+0000][6][gc,cpu      ] GC(3) User=0.02s Sys=0.00s Real=0.00s
[2024-02-13T16:35:42.951+0000][6][safepoint   ] Safepoint "G1CollectForAllocation", Time since last: 71031448 ns, Reaching safepoint: 77480 ns, At safepoint: 3038777 ns, Total: 3116257 ns
[2024-02-13T16:35:43.271+0000][6][gc,start    ] GC(4) Pause Young (Normal) (G1 Evacuation Pause)
[2024-02-13T16:35:43.272+0000][6][gc,task     ] GC(4) Using 12 workers of 13 for evacuation
[2024-02-13T16:35:43.272+0000][6][gc,age      ] GC(4) Desired survivor size 20971520 bytes, new threshold 15 (max threshold 15)
[2024-02-13T16:35:43.275+0000][6][gc,age      ] GC(4) Age table with threshold 15 (max threshold 15)
[2024-02-13T16:35:43.275+0000][6][gc,age      ] GC(4) - age   1:    3785928 bytes,    3785928 total
[2024-02-13T16:35:43.275+0000][6][gc,age      ] GC(4) - age   2:    4555944 bytes,    8341872 total
[2024-02-13T16:35:43.275+0000][6][gc,age      ] GC(4) - age   3:    1241624 bytes,    9583496 total
[2024-02-13T16:35:43.275+0000][6][gc,age      ] GC(4) - age   4:    1987552 bytes,   11571048 total
[2024-02-13T16:35:43.275+0000][6][gc,phases   ] GC(4)   Pre Evacuate Collection Set: 0.1ms
[2024-02-13T16:35:43.275+0000][6][gc,phases   ] GC(4)   Merge Heap Roots: 0.0ms
[2024-02-13T16:35:43.275+0000][6][gc,phases   ] GC(4)   Evacuate Collection Set: 2.9ms
[2024-02-13T16:35:43.275+0000][6][gc,phases   ] GC(4)   Post Evacuate Collection Set: 0.4ms
[2024-02-13T16:35:43.275+0000][6][gc,phases   ] GC(4)   Other: 0.3ms
[2024-02-13T16:35:43.275+0000][6][gc,heap     ] GC(4) Eden regions: 74->0(73)
[2024-02-13T16:35:43.275+0000][6][gc,heap     ] GC(4) Survivor regions: 2->3(10)
[2024-02-13T16:35:43.275+0000][6][gc,heap     ] GC(4) Old regions: 2->2
[2024-02-13T16:35:43.275+0000][6][gc,heap     ] GC(4) Archive regions: 2->2
[2024-02-13T16:35:43.275+0000][6][gc,heap     ] GC(4) Humongous regions: 0->0
[2024-02-13T16:35:43.275+0000][6][gc,metaspace] GC(4) Metaspace: 19121K(19968K)->19121K(19968K) NonClass: 16856K(17408K)->16856K(17408K) Class: 2264K(2560K)->2264K(2560K)
[2024-02-13T16:35:43.275+0000][6][gc          ] GC(4) Pause Young (Normal) (G1 Evacuation Pause) 311M->19M(512M) 3.822ms
[2024-02-13T16:35:43.275+0000][6][gc,cpu      ] GC(4) User=0.03s Sys=0.00s Real=0.00s
[2024-02-13T16:35:43.275+0000][6][safepoint   ] Safepoint "G1CollectForAllocation", Time since last: 320232844 ns, Reaching safepoint: 104402 ns, At safepoint: 3892235 ns, Total: 3996637 ns
[2024-02-13T16:35:43.516+0000][6][gc,start    ] GC(5) Pause Young (Normal) (G1 Evacuation Pause)
[2024-02-13T16:35:43.516+0000][6][gc,task     ] GC(5) Using 12 workers of 13 for evacuation
[2024-02-13T16:35:43.516+0000][6][gc,age      ] GC(5) Desired survivor size 20971520 bytes, new threshold 15 (max threshold 15)
[2024-02-13T16:35:43.518+0000][6][gc,age      ] GC(5) Age table with threshold 15 (max threshold 15)
[2024-02-13T16:35:43.518+0000][6][gc,age      ] GC(5) - age   1:    2085080 bytes,    2085080 total
[2024-02-13T16:35:43.518+0000][6][gc,age      ] GC(5) - age   2:    1629408 bytes,    3714488 total
[2024-02-13T16:35:43.518+0000][6][gc,age      ] GC(5) - age   3:    4551928 bytes,    8266416 total
[2024-02-13T16:35:43.518+0000][6][gc,age      ] GC(5) - age   4:    1241624 bytes,    9508040 total
[2024-02-13T16:35:43.519+0000][6][gc,age      ] GC(5) - age   5:    1987552 bytes,   11495592 total
[2024-02-13T16:35:43.519+0000][6][gc,phases   ] GC(5)   Pre Evacuate Collection Set: 0.1ms
[2024-02-13T16:35:43.519+0000][6][gc,phases   ] GC(5)   Merge Heap Roots: 0.1ms
[2024-02-13T16:35:43.519+0000][6][gc,phases   ] GC(5)   Evacuate Collection Set: 2.2ms
[2024-02-13T16:35:43.519+0000][6][gc,phases   ] GC(5)   Post Evacuate Collection Set: 0.4ms
[2024-02-13T16:35:43.519+0000][6][gc,phases   ] GC(5)   Other: 0.3ms
[2024-02-13T16:35:43.519+0000][6][gc,heap     ] GC(5) Eden regions: 73->0(72)
[2024-02-13T16:35:43.519+0000][6][gc,heap     ] GC(5) Survivor regions: 3->4(10)
[2024-02-13T16:35:43.519+0000][6][gc,heap     ] GC(5) Old regions: 2->2
[2024-02-13T16:35:43.519+0000][6][gc,heap     ] GC(5) Archive regions: 2->2
[2024-02-13T16:35:43.519+0000][6][gc,heap     ] GC(5) Humongous regions: 0->0
[2024-02-13T16:35:43.519+0000][6][gc,metaspace] GC(5) Metaspace: 19473K(20480K)->19473K(20480K) NonClass: 17151K(17920K)->17151K(17920K) Class: 2321K(2560K)->2321K(2560K)
[2024-02-13T16:35:43.519+0000][6][gc          ] GC(5) Pause Young (Normal) (G1 Evacuation Pause) 311M->19M(512M) 3.142ms
[2024-02-13T16:35:43.519+0000][6][gc,cpu      ] GC(5) User=0.02s Sys=0.00s Real=0.01s
[2024-02-13T16:35:43.519+0000][6][safepoint   ] Safepoint "G1CollectForAllocation", Time since last: 240115163 ns, Reaching safepoint: 46202 ns, At safepoint: 3203893 ns, Total: 3250095 ns
[2024-02-13T16:35:43.725+0000][6][gc,start    ] GC(6) Pause Young (Normal) (G1 Evacuation Pause)
[2024-02-13T16:35:43.725+0000][6][gc,task     ] GC(6) Using 12 workers of 13 for evacuation
[2024-02-13T16:35:43.725+0000][6][gc,age      ] GC(6) Desired survivor size 20971520 bytes, new threshold 15 (max threshold 15)
[2024-02-13T16:35:43.730+0000][6][gc,age      ] GC(6) Age table with threshold 15 (max threshold 15)
[2024-02-13T16:35:43.730+0000][6][gc,age      ] GC(6) - age   1:    2637688 bytes,    2637688 total
[2024-02-13T16:35:43.730+0000][6][gc,age      ] GC(6) - age   2:    1474464 bytes,    4112152 total
[2024-02-13T16:35:43.730+0000][6][gc,age      ] GC(6) - age   3:    1628736 bytes,    5740888 total
[2024-02-13T16:35:43.730+0000][6][gc,age      ] GC(6) - age   4:    4551512 bytes,   10292400 total
[2024-02-13T16:35:43.730+0000][6][gc,age      ] GC(6) - age   5:    1241624 bytes,   11534024 total
[2024-02-13T16:35:43.730+0000][6][gc,age      ] GC(6) - age   6:    1987552 bytes,   13521576 total
[2024-02-13T16:35:43.730+0000][6][gc,phases   ] GC(6)   Pre Evacuate Collection Set: 0.1ms
[2024-02-13T16:35:43.730+0000][6][gc,phases   ] GC(6)   Merge Heap Roots: 0.1ms
[2024-02-13T16:35:43.730+0000][6][gc,phases   ] GC(6)   Evacuate Collection Set: 4.2ms
[2024-02-13T16:35:43.730+0000][6][gc,phases   ] GC(6)   Post Evacuate Collection Set: 0.4ms
[2024-02-13T16:35:43.730+0000][6][gc,phases   ] GC(6)   Other: 0.3ms
[2024-02-13T16:35:43.730+0000][6][gc,heap     ] GC(6) Eden regions: 72->0(72)
[2024-02-13T16:35:43.730+0000][6][gc,heap     ] GC(6) Survivor regions: 4->4(10)
[2024-02-13T16:35:43.730+0000][6][gc,heap     ] GC(6) Old regions: 2->2
[2024-02-13T16:35:43.730+0000][6][gc,heap     ] GC(6) Archive regions: 2->2
[2024-02-13T16:35:43.730+0000][6][gc,heap     ] GC(6) Humongous regions: 0->0
[2024-02-13T16:35:43.730+0000][6][gc,metaspace] GC(6) Metaspace: 19713K(20864K)->19713K(20864K) NonClass: 17345K(18176K)->17345K(18176K) Class: 2368K(2688K)->2368K(2688K)
[2024-02-13T16:35:43.730+0000][6][gc          ] GC(6) Pause Young (Normal) (G1 Evacuation Pause) 307M->21M(512M) 5.131ms
[2024-02-13T16:35:43.730+0000][6][gc,cpu      ] GC(6) User=0.02s Sys=0.00s Real=0.01s
[2024-02-13T16:35:43.730+0000][6][safepoint   ] Safepoint "G1CollectForAllocation", Time since last: 206107630 ns, Reaching safepoint: 51904 ns, At safepoint: 5189128 ns, Total: 5241032 ns
[2024-02-13T16:35:43.860+0000][6][gc,start    ] GC(7) Pause Young (Concurrent Start) (Metadata GC Threshold)
[2024-02-13T16:35:43.860+0000][6][gc,task     ] GC(7) Using 12 workers of 13 for evacuation
[2024-02-13T16:35:43.860+0000][6][gc,age      ] GC(7) Desired survivor size 20971520 bytes, new threshold 15 (max threshold 15)
[2024-02-13T16:35:43.866+0000][6][gc,age      ] GC(7) Age table with threshold 15 (max threshold 15)
[2024-02-13T16:35:43.866+0000][6][gc,age      ] GC(7) - age   1:    1665520 bytes,    1665520 total
[2024-02-13T16:35:43.866+0000][6][gc,age      ] GC(7) - age   2:     617864 bytes,    2283384 total
[2024-02-13T16:35:43.866+0000][6][gc,age      ] GC(7) - age   3:    1474400 bytes,    3757784 total
[2024-02-13T16:35:43.866+0000][6][gc,age      ] GC(7) - age   4:    1627632 bytes,    5385416 total
[2024-02-13T16:35:43.866+0000][6][gc,age      ] GC(7) - age   5:    4551088 bytes,    9936504 total
[2024-02-13T16:35:43.866+0000][6][gc,age      ] GC(7) - age   6:    1241448 bytes,   11177952 total
[2024-02-13T16:35:43.866+0000][6][gc,age      ] GC(7) - age   7:    1987552 bytes,   13165504 total
[2024-02-13T16:35:43.866+0000][6][gc,phases   ] GC(7)   Pre Evacuate Collection Set: 0.1ms
[2024-02-13T16:35:43.866+0000][6][gc,phases   ] GC(7)   Merge Heap Roots: 0.0ms
[2024-02-13T16:35:43.866+0000][6][gc,phases   ] GC(7)   Evacuate Collection Set: 5.4ms
[2024-02-13T16:35:43.866+0000][6][gc,phases   ] GC(7)   Post Evacuate Collection Set: 0.4ms
[2024-02-13T16:35:43.866+0000][6][gc,phases   ] GC(7)   Other: 0.3ms
[2024-02-13T16:35:43.866+0000][6][gc,heap     ] GC(7) Eden regions: 41->0(72)
[2024-02-13T16:35:43.866+0000][6][gc,heap     ] GC(7) Survivor regions: 4->4(10)
[2024-02-13T16:35:43.866+0000][6][gc,heap     ] GC(7) Old regions: 2->2
[2024-02-13T16:35:43.866+0000][6][gc,heap     ] GC(7) Archive regions: 2->2
[2024-02-13T16:35:43.866+0000][6][gc,heap     ] GC(7) Humongous regions: 0->0
[2024-02-13T16:35:43.866+0000][6][gc,metaspace] GC(7) Metaspace: 20010K(21296K)->20010K(21296K) NonClass: 17592K(18608K)->17592K(18608K) Class: 2417K(2688K)->2417K(2688K)
[2024-02-13T16:35:43.866+0000][6][gc          ] GC(7) Pause Young (Concurrent Start) (Metadata GC Threshold) 185M->22M(512M) 6.303ms
[2024-02-13T16:35:43.866+0000][6][gc,cpu      ] GC(7) User=0.03s Sys=0.00s Real=0.00s
[2024-02-13T16:35:43.866+0000][6][safepoint   ] Safepoint "CollectForMetadataAllocation", Time since last: 129868679 ns, Reaching safepoint: 39149 ns, At safepoint: 6509806 ns, Total: 6548955 ns
[2024-02-13T16:35:43.867+0000][6][gc          ] GC(8) Concurrent Cycle
[2024-02-13T16:35:43.867+0000][6][gc,marking  ] GC(8) Concurrent Clear Claimed Marks
[2024-02-13T16:35:43.867+0000][6][gc,marking  ] GC(8) Concurrent Clear Claimed Marks 0.024ms
[2024-02-13T16:35:43.867+0000][6][gc,marking  ] GC(8) Concurrent Scan Root Regions
[2024-02-13T16:35:43.869+0000][6][gc,marking  ] GC(8) Concurrent Scan Root Regions 2.024ms
[2024-02-13T16:35:43.869+0000][6][gc,marking  ] GC(8) Concurrent Mark (2.989s)
[2024-02-13T16:35:43.869+0000][6][gc,marking  ] GC(8) Concurrent Mark From Roots
[2024-02-13T16:35:43.869+0000][6][gc,task     ] GC(8) Using 3 workers of 3 for marking
[2024-02-13T16:35:43.872+0000][6][gc,marking  ] GC(8) Concurrent Mark From Roots 3.276ms
[2024-02-13T16:35:43.872+0000][6][gc,marking  ] GC(8) Concurrent Preclean
[2024-02-13T16:35:43.872+0000][6][gc,marking  ] GC(8) Concurrent Preclean 0.209ms
[2024-02-13T16:35:43.872+0000][6][gc,marking  ] GC(8) Concurrent Mark (2.989s, 2.993s) 3.581ms
[2024-02-13T16:35:43.872+0000][6][gc,start    ] GC(8) Pause Remark
[2024-02-13T16:35:43.874+0000][6][gc          ] GC(8) Pause Remark 30M->30M(512M) 1.541ms
[2024-02-13T16:35:43.874+0000][6][gc,cpu      ] GC(8) User=0.01s Sys=0.00s Real=0.00s
[2024-02-13T16:35:43.874+0000][6][safepoint   ] Safepoint "G1Concurrent", Time since last: 5891681 ns, Reaching safepoint: 113714 ns, At safepoint: 1629842 ns, Total: 1743556 ns
[2024-02-13T16:35:43.874+0000][6][gc,marking  ] GC(8) Concurrent Rebuild Remembered Sets
[2024-02-13T16:35:43.876+0000][6][gc,marking  ] GC(8) Concurrent Rebuild Remembered Sets 1.716ms
[2024-02-13T16:35:43.876+0000][6][gc,start    ] GC(8) Pause Cleanup
[2024-02-13T16:35:43.876+0000][6][gc          ] GC(8) Pause Cleanup 32M->32M(512M) 0.115ms
[2024-02-13T16:35:43.876+0000][6][gc,cpu      ] GC(8) User=0.00s Sys=0.00s Real=0.00s
[2024-02-13T16:35:43.876+0000][6][safepoint   ] Safepoint "G1Concurrent", Time since last: 1799241 ns, Reaching safepoint: 398329 ns, At safepoint: 177173 ns, Total: 575502 ns
[2024-02-13T16:35:43.877+0000][6][gc,marking  ] GC(8) Concurrent Cleanup for Next Mark
[2024-02-13T16:35:43.878+0000][6][gc,marking  ] GC(8) Concurrent Cleanup for Next Mark 1.274ms
[2024-02-13T16:35:43.878+0000][6][gc          ] GC(8) Concurrent Cycle 11.309ms
[2024-02-13T16:35:44.089+0000][6][gc,start    ] GC(9) Pause Young (Normal) (G1 Evacuation Pause)
[2024-02-13T16:35:44.090+0000][6][gc,task     ] GC(9) Using 12 workers of 13 for evacuation
[2024-02-13T16:35:44.090+0000][6][gc,age      ] GC(9) Desired survivor size 20971520 bytes, new threshold 15 (max threshold 15)
[2024-02-13T16:35:44.094+0000][6][gc,age      ] GC(9) Age table with threshold 15 (max threshold 15)
[2024-02-13T16:35:44.094+0000][6][gc,age      ] GC(9) - age   1:    1353360 bytes,    1353360 total
[2024-02-13T16:35:44.094+0000][6][gc,age      ] GC(9) - age   2:    1644648 bytes,    2998008 total
[2024-02-13T16:35:44.094+0000][6][gc,age      ] GC(9) - age   3:     616592 bytes,    3614600 total
[2024-02-13T16:35:44.094+0000][6][gc,age      ] GC(9) - age   4:    1473856 bytes,    5088456 total
[2024-02-13T16:35:44.094+0000][6][gc,age      ] GC(9) - age   5:    1627632 bytes,    6716088 total
[2024-02-13T16:35:44.094+0000][6][gc,age      ] GC(9) - age   6:    4551088 bytes,   11267176 total
[2024-02-13T16:35:44.094+0000][6][gc,age      ] GC(9) - age   7:    1241096 bytes,   12508272 total
[2024-02-13T16:35:44.094+0000][6][gc,age      ] GC(9) - age   8:    1985856 bytes,   14494128 total
[2024-02-13T16:35:44.094+0000][6][gc,phases   ] GC(9)   Pre Evacuate Collection Set: 0.1ms
[2024-02-13T16:35:44.094+0000][6][gc,phases   ] GC(9)   Merge Heap Roots: 0.1ms
[2024-02-13T16:35:44.094+0000][6][gc,phases   ] GC(9)   Evacuate Collection Set: 4.0ms
[2024-02-13T16:35:44.094+0000][6][gc,phases   ] GC(9)   Post Evacuate Collection Set: 0.5ms
[2024-02-13T16:35:44.095+0000][6][gc,phases   ] GC(9)   Other: 0.3ms
[2024-02-13T16:35:44.095+0000][6][gc,heap     ] GC(9) Eden regions: 72->0(72)
[2024-02-13T16:35:44.095+0000][6][gc,heap     ] GC(9) Survivor regions: 4->4(10)
[2024-02-13T16:35:44.095+0000][6][gc,heap     ] GC(9) Old regions: 2->2
[2024-02-13T16:35:44.095+0000][6][gc,heap     ] GC(9) Archive regions: 2->2
[2024-02-13T16:35:44.095+0000][6][gc,heap     ] GC(9) Humongous regions: 0->0
[2024-02-13T16:35:44.095+0000][6][gc,metaspace] GC(9) Metaspace: 20111K(21552K)->20111K(21552K) NonClass: 17672K(18864K)->17672K(18864K) Class: 2438K(2688K)->2438K(2688K)
[2024-02-13T16:35:44.095+0000][6][gc          ] GC(9) Pause Young (Normal) (G1 Evacuation Pause) 310M->22M(512M) 5.079ms
[2024-02-13T16:35:44.095+0000][6][gc,cpu      ] GC(9) User=0.02s Sys=0.00s Real=0.00s
[2024-02-13T16:35:44.095+0000][6][safepoint   ] Safepoint "G1CollectForAllocation", Time since last: 212904695 ns, Reaching safepoint: 80136 ns, At safepoint: 5152788 ns, Total: 5232924 ns
[2024-02-13T16:35:44.572+0000][6][safepoint   ] Safepoint "ICBufferFull", Time since last: 477171577 ns, Reaching safepoint: 140987 ns, At safepoint: 3681 ns, Total: 144668 ns
[2024-02-13T16:35:44.765+0000][6][safepoint   ] Safepoint "ICBufferFull", Time since last: 192834043 ns, Reaching safepoint: 156156 ns, At safepoint: 6372 ns, Total: 162528 ns
[2024-02-13T16:35:45.502+0000][6][gc,start    ] GC(10) Pause Young (Normal) (G1 Evacuation Pause)
[2024-02-13T16:35:45.502+0000][6][gc,task     ] GC(10) Using 12 workers of 13 for evacuation
[2024-02-13T16:35:45.502+0000][6][gc,age      ] GC(10) Desired survivor size 20971520 bytes, new threshold 15 (max threshold 15)
[2024-02-13T16:35:45.516+0000][6][gc,age      ] GC(10) Age table with threshold 15 (max threshold 15)
[2024-02-13T16:35:45.516+0000][6][gc,age      ] GC(10) - age   1:   20565304 bytes,   20565304 total
[2024-02-13T16:35:45.516+0000][6][gc,age      ] GC(10) - age   2:     638256 bytes,   21203560 total
[2024-02-13T16:35:45.516+0000][6][gc,age      ] GC(10) - age   3:    1634416 bytes,   22837976 total
[2024-02-13T16:35:45.516+0000][6][gc,age      ] GC(10) - age   4:     607856 bytes,   23445832 total
[2024-02-13T16:35:45.516+0000][6][gc,age      ] GC(10) - age   5:    1455536 bytes,   24901368 total
[2024-02-13T16:35:45.516+0000][6][gc,age      ] GC(10) - age   6:    1613600 bytes,   26514968 total
[2024-02-13T16:35:45.516+0000][6][gc,age      ] GC(10) - age   7:    4510992 bytes,   31025960 total
[2024-02-13T16:35:45.516+0000][6][gc,age      ] GC(10) - age   8:    1190440 bytes,   32216400 total
[2024-02-13T16:35:45.516+0000][6][gc,age      ] GC(10) - age   9:    1977328 bytes,   34193728 total
[2024-02-13T16:35:45.516+0000][6][gc,phases   ] GC(10)   Pre Evacuate Collection Set: 0.1ms
[2024-02-13T16:35:45.516+0000][6][gc,phases   ] GC(10)   Merge Heap Roots: 0.1ms
[2024-02-13T16:35:45.516+0000][6][gc,phases   ] GC(10)   Evacuate Collection Set: 12.3ms
[2024-02-13T16:35:45.516+0000][6][gc,phases   ] GC(10)   Post Evacuate Collection Set: 0.8ms
[2024-02-13T16:35:45.516+0000][6][gc,phases   ] GC(10)   Other: 0.3ms
[2024-02-13T16:35:45.516+0000][6][gc,heap     ] GC(10) Eden regions: 72->0(67)
[2024-02-13T16:35:45.516+0000][6][gc,heap     ] GC(10) Survivor regions: 4->9(10)
[2024-02-13T16:35:45.516+0000][6][gc,heap     ] GC(10) Old regions: 2->2
[2024-02-13T16:35:45.516+0000][6][gc,heap     ] GC(10) Archive regions: 2->2
[2024-02-13T16:35:45.516+0000][6][gc,heap     ] GC(10) Humongous regions: 0->0
[2024-02-13T16:35:45.516+0000][6][gc,metaspace] GC(10) Metaspace: 29931K(31920K)->29931K(31920K) NonClass: 26210K(27568K)->26210K(27568K) Class: 3720K(4352K)->3720K(4352K)
[2024-02-13T16:35:45.516+0000][6][gc          ] GC(10) Pause Young (Normal) (G1 Evacuation Pause) 310M->41M(512M) 13.658ms
[2024-02-13T16:35:45.516+0000][6][gc,cpu      ] GC(10) User=0.09s Sys=0.00s Real=0.01s
[2024-02-13T16:35:45.516+0000][6][safepoint   ] Safepoint "G1CollectForAllocation", Time since last: 737150524 ns, Reaching safepoint: 116946 ns, At safepoint: 13731281 ns, Total: 13848227 ns
[2024-02-13T16:35:45.894+0000][6][safepoint   ] Safepoint "ICBufferFull", Time since last: 377785221 ns, Reaching safepoint: 185747 ns, At safepoint: 5392 ns, Total: 191139 ns
[2024-02-13T16:35:46.087+0000][6][gc,start    ] GC(11) Pause Young (Concurrent Start) (Metadata GC Threshold)
[2024-02-13T16:35:46.087+0000][6][gc,task     ] GC(11) Using 12 workers of 13 for evacuation
[2024-02-13T16:35:46.087+0000][6][gc,age      ] GC(11) Desired survivor size 20971520 bytes, new threshold 2 (max threshold 15)
[2024-02-13T16:35:46.106+0000][6][gc,age      ] GC(11) Age table with threshold 2 (max threshold 15)
[2024-02-13T16:35:46.106+0000][6][gc,age      ] GC(11) - age   1:   18276424 bytes,   18276424 total
[2024-02-13T16:35:46.106+0000][6][gc,age      ] GC(11) - age   2:   20121984 bytes,   38398408 total
[2024-02-13T16:35:46.106+0000][6][gc,phases   ] GC(11)   Pre Evacuate Collection Set: 0.1ms
[2024-02-13T16:35:46.106+0000][6][gc,phases   ] GC(11)   Merge Heap Roots: 0.1ms
[2024-02-13T16:35:46.106+0000][6][gc,phases   ] GC(11)   Evacuate Collection Set: 18.2ms
[2024-02-13T16:35:46.106+0000][6][gc,phases   ] GC(11)   Post Evacuate Collection Set: 0.7ms
[2024-02-13T16:35:46.106+0000][6][gc,phases   ] GC(11)   Other: 0.3ms
[2024-02-13T16:35:46.106+0000][6][gc,heap     ] GC(11) Eden regions: 32->0(66)
[2024-02-13T16:35:46.107+0000][6][gc,heap     ] GC(11) Survivor regions: 9->10(10)
[2024-02-13T16:35:46.107+0000][6][gc,heap     ] GC(11) Old regions: 2->5
[2024-02-13T16:35:46.107+0000][6][gc,heap     ] GC(11) Archive regions: 2->2
[2024-02-13T16:35:46.107+0000][6][gc,heap     ] GC(11) Humongous regions: 0->0
[2024-02-13T16:35:46.107+0000][6][gc,metaspace] GC(11) Metaspace: 33736K(35888K)->33736K(35888K) NonClass: 29389K(30896K)->29389K(30896K) Class: 4347K(4992K)->4347K(4992K)
[2024-02-13T16:35:46.107+0000][6][gc          ] GC(11) Pause Young (Concurrent Start) (Metadata GC Threshold) 169M->60M(512M) 19.392ms
[2024-02-13T16:35:46.107+0000][6][gc,cpu      ] GC(11) User=0.14s Sys=0.00s Real=0.01s
[2024-02-13T16:35:46.107+0000][6][gc          ] GC(12) Concurrent Cycle
[2024-02-13T16:35:46.107+0000][6][gc,marking  ] GC(12) Concurrent Clear Claimed Marks
[2024-02-13T16:35:46.107+0000][6][gc,marking  ] GC(12) Concurrent Clear Claimed Marks 0.062ms
[2024-02-13T16:35:46.107+0000][6][gc,marking  ] GC(12) Concurrent Scan Root Regions
[2024-02-13T16:35:46.107+0000][6][safepoint   ] Safepoint "CollectForMetadataAllocation", Time since last: 193127379 ns, Reaching safepoint: 98490 ns, At safepoint: 19620686 ns, Total: 19719176 ns
[2024-02-13T16:35:46.121+0000][6][gc,marking  ] GC(12) Concurrent Scan Root Regions 13.807ms
[2024-02-13T16:35:46.121+0000][6][gc,marking  ] GC(12) Concurrent Mark (5.242s)
[2024-02-13T16:35:46.121+0000][6][gc,marking  ] GC(12) Concurrent Mark From Roots
[2024-02-13T16:35:46.121+0000][6][gc,task     ] GC(12) Using 3 workers of 3 for marking
[2024-02-13T16:35:46.124+0000][6][gc,marking  ] GC(12) Concurrent Mark From Roots 3.344ms
[2024-02-13T16:35:46.124+0000][6][gc,marking  ] GC(12) Concurrent Preclean
[2024-02-13T16:35:46.125+0000][6][gc,marking  ] GC(12) Concurrent Preclean 0.340ms
[2024-02-13T16:35:46.125+0000][6][gc,marking  ] GC(12) Concurrent Mark (5.242s, 5.245s) 3.789ms
[2024-02-13T16:35:46.125+0000][6][gc,start    ] GC(12) Pause Remark
[2024-02-13T16:35:46.127+0000][6][gc          ] GC(12) Pause Remark 62M->62M(512M) 1.737ms
[2024-02-13T16:35:46.127+0000][6][gc,cpu      ] GC(12) User=0.02s Sys=0.00s Real=0.01s
[2024-02-13T16:35:46.127+0000][6][safepoint   ] Safepoint "G1Concurrent", Time since last: 17798762 ns, Reaching safepoint: 246346 ns, At safepoint: 1830378 ns, Total: 2076724 ns
[2024-02-13T16:35:46.127+0000][6][gc,marking  ] GC(12) Concurrent Rebuild Remembered Sets
[2024-02-13T16:35:46.131+0000][6][gc,marking  ] GC(12) Concurrent Rebuild Remembered Sets 4.837ms
[2024-02-13T16:35:46.132+0000][6][gc,start    ] GC(12) Pause Cleanup
[2024-02-13T16:35:46.132+0000][6][gc          ] GC(12) Pause Cleanup 62M->62M(512M) 0.129ms
[2024-02-13T16:35:46.132+0000][6][gc,cpu      ] GC(12) User=0.00s Sys=0.00s Real=0.00s
[2024-02-13T16:35:46.132+0000][6][safepoint   ] Safepoint "G1Concurrent", Time since last: 4921077 ns, Reaching safepoint: 331843 ns, At safepoint: 190475 ns, Total: 522318 ns
[2024-02-13T16:35:46.132+0000][6][gc,marking  ] GC(12) Concurrent Cleanup for Next Mark
[2024-02-13T16:35:46.133+0000][6][gc,marking  ] GC(12) Concurrent Cleanup for Next Mark 0.607ms
[2024-02-13T16:35:46.133+0000][6][gc          ] GC(12) Concurrent Cycle 26.015ms
[2024-02-13T16:35:46.666+0000][6][safepoint   ] Safepoint "ICBufferFull", Time since last: 534023383 ns, Reaching safepoint: 128955 ns, At safepoint: 2828 ns, Total: 131783 ns
[2024-02-13T16:35:47.225+0000][6][safepoint   ] Safepoint "ICBufferFull", Time since last: 558295741 ns, Reaching safepoint: 158571 ns, At safepoint: 3934 ns, Total: 162505 ns
[2024-02-13T16:35:47.261+0000][6][safepoint   ] Safepoint "ICBufferFull", Time since last: 35680395 ns, Reaching safepoint: 154019 ns, At safepoint: 4594 ns, Total: 158613 ns
[2024-02-13T16:35:47.311+0000][6][gc,start    ] GC(13) Pause Young (Normal) (G1 Evacuation Pause)
[2024-02-13T16:35:47.311+0000][6][gc,task     ] GC(13) Using 12 workers of 13 for evacuation
[2024-02-13T16:35:47.311+0000][6][gc,age      ] GC(13) Desired survivor size 20971520 bytes, new threshold 2 (max threshold 15)
[2024-02-13T16:35:47.327+0000][6][gc,age      ] GC(13) Age table with threshold 2 (max threshold 15)
[2024-02-13T16:35:47.327+0000][6][gc,age      ] GC(13) - age   1:    6513640 bytes,    6513640 total
[2024-02-13T16:35:47.327+0000][6][gc,age      ] GC(13) - age   2:   18194888 bytes,   24708528 total
[2024-02-13T16:35:47.327+0000][6][gc,phases   ] GC(13)   Pre Evacuate Collection Set: 0.1ms
[2024-02-13T16:35:47.327+0000][6][gc,phases   ] GC(13)   Merge Heap Roots: 0.1ms
[2024-02-13T16:35:47.327+0000][6][gc,phases   ] GC(13)   Evacuate Collection Set: 14.9ms
[2024-02-13T16:35:47.327+0000][6][gc,phases   ] GC(13)   Post Evacuate Collection Set: 0.7ms
[2024-02-13T16:35:47.327+0000][6][gc,phases   ] GC(13)   Other: 0.3ms
[2024-02-13T16:35:47.327+0000][6][gc,heap     ] GC(13) Eden regions: 66->0(69)
[2024-02-13T16:35:47.327+0000][6][gc,heap     ] GC(13) Survivor regions: 10->7(10)
[2024-02-13T16:35:47.327+0000][6][gc,heap     ] GC(13) Old regions: 5->10
[2024-02-13T16:35:47.327+0000][6][gc,heap     ] GC(13) Archive regions: 2->2
[2024-02-13T16:35:47.327+0000][6][gc,heap     ] GC(13) Humongous regions: 0->0
[2024-02-13T16:35:47.327+0000][6][gc,metaspace] GC(13) Metaspace: 51816K(54832K)->51816K(54832K) NonClass: 44906K(47024K)->44906K(47024K) Class: 6910K(7808K)->6910K(7808K)
[2024-02-13T16:35:47.327+0000][6][gc          ] GC(13) Pause Young (Normal) (G1 Evacuation Pause) 324M->67M(512M) 16.168ms
[2024-02-13T16:35:47.327+0000][6][gc,cpu      ] GC(13) User=0.16s Sys=0.00s Real=0.02s
[2024-02-13T16:35:47.327+0000][6][safepoint   ] Safepoint "G1CollectForAllocation", Time since last: 50380300 ns, Reaching safepoint: 114161 ns, At safepoint: 16256400 ns, Total: 16370561 ns
[2024-02-13T16:35:47.635+0000][6][gc,start    ] GC(14) Pause Young (Concurrent Start) (Metadata GC Threshold)
[2024-02-13T16:35:47.635+0000][6][gc,task     ] GC(14) Using 12 workers of 13 for evacuation
[2024-02-13T16:35:47.635+0000][6][gc,age      ] GC(14) Desired survivor size 20971520 bytes, new threshold 2 (max threshold 15)
[2024-02-13T16:35:47.643+0000][6][gc,age      ] GC(14) Age table with threshold 2 (max threshold 15)
[2024-02-13T16:35:47.643+0000][6][gc,age      ] GC(14) - age   1:    2470288 bytes,    2470288 total
[2024-02-13T16:35:47.643+0000][6][gc,age      ] GC(14) - age   2:    6318200 bytes,    8788488 total
[2024-02-13T16:35:47.643+0000][6][gc,phases   ] GC(14)   Pre Evacuate Collection Set: 0.1ms
[2024-02-13T16:35:47.643+0000][6][gc,phases   ] GC(14)   Merge Heap Roots: 0.1ms
[2024-02-13T16:35:47.643+0000][6][gc,phases   ] GC(14)   Evacuate Collection Set: 7.2ms
[2024-02-13T16:35:47.643+0000][6][gc,phases   ] GC(14)   Post Evacuate Collection Set: 0.6ms
[2024-02-13T16:35:47.643+0000][6][gc,phases   ] GC(14)   Other: 0.3ms
[2024-02-13T16:35:47.643+0000][6][gc,heap     ] GC(14) Eden regions: 13->0(73)
[2024-02-13T16:35:47.643+0000][6][gc,heap     ] GC(14) Survivor regions: 7->3(10)
[2024-02-13T16:35:47.643+0000][6][gc,heap     ] GC(14) Old regions: 10->14
[2024-02-13T16:35:47.643+0000][6][gc,heap     ] GC(14) Archive regions: 2->2
[2024-02-13T16:35:47.643+0000][6][gc,heap     ] GC(14) Humongous regions: 0->0
[2024-02-13T16:35:47.643+0000][6][gc,metaspace] GC(14) Metaspace: 57074K(60240K)->57074K(60240K) NonClass: 49611K(51792K)->49611K(51792K) Class: 7462K(8448K)->7462K(8448K)
[2024-02-13T16:35:47.643+0000][6][gc          ] GC(14) Pause Young (Concurrent Start) (Metadata GC Threshold) 119M->70M(512M) 8.391ms
[2024-02-13T16:35:47.643+0000][6][gc,cpu      ] GC(14) User=0.07s Sys=0.01s Real=0.01s
[2024-02-13T16:35:47.643+0000][6][safepoint   ] Safepoint "CollectForMetadataAllocation", Time since last: 307220859 ns, Reaching safepoint: 175822 ns, At safepoint: 8593038 ns, Total: 8768860 ns
[2024-02-13T16:35:47.643+0000][6][gc          ] GC(15) Concurrent Cycle
[2024-02-13T16:35:47.643+0000][6][gc,marking  ] GC(15) Concurrent Clear Claimed Marks
[2024-02-13T16:35:47.643+0000][6][gc,marking  ] GC(15) Concurrent Clear Claimed Marks 0.045ms
[2024-02-13T16:35:47.643+0000][6][gc,marking  ] GC(15) Concurrent Scan Root Regions
[2024-02-13T16:35:47.650+0000][6][safepoint   ] Safepoint "CollectForMetadataAllocation", Time since last: 6945030 ns, Reaching safepoint: 51474 ns, At safepoint: 122903 ns, Total: 174377 ns
[2024-02-13T16:35:47.652+0000][6][gc,marking  ] GC(15) Concurrent Scan Root Regions 8.155ms
[2024-02-13T16:35:47.652+0000][6][gc,marking  ] GC(15) Concurrent Mark (6.772s)
[2024-02-13T16:35:47.652+0000][6][gc,marking  ] GC(15) Concurrent Mark From Roots
[2024-02-13T16:35:47.652+0000][6][gc,task     ] GC(15) Using 3 workers of 3 for marking
[2024-02-13T16:35:47.677+0000][6][gc,marking  ] GC(15) Concurrent Mark From Roots 25.883ms
[2024-02-13T16:35:47.678+0000][6][gc,marking  ] GC(15) Concurrent Preclean
[2024-02-13T16:35:47.678+0000][6][gc,marking  ] GC(15) Concurrent Preclean 0.312ms
[2024-02-13T16:35:47.678+0000][6][gc,marking  ] GC(15) Concurrent Mark (6.772s, 6.799s) 26.319ms
[2024-02-13T16:35:47.678+0000][6][gc,start    ] GC(15) Pause Remark
[2024-02-13T16:35:47.680+0000][6][gc          ] GC(15) Pause Remark 76M->76M(512M) 1.529ms
[2024-02-13T16:35:47.680+0000][6][gc,cpu      ] GC(15) User=0.01s Sys=0.00s Real=0.00s
[2024-02-13T16:35:47.680+0000][6][safepoint   ] Safepoint "G1Concurrent", Time since last: 27541014 ns, Reaching safepoint: 106628 ns, At safepoint: 1622740 ns, Total: 1729368 ns
[2024-02-13T16:35:47.680+0000][6][gc,marking  ] GC(15) Concurrent Rebuild Remembered Sets
[2024-02-13T16:35:47.706+0000][6][gc,marking  ] GC(15) Concurrent Rebuild Remembered Sets 26.248ms
[2024-02-13T16:35:47.707+0000][6][gc,start    ] GC(15) Pause Cleanup
[2024-02-13T16:35:47.707+0000][6][gc          ] GC(15) Pause Cleanup 78M->78M(512M) 0.148ms
[2024-02-13T16:35:47.707+0000][6][gc,cpu      ] GC(15) User=0.00s Sys=0.00s Real=0.00s
[2024-02-13T16:35:47.707+0000][6][safepoint   ] Safepoint "G1Concurrent", Time since last: 26374315 ns, Reaching safepoint: 589693 ns, At safepoint: 205412 ns, Total: 795105 ns
[2024-02-13T16:35:47.707+0000][6][gc,marking  ] GC(15) Concurrent Cleanup for Next Mark
[2024-02-13T16:35:47.708+0000][6][gc,marking  ] GC(15) Concurrent Cleanup for Next Mark 0.775ms
[2024-02-13T16:35:47.708+0000][6][gc          ] GC(15) Concurrent Cycle 64.497ms
[2024-02-13T16:35:48.608+0000][6][safepoint   ] Safepoint "ICBufferFull", Time since last: 900359285 ns, Reaching safepoint: 909470 ns, At safepoint: 7450 ns, Total: 916920 ns
[2024-02-13T16:35:49.087+0000][6][safepoint   ] Safepoint "ICBufferFull", Time since last: 478375489 ns, Reaching safepoint: 179357 ns, At safepoint: 3401 ns, Total: 182758 ns
[2024-02-13T16:35:49.291+0000][6][safepoint   ] Safepoint "ICBufferFull", Time since last: 204405182 ns, Reaching safepoint: 189295 ns, At safepoint: 8760 ns, Total: 198055 ns
[2024-02-13T16:35:49.461+0000][6][safepoint   ] Safepoint "ICBufferFull", Time since last: 169952748 ns, Reaching safepoint: 165190 ns, At safepoint: 3822 ns, Total: 169012 ns
[2024-02-13T16:35:49.734+0000][6][safepoint   ] Safepoint "ICBufferFull", Time since last: 272109049 ns, Reaching safepoint: 194502 ns, At safepoint: 25079 ns, Total: 219581 ns
[2024-02-13T16:35:49.889+0000][6][safepoint   ] Safepoint "ICBufferFull", Time since last: 155010259 ns, Reaching safepoint: 152778 ns, At safepoint: 4206 ns, Total: 156984 ns
[2024-02-13T16:35:50.889+0000][6][safepoint   ] Safepoint "Cleanup", Time since last: 1000181070 ns, Reaching safepoint: 80569 ns, At safepoint: 3299 ns, Total: 83868 ns
[2024-02-13T16:35:53.890+0000][6][safepoint   ] Safepoint "Cleanup", Time since last: 3000257155 ns, Reaching safepoint: 103828 ns, At safepoint: 3200 ns, Total: 107028 ns
[2024-02-13T16:35:56.890+0000][6][safepoint   ] Safepoint "Cleanup", Time since last: 3000250165 ns, Reaching safepoint: 99074 ns, At safepoint: 3529 ns, Total: 102603 ns
[2024-02-13T16:35:58.890+0000][6][safepoint   ] Safepoint "Cleanup", Time since last: 2000197239 ns, Reaching safepoint: 56892 ns, At safepoint: 4080 ns, Total: 60972 ns
[2024-02-13T16:35:59.890+0000][6][safepoint   ] Safepoint "Cleanup", Time since last: 1000134504 ns, Reaching safepoint: 63883 ns, At safepoint: 4980 ns, Total: 68863 ns
[2024-02-13T16:36:00.891+0000][6][safepoint   ] Safepoint "Cleanup", Time since last: 1000137180 ns, Reaching safepoint: 65413 ns, At safepoint: 3531 ns, Total: 68944 ns
[2024-02-13T16:36:01.891+0000][6][safepoint   ] Safepoint "Cleanup", Time since last: 1000147792 ns, Reaching safepoint: 55430 ns, At safepoint: 4143 ns, Total: 59573 ns
[2024-02-13T16:36:07.891+0000][6][safepoint   ] Safepoint "Cleanup", Time since last: 6000439580 ns, Reaching safepoint: 67337 ns, At safepoint: 3181 ns, Total: 70518 ns
[2024-02-13T16:36:17.892+0000][6][safepoint   ] Safepoint "Cleanup", Time since last: 10000681004 ns, Reaching safepoint: 84976 ns, At safepoint: 3572 ns, Total: 88548 ns
[2024-02-13T16:36:18.892+0000][6][safepoint   ] Safepoint "Cleanup", Time since last: 1000131182 ns, Reaching safepoint: 63522 ns, At safepoint: 3484 ns, Total: 67006 ns
[2024-02-13T16:36:19.892+0000][6][safepoint   ] Safepoint "Cleanup", Time since last: 1000090071 ns, Reaching safepoint: 74252 ns, At safepoint: 2261 ns, Total: 76513 ns
[2024-02-13T16:36:28.893+0000][6][safepoint   ] Safepoint "Cleanup", Time since last: 9000695955 ns, Reaching safepoint: 62441 ns, At safepoint: 4709 ns, Total: 67150 ns
[2024-02-13T16:36:31.893+0000][6][safepoint   ] Safepoint "Cleanup", Time since last: 3000261722 ns, Reaching safepoint: 69011 ns, At safepoint: 3413 ns, Total: 72424 ns
[2024-02-13T16:36:32.894+0000][6][safepoint   ] Safepoint "Cleanup", Time since last: 1000113267 ns, Reaching safepoint: 63966 ns, At safepoint: 3329 ns, Total: 67295 ns
[2024-02-13T16:36:33.894+0000][6][safepoint   ] Safepoint "Cleanup", Time since last: 1000147652 ns, Reaching safepoint: 65942 ns, At safepoint: 3273 ns, Total: 69215 ns
[2024-02-13T16:36:38.894+0000][6][safepoint   ] Safepoint "Cleanup", Time since last: 5000378331 ns, Reaching safepoint: 64461 ns, At safepoint: 3105 ns, Total: 67566 ns
[2024-02-13T16:36:42.895+0000][6][safepoint   ] Safepoint "Cleanup", Time since last: 4000268956 ns, Reaching safepoint: 65866 ns, At safepoint: 3576 ns, Total: 69442 ns
[2024-02-13T16:36:44.895+0000][6][safepoint   ] Safepoint "Cleanup", Time since last: 2000200980 ns, Reaching safepoint: 63592 ns, At safepoint: 3409 ns, Total: 67001 ns
[2024-02-13T16:36:45.895+0000][6][safepoint   ] Safepoint "Cleanup", Time since last: 1000146839 ns, Reaching safepoint: 75744 ns, At safepoint: 3282 ns, Total: 79026 ns
[2024-02-13T16:36:47.895+0000][6][safepoint   ] Safepoint "Cleanup", Time since last: 2000191886 ns, Reaching safepoint: 64482 ns, At safepoint: 3228 ns, Total: 67710 ns
[2024-02-13T16:36:48.896+0000][6][safepoint   ] Safepoint "Cleanup", Time since last: 1000137270 ns, Reaching safepoint: 70740 ns, At safepoint: 3572 ns, Total: 74312 ns
[2024-02-13T16:36:49.896+0000][6][safepoint   ] Safepoint "Cleanup", Time since last: 1000135174 ns, Reaching safepoint: 73308 ns, At safepoint: 3397 ns, Total: 76705 ns
[2024-02-13T16:36:52.896+0000][6][safepoint   ] Safepoint "Cleanup", Time since last: 3000252981 ns, Reaching safepoint: 67464 ns, At safepoint: 3645 ns, Total: 71109 ns
[2024-02-13T16:36:54.896+0000][6][safepoint   ] Safepoint "Cleanup", Time since last: 2000196293 ns, Reaching safepoint: 67004 ns, At safepoint: 2988 ns, Total: 69992 ns
[2024-02-13T16:37:07.897+0000][6][safepoint   ] Safepoint "Cleanup", Time since last: 13000852405 ns, Reaching safepoint: 69155 ns, At safepoint: 3408 ns, Total: 72563 ns
[2024-02-13T16:37:14.898+0000][6][safepoint   ] Safepoint "Cleanup", Time since last: 7000476220 ns, Reaching safepoint: 62188 ns, At safepoint: 3857 ns, Total: 66045 ns
[2024-02-13T16:37:19.898+0000][6][safepoint   ] Safepoint "Cleanup", Time since last: 5000365851 ns, Reaching safepoint: 68305 ns, At safepoint: 3153 ns, Total: 71458 ns
[2024-02-13T16:37:24.378+0000][6][safepoint   ] Safepoint "Cleanup", Time since last: 4479611677 ns, Reaching safepoint: 60648 ns, At safepoint: 3497 ns, Total: 64145 ns
[2024-02-13T16:37:25.788+0000][6][safepoint   ] Safepoint "Cleanup", Time since last: 1409412447 ns, Reaching safepoint: 184914 ns, At safepoint: 3237 ns, Total: 188151 ns
[2024-02-13T16:37:26.788+0000][6][safepoint   ] Safepoint "Cleanup", Time since last: 1000138669 ns, Reaching safepoint: 78394 ns, At safepoint: 3396 ns, Total: 81790 ns
[2024-02-13T16:37:32.788+0000][6][safepoint   ] Safepoint "Cleanup", Time since last: 6000437947 ns, Reaching safepoint: 84313 ns, At safepoint: 4086 ns, Total: 88399 ns
[2024-02-13T16:37:36.789+0000][6][safepoint   ] Safepoint "Cleanup", Time since last: 4000319727 ns, Reaching safepoint: 106376 ns, At safepoint: 3265 ns, Total: 109641 ns
[2024-02-13T16:37:42.789+0000][6][safepoint   ] Safepoint "Cleanup", Time since last: 6000436444 ns, Reaching safepoint: 74206 ns, At safepoint: 3576 ns, Total: 77782 ns
[2024-02-13T16:37:49.790+0000][6][safepoint   ] Safepoint "Cleanup", Time since last: 7000429353 ns, Reaching safepoint: 74404 ns, At safepoint: 2576 ns, Total: 76980 ns
[2024-02-13T16:37:55.790+0000][6][safepoint   ] Safepoint "Cleanup", Time since last: 6000523776 ns, Reaching safepoint: 95596 ns, At safepoint: 3224 ns, Total: 98820 ns
[2024-02-13T16:37:56.791+0000][6][safepoint   ] Safepoint "Cleanup", Time since last: 1000136642 ns, Reaching safepoint: 89529 ns, At safepoint: 8184 ns, Total: 97713 ns
[2024-02-13T16:38:13.792+0000][6][safepoint   ] Safepoint "Cleanup", Time since last: 17001058837 ns, Reaching safepoint: 70965 ns, At safepoint: 3594 ns, Total: 74559 ns
[2024-02-13T16:38:19.792+0000][6][safepoint   ] Safepoint "Cleanup", Time since last: 6000390373 ns, Reaching safepoint: 67015 ns, At safepoint: 2388 ns, Total: 69403 ns
[2024-02-13T16:38:26.793+0000][6][safepoint   ] Safepoint "Cleanup", Time since last: 7000579513 ns, Reaching safepoint: 77201 ns, At safepoint: 4016 ns, Total: 81217 ns
[2024-02-13T16:38:43.794+0000][6][safepoint   ] Safepoint "Cleanup", Time since last: 17001084746 ns, Reaching safepoint: 74293 ns, At safepoint: 3798 ns, Total: 78091 ns
[2024-02-13T16:38:46.330+0000][6][gc,start    ] GC(16) Pause Young (Concurrent Start) (G1 Evacuation Pause)
[2024-02-13T16:38:46.330+0000][6][gc,task     ] GC(16) Using 12 workers of 13 for evacuation
[2024-02-13T16:38:46.330+0000][6][gc,age      ] GC(16) Desired survivor size 20971520 bytes, new threshold 15 (max threshold 15)
[2024-02-13T16:38:46.339+0000][6][gc,age      ] GC(16) Age table with threshold 15 (max threshold 15)
[2024-02-13T16:38:46.339+0000][6][gc,age      ] GC(16) - age   1:   14418808 bytes,   14418808 total
[2024-02-13T16:38:46.339+0000][6][gc,age      ] GC(16) - age   2:    2365568 bytes,   16784376 total
[2024-02-13T16:38:46.339+0000][6][gc,age      ] GC(16) - age   3:    6163232 bytes,   22947608 total
[2024-02-13T16:38:46.340+0000][6][gc,phases   ] GC(16)   Pre Evacuate Collection Set: 0.3ms
[2024-02-13T16:38:46.340+0000][6][gc,phases   ] GC(16)   Merge Heap Roots: 0.1ms
[2024-02-13T16:38:46.340+0000][6][gc,phases   ] GC(16)   Evacuate Collection Set: 8.2ms
[2024-02-13T16:38:46.340+0000][6][gc,phases   ] GC(16)   Post Evacuate Collection Set: 1.0ms
[2024-02-13T16:38:46.340+0000][6][gc,phases   ] GC(16)   Other: 0.3ms
[2024-02-13T16:38:46.340+0000][6][gc,heap     ] GC(16) Eden regions: 73->0(70)
[2024-02-13T16:38:46.340+0000][6][gc,heap     ] GC(16) Survivor regions: 3->6(10)
[2024-02-13T16:38:46.340+0000][6][gc,heap     ] GC(16) Old regions: 14->14
[2024-02-13T16:38:46.340+0000][6][gc,heap     ] GC(16) Archive regions: 2->2
[2024-02-13T16:38:46.340+0000][6][gc,heap     ] GC(16) Humongous regions: 2->2
[2024-02-13T16:38:46.340+0000][6][gc,metaspace] GC(16) Metaspace: 93681K(98128K)->93681K(98128K) NonClass: 81054K(84304K)->81054K(84304K) Class: 12626K(13824K)->12626K(13824K)
[2024-02-13T16:38:46.340+0000][6][gc          ] GC(16) Pause Young (Concurrent Start) (G1 Evacuation Pause) 370M->89M(512M) 10.063ms
[2024-02-13T16:38:46.340+0000][6][gc,cpu      ] GC(16) User=0.09s Sys=0.00s Real=0.01s
[2024-02-13T16:38:46.340+0000][6][safepoint   ] Safepoint "G1CollectForAllocation", Time since last: 2535435855 ns, Reaching safepoint: 64604 ns, At safepoint: 10152232 ns, Total: 10216836 ns
[2024-02-13T16:38:46.340+0000][6][gc          ] GC(17) Concurrent Cycle
[2024-02-13T16:38:46.340+0000][6][gc,marking  ] GC(17) Concurrent Clear Claimed Marks
[2024-02-13T16:38:46.340+0000][6][gc,marking  ] GC(17) Concurrent Clear Claimed Marks 0.071ms
[2024-02-13T16:38:46.340+0000][6][gc,marking  ] GC(17) Concurrent Scan Root Regions
[2024-02-13T16:38:46.346+0000][6][gc,marking  ] GC(17) Concurrent Scan Root Regions 5.724ms
[2024-02-13T16:38:46.346+0000][6][gc,marking  ] GC(17) Concurrent Mark (185.466s)
[2024-02-13T16:38:46.346+0000][6][gc,marking  ] GC(17) Concurrent Mark From Roots
[2024-02-13T16:38:46.346+0000][6][gc,task     ] GC(17) Using 3 workers of 3 for marking
[2024-02-13T16:38:46.373+0000][6][gc,marking  ] GC(17) Concurrent Mark From Roots 27.719ms
[2024-02-13T16:38:46.373+0000][6][gc,marking  ] GC(17) Concurrent Preclean
[2024-02-13T16:38:46.374+0000][6][gc,marking  ] GC(17) Concurrent Preclean 0.368ms
[2024-02-13T16:38:46.374+0000][6][gc,marking  ] GC(17) Concurrent Mark (185.466s, 185.495s) 28.199ms
[2024-02-13T16:38:46.374+0000][6][gc,start    ] GC(17) Pause Remark
[2024-02-13T16:38:46.376+0000][6][gc          ] GC(17) Pause Remark 115M->115M(512M) 1.657ms
[2024-02-13T16:38:46.376+0000][6][gc,cpu      ] GC(17) User=0.02s Sys=0.00s Real=0.00s
[2024-02-13T16:38:46.376+0000][6][safepoint   ] Safepoint "G1Concurrent", Time since last: 34135021 ns, Reaching safepoint: 100060 ns, At safepoint: 1731262 ns, Total: 1831322 ns
[2024-02-13T16:38:46.376+0000][6][gc,marking  ] GC(17) Concurrent Rebuild Remembered Sets
[2024-02-13T16:38:46.398+0000][6][gc,marking  ] GC(17) Concurrent Rebuild Remembered Sets 22.280ms
[2024-02-13T16:38:46.398+0000][6][gc,start    ] GC(17) Pause Cleanup
[2024-02-13T16:38:46.399+0000][6][gc          ] GC(17) Pause Cleanup 115M->115M(512M) 0.153ms
[2024-02-13T16:38:46.399+0000][6][gc,cpu      ] GC(17) User=0.00s Sys=0.00s Real=0.00s
[2024-02-13T16:38:46.399+0000][6][safepoint   ] Safepoint "G1Concurrent", Time since last: 22483648 ns, Reaching safepoint: 291043 ns, At safepoint: 224200 ns, Total: 515243 ns
[2024-02-13T16:38:46.399+0000][6][gc,marking  ] GC(17) Concurrent Cleanup for Next Mark
[2024-02-13T16:38:46.399+0000][6][gc,marking  ] GC(17) Concurrent Cleanup for Next Mark 0.580ms
[2024-02-13T16:38:46.399+0000][6][gc          ] GC(17) Concurrent Cycle 59.584ms
[2024-02-13T16:38:46.400+0000][6][gc,heap,exit] Heap
[2024-02-13T16:38:46.400+0000][6][gc,heap,exit]  garbage-first heap   total 524288K, used 116611K [0x00000000e0000000, 0x0000000100000000)
[2024-02-13T16:38:46.400+0000][6][gc,heap,exit]   region size 4096K, 13 young (53248K), 6 survivors (24576K)
[2024-02-13T16:38:46.400+0000][6][gc,heap,exit]  Metaspace       used 93827K, capacity 97223K, committed 98128K, reserved 1134592K
[2024-02-13T16:38:46.400+0000][6][gc,heap,exit]   class space    used 12655K, capacity 13719K, committed 13824K, reserved 1048576K
