[2024-02-10T17:30:52.200+0000][6][gc] Using G1
[2024-02-10T17:30:52.410+0000][6][gc,init] Version: 15.0.1+9 (release)
[2024-02-10T17:30:52.410+0000][6][gc,init] CPUs: 16 total, 16 available
[2024-02-10T17:30:52.410+0000][6][gc,init] Memory: 63240M
[2024-02-10T17:30:52.410+0000][6][gc,init] Large Page Support: Disabled
[2024-02-10T17:30:52.410+0000][6][gc,init] NUMA Support: Disabled
[2024-02-10T17:30:52.410+0000][6][gc,init] Compressed Oops: Enabled (32-bit)
[2024-02-10T17:30:52.410+0000][6][gc,init] Heap Region Size: 4M
[2024-02-10T17:30:52.410+0000][6][gc,init] Heap Min Capacity: 512M
[2024-02-10T17:30:52.410+0000][6][gc,init] Heap Initial Capacity: 512M
[2024-02-10T17:30:52.410+0000][6][gc,init] Heap Max Capacity: 512M
[2024-02-10T17:30:52.410+0000][6][gc,init] Pre-touch: Enabled
[2024-02-10T17:30:52.410+0000][6][gc,init] Parallel Workers: 13
[2024-02-10T17:30:52.410+0000][6][gc,init] Concurrent Workers: 3
[2024-02-10T17:30:52.410+0000][6][gc,init] Concurrent Refinement Workers: 13
[2024-02-10T17:30:52.410+0000][6][gc,init] Periodic GC: Disabled
[2024-02-10T17:30:52.410+0000][6][gc,cds ] Mark closed archive regions in map: [0x00000000ffc00000, 0x00000000ffc7bff8]
[2024-02-10T17:30:52.410+0000][6][gc,cds ] Mark open archive regions in map: [0x00000000ffb00000, 0x00000000ffb51ff8]
[2024-02-10T17:30:52.410+0000][6][gc,metaspace] CDS archive(s) mapped at: [0x0000000800000000-0x0000000800b2a000-0x0000000800b2a000), size 11706368, SharedBaseAddress: 0x0000000800000000, ArchiveRelocationMode: 0.
[2024-02-10T17:30:52.410+0000][6][gc,metaspace] Compressed class space mapped at: 0x0000000800b2c000-0x0000000840b2c000, size: 1073741824
[2024-02-10T17:30:52.410+0000][6][gc,metaspace] Narrow klass base: 0x0000000800000000, Narrow klass shift: 3, Narrow klass range: 0x100000000
[2024-02-10T17:30:52.655+0000][6][safepoint   ] Safepoint "ICBufferFull", Time since last: 236130127 ns, Reaching safepoint: 127870 ns, At safepoint: 5247 ns, Total: 133117 ns
[2024-02-10T17:30:52.814+0000][6][gc,start    ] GC(0) Pause Young (Normal) (G1 Evacuation Pause)
[2024-02-10T17:30:52.815+0000][6][gc,task     ] GC(0) Using 12 workers of 13 for evacuation
[2024-02-10T17:30:52.815+0000][6][gc,age      ] GC(0) Desired survivor size 2097152 bytes, new threshold 15 (max threshold 15)
[2024-02-10T17:30:52.817+0000][6][gc,age      ] GC(0) Age table with threshold 15 (max threshold 15)
[2024-02-10T17:30:52.817+0000][6][gc,age      ] GC(0) - age   1:    4166608 bytes,    4166608 total
[2024-02-10T17:30:52.817+0000][6][gc,phases   ] GC(0)   Pre Evacuate Collection Set: 0.1ms
[2024-02-10T17:30:52.817+0000][6][gc,phases   ] GC(0)   Merge Heap Roots: 0.0ms
[2024-02-10T17:30:52.817+0000][6][gc,phases   ] GC(0)   Evacuate Collection Set: 2.0ms
[2024-02-10T17:30:52.817+0000][6][gc,phases   ] GC(0)   Post Evacuate Collection Set: 0.3ms
[2024-02-10T17:30:52.817+0000][6][gc,phases   ] GC(0)   Other: 1.0ms
[2024-02-10T17:30:52.817+0000][6][gc,heap     ] GC(0) Eden regions: 6->0(6)
[2024-02-10T17:30:52.817+0000][6][gc,heap     ] GC(0) Survivor regions: 0->1(1)
[2024-02-10T17:30:52.817+0000][6][gc,heap     ] GC(0) Old regions: 0->1
[2024-02-10T17:30:52.818+0000][6][gc,heap     ] GC(0) Archive regions: 2->2
[2024-02-10T17:30:52.818+0000][6][gc,heap     ] GC(0) Humongous regions: 0->0
[2024-02-10T17:30:52.818+0000][6][gc,metaspace] GC(0) Metaspace: 8131K(9216K)->8131K(9216K) NonClass: 7231K(8192K)->7231K(8192K) Class: 899K(1024K)->899K(1024K)
[2024-02-10T17:30:52.818+0000][6][gc          ] GC(0) Pause Young (Normal) (G1 Evacuation Pause) 27M->7M(512M) 3.547ms
[2024-02-10T17:30:52.818+0000][6][gc,cpu      ] GC(0) User=0.02s Sys=0.00s Real=0.01s
[2024-02-10T17:30:52.818+0000][6][safepoint   ] Safepoint "G1CollectForAllocation", Time since last: 159118611 ns, Reaching safepoint: 125283 ns, At safepoint: 3644157 ns, Total: 3769440 ns
[2024-02-10T17:30:53.277+0000][6][gc,start    ] GC(1) Pause Young (Normal) (G1 Evacuation Pause)
[2024-02-10T17:30:53.277+0000][6][gc,task     ] GC(1) Using 12 workers of 13 for evacuation
[2024-02-10T17:30:53.277+0000][6][gc,age      ] GC(1) Desired survivor size 2097152 bytes, new threshold 1 (max threshold 15)
[2024-02-10T17:30:53.280+0000][6][gc,age      ] GC(1) Age table with threshold 1 (max threshold 15)
[2024-02-10T17:30:53.280+0000][6][gc,age      ] GC(1) - age   1:    2029952 bytes,    2029952 total
[2024-02-10T17:30:53.280+0000][6][gc,phases   ] GC(1)   Pre Evacuate Collection Set: 0.1ms
[2024-02-10T17:30:53.280+0000][6][gc,phases   ] GC(1)   Merge Heap Roots: 0.0ms
[2024-02-10T17:30:53.280+0000][6][gc,phases   ] GC(1)   Evacuate Collection Set: 2.5ms
[2024-02-10T17:30:53.280+0000][6][gc,phases   ] GC(1)   Post Evacuate Collection Set: 0.3ms
[2024-02-10T17:30:53.280+0000][6][gc,phases   ] GC(1)   Other: 0.2ms
[2024-02-10T17:30:53.280+0000][6][gc,heap     ] GC(1) Eden regions: 6->0(13)
[2024-02-10T17:30:53.280+0000][6][gc,heap     ] GC(1) Survivor regions: 1->1(1)
[2024-02-10T17:30:53.280+0000][6][gc,heap     ] GC(1) Old regions: 1->2
[2024-02-10T17:30:53.280+0000][6][gc,heap     ] GC(1) Archive regions: 2->2
[2024-02-10T17:30:53.280+0000][6][gc,heap     ] GC(1) Humongous regions: 0->0
[2024-02-10T17:30:53.280+0000][6][gc,metaspace] GC(1) Metaspace: 12305K(12672K)->12305K(12672K) NonClass: 10855K(11008K)->10855K(11008K) Class: 1449K(1664K)->1449K(1664K)
[2024-02-10T17:30:53.280+0000][6][gc          ] GC(1) Pause Young (Normal) (G1 Evacuation Pause) 31M->9M(512M) 3.106ms
[2024-02-10T17:30:53.280+0000][6][gc,cpu      ] GC(1) User=0.02s Sys=0.00s Real=0.00s
[2024-02-10T17:30:53.280+0000][6][safepoint   ] Safepoint "G1CollectForAllocation", Time since last: 459446937 ns, Reaching safepoint: 171047 ns, At safepoint: 3158711 ns, Total: 3329758 ns
[2024-02-10T17:30:53.680+0000][6][safepoint   ] Safepoint "ICBufferFull", Time since last: 399866427 ns, Reaching safepoint: 135718 ns, At safepoint: 4187 ns, Total: 139905 ns
[2024-02-10T17:30:53.743+0000][6][gc,start    ] GC(2) Pause Young (Normal) (G1 Evacuation Pause)
[2024-02-10T17:30:53.743+0000][6][gc,task     ] GC(2) Using 12 workers of 13 for evacuation
[2024-02-10T17:30:53.743+0000][6][gc,age      ] GC(2) Desired survivor size 4194304 bytes, new threshold 15 (max threshold 15)
[2024-02-10T17:30:53.746+0000][6][gc,age      ] GC(2) Age table with threshold 15 (max threshold 15)
[2024-02-10T17:30:53.746+0000][6][gc,age      ] GC(2) - age   1:    1287176 bytes,    1287176 total
[2024-02-10T17:30:53.746+0000][6][gc,age      ] GC(2) - age   2:    2004312 bytes,    3291488 total
[2024-02-10T17:30:53.746+0000][6][gc,phases   ] GC(2)   Pre Evacuate Collection Set: 0.1ms
[2024-02-10T17:30:53.746+0000][6][gc,phases   ] GC(2)   Merge Heap Roots: 0.0ms
[2024-02-10T17:30:53.746+0000][6][gc,phases   ] GC(2)   Evacuate Collection Set: 2.3ms
[2024-02-10T17:30:53.746+0000][6][gc,phases   ] GC(2)   Post Evacuate Collection Set: 0.4ms
[2024-02-10T17:30:53.746+0000][6][gc,phases   ] GC(2)   Other: 0.2ms
[2024-02-10T17:30:53.746+0000][6][gc,heap     ] GC(2) Eden regions: 13->0(62)
[2024-02-10T17:30:53.746+0000][6][gc,heap     ] GC(2) Survivor regions: 1->1(2)
[2024-02-10T17:30:53.746+0000][6][gc,heap     ] GC(2) Old regions: 2->2
[2024-02-10T17:30:53.746+0000][6][gc,heap     ] GC(2) Archive regions: 2->2
[2024-02-10T17:30:53.746+0000][6][gc,heap     ] GC(2) Humongous regions: 0->0
[2024-02-10T17:30:53.746+0000][6][gc,metaspace] GC(2) Metaspace: 14951K(15360K)->14951K(15360K) NonClass: 13252K(13568K)->13252K(13568K) Class: 1699K(1792K)->1699K(1792K)
[2024-02-10T17:30:53.746+0000][6][gc          ] GC(2) Pause Young (Normal) (G1 Evacuation Pause) 61M->11M(512M) 3.130ms
[2024-02-10T17:30:53.746+0000][6][gc,cpu      ] GC(2) User=0.02s Sys=0.01s Real=0.00s
[2024-02-10T17:30:53.746+0000][6][safepoint   ] Safepoint "G1CollectForAllocation", Time since last: 62156411 ns, Reaching safepoint: 84633 ns, At safepoint: 3195196 ns, Total: 3279829 ns
[2024-02-10T17:30:53.811+0000][6][safepoint   ] Safepoint "ICBufferFull", Time since last: 65187801 ns, Reaching safepoint: 46460 ns, At safepoint: 5279 ns, Total: 51739 ns
[2024-02-10T17:30:53.813+0000][6][safepoint   ] Safepoint "ICBufferFull", Time since last: 1851951 ns, Reaching safepoint: 43195 ns, At safepoint: 6140 ns, Total: 49335 ns
[2024-02-10T17:30:53.815+0000][6][safepoint   ] Safepoint "ICBufferFull", Time since last: 2378210 ns, Reaching safepoint: 34863 ns, At safepoint: 3204 ns, Total: 38067 ns
[2024-02-10T17:30:53.817+0000][6][safepoint   ] Safepoint "ICBufferFull", Time since last: 2012007 ns, Reaching safepoint: 30035 ns, At safepoint: 2826 ns, Total: 32861 ns
[2024-02-10T17:30:53.820+0000][6][safepoint   ] Safepoint "ICBufferFull", Time since last: 2546653 ns, Reaching safepoint: 32262 ns, At safepoint: 3711 ns, Total: 35973 ns
[2024-02-10T17:30:53.822+0000][6][safepoint   ] Safepoint "ICBufferFull", Time since last: 2311763 ns, Reaching safepoint: 28033 ns, At safepoint: 3341 ns, Total: 31374 ns
[2024-02-10T17:30:53.824+0000][6][safepoint   ] Safepoint "ICBufferFull", Time since last: 1607399 ns, Reaching safepoint: 35320 ns, At safepoint: 2969 ns, Total: 38289 ns
[2024-02-10T17:30:53.826+0000][6][safepoint   ] Safepoint "ICBufferFull", Time since last: 1668990 ns, Reaching safepoint: 36880 ns, At safepoint: 2770 ns, Total: 39650 ns
[2024-02-10T17:30:53.828+0000][6][safepoint   ] Safepoint "ICBufferFull", Time since last: 2019225 ns, Reaching safepoint: 36112 ns, At safepoint: 2767 ns, Total: 38879 ns
[2024-02-10T17:30:53.831+0000][6][safepoint   ] Safepoint "ICBufferFull", Time since last: 2875607 ns, Reaching safepoint: 31957 ns, At safepoint: 2788 ns, Total: 34745 ns
[2024-02-10T17:30:53.833+0000][6][safepoint   ] Safepoint "ICBufferFull", Time since last: 1746646 ns, Reaching safepoint: 97124 ns, At safepoint: 3885 ns, Total: 101009 ns
[2024-02-10T17:30:53.835+0000][6][safepoint   ] Safepoint "ICBufferFull", Time since last: 2014212 ns, Reaching safepoint: 29333 ns, At safepoint: 3479 ns, Total: 32812 ns
[2024-02-10T17:30:53.837+0000][6][safepoint   ] Safepoint "ICBufferFull", Time since last: 2782314 ns, Reaching safepoint: 36587 ns, At safepoint: 2779 ns, Total: 39366 ns
[2024-02-10T17:30:53.840+0000][6][safepoint   ] Safepoint "ICBufferFull", Time since last: 2385872 ns, Reaching safepoint: 29811 ns, At safepoint: 2705 ns, Total: 32516 ns
[2024-02-10T17:30:53.871+0000][6][safepoint   ] Safepoint "ICBufferFull", Time since last: 30670919 ns, Reaching safepoint: 133663 ns, At safepoint: 12425 ns, Total: 146088 ns
[2024-02-10T17:30:54.141+0000][6][safepoint   ] Safepoint "ICBufferFull", Time since last: 270533004 ns, Reaching safepoint: 259263 ns, At safepoint: 6888 ns, Total: 266151 ns
[2024-02-10T17:30:54.198+0000][6][gc,start    ] GC(3) Pause Young (Normal) (G1 Evacuation Pause)
[2024-02-10T17:30:54.198+0000][6][gc,task     ] GC(3) Using 12 workers of 13 for evacuation
[2024-02-10T17:30:54.198+0000][6][gc,age      ] GC(3) Desired survivor size 16777216 bytes, new threshold 15 (max threshold 15)
[2024-02-10T17:30:54.201+0000][6][gc,age      ] GC(3) Age table with threshold 15 (max threshold 15)
[2024-02-10T17:30:54.201+0000][6][gc,age      ] GC(3) - age   1:    4871928 bytes,    4871928 total
[2024-02-10T17:30:54.201+0000][6][gc,age      ] GC(3) - age   2:    1261784 bytes,    6133712 total
[2024-02-10T17:30:54.201+0000][6][gc,age      ] GC(3) - age   3:    1989840 bytes,    8123552 total
[2024-02-10T17:30:54.201+0000][6][gc,phases   ] GC(3)   Pre Evacuate Collection Set: 0.1ms
[2024-02-10T17:30:54.201+0000][6][gc,phases   ] GC(3)   Merge Heap Roots: 0.1ms
[2024-02-10T17:30:54.201+0000][6][gc,phases   ] GC(3)   Evacuate Collection Set: 2.2ms
[2024-02-10T17:30:54.201+0000][6][gc,phases   ] GC(3)   Post Evacuate Collection Set: 0.4ms
[2024-02-10T17:30:54.201+0000][6][gc,phases   ] GC(3)   Other: 0.2ms
[2024-02-10T17:30:54.201+0000][6][gc,heap     ] GC(3) Eden regions: 62->0(74)
[2024-02-10T17:30:54.201+0000][6][gc,heap     ] GC(3) Survivor regions: 1->2(8)
[2024-02-10T17:30:54.201+0000][6][gc,heap     ] GC(3) Old regions: 2->2
[2024-02-10T17:30:54.201+0000][6][gc,heap     ] GC(3) Archive regions: 2->2
[2024-02-10T17:30:54.201+0000][6][gc,heap     ] GC(3) Humongous regions: 0->0
[2024-02-10T17:30:54.201+0000][6][gc,metaspace] GC(3) Metaspace: 18529K(19328K)->18529K(19328K) NonClass: 16342K(16896K)->16342K(16896K) Class: 2187K(2432K)->2187K(2432K)
[2024-02-10T17:30:54.201+0000][6][gc          ] GC(3) Pause Young (Normal) (G1 Evacuation Pause) 259M->15M(512M) 3.097ms
[2024-02-10T17:30:54.201+0000][6][gc,cpu      ] GC(3) User=0.04s Sys=0.00s Real=0.00s
[2024-02-10T17:30:54.201+0000][6][safepoint   ] Safepoint "G1CollectForAllocation", Time since last: 56201051 ns, Reaching safepoint: 69972 ns, At safepoint: 3164573 ns, Total: 3234545 ns
[2024-02-10T17:30:54.555+0000][6][gc,start    ] GC(4) Pause Young (Normal) (G1 Evacuation Pause)
[2024-02-10T17:30:54.555+0000][6][gc,task     ] GC(4) Using 12 workers of 13 for evacuation
[2024-02-10T17:30:54.555+0000][6][gc,age      ] GC(4) Desired survivor size 20971520 bytes, new threshold 15 (max threshold 15)
[2024-02-10T17:30:54.559+0000][6][gc,age      ] GC(4) Age table with threshold 15 (max threshold 15)
[2024-02-10T17:30:54.559+0000][6][gc,age      ] GC(4) - age   1:    3389920 bytes,    3389920 total
[2024-02-10T17:30:54.559+0000][6][gc,age      ] GC(4) - age   2:    4375888 bytes,    7765808 total
[2024-02-10T17:30:54.559+0000][6][gc,age      ] GC(4) - age   3:    1261784 bytes,    9027592 total
[2024-02-10T17:30:54.559+0000][6][gc,age      ] GC(4) - age   4:    1989840 bytes,   11017432 total
[2024-02-10T17:30:54.559+0000][6][gc,phases   ] GC(4)   Pre Evacuate Collection Set: 0.1ms
[2024-02-10T17:30:54.559+0000][6][gc,phases   ] GC(4)   Merge Heap Roots: 0.1ms
[2024-02-10T17:30:54.559+0000][6][gc,phases   ] GC(4)   Evacuate Collection Set: 3.3ms
[2024-02-10T17:30:54.559+0000][6][gc,phases   ] GC(4)   Post Evacuate Collection Set: 0.4ms
[2024-02-10T17:30:54.559+0000][6][gc,phases   ] GC(4)   Other: 0.2ms
[2024-02-10T17:30:54.559+0000][6][gc,heap     ] GC(4) Eden regions: 74->0(73)
[2024-02-10T17:30:54.559+0000][6][gc,heap     ] GC(4) Survivor regions: 2->3(10)
[2024-02-10T17:30:54.559+0000][6][gc,heap     ] GC(4) Old regions: 2->2
[2024-02-10T17:30:54.559+0000][6][gc,heap     ] GC(4) Archive regions: 2->2
[2024-02-10T17:30:54.559+0000][6][gc,heap     ] GC(4) Humongous regions: 0->0
[2024-02-10T17:30:54.559+0000][6][gc,metaspace] GC(4) Metaspace: 19225K(20224K)->19225K(20224K) NonClass: 16943K(17664K)->16943K(17664K) Class: 2282K(2560K)->2282K(2560K)
[2024-02-10T17:30:54.559+0000][6][gc          ] GC(4) Pause Young (Normal) (G1 Evacuation Pause) 311M->18M(512M) 4.217ms
[2024-02-10T17:30:54.559+0000][6][gc,cpu      ] GC(4) User=0.03s Sys=0.00s Real=0.01s
[2024-02-10T17:30:54.559+0000][6][safepoint   ] Safepoint "G1CollectForAllocation", Time since last: 353917061 ns, Reaching safepoint: 83013 ns, At safepoint: 4280962 ns, Total: 4363975 ns
[2024-02-10T17:30:54.785+0000][6][gc,start    ] GC(5) Pause Young (Normal) (G1 Evacuation Pause)
[2024-02-10T17:30:54.785+0000][6][gc,task     ] GC(5) Using 12 workers of 13 for evacuation
[2024-02-10T17:30:54.785+0000][6][gc,age      ] GC(5) Desired survivor size 20971520 bytes, new threshold 15 (max threshold 15)
[2024-02-10T17:30:54.788+0000][6][gc,age      ] GC(5) Age table with threshold 15 (max threshold 15)
[2024-02-10T17:30:54.788+0000][6][gc,age      ] GC(5) - age   1:    1510040 bytes,    1510040 total
[2024-02-10T17:30:54.788+0000][6][gc,age      ] GC(5) - age   2:    1809824 bytes,    3319864 total
[2024-02-10T17:30:54.788+0000][6][gc,age      ] GC(5) - age   3:    4371872 bytes,    7691736 total
[2024-02-10T17:30:54.788+0000][6][gc,age      ] GC(5) - age   4:    1261784 bytes,    8953520 total
[2024-02-10T17:30:54.788+0000][6][gc,age      ] GC(5) - age   5:    1989840 bytes,   10943360 total
[2024-02-10T17:30:54.788+0000][6][gc,phases   ] GC(5)   Pre Evacuate Collection Set: 0.1ms
[2024-02-10T17:30:54.788+0000][6][gc,phases   ] GC(5)   Merge Heap Roots: 0.1ms
[2024-02-10T17:30:54.788+0000][6][gc,phases   ] GC(5)   Evacuate Collection Set: 2.6ms
[2024-02-10T17:30:54.788+0000][6][gc,phases   ] GC(5)   Post Evacuate Collection Set: 0.4ms
[2024-02-10T17:30:54.788+0000][6][gc,phases   ] GC(5)   Other: 0.2ms
[2024-02-10T17:30:54.788+0000][6][gc,heap     ] GC(5) Eden regions: 73->0(73)
[2024-02-10T17:30:54.788+0000][6][gc,heap     ] GC(5) Survivor regions: 3->3(10)
[2024-02-10T17:30:54.788+0000][6][gc,heap     ] GC(5) Old regions: 2->2
[2024-02-10T17:30:54.788+0000][6][gc,heap     ] GC(5) Archive regions: 2->2
[2024-02-10T17:30:54.788+0000][6][gc,heap     ] GC(5) Humongous regions: 0->0
[2024-02-10T17:30:54.788+0000][6][gc,metaspace] GC(5) Metaspace: 19578K(20480K)->19578K(20480K) NonClass: 17238K(17920K)->17238K(17920K) Class: 2339K(2560K)->2339K(2560K)
[2024-02-10T17:30:54.788+0000][6][gc          ] GC(5) Pause Young (Normal) (G1 Evacuation Pause) 310M->18M(512M) 3.419ms
[2024-02-10T17:30:54.788+0000][6][gc,cpu      ] GC(5) User=0.03s Sys=0.00s Real=0.01s
[2024-02-10T17:30:54.788+0000][6][safepoint   ] Safepoint "G1CollectForAllocation", Time since last: 225586204 ns, Reaching safepoint: 43167 ns, At safepoint: 3477020 ns, Total: 3520187 ns
[2024-02-10T17:30:54.992+0000][6][gc,start    ] GC(6) Pause Young (Normal) (G1 Evacuation Pause)
[2024-02-10T17:30:54.992+0000][6][gc,task     ] GC(6) Using 12 workers of 13 for evacuation
[2024-02-10T17:30:54.992+0000][6][gc,age      ] GC(6) Desired survivor size 20971520 bytes, new threshold 15 (max threshold 15)
[2024-02-10T17:30:54.995+0000][6][gc,age      ] GC(6) Age table with threshold 15 (max threshold 15)
[2024-02-10T17:30:54.995+0000][6][gc,age      ] GC(6) - age   1:     540336 bytes,     540336 total
[2024-02-10T17:30:54.995+0000][6][gc,age      ] GC(6) - age   2:    1473552 bytes,    2013888 total
[2024-02-10T17:30:54.995+0000][6][gc,age      ] GC(6) - age   3:    1809152 bytes,    3823040 total
[2024-02-10T17:30:54.995+0000][6][gc,age      ] GC(6) - age   4:    4371456 bytes,    8194496 total
[2024-02-10T17:30:54.995+0000][6][gc,age      ] GC(6) - age   5:    1261784 bytes,    9456280 total
[2024-02-10T17:30:54.995+0000][6][gc,age      ] GC(6) - age   6:    1989840 bytes,   11446120 total
[2024-02-10T17:30:54.995+0000][6][gc,phases   ] GC(6)   Pre Evacuate Collection Set: 0.1ms
[2024-02-10T17:30:54.995+0000][6][gc,phases   ] GC(6)   Merge Heap Roots: 0.1ms
[2024-02-10T17:30:54.995+0000][6][gc,phases   ] GC(6)   Evacuate Collection Set: 2.8ms
[2024-02-10T17:30:54.995+0000][6][gc,phases   ] GC(6)   Post Evacuate Collection Set: 0.4ms
[2024-02-10T17:30:54.995+0000][6][gc,phases   ] GC(6)   Other: 0.2ms
[2024-02-10T17:30:54.995+0000][6][gc,heap     ] GC(6) Eden regions: 73->0(73)
[2024-02-10T17:30:54.995+0000][6][gc,heap     ] GC(6) Survivor regions: 3->3(10)
[2024-02-10T17:30:54.995+0000][6][gc,heap     ] GC(6) Old regions: 2->2
[2024-02-10T17:30:54.995+0000][6][gc,heap     ] GC(6) Archive regions: 2->2
[2024-02-10T17:30:54.995+0000][6][gc,heap     ] GC(6) Humongous regions: 0->0
[2024-02-10T17:30:54.995+0000][6][gc,metaspace] GC(6) Metaspace: 19805K(20864K)->19805K(20864K) NonClass: 17422K(18176K)->17422K(18176K) Class: 2383K(2688K)->2383K(2688K)
[2024-02-10T17:30:54.995+0000][6][gc          ] GC(6) Pause Young (Normal) (G1 Evacuation Pause) 310M->19M(512M) 3.728ms
[2024-02-10T17:30:54.995+0000][6][gc,cpu      ] GC(6) User=0.02s Sys=0.00s Real=0.00s
[2024-02-10T17:30:54.995+0000][6][safepoint   ] Safepoint "G1CollectForAllocation", Time since last: 203342175 ns, Reaching safepoint: 82013 ns, At safepoint: 3788199 ns, Total: 3870212 ns
[2024-02-10T17:30:55.138+0000][6][gc,start    ] GC(7) Pause Young (Concurrent Start) (Metadata GC Threshold)
[2024-02-10T17:30:55.138+0000][6][gc,task     ] GC(7) Using 12 workers of 13 for evacuation
[2024-02-10T17:30:55.138+0000][6][gc,age      ] GC(7) Desired survivor size 20971520 bytes, new threshold 15 (max threshold 15)
[2024-02-10T17:30:55.143+0000][6][gc,age      ] GC(7) Age table with threshold 15 (max threshold 15)
[2024-02-10T17:30:55.144+0000][6][gc,age      ] GC(7) - age   1:    1768336 bytes,    1768336 total
[2024-02-10T17:30:55.144+0000][6][gc,age      ] GC(7) - age   2:     516680 bytes,    2285016 total
[2024-02-10T17:30:55.144+0000][6][gc,age      ] GC(7) - age   3:    1473488 bytes,    3758504 total
[2024-02-10T17:30:55.144+0000][6][gc,age      ] GC(7) - age   4:    1808048 bytes,    5566552 total
[2024-02-10T17:30:55.144+0000][6][gc,age      ] GC(7) - age   5:    4371032 bytes,    9937584 total
[2024-02-10T17:30:55.144+0000][6][gc,age      ] GC(7) - age   6:    1261608 bytes,   11199192 total
[2024-02-10T17:30:55.144+0000][6][gc,age      ] GC(7) - age   7:    1989840 bytes,   13189032 total
[2024-02-10T17:30:55.144+0000][6][gc,phases   ] GC(7)   Pre Evacuate Collection Set: 0.1ms
[2024-02-10T17:30:55.144+0000][6][gc,phases   ] GC(7)   Merge Heap Roots: 0.0ms
[2024-02-10T17:30:55.144+0000][6][gc,phases   ] GC(7)   Evacuate Collection Set: 4.9ms
[2024-02-10T17:30:55.144+0000][6][gc,phases   ] GC(7)   Post Evacuate Collection Set: 0.4ms
[2024-02-10T17:30:55.144+0000][6][gc,phases   ] GC(7)   Other: 0.3ms
[2024-02-10T17:30:55.144+0000][6][gc,heap     ] GC(7) Eden regions: 46->0(72)
[2024-02-10T17:30:55.144+0000][6][gc,heap     ] GC(7) Survivor regions: 3->4(10)
[2024-02-10T17:30:55.144+0000][6][gc,heap     ] GC(7) Old regions: 2->2
[2024-02-10T17:30:55.144+0000][6][gc,heap     ] GC(7) Archive regions: 2->2
[2024-02-10T17:30:55.144+0000][6][gc,heap     ] GC(7) Humongous regions: 0->0
[2024-02-10T17:30:55.144+0000][6][gc,metaspace] GC(7) Metaspace: 20115K(21296K)->20115K(21296K) NonClass: 17680K(18608K)->17680K(18608K) Class: 2435K(2688K)->2435K(2688K)
[2024-02-10T17:30:55.144+0000][6][gc          ] GC(7) Pause Young (Concurrent Start) (Metadata GC Threshold) 201M->21M(512M) 5.838ms
[2024-02-10T17:30:55.144+0000][6][gc,cpu      ] GC(7) User=0.02s Sys=0.00s Real=0.00s
[2024-02-10T17:30:55.144+0000][6][gc          ] GC(8) Concurrent Cycle
[2024-02-10T17:30:55.144+0000][6][gc,marking  ] GC(8) Concurrent Clear Claimed Marks
[2024-02-10T17:30:55.144+0000][6][gc,marking  ] GC(8) Concurrent Clear Claimed Marks 0.025ms
[2024-02-10T17:30:55.144+0000][6][gc,marking  ] GC(8) Concurrent Scan Root Regions
[2024-02-10T17:30:55.144+0000][6][safepoint   ] Safepoint "CollectForMetadataAllocation", Time since last: 142336882 ns, Reaching safepoint: 72471 ns, At safepoint: 6099647 ns, Total: 6172118 ns
[2024-02-10T17:30:55.148+0000][6][gc,marking  ] GC(8) Concurrent Scan Root Regions 4.309ms
[2024-02-10T17:30:55.148+0000][6][gc,marking  ] GC(8) Concurrent Mark (2.955s)
[2024-02-10T17:30:55.148+0000][6][gc,marking  ] GC(8) Concurrent Mark From Roots
[2024-02-10T17:30:55.148+0000][6][gc,task     ] GC(8) Using 3 workers of 3 for marking
[2024-02-10T17:30:55.151+0000][6][gc,marking  ] GC(8) Concurrent Mark From Roots 3.252ms
[2024-02-10T17:30:55.151+0000][6][gc,marking  ] GC(8) Concurrent Preclean
[2024-02-10T17:30:55.152+0000][6][gc,marking  ] GC(8) Concurrent Preclean 0.198ms
[2024-02-10T17:30:55.152+0000][6][gc,marking  ] GC(8) Concurrent Mark (2.955s, 2.958s) 3.530ms
[2024-02-10T17:30:55.152+0000][6][gc,start    ] GC(8) Pause Remark
[2024-02-10T17:30:55.153+0000][6][gc          ] GC(8) Pause Remark 31M->31M(512M) 1.216ms
[2024-02-10T17:30:55.153+0000][6][gc,cpu      ] GC(8) User=0.01s Sys=0.00s Real=0.00s
[2024-02-10T17:30:55.153+0000][6][safepoint   ] Safepoint "G1Concurrent", Time since last: 7962541 ns, Reaching safepoint: 128899 ns, At safepoint: 1280610 ns, Total: 1409509 ns
[2024-02-10T17:30:55.153+0000][6][gc,marking  ] GC(8) Concurrent Rebuild Remembered Sets
[2024-02-10T17:30:55.155+0000][6][gc,marking  ] GC(8) Concurrent Rebuild Remembered Sets 1.827ms
[2024-02-10T17:30:55.156+0000][6][gc,start    ] GC(8) Pause Cleanup
[2024-02-10T17:30:55.156+0000][6][gc          ] GC(8) Pause Cleanup 31M->31M(512M) 0.115ms
[2024-02-10T17:30:55.156+0000][6][gc,cpu      ] GC(8) User=0.00s Sys=0.00s Real=0.00s
[2024-02-10T17:30:55.156+0000][6][safepoint   ] Safepoint "G1Concurrent", Time since last: 2279327 ns, Reaching safepoint: 352807 ns, At safepoint: 182401 ns, Total: 535208 ns
[2024-02-10T17:30:55.156+0000][6][gc,marking  ] GC(8) Concurrent Cleanup for Next Mark
[2024-02-10T17:30:55.158+0000][6][gc,marking  ] GC(8) Concurrent Cleanup for Next Mark 1.417ms
[2024-02-10T17:30:55.158+0000][6][gc          ] GC(8) Concurrent Cycle 13.979ms
[2024-02-10T17:30:55.352+0000][6][gc,start    ] GC(9) Pause Young (Normal) (G1 Evacuation Pause)
[2024-02-10T17:30:55.352+0000][6][gc,task     ] GC(9) Using 12 workers of 13 for evacuation
[2024-02-10T17:30:55.352+0000][6][gc,age      ] GC(9) Desired survivor size 20971520 bytes, new threshold 15 (max threshold 15)
[2024-02-10T17:30:55.356+0000][6][gc,age      ] GC(9) Age table with threshold 15 (max threshold 15)
[2024-02-10T17:30:55.356+0000][6][gc,age      ] GC(9) - age   1:     983560 bytes,     983560 total
[2024-02-10T17:30:55.356+0000][6][gc,age      ] GC(9) - age   2:    1746776 bytes,    2730336 total
[2024-02-10T17:30:55.356+0000][6][gc,age      ] GC(9) - age   3:     515408 bytes,    3245744 total
[2024-02-10T17:30:55.356+0000][6][gc,age      ] GC(9) - age   4:    1472944 bytes,    4718688 total
[2024-02-10T17:30:55.356+0000][6][gc,age      ] GC(9) - age   5:    1808048 bytes,    6526736 total
[2024-02-10T17:30:55.356+0000][6][gc,age      ] GC(9) - age   6:    4371032 bytes,   10897768 total
[2024-02-10T17:30:55.356+0000][6][gc,age      ] GC(9) - age   7:    1261192 bytes,   12158960 total
[2024-02-10T17:30:55.356+0000][6][gc,age      ] GC(9) - age   8:    1988176 bytes,   14147136 total
[2024-02-10T17:30:55.356+0000][6][gc,phases   ] GC(9)   Pre Evacuate Collection Set: 0.1ms
[2024-02-10T17:30:55.356+0000][6][gc,phases   ] GC(9)   Merge Heap Roots: 0.1ms
[2024-02-10T17:30:55.356+0000][6][gc,phases   ] GC(9)   Evacuate Collection Set: 2.8ms
[2024-02-10T17:30:55.356+0000][6][gc,phases   ] GC(9)   Post Evacuate Collection Set: 0.4ms
[2024-02-10T17:30:55.356+0000][6][gc,phases   ] GC(9)   Other: 0.3ms
[2024-02-10T17:30:55.356+0000][6][gc,heap     ] GC(9) Eden regions: 72->0(72)
[2024-02-10T17:30:55.356+0000][6][gc,heap     ] GC(9) Survivor regions: 4->4(10)
[2024-02-10T17:30:55.356+0000][6][gc,heap     ] GC(9) Old regions: 2->2
[2024-02-10T17:30:55.356+0000][6][gc,heap     ] GC(9) Archive regions: 2->2
[2024-02-10T17:30:55.356+0000][6][gc,heap     ] GC(9) Humongous regions: 0->0
[2024-02-10T17:30:55.356+0000][6][gc,metaspace] GC(9) Metaspace: 20214K(21552K)->20214K(21552K) NonClass: 17758K(18864K)->17758K(18864K) Class: 2456K(2688K)->2456K(2688K)
[2024-02-10T17:30:55.356+0000][6][gc          ] GC(9) Pause Young (Normal) (G1 Evacuation Pause) 309M->23M(512M) 3.730ms
[2024-02-10T17:30:55.356+0000][6][gc,cpu      ] GC(9) User=0.03s Sys=0.00s Real=0.00s
[2024-02-10T17:30:55.356+0000][6][safepoint   ] Safepoint "G1CollectForAllocation", Time since last: 195843882 ns, Reaching safepoint: 43409 ns, At safepoint: 3788823 ns, Total: 3832232 ns
[2024-02-10T17:30:55.855+0000][6][safepoint   ] Safepoint "ICBufferFull", Time since last: 499446460 ns, Reaching safepoint: 176617 ns, At safepoint: 7521 ns, Total: 184138 ns
[2024-02-10T17:30:56.184+0000][6][safepoint   ] Safepoint "ICBufferFull", Time since last: 328265279 ns, Reaching safepoint: 216936 ns, At safepoint: 4426 ns, Total: 221362 ns
[2024-02-10T17:30:56.641+0000][6][gc,start    ] GC(10) Pause Young (Normal) (G1 Evacuation Pause)
[2024-02-10T17:30:56.641+0000][6][gc,task     ] GC(10) Using 12 workers of 13 for evacuation
[2024-02-10T17:30:56.641+0000][6][gc,age      ] GC(10) Desired survivor size 20971520 bytes, new threshold 15 (max threshold 15)
[2024-02-10T17:30:56.654+0000][6][gc,age      ] GC(10) Age table with threshold 15 (max threshold 15)
[2024-02-10T17:30:56.654+0000][6][gc,age      ] GC(10) - age   1:   20875368 bytes,   20875368 total
[2024-02-10T17:30:56.654+0000][6][gc,age      ] GC(10) - age   2:     638320 bytes,   21513688 total
[2024-02-10T17:30:56.654+0000][6][gc,age      ] GC(10) - age   3:    1736136 bytes,   23249824 total
[2024-02-10T17:30:56.654+0000][6][gc,age      ] GC(10) - age   4:     506136 bytes,   23755960 total
[2024-02-10T17:30:56.654+0000][6][gc,age      ] GC(10) - age   5:    1455568 bytes,   25211528 total
[2024-02-10T17:30:56.654+0000][6][gc,age      ] GC(10) - age   6:    1794048 bytes,   27005576 total
[2024-02-10T17:30:56.654+0000][6][gc,age      ] GC(10) - age   7:    4330808 bytes,   31336384 total
[2024-02-10T17:30:56.654+0000][6][gc,age      ] GC(10) - age   8:    1210312 bytes,   32546696 total
[2024-02-10T17:30:56.654+0000][6][gc,age      ] GC(10) - age   9:    1979600 bytes,   34526296 total
[2024-02-10T17:30:56.654+0000][6][gc,phases   ] GC(10)   Pre Evacuate Collection Set: 0.1ms
[2024-02-10T17:30:56.654+0000][6][gc,phases   ] GC(10)   Merge Heap Roots: 0.0ms
[2024-02-10T17:30:56.654+0000][6][gc,phases   ] GC(10)   Evacuate Collection Set: 11.8ms
[2024-02-10T17:30:56.654+0000][6][gc,phases   ] GC(10)   Post Evacuate Collection Set: 0.9ms
[2024-02-10T17:30:56.654+0000][6][gc,phases   ] GC(10)   Other: 0.3ms
[2024-02-10T17:30:56.654+0000][6][gc,heap     ] GC(10) Eden regions: 72->0(67)
[2024-02-10T17:30:56.654+0000][6][gc,heap     ] GC(10) Survivor regions: 4->9(10)
[2024-02-10T17:30:56.654+0000][6][gc,heap     ] GC(10) Old regions: 2->2
[2024-02-10T17:30:56.654+0000][6][gc,heap     ] GC(10) Archive regions: 2->2
[2024-02-10T17:30:56.654+0000][6][gc,heap     ] GC(10) Humongous regions: 0->0
[2024-02-10T17:30:56.654+0000][6][gc,metaspace] GC(10) Metaspace: 30024K(32176K)->30024K(32176K) NonClass: 26287K(27824K)->26287K(27824K) Class: 3736K(4352K)->3736K(4352K)
[2024-02-10T17:30:56.654+0000][6][gc          ] GC(10) Pause Young (Normal) (G1 Evacuation Pause) 311M->41M(512M) 13.141ms
[2024-02-10T17:30:56.654+0000][6][gc,cpu      ] GC(10) User=0.11s Sys=0.00s Real=0.01s
[2024-02-10T17:30:56.654+0000][6][safepoint   ] Safepoint "G1CollectForAllocation", Time since last: 456987109 ns, Reaching safepoint: 84642 ns, At safepoint: 13212776 ns, Total: 13297418 ns
[2024-02-10T17:30:57.107+0000][6][safepoint   ] Safepoint "ICBufferFull", Time since last: 453052022 ns, Reaching safepoint: 149142 ns, At safepoint: 3439 ns, Total: 152581 ns
[2024-02-10T17:30:57.265+0000][6][gc,start    ] GC(11) Pause Young (Concurrent Start) (Metadata GC Threshold)
[2024-02-10T17:30:57.265+0000][6][gc,task     ] GC(11) Using 12 workers of 13 for evacuation
[2024-02-10T17:30:57.265+0000][6][gc,age      ] GC(11) Desired survivor size 20971520 bytes, new threshold 2 (max threshold 15)
[2024-02-10T17:30:57.281+0000][6][gc,age      ] GC(11) Age table with threshold 2 (max threshold 15)
[2024-02-10T17:30:57.281+0000][6][gc,age      ] GC(11) - age   1:   18412336 bytes,   18412336 total
[2024-02-10T17:30:57.281+0000][6][gc,age      ] GC(11) - age   2:   19956408 bytes,   38368744 total
[2024-02-10T17:30:57.281+0000][6][gc,phases   ] GC(11)   Pre Evacuate Collection Set: 0.1ms
[2024-02-10T17:30:57.281+0000][6][gc,phases   ] GC(11)   Merge Heap Roots: 0.1ms
[2024-02-10T17:30:57.281+0000][6][gc,phases   ] GC(11)   Evacuate Collection Set: 14.3ms
[2024-02-10T17:30:57.281+0000][6][gc,phases   ] GC(11)   Post Evacuate Collection Set: 0.7ms
[2024-02-10T17:30:57.281+0000][6][gc,phases   ] GC(11)   Other: 0.8ms
[2024-02-10T17:30:57.281+0000][6][gc,heap     ] GC(11) Eden regions: 33->0(66)
[2024-02-10T17:30:57.282+0000][6][gc,heap     ] GC(11) Survivor regions: 9->10(10)
[2024-02-10T17:30:57.282+0000][6][gc,heap     ] GC(11) Old regions: 2->5
[2024-02-10T17:30:57.282+0000][6][gc,heap     ] GC(11) Archive regions: 2->2
[2024-02-10T17:30:57.282+0000][6][gc,heap     ] GC(11) Humongous regions: 0->0
[2024-02-10T17:30:57.282+0000][6][gc,metaspace] GC(11) Metaspace: 33774K(35888K)->33774K(35888K) NonClass: 29417K(30896K)->29417K(30896K) Class: 4356K(4992K)->4356K(4992K)
[2024-02-10T17:30:57.282+0000][6][gc          ] GC(11) Pause Young (Concurrent Start) (Metadata GC Threshold) 172M->60M(512M) 16.170ms
[2024-02-10T17:30:57.282+0000][6][gc,cpu      ] GC(11) User=0.13s Sys=0.01s Real=0.02s
[2024-02-10T17:30:57.282+0000][6][gc          ] GC(12) Concurrent Cycle
[2024-02-10T17:30:57.282+0000][6][gc,marking  ] GC(12) Concurrent Clear Claimed Marks
[2024-02-10T17:30:57.282+0000][6][gc,marking  ] GC(12) Concurrent Clear Claimed Marks 0.058ms
[2024-02-10T17:30:57.282+0000][6][gc,marking  ] GC(12) Concurrent Scan Root Regions
[2024-02-10T17:30:57.282+0000][6][safepoint   ] Safepoint "CollectForMetadataAllocation", Time since last: 157812443 ns, Reaching safepoint: 113200 ns, At safepoint: 16503639 ns, Total: 16616839 ns
[2024-02-10T17:30:57.295+0000][6][gc,marking  ] GC(12) Concurrent Scan Root Regions 13.077ms
[2024-02-10T17:30:57.295+0000][6][gc,marking  ] GC(12) Concurrent Mark (5.102s)
[2024-02-10T17:30:57.295+0000][6][gc,marking  ] GC(12) Concurrent Mark From Roots
[2024-02-10T17:30:57.295+0000][6][gc,task     ] GC(12) Using 3 workers of 3 for marking
[2024-02-10T17:30:57.296+0000][6][safepoint   ] Safepoint "CollectForMetadataAllocation", Time since last: 13545982 ns, Reaching safepoint: 77658 ns, At safepoint: 135442 ns, Total: 213100 ns
[2024-02-10T17:30:57.300+0000][6][gc,marking  ] GC(12) Concurrent Mark From Roots 4.809ms
[2024-02-10T17:30:57.300+0000][6][gc,marking  ] GC(12) Concurrent Preclean
[2024-02-10T17:30:57.300+0000][6][gc,marking  ] GC(12) Concurrent Preclean 0.189ms
[2024-02-10T17:30:57.300+0000][6][gc,marking  ] GC(12) Concurrent Mark (5.102s, 5.107s) 5.078ms
[2024-02-10T17:30:57.300+0000][6][gc,start    ] GC(12) Pause Remark
[2024-02-10T17:30:57.302+0000][6][gc          ] GC(12) Pause Remark 62M->62M(512M) 1.493ms
[2024-02-10T17:30:57.302+0000][6][gc,cpu      ] GC(12) User=0.01s Sys=0.00s Real=0.00s
[2024-02-10T17:30:57.302+0000][6][safepoint   ] Safepoint "G1Concurrent", Time since last: 4432161 ns, Reaching safepoint: 41904 ns, At safepoint: 1566434 ns, Total: 1608338 ns
[2024-02-10T17:30:57.302+0000][6][gc,marking  ] GC(12) Concurrent Rebuild Remembered Sets
[2024-02-10T17:30:57.306+0000][6][gc,marking  ] GC(12) Concurrent Rebuild Remembered Sets 4.718ms
[2024-02-10T17:30:57.307+0000][6][gc,start    ] GC(12) Pause Cleanup
[2024-02-10T17:30:57.307+0000][6][gc          ] GC(12) Pause Cleanup 62M->62M(512M) 0.080ms
[2024-02-10T17:30:57.307+0000][6][gc,cpu      ] GC(12) User=0.00s Sys=0.00s Real=0.00s
[2024-02-10T17:30:57.307+0000][6][safepoint   ] Safepoint "G1Concurrent", Time since last: 4959999 ns, Reaching safepoint: 231871 ns, At safepoint: 110646 ns, Total: 342517 ns
[2024-02-10T17:30:57.307+0000][6][gc,marking  ] GC(12) Concurrent Cleanup for Next Mark
[2024-02-10T17:30:57.308+0000][6][gc,marking  ] GC(12) Concurrent Cleanup for Next Mark 0.912ms
[2024-02-10T17:30:57.308+0000][6][gc          ] GC(12) Concurrent Cycle 26.225ms
[2024-02-10T17:30:57.904+0000][6][safepoint   ] Safepoint "ICBufferFull", Time since last: 597003975 ns, Reaching safepoint: 130792 ns, At safepoint: 6606 ns, Total: 137398 ns
[2024-02-10T17:30:58.531+0000][6][safepoint   ] Safepoint "ICBufferFull", Time since last: 627110245 ns, Reaching safepoint: 181478 ns, At safepoint: 5334 ns, Total: 186812 ns
[2024-02-10T17:30:58.594+0000][6][gc,start    ] GC(13) Pause Young (Concurrent Start) (G1 Evacuation Pause)
[2024-02-10T17:30:58.594+0000][6][gc,task     ] GC(13) Using 12 workers of 13 for evacuation
[2024-02-10T17:30:58.594+0000][6][gc,age      ] GC(13) Desired survivor size 20971520 bytes, new threshold 2 (max threshold 15)
[2024-02-10T17:30:58.611+0000][6][gc,age      ] GC(13) Age table with threshold 2 (max threshold 15)
[2024-02-10T17:30:58.611+0000][6][gc,age      ] GC(13) - age   1:    6510632 bytes,    6510632 total
[2024-02-10T17:30:58.611+0000][6][gc,age      ] GC(13) - age   2:   18339712 bytes,   24850344 total
[2024-02-10T17:30:58.612+0000][6][gc,phases   ] GC(13)   Pre Evacuate Collection Set: 0.1ms
[2024-02-10T17:30:58.612+0000][6][gc,phases   ] GC(13)   Merge Heap Roots: 0.1ms
[2024-02-10T17:30:58.612+0000][6][gc,phases   ] GC(13)   Evacuate Collection Set: 15.9ms
[2024-02-10T17:30:58.612+0000][6][gc,phases   ] GC(13)   Post Evacuate Collection Set: 0.9ms
[2024-02-10T17:30:58.612+0000][6][gc,phases   ] GC(13)   Other: 0.3ms
[2024-02-10T17:30:58.612+0000][6][gc,heap     ] GC(13) Eden regions: 66->0(69)
[2024-02-10T17:30:58.612+0000][6][gc,heap     ] GC(13) Survivor regions: 10->7(10)
[2024-02-10T17:30:58.612+0000][6][gc,heap     ] GC(13) Old regions: 5->10
[2024-02-10T17:30:58.612+0000][6][gc,heap     ] GC(13) Archive regions: 2->2
[2024-02-10T17:30:58.612+0000][6][gc,heap     ] GC(13) Humongous regions: 0->0
[2024-02-10T17:30:58.612+0000][6][gc,metaspace] GC(13) Metaspace: 51933K(54832K)->51933K(54832K) NonClass: 45002K(47024K)->45002K(47024K) Class: 6930K(7808K)->6930K(7808K)
[2024-02-10T17:30:58.612+0000][6][gc          ] GC(13) Pause Young (Concurrent Start) (G1 Evacuation Pause) 324M->67M(512M) 17.361ms
[2024-02-10T17:30:58.612+0000][6][gc,cpu      ] GC(13) User=0.19s Sys=0.00s Real=0.02s
[2024-02-10T17:30:58.612+0000][6][safepoint   ] Safepoint "G1CollectForAllocation", Time since last: 62680678 ns, Reaching safepoint: 159761 ns, At safepoint: 17446801 ns, Total: 17606562 ns
[2024-02-10T17:30:58.612+0000][6][gc          ] GC(14) Concurrent Cycle
[2024-02-10T17:30:58.612+0000][6][gc,marking  ] GC(14) Concurrent Clear Claimed Marks
[2024-02-10T17:30:58.612+0000][6][gc,marking  ] GC(14) Concurrent Clear Claimed Marks 0.063ms
[2024-02-10T17:30:58.612+0000][6][gc,marking  ] GC(14) Concurrent Scan Root Regions
[2024-02-10T17:30:58.625+0000][6][gc,marking  ] GC(14) Concurrent Scan Root Regions 13.437ms
[2024-02-10T17:30:58.625+0000][6][gc,marking  ] GC(14) Concurrent Mark (6.432s)
[2024-02-10T17:30:58.625+0000][6][gc,marking  ] GC(14) Concurrent Mark From Roots
[2024-02-10T17:30:58.625+0000][6][gc,task     ] GC(14) Using 3 workers of 3 for marking
[2024-02-10T17:30:58.636+0000][6][gc,marking  ] GC(14) Concurrent Mark From Roots 10.846ms
[2024-02-10T17:30:58.636+0000][6][gc,marking  ] GC(14) Concurrent Preclean
[2024-02-10T17:30:58.636+0000][6][gc,marking  ] GC(14) Concurrent Preclean 0.271ms
[2024-02-10T17:30:58.637+0000][6][gc,marking  ] GC(14) Concurrent Mark (6.432s, 6.443s) 11.213ms
[2024-02-10T17:30:58.637+0000][6][gc,start    ] GC(14) Pause Remark
[2024-02-10T17:30:58.639+0000][6][gc          ] GC(14) Pause Remark 77M->77M(512M) 2.411ms
[2024-02-10T17:30:58.639+0000][6][gc,cpu      ] GC(14) User=0.02s Sys=0.00s Real=0.00s
[2024-02-10T17:30:58.639+0000][6][safepoint   ] Safepoint "G1Concurrent", Time since last: 24998897 ns, Reaching safepoint: 124143 ns, At safepoint: 2514610 ns, Total: 2638753 ns
[2024-02-10T17:30:58.639+0000][6][gc,marking  ] GC(14) Concurrent Rebuild Remembered Sets
[2024-02-10T17:30:58.654+0000][6][gc,marking  ] GC(14) Concurrent Rebuild Remembered Sets 14.966ms
[2024-02-10T17:30:58.655+0000][6][gc,start    ] GC(14) Pause Cleanup
[2024-02-10T17:30:58.655+0000][6][gc          ] GC(14) Pause Cleanup 83M->83M(512M) 0.154ms
[2024-02-10T17:30:58.655+0000][6][gc,cpu      ] GC(14) User=0.00s Sys=0.00s Real=0.00s
[2024-02-10T17:30:58.655+0000][6][safepoint   ] Safepoint "G1Concurrent", Time since last: 15394741 ns, Reaching safepoint: 503220 ns, At safepoint: 214077 ns, Total: 717297 ns
[2024-02-10T17:30:58.656+0000][6][gc,marking  ] GC(14) Concurrent Cleanup for Next Mark
[2024-02-10T17:30:58.656+0000][6][gc,marking  ] GC(14) Concurrent Cleanup for Next Mark 0.649ms
[2024-02-10T17:30:58.656+0000][6][gc          ] GC(14) Concurrent Cycle 44.637ms
[2024-02-10T17:30:59.043+0000][6][safepoint   ] Safepoint "ICBufferFull", Time since last: 387206648 ns, Reaching safepoint: 221449 ns, At safepoint: 5795 ns, Total: 227244 ns
[2024-02-10T17:30:59.978+0000][6][safepoint   ] Safepoint "ICBufferFull", Time since last: 933788376 ns, Reaching safepoint: 866786 ns, At safepoint: 5266 ns, Total: 872052 ns
[2024-02-10T17:31:00.378+0000][6][safepoint   ] Safepoint "ICBufferFull", Time since last: 399842097 ns, Reaching safepoint: 192633 ns, At safepoint: 4123 ns, Total: 196756 ns
[2024-02-10T17:31:00.619+0000][6][safepoint   ] Safepoint "ICBufferFull", Time since last: 241604352 ns, Reaching safepoint: 134518 ns, At safepoint: 6011 ns, Total: 140529 ns
[2024-02-10T17:31:00.813+0000][6][safepoint   ] Safepoint "ICBufferFull", Time since last: 193444876 ns, Reaching safepoint: 145194 ns, At safepoint: 6485 ns, Total: 151679 ns
[2024-02-10T17:31:01.029+0000][6][gc,start    ] GC(15) Pause Young (Concurrent Start) (Metadata GC Threshold)
[2024-02-10T17:31:01.029+0000][6][gc,task     ] GC(15) Using 12 workers of 13 for evacuation
[2024-02-10T17:31:01.029+0000][6][gc,age      ] GC(15) Desired survivor size 20971520 bytes, new threshold 2 (max threshold 15)
[2024-02-10T17:31:01.042+0000][6][gc,age      ] GC(15) Age table with threshold 2 (max threshold 15)
[2024-02-10T17:31:01.042+0000][6][gc,age      ] GC(15) - age   1:   13901480 bytes,   13901480 total
[2024-02-10T17:31:01.042+0000][6][gc,age      ] GC(15) - age   2:    6172344 bytes,   20073824 total
[2024-02-10T17:31:01.042+0000][6][gc,phases   ] GC(15)   Pre Evacuate Collection Set: 0.1ms
[2024-02-10T17:31:01.042+0000][6][gc,phases   ] GC(15)   Merge Heap Roots: 0.1ms
[2024-02-10T17:31:01.042+0000][6][gc,phases   ] GC(15)   Evacuate Collection Set: 11.9ms
[2024-02-10T17:31:01.042+0000][6][gc,phases   ] GC(15)   Post Evacuate Collection Set: 0.9ms
[2024-02-10T17:31:01.042+0000][6][gc,phases   ] GC(15)   Other: 0.3ms
[2024-02-10T17:31:01.042+0000][6][gc,heap     ] GC(15) Eden regions: 66->0(70)
[2024-02-10T17:31:01.042+0000][6][gc,heap     ] GC(15) Survivor regions: 7->6(10)
[2024-02-10T17:31:01.042+0000][6][gc,heap     ] GC(15) Old regions: 10->14
[2024-02-10T17:31:01.042+0000][6][gc,heap     ] GC(15) Archive regions: 2->2
[2024-02-10T17:31:01.042+0000][6][gc,heap     ] GC(15) Humongous regions: 2->2
[2024-02-10T17:31:01.042+0000][6][gc,metaspace] GC(15) Metaspace: 87447K(91388K)->87447K(91388K) NonClass: 75646K(78512K)->75646K(78512K) Class: 11801K(12876K)->11801K(12876K)
[2024-02-10T17:31:01.042+0000][6][gc          ] GC(15) Pause Young (Concurrent Start) (Metadata GC Threshold) 337M->89M(512M) 13.458ms
[2024-02-10T17:31:01.042+0000][6][gc,cpu      ] GC(15) User=0.13s Sys=0.01s Real=0.01s
[2024-02-10T17:31:01.043+0000][6][safepoint   ] Safepoint "CollectForMetadataAllocation", Time since last: 215796016 ns, Reaching safepoint: 176764 ns, At safepoint: 13676747 ns, Total: 13853511 ns
[2024-02-10T17:31:01.043+0000][6][gc          ] GC(16) Concurrent Cycle
[2024-02-10T17:31:01.043+0000][6][gc,marking  ] GC(16) Concurrent Clear Claimed Marks
[2024-02-10T17:31:01.043+0000][6][gc,marking  ] GC(16) Concurrent Clear Claimed Marks 0.069ms
[2024-02-10T17:31:01.043+0000][6][gc,marking  ] GC(16) Concurrent Scan Root Regions
[2024-02-10T17:31:01.053+0000][6][gc,marking  ] GC(16) Concurrent Scan Root Regions 10.279ms
[2024-02-10T17:31:01.053+0000][6][gc,marking  ] GC(16) Concurrent Mark (8.860s)
[2024-02-10T17:31:01.053+0000][6][gc,marking  ] GC(16) Concurrent Mark From Roots
[2024-02-10T17:31:01.053+0000][6][gc,task     ] GC(16) Using 3 workers of 3 for marking
[2024-02-10T17:31:01.062+0000][6][safepoint   ] Safepoint "CollectForMetadataAllocation", Time since last: 19135934 ns, Reaching safepoint: 95585 ns, At safepoint: 139814 ns, Total: 235399 ns
[2024-02-10T17:31:01.075+0000][6][gc,marking  ] GC(16) Concurrent Mark From Roots 22.314ms
[2024-02-10T17:31:01.075+0000][6][gc,marking  ] GC(16) Concurrent Preclean
[2024-02-10T17:31:01.076+0000][6][gc,marking  ] GC(16) Concurrent Preclean 0.270ms
[2024-02-10T17:31:01.076+0000][6][gc,marking  ] GC(16) Concurrent Mark (8.860s, 8.882s) 22.669ms
[2024-02-10T17:31:01.076+0000][6][gc,start    ] GC(16) Pause Remark
[2024-02-10T17:31:01.078+0000][6][gc          ] GC(16) Pause Remark 94M->94M(512M) 1.585ms
[2024-02-10T17:31:01.078+0000][6][gc,cpu      ] GC(16) User=0.02s Sys=0.01s Real=0.01s
[2024-02-10T17:31:01.078+0000][6][safepoint   ] Safepoint "G1Concurrent", Time since last: 13793325 ns, Reaching safepoint: 239283 ns, At safepoint: 1672346 ns, Total: 1911629 ns
[2024-02-10T17:31:01.078+0000][6][gc,marking  ] GC(16) Concurrent Rebuild Remembered Sets
[2024-02-10T17:31:01.103+0000][6][gc,marking  ] GC(16) Concurrent Rebuild Remembered Sets 25.630ms
[2024-02-10T17:31:01.104+0000][6][gc,start    ] GC(16) Pause Cleanup
[2024-02-10T17:31:01.104+0000][6][gc          ] GC(16) Pause Cleanup 98M->98M(512M) 0.104ms
[2024-02-10T17:31:01.104+0000][6][gc,cpu      ] GC(16) User=0.00s Sys=0.00s Real=0.00s
[2024-02-10T17:31:01.104+0000][6][safepoint   ] Safepoint "G1Concurrent", Time since last: 25736126 ns, Reaching safepoint: 350673 ns, At safepoint: 163656 ns, Total: 514329 ns
[2024-02-10T17:31:01.104+0000][6][gc,marking  ] GC(16) Concurrent Cleanup for Next Mark
[2024-02-10T17:31:01.105+0000][6][gc,marking  ] GC(16) Concurrent Cleanup for Next Mark 0.822ms
[2024-02-10T17:31:01.105+0000][6][gc          ] GC(16) Concurrent Cycle 62.218ms
[2024-02-10T17:31:02.104+0000][6][safepoint   ] Safepoint "Cleanup", Time since last: 1000042339 ns, Reaching safepoint: 95166 ns, At safepoint: 3878 ns, Total: 99044 ns
[2024-02-10T17:31:05.104+0000][6][safepoint   ] Safepoint "Cleanup", Time since last: 3000204375 ns, Reaching safepoint: 79904 ns, At safepoint: 6266 ns, Total: 86170 ns
[2024-02-10T17:31:08.105+0000][6][safepoint   ] Safepoint "Cleanup", Time since last: 3000170224 ns, Reaching safepoint: 54569 ns, At safepoint: 2596 ns, Total: 57165 ns
[2024-02-10T17:31:09.105+0000][6][safepoint   ] Safepoint "Cleanup", Time since last: 1000123867 ns, Reaching safepoint: 52103 ns, At safepoint: 2851 ns, Total: 54954 ns
[2024-02-10T17:31:11.105+0000][6][safepoint   ] Safepoint "Cleanup", Time since last: 2000118449 ns, Reaching safepoint: 58241 ns, At safepoint: 1999 ns, Total: 60240 ns
[2024-02-10T17:31:14.105+0000][6][safepoint   ] Safepoint "Cleanup", Time since last: 3000170482 ns, Reaching safepoint: 58112 ns, At safepoint: 3171 ns, Total: 61283 ns
[2024-02-10T17:31:19.105+0000][6][safepoint   ] Safepoint "Cleanup", Time since last: 5000226615 ns, Reaching safepoint: 56144 ns, At safepoint: 4308 ns, Total: 60452 ns
[2024-02-10T17:31:23.106+0000][6][safepoint   ] Safepoint "Cleanup", Time since last: 4000215034 ns, Reaching safepoint: 49326 ns, At safepoint: 3264 ns, Total: 52590 ns
[2024-02-10T17:31:24.106+0000][6][safepoint   ] Safepoint "Cleanup", Time since last: 1000115846 ns, Reaching safepoint: 62590 ns, At safepoint: 3316 ns, Total: 65906 ns
[2024-02-10T17:31:25.106+0000][6][safepoint   ] Safepoint "Cleanup", Time since last: 1000093774 ns, Reaching safepoint: 54549 ns, At safepoint: 2192 ns, Total: 56741 ns
[2024-02-10T17:31:31.106+0000][6][safepoint   ] Safepoint "Cleanup", Time since last: 6000305611 ns, Reaching safepoint: 74489 ns, At safepoint: 2442 ns, Total: 76931 ns
[2024-02-10T17:31:35.107+0000][6][safepoint   ] Safepoint "Cleanup", Time since last: 4000282533 ns, Reaching safepoint: 58587 ns, At safepoint: 4522 ns, Total: 63109 ns
[2024-02-10T17:31:45.107+0000][6][safepoint   ] Safepoint "Cleanup", Time since last: 10000405347 ns, Reaching safepoint: 59426 ns, At safepoint: 2954 ns, Total: 62380 ns
[2024-02-10T17:31:47.107+0000][6][safepoint   ] Safepoint "Cleanup", Time since last: 2000113831 ns, Reaching safepoint: 48620 ns, At safepoint: 3063 ns, Total: 51683 ns
[2024-02-10T17:31:48.108+0000][6][safepoint   ] Safepoint "Cleanup", Time since last: 1000111982 ns, Reaching safepoint: 58587 ns, At safepoint: 4411 ns, Total: 62998 ns
[2024-02-10T17:31:50.108+0000][6][safepoint   ] Safepoint "Cleanup", Time since last: 2000125563 ns, Reaching safepoint: 87429 ns, At safepoint: 4317 ns, Total: 91746 ns
[2024-02-10T17:31:52.108+0000][6][safepoint   ] Safepoint "Cleanup", Time since last: 2000149440 ns, Reaching safepoint: 61458 ns, At safepoint: 3563 ns, Total: 65021 ns
[2024-02-10T17:31:56.108+0000][6][safepoint   ] Safepoint "Cleanup", Time since last: 4000197004 ns, Reaching safepoint: 60835 ns, At safepoint: 5021 ns, Total: 65856 ns
[2024-02-10T17:31:59.108+0000][6][safepoint   ] Safepoint "Cleanup", Time since last: 3000145089 ns, Reaching safepoint: 60018 ns, At safepoint: 1947 ns, Total: 61965 ns
[2024-02-10T17:32:01.109+0000][6][safepoint   ] Safepoint "Cleanup", Time since last: 2000157268 ns, Reaching safepoint: 55124 ns, At safepoint: 3179 ns, Total: 58303 ns
[2024-02-10T17:32:02.109+0000][6][safepoint   ] Safepoint "Cleanup", Time since last: 1000085636 ns, Reaching safepoint: 58252 ns, At safepoint: 3923 ns, Total: 62175 ns
[2024-02-10T17:32:03.109+0000][6][safepoint   ] Safepoint "Cleanup", Time since last: 1000083962 ns, Reaching safepoint: 57451 ns, At safepoint: 3584 ns, Total: 61035 ns
[2024-02-10T17:32:04.109+0000][6][safepoint   ] Safepoint "Cleanup", Time since last: 1000106564 ns, Reaching safepoint: 56684 ns, At safepoint: 3784 ns, Total: 60468 ns
[2024-02-10T17:32:06.109+0000][6][safepoint   ] Safepoint "Cleanup", Time since last: 2000117519 ns, Reaching safepoint: 56559 ns, At safepoint: 2503 ns, Total: 59062 ns
[2024-02-10T17:32:10.110+0000][6][safepoint   ] Safepoint "Cleanup", Time since last: 4000202893 ns, Reaching safepoint: 59702 ns, At safepoint: 3799 ns, Total: 63501 ns
[2024-02-10T17:32:11.110+0000][6][safepoint   ] Safepoint "Cleanup", Time since last: 1000120565 ns, Reaching safepoint: 64090 ns, At safepoint: 3575 ns, Total: 67665 ns
[2024-02-10T17:32:26.110+0000][6][safepoint   ] Safepoint "Cleanup", Time since last: 15000617518 ns, Reaching safepoint: 73192 ns, At safepoint: 3852 ns, Total: 77044 ns
[2024-02-10T17:32:45.111+0000][6][safepoint   ] Safepoint "Cleanup", Time since last: 19000753078 ns, Reaching safepoint: 66460 ns, At safepoint: 2319 ns, Total: 68779 ns
[2024-02-10T17:33:01.112+0000][6][safepoint   ] Safepoint "Cleanup", Time since last: 16000660193 ns, Reaching safepoint: 64551 ns, At safepoint: 3704 ns, Total: 68255 ns
[2024-02-10T17:33:07.112+0000][6][safepoint   ] Safepoint "Cleanup", Time since last: 6000224569 ns, Reaching safepoint: 61685 ns, At safepoint: 2785 ns, Total: 64470 ns
[2024-02-10T17:33:08.112+0000][6][safepoint   ] Safepoint "Cleanup", Time since last: 1000121927 ns, Reaching safepoint: 60256 ns, At safepoint: 2617 ns, Total: 62873 ns
[2024-02-10T17:33:09.113+0000][6][safepoint   ] Safepoint "Cleanup", Time since last: 1000089776 ns, Reaching safepoint: 81480 ns, At safepoint: 3626 ns, Total: 85106 ns
[2024-02-10T17:33:10.113+0000][6][safepoint   ] Safepoint "Cleanup", Time since last: 1000085976 ns, Reaching safepoint: 65729 ns, At safepoint: 3745 ns, Total: 69474 ns
[2024-02-10T17:33:14.113+0000][6][safepoint   ] Safepoint "Cleanup", Time since last: 4000177347 ns, Reaching safepoint: 73350 ns, At safepoint: 2116 ns, Total: 75466 ns
[2024-02-10T17:33:27.114+0000][6][safepoint   ] Safepoint "Cleanup", Time since last: 13000469921 ns, Reaching safepoint: 108042 ns, At safepoint: 3948 ns, Total: 111990 ns
[2024-02-10T17:33:38.114+0000][6][safepoint   ] Safepoint "Cleanup", Time since last: 11000437871 ns, Reaching safepoint: 71626 ns, At safepoint: 4319 ns, Total: 75945 ns
[2024-02-10T17:34:01.115+0000][6][safepoint   ] Safepoint "Cleanup", Time since last: 23000802028 ns, Reaching safepoint: 69902 ns, At safepoint: 3904 ns, Total: 73806 ns
[2024-02-10T17:34:08.115+0000][6][safepoint   ] Safepoint "Cleanup", Time since last: 7000290815 ns, Reaching safepoint: 68394 ns, At safepoint: 2272 ns, Total: 70666 ns
[2024-02-10T17:34:09.116+0000][6][safepoint   ] Safepoint "Cleanup", Time since last: 1000103118 ns, Reaching safepoint: 58183 ns, At safepoint: 2251 ns, Total: 60434 ns
[2024-02-10T17:34:12.116+0000][6][safepoint   ] Safepoint "Cleanup", Time since last: 3000170964 ns, Reaching safepoint: 67179 ns, At safepoint: 3710 ns, Total: 70889 ns
[2024-02-10T17:34:14.116+0000][6][safepoint   ] Safepoint "Cleanup", Time since last: 2000113880 ns, Reaching safepoint: 62329 ns, At safepoint: 2457 ns, Total: 64786 ns
[2024-02-10T17:34:29.117+0000][6][safepoint   ] Safepoint "Cleanup", Time since last: 15000570198 ns, Reaching safepoint: 85823 ns, At safepoint: 2306 ns, Total: 88129 ns
[2024-02-10T17:34:31.117+0000][6][safepoint   ] Safepoint "Cleanup", Time since last: 2000132614 ns, Reaching safepoint: 60348 ns, At safepoint: 2349 ns, Total: 62697 ns
[2024-02-10T17:34:39.117+0000][6][safepoint   ] Safepoint "Cleanup", Time since last: 8000308628 ns, Reaching safepoint: 67330 ns, At safepoint: 2737 ns, Total: 70067 ns
[2024-02-10T17:34:56.118+0000][6][safepoint   ] Safepoint "Cleanup", Time since last: 17000636308 ns, Reaching safepoint: 57505 ns, At safepoint: 2565 ns, Total: 60070 ns
[2024-02-10T17:35:01.118+0000][6][safepoint   ] Safepoint "Cleanup", Time since last: 5000229978 ns, Reaching safepoint: 63302 ns, At safepoint: 3841 ns, Total: 67143 ns
[2024-02-10T17:35:11.119+0000][6][safepoint   ] Safepoint "Cleanup", Time since last: 10000377835 ns, Reaching safepoint: 73400 ns, At safepoint: 2794 ns, Total: 76194 ns
[2024-02-10T17:35:12.119+0000][6][safepoint   ] Safepoint "Cleanup", Time since last: 1000118558 ns, Reaching safepoint: 62777 ns, At safepoint: 3590 ns, Total: 66367 ns
[2024-02-10T17:35:16.119+0000][6][safepoint   ] Safepoint "Cleanup", Time since last: 4000190296 ns, Reaching safepoint: 58826 ns, At safepoint: 6059 ns, Total: 64885 ns
[2024-02-10T17:35:18.119+0000][6][safepoint   ] Safepoint "Cleanup", Time since last: 2000124882 ns, Reaching safepoint: 57953 ns, At safepoint: 2432 ns, Total: 60385 ns
[2024-02-10T17:35:31.120+0000][6][safepoint   ] Safepoint "Cleanup", Time since last: 13000501732 ns, Reaching safepoint: 66502 ns, At safepoint: 2138 ns, Total: 68640 ns
[2024-02-10T17:35:34.120+0000][6][safepoint   ] Safepoint "Cleanup", Time since last: 3000172066 ns, Reaching safepoint: 60525 ns, At safepoint: 4550 ns, Total: 65075 ns
[2024-02-10T17:35:42.120+0000][6][safepoint   ] Safepoint "Cleanup", Time since last: 8000325393 ns, Reaching safepoint: 65648 ns, At safepoint: 3209 ns, Total: 68857 ns
[2024-02-10T17:36:01.121+0000][6][safepoint   ] Safepoint "Cleanup", Time since last: 19000715404 ns, Reaching safepoint: 65698 ns, At safepoint: 3764 ns, Total: 69462 ns
[2024-02-10T17:36:16.122+0000][6][safepoint   ] Safepoint "Cleanup", Time since last: 15000579826 ns, Reaching safepoint: 71193 ns, At safepoint: 3701 ns, Total: 74894 ns
[2024-02-10T17:36:19.122+0000][6][safepoint   ] Safepoint "Cleanup", Time since last: 3000136808 ns, Reaching safepoint: 61641 ns, At safepoint: 2674 ns, Total: 64315 ns
[2024-02-10T17:36:31.123+0000][6][safepoint   ] Safepoint "Cleanup", Time since last: 12000472407 ns, Reaching safepoint: 70690 ns, At safepoint: 3279 ns, Total: 73969 ns
[2024-02-10T17:36:35.123+0000][6][safepoint   ] Safepoint "Cleanup", Time since last: 4000192563 ns, Reaching safepoint: 70359 ns, At safepoint: 4407 ns, Total: 74766 ns
[2024-02-10T17:36:39.123+0000][6][safepoint   ] Safepoint "Cleanup", Time since last: 4000185750 ns, Reaching safepoint: 71404 ns, At safepoint: 4695 ns, Total: 76099 ns
[2024-02-10T17:36:53.790+0000][6][safepoint   ] Safepoint "Cleanup", Time since last: 14666645147 ns, Reaching safepoint: 51819 ns, At safepoint: 3049 ns, Total: 54868 ns
[2024-02-10T17:36:54.824+0000][6][safepoint   ] Safepoint "Cleanup", Time since last: 1034441753 ns, Reaching safepoint: 96570 ns, At safepoint: 4414 ns, Total: 100984 ns
[2024-02-10T17:37:01.336+0000][6][safepoint   ] Safepoint "Cleanup", Time since last: 6511931466 ns, Reaching safepoint: 78748 ns, At safepoint: 3580 ns, Total: 82328 ns
[2024-02-10T17:37:26.521+0000][6][safepoint   ] Safepoint "Cleanup", Time since last: 25184206276 ns, Reaching safepoint: 62664 ns, At safepoint: 3063 ns, Total: 65727 ns
[2024-02-10T17:37:35.521+0000][6][safepoint   ] Safepoint "Cleanup", Time since last: 9000625432 ns, Reaching safepoint: 65286 ns, At safepoint: 3426 ns, Total: 68712 ns
[2024-02-10T17:38:04.523+0000][6][safepoint   ] Safepoint "Cleanup", Time since last: 29001888353 ns, Reaching safepoint: 68872 ns, At safepoint: 3439 ns, Total: 72311 ns
[2024-02-10T17:38:31.525+0000][6][safepoint   ] Safepoint "Cleanup", Time since last: 27001415844 ns, Reaching safepoint: 61354 ns, At safepoint: 3477 ns, Total: 64831 ns
[2024-02-10T17:39:13.527+0000][6][safepoint   ] Safepoint "Cleanup", Time since last: 42002209290 ns, Reaching safepoint: 80453 ns, At safepoint: 3464 ns, Total: 83917 ns
[2024-02-10T17:39:14.527+0000][6][safepoint   ] Safepoint "Cleanup", Time since last: 1000134675 ns, Reaching safepoint: 60605 ns, At safepoint: 3385 ns, Total: 63990 ns
[2024-02-10T17:39:31.528+0000][6][safepoint   ] Safepoint "Cleanup", Time since last: 17001022972 ns, Reaching safepoint: 71592 ns, At safepoint: 3195 ns, Total: 74787 ns
[2024-02-10T17:40:31.532+0000][6][safepoint   ] Safepoint "Cleanup", Time since last: 60003496722 ns, Reaching safepoint: 70013 ns, At safepoint: 3436 ns, Total: 73449 ns
[2024-02-10T17:41:00.534+0000][6][safepoint   ] Safepoint "Cleanup", Time since last: 29001781141 ns, Reaching safepoint: 67556 ns, At safepoint: 3238 ns, Total: 70794 ns
[2024-02-10T17:41:01.534+0000][6][safepoint   ] Safepoint "Cleanup", Time since last: 1000123712 ns, Reaching safepoint: 62144 ns, At safepoint: 3422 ns, Total: 65566 ns
[2024-02-10T17:41:34.536+0000][6][safepoint   ] Safepoint "Cleanup", Time since last: 33002150114 ns, Reaching safepoint: 62747 ns, At safepoint: 3302 ns, Total: 66049 ns
[2024-02-10T17:41:58.538+0000][6][safepoint   ] Safepoint "Cleanup", Time since last: 24001494804 ns, Reaching safepoint: 59510 ns, At safepoint: 3459 ns, Total: 62969 ns
[2024-02-10T17:43:01.542+0000][6][safepoint   ] Safepoint "Cleanup", Time since last: 63003919256 ns, Reaching safepoint: 64392 ns, At safepoint: 3587 ns, Total: 67979 ns
[2024-02-10T17:43:31.544+0000][6][safepoint   ] Safepoint "Cleanup", Time since last: 30001935599 ns, Reaching safepoint: 62291 ns, At safepoint: 2956 ns, Total: 65247 ns
[2024-02-10T17:45:37.552+0000][6][safepoint   ] Safepoint "Cleanup", Time since last: 126008178774 ns, Reaching safepoint: 67131 ns, At safepoint: 2643 ns, Total: 69774 ns
[2024-02-10T17:45:38.552+0000][6][safepoint   ] Safepoint "Cleanup", Time since last: 1000134519 ns, Reaching safepoint: 59544 ns, At safepoint: 2765 ns, Total: 62309 ns
[2024-02-10T17:45:48.553+0000][6][safepoint   ] Safepoint "Cleanup", Time since last: 10000694027 ns, Reaching safepoint: 53501 ns, At safepoint: 2392 ns, Total: 55893 ns
[2024-02-10T17:46:01.554+0000][6][safepoint   ] Safepoint "Cleanup", Time since last: 13000835610 ns, Reaching safepoint: 57042 ns, At safepoint: 2486 ns, Total: 59528 ns
[2024-02-10T17:46:10.555+0000][6][safepoint   ] Safepoint "Cleanup", Time since last: 9000621714 ns, Reaching safepoint: 222872 ns, At safepoint: 3354 ns, Total: 226226 ns
[2024-02-10T17:46:24.556+0000][6][safepoint   ] Safepoint "Cleanup", Time since last: 14000935395 ns, Reaching safepoint: 62158 ns, At safepoint: 3268 ns, Total: 65426 ns
[2024-02-10T17:47:31.560+0000][6][safepoint   ] Safepoint "Cleanup", Time since last: 67004185737 ns, Reaching safepoint: 67579 ns, At safepoint: 3355 ns, Total: 70934 ns
[2024-02-10T17:49:01.566+0000][6][safepoint   ] Safepoint "Cleanup", Time since last: 90005677241 ns, Reaching safepoint: 64643 ns, At safepoint: 3473 ns, Total: 68116 ns
[2024-02-10T17:50:01.568+0000][6][safepoint   ] Safepoint "Cleanup", Time since last: 60002337490 ns, Reaching safepoint: 63582 ns, At safepoint: 2301 ns, Total: 65883 ns
[2024-02-10T17:50:40.570+0000][6][safepoint   ] Safepoint "Cleanup", Time since last: 39001909908 ns, Reaching safepoint: 62959 ns, At safepoint: 3368 ns, Total: 66327 ns
[2024-02-10T17:50:49.571+0000][6][safepoint   ] Safepoint "Cleanup", Time since last: 9000568174 ns, Reaching safepoint: 56807 ns, At safepoint: 3325 ns, Total: 60132 ns
[2024-02-10T17:51:01.572+0000][6][safepoint   ] Safepoint "Cleanup", Time since last: 12000745648 ns, Reaching safepoint: 78042 ns, At safepoint: 2950 ns, Total: 80992 ns
[2024-02-10T17:52:00.575+0000][6][safepoint   ] Safepoint "Cleanup", Time since last: 59002851125 ns, Reaching safepoint: 62398 ns, At safepoint: 3093 ns, Total: 65491 ns
[2024-02-10T17:52:01.575+0000][6][safepoint   ] Safepoint "Cleanup", Time since last: 1000141019 ns, Reaching safepoint: 60110 ns, At safepoint: 3091 ns, Total: 63201 ns
[2024-02-10T17:52:24.576+0000][6][safepoint   ] Safepoint "Cleanup", Time since last: 23001467325 ns, Reaching safepoint: 75595 ns, At safepoint: 3312 ns, Total: 78907 ns
[2024-02-10T17:54:31.584+0000][6][safepoint   ] Safepoint "Cleanup", Time since last: 127007830072 ns, Reaching safepoint: 74869 ns, At safepoint: 3498 ns, Total: 78367 ns
[2024-02-10T17:55:19.587+0000][6][safepoint   ] Safepoint "Cleanup", Time since last: 48002982470 ns, Reaching safepoint: 62628 ns, At safepoint: 4529 ns, Total: 67157 ns
[2024-02-10T17:55:20.587+0000][6][safepoint   ] Safepoint "Cleanup", Time since last: 1000131211 ns, Reaching safepoint: 59107 ns, At safepoint: 3187 ns, Total: 62294 ns
[2024-02-10T17:55:31.588+0000][6][safepoint   ] Safepoint "Cleanup", Time since last: 11000711098 ns, Reaching safepoint: 65557 ns, At safepoint: 3314 ns, Total: 68871 ns
[2024-02-10T17:56:01.590+0000][6][safepoint   ] Safepoint "Cleanup", Time since last: 30001938264 ns, Reaching safepoint: 77444 ns, At safepoint: 3244 ns, Total: 80688 ns
[2024-02-10T17:56:31.592+0000][6][safepoint   ] Safepoint "Cleanup", Time since last: 30001804331 ns, Reaching safepoint: 63132 ns, At safepoint: 3450 ns, Total: 66582 ns
[2024-02-10T17:56:55.594+0000][6][safepoint   ] Safepoint "Cleanup", Time since last: 24001568191 ns, Reaching safepoint: 54938 ns, At safepoint: 3666 ns, Total: 58604 ns
[2024-02-10T17:57:43.596+0000][6][safepoint   ] Safepoint "Cleanup", Time since last: 48002547198 ns, Reaching safepoint: 66011 ns, At safepoint: 3396 ns, Total: 69407 ns
[2024-02-10T17:58:55.600+0000][6][safepoint   ] Safepoint "Cleanup", Time since last: 72004067493 ns, Reaching safepoint: 66829 ns, At safepoint: 3066 ns, Total: 69895 ns
[2024-02-10T17:59:31.603+0000][6][safepoint   ] Safepoint "Cleanup", Time since last: 36002092510 ns, Reaching safepoint: 73407 ns, At safepoint: 3086 ns, Total: 76493 ns
[2024-02-10T18:00:53.608+0000][6][safepoint   ] Safepoint "Cleanup", Time since last: 82004868434 ns, Reaching safepoint: 65912 ns, At safepoint: 66165 ns, Total: 132077 ns
[2024-02-10T18:01:31.610+0000][6][safepoint   ] Safepoint "Cleanup", Time since last: 38002119512 ns, Reaching safepoint: 69291 ns, At safepoint: 3698 ns, Total: 72989 ns
[2024-02-10T18:01:35.610+0000][6][safepoint   ] Safepoint "Cleanup", Time since last: 4000315597 ns, Reaching safepoint: 63315 ns, At safepoint: 3469 ns, Total: 66784 ns
[2024-02-10T18:02:20.613+0000][6][safepoint   ] Safepoint "Cleanup", Time since last: 45002715825 ns, Reaching safepoint: 64299 ns, At safepoint: 3512 ns, Total: 67811 ns
[2024-02-10T18:02:31.614+0000][6][safepoint   ] Safepoint "Cleanup", Time since last: 11000690204 ns, Reaching safepoint: 66793 ns, At safepoint: 3341 ns, Total: 70134 ns
[2024-02-10T18:02:50.615+0000][6][safepoint   ] Safepoint "Cleanup", Time since last: 19001213574 ns, Reaching safepoint: 63125 ns, At safepoint: 3415 ns, Total: 66540 ns
[2024-02-10T18:03:04.616+0000][6][safepoint   ] Safepoint "Cleanup", Time since last: 14000882112 ns, Reaching safepoint: 66008 ns, At safepoint: 3065 ns, Total: 69073 ns
[2024-02-10T18:03:59.619+0000][6][safepoint   ] Safepoint "Cleanup", Time since last: 55003379581 ns, Reaching safepoint: 68333 ns, At safepoint: 3504 ns, Total: 71837 ns
[2024-02-10T18:05:01.623+0000][6][safepoint   ] Safepoint "Cleanup", Time since last: 62003869624 ns, Reaching safepoint: 68980 ns, At safepoint: 3172 ns, Total: 72152 ns
[2024-02-10T18:06:01.627+0000][6][safepoint   ] Safepoint "Cleanup", Time since last: 60003675808 ns, Reaching safepoint: 67211 ns, At safepoint: 3161 ns, Total: 70372 ns
[2024-02-10T18:06:31.629+0000][6][safepoint   ] Safepoint "Cleanup", Time since last: 30001931019 ns, Reaching safepoint: 96912 ns, At safepoint: 3405 ns, Total: 100317 ns
[2024-02-10T18:06:34.629+0000][6][safepoint   ] Safepoint "Cleanup", Time since last: 3000242684 ns, Reaching safepoint: 66512 ns, At safepoint: 3077 ns, Total: 69589 ns
[2024-02-10T18:07:01.631+0000][6][safepoint   ] Safepoint "Cleanup", Time since last: 27001735225 ns, Reaching safepoint: 65125 ns, At safepoint: 3120 ns, Total: 68245 ns
[2024-02-10T18:08:31.637+0000][6][safepoint   ] Safepoint "Cleanup", Time since last: 90005674705 ns, Reaching safepoint: 70505 ns, At safepoint: 3117 ns, Total: 73622 ns
[2024-02-10T18:09:01.639+0000][6][safepoint   ] Safepoint "Cleanup", Time since last: 30001873237 ns, Reaching safepoint: 67338 ns, At safepoint: 3451 ns, Total: 70789 ns
[2024-02-10T18:09:31.641+0000][6][safepoint   ] Safepoint "Cleanup", Time since last: 30001775290 ns, Reaching safepoint: 74912 ns, At safepoint: 3191 ns, Total: 78103 ns
[2024-02-10T18:10:01.643+0000][6][safepoint   ] Safepoint "Cleanup", Time since last: 30001846205 ns, Reaching safepoint: 61541 ns, At safepoint: 2586 ns, Total: 64127 ns
[2024-02-10T18:11:31.648+0000][6][safepoint   ] Safepoint "Cleanup", Time since last: 90005324088 ns, Reaching safepoint: 66523 ns, At safepoint: 3084 ns, Total: 69607 ns
[2024-02-10T18:12:01.650+0000][6][safepoint   ] Safepoint "Cleanup", Time since last: 30001829430 ns, Reaching safepoint: 66537 ns, At safepoint: 3164 ns, Total: 69701 ns
[2024-02-10T18:13:31.656+0000][6][safepoint   ] Safepoint "Cleanup", Time since last: 90005470446 ns, Reaching safepoint: 65873 ns, At safepoint: 3245 ns, Total: 69118 ns
[2024-02-10T18:13:49.657+0000][6][safepoint   ] Safepoint "Cleanup", Time since last: 18001152429 ns, Reaching safepoint: 69555 ns, At safepoint: 3146 ns, Total: 72701 ns
[2024-02-10T18:13:50.657+0000][6][safepoint   ] Safepoint "Cleanup", Time since last: 1000122045 ns, Reaching safepoint: 66133 ns, At safepoint: 4570 ns, Total: 70703 ns
[2024-02-10T18:14:01.658+0000][6][safepoint   ] Safepoint "Cleanup", Time since last: 11000677364 ns, Reaching safepoint: 59456 ns, At safepoint: 4705 ns, Total: 64161 ns
[2024-02-10T18:14:31.660+0000][6][safepoint   ] Safepoint "Cleanup", Time since last: 30001764207 ns, Reaching safepoint: 64685 ns, At safepoint: 4624 ns, Total: 69309 ns
[2024-02-10T18:14:36.660+0000][6][safepoint   ] Safepoint "Cleanup", Time since last: 5000367041 ns, Reaching safepoint: 66506 ns, At safepoint: 3235 ns, Total: 69741 ns
[2024-02-10T18:15:34.664+0000][6][safepoint   ] Safepoint "Cleanup", Time since last: 58003582637 ns, Reaching safepoint: 66306 ns, At safepoint: 1941 ns, Total: 68247 ns
[2024-02-10T18:15:37.664+0000][6][safepoint   ] Safepoint "Cleanup", Time since last: 3000243461 ns, Reaching safepoint: 60506 ns, At safepoint: 3352 ns, Total: 63858 ns
[2024-02-10T18:15:45.665+0000][6][safepoint   ] Safepoint "Cleanup", Time since last: 8000546927 ns, Reaching safepoint: 51229 ns, At safepoint: 2500 ns, Total: 53729 ns
[2024-02-10T18:15:46.665+0000][6][safepoint   ] Safepoint "Cleanup", Time since last: 1000136780 ns, Reaching safepoint: 59044 ns, At safepoint: 3691 ns, Total: 62735 ns
[2024-02-10T18:16:54.669+0000][6][safepoint   ] Safepoint "Cleanup", Time since last: 68004132659 ns, Reaching safepoint: 66933 ns, At safepoint: 3274 ns, Total: 70207 ns
[2024-02-10T18:18:01.673+0000][6][safepoint   ] Safepoint "Cleanup", Time since last: 67004058107 ns, Reaching safepoint: 61149 ns, At safepoint: 2370 ns, Total: 63519 ns
[2024-02-10T18:22:01.688+0000][6][safepoint   ] Safepoint "Cleanup", Time since last: 240014339203 ns, Reaching safepoint: 64277 ns, At safepoint: 6333 ns, Total: 70610 ns
[2024-02-10T18:23:24.693+0000][6][safepoint   ] Safepoint "Cleanup", Time since last: 83004999844 ns, Reaching safepoint: 64796 ns, At safepoint: 3859 ns, Total: 68655 ns
[2024-02-10T18:26:39.704+0000][6][safepoint   ] Safepoint "Cleanup", Time since last: 195011641314 ns, Reaching safepoint: 64516 ns, At safepoint: 3200 ns, Total: 67716 ns
[2024-02-10T18:27:29.707+0000][6][safepoint   ] Safepoint "Cleanup", Time since last: 50003030940 ns, Reaching safepoint: 53235 ns, At safepoint: 3459 ns, Total: 56694 ns
[2024-02-10T18:29:34.715+0000][6][safepoint   ] Safepoint "Cleanup", Time since last: 125007412392 ns, Reaching safepoint: 73671 ns, At safepoint: 2609 ns, Total: 76280 ns
[2024-02-10T18:32:31.725+0000][6][safepoint   ] Safepoint "Cleanup", Time since last: 177010554148 ns, Reaching safepoint: 65580 ns, At safepoint: 4264 ns, Total: 69844 ns
[2024-02-10T18:32:57.727+0000][6][safepoint   ] Safepoint "Cleanup", Time since last: 26001630934 ns, Reaching safepoint: 68252 ns, At safepoint: 6471 ns, Total: 74723 ns
[2024-02-10T18:33:01.728+0000][6][safepoint   ] Safepoint "Cleanup", Time since last: 4000303938 ns, Reaching safepoint: 64893 ns, At safepoint: 3376 ns, Total: 68269 ns
[2024-02-10T18:33:31.730+0000][6][safepoint   ] Safepoint "Cleanup", Time since last: 30001884755 ns, Reaching safepoint: 68181 ns, At safepoint: 3243 ns, Total: 71424 ns
[2024-02-10T18:33:54.731+0000][6][safepoint   ] Safepoint "Cleanup", Time since last: 23001408704 ns, Reaching safepoint: 63331 ns, At safepoint: 3137 ns, Total: 66468 ns
[2024-02-10T18:34:01.732+0000][6][safepoint   ] Safepoint "Cleanup", Time since last: 7000483479 ns, Reaching safepoint: 65039 ns, At safepoint: 4483 ns, Total: 69522 ns
[2024-02-10T18:34:31.734+0000][6][safepoint   ] Safepoint "Cleanup", Time since last: 30001916458 ns, Reaching safepoint: 68490 ns, At safepoint: 2883 ns, Total: 71373 ns
[2024-02-10T18:34:36.734+0000][6][safepoint   ] Safepoint "Cleanup", Time since last: 5000372295 ns, Reaching safepoint: 66716 ns, At safepoint: 3385 ns, Total: 70101 ns
[2024-02-10T18:35:01.736+0000][6][safepoint   ] Safepoint "Cleanup", Time since last: 25001547211 ns, Reaching safepoint: 64125 ns, At safepoint: 4993 ns, Total: 69118 ns
[2024-02-10T18:35:09.736+0000][6][safepoint   ] Safepoint "Cleanup", Time since last: 8000560479 ns, Reaching safepoint: 61918 ns, At safepoint: 4526 ns, Total: 66444 ns
[2024-02-10T18:35:10.736+0000][6][safepoint   ] Safepoint "Cleanup", Time since last: 1000128981 ns, Reaching safepoint: 62778 ns, At safepoint: 3596 ns, Total: 66374 ns
[2024-02-10T18:35:31.738+0000][6][safepoint   ] Safepoint "Cleanup", Time since last: 21001258479 ns, Reaching safepoint: 71022 ns, At safepoint: 4020 ns, Total: 75042 ns
[2024-02-10T18:36:01.740+0000][6][safepoint   ] Safepoint "Cleanup", Time since last: 30001856723 ns, Reaching safepoint: 72199 ns, At safepoint: 4316 ns, Total: 76515 ns
[2024-02-10T18:36:31.742+0000][6][safepoint   ] Safepoint "Cleanup", Time since last: 30001894398 ns, Reaching safepoint: 82632 ns, At safepoint: 3502 ns, Total: 86134 ns
[2024-02-10T18:43:44.767+0000][6][safepoint   ] Safepoint "Cleanup", Time since last: 433025421367 ns, Reaching safepoint: 69107 ns, At safepoint: 3208 ns, Total: 72315 ns
[2024-02-10T18:43:58.768+0000][6][safepoint   ] Safepoint "Cleanup", Time since last: 14000909481 ns, Reaching safepoint: 62666 ns, At safepoint: 3072 ns, Total: 65738 ns
[2024-02-10T18:44:01.768+0000][6][safepoint   ] Safepoint "Cleanup", Time since last: 3000233429 ns, Reaching safepoint: 61660 ns, At safepoint: 3185 ns, Total: 64845 ns
[2024-02-10T18:45:01.772+0000][6][safepoint   ] Safepoint "Cleanup", Time since last: 60003596799 ns, Reaching safepoint: 68097 ns, At safepoint: 3567 ns, Total: 71664 ns
[2024-02-10T18:46:00.776+0000][6][safepoint   ] Safepoint "Cleanup", Time since last: 59003458525 ns, Reaching safepoint: 208321 ns, At safepoint: 3346 ns, Total: 211667 ns
[2024-02-10T18:51:52.797+0000][6][safepoint   ] Safepoint "Cleanup", Time since last: 352020747194 ns, Reaching safepoint: 73224 ns, At safepoint: 4213 ns, Total: 77437 ns
[2024-02-10T18:52:00.797+0000][6][safepoint   ] Safepoint "Cleanup", Time since last: 8000546193 ns, Reaching safepoint: 64420 ns, At safepoint: 3177 ns, Total: 67597 ns
[2024-02-10T18:56:01.811+0000][6][safepoint   ] Safepoint "Cleanup", Time since last: 241014156478 ns, Reaching safepoint: 74473 ns, At safepoint: 5140 ns, Total: 79613 ns
[2024-02-10T18:56:31.813+0000][6][safepoint   ] Safepoint "Cleanup", Time since last: 30001757689 ns, Reaching safepoint: 68811 ns, At safepoint: 3481 ns, Total: 72292 ns
[2024-02-10T18:57:00.815+0000][6][safepoint   ] Safepoint "Cleanup", Time since last: 29001750052 ns, Reaching safepoint: 68213 ns, At safepoint: 3259 ns, Total: 71472 ns
[2024-02-10T18:59:30.824+0000][6][safepoint   ] Safepoint "Cleanup", Time since last: 150008744892 ns, Reaching safepoint: 58589 ns, At safepoint: 3189 ns, Total: 61778 ns
[2024-02-10T18:59:34.824+0000][6][safepoint   ] Safepoint "Cleanup", Time since last: 4000296822 ns, Reaching safepoint: 64543 ns, At safepoint: 4417 ns, Total: 68960 ns
[2024-02-10T19:00:20.827+0000][6][safepoint   ] Safepoint "Cleanup", Time since last: 46002764153 ns, Reaching safepoint: 61542 ns, At safepoint: 3329 ns, Total: 64871 ns
[2024-02-10T19:00:30.828+0000][6][safepoint   ] Safepoint "Cleanup", Time since last: 10000624377 ns, Reaching safepoint: 56589 ns, At safepoint: 3340 ns, Total: 59929 ns
[2024-02-10T19:01:00.830+0000][6][safepoint   ] Safepoint "Cleanup", Time since last: 30001800600 ns, Reaching safepoint: 75446 ns, At safepoint: 2191 ns, Total: 77637 ns
[2024-02-10T19:02:46.836+0000][6][safepoint   ] Safepoint "Cleanup", Time since last: 106006318948 ns, Reaching safepoint: 61964 ns, At safepoint: 3325 ns, Total: 65289 ns
[2024-02-10T19:05:17.845+0000][6][safepoint   ] Safepoint "Cleanup", Time since last: 151008785400 ns, Reaching safepoint: 63465 ns, At safepoint: 4554 ns, Total: 68019 ns
[2024-02-10T19:07:00.851+0000][6][safepoint   ] Safepoint "Cleanup", Time since last: 103006061126 ns, Reaching safepoint: 64397 ns, At safepoint: 2984 ns, Total: 67381 ns
[2024-02-10T19:07:01.851+0000][6][safepoint   ] Safepoint "Cleanup", Time since last: 1000127798 ns, Reaching safepoint: 64349 ns, At safepoint: 3259 ns, Total: 67608 ns
[2024-02-10T19:07:30.853+0000][6][safepoint   ] Safepoint "Cleanup", Time since last: 29001778669 ns, Reaching safepoint: 63155 ns, At safepoint: 2026 ns, Total: 65181 ns
[2024-02-10T19:07:31.853+0000][6][safepoint   ] Safepoint "Cleanup", Time since last: 1000126348 ns, Reaching safepoint: 68864 ns, At safepoint: 3223 ns, Total: 72087 ns
[2024-02-10T19:09:00.859+0000][6][safepoint   ] Safepoint "Cleanup", Time since last: 89005308728 ns, Reaching safepoint: 80152 ns, At safepoint: 3598 ns, Total: 83750 ns
[2024-02-10T19:13:00.873+0000][6][safepoint   ] Safepoint "Cleanup", Time since last: 240014238231 ns, Reaching safepoint: 64079 ns, At safepoint: 2515 ns, Total: 66594 ns
[2024-02-10T19:14:00.877+0000][6][safepoint   ] Safepoint "Cleanup", Time since last: 60003528612 ns, Reaching safepoint: 66117 ns, At safepoint: 3226 ns, Total: 69343 ns
[2024-02-10T19:14:31.879+0000][6][safepoint   ] Safepoint "Cleanup", Time since last: 31001937024 ns, Reaching safepoint: 65268 ns, At safepoint: 3320 ns, Total: 68588 ns
[2024-02-10T19:15:00.880+0000][6][safepoint   ] Safepoint "Cleanup", Time since last: 29001724210 ns, Reaching safepoint: 75851 ns, At safepoint: 6152 ns, Total: 82003 ns
[2024-02-10T19:15:01.881+0000][6][safepoint   ] Safepoint "Cleanup", Time since last: 1000125639 ns, Reaching safepoint: 63810 ns, At safepoint: 3071 ns, Total: 66881 ns
[2024-02-10T19:16:00.884+0000][6][safepoint   ] Safepoint "Cleanup", Time since last: 59003524967 ns, Reaching safepoint: 63611 ns, At safepoint: 3543 ns, Total: 67154 ns
[2024-02-10T19:16:30.886+0000][6][safepoint   ] Safepoint "Cleanup", Time since last: 30001823542 ns, Reaching safepoint: 66215 ns, At safepoint: 2039 ns, Total: 68254 ns
[2024-02-10T19:17:10.889+0000][6][safepoint   ] Safepoint "Cleanup", Time since last: 40002477725 ns, Reaching safepoint: 69424 ns, At safepoint: 14295 ns, Total: 83719 ns
[2024-02-10T19:23:04.910+0000][6][safepoint   ] Safepoint "Cleanup", Time since last: 354021170927 ns, Reaching safepoint: 65893 ns, At safepoint: 3308 ns, Total: 69201 ns
[2024-02-10T19:25:30.919+0000][6][safepoint   ] Safepoint "Cleanup", Time since last: 146008660510 ns, Reaching safepoint: 69493 ns, At safepoint: 3635 ns, Total: 73128 ns
[2024-02-10T19:26:40.923+0000][6][safepoint   ] Safepoint "Cleanup", Time since last: 70004165823 ns, Reaching safepoint: 60705 ns, At safepoint: 3193 ns, Total: 63898 ns
[2024-02-10T19:28:00.928+0000][6][safepoint   ] Safepoint "Cleanup", Time since last: 80004785519 ns, Reaching safepoint: 75339 ns, At safepoint: 3434 ns, Total: 78773 ns
[2024-02-10T19:28:30.930+0000][6][safepoint   ] Safepoint "Cleanup", Time since last: 30001812008 ns, Reaching safepoint: 67980 ns, At safepoint: 4793 ns, Total: 72773 ns
[2024-02-10T19:29:00.932+0000][6][safepoint   ] Safepoint "Cleanup", Time since last: 30001887375 ns, Reaching safepoint: 65328 ns, At safepoint: 2365 ns, Total: 67693 ns
[2024-02-10T19:30:30.937+0000][6][safepoint   ] Safepoint "Cleanup", Time since last: 90005416192 ns, Reaching safepoint: 65359 ns, At safepoint: 2293 ns, Total: 67652 ns
[2024-02-10T19:31:00.939+0000][6][safepoint   ] Safepoint "Cleanup", Time since last: 30001791310 ns, Reaching safepoint: 73905 ns, At safepoint: 4732 ns, Total: 78637 ns
[2024-02-10T19:32:30.944+0000][6][safepoint   ] Safepoint "Cleanup", Time since last: 90005368312 ns, Reaching safepoint: 66442 ns, At safepoint: 6800 ns, Total: 73242 ns
[2024-02-10T19:33:00.946+0000][6][safepoint   ] Safepoint "Cleanup", Time since last: 30001835709 ns, Reaching safepoint: 68885 ns, At safepoint: 3231 ns, Total: 72116 ns
[2024-02-10T19:33:09.947+0000][6][safepoint   ] Safepoint "Cleanup", Time since last: 9000581747 ns, Reaching safepoint: 69185 ns, At safepoint: 3571 ns, Total: 72756 ns
[2024-02-10T19:33:30.948+0000][6][safepoint   ] Safepoint "Cleanup", Time since last: 21001310523 ns, Reaching safepoint: 68663 ns, At safepoint: 3266 ns, Total: 71929 ns
[2024-02-10T19:34:09.951+0000][6][safepoint   ] Safepoint "Cleanup", Time since last: 39002349252 ns, Reaching safepoint: 70415 ns, At safepoint: 4078 ns, Total: 74493 ns
[2024-02-10T19:35:00.954+0000][6][safepoint   ] Safepoint "Cleanup", Time since last: 51003028624 ns, Reaching safepoint: 72723 ns, At safepoint: 3894 ns, Total: 76617 ns
[2024-02-10T19:36:00.957+0000][6][safepoint   ] Safepoint "Cleanup", Time since last: 60003582818 ns, Reaching safepoint: 66739 ns, At safepoint: 6139 ns, Total: 72878 ns
[2024-02-10T19:37:00.961+0000][6][safepoint   ] Safepoint "Cleanup", Time since last: 60003583137 ns, Reaching safepoint: 72872 ns, At safepoint: 4427 ns, Total: 77299 ns
[2024-02-10T19:37:31.963+0000][6][safepoint   ] Safepoint "Cleanup", Time since last: 31001928979 ns, Reaching safepoint: 65766 ns, At safepoint: 3727 ns, Total: 69493 ns
[2024-02-10T19:38:30.967+0000][6][safepoint   ] Safepoint "Cleanup", Time since last: 59003579841 ns, Reaching safepoint: 71471 ns, At safepoint: 3155 ns, Total: 74626 ns
[2024-02-10T19:39:00.969+0000][6][safepoint   ] Safepoint "Cleanup", Time since last: 30001878004 ns, Reaching safepoint: 73473 ns, At safepoint: 3445 ns, Total: 76918 ns
[2024-02-10T19:39:30.971+0000][6][safepoint   ] Safepoint "Cleanup", Time since last: 30001811722 ns, Reaching safepoint: 69752 ns, At safepoint: 2146 ns, Total: 71898 ns
[2024-02-10T19:39:52.972+0000][6][safepoint   ] Safepoint "Cleanup", Time since last: 22001403048 ns, Reaching safepoint: 77690 ns, At safepoint: 3502 ns, Total: 81192 ns
[2024-02-10T19:40:00.973+0000][6][safepoint   ] Safepoint "Cleanup", Time since last: 8000523202 ns, Reaching safepoint: 72658 ns, At safepoint: 3891 ns, Total: 76549 ns
[2024-02-10T19:46:00.994+0000][6][safepoint   ] Safepoint "Cleanup", Time since last: 360021625191 ns, Reaching safepoint: 78175 ns, At safepoint: 3571 ns, Total: 81746 ns
[2024-02-10T19:54:54.026+0000][6][safepoint   ] Safepoint "Cleanup", Time since last: 533031684861 ns, Reaching safepoint: 68124 ns, At safepoint: 3119 ns, Total: 71243 ns
[2024-02-10T19:56:49.033+0000][6][safepoint   ] Safepoint "Cleanup", Time since last: 115006847840 ns, Reaching safepoint: 98803 ns, At safepoint: 2639 ns, Total: 101442 ns
[2024-02-10T20:02:31.053+0000][6][safepoint   ] Safepoint "Cleanup", Time since last: 342020107761 ns, Reaching safepoint: 68289 ns, At safepoint: 3542 ns, Total: 71831 ns
[2024-02-10T20:08:39.074+0000][6][safepoint   ] Safepoint "Cleanup", Time since last: 368021165413 ns, Reaching safepoint: 63063 ns, At safepoint: 3358 ns, Total: 66421 ns
[2024-02-10T20:09:02.076+0000][6][safepoint   ] Safepoint "Cleanup", Time since last: 23001343275 ns, Reaching safepoint: 61783 ns, At safepoint: 3372 ns, Total: 65155 ns
[2024-02-10T20:09:32.078+0000][6][safepoint   ] Safepoint "Cleanup", Time since last: 30001784155 ns, Reaching safepoint: 66584 ns, At safepoint: 2920 ns, Total: 69504 ns
[2024-02-10T20:10:01.079+0000][6][safepoint   ] Safepoint "Cleanup", Time since last: 29001647464 ns, Reaching safepoint: 65725 ns, At safepoint: 3250 ns, Total: 68975 ns
[2024-02-10T20:11:32.085+0000][6][safepoint   ] Safepoint "Cleanup", Time since last: 91005314156 ns, Reaching safepoint: 67014 ns, At safepoint: 5781 ns, Total: 72795 ns
[2024-02-10T20:13:01.090+0000][6][safepoint   ] Safepoint "Cleanup", Time since last: 89005213921 ns, Reaching safepoint: 128238 ns, At safepoint: 6417 ns, Total: 134655 ns
[2024-02-10T20:13:02.090+0000][6][safepoint   ] Safepoint "Cleanup", Time since last: 1000118427 ns, Reaching safepoint: 76934 ns, At safepoint: 4643 ns, Total: 81577 ns
[2024-02-10T20:28:49.197+0000][6][gc,start    ] GC(17) Pause Young (Concurrent Start) (G1 Evacuation Pause)
[2024-02-10T20:28:49.197+0000][6][gc,task     ] GC(17) Using 12 workers of 13 for evacuation
[2024-02-10T20:28:49.197+0000][6][gc,age      ] GC(17) Desired survivor size 20971520 bytes, new threshold 15 (max threshold 15)
[2024-02-10T20:28:49.207+0000][6][gc,age      ] GC(17) Age table with threshold 15 (max threshold 15)
[2024-02-10T20:28:49.207+0000][6][gc,age      ] GC(17) - age   1:    1560240 bytes,    1560240 total
[2024-02-10T20:28:49.207+0000][6][gc,age      ] GC(17) - age   2:   13511072 bytes,   15071312 total
[2024-02-10T20:28:49.207+0000][6][gc,age      ] GC(17) - age   3:    6137464 bytes,   21208776 total
[2024-02-10T20:28:49.207+0000][6][gc,phases   ] GC(17)   Pre Evacuate Collection Set: 0.2ms
[2024-02-10T20:28:49.207+0000][6][gc,phases   ] GC(17)   Merge Heap Roots: 0.1ms
[2024-02-10T20:28:49.207+0000][6][gc,phases   ] GC(17)   Evacuate Collection Set: 8.5ms
[2024-02-10T20:28:49.207+0000][6][gc,phases   ] GC(17)   Post Evacuate Collection Set: 0.8ms
[2024-02-10T20:28:49.207+0000][6][gc,phases   ] GC(17)   Other: 0.3ms
[2024-02-10T20:28:49.207+0000][6][gc,heap     ] GC(17) Eden regions: 70->0(70)
[2024-02-10T20:28:49.207+0000][6][gc,heap     ] GC(17) Survivor regions: 6->6(10)
[2024-02-10T20:28:49.207+0000][6][gc,heap     ] GC(17) Old regions: 14->14
[2024-02-10T20:28:49.207+0000][6][gc,heap     ] GC(17) Archive regions: 2->2
[2024-02-10T20:28:49.207+0000][6][gc,heap     ] GC(17) Humongous regions: 2->2
[2024-02-10T20:28:49.207+0000][6][gc,metaspace] GC(17) Metaspace: 92811K(96916K)->92811K(96916K) NonClass: 80383K(83376K)->80383K(83376K) Class: 12427K(13540K)->12427K(13540K)
[2024-02-10T20:28:49.207+0000][6][gc          ] GC(17) Pause Young (Concurrent Start) (G1 Evacuation Pause) 369M->90M(512M) 10.050ms
[2024-02-10T20:28:49.207+0000][6][gc,cpu      ] GC(17) User=0.07s Sys=0.01s Real=0.01s
[2024-02-10T20:28:49.207+0000][6][safepoint   ] Safepoint "G1CollectForAllocation", Time since last: 947106215273 ns, Reaching safepoint: 70555 ns, At safepoint: 10140663 ns, Total: 10211218 ns
[2024-02-10T20:28:49.207+0000][6][gc          ] GC(18) Concurrent Cycle
[2024-02-10T20:28:49.207+0000][6][gc,marking  ] GC(18) Concurrent Clear Claimed Marks
[2024-02-10T20:28:49.207+0000][6][gc,marking  ] GC(18) Concurrent Clear Claimed Marks 0.079ms
[2024-02-10T20:28:49.207+0000][6][gc,marking  ] GC(18) Concurrent Scan Root Regions
[2024-02-10T20:28:49.212+0000][6][gc,marking  ] GC(18) Concurrent Scan Root Regions 5.237ms
[2024-02-10T20:28:49.212+0000][6][gc,marking  ] GC(18) Concurrent Mark (10677.019s)
[2024-02-10T20:28:49.212+0000][6][gc,marking  ] GC(18) Concurrent Mark From Roots
[2024-02-10T20:28:49.212+0000][6][gc,task     ] GC(18) Using 3 workers of 3 for marking
[2024-02-10T20:28:49.250+0000][6][gc,marking  ] GC(18) Concurrent Mark From Roots 37.171ms
[2024-02-10T20:28:49.250+0000][6][gc,marking  ] GC(18) Concurrent Preclean
[2024-02-10T20:28:49.250+0000][6][gc,marking  ] GC(18) Concurrent Preclean 0.534ms
[2024-02-10T20:28:49.250+0000][6][gc,marking  ] GC(18) Concurrent Mark (10677.019s, 10677.057s) 37.815ms
[2024-02-10T20:28:49.250+0000][6][gc,start    ] GC(18) Pause Remark
[2024-02-10T20:28:49.257+0000][6][gc          ] GC(18) Pause Remark 93M->93M(512M) 7.143ms
[2024-02-10T20:28:49.258+0000][6][gc,cpu      ] GC(18) User=0.08s Sys=0.00s Real=0.01s
[2024-02-10T20:28:49.258+0000][6][safepoint   ] Safepoint "G1Concurrent", Time since last: 43360372 ns, Reaching safepoint: 109326 ns, At safepoint: 7232816 ns, Total: 7342142 ns
[2024-02-10T20:28:49.258+0000][6][gc,marking  ] GC(18) Concurrent Rebuild Remembered Sets
[2024-02-10T20:28:49.285+0000][6][gc,marking  ] GC(18) Concurrent Rebuild Remembered Sets 27.572ms
[2024-02-10T20:28:49.285+0000][6][gc,start    ] GC(18) Pause Cleanup
[2024-02-10T20:28:49.286+0000][6][gc          ] GC(18) Pause Cleanup 94M->94M(512M) 0.121ms
[2024-02-10T20:28:49.286+0000][6][gc,cpu      ] GC(18) User=0.00s Sys=0.00s Real=0.00s
[2024-02-10T20:28:49.286+0000][6][safepoint   ] Safepoint "G1Concurrent", Time since last: 27673617 ns, Reaching safepoint: 179926 ns, At safepoint: 220401 ns, Total: 400327 ns
[2024-02-10T20:28:49.286+0000][6][gc,marking  ] GC(18) Concurrent Cleanup for Next Mark
[2024-02-10T20:28:49.286+0000][6][gc,marking  ] GC(18) Concurrent Cleanup for Next Mark 0.544ms
[2024-02-10T20:28:49.286+0000][6][gc          ] GC(18) Concurrent Cycle 79.391ms
[2024-02-10T20:28:50.286+0000][6][safepoint   ] Safepoint "Cleanup", Time since last: 1000069326 ns, Reaching safepoint: 65337 ns, At safepoint: 12777 ns, Total: 78114 ns
[2024-02-10T20:29:00.286+0000][6][safepoint   ] Safepoint "Cleanup", Time since last: 10000623397 ns, Reaching safepoint: 75665 ns, At safepoint: 4205 ns, Total: 79870 ns
[2024-02-10T20:29:01.287+0000][6][safepoint   ] Safepoint "Cleanup", Time since last: 1000121531 ns, Reaching safepoint: 113592 ns, At safepoint: 4391 ns, Total: 117983 ns
[2024-02-10T20:31:01.293+0000][6][safepoint   ] Safepoint "Cleanup", Time since last: 120006551630 ns, Reaching safepoint: 74939 ns, At safepoint: 4105 ns, Total: 79044 ns
[2024-02-10T20:39:31.326+0000][6][safepoint   ] Safepoint "Cleanup", Time since last: 510032926492 ns, Reaching safepoint: 65011 ns, At safepoint: 3904 ns, Total: 68915 ns
[2024-02-10T20:39:39.327+0000][6][safepoint   ] Safepoint "Cleanup", Time since last: 8000546218 ns, Reaching safepoint: 70377 ns, At safepoint: 4357 ns, Total: 74734 ns
[2024-02-10T20:42:01.335+0000][6][safepoint   ] Safepoint "Cleanup", Time since last: 142007940153 ns, Reaching safepoint: 78578 ns, At safepoint: 4214 ns, Total: 82792 ns
[2024-02-10T20:42:31.337+0000][6][safepoint   ] Safepoint "Cleanup", Time since last: 30002008283 ns, Reaching safepoint: 73960 ns, At safepoint: 4321 ns, Total: 78281 ns
[2024-02-10T20:43:31.341+0000][6][safepoint   ] Safepoint "Cleanup", Time since last: 60003986407 ns, Reaching safepoint: 77174 ns, At safepoint: 4281 ns, Total: 81455 ns
[2024-02-10T21:09:01.437+0000][6][safepoint   ] Safepoint "Cleanup", Time since last: 1530096216541 ns, Reaching safepoint: 77017 ns, At safepoint: 2326 ns, Total: 79343 ns
[2024-02-10T21:36:31.532+0000][6][safepoint   ] Safepoint "Cleanup", Time since last: 1650094602524 ns, Reaching safepoint: 75782 ns, At safepoint: 4119 ns, Total: 79901 ns
[2024-02-10T21:45:03.557+0000][6][safepoint   ] Safepoint "Cleanup", Time since last: 512024872170 ns, Reaching safepoint: 80270 ns, At safepoint: 6555 ns, Total: 86825 ns
[2024-02-10T21:45:05.557+0000][6][safepoint   ] Safepoint "Cleanup", Time since last: 2000145651 ns, Reaching safepoint: 75435 ns, At safepoint: 4587 ns, Total: 80022 ns
[2024-02-10T21:46:31.562+0000][6][safepoint   ] Safepoint "Cleanup", Time since last: 86004566192 ns, Reaching safepoint: 80345 ns, At safepoint: 4316 ns, Total: 84661 ns
[2024-02-10T21:47:01.564+0000][6][safepoint   ] Safepoint "Cleanup", Time since last: 30001822835 ns, Reaching safepoint: 79636 ns, At safepoint: 4238 ns, Total: 83874 ns
[2024-02-10T21:47:31.566+0000][6][safepoint   ] Safepoint "Cleanup", Time since last: 30001831372 ns, Reaching safepoint: 74880 ns, At safepoint: 4185 ns, Total: 79065 ns
[2024-02-10T22:18:56.685+0000][6][safepoint   ] Safepoint "Cleanup", Time since last: 1885119058878 ns, Reaching safepoint: 68902 ns, At safepoint: 3963 ns, Total: 72865 ns
[2024-02-10T22:19:36.688+0000][6][safepoint   ] Safepoint "Cleanup", Time since last: 40002630533 ns, Reaching safepoint: 83418 ns, At safepoint: 10130 ns, Total: 93548 ns
[2024-02-10T22:26:09.712+0000][6][safepoint   ] Safepoint "Cleanup", Time since last: 393023983233 ns, Reaching safepoint: 103661 ns, At safepoint: 4053 ns, Total: 107714 ns
[2024-02-10T22:26:31.713+0000][6][safepoint   ] Safepoint "Cleanup", Time since last: 22001508457 ns, Reaching safepoint: 76381 ns, At safepoint: 4221 ns, Total: 80602 ns
[2024-02-10T22:27:01.715+0000][6][safepoint   ] Safepoint "Cleanup", Time since last: 30001818503 ns, Reaching safepoint: 87813 ns, At safepoint: 6100 ns, Total: 93913 ns
[2024-02-10T22:29:00.723+0000][6][safepoint   ] Safepoint "Cleanup", Time since last: 119007256431 ns, Reaching safepoint: 81965 ns, At safepoint: 4131 ns, Total: 86096 ns
[2024-02-10T22:30:01.727+0000][6][safepoint   ] Safepoint "Cleanup", Time since last: 61004223613 ns, Reaching safepoint: 76536 ns, At safepoint: 4437 ns, Total: 80973 ns
[2024-02-10T22:31:00.730+0000][6][safepoint   ] Safepoint "Cleanup", Time since last: 59003399248 ns, Reaching safepoint: 73319 ns, At safepoint: 5591 ns, Total: 78910 ns
[2024-02-10T22:51:01.800+0000][6][safepoint   ] Safepoint "Cleanup", Time since last: 1201069564359 ns, Reaching safepoint: 71177 ns, At safepoint: 3563 ns, Total: 74740 ns
[2024-02-10T23:13:01.877+0000][6][safepoint   ] Safepoint "Cleanup", Time since last: 1320076774918 ns, Reaching safepoint: 83418 ns, At safepoint: 4426 ns, Total: 87844 ns
[2024-02-10T23:13:31.879+0000][6][safepoint   ] Safepoint "Cleanup", Time since last: 30001778305 ns, Reaching safepoint: 65206 ns, At safepoint: 3460 ns, Total: 68666 ns
[2024-02-10T23:21:31.907+0000][6][safepoint   ] Safepoint "Cleanup", Time since last: 480027821646 ns, Reaching safepoint: 104437 ns, At safepoint: 3496 ns, Total: 107933 ns
[2024-02-10T23:26:31.924+0000][6][safepoint   ] Safepoint "Cleanup", Time since last: 300017584460 ns, Reaching safepoint: 70373 ns, At safepoint: 3678 ns, Total: 74051 ns
[2024-02-10T23:35:01.953+0000][6][safepoint   ] Safepoint "Cleanup", Time since last: 510029028784 ns, Reaching safepoint: 72216 ns, At safepoint: 3463 ns, Total: 75679 ns
[2024-02-10T23:35:39.956+0000][6][safepoint   ] Safepoint "Cleanup", Time since last: 38002288847 ns, Reaching safepoint: 73141 ns, At safepoint: 5280 ns, Total: 78421 ns
[2024-02-10T23:44:01.985+0000][6][safepoint   ] Safepoint "Cleanup", Time since last: 502029127703 ns, Reaching safepoint: 67883 ns, At safepoint: 5096 ns, Total: 72979 ns
[2024-02-10T23:44:31.987+0000][6][safepoint   ] Safepoint "Cleanup", Time since last: 30001842694 ns, Reaching safepoint: 77160 ns, At safepoint: 3407 ns, Total: 80567 ns
[2024-02-10T23:45:01.989+0000][6][safepoint   ] Safepoint "Cleanup", Time since last: 30001840535 ns, Reaching safepoint: 74641 ns, At safepoint: 3386 ns, Total: 78027 ns
[2024-02-10T23:47:08.996+0000][6][safepoint   ] Safepoint "Cleanup", Time since last: 127007471710 ns, Reaching safepoint: 72741 ns, At safepoint: 2996 ns, Total: 75737 ns
[2024-02-10T23:47:09.997+0000][6][safepoint   ] Safepoint "Cleanup", Time since last: 1000119968 ns, Reaching safepoint: 69331 ns, At safepoint: 3461 ns, Total: 72792 ns
[2024-02-10T23:47:10.997+0000][6][safepoint   ] Safepoint "Cleanup", Time since last: 1000118862 ns, Reaching safepoint: 61580 ns, At safepoint: 3533 ns, Total: 65113 ns
[2024-02-10T23:47:12.997+0000][6][safepoint   ] Safepoint "Cleanup", Time since last: 2000163748 ns, Reaching safepoint: 74196 ns, At safepoint: 3278 ns, Total: 77474 ns
[2024-02-10T23:47:14.997+0000][6][safepoint   ] Safepoint "Cleanup", Time since last: 2000181107 ns, Reaching safepoint: 66096 ns, At safepoint: 3474 ns, Total: 69570 ns
[2024-02-10T23:49:11.004+0000][6][safepoint   ] Safepoint "Cleanup", Time since last: 116006811614 ns, Reaching safepoint: 79775 ns, At safepoint: 3692 ns, Total: 83467 ns
[2024-02-10T23:49:48.006+0000][6][safepoint   ] Safepoint "Cleanup", Time since last: 37002179252 ns, Reaching safepoint: 73710 ns, At safepoint: 3492 ns, Total: 77202 ns
[2024-02-10T23:52:05.014+0000][6][safepoint   ] Safepoint "Cleanup", Time since last: 137008021309 ns, Reaching safepoint: 96139 ns, At safepoint: 3311 ns, Total: 99450 ns
[2024-02-10T23:52:32.016+0000][6][safepoint   ] Safepoint "Cleanup", Time since last: 27001678210 ns, Reaching safepoint: 69080 ns, At safepoint: 2529 ns, Total: 71609 ns
[2024-02-10T23:52:42.841+0000][6][gc,start    ] GC(19) Pause Young (Normal) (G1 Evacuation Pause)
[2024-02-10T23:52:42.841+0000][6][gc,task     ] GC(19) Using 12 workers of 13 for evacuation
[2024-02-10T23:52:42.841+0000][6][gc,age      ] GC(19) Desired survivor size 20971520 bytes, new threshold 3 (max threshold 15)
[2024-02-10T23:52:42.849+0000][6][gc,age      ] GC(19) Age table with threshold 3 (max threshold 15)
[2024-02-10T23:52:42.850+0000][6][gc,age      ] GC(19) - age   1:     261552 bytes,     261552 total
[2024-02-10T23:52:42.850+0000][6][gc,age      ] GC(19) - age   2:    1312568 bytes,    1574120 total
[2024-02-10T23:52:42.850+0000][6][gc,age      ] GC(19) - age   3:   12367104 bytes,   13941224 total
[2024-02-10T23:52:42.850+0000][6][gc,phases   ] GC(19)   Pre Evacuate Collection Set: 0.1ms
[2024-02-10T23:52:42.850+0000][6][gc,phases   ] GC(19)   Merge Heap Roots: 0.1ms
[2024-02-10T23:52:42.850+0000][6][gc,phases   ] GC(19)   Evacuate Collection Set: 7.0ms
[2024-02-10T23:52:42.850+0000][6][gc,phases   ] GC(19)   Post Evacuate Collection Set: 1.0ms
[2024-02-10T23:52:42.850+0000][6][gc,phases   ] GC(19)   Other: 0.3ms
[2024-02-10T23:52:42.850+0000][6][gc,heap     ] GC(19) Eden regions: 70->0(72)
[2024-02-10T23:52:42.850+0000][6][gc,heap     ] GC(19) Survivor regions: 6->4(10)
[2024-02-10T23:52:42.850+0000][6][gc,heap     ] GC(19) Old regions: 14->16
[2024-02-10T23:52:42.850+0000][6][gc,heap     ] GC(19) Archive regions: 2->2
[2024-02-10T23:52:42.850+0000][6][gc,heap     ] GC(19) Humongous regions: 2->2
[2024-02-10T23:52:42.850+0000][6][gc,metaspace] GC(19) Metaspace: 93185K(97428K)->93185K(97428K) NonClass: 80764K(83888K)->80764K(83888K) Class: 12420K(13540K)->12420K(13540K)
[2024-02-10T23:52:42.850+0000][6][gc          ] GC(19) Pause Young (Normal) (G1 Evacuation Pause) 370M->88M(512M) 8.620ms
[2024-02-10T23:52:42.850+0000][6][gc,cpu      ] GC(19) User=0.07s Sys=0.00s Real=0.01s
[2024-02-10T23:52:42.850+0000][6][safepoint   ] Safepoint "G1CollectForAllocation", Time since last: 10824805959 ns, Reaching safepoint: 77783 ns, At safepoint: 8697989 ns, Total: 8775772 ns
[2024-02-10T23:53:49.853+0000][6][safepoint   ] Safepoint "Cleanup", Time since last: 67003146868 ns, Reaching safepoint: 72662 ns, At safepoint: 3369 ns, Total: 76031 ns
[2024-02-10T23:54:01.854+0000][6][safepoint   ] Safepoint "Cleanup", Time since last: 12000628915 ns, Reaching safepoint: 69208 ns, At safepoint: 3366 ns, Total: 72574 ns
[2024-02-11T00:10:01.909+0000][6][safepoint   ] Safepoint "Cleanup", Time since last: 960055188225 ns, Reaching safepoint: 78616 ns, At safepoint: 4789 ns, Total: 83405 ns
[2024-02-11T00:18:39.939+0000][6][safepoint   ] Safepoint "Cleanup", Time since last: 518030150399 ns, Reaching safepoint: 77333 ns, At safepoint: 3715 ns, Total: 81048 ns
[2024-02-11T00:22:13.952+0000][6][safepoint   ] Safepoint "Cleanup", Time since last: 214012475027 ns, Reaching safepoint: 86406 ns, At safepoint: 3550 ns, Total: 89956 ns
[2024-02-11T00:22:34.953+0000][6][safepoint   ] Safepoint "Cleanup", Time since last: 21001380379 ns, Reaching safepoint: 90514 ns, At safepoint: 4183 ns, Total: 94697 ns
[2024-02-11T00:25:08.127+0000][6][gc,heap,exit] Heap
[2024-02-11T00:25:08.127+0000][6][gc,heap,exit]  garbage-first heap   total 524288K, used 152275K [0x00000000e0000000, 0x0000000100000000)
[2024-02-11T00:25:08.127+0000][6][gc,heap,exit]   region size 4096K, 20 young (81920K), 4 survivors (16384K)
[2024-02-11T00:25:08.127+0000][6][gc,heap,exit]  Metaspace       used 93565K, capacity 96878K, committed 97684K, reserved 1134592K
[2024-02-11T00:25:08.127+0000][6][gc,heap,exit]   class space    used 12486K, capacity 13501K, committed 13540K, reserved 1048576K
