[2024-02-06T08:51:09.570+0000][8][gc] Using G1
[2024-02-06T08:51:09.779+0000][8][gc,init] Version: 15.0.1+9 (release)
[2024-02-06T08:51:09.779+0000][8][gc,init] CPUs: 16 total, 16 available
[2024-02-06T08:51:09.780+0000][8][gc,init] Memory: 63240M
[2024-02-06T08:51:09.780+0000][8][gc,init] Large Page Support: Disabled
[2024-02-06T08:51:09.780+0000][8][gc,init] NUMA Support: Disabled
[2024-02-06T08:51:09.780+0000][8][gc,init] Compressed Oops: Enabled (32-bit)
[2024-02-06T08:51:09.780+0000][8][gc,init] Heap Region Size: 4M
[2024-02-06T08:51:09.780+0000][8][gc,init] Heap Min Capacity: 512M
[2024-02-06T08:51:09.780+0000][8][gc,init] Heap Initial Capacity: 512M
[2024-02-06T08:51:09.780+0000][8][gc,init] Heap Max Capacity: 512M
[2024-02-06T08:51:09.780+0000][8][gc,init] Pre-touch: Enabled
[2024-02-06T08:51:09.780+0000][8][gc,init] Parallel Workers: 13
[2024-02-06T08:51:09.780+0000][8][gc,init] Concurrent Workers: 3
[2024-02-06T08:51:09.780+0000][8][gc,init] Concurrent Refinement Workers: 13
[2024-02-06T08:51:09.780+0000][8][gc,init] Periodic GC: Disabled
[2024-02-06T08:51:09.780+0000][8][gc,cds ] Mark closed archive regions in map: [0x00000000ffc00000, 0x00000000ffc7bff8]
[2024-02-06T08:51:09.780+0000][8][gc,cds ] Mark open archive regions in map: [0x00000000ffb00000, 0x00000000ffb51ff8]
[2024-02-06T08:51:09.780+0000][8][gc,metaspace] CDS archive(s) mapped at: [0x0000000800000000-0x0000000800b2a000-0x0000000800b2a000), size 11706368, SharedBaseAddress: 0x0000000800000000, ArchiveRelocationMode: 0.
[2024-02-06T08:51:09.780+0000][8][gc,metaspace] Compressed class space mapped at: 0x0000000800b2c000-0x0000000840b2c000, size: 1073741824
[2024-02-06T08:51:09.780+0000][8][gc,metaspace] Narrow klass base: 0x0000000800000000, Narrow klass shift: 3, Narrow klass range: 0x100000000
[2024-02-06T08:51:10.031+0000][8][safepoint   ] Safepoint "ICBufferFull", Time since last: 243339105 ns, Reaching safepoint: 108039 ns, At safepoint: 3806 ns, Total: 111845 ns
[2024-02-06T08:51:10.200+0000][8][gc,start    ] GC(0) Pause Young (Normal) (G1 Evacuation Pause)
[2024-02-06T08:51:10.200+0000][8][gc,task     ] GC(0) Using 12 workers of 13 for evacuation
[2024-02-06T08:51:10.200+0000][8][gc,age      ] GC(0) Desired survivor size 2097152 bytes, new threshold 15 (max threshold 15)
[2024-02-06T08:51:10.203+0000][8][gc,age      ] GC(0) Age table with threshold 15 (max threshold 15)
[2024-02-06T08:51:10.203+0000][8][gc,age      ] GC(0) - age   1:    4167936 bytes,    4167936 total
[2024-02-06T08:51:10.203+0000][8][gc,phases   ] GC(0)   Pre Evacuate Collection Set: 0.1ms
[2024-02-06T08:51:10.203+0000][8][gc,phases   ] GC(0)   Merge Heap Roots: 0.0ms
[2024-02-06T08:51:10.203+0000][8][gc,phases   ] GC(0)   Evacuate Collection Set: 1.7ms
[2024-02-06T08:51:10.203+0000][8][gc,phases   ] GC(0)   Post Evacuate Collection Set: 0.3ms
[2024-02-06T08:51:10.203+0000][8][gc,phases   ] GC(0)   Other: 0.7ms
[2024-02-06T08:51:10.203+0000][8][gc,heap     ] GC(0) Eden regions: 6->0(6)
[2024-02-06T08:51:10.203+0000][8][gc,heap     ] GC(0) Survivor regions: 0->1(1)
[2024-02-06T08:51:10.203+0000][8][gc,heap     ] GC(0) Old regions: 0->1
[2024-02-06T08:51:10.203+0000][8][gc,heap     ] GC(0) Archive regions: 2->2
[2024-02-06T08:51:10.203+0000][8][gc,heap     ] GC(0) Humongous regions: 0->0
[2024-02-06T08:51:10.203+0000][8][gc,metaspace] GC(0) Metaspace: 8388K(9216K)->8388K(9216K) NonClass: 7453K(8192K)->7453K(8192K) Class: 935K(1024K)->935K(1024K)
[2024-02-06T08:51:10.203+0000][8][gc          ] GC(0) Pause Young (Normal) (G1 Evacuation Pause) 27M->7M(512M) 2.846ms
[2024-02-06T08:51:10.203+0000][8][gc,cpu      ] GC(0) User=0.02s Sys=0.00s Real=0.00s
[2024-02-06T08:51:10.203+0000][8][safepoint   ] Safepoint "G1CollectForAllocation", Time since last: 168443153 ns, Reaching safepoint: 124144 ns, At safepoint: 2930668 ns, Total: 3054812 ns
[2024-02-06T08:51:10.684+0000][8][gc,start    ] GC(1) Pause Young (Normal) (G1 Evacuation Pause)
[2024-02-06T08:51:10.684+0000][8][gc,task     ] GC(1) Using 12 workers of 13 for evacuation
[2024-02-06T08:51:10.684+0000][8][gc,age      ] GC(1) Desired survivor size 2097152 bytes, new threshold 1 (max threshold 15)
[2024-02-06T08:51:10.687+0000][8][gc,age      ] GC(1) Age table with threshold 1 (max threshold 15)
[2024-02-06T08:51:10.687+0000][8][gc,age      ] GC(1) - age   1:    2011272 bytes,    2011272 total
[2024-02-06T08:51:10.687+0000][8][gc,phases   ] GC(1)   Pre Evacuate Collection Set: 0.0ms
[2024-02-06T08:51:10.687+0000][8][gc,phases   ] GC(1)   Merge Heap Roots: 0.0ms
[2024-02-06T08:51:10.687+0000][8][gc,phases   ] GC(1)   Evacuate Collection Set: 2.2ms
[2024-02-06T08:51:10.687+0000][8][gc,phases   ] GC(1)   Post Evacuate Collection Set: 0.2ms
[2024-02-06T08:51:10.687+0000][8][gc,phases   ] GC(1)   Other: 0.1ms
[2024-02-06T08:51:10.687+0000][8][gc,heap     ] GC(1) Eden regions: 6->0(13)
[2024-02-06T08:51:10.687+0000][8][gc,heap     ] GC(1) Survivor regions: 1->1(1)
[2024-02-06T08:51:10.687+0000][8][gc,heap     ] GC(1) Old regions: 1->2
[2024-02-06T08:51:10.687+0000][8][gc,heap     ] GC(1) Archive regions: 2->2
[2024-02-06T08:51:10.687+0000][8][gc,heap     ] GC(1) Humongous regions: 0->0
[2024-02-06T08:51:10.687+0000][8][gc,metaspace] GC(1) Metaspace: 12625K(13184K)->12625K(13184K) NonClass: 11144K(11520K)->11144K(11520K) Class: 1481K(1664K)->1481K(1664K)
[2024-02-06T08:51:10.687+0000][8][gc          ] GC(1) Pause Young (Normal) (G1 Evacuation Pause) 31M->9M(512M) 2.709ms
[2024-02-06T08:51:10.687+0000][8][gc,cpu      ] GC(1) User=0.02s Sys=0.01s Real=0.01s
[2024-02-06T08:51:10.687+0000][8][safepoint   ] Safepoint "G1CollectForAllocation", Time since last: 481179643 ns, Reaching safepoint: 171464 ns, At safepoint: 2766006 ns, Total: 2937470 ns
[2024-02-06T08:51:11.097+0000][8][safepoint   ] Safepoint "ICBufferFull", Time since last: 410051010 ns, Reaching safepoint: 128319 ns, At safepoint: 4961 ns, Total: 133280 ns
[2024-02-06T08:51:11.162+0000][8][gc,start    ] GC(2) Pause Young (Normal) (G1 Evacuation Pause)
[2024-02-06T08:51:11.162+0000][8][gc,task     ] GC(2) Using 12 workers of 13 for evacuation
[2024-02-06T08:51:11.162+0000][8][gc,age      ] GC(2) Desired survivor size 4194304 bytes, new threshold 15 (max threshold 15)
[2024-02-06T08:51:11.164+0000][8][gc,age      ] GC(2) Age table with threshold 15 (max threshold 15)
[2024-02-06T08:51:11.164+0000][8][gc,age      ] GC(2) - age   1:    1250416 bytes,    1250416 total
[2024-02-06T08:51:11.164+0000][8][gc,age      ] GC(2) - age   2:    1987688 bytes,    3238104 total
[2024-02-06T08:51:11.164+0000][8][gc,phases   ] GC(2)   Pre Evacuate Collection Set: 0.1ms
[2024-02-06T08:51:11.164+0000][8][gc,phases   ] GC(2)   Merge Heap Roots: 0.0ms
[2024-02-06T08:51:11.164+0000][8][gc,phases   ] GC(2)   Evacuate Collection Set: 1.4ms
[2024-02-06T08:51:11.164+0000][8][gc,phases   ] GC(2)   Post Evacuate Collection Set: 0.3ms
[2024-02-06T08:51:11.164+0000][8][gc,phases   ] GC(2)   Other: 0.1ms
[2024-02-06T08:51:11.164+0000][8][gc,heap     ] GC(2) Eden regions: 13->0(69)
[2024-02-06T08:51:11.164+0000][8][gc,heap     ] GC(2) Survivor regions: 1->1(2)
[2024-02-06T08:51:11.164+0000][8][gc,heap     ] GC(2) Old regions: 2->2
[2024-02-06T08:51:11.164+0000][8][gc,heap     ] GC(2) Archive regions: 2->2
[2024-02-06T08:51:11.164+0000][8][gc,heap     ] GC(2) Humongous regions: 0->0
[2024-02-06T08:51:11.164+0000][8][gc,metaspace] GC(2) Metaspace: 14936K(15360K)->14936K(15360K) NonClass: 13242K(13568K)->13242K(13568K) Class: 1694K(1792K)->1694K(1792K)
[2024-02-06T08:51:11.164+0000][8][gc          ] GC(2) Pause Young (Normal) (G1 Evacuation Pause) 61M->11M(512M) 1.973ms
[2024-02-06T08:51:11.164+0000][8][gc,cpu      ] GC(2) User=0.01s Sys=0.00s Real=0.00s
[2024-02-06T08:51:11.164+0000][8][safepoint   ] Safepoint "G1CollectForAllocation", Time since last: 65098779 ns, Reaching safepoint: 64468 ns, At safepoint: 2021843 ns, Total: 2086311 ns
[2024-02-06T08:51:11.246+0000][8][safepoint   ] Safepoint "ICBufferFull", Time since last: 82031087 ns, Reaching safepoint: 55778 ns, At safepoint: 3949 ns, Total: 59727 ns
[2024-02-06T08:51:11.250+0000][8][safepoint   ] Safepoint "ICBufferFull", Time since last: 3336498 ns, Reaching safepoint: 33608 ns, At safepoint: 3163 ns, Total: 36771 ns
[2024-02-06T08:51:11.252+0000][8][safepoint   ] Safepoint "ICBufferFull", Time since last: 2199597 ns, Reaching safepoint: 29886 ns, At safepoint: 2552 ns, Total: 32438 ns
[2024-02-06T08:51:11.254+0000][8][safepoint   ] Safepoint "ICBufferFull", Time since last: 2140303 ns, Reaching safepoint: 28380 ns, At safepoint: 2485 ns, Total: 30865 ns
[2024-02-06T08:51:11.257+0000][8][safepoint   ] Safepoint "ICBufferFull", Time since last: 2753118 ns, Reaching safepoint: 28841 ns, At safepoint: 2618 ns, Total: 31459 ns
[2024-02-06T08:51:11.259+0000][8][safepoint   ] Safepoint "ICBufferFull", Time since last: 2311434 ns, Reaching safepoint: 29298 ns, At safepoint: 2554 ns, Total: 31852 ns
[2024-02-06T08:51:11.261+0000][8][safepoint   ] Safepoint "ICBufferFull", Time since last: 1654265 ns, Reaching safepoint: 28335 ns, At safepoint: 2653 ns, Total: 30988 ns
[2024-02-06T08:51:11.263+0000][8][safepoint   ] Safepoint "ICBufferFull", Time since last: 1659341 ns, Reaching safepoint: 35988 ns, At safepoint: 2560 ns, Total: 38548 ns
[2024-02-06T08:51:11.265+0000][8][safepoint   ] Safepoint "ICBufferFull", Time since last: 2109442 ns, Reaching safepoint: 26363 ns, At safepoint: 2460 ns, Total: 28823 ns
[2024-02-06T08:51:11.267+0000][8][safepoint   ] Safepoint "ICBufferFull", Time since last: 2418048 ns, Reaching safepoint: 26509 ns, At safepoint: 2502 ns, Total: 29011 ns
[2024-02-06T08:51:11.269+0000][8][safepoint   ] Safepoint "ICBufferFull", Time since last: 2098920 ns, Reaching safepoint: 92749 ns, At safepoint: 3598 ns, Total: 96347 ns
[2024-02-06T08:51:11.272+0000][8][safepoint   ] Safepoint "ICBufferFull", Time since last: 2289074 ns, Reaching safepoint: 27539 ns, At safepoint: 2505 ns, Total: 30044 ns
[2024-02-06T08:51:11.274+0000][8][safepoint   ] Safepoint "ICBufferFull", Time since last: 2532572 ns, Reaching safepoint: 37978 ns, At safepoint: 3032 ns, Total: 41010 ns
[2024-02-06T08:51:11.277+0000][8][safepoint   ] Safepoint "ICBufferFull", Time since last: 2567689 ns, Reaching safepoint: 30009 ns, At safepoint: 2909 ns, Total: 32918 ns
[2024-02-06T08:51:11.279+0000][8][safepoint   ] Safepoint "ICBufferFull", Time since last: 2200724 ns, Reaching safepoint: 27600 ns, At safepoint: 2576 ns, Total: 30176 ns
[2024-02-06T08:51:11.464+0000][8][safepoint   ] Safepoint "ICBufferFull", Time since last: 185106882 ns, Reaching safepoint: 148053 ns, At safepoint: 5972 ns, Total: 154025 ns
[2024-02-06T08:51:11.672+0000][8][gc,start    ] GC(3) Pause Young (Normal) (G1 Evacuation Pause)
[2024-02-06T08:51:11.672+0000][8][gc,task     ] GC(3) Using 12 workers of 13 for evacuation
[2024-02-06T08:51:11.672+0000][8][gc,age      ] GC(3) Desired survivor size 18874368 bytes, new threshold 15 (max threshold 15)
[2024-02-06T08:51:11.675+0000][8][gc,age      ] GC(3) Age table with threshold 15 (max threshold 15)
[2024-02-06T08:51:11.675+0000][8][gc,age      ] GC(3) - age   1:    5267864 bytes,    5267864 total
[2024-02-06T08:51:11.675+0000][8][gc,age      ] GC(3) - age   2:    1223544 bytes,    6491408 total
[2024-02-06T08:51:11.675+0000][8][gc,age      ] GC(3) - age   3:    1973280 bytes,    8464688 total
[2024-02-06T08:51:11.675+0000][8][gc,phases   ] GC(3)   Pre Evacuate Collection Set: 0.1ms
[2024-02-06T08:51:11.675+0000][8][gc,phases   ] GC(3)   Merge Heap Roots: 0.0ms
[2024-02-06T08:51:11.675+0000][8][gc,phases   ] GC(3)   Evacuate Collection Set: 2.6ms
[2024-02-06T08:51:11.675+0000][8][gc,phases   ] GC(3)   Post Evacuate Collection Set: 0.4ms
[2024-02-06T08:51:11.675+0000][8][gc,phases   ] GC(3)   Other: 0.2ms
[2024-02-06T08:51:11.675+0000][8][gc,heap     ] GC(3) Eden regions: 69->0(73)
[2024-02-06T08:51:11.675+0000][8][gc,heap     ] GC(3) Survivor regions: 1->3(9)
[2024-02-06T08:51:11.676+0000][8][gc,heap     ] GC(3) Old regions: 2->2
[2024-02-06T08:51:11.676+0000][8][gc,heap     ] GC(3) Archive regions: 2->2
[2024-02-06T08:51:11.676+0000][8][gc,heap     ] GC(3) Humongous regions: 0->0
[2024-02-06T08:51:11.676+0000][8][gc,metaspace] GC(3) Metaspace: 18586K(19328K)->18586K(19328K) NonClass: 16395K(16896K)->16395K(16896K) Class: 2190K(2432K)->2190K(2432K)
[2024-02-06T08:51:11.676+0000][8][gc          ] GC(3) Pause Young (Normal) (G1 Evacuation Pause) 287M->16M(512M) 3.326ms
[2024-02-06T08:51:11.676+0000][8][gc,cpu      ] GC(3) User=0.02s Sys=0.00s Real=0.00s
[2024-02-06T08:51:11.676+0000][8][safepoint   ] Safepoint "G1CollectForAllocation", Time since last: 207724158 ns, Reaching safepoint: 81274 ns, At safepoint: 3397601 ns, Total: 3478875 ns
[2024-02-06T08:51:11.982+0000][8][gc,start    ] GC(4) Pause Young (Normal) (G1 Evacuation Pause)
[2024-02-06T08:51:11.982+0000][8][gc,task     ] GC(4) Using 12 workers of 13 for evacuation
[2024-02-06T08:51:11.982+0000][8][gc,age      ] GC(4) Desired survivor size 20971520 bytes, new threshold 15 (max threshold 15)
[2024-02-06T08:51:11.985+0000][8][gc,age      ] GC(4) Age table with threshold 15 (max threshold 15)
[2024-02-06T08:51:11.985+0000][8][gc,age      ] GC(4) - age   1:    2506688 bytes,    2506688 total
[2024-02-06T08:51:11.985+0000][8][gc,age      ] GC(4) - age   2:    4581648 bytes,    7088336 total
[2024-02-06T08:51:11.985+0000][8][gc,age      ] GC(4) - age   3:    1223544 bytes,    8311880 total
[2024-02-06T08:51:11.985+0000][8][gc,age      ] GC(4) - age   4:    1973280 bytes,   10285160 total
[2024-02-06T08:51:11.985+0000][8][gc,phases   ] GC(4)   Pre Evacuate Collection Set: 0.0ms
[2024-02-06T08:51:11.985+0000][8][gc,phases   ] GC(4)   Merge Heap Roots: 0.1ms
[2024-02-06T08:51:11.985+0000][8][gc,phases   ] GC(4)   Evacuate Collection Set: 2.5ms
[2024-02-06T08:51:11.985+0000][8][gc,phases   ] GC(4)   Post Evacuate Collection Set: 0.4ms
[2024-02-06T08:51:11.985+0000][8][gc,phases   ] GC(4)   Other: 0.2ms
[2024-02-06T08:51:11.985+0000][8][gc,heap     ] GC(4) Eden regions: 73->0(73)
[2024-02-06T08:51:11.985+0000][8][gc,heap     ] GC(4) Survivor regions: 3->3(10)
[2024-02-06T08:51:11.985+0000][8][gc,heap     ] GC(4) Old regions: 2->2
[2024-02-06T08:51:11.985+0000][8][gc,heap     ] GC(4) Archive regions: 2->2
[2024-02-06T08:51:11.985+0000][8][gc,heap     ] GC(4) Humongous regions: 0->0
[2024-02-06T08:51:11.985+0000][8][gc,metaspace] GC(4) Metaspace: 19244K(20224K)->19244K(20224K) NonClass: 16960K(17664K)->16960K(17664K) Class: 2284K(2560K)->2284K(2560K)
[2024-02-06T08:51:11.985+0000][8][gc          ] GC(4) Pause Young (Normal) (G1 Evacuation Pause) 308M->18M(512M) 3.315ms
[2024-02-06T08:51:11.985+0000][8][gc,cpu      ] GC(4) User=0.02s Sys=0.01s Real=0.00s
[2024-02-06T08:51:11.985+0000][8][safepoint   ] Safepoint "G1CollectForAllocation", Time since last: 306224852 ns, Reaching safepoint: 78147 ns, At safepoint: 3371117 ns, Total: 3449264 ns
[2024-02-06T08:51:12.219+0000][8][gc,start    ] GC(5) Pause Young (Normal) (G1 Evacuation Pause)
[2024-02-06T08:51:12.219+0000][8][gc,task     ] GC(5) Using 12 workers of 13 for evacuation
[2024-02-06T08:51:12.219+0000][8][gc,age      ] GC(5) Desired survivor size 20971520 bytes, new threshold 15 (max threshold 15)
[2024-02-06T08:51:12.223+0000][8][gc,age      ] GC(5) Age table with threshold 15 (max threshold 15)
[2024-02-06T08:51:12.223+0000][8][gc,age      ] GC(5) - age   1:     638768 bytes,     638768 total
[2024-02-06T08:51:12.223+0000][8][gc,age      ] GC(5) - age   2:    2472808 bytes,    3111576 total
[2024-02-06T08:51:12.223+0000][8][gc,age      ] GC(5) - age   3:    4577632 bytes,    7689208 total
[2024-02-06T08:51:12.223+0000][8][gc,age      ] GC(5) - age   4:    1223544 bytes,    8912752 total
[2024-02-06T08:51:12.223+0000][8][gc,age      ] GC(5) - age   5:    1973280 bytes,   10886032 total
[2024-02-06T08:51:12.223+0000][8][gc,phases   ] GC(5)   Pre Evacuate Collection Set: 0.1ms
[2024-02-06T08:51:12.223+0000][8][gc,phases   ] GC(5)   Merge Heap Roots: 0.0ms
[2024-02-06T08:51:12.223+0000][8][gc,phases   ] GC(5)   Evacuate Collection Set: 3.2ms
[2024-02-06T08:51:12.223+0000][8][gc,phases   ] GC(5)   Post Evacuate Collection Set: 0.4ms
[2024-02-06T08:51:12.223+0000][8][gc,phases   ] GC(5)   Other: 0.2ms
[2024-02-06T08:51:12.223+0000][8][gc,heap     ] GC(5) Eden regions: 73->0(73)
[2024-02-06T08:51:12.223+0000][8][gc,heap     ] GC(5) Survivor regions: 3->3(10)
[2024-02-06T08:51:12.223+0000][8][gc,heap     ] GC(5) Old regions: 2->2
[2024-02-06T08:51:12.223+0000][8][gc,heap     ] GC(5) Archive regions: 2->2
[2024-02-06T08:51:12.223+0000][8][gc,heap     ] GC(5) Humongous regions: 0->0
[2024-02-06T08:51:12.223+0000][8][gc,metaspace] GC(5) Metaspace: 19559K(20480K)->19559K(20480K) NonClass: 17225K(17920K)->17225K(17920K) Class: 2334K(2560K)->2334K(2560K)
[2024-02-06T08:51:12.223+0000][8][gc          ] GC(5) Pause Young (Normal) (G1 Evacuation Pause) 310M->19M(512M) 3.936ms
[2024-02-06T08:51:12.223+0000][8][gc,cpu      ] GC(5) User=0.03s Sys=0.00s Real=0.00s
[2024-02-06T08:51:12.223+0000][8][safepoint   ] Safepoint "G1CollectForAllocation", Time since last: 234100868 ns, Reaching safepoint: 40746 ns, At safepoint: 4023426 ns, Total: 4064172 ns
[2024-02-06T08:51:12.435+0000][8][gc,start    ] GC(6) Pause Young (Normal) (G1 Evacuation Pause)
[2024-02-06T08:51:12.435+0000][8][gc,task     ] GC(6) Using 12 workers of 13 for evacuation
[2024-02-06T08:51:12.435+0000][8][gc,age      ] GC(6) Desired survivor size 20971520 bytes, new threshold 15 (max threshold 15)
[2024-02-06T08:51:12.438+0000][8][gc,age      ] GC(6) Age table with threshold 15 (max threshold 15)
[2024-02-06T08:51:12.438+0000][8][gc,age      ] GC(6) - age   1:    1014672 bytes,    1014672 total
[2024-02-06T08:51:12.438+0000][8][gc,age      ] GC(6) - age   2:     613712 bytes,    1628384 total
[2024-02-06T08:51:12.438+0000][8][gc,age      ] GC(6) - age   3:    2472136 bytes,    4100520 total
[2024-02-06T08:51:12.438+0000][8][gc,age      ] GC(6) - age   4:    4577216 bytes,    8677736 total
[2024-02-06T08:51:12.438+0000][8][gc,age      ] GC(6) - age   5:    1223544 bytes,    9901280 total
[2024-02-06T08:51:12.438+0000][8][gc,age      ] GC(6) - age   6:    1973280 bytes,   11874560 total
[2024-02-06T08:51:12.438+0000][8][gc,phases   ] GC(6)   Pre Evacuate Collection Set: 0.1ms
[2024-02-06T08:51:12.438+0000][8][gc,phases   ] GC(6)   Merge Heap Roots: 0.0ms
[2024-02-06T08:51:12.438+0000][8][gc,phases   ] GC(6)   Evacuate Collection Set: 2.6ms
[2024-02-06T08:51:12.438+0000][8][gc,phases   ] GC(6)   Post Evacuate Collection Set: 0.4ms
[2024-02-06T08:51:12.438+0000][8][gc,phases   ] GC(6)   Other: 0.2ms
[2024-02-06T08:51:12.438+0000][8][gc,heap     ] GC(6) Eden regions: 73->0(72)
[2024-02-06T08:51:12.438+0000][8][gc,heap     ] GC(6) Survivor regions: 3->4(10)
[2024-02-06T08:51:12.438+0000][8][gc,heap     ] GC(6) Old regions: 2->2
[2024-02-06T08:51:12.438+0000][8][gc,heap     ] GC(6) Archive regions: 2->2
[2024-02-06T08:51:12.438+0000][8][gc,heap     ] GC(6) Humongous regions: 0->0
[2024-02-06T08:51:12.438+0000][8][gc,metaspace] GC(6) Metaspace: 19806K(20864K)->19806K(20864K) NonClass: 17423K(18176K)->17423K(18176K) Class: 2382K(2688K)->2382K(2688K)
[2024-02-06T08:51:12.438+0000][8][gc          ] GC(6) Pause Young (Normal) (G1 Evacuation Pause) 311M->19M(512M) 3.328ms
[2024-02-06T08:51:12.438+0000][8][gc,cpu      ] GC(6) User=0.02s Sys=0.00s Real=0.01s
[2024-02-06T08:51:12.438+0000][8][safepoint   ] Safepoint "G1CollectForAllocation", Time since last: 211259002 ns, Reaching safepoint: 54434 ns, At safepoint: 3373422 ns, Total: 3427856 ns
[2024-02-06T08:51:12.562+0000][8][gc,start    ] GC(7) Pause Young (Concurrent Start) (Metadata GC Threshold)
[2024-02-06T08:51:12.562+0000][8][gc,task     ] GC(7) Using 12 workers of 13 for evacuation
[2024-02-06T08:51:12.562+0000][8][gc,age      ] GC(7) Desired survivor size 20971520 bytes, new threshold 15 (max threshold 15)
[2024-02-06T08:51:12.566+0000][8][gc,age      ] GC(7) Age table with threshold 15 (max threshold 15)
[2024-02-06T08:51:12.566+0000][8][gc,age      ] GC(7) - age   1:    1627064 bytes,    1627064 total
[2024-02-06T08:51:12.566+0000][8][gc,age      ] GC(7) - age   2:     647128 bytes,    2274192 total
[2024-02-06T08:51:12.566+0000][8][gc,age      ] GC(7) - age   3:     613648 bytes,    2887840 total
[2024-02-06T08:51:12.566+0000][8][gc,age      ] GC(7) - age   4:    2471096 bytes,    5358936 total
[2024-02-06T08:51:12.566+0000][8][gc,age      ] GC(7) - age   5:    4576728 bytes,    9935664 total
[2024-02-06T08:51:12.566+0000][8][gc,age      ] GC(7) - age   6:    1223368 bytes,   11159032 total
[2024-02-06T08:51:12.566+0000][8][gc,age      ] GC(7) - age   7:    1973280 bytes,   13132312 total
[2024-02-06T08:51:12.566+0000][8][gc,phases   ] GC(7)   Pre Evacuate Collection Set: 0.1ms
[2024-02-06T08:51:12.566+0000][8][gc,phases   ] GC(7)   Merge Heap Roots: 0.0ms
[2024-02-06T08:51:12.566+0000][8][gc,phases   ] GC(7)   Evacuate Collection Set: 3.3ms
[2024-02-06T08:51:12.566+0000][8][gc,phases   ] GC(7)   Post Evacuate Collection Set: 0.4ms
[2024-02-06T08:51:12.566+0000][8][gc,phases   ] GC(7)   Other: 0.2ms
[2024-02-06T08:51:12.566+0000][8][gc,heap     ] GC(7) Eden regions: 38->0(72)
[2024-02-06T08:51:12.566+0000][8][gc,heap     ] GC(7) Survivor regions: 4->4(10)
[2024-02-06T08:51:12.566+0000][8][gc,heap     ] GC(7) Old regions: 2->2
[2024-02-06T08:51:12.566+0000][8][gc,heap     ] GC(7) Archive regions: 2->2
[2024-02-06T08:51:12.566+0000][8][gc,heap     ] GC(7) Humongous regions: 0->0
[2024-02-06T08:51:12.566+0000][8][gc,metaspace] GC(7) Metaspace: 20094K(21296K)->20094K(21296K) NonClass: 17664K(18608K)->17664K(18608K) Class: 2430K(2688K)->2430K(2688K)
[2024-02-06T08:51:12.566+0000][8][gc          ] GC(7) Pause Young (Concurrent Start) (Metadata GC Threshold) 170M->21M(512M) 3.984ms
[2024-02-06T08:51:12.566+0000][8][gc,cpu      ] GC(7) User=0.02s Sys=0.00s Real=0.00s
[2024-02-06T08:51:12.566+0000][8][gc          ] GC(8) Concurrent Cycle
[2024-02-06T08:51:12.566+0000][8][gc,marking  ] GC(8) Concurrent Clear Claimed Marks
[2024-02-06T08:51:12.566+0000][8][gc,marking  ] GC(8) Concurrent Clear Claimed Marks 0.022ms
[2024-02-06T08:51:12.566+0000][8][gc,marking  ] GC(8) Concurrent Scan Root Regions
[2024-02-06T08:51:12.566+0000][8][safepoint   ] Safepoint "CollectForMetadataAllocation", Time since last: 124115781 ns, Reaching safepoint: 50010 ns, At safepoint: 4183854 ns, Total: 4233864 ns
[2024-02-06T08:51:12.570+0000][8][gc,marking  ] GC(8) Concurrent Scan Root Regions 3.318ms
[2024-02-06T08:51:12.570+0000][8][gc,marking  ] GC(8) Concurrent Mark (3.005s)
[2024-02-06T08:51:12.570+0000][8][gc,marking  ] GC(8) Concurrent Mark From Roots
[2024-02-06T08:51:12.570+0000][8][gc,task     ] GC(8) Using 3 workers of 3 for marking
[2024-02-06T08:51:12.573+0000][8][gc,marking  ] GC(8) Concurrent Mark From Roots 3.338ms
[2024-02-06T08:51:12.573+0000][8][gc,marking  ] GC(8) Concurrent Preclean
[2024-02-06T08:51:12.573+0000][8][gc,marking  ] GC(8) Concurrent Preclean 0.153ms
[2024-02-06T08:51:12.573+0000][8][gc,marking  ] GC(8) Concurrent Mark (3.005s, 3.009s) 3.534ms
[2024-02-06T08:51:12.573+0000][8][gc,start    ] GC(8) Pause Remark
[2024-02-06T08:51:12.574+0000][8][gc          ] GC(8) Pause Remark 29M->29M(512M) 1.037ms
[2024-02-06T08:51:12.574+0000][8][gc,cpu      ] GC(8) User=0.01s Sys=0.00s Real=0.00s
[2024-02-06T08:51:12.574+0000][8][safepoint   ] Safepoint "G1Concurrent", Time since last: 6803163 ns, Reaching safepoint: 52192 ns, At safepoint: 1099463 ns, Total: 1151655 ns
[2024-02-06T08:51:12.574+0000][8][gc,marking  ] GC(8) Concurrent Rebuild Remembered Sets
[2024-02-06T08:51:12.576+0000][8][gc,marking  ] GC(8) Concurrent Rebuild Remembered Sets 1.669ms
[2024-02-06T08:51:12.576+0000][8][gc,start    ] GC(8) Pause Cleanup
[2024-02-06T08:51:12.577+0000][8][gc          ] GC(8) Pause Cleanup 31M->31M(512M) 0.058ms
[2024-02-06T08:51:12.577+0000][8][gc,cpu      ] GC(8) User=0.00s Sys=0.00s Real=0.00s
[2024-02-06T08:51:12.577+0000][8][safepoint   ] Safepoint "G1Concurrent", Time since last: 1715135 ns, Reaching safepoint: 367972 ns, At safepoint: 85493 ns, Total: 453465 ns
[2024-02-06T08:51:12.577+0000][8][gc,marking  ] GC(8) Concurrent Cleanup for Next Mark
[2024-02-06T08:51:12.577+0000][8][gc,marking  ] GC(8) Concurrent Cleanup for Next Mark 0.488ms
[2024-02-06T08:51:12.577+0000][8][gc          ] GC(8) Concurrent Cycle 10.785ms
[2024-02-06T08:51:12.761+0000][8][gc,start    ] GC(9) Pause Young (Normal) (G1 Evacuation Pause)
[2024-02-06T08:51:12.761+0000][8][gc,task     ] GC(9) Using 12 workers of 13 for evacuation
[2024-02-06T08:51:12.761+0000][8][gc,age      ] GC(9) Desired survivor size 20971520 bytes, new threshold 15 (max threshold 15)
[2024-02-06T08:51:12.765+0000][8][gc,age      ] GC(9) Age table with threshold 15 (max threshold 15)
[2024-02-06T08:51:12.765+0000][8][gc,age      ] GC(9) - age   1:    1080912 bytes,    1080912 total
[2024-02-06T08:51:12.765+0000][8][gc,age      ] GC(9) - age   2:    1606880 bytes,    2687792 total
[2024-02-06T08:51:12.765+0000][8][gc,age      ] GC(9) - age   3:     645856 bytes,    3333648 total
[2024-02-06T08:51:12.765+0000][8][gc,age      ] GC(9) - age   4:     613104 bytes,    3946752 total
[2024-02-06T08:51:12.765+0000][8][gc,age      ] GC(9) - age   5:    2471096 bytes,    6417848 total
[2024-02-06T08:51:12.765+0000][8][gc,age      ] GC(9) - age   6:    4576728 bytes,   10994576 total
[2024-02-06T08:51:12.765+0000][8][gc,age      ] GC(9) - age   7:    1223144 bytes,   12217720 total
[2024-02-06T08:51:12.765+0000][8][gc,age      ] GC(9) - age   8:    1971648 bytes,   14189368 total
[2024-02-06T08:51:12.765+0000][8][gc,phases   ] GC(9)   Pre Evacuate Collection Set: 0.1ms
[2024-02-06T08:51:12.765+0000][8][gc,phases   ] GC(9)   Merge Heap Roots: 0.0ms
[2024-02-06T08:51:12.765+0000][8][gc,phases   ] GC(9)   Evacuate Collection Set: 3.3ms
[2024-02-06T08:51:12.765+0000][8][gc,phases   ] GC(9)   Post Evacuate Collection Set: 0.4ms
[2024-02-06T08:51:12.765+0000][8][gc,phases   ] GC(9)   Other: 0.2ms
[2024-02-06T08:51:12.765+0000][8][gc,heap     ] GC(9) Eden regions: 72->0(72)
[2024-02-06T08:51:12.765+0000][8][gc,heap     ] GC(9) Survivor regions: 4->4(10)
[2024-02-06T08:51:12.765+0000][8][gc,heap     ] GC(9) Old regions: 2->2
[2024-02-06T08:51:12.765+0000][8][gc,heap     ] GC(9) Archive regions: 2->2
[2024-02-06T08:51:12.765+0000][8][gc,heap     ] GC(9) Humongous regions: 0->0
[2024-02-06T08:51:12.765+0000][8][gc,metaspace] GC(9) Metaspace: 20193K(21552K)->20193K(21552K) NonClass: 17742K(18864K)->17742K(18864K) Class: 2451K(2688K)->2451K(2688K)
[2024-02-06T08:51:12.765+0000][8][gc          ] GC(9) Pause Young (Normal) (G1 Evacuation Pause) 309M->22M(512M) 4.197ms
[2024-02-06T08:51:12.765+0000][8][gc,cpu      ] GC(9) User=0.03s Sys=0.00s Real=0.00s
[2024-02-06T08:51:12.765+0000][8][safepoint   ] Safepoint "G1CollectForAllocation", Time since last: 184616859 ns, Reaching safepoint: 54735 ns, At safepoint: 4257272 ns, Total: 4312007 ns
[2024-02-06T08:51:13.194+0000][8][safepoint   ] Safepoint "ICBufferFull", Time since last: 428722111 ns, Reaching safepoint: 170349 ns, At safepoint: 5118 ns, Total: 175467 ns
[2024-02-06T08:51:13.399+0000][8][safepoint   ] Safepoint "ICBufferFull", Time since last: 204686651 ns, Reaching safepoint: 155482 ns, At safepoint: 5976 ns, Total: 161458 ns
[2024-02-06T08:51:14.019+0000][8][gc,start    ] GC(10) Pause Young (Normal) (G1 Evacuation Pause)
[2024-02-06T08:51:14.019+0000][8][gc,task     ] GC(10) Using 12 workers of 13 for evacuation
[2024-02-06T08:51:14.019+0000][8][gc,age      ] GC(10) Desired survivor size 20971520 bytes, new threshold 15 (max threshold 15)
[2024-02-06T08:51:14.039+0000][8][gc,age      ] GC(10) Age table with threshold 15 (max threshold 15)
[2024-02-06T08:51:14.039+0000][8][gc,age      ] GC(10) - age   1:   20958168 bytes,   20958168 total
[2024-02-06T08:51:14.039+0000][8][gc,age      ] GC(10) - age   2:     638288 bytes,   21596456 total
[2024-02-06T08:51:14.039+0000][8][gc,age      ] GC(10) - age   3:    1598968 bytes,   23195424 total
[2024-02-06T08:51:14.039+0000][8][gc,age      ] GC(10) - age   4:     634800 bytes,   23830224 total
[2024-02-06T08:51:14.039+0000][8][gc,age      ] GC(10) - age   5:     595184 bytes,   24425408 total
[2024-02-06T08:51:14.039+0000][8][gc,age      ] GC(10) - age   6:    2457872 bytes,   26883280 total
[2024-02-06T08:51:14.039+0000][8][gc,age      ] GC(10) - age   7:    4535456 bytes,   31418736 total
[2024-02-06T08:51:14.039+0000][8][gc,age      ] GC(10) - age   8:    1172456 bytes,   32591192 total
[2024-02-06T08:51:14.039+0000][8][gc,age      ] GC(10) - age   9:    1963760 bytes,   34554952 total
[2024-02-06T08:51:14.039+0000][8][gc,phases   ] GC(10)   Pre Evacuate Collection Set: 0.1ms
[2024-02-06T08:51:14.039+0000][8][gc,phases   ] GC(10)   Merge Heap Roots: 0.1ms
[2024-02-06T08:51:14.040+0000][8][gc,phases   ] GC(10)   Evacuate Collection Set: 19.8ms
[2024-02-06T08:51:14.040+0000][8][gc,phases   ] GC(10)   Post Evacuate Collection Set: 0.9ms
[2024-02-06T08:51:14.040+0000][8][gc,phases   ] GC(10)   Other: 0.2ms
[2024-02-06T08:51:14.040+0000][8][gc,heap     ] GC(10) Eden regions: 72->0(67)
[2024-02-06T08:51:14.040+0000][8][gc,heap     ] GC(10) Survivor regions: 4->9(10)
[2024-02-06T08:51:14.040+0000][8][gc,heap     ] GC(10) Old regions: 2->2
[2024-02-06T08:51:14.040+0000][8][gc,heap     ] GC(10) Archive regions: 2->2
[2024-02-06T08:51:14.040+0000][8][gc,heap     ] GC(10) Humongous regions: 0->0
[2024-02-06T08:51:14.040+0000][8][gc,metaspace] GC(10) Metaspace: 30081K(32176K)->30081K(32176K) NonClass: 26341K(27824K)->26341K(27824K) Class: 3739K(4352K)->3739K(4352K)
[2024-02-06T08:51:14.040+0000][8][gc          ] GC(10) Pause Young (Normal) (G1 Evacuation Pause) 310M->41M(512M) 21.036ms
[2024-02-06T08:51:14.040+0000][8][gc,cpu      ] GC(10) User=0.16s Sys=0.00s Real=0.02s
[2024-02-06T08:51:14.040+0000][8][safepoint   ] Safepoint "G1CollectForAllocation", Time since last: 619084500 ns, Reaching safepoint: 167758 ns, At safepoint: 21110911 ns, Total: 21278669 ns
[2024-02-06T08:51:14.511+0000][8][safepoint   ] Safepoint "ICBufferFull", Time since last: 471632310 ns, Reaching safepoint: 166057 ns, At safepoint: 3917 ns, Total: 169974 ns
[2024-02-06T08:51:14.635+0000][8][gc,start    ] GC(11) Pause Young (Concurrent Start) (Metadata GC Threshold)
[2024-02-06T08:51:14.635+0000][8][gc,task     ] GC(11) Using 12 workers of 13 for evacuation
[2024-02-06T08:51:14.635+0000][8][gc,age      ] GC(11) Desired survivor size 20971520 bytes, new threshold 2 (max threshold 15)
[2024-02-06T08:51:14.651+0000][8][gc,age      ] GC(11) Age table with threshold 2 (max threshold 15)
[2024-02-06T08:51:14.651+0000][8][gc,age      ] GC(11) - age   1:   17777784 bytes,   17777784 total
[2024-02-06T08:51:14.651+0000][8][gc,age      ] GC(11) - age   2:   20531240 bytes,   38309024 total
[2024-02-06T08:51:14.651+0000][8][gc,phases   ] GC(11)   Pre Evacuate Collection Set: 0.1ms
[2024-02-06T08:51:14.651+0000][8][gc,phases   ] GC(11)   Merge Heap Roots: 0.0ms
[2024-02-06T08:51:14.651+0000][8][gc,phases   ] GC(11)   Evacuate Collection Set: 15.2ms
[2024-02-06T08:51:14.651+0000][8][gc,phases   ] GC(11)   Post Evacuate Collection Set: 0.7ms
[2024-02-06T08:51:14.651+0000][8][gc,phases   ] GC(11)   Other: 0.2ms
[2024-02-06T08:51:14.651+0000][8][gc,heap     ] GC(11) Eden regions: 34->0(66)
[2024-02-06T08:51:14.651+0000][8][gc,heap     ] GC(11) Survivor regions: 9->10(10)
[2024-02-06T08:51:14.651+0000][8][gc,heap     ] GC(11) Old regions: 2->5
[2024-02-06T08:51:14.651+0000][8][gc,heap     ] GC(11) Archive regions: 2->2
[2024-02-06T08:51:14.651+0000][8][gc,heap     ] GC(11) Humongous regions: 0->0
[2024-02-06T08:51:14.651+0000][8][gc,metaspace] GC(11) Metaspace: 33591K(35888K)->33591K(35888K) NonClass: 29262K(30896K)->29262K(30896K) Class: 4329K(4992K)->4329K(4992K)
[2024-02-06T08:51:14.651+0000][8][gc          ] GC(11) Pause Young (Concurrent Start) (Metadata GC Threshold) 175M->60M(512M) 16.295ms
[2024-02-06T08:51:14.651+0000][8][gc,cpu      ] GC(11) User=0.16s Sys=0.00s Real=0.02s
[2024-02-06T08:51:14.651+0000][8][gc          ] GC(12) Concurrent Cycle
[2024-02-06T08:51:14.651+0000][8][gc,marking  ] GC(12) Concurrent Clear Claimed Marks
[2024-02-06T08:51:14.651+0000][8][gc,marking  ] GC(12) Concurrent Clear Claimed Marks 0.058ms
[2024-02-06T08:51:14.651+0000][8][gc,marking  ] GC(12) Concurrent Scan Root Regions
[2024-02-06T08:51:14.651+0000][8][safepoint   ] Safepoint "CollectForMetadataAllocation", Time since last: 123194164 ns, Reaching safepoint: 125917 ns, At safepoint: 16481705 ns, Total: 16607622 ns
[2024-02-06T08:51:14.665+0000][8][gc,marking  ] GC(12) Concurrent Scan Root Regions 14.175ms
[2024-02-06T08:51:14.665+0000][8][gc,marking  ] GC(12) Concurrent Mark (5.101s)
[2024-02-06T08:51:14.665+0000][8][gc,marking  ] GC(12) Concurrent Mark From Roots
[2024-02-06T08:51:14.665+0000][8][gc,task     ] GC(12) Using 3 workers of 3 for marking
[2024-02-06T08:51:14.670+0000][8][gc,marking  ] GC(12) Concurrent Mark From Roots 4.483ms
[2024-02-06T08:51:14.670+0000][8][gc,marking  ] GC(12) Concurrent Preclean
[2024-02-06T08:51:14.670+0000][8][gc,marking  ] GC(12) Concurrent Preclean 0.180ms
[2024-02-06T08:51:14.670+0000][8][gc,marking  ] GC(12) Concurrent Mark (5.101s, 5.105s) 4.721ms
[2024-02-06T08:51:14.670+0000][8][gc,start    ] GC(12) Pause Remark
[2024-02-06T08:51:14.672+0000][8][gc          ] GC(12) Pause Remark 62M->62M(512M) 1.432ms
[2024-02-06T08:51:14.672+0000][8][gc,cpu      ] GC(12) User=0.01s Sys=0.00s Real=0.00s
[2024-02-06T08:51:14.672+0000][8][safepoint   ] Safepoint "G1Concurrent", Time since last: 18933442 ns, Reaching safepoint: 128856 ns, At safepoint: 1490416 ns, Total: 1619272 ns
[2024-02-06T08:51:14.672+0000][8][gc,marking  ] GC(12) Concurrent Rebuild Remembered Sets
[2024-02-06T08:51:14.676+0000][8][gc,marking  ] GC(12) Concurrent Rebuild Remembered Sets 4.473ms
[2024-02-06T08:51:14.677+0000][8][gc,start    ] GC(12) Pause Cleanup
[2024-02-06T08:51:14.677+0000][8][gc          ] GC(12) Pause Cleanup 62M->62M(512M) 0.080ms
[2024-02-06T08:51:14.677+0000][8][gc,cpu      ] GC(12) User=0.00s Sys=0.00s Real=0.00s
[2024-02-06T08:51:14.677+0000][8][safepoint   ] Safepoint "G1Concurrent", Time since last: 4678305 ns, Reaching safepoint: 266045 ns, At safepoint: 123229 ns, Total: 389274 ns
[2024-02-06T08:51:14.677+0000][8][gc,marking  ] GC(12) Concurrent Cleanup for Next Mark
[2024-02-06T08:51:14.678+0000][8][gc,marking  ] GC(12) Concurrent Cleanup for Next Mark 0.700ms
[2024-02-06T08:51:14.678+0000][8][gc          ] GC(12) Concurrent Cycle 26.490ms
[2024-02-06T08:51:15.247+0000][8][safepoint   ] Safepoint "ICBufferFull", Time since last: 570223213 ns, Reaching safepoint: 215361 ns, At safepoint: 6742 ns, Total: 222103 ns
[2024-02-06T08:51:15.915+0000][8][safepoint   ] Safepoint "ICBufferFull", Time since last: 667667812 ns, Reaching safepoint: 160315 ns, At safepoint: 5077 ns, Total: 165392 ns
[2024-02-06T08:51:15.976+0000][8][gc,start    ] GC(13) Pause Young (Normal) (G1 Evacuation Pause)
[2024-02-06T08:51:15.976+0000][8][gc,task     ] GC(13) Using 12 workers of 13 for evacuation
[2024-02-06T08:51:15.976+0000][8][gc,age      ] GC(13) Desired survivor size 20971520 bytes, new threshold 2 (max threshold 15)
[2024-02-06T08:51:16.001+0000][8][gc,age      ] GC(13) Age table with threshold 2 (max threshold 15)
[2024-02-06T08:51:16.001+0000][8][gc,age      ] GC(13) - age   1:    6579480 bytes,    6579480 total
[2024-02-06T08:51:16.001+0000][8][gc,age      ] GC(13) - age   2:   17715024 bytes,   24294504 total
[2024-02-06T08:51:16.001+0000][8][gc,phases   ] GC(13)   Pre Evacuate Collection Set: 0.1ms
[2024-02-06T08:51:16.001+0000][8][gc,phases   ] GC(13)   Merge Heap Roots: 0.1ms
[2024-02-06T08:51:16.001+0000][8][gc,phases   ] GC(13)   Evacuate Collection Set: 23.1ms
[2024-02-06T08:51:16.001+0000][8][gc,phases   ] GC(13)   Post Evacuate Collection Set: 0.9ms
[2024-02-06T08:51:16.001+0000][8][gc,phases   ] GC(13)   Other: 0.2ms
[2024-02-06T08:51:16.001+0000][8][gc,heap     ] GC(13) Eden regions: 66->0(69)
[2024-02-06T08:51:16.001+0000][8][gc,heap     ] GC(13) Survivor regions: 10->7(10)
[2024-02-06T08:51:16.001+0000][8][gc,heap     ] GC(13) Old regions: 5->10
[2024-02-06T08:51:16.001+0000][8][gc,heap     ] GC(13) Archive regions: 2->2
[2024-02-06T08:51:16.001+0000][8][gc,heap     ] GC(13) Humongous regions: 0->0
[2024-02-06T08:51:16.001+0000][8][gc,metaspace] GC(13) Metaspace: 51934K(55344K)->51934K(55344K) NonClass: 45006K(47536K)->45006K(47536K) Class: 6927K(7808K)->6927K(7808K)
[2024-02-06T08:51:16.001+0000][8][gc          ] GC(13) Pause Young (Normal) (G1 Evacuation Pause) 324M->67M(512M) 24.328ms
[2024-02-06T08:51:16.001+0000][8][gc,cpu      ] GC(13) User=0.27s Sys=0.00s Real=0.03s
[2024-02-06T08:51:16.001+0000][8][safepoint   ] Safepoint "G1CollectForAllocation", Time since last: 61105030 ns, Reaching safepoint: 170007 ns, At safepoint: 24389109 ns, Total: 24559116 ns
[2024-02-06T08:51:16.288+0000][8][gc,start    ] GC(14) Pause Young (Concurrent Start) (Metadata GC Threshold)
[2024-02-06T08:51:16.288+0000][8][gc,task     ] GC(14) Using 12 workers of 13 for evacuation
[2024-02-06T08:51:16.288+0000][8][gc,age      ] GC(14) Desired survivor size 20971520 bytes, new threshold 2 (max threshold 15)
[2024-02-06T08:51:16.294+0000][8][gc,age      ] GC(14) Age table with threshold 2 (max threshold 15)
[2024-02-06T08:51:16.294+0000][8][gc,age      ] GC(14) - age   1:    2160992 bytes,    2160992 total
[2024-02-06T08:51:16.294+0000][8][gc,age      ] GC(14) - age   2:    6392344 bytes,    8553336 total
[2024-02-06T08:51:16.295+0000][8][gc,phases   ] GC(14)   Pre Evacuate Collection Set: 0.1ms
[2024-02-06T08:51:16.295+0000][8][gc,phases   ] GC(14)   Merge Heap Roots: 0.1ms
[2024-02-06T08:51:16.295+0000][8][gc,phases   ] GC(14)   Evacuate Collection Set: 6.2ms
[2024-02-06T08:51:16.295+0000][8][gc,phases   ] GC(14)   Post Evacuate Collection Set: 0.5ms
[2024-02-06T08:51:16.295+0000][8][gc,phases   ] GC(14)   Other: 0.2ms
[2024-02-06T08:51:16.295+0000][8][gc,heap     ] GC(14) Eden regions: 14->0(73)
[2024-02-06T08:51:16.295+0000][8][gc,heap     ] GC(14) Survivor regions: 7->3(10)
[2024-02-06T08:51:16.295+0000][8][gc,heap     ] GC(14) Old regions: 10->14
[2024-02-06T08:51:16.295+0000][8][gc,heap     ] GC(14) Archive regions: 2->2
[2024-02-06T08:51:16.295+0000][8][gc,heap     ] GC(14) Humongous regions: 0->0
[2024-02-06T08:51:16.295+0000][8][gc,metaspace] GC(14) Metaspace: 56469K(60208K)->56469K(60208K) NonClass: 49057K(51888K)->49057K(51888K) Class: 7412K(8320K)->7412K(8320K)
[2024-02-06T08:51:16.295+0000][8][gc          ] GC(14) Pause Young (Concurrent Start) (Metadata GC Threshold) 121M->70M(512M) 7.012ms
[2024-02-06T08:51:16.295+0000][8][gc,cpu      ] GC(14) User=0.06s Sys=0.01s Real=0.00s
[2024-02-06T08:51:16.295+0000][8][gc          ] GC(15) Concurrent Cycle
[2024-02-06T08:51:16.295+0000][8][gc,marking  ] GC(15) Concurrent Clear Claimed Marks
[2024-02-06T08:51:16.295+0000][8][gc,marking  ] GC(15) Concurrent Clear Claimed Marks 0.044ms
[2024-02-06T08:51:16.295+0000][8][gc,marking  ] GC(15) Concurrent Scan Root Regions
[2024-02-06T08:51:16.295+0000][8][safepoint   ] Safepoint "CollectForMetadataAllocation", Time since last: 286613421 ns, Reaching safepoint: 146699 ns, At safepoint: 7156684 ns, Total: 7303383 ns
[2024-02-06T08:51:16.303+0000][8][gc,marking  ] GC(15) Concurrent Scan Root Regions 8.530ms
[2024-02-06T08:51:16.303+0000][8][gc,marking  ] GC(15) Concurrent Mark (6.739s)
[2024-02-06T08:51:16.303+0000][8][gc,marking  ] GC(15) Concurrent Mark From Roots
[2024-02-06T08:51:16.303+0000][8][gc,task     ] GC(15) Using 3 workers of 3 for marking
[2024-02-06T08:51:16.316+0000][8][safepoint   ] Safepoint "CollectForMetadataAllocation", Time since last: 21295319 ns, Reaching safepoint: 67044 ns, At safepoint: 138634 ns, Total: 205678 ns
[2024-02-06T08:51:16.320+0000][8][gc,marking  ] GC(15) Concurrent Mark From Roots 16.881ms
[2024-02-06T08:51:16.320+0000][8][gc,marking  ] GC(15) Concurrent Preclean
[2024-02-06T08:51:16.320+0000][8][gc,marking  ] GC(15) Concurrent Preclean 0.299ms
[2024-02-06T08:51:16.320+0000][8][gc,marking  ] GC(15) Concurrent Mark (6.739s, 6.756s) 17.228ms
[2024-02-06T08:51:16.321+0000][8][gc,start    ] GC(15) Pause Remark
[2024-02-06T08:51:16.322+0000][8][gc          ] GC(15) Pause Remark 76M->76M(512M) 1.120ms
[2024-02-06T08:51:16.322+0000][8][gc,cpu      ] GC(15) User=0.01s Sys=0.01s Real=0.00s
[2024-02-06T08:51:16.322+0000][8][safepoint   ] Safepoint "G1Concurrent", Time since last: 4283687 ns, Reaching safepoint: 102068 ns, At safepoint: 1174996 ns, Total: 1277064 ns
[2024-02-06T08:51:16.322+0000][8][gc,marking  ] GC(15) Concurrent Rebuild Remembered Sets
[2024-02-06T08:51:16.345+0000][8][gc,marking  ] GC(15) Concurrent Rebuild Remembered Sets 23.725ms
[2024-02-06T08:51:16.346+0000][8][gc,start    ] GC(15) Pause Cleanup
[2024-02-06T08:51:16.346+0000][8][gc          ] GC(15) Pause Cleanup 76M->76M(512M) 0.087ms
[2024-02-06T08:51:16.346+0000][8][gc,cpu      ] GC(15) User=0.00s Sys=0.00s Real=0.00s
[2024-02-06T08:51:16.346+0000][8][safepoint   ] Safepoint "G1Concurrent", Time since last: 23853281 ns, Reaching safepoint: 479850 ns, At safepoint: 133914 ns, Total: 613764 ns
[2024-02-06T08:51:16.346+0000][8][gc,marking  ] GC(15) Concurrent Cleanup for Next Mark
[2024-02-06T08:51:16.347+0000][8][gc,marking  ] GC(15) Concurrent Cleanup for Next Mark 0.672ms
[2024-02-06T08:51:16.347+0000][8][gc          ] GC(15) Concurrent Cycle 52.399ms
[2024-02-06T08:51:17.367+0000][8][safepoint   ] Safepoint "ICBufferFull", Time since last: 1019571442 ns, Reaching safepoint: 907331 ns, At safepoint: 6914 ns, Total: 914245 ns
[2024-02-06T08:51:17.796+0000][8][safepoint   ] Safepoint "ICBufferFull", Time since last: 428912124 ns, Reaching safepoint: 192044 ns, At safepoint: 5006 ns, Total: 197050 ns
[2024-02-06T08:51:17.966+0000][8][safepoint   ] Safepoint "ICBufferFull", Time since last: 170081879 ns, Reaching safepoint: 138867 ns, At safepoint: 5983 ns, Total: 144850 ns
[2024-02-06T08:51:18.161+0000][8][safepoint   ] Safepoint "ICBufferFull", Time since last: 194624479 ns, Reaching safepoint: 161839 ns, At safepoint: 9282 ns, Total: 171121 ns
[2024-02-06T08:51:18.421+0000][8][safepoint   ] Safepoint "ICBufferFull", Time since last: 259963643 ns, Reaching safepoint: 165265 ns, At safepoint: 3574 ns, Total: 168839 ns
[2024-02-06T08:51:18.605+0000][8][safepoint   ] Safepoint "ICBufferFull", Time since last: 184183895 ns, Reaching safepoint: 231150 ns, At safepoint: 8292 ns, Total: 239442 ns
[2024-02-06T08:51:19.606+0000][8][safepoint   ] Safepoint "Cleanup", Time since last: 1000125901 ns, Reaching safepoint: 113787 ns, At safepoint: 3179 ns, Total: 116966 ns
[2024-02-06T08:51:21.606+0000][8][safepoint   ] Safepoint "Cleanup", Time since last: 2000153270 ns, Reaching safepoint: 56935 ns, At safepoint: 4900 ns, Total: 61835 ns
[2024-02-06T08:51:22.732+0000][8][safepoint   ] Safepoint "Cleanup", Time since last: 1125818482 ns, Reaching safepoint: 128213 ns, At safepoint: 5755 ns, Total: 133968 ns
[2024-02-06T08:51:23.746+0000][8][safepoint   ] Safepoint "Cleanup", Time since last: 1013933426 ns, Reaching safepoint: 70525 ns, At safepoint: 3277 ns, Total: 73802 ns
[2024-02-06T08:51:24.746+0000][8][safepoint   ] Safepoint "Cleanup", Time since last: 1000099957 ns, Reaching safepoint: 76838 ns, At safepoint: 4252 ns, Total: 81090 ns
[2024-02-06T08:51:26.746+0000][8][safepoint   ] Safepoint "Cleanup", Time since last: 2000160130 ns, Reaching safepoint: 70921 ns, At safepoint: 3309 ns, Total: 74230 ns
[2024-02-06T08:51:27.746+0000][8][safepoint   ] Safepoint "Cleanup", Time since last: 1000106236 ns, Reaching safepoint: 94166 ns, At safepoint: 2872 ns, Total: 97038 ns
[2024-02-06T08:51:28.747+0000][8][safepoint   ] Safepoint "Cleanup", Time since last: 1000101236 ns, Reaching safepoint: 159213 ns, At safepoint: 4173 ns, Total: 163386 ns
[2024-02-06T08:51:35.747+0000][8][safepoint   ] Safepoint "Cleanup", Time since last: 7000411243 ns, Reaching safepoint: 75647 ns, At safepoint: 3537 ns, Total: 79184 ns
[2024-02-06T08:51:36.747+0000][8][safepoint   ] Safepoint "Cleanup", Time since last: 1000103562 ns, Reaching safepoint: 68870 ns, At safepoint: 3888 ns, Total: 72758 ns
[2024-02-06T08:51:43.748+0000][8][safepoint   ] Safepoint "Cleanup", Time since last: 7000420459 ns, Reaching safepoint: 83449 ns, At safepoint: 3426 ns, Total: 86875 ns
[2024-02-06T08:51:44.748+0000][8][safepoint   ] Safepoint "Cleanup", Time since last: 1000094224 ns, Reaching safepoint: 71786 ns, At safepoint: 5200 ns, Total: 76986 ns
[2024-02-06T08:51:45.748+0000][8][safepoint   ] Safepoint "Cleanup", Time since last: 1000100828 ns, Reaching safepoint: 70838 ns, At safepoint: 3822 ns, Total: 74660 ns
[2024-02-06T08:51:48.749+0000][8][safepoint   ] Safepoint "Cleanup", Time since last: 3000222143 ns, Reaching safepoint: 78573 ns, At safepoint: 3475 ns, Total: 82048 ns
[2024-02-06T08:51:51.749+0000][8][safepoint   ] Safepoint "Cleanup", Time since last: 3000296695 ns, Reaching safepoint: 71112 ns, At safepoint: 3519 ns, Total: 74631 ns
[2024-02-06T08:51:53.749+0000][8][safepoint   ] Safepoint "Cleanup", Time since last: 2000167221 ns, Reaching safepoint: 70673 ns, At safepoint: 3565 ns, Total: 74238 ns
[2024-02-06T08:51:56.749+0000][8][safepoint   ] Safepoint "Cleanup", Time since last: 3000220891 ns, Reaching safepoint: 70924 ns, At safepoint: 3476 ns, Total: 74400 ns
[2024-02-06T08:52:01.750+0000][8][safepoint   ] Safepoint "Cleanup", Time since last: 5000337538 ns, Reaching safepoint: 77526 ns, At safepoint: 3697 ns, Total: 81223 ns
[2024-02-06T08:52:02.750+0000][8][safepoint   ] Safepoint "Cleanup", Time since last: 1000099830 ns, Reaching safepoint: 70540 ns, At safepoint: 3441 ns, Total: 73981 ns
[2024-02-06T08:52:04.750+0000][8][safepoint   ] Safepoint "Cleanup", Time since last: 2000159081 ns, Reaching safepoint: 72067 ns, At safepoint: 3722 ns, Total: 75789 ns
[2024-02-06T08:52:05.750+0000][8][safepoint   ] Safepoint "Cleanup", Time since last: 1000102283 ns, Reaching safepoint: 72130 ns, At safepoint: 3933 ns, Total: 76063 ns
[2024-02-06T08:52:06.751+0000][8][safepoint   ] Safepoint "Cleanup", Time since last: 1000102152 ns, Reaching safepoint: 115572 ns, At safepoint: 4375 ns, Total: 119947 ns
[2024-02-06T08:52:08.751+0000][8][safepoint   ] Safepoint "Cleanup", Time since last: 2000161700 ns, Reaching safepoint: 70308 ns, At safepoint: 3670 ns, Total: 73978 ns
[2024-02-06T08:52:10.751+0000][8][safepoint   ] Safepoint "Cleanup", Time since last: 2000160411 ns, Reaching safepoint: 69322 ns, At safepoint: 5347 ns, Total: 74669 ns
[2024-02-06T08:52:11.751+0000][8][safepoint   ] Safepoint "Cleanup", Time since last: 1000099029 ns, Reaching safepoint: 82119 ns, At safepoint: 3186 ns, Total: 85305 ns
[2024-02-06T08:52:11.771+0000][8][gc,start    ] GC(16) Pause Young (Concurrent Start) (G1 Evacuation Pause)
[2024-02-06T08:52:11.771+0000][8][gc,task     ] GC(16) Using 12 workers of 13 for evacuation
[2024-02-06T08:52:11.771+0000][8][gc,age      ] GC(16) Desired survivor size 20971520 bytes, new threshold 15 (max threshold 15)
[2024-02-06T08:52:11.784+0000][8][gc,age      ] GC(16) Age table with threshold 15 (max threshold 15)
[2024-02-06T08:52:11.784+0000][8][gc,age      ] GC(16) - age   1:   15266920 bytes,   15266920 total
[2024-02-06T08:52:11.784+0000][8][gc,age      ] GC(16) - age   2:    2091840 bytes,   17358760 total
[2024-02-06T08:52:11.784+0000][8][gc,age      ] GC(16) - age   3:    6136904 bytes,   23495664 total
[2024-02-06T08:52:11.784+0000][8][gc,phases   ] GC(16)   Pre Evacuate Collection Set: 0.2ms
[2024-02-06T08:52:11.784+0000][8][gc,phases   ] GC(16)   Merge Heap Roots: 0.1ms
[2024-02-06T08:52:11.784+0000][8][gc,phases   ] GC(16)   Evacuate Collection Set: 11.9ms
[2024-02-06T08:52:11.784+0000][8][gc,phases   ] GC(16)   Post Evacuate Collection Set: 1.5ms
[2024-02-06T08:52:11.784+0000][8][gc,phases   ] GC(16)   Other: 0.2ms
[2024-02-06T08:52:11.784+0000][8][gc,heap     ] GC(16) Eden regions: 73->0(70)
[2024-02-06T08:52:11.784+0000][8][gc,heap     ] GC(16) Survivor regions: 3->6(10)
[2024-02-06T08:52:11.784+0000][8][gc,heap     ] GC(16) Old regions: 14->14
[2024-02-06T08:52:11.785+0000][8][gc,heap     ] GC(16) Archive regions: 2->2
[2024-02-06T08:52:11.785+0000][8][gc,heap     ] GC(16) Humongous regions: 2->2
[2024-02-06T08:52:11.785+0000][8][gc,metaspace] GC(16) Metaspace: 93685K(97820K)->93685K(97820K) NonClass: 81058K(84124K)->81058K(84124K) Class: 12627K(13696K)->12627K(13696K)
[2024-02-06T08:52:11.785+0000][8][gc          ] GC(16) Pause Young (Concurrent Start) (G1 Evacuation Pause) 370M->91M(512M) 13.929ms
[2024-02-06T08:52:11.785+0000][8][gc,cpu      ] GC(16) User=0.08s Sys=0.00s Real=0.01s
[2024-02-06T08:52:11.785+0000][8][gc          ] GC(17) Concurrent Cycle
[2024-02-06T08:52:11.785+0000][8][safepoint   ] Safepoint "G1CollectForAllocation", Time since last: 19188055 ns, Reaching safepoint: 73591 ns, At safepoint: 14044214 ns, Total: 14117805 ns
[2024-02-06T08:52:11.785+0000][8][gc,marking  ] GC(17) Concurrent Clear Claimed Marks
[2024-02-06T08:52:11.786+0000][8][gc,marking  ] GC(17) Concurrent Clear Claimed Marks 1.243ms
[2024-02-06T08:52:11.786+0000][8][gc,marking  ] GC(17) Concurrent Scan Root Regions
[2024-02-06T08:52:11.792+0000][8][gc,marking  ] GC(17) Concurrent Scan Root Regions 6.477ms
[2024-02-06T08:52:11.792+0000][8][gc,marking  ] GC(17) Concurrent Mark (62.228s)
[2024-02-06T08:52:11.792+0000][8][gc,marking  ] GC(17) Concurrent Mark From Roots
[2024-02-06T08:52:11.792+0000][8][gc,task     ] GC(17) Using 3 workers of 3 for marking
[2024-02-06T08:52:11.830+0000][8][gc,marking  ] GC(17) Concurrent Mark From Roots 37.729ms
[2024-02-06T08:52:11.830+0000][8][gc,marking  ] GC(17) Concurrent Preclean
[2024-02-06T08:52:11.831+0000][8][gc,marking  ] GC(17) Concurrent Preclean 0.397ms
[2024-02-06T08:52:11.831+0000][8][gc,marking  ] GC(17) Concurrent Mark (62.228s, 62.266s) 38.193ms
[2024-02-06T08:52:11.831+0000][8][gc,start    ] GC(17) Pause Remark
[2024-02-06T08:52:11.835+0000][8][gc          ] GC(17) Pause Remark 95M->95M(512M) 4.284ms
[2024-02-06T08:52:11.835+0000][8][gc,cpu      ] GC(17) User=0.01s Sys=0.00s Real=0.00s
[2024-02-06T08:52:11.835+0000][8][safepoint   ] Safepoint "G1Concurrent", Time since last: 46002586 ns, Reaching safepoint: 117064 ns, At safepoint: 4380989 ns, Total: 4498053 ns
[2024-02-06T08:52:11.835+0000][8][gc,marking  ] GC(17) Concurrent Rebuild Remembered Sets
[2024-02-06T08:52:11.863+0000][8][gc,marking  ] GC(17) Concurrent Rebuild Remembered Sets 28.337ms
[2024-02-06T08:52:11.864+0000][8][gc,start    ] GC(17) Pause Cleanup
[2024-02-06T08:52:11.864+0000][8][gc          ] GC(17) Pause Cleanup 95M->95M(512M) 0.071ms
[2024-02-06T08:52:11.864+0000][8][gc,cpu      ] GC(17) User=0.00s Sys=0.00s Real=0.00s
[2024-02-06T08:52:11.864+0000][8][safepoint   ] Safepoint "G1Concurrent", Time since last: 28420287 ns, Reaching safepoint: 351640 ns, At safepoint: 121184 ns, Total: 472824 ns
[2024-02-06T08:52:11.864+0000][8][gc,marking  ] GC(17) Concurrent Cleanup for Next Mark
[2024-02-06T08:52:11.865+0000][8][gc,marking  ] GC(17) Concurrent Cleanup for Next Mark 0.485ms
[2024-02-06T08:52:11.865+0000][8][gc          ] GC(17) Concurrent Cycle 79.936ms
[2024-02-06T08:52:13.864+0000][8][safepoint   ] Safepoint "Cleanup", Time since last: 2000133967 ns, Reaching safepoint: 89290 ns, At safepoint: 2924 ns, Total: 92214 ns
[2024-02-06T08:52:17.865+0000][8][safepoint   ] Safepoint "Cleanup", Time since last: 4000281308 ns, Reaching safepoint: 85876 ns, At safepoint: 2781 ns, Total: 88657 ns
[2024-02-06T08:52:18.865+0000][8][safepoint   ] Safepoint "Cleanup", Time since last: 1000104233 ns, Reaching safepoint: 107983 ns, At safepoint: 3696 ns, Total: 111679 ns
[2024-02-06T08:52:21.865+0000][8][safepoint   ] Safepoint "Cleanup", Time since last: 3000220845 ns, Reaching safepoint: 104738 ns, At safepoint: 4316 ns, Total: 109054 ns
[2024-02-06T08:52:32.866+0000][8][safepoint   ] Safepoint "Cleanup", Time since last: 11000681206 ns, Reaching safepoint: 112125 ns, At safepoint: 4748 ns, Total: 116873 ns
[2024-02-06T08:52:33.866+0000][8][safepoint   ] Safepoint "Cleanup", Time since last: 1000104287 ns, Reaching safepoint: 102839 ns, At safepoint: 3676 ns, Total: 106515 ns
[2024-02-06T08:52:35.866+0000][8][safepoint   ] Safepoint "Cleanup", Time since last: 2000162444 ns, Reaching safepoint: 84569 ns, At safepoint: 5256 ns, Total: 89825 ns
[2024-02-06T08:52:42.867+0000][8][safepoint   ] Safepoint "Cleanup", Time since last: 7000454111 ns, Reaching safepoint: 94950 ns, At safepoint: 3755 ns, Total: 98705 ns
[2024-02-06T08:52:46.867+0000][8][safepoint   ] Safepoint "Cleanup", Time since last: 4000280551 ns, Reaching safepoint: 93301 ns, At safepoint: 3176 ns, Total: 96477 ns
[2024-02-06T08:52:48.868+0000][8][safepoint   ] Safepoint "Cleanup", Time since last: 2000164162 ns, Reaching safepoint: 92056 ns, At safepoint: 5854 ns, Total: 97910 ns
[2024-02-06T08:52:56.868+0000][8][safepoint   ] Safepoint "Cleanup", Time since last: 8000579040 ns, Reaching safepoint: 82512 ns, At safepoint: 8056 ns, Total: 90568 ns
[2024-02-06T08:52:59.869+0000][8][safepoint   ] Safepoint "Cleanup", Time since last: 3000216251 ns, Reaching safepoint: 78880 ns, At safepoint: 3929 ns, Total: 82809 ns
[2024-02-06T08:53:01.869+0000][8][safepoint   ] Safepoint "Cleanup", Time since last: 2000177039 ns, Reaching safepoint: 86474 ns, At safepoint: 6012 ns, Total: 92486 ns
[2024-02-06T08:53:18.870+0000][8][safepoint   ] Safepoint "Cleanup", Time since last: 17001070567 ns, Reaching safepoint: 82765 ns, At safepoint: 3675 ns, Total: 86440 ns
[2024-02-06T08:53:23.871+0000][8][safepoint   ] Safepoint "Cleanup", Time since last: 5000409732 ns, Reaching safepoint: 121824 ns, At safepoint: 4049 ns, Total: 125873 ns
[2024-02-06T08:53:24.871+0000][8][safepoint   ] Safepoint "Cleanup", Time since last: 1000104002 ns, Reaching safepoint: 81855 ns, At safepoint: 3693 ns, Total: 85548 ns
[2024-02-06T08:53:27.871+0000][8][safepoint   ] Safepoint "Cleanup", Time since last: 3000226022 ns, Reaching safepoint: 84565 ns, At safepoint: 3296 ns, Total: 87861 ns
[2024-02-06T08:53:41.872+0000][8][safepoint   ] Safepoint "Cleanup", Time since last: 14000882628 ns, Reaching safepoint: 78955 ns, At safepoint: 4011 ns, Total: 82966 ns
[2024-02-06T08:53:48.873+0000][8][safepoint   ] Safepoint "Cleanup", Time since last: 7000459175 ns, Reaching safepoint: 78854 ns, At safepoint: 3655 ns, Total: 82509 ns
[2024-02-06T08:53:54.873+0000][8][safepoint   ] Safepoint "Cleanup", Time since last: 6000474768 ns, Reaching safepoint: 85369 ns, At safepoint: 4217 ns, Total: 89586 ns
[2024-02-06T08:54:01.874+0000][8][safepoint   ] Safepoint "Cleanup", Time since last: 7000457823 ns, Reaching safepoint: 88986 ns, At safepoint: 3684 ns, Total: 92670 ns
[2024-02-06T08:54:12.874+0000][8][safepoint   ] Safepoint "Cleanup", Time since last: 11000685527 ns, Reaching safepoint: 104055 ns, At safepoint: 6688 ns, Total: 110743 ns
[2024-02-06T08:54:13.875+0000][8][safepoint   ] Safepoint "Cleanup", Time since last: 1000104386 ns, Reaching safepoint: 88461 ns, At safepoint: 3900 ns, Total: 92361 ns
[2024-02-06T08:54:28.876+0000][8][safepoint   ] Safepoint "Cleanup", Time since last: 15000916575 ns, Reaching safepoint: 103489 ns, At safepoint: 3669 ns, Total: 107158 ns
[2024-02-06T08:54:31.876+0000][8][safepoint   ] Safepoint "Cleanup", Time since last: 3000219196 ns, Reaching safepoint: 82199 ns, At safepoint: 3771 ns, Total: 85970 ns
[2024-02-06T08:54:41.877+0000][8][safepoint   ] Safepoint "Cleanup", Time since last: 10000633852 ns, Reaching safepoint: 79341 ns, At safepoint: 3872 ns, Total: 83213 ns
[2024-02-06T08:54:46.877+0000][8][safepoint   ] Safepoint "Cleanup", Time since last: 5000341314 ns, Reaching safepoint: 90149 ns, At safepoint: 3670 ns, Total: 93819 ns
[2024-02-06T08:54:48.877+0000][8][safepoint   ] Safepoint "Cleanup", Time since last: 2000151794 ns, Reaching safepoint: 90163 ns, At safepoint: 5754 ns, Total: 95917 ns
[2024-02-06T08:55:38.880+0000][8][safepoint   ] Safepoint "Cleanup", Time since last: 50002946621 ns, Reaching safepoint: 95287 ns, At safepoint: 3153 ns, Total: 98440 ns
[2024-02-06T08:55:47.881+0000][8][safepoint   ] Safepoint "Cleanup", Time since last: 9000571435 ns, Reaching safepoint: 97426 ns, At safepoint: 3697 ns, Total: 101123 ns
[2024-02-06T08:55:48.881+0000][8][safepoint   ] Safepoint "Cleanup", Time since last: 1000094665 ns, Reaching safepoint: 79903 ns, At safepoint: 3486 ns, Total: 83389 ns
[2024-02-06T08:56:01.882+0000][8][safepoint   ] Safepoint "Cleanup", Time since last: 13000786508 ns, Reaching safepoint: 83014 ns, At safepoint: 3627 ns, Total: 86641 ns
[2024-02-06T08:56:21.883+0000][8][safepoint   ] Safepoint "Cleanup", Time since last: 20001219953 ns, Reaching safepoint: 80410 ns, At safepoint: 8017 ns, Total: 88427 ns
[2024-02-06T08:56:48.885+0000][8][safepoint   ] Safepoint "Cleanup", Time since last: 27001710303 ns, Reaching safepoint: 95239 ns, At safepoint: 3436 ns, Total: 98675 ns
[2024-02-06T08:57:34.888+0000][8][safepoint   ] Safepoint "Cleanup", Time since last: 46002749100 ns, Reaching safepoint: 99707 ns, At safepoint: 3130 ns, Total: 102837 ns
[2024-02-06T08:57:40.889+0000][8][safepoint   ] Safepoint "Cleanup", Time since last: 6000397114 ns, Reaching safepoint: 106774 ns, At safepoint: 6119 ns, Total: 112893 ns
[2024-02-06T08:57:41.889+0000][8][safepoint   ] Safepoint "Cleanup", Time since last: 1000098857 ns, Reaching safepoint: 78262 ns, At safepoint: 3910 ns, Total: 82172 ns
[2024-02-06T08:57:48.889+0000][8][safepoint   ] Safepoint "Cleanup", Time since last: 7000430708 ns, Reaching safepoint: 94341 ns, At safepoint: 3383 ns, Total: 97724 ns
[2024-02-06T08:58:07.891+0000][8][safepoint   ] Safepoint "Cleanup", Time since last: 19001147767 ns, Reaching safepoint: 79077 ns, At safepoint: 3646 ns, Total: 82723 ns
[2024-02-06T08:58:48.893+0000][8][safepoint   ] Safepoint "Cleanup", Time since last: 41002376775 ns, Reaching safepoint: 80775 ns, At safepoint: 8189 ns, Total: 88964 ns
[2024-02-06T08:59:18.895+0000][8][safepoint   ] Safepoint "Cleanup", Time since last: 30001866317 ns, Reaching safepoint: 89319 ns, At safepoint: 4227 ns, Total: 93546 ns
[2024-02-06T09:00:00.898+0000][8][safepoint   ] Safepoint "Cleanup", Time since last: 42002430980 ns, Reaching safepoint: 76389 ns, At safepoint: 3470 ns, Total: 79859 ns
[2024-02-06T09:00:07.898+0000][8][safepoint   ] Safepoint "Cleanup", Time since last: 7000535636 ns, Reaching safepoint: 81616 ns, At safepoint: 3605 ns, Total: 85221 ns
[2024-02-06T09:00:08.898+0000][8][safepoint   ] Safepoint "Cleanup", Time since last: 1000101190 ns, Reaching safepoint: 81056 ns, At safepoint: 3781 ns, Total: 84837 ns
[2024-02-06T09:00:19.899+0000][8][safepoint   ] Safepoint "Cleanup", Time since last: 11000695850 ns, Reaching safepoint: 77682 ns, At safepoint: 3651 ns, Total: 81333 ns
[2024-02-06T09:00:25.900+0000][8][safepoint   ] Safepoint "Cleanup", Time since last: 6000474309 ns, Reaching safepoint: 87893 ns, At safepoint: 3593 ns, Total: 91486 ns
[2024-02-06T09:00:37.900+0000][8][safepoint   ] Safepoint "Cleanup", Time since last: 12000737707 ns, Reaching safepoint: 77944 ns, At safepoint: 3439 ns, Total: 81383 ns
[2024-02-06T09:00:48.901+0000][8][safepoint   ] Safepoint "Cleanup", Time since last: 11000652441 ns, Reaching safepoint: 79902 ns, At safepoint: 5381 ns, Total: 85283 ns
[2024-02-06T09:02:25.907+0000][8][safepoint   ] Safepoint "Cleanup", Time since last: 97005733112 ns, Reaching safepoint: 104963 ns, At safepoint: 8317 ns, Total: 113280 ns
[2024-02-06T09:02:48.909+0000][8][safepoint   ] Safepoint "Cleanup", Time since last: 23001482454 ns, Reaching safepoint: 148462 ns, At safepoint: 6595 ns, Total: 155057 ns
[2024-02-06T09:03:43.912+0000][8][safepoint   ] Safepoint "Cleanup", Time since last: 55003298733 ns, Reaching safepoint: 100244 ns, At safepoint: 3707 ns, Total: 103951 ns
[2024-02-06T09:03:52.913+0000][8][safepoint   ] Safepoint "Cleanup", Time since last: 9000552002 ns, Reaching safepoint: 99043 ns, At safepoint: 4292 ns, Total: 103335 ns
[2024-02-06T09:04:09.914+0000][8][safepoint   ] Safepoint "Cleanup", Time since last: 17001016133 ns, Reaching safepoint: 90259 ns, At safepoint: 3694 ns, Total: 93953 ns
[2024-02-06T09:04:11.914+0000][8][safepoint   ] Safepoint "Cleanup", Time since last: 2000163208 ns, Reaching safepoint: 81581 ns, At safepoint: 3347 ns, Total: 84928 ns
[2024-02-06T09:04:18.915+0000][8][safepoint   ] Safepoint "Cleanup", Time since last: 7000469161 ns, Reaching safepoint: 135491 ns, At safepoint: 3947 ns, Total: 139438 ns
[2024-02-06T09:05:18.918+0000][8][safepoint   ] Safepoint "Cleanup", Time since last: 60003526036 ns, Reaching safepoint: 93770 ns, At safepoint: 3618 ns, Total: 97388 ns
[2024-02-06T09:05:48.920+0000][8][safepoint   ] Safepoint "Cleanup", Time since last: 30001787898 ns, Reaching safepoint: 91915 ns, At safepoint: 3406 ns, Total: 95321 ns
[2024-02-06T09:07:18.926+0000][8][safepoint   ] Safepoint "Cleanup", Time since last: 90005330016 ns, Reaching safepoint: 135314 ns, At safepoint: 4618 ns, Total: 139932 ns
[2024-02-06T09:07:48.928+0000][8][safepoint   ] Safepoint "Cleanup", Time since last: 30001829643 ns, Reaching safepoint: 244434 ns, At safepoint: 3999 ns, Total: 248433 ns
[2024-02-06T09:07:53.928+0000][8][safepoint   ] Safepoint "Cleanup", Time since last: 5000338820 ns, Reaching safepoint: 76698 ns, At safepoint: 4200 ns, Total: 80898 ns
[2024-02-06T09:07:59.929+0000][8][safepoint   ] Safepoint "Cleanup", Time since last: 6000415834 ns, Reaching safepoint: 78021 ns, At safepoint: 3705 ns, Total: 81726 ns
[2024-02-06T09:08:16.930+0000][8][safepoint   ] Safepoint "Cleanup", Time since last: 17001067550 ns, Reaching safepoint: 89846 ns, At safepoint: 3448 ns, Total: 93294 ns
[2024-02-06T09:08:17.930+0000][8][safepoint   ] Safepoint "Cleanup", Time since last: 1000095386 ns, Reaching safepoint: 84942 ns, At safepoint: 5653 ns, Total: 90595 ns
[2024-02-06T09:08:26.931+0000][8][safepoint   ] Safepoint "Cleanup", Time since last: 9000578046 ns, Reaching safepoint: 85419 ns, At safepoint: 5643 ns, Total: 91062 ns
[2024-02-06T09:09:17.934+0000][8][safepoint   ] Safepoint "Cleanup", Time since last: 51003127794 ns, Reaching safepoint: 88637 ns, At safepoint: 3272 ns, Total: 91909 ns
[2024-02-06T09:09:18.934+0000][8][safepoint   ] Safepoint "Cleanup", Time since last: 1000098363 ns, Reaching safepoint: 74948 ns, At safepoint: 3976 ns, Total: 78924 ns
[2024-02-06T09:10:36.939+0000][8][safepoint   ] Safepoint "Cleanup", Time since last: 78004727585 ns, Reaching safepoint: 93138 ns, At safepoint: 3705 ns, Total: 96843 ns
[2024-02-06T09:10:47.940+0000][8][safepoint   ] Safepoint "Cleanup", Time since last: 11000727168 ns, Reaching safepoint: 97279 ns, At safepoint: 3464 ns, Total: 100743 ns
[2024-02-06T09:10:52.940+0000][8][safepoint   ] Safepoint "Cleanup", Time since last: 5000341476 ns, Reaching safepoint: 82688 ns, At safepoint: 3813 ns, Total: 86501 ns
[2024-02-06T09:11:06.941+0000][8][safepoint   ] Safepoint "Cleanup", Time since last: 14000865275 ns, Reaching safepoint: 77830 ns, At safepoint: 5748 ns, Total: 83578 ns
[2024-02-06T09:11:17.942+0000][8][safepoint   ] Safepoint "Cleanup", Time since last: 11000687652 ns, Reaching safepoint: 94009 ns, At safepoint: 3570 ns, Total: 97579 ns
[2024-02-06T09:11:18.942+0000][8][safepoint   ] Safepoint "Cleanup", Time since last: 1000090085 ns, Reaching safepoint: 88095 ns, At safepoint: 5809 ns, Total: 93904 ns
[2024-02-06T09:11:48.944+0000][8][safepoint   ] Safepoint "Cleanup", Time since last: 30001828352 ns, Reaching safepoint: 91619 ns, At safepoint: 3338 ns, Total: 94957 ns
[2024-02-06T09:11:56.945+0000][8][safepoint   ] Safepoint "Cleanup", Time since last: 8000479115 ns, Reaching safepoint: 86059 ns, At safepoint: 8080 ns, Total: 94139 ns
[2024-02-06T09:12:18.946+0000][8][safepoint   ] Safepoint "Cleanup", Time since last: 22001335205 ns, Reaching safepoint: 96822 ns, At safepoint: 3976 ns, Total: 100798 ns
[2024-02-06T09:12:41.948+0000][8][safepoint   ] Safepoint "Cleanup", Time since last: 23001386580 ns, Reaching safepoint: 80510 ns, At safepoint: 3693 ns, Total: 84203 ns
[2024-02-06T09:13:18.950+0000][8][safepoint   ] Safepoint "Cleanup", Time since last: 37002236476 ns, Reaching safepoint: 99114 ns, At safepoint: 3622 ns, Total: 102736 ns
[2024-02-06T09:13:48.952+0000][8][safepoint   ] Safepoint "Cleanup", Time since last: 30001806926 ns, Reaching safepoint: 81401 ns, At safepoint: 3605 ns, Total: 85006 ns
[2024-02-06T09:14:17.954+0000][8][safepoint   ] Safepoint "Cleanup", Time since last: 29001736375 ns, Reaching safepoint: 93211 ns, At safepoint: 3632 ns, Total: 96843 ns
[2024-02-06T09:14:18.954+0000][8][safepoint   ] Safepoint "Cleanup", Time since last: 1000105765 ns, Reaching safepoint: 110633 ns, At safepoint: 3675 ns, Total: 114308 ns
[2024-02-06T09:14:27.954+0000][8][safepoint   ] Safepoint "Cleanup", Time since last: 9000586968 ns, Reaching safepoint: 91644 ns, At safepoint: 3769 ns, Total: 95413 ns
[2024-02-06T09:14:28.955+0000][8][safepoint   ] Safepoint "Cleanup", Time since last: 1000097510 ns, Reaching safepoint: 84166 ns, At safepoint: 3610 ns, Total: 87776 ns
[2024-02-06T09:14:48.956+0000][8][safepoint   ] Safepoint "Cleanup", Time since last: 20001236470 ns, Reaching safepoint: 76765 ns, At safepoint: 3471 ns, Total: 80236 ns
[2024-02-06T09:15:47.960+0000][8][safepoint   ] Safepoint "Cleanup", Time since last: 59003524638 ns, Reaching safepoint: 293937 ns, At safepoint: 6579 ns, Total: 300516 ns
[2024-02-06T09:16:18.962+0000][8][safepoint   ] Safepoint "Cleanup", Time since last: 31001875111 ns, Reaching safepoint: 97002 ns, At safepoint: 3533 ns, Total: 100535 ns
[2024-02-06T09:16:48.964+0000][8][safepoint   ] Safepoint "Cleanup", Time since last: 30001782260 ns, Reaching safepoint: 101244 ns, At safepoint: 4148 ns, Total: 105392 ns
[2024-02-06T09:17:18.966+0000][8][safepoint   ] Safepoint "Cleanup", Time since last: 30001751543 ns, Reaching safepoint: 90710 ns, At safepoint: 4070 ns, Total: 94780 ns
[2024-02-06T09:17:52.968+0000][8][safepoint   ] Safepoint "Cleanup", Time since last: 34002029068 ns, Reaching safepoint: 105518 ns, At safepoint: 3562 ns, Total: 109080 ns
[2024-02-06T09:17:57.968+0000][8][safepoint   ] Safepoint "Cleanup", Time since last: 5000342731 ns, Reaching safepoint: 88854 ns, At safepoint: 3802 ns, Total: 92656 ns
[2024-02-06T09:18:18.969+0000][8][safepoint   ] Safepoint "Cleanup", Time since last: 21001292596 ns, Reaching safepoint: 91662 ns, At safepoint: 4242 ns, Total: 95904 ns
[2024-02-06T09:18:48.971+0000][8][safepoint   ] Safepoint "Cleanup", Time since last: 30001825405 ns, Reaching safepoint: 99194 ns, At safepoint: 3651 ns, Total: 102845 ns
[2024-02-06T09:19:18.973+0000][8][safepoint   ] Safepoint "Cleanup", Time since last: 30001774182 ns, Reaching safepoint: 93863 ns, At safepoint: 3701 ns, Total: 97564 ns
[2024-02-06T09:19:21.974+0000][8][safepoint   ] Safepoint "Cleanup", Time since last: 3000216030 ns, Reaching safepoint: 78906 ns, At safepoint: 3416 ns, Total: 82322 ns
[2024-02-06T09:20:18.977+0000][8][safepoint   ] Safepoint "Cleanup", Time since last: 57003404645 ns, Reaching safepoint: 134946 ns, At safepoint: 4089 ns, Total: 139035 ns
[2024-02-06T09:21:52.983+0000][8][safepoint   ] Safepoint "Cleanup", Time since last: 94005600524 ns, Reaching safepoint: 96708 ns, At safepoint: 3337 ns, Total: 100045 ns
[2024-02-06T09:23:16.988+0000][8][safepoint   ] Safepoint "Cleanup", Time since last: 84004969360 ns, Reaching safepoint: 94203 ns, At safepoint: 3884 ns, Total: 98087 ns
[2024-02-06T09:23:18.988+0000][8][safepoint   ] Safepoint "Cleanup", Time since last: 2000159230 ns, Reaching safepoint: 80449 ns, At safepoint: 3647 ns, Total: 84096 ns
[2024-02-06T09:23:48.990+0000][8][safepoint   ] Safepoint "Cleanup", Time since last: 30001813961 ns, Reaching safepoint: 98424 ns, At safepoint: 3776 ns, Total: 102200 ns
[2024-02-06T09:26:18.999+0000][8][safepoint   ] Safepoint "Cleanup", Time since last: 150008845112 ns, Reaching safepoint: 92377 ns, At safepoint: 3702 ns, Total: 96079 ns
[2024-02-06T09:26:52.001+0000][8][safepoint   ] Safepoint "Cleanup", Time since last: 33001948458 ns, Reaching safepoint: 92070 ns, At safepoint: 3321 ns, Total: 95391 ns
[2024-02-06T09:28:49.008+0000][8][safepoint   ] Safepoint "Cleanup", Time since last: 117006947595 ns, Reaching safepoint: 92147 ns, At safepoint: 3763 ns, Total: 95910 ns
[2024-02-06T09:29:19.010+0000][8][safepoint   ] Safepoint "Cleanup", Time since last: 30001841776 ns, Reaching safepoint: 95798 ns, At safepoint: 6760 ns, Total: 102558 ns
[2024-02-06T09:29:49.012+0000][8][safepoint   ] Safepoint "Cleanup", Time since last: 30001816912 ns, Reaching safepoint: 103518 ns, At safepoint: 3496 ns, Total: 107014 ns
[2024-02-06T09:31:19.017+0000][8][safepoint   ] Safepoint "Cleanup", Time since last: 90005327689 ns, Reaching safepoint: 92086 ns, At safepoint: 7040 ns, Total: 99126 ns
[2024-02-06T09:31:24.018+0000][8][safepoint   ] Safepoint "Cleanup", Time since last: 5000349151 ns, Reaching safepoint: 84361 ns, At safepoint: 5930 ns, Total: 90291 ns
[2024-02-06T09:34:07.027+0000][8][safepoint   ] Safepoint "Cleanup", Time since last: 163009504155 ns, Reaching safepoint: 95615 ns, At safepoint: 5774 ns, Total: 101389 ns
[2024-02-06T09:34:08.028+0000][8][safepoint   ] Safepoint "Cleanup", Time since last: 1000096870 ns, Reaching safepoint: 96573 ns, At safepoint: 3509 ns, Total: 100082 ns
[2024-02-06T09:35:55.034+0000][8][safepoint   ] Safepoint "Cleanup", Time since last: 107006347445 ns, Reaching safepoint: 94151 ns, At safepoint: 3764 ns, Total: 97915 ns
[2024-02-06T09:36:04.035+0000][8][safepoint   ] Safepoint "Cleanup", Time since last: 9000576804 ns, Reaching safepoint: 101645 ns, At safepoint: 3534 ns, Total: 105179 ns
[2024-02-06T09:36:37.037+0000][8][safepoint   ] Safepoint "Cleanup", Time since last: 33002013300 ns, Reaching safepoint: 92032 ns, At safepoint: 3626 ns, Total: 95658 ns
[2024-02-06T09:36:49.038+0000][8][safepoint   ] Safepoint "Cleanup", Time since last: 12000718835 ns, Reaching safepoint: 87092 ns, At safepoint: 3680 ns, Total: 90772 ns
[2024-02-06T09:39:49.048+0000][8][safepoint   ] Safepoint "Cleanup", Time since last: 180010571358 ns, Reaching safepoint: 98470 ns, At safepoint: 3492 ns, Total: 101962 ns
[2024-02-06T09:42:19.057+0000][8][safepoint   ] Safepoint "Cleanup", Time since last: 150008688179 ns, Reaching safepoint: 95261 ns, At safepoint: 3202 ns, Total: 98463 ns
[2024-02-06T09:44:29.181+0000][8][safepoint   ] Safepoint "Cleanup", Time since last: 130124263510 ns, Reaching safepoint: 74911 ns, At safepoint: 3622 ns, Total: 78533 ns
[2024-02-06T09:44:30.182+0000][8][safepoint   ] Safepoint "Cleanup", Time since last: 1000204909 ns, Reaching safepoint: 134622 ns, At safepoint: 3601 ns, Total: 138223 ns
[2024-02-06T09:44:31.182+0000][8][safepoint   ] Safepoint "Cleanup", Time since last: 1000095067 ns, Reaching safepoint: 80096 ns, At safepoint: 4141 ns, Total: 84237 ns
[2024-02-06T09:44:48.183+0000][8][safepoint   ] Safepoint "Cleanup", Time since last: 17001035534 ns, Reaching safepoint: 82353 ns, At safepoint: 3863 ns, Total: 86216 ns
[2024-02-06T09:45:18.185+0000][8][safepoint   ] Safepoint "Cleanup", Time since last: 30001819166 ns, Reaching safepoint: 90714 ns, At safepoint: 3526 ns, Total: 94240 ns
[2024-02-06T09:46:14.188+0000][8][safepoint   ] Safepoint "Cleanup", Time since last: 56003225202 ns, Reaching safepoint: 115215 ns, At safepoint: 3104 ns, Total: 118319 ns
[2024-02-06T09:46:18.189+0000][8][safepoint   ] Safepoint "Cleanup", Time since last: 4000254705 ns, Reaching safepoint: 89288 ns, At safepoint: 5593 ns, Total: 94881 ns
[2024-02-06T09:46:48.191+0000][8][safepoint   ] Safepoint "Cleanup", Time since last: 30001771065 ns, Reaching safepoint: 92345 ns, At safepoint: 2765 ns, Total: 95110 ns
[2024-02-06T09:50:22.203+0000][8][safepoint   ] Safepoint "Cleanup", Time since last: 214012683782 ns, Reaching safepoint: 94892 ns, At safepoint: 5742 ns, Total: 100634 ns
[2024-02-06T09:50:31.204+0000][8][safepoint   ] Safepoint "Cleanup", Time since last: 9000575321 ns, Reaching safepoint: 91228 ns, At safepoint: 3421 ns, Total: 94649 ns
[2024-02-06T09:50:48.205+0000][8][safepoint   ] Safepoint "Cleanup", Time since last: 17001029475 ns, Reaching safepoint: 79527 ns, At safepoint: 3473 ns, Total: 83000 ns
[2024-02-06T09:51:18.207+0000][8][safepoint   ] Safepoint "Cleanup", Time since last: 30001833838 ns, Reaching safepoint: 90722 ns, At safepoint: 3498 ns, Total: 94220 ns
[2024-02-06T09:51:49.209+0000][8][safepoint   ] Safepoint "Cleanup", Time since last: 31001842480 ns, Reaching safepoint: 97510 ns, At safepoint: 3806 ns, Total: 101316 ns
[2024-02-06T09:51:53.209+0000][8][safepoint   ] Safepoint "Cleanup", Time since last: 4000228664 ns, Reaching safepoint: 78625 ns, At safepoint: 3922 ns, Total: 82547 ns
[2024-02-06T09:54:18.218+0000][8][safepoint   ] Safepoint "Cleanup", Time since last: 145008647289 ns, Reaching safepoint: 98286 ns, At safepoint: 3555 ns, Total: 101841 ns
[2024-02-06T09:55:01.221+0000][8][safepoint   ] Safepoint "Cleanup", Time since last: 43002550091 ns, Reaching safepoint: 88649 ns, At safepoint: 5618 ns, Total: 94267 ns
[2024-02-06T09:55:18.222+0000][8][safepoint   ] Safepoint "Cleanup", Time since last: 17001038029 ns, Reaching safepoint: 80052 ns, At safepoint: 3065 ns, Total: 83117 ns
[2024-02-06T09:55:19.222+0000][8][safepoint   ] Safepoint "Cleanup", Time since last: 1000099387 ns, Reaching safepoint: 82612 ns, At safepoint: 3578 ns, Total: 86190 ns
[2024-02-06T09:55:27.223+0000][8][safepoint   ] Safepoint "Cleanup", Time since last: 8000522334 ns, Reaching safepoint: 115461 ns, At safepoint: 3821 ns, Total: 119282 ns
[2024-02-06T09:55:28.223+0000][8][safepoint   ] Safepoint "Cleanup", Time since last: 1000099707 ns, Reaching safepoint: 124260 ns, At safepoint: 3593 ns, Total: 127853 ns
[2024-02-06T09:55:38.224+0000][8][safepoint   ] Safepoint "Cleanup", Time since last: 10000615271 ns, Reaching safepoint: 125799 ns, At safepoint: 5922 ns, Total: 131721 ns
[2024-02-06T09:56:18.226+0000][8][safepoint   ] Safepoint "Cleanup", Time since last: 40002362305 ns, Reaching safepoint: 102076 ns, At safepoint: 3748 ns, Total: 105824 ns
[2024-02-06T09:58:49.235+0000][8][safepoint   ] Safepoint "Cleanup", Time since last: 151008822888 ns, Reaching safepoint: 122940 ns, At safepoint: 3762 ns, Total: 126702 ns
[2024-02-06T09:59:51.239+0000][8][safepoint   ] Safepoint "Cleanup", Time since last: 62003643850 ns, Reaching safepoint: 94858 ns, At safepoint: 7680 ns, Total: 102538 ns
[2024-02-06T10:00:48.242+0000][8][safepoint   ] Safepoint "Cleanup", Time since last: 57003335107 ns, Reaching safepoint: 93688 ns, At safepoint: 3507 ns, Total: 97195 ns
[2024-02-06T10:01:18.244+0000][8][safepoint   ] Safepoint "Cleanup", Time since last: 30001785971 ns, Reaching safepoint: 89847 ns, At safepoint: 3734 ns, Total: 93581 ns
[2024-02-06T10:04:19.255+0000][8][safepoint   ] Safepoint "Cleanup", Time since last: 181010417852 ns, Reaching safepoint: 144256 ns, At safepoint: 4651 ns, Total: 148907 ns
[2024-02-06T10:04:48.257+0000][8][safepoint   ] Safepoint "Cleanup", Time since last: 29001740878 ns, Reaching safepoint: 104298 ns, At safepoint: 3601 ns, Total: 107899 ns
[2024-02-06T10:06:48.264+0000][8][safepoint   ] Safepoint "Cleanup", Time since last: 120007084814 ns, Reaching safepoint: 98161 ns, At safepoint: 3403 ns, Total: 101564 ns
[2024-02-06T10:11:48.281+0000][8][safepoint   ] Safepoint "Cleanup", Time since last: 300017538709 ns, Reaching safepoint: 97749 ns, At safepoint: 3745 ns, Total: 101494 ns
[2024-02-06T10:16:36.298+0000][8][safepoint   ] Safepoint "Cleanup", Time since last: 288016693366 ns, Reaching safepoint: 94174 ns, At safepoint: 5606 ns, Total: 99780 ns
[2024-02-06T10:19:21.308+0000][8][safepoint   ] Safepoint "Cleanup", Time since last: 165009558431 ns, Reaching safepoint: 94673 ns, At safepoint: 3554 ns, Total: 98227 ns
[2024-02-06T10:20:58.314+0000][8][safepoint   ] Safepoint "Cleanup", Time since last: 97005733798 ns, Reaching safepoint: 113504 ns, At safepoint: 3990 ns, Total: 117494 ns
[2024-02-06T10:21:19.315+0000][8][safepoint   ] Safepoint "Cleanup", Time since last: 21001277365 ns, Reaching safepoint: 94930 ns, At safepoint: 7060 ns, Total: 101990 ns
[2024-02-06T10:23:04.321+0000][8][safepoint   ] Safepoint "Cleanup", Time since last: 105006250095 ns, Reaching safepoint: 101943 ns, At safepoint: 3868 ns, Total: 105811 ns
[2024-02-06T10:23:06.322+0000][8][safepoint   ] Safepoint "Cleanup", Time since last: 2000159827 ns, Reaching safepoint: 127794 ns, At safepoint: 4750 ns, Total: 132544 ns
[2024-02-06T10:23:18.323+0000][8][safepoint   ] Safepoint "Cleanup", Time since last: 12000715649 ns, Reaching safepoint: 98145 ns, At safepoint: 8058 ns, Total: 106203 ns
[2024-02-06T10:23:48.324+0000][8][safepoint   ] Safepoint "Cleanup", Time since last: 30001830394 ns, Reaching safepoint: 123045 ns, At safepoint: 4557 ns, Total: 127602 ns
[2024-02-06T10:27:18.337+0000][8][safepoint   ] Safepoint "Cleanup", Time since last: 210012373049 ns, Reaching safepoint: 91117 ns, At safepoint: 2634 ns, Total: 93751 ns
[2024-02-06T10:31:18.351+0000][8][safepoint   ] Safepoint "Cleanup", Time since last: 240014352473 ns, Reaching safepoint: 98104 ns, At safepoint: 7285 ns, Total: 105389 ns
[2024-02-06T10:34:48.364+0000][8][safepoint   ] Safepoint "Cleanup", Time since last: 210012224713 ns, Reaching safepoint: 120553 ns, At safepoint: 4433 ns, Total: 124986 ns
[2024-02-06T10:36:18.369+0000][8][safepoint   ] Safepoint "Cleanup", Time since last: 90005306446 ns, Reaching safepoint: 102630 ns, At safepoint: 3671 ns, Total: 106301 ns
[2024-02-06T10:36:49.371+0000][8][safepoint   ] Safepoint "Cleanup", Time since last: 31001796906 ns, Reaching safepoint: 98438 ns, At safepoint: 3607 ns, Total: 102045 ns
[2024-02-06T10:37:08.372+0000][8][safepoint   ] Safepoint "Cleanup", Time since last: 19001140763 ns, Reaching safepoint: 84696 ns, At safepoint: 3728 ns, Total: 88424 ns
[2024-02-06T10:37:18.373+0000][8][safepoint   ] Safepoint "Cleanup", Time since last: 10000645010 ns, Reaching safepoint: 95017 ns, At safepoint: 3563 ns, Total: 98580 ns
[2024-02-06T10:38:06.376+0000][8][safepoint   ] Safepoint "Cleanup", Time since last: 48002865008 ns, Reaching safepoint: 101940 ns, At safepoint: 3521 ns, Total: 105461 ns
[2024-02-06T10:42:48.392+0000][8][safepoint   ] Safepoint "Cleanup", Time since last: 282016315546 ns, Reaching safepoint: 122737 ns, At safepoint: 4041 ns, Total: 126778 ns
[2024-02-06T10:43:18.394+0000][8][safepoint   ] Safepoint "Cleanup", Time since last: 30001737018 ns, Reaching safepoint: 92025 ns, At safepoint: 7575 ns, Total: 99600 ns
[2024-02-06T10:44:18.398+0000][8][safepoint   ] Safepoint "Cleanup", Time since last: 60003538646 ns, Reaching safepoint: 93051 ns, At safepoint: 3691 ns, Total: 96742 ns
[2024-02-06T10:45:48.403+0000][8][safepoint   ] Safepoint "Cleanup", Time since last: 90005306030 ns, Reaching safepoint: 100941 ns, At safepoint: 3404 ns, Total: 104345 ns
[2024-02-06T10:46:49.407+0000][8][safepoint   ] Safepoint "Cleanup", Time since last: 61003576477 ns, Reaching safepoint: 94258 ns, At safepoint: 3558 ns, Total: 97816 ns
[2024-02-06T10:50:18.419+0000][8][safepoint   ] Safepoint "Cleanup", Time since last: 209012098247 ns, Reaching safepoint: 94855 ns, At safepoint: 3646 ns, Total: 98501 ns
[2024-02-06T10:51:18.423+0000][8][safepoint   ] Safepoint "Cleanup", Time since last: 60003546678 ns, Reaching safepoint: 92485 ns, At safepoint: 3749 ns, Total: 96234 ns
[2024-02-06T10:55:48.439+0000][8][safepoint   ] Safepoint "Cleanup", Time since last: 270015814997 ns, Reaching safepoint: 100239 ns, At safepoint: 3661 ns, Total: 103900 ns
[2024-02-06T10:57:18.444+0000][8][safepoint   ] Safepoint "Cleanup", Time since last: 90005322338 ns, Reaching safepoint: 92017 ns, At safepoint: 3581 ns, Total: 95598 ns
[2024-02-06T10:58:48.450+0000][8][safepoint   ] Safepoint "Cleanup", Time since last: 90005285590 ns, Reaching safepoint: 89811 ns, At safepoint: 5747 ns, Total: 95558 ns
[2024-02-06T10:59:48.453+0000][8][safepoint   ] Safepoint "Cleanup", Time since last: 60003587501 ns, Reaching safepoint: 99924 ns, At safepoint: 3954 ns, Total: 103878 ns
[2024-02-06T11:06:18.476+0000][8][safepoint   ] Safepoint "Cleanup", Time since last: 390023020032 ns, Reaching safepoint: 98395 ns, At safepoint: 4269 ns, Total: 102664 ns
[2024-02-06T11:17:18.515+0000][8][safepoint   ] Safepoint "Cleanup", Time since last: 660038528464 ns, Reaching safepoint: 91233 ns, At safepoint: 3682 ns, Total: 94915 ns
[2024-02-06T11:19:09.316+0000][8][gc,start    ] GC(18) Pause Young (Normal) (G1 Evacuation Pause)
[2024-02-06T11:19:09.316+0000][8][gc,task     ] GC(18) Using 12 workers of 13 for evacuation
[2024-02-06T11:19:09.316+0000][8][gc,age      ] GC(18) Desired survivor size 20971520 bytes, new threshold 3 (max threshold 15)
[2024-02-06T11:19:09.325+0000][8][gc,age      ] GC(18) Age table with threshold 3 (max threshold 15)
[2024-02-06T11:19:09.325+0000][8][gc,age      ] GC(18) - age   1:    1258528 bytes,    1258528 total
[2024-02-06T11:19:09.325+0000][8][gc,age      ] GC(18) - age   2:   14798952 bytes,   16057480 total
[2024-02-06T11:19:09.325+0000][8][gc,age      ] GC(18) - age   3:    2090744 bytes,   18148224 total
[2024-02-06T11:19:09.325+0000][8][gc,phases   ] GC(18)   Pre Evacuate Collection Set: 0.1ms
[2024-02-06T11:19:09.325+0000][8][gc,phases   ] GC(18)   Merge Heap Roots: 0.1ms
[2024-02-06T11:19:09.325+0000][8][gc,phases   ] GC(18)   Evacuate Collection Set: 7.6ms
[2024-02-06T11:19:09.325+0000][8][gc,phases   ] GC(18)   Post Evacuate Collection Set: 0.8ms
[2024-02-06T11:19:09.325+0000][8][gc,phases   ] GC(18)   Other: 0.2ms
[2024-02-06T11:19:09.325+0000][8][gc,heap     ] GC(18) Eden regions: 70->0(71)
[2024-02-06T11:19:09.325+0000][8][gc,heap     ] GC(18) Survivor regions: 6->5(10)
[2024-02-06T11:19:09.325+0000][8][gc,heap     ] GC(18) Old regions: 14->16
[2024-02-06T11:19:09.325+0000][8][gc,heap     ] GC(18) Archive regions: 2->2
[2024-02-06T11:19:09.325+0000][8][gc,heap     ] GC(18) Humongous regions: 2->2
[2024-02-06T11:19:09.325+0000][8][gc,metaspace] GC(18) Metaspace: 94910K(98972K)->94910K(98972K) NonClass: 82247K(85148K)->82247K(85148K) Class: 12662K(13824K)->12662K(13824K)
[2024-02-06T11:19:09.325+0000][8][gc          ] GC(18) Pause Young (Normal) (G1 Evacuation Pause) 371M->93M(512M) 8.824ms
[2024-02-06T11:19:09.325+0000][8][gc,cpu      ] GC(18) User=0.08s Sys=0.01s Real=0.01s
[2024-02-06T11:19:09.325+0000][8][safepoint   ] Safepoint "G1CollectForAllocation", Time since last: 110800895681 ns, Reaching safepoint: 87478 ns, At safepoint: 8896482 ns, Total: 8983960 ns
[2024-02-06T11:21:18.333+0000][8][safepoint   ] Safepoint "Cleanup", Time since last: 129007543182 ns, Reaching safepoint: 96516 ns, At safepoint: 4105 ns, Total: 100621 ns
[2024-02-06T11:24:11.343+0000][8][safepoint   ] Safepoint "Cleanup", Time since last: 173010267829 ns, Reaching safepoint: 103042 ns, At safepoint: 6275 ns, Total: 109317 ns
[2024-02-06T11:24:49.345+0000][8][safepoint   ] Safepoint "Cleanup", Time since last: 38002328479 ns, Reaching safepoint: 131120 ns, At safepoint: 4597 ns, Total: 135717 ns
[2024-02-06T11:26:33.352+0000][8][safepoint   ] Safepoint "Cleanup", Time since last: 104006064219 ns, Reaching safepoint: 86670 ns, At safepoint: 2406 ns, Total: 89076 ns
[2024-02-06T11:26:34.352+0000][8][safepoint   ] Safepoint "Cleanup", Time since last: 1000109488 ns, Reaching safepoint: 84701 ns, At safepoint: 6382 ns, Total: 91083 ns
[2024-02-06T11:26:35.352+0000][8][safepoint   ] Safepoint "Cleanup", Time since last: 1000100919 ns, Reaching safepoint: 87085 ns, At safepoint: 2689 ns, Total: 89774 ns
[2024-02-06T11:26:36.352+0000][8][safepoint   ] Safepoint "Cleanup", Time since last: 1000101451 ns, Reaching safepoint: 89191 ns, At safepoint: 3010 ns, Total: 92201 ns
[2024-02-06T11:26:37.352+0000][8][safepoint   ] Safepoint "Cleanup", Time since last: 1000102379 ns, Reaching safepoint: 92947 ns, At safepoint: 3531 ns, Total: 96478 ns
[2024-02-06T11:26:38.352+0000][8][safepoint   ] Safepoint "Cleanup", Time since last: 1000103793 ns, Reaching safepoint: 91020 ns, At safepoint: 7330 ns, Total: 98350 ns
[2024-02-06T11:26:39.353+0000][8][safepoint   ] Safepoint "Cleanup", Time since last: 1000101251 ns, Reaching safepoint: 85918 ns, At safepoint: 3525 ns, Total: 89443 ns
[2024-02-06T11:26:41.342+0000][8][safepoint   ] Safepoint "Cleanup", Time since last: 1988909937 ns, Reaching safepoint: 88826 ns, At safepoint: 3716 ns, Total: 92542 ns
[2024-02-06T11:26:42.342+0000][8][safepoint   ] Safepoint "Cleanup", Time since last: 1000101163 ns, Reaching safepoint: 81123 ns, At safepoint: 3691 ns, Total: 84814 ns
[2024-02-06T11:26:43.342+0000][8][safepoint   ] Safepoint "Cleanup", Time since last: 1000097129 ns, Reaching safepoint: 80742 ns, At safepoint: 5654 ns, Total: 86396 ns
[2024-02-06T11:26:44.342+0000][8][safepoint   ] Safepoint "Cleanup", Time since last: 1000103120 ns, Reaching safepoint: 83203 ns, At safepoint: 3627 ns, Total: 86830 ns
[2024-02-06T11:27:00.343+0000][8][safepoint   ] Safepoint "Cleanup", Time since last: 16000999269 ns, Reaching safepoint: 117409 ns, At safepoint: 3847 ns, Total: 121256 ns
[2024-02-06T11:27:01.344+0000][8][safepoint   ] Safepoint "Cleanup", Time since last: 1000105554 ns, Reaching safepoint: 105664 ns, At safepoint: 4159 ns, Total: 109823 ns
[2024-02-06T11:27:06.344+0000][8][safepoint   ] Safepoint "Cleanup", Time since last: 5000352695 ns, Reaching safepoint: 118961 ns, At safepoint: 4506 ns, Total: 123467 ns
[2024-02-06T11:27:19.345+0000][8][safepoint   ] Safepoint "Cleanup", Time since last: 13000814837 ns, Reaching safepoint: 88980 ns, At safepoint: 9069 ns, Total: 98049 ns
[2024-02-06T11:28:01.348+0000][8][safepoint   ] Safepoint "Cleanup", Time since last: 42002507645 ns, Reaching safepoint: 87600 ns, At safepoint: 4151 ns, Total: 91751 ns
[2024-02-06T11:29:49.354+0000][8][safepoint   ] Safepoint "Cleanup", Time since last: 108006383289 ns, Reaching safepoint: 124620 ns, At safepoint: 4454 ns, Total: 129074 ns
[2024-02-06T11:29:51.354+0000][8][safepoint   ] Safepoint "Cleanup", Time since last: 2000158597 ns, Reaching safepoint: 82699 ns, At safepoint: 3594 ns, Total: 86293 ns
[2024-02-06T11:30:48.358+0000][8][safepoint   ] Safepoint "Cleanup", Time since last: 57003455441 ns, Reaching safepoint: 94055 ns, At safepoint: 4089 ns, Total: 98144 ns
[2024-02-06T11:33:19.367+0000][8][safepoint   ] Safepoint "Cleanup", Time since last: 151008888187 ns, Reaching safepoint: 100760 ns, At safepoint: 3542 ns, Total: 104302 ns
[2024-02-06T11:37:48.383+0000][8][safepoint   ] Safepoint "Cleanup", Time since last: 269015947858 ns, Reaching safepoint: 99858 ns, At safepoint: 3934 ns, Total: 103792 ns
[2024-02-06T11:41:18.395+0000][8][safepoint   ] Safepoint "Cleanup", Time since last: 210012421417 ns, Reaching safepoint: 123385 ns, At safepoint: 3694 ns, Total: 127079 ns
[2024-02-06T11:41:48.397+0000][8][safepoint   ] Safepoint "Cleanup", Time since last: 30001808088 ns, Reaching safepoint: 102638 ns, At safepoint: 3670 ns, Total: 106308 ns
[2024-02-06T11:43:18.403+0000][8][safepoint   ] Safepoint "Cleanup", Time since last: 90005416371 ns, Reaching safepoint: 105123 ns, At safepoint: 2713 ns, Total: 107836 ns
[2024-02-06T11:50:48.430+0000][8][safepoint   ] Safepoint "Cleanup", Time since last: 450027002763 ns, Reaching safepoint: 97518 ns, At safepoint: 3904 ns, Total: 101422 ns
[2024-02-06T11:50:49.430+0000][8][safepoint   ] Safepoint "Cleanup", Time since last: 1000093410 ns, Reaching safepoint: 90079 ns, At safepoint: 16070 ns, Total: 106149 ns
[2024-02-06T11:54:49.444+0000][8][safepoint   ] Safepoint "Cleanup", Time since last: 240014140259 ns, Reaching safepoint: 99979 ns, At safepoint: 3358 ns, Total: 103337 ns
[2024-02-06T11:56:18.450+0000][8][safepoint   ] Safepoint "Cleanup", Time since last: 89005276849 ns, Reaching safepoint: 129063 ns, At safepoint: 3946 ns, Total: 133009 ns
[2024-02-06T11:57:49.455+0000][8][safepoint   ] Safepoint "Cleanup", Time since last: 91005329963 ns, Reaching safepoint: 87569 ns, At safepoint: 3521 ns, Total: 91090 ns
[2024-02-06T11:58:18.457+0000][8][safepoint   ] Safepoint "Cleanup", Time since last: 29001749012 ns, Reaching safepoint: 104019 ns, At safepoint: 2561 ns, Total: 106580 ns
[2024-02-06T11:58:48.459+0000][8][safepoint   ] Safepoint "Cleanup", Time since last: 30001826615 ns, Reaching safepoint: 101724 ns, At safepoint: 8165 ns, Total: 109889 ns
[2024-02-06T12:00:18.465+0000][8][safepoint   ] Safepoint "Cleanup", Time since last: 90005378812 ns, Reaching safepoint: 101326 ns, At safepoint: 4052 ns, Total: 105378 ns
[2024-02-06T12:01:18.468+0000][8][safepoint   ] Safepoint "Cleanup", Time since last: 60003503302 ns, Reaching safepoint: 101063 ns, At safepoint: 3144 ns, Total: 104207 ns
[2024-02-06T12:02:18.472+0000][8][safepoint   ] Safepoint "Cleanup", Time since last: 60003598867 ns, Reaching safepoint: 138626 ns, At safepoint: 2626 ns, Total: 141252 ns
[2024-02-06T12:02:48.474+0000][8][safepoint   ] Safepoint "Cleanup", Time since last: 30001796579 ns, Reaching safepoint: 96306 ns, At safepoint: 3773 ns, Total: 100079 ns
[2024-02-06T12:03:48.477+0000][8][safepoint   ] Safepoint "Cleanup", Time since last: 60003527934 ns, Reaching safepoint: 96958 ns, At safepoint: 4010 ns, Total: 100968 ns
[2024-02-06T12:04:49.481+0000][8][safepoint   ] Safepoint "Cleanup", Time since last: 61003629263 ns, Reaching safepoint: 103868 ns, At safepoint: 3300 ns, Total: 107168 ns
[2024-02-06T12:06:18.486+0000][8][safepoint   ] Safepoint "Cleanup", Time since last: 89005208442 ns, Reaching safepoint: 97338 ns, At safepoint: 3411 ns, Total: 100749 ns
[2024-02-06T12:07:18.490+0000][8][safepoint   ] Safepoint "Cleanup", Time since last: 60003579071 ns, Reaching safepoint: 103230 ns, At safepoint: 4759 ns, Total: 107989 ns
[2024-02-06T12:15:18.519+0000][8][safepoint   ] Safepoint "Cleanup", Time since last: 480028294999 ns, Reaching safepoint: 105747 ns, At safepoint: 3302 ns, Total: 109049 ns
[2024-02-06T12:17:37.527+0000][8][safepoint   ] Safepoint "Cleanup", Time since last: 139008148761 ns, Reaching safepoint: 130520 ns, At safepoint: 3919 ns, Total: 134439 ns
[2024-02-06T12:18:18.529+0000][8][safepoint   ] Safepoint "Cleanup", Time since last: 41002438452 ns, Reaching safepoint: 110870 ns, At safepoint: 7586 ns, Total: 118456 ns
[2024-02-06T12:21:18.540+0000][8][safepoint   ] Safepoint "Cleanup", Time since last: 180010511437 ns, Reaching safepoint: 127857 ns, At safepoint: 4104 ns, Total: 131961 ns
[2024-02-06T12:32:49.347+0000][8][safepoint   ] Safepoint "Cleanup", Time since last: 690806862807 ns, Reaching safepoint: 138291 ns, At safepoint: 3749 ns, Total: 142040 ns
[2024-02-06T12:34:18.352+0000][8][safepoint   ] Safepoint "Cleanup", Time since last: 89005202231 ns, Reaching safepoint: 93459 ns, At safepoint: 3592 ns, Total: 97051 ns
[2024-02-06T12:51:48.413+0000][8][safepoint   ] Safepoint "Cleanup", Time since last: 1050060216276 ns, Reaching safepoint: 102727 ns, At safepoint: 3358 ns, Total: 106085 ns
[2024-02-06T13:02:19.449+0000][8][safepoint   ] Safepoint "Cleanup", Time since last: 631036629865 ns, Reaching safepoint: 95847 ns, At safepoint: 3534 ns, Total: 99381 ns
[2024-02-06T13:02:48.451+0000][8][safepoint   ] Safepoint "Cleanup", Time since last: 29001718467 ns, Reaching safepoint: 123501 ns, At safepoint: 3859 ns, Total: 127360 ns
[2024-02-06T13:02:49.451+0000][8][safepoint   ] Safepoint "Cleanup", Time since last: 1000099745 ns, Reaching safepoint: 83293 ns, At safepoint: 3531 ns, Total: 86824 ns
[2024-02-06T13:07:48.469+0000][8][safepoint   ] Safepoint "Cleanup", Time since last: 299017242346 ns, Reaching safepoint: 96491 ns, At safepoint: 3702 ns, Total: 100193 ns
[2024-02-06T13:14:19.491+0000][8][safepoint   ] Safepoint "Cleanup", Time since last: 391022330468 ns, Reaching safepoint: 98988 ns, At safepoint: 3348 ns, Total: 102336 ns
[2024-02-06T13:14:48.493+0000][8][safepoint   ] Safepoint "Cleanup", Time since last: 29001751833 ns, Reaching safepoint: 90653 ns, At safepoint: 4278 ns, Total: 94931 ns
[2024-02-06T13:19:48.510+0000][8][safepoint   ] Safepoint "Cleanup", Time since last: 300017165072 ns, Reaching safepoint: 138953 ns, At safepoint: 4443 ns, Total: 143396 ns
[2024-02-06T13:20:18.512+0000][8][safepoint   ] Safepoint "Cleanup", Time since last: 30001772012 ns, Reaching safepoint: 102370 ns, At safepoint: 3308 ns, Total: 105678 ns
[2024-02-06T13:21:18.516+0000][8][safepoint   ] Safepoint "Cleanup", Time since last: 60003431405 ns, Reaching safepoint: 120622 ns, At safepoint: 3888 ns, Total: 124510 ns
[2024-02-06T13:21:25.516+0000][8][safepoint   ] Safepoint "Cleanup", Time since last: 7000439882 ns, Reaching safepoint: 86329 ns, At safepoint: 3556 ns, Total: 89885 ns
[2024-02-06T13:23:40.524+0000][8][safepoint   ] Safepoint "Cleanup", Time since last: 135007931208 ns, Reaching safepoint: 99464 ns, At safepoint: 6431 ns, Total: 105895 ns
[2024-02-06T13:26:10.533+0000][8][safepoint   ] Safepoint "Cleanup", Time since last: 150008824488 ns, Reaching safepoint: 103618 ns, At safepoint: 5814 ns, Total: 109432 ns
[2024-02-06T13:33:49.560+0000][8][safepoint   ] Safepoint "Cleanup", Time since last: 459026492766 ns, Reaching safepoint: 123952 ns, At safepoint: 3939 ns, Total: 127891 ns
[2024-02-06T13:49:18.614+0000][8][safepoint   ] Safepoint "Cleanup", Time since last: 929053889123 ns, Reaching safepoint: 127615 ns, At safepoint: 3762 ns, Total: 131377 ns
[2024-02-06T14:02:48.485+0000][8][gc,start    ] GC(19) Pause Young (Normal) (G1 Evacuation Pause)
[2024-02-06T14:02:48.485+0000][8][gc,task     ] GC(19) Using 12 workers of 13 for evacuation
[2024-02-06T14:02:48.485+0000][8][gc,age      ] GC(19) Desired survivor size 20971520 bytes, new threshold 15 (max threshold 15)
[2024-02-06T14:02:48.494+0000][8][gc,age      ] GC(19) Age table with threshold 15 (max threshold 15)
[2024-02-06T14:02:48.494+0000][8][gc,age      ] GC(19) - age   1:     505464 bytes,     505464 total
[2024-02-06T14:02:48.494+0000][8][gc,age      ] GC(19) - age   2:    1015408 bytes,    1520872 total
[2024-02-06T14:02:48.494+0000][8][gc,age      ] GC(19) - age   3:   13406880 bytes,   14927752 total
[2024-02-06T14:02:48.494+0000][8][gc,age      ] GC(19) - age   4:    2046168 bytes,   16973920 total
[2024-02-06T14:02:48.494+0000][8][gc,phases   ] GC(19)   Pre Evacuate Collection Set: 0.1ms
[2024-02-06T14:02:48.494+0000][8][gc,phases   ] GC(19)   Merge Heap Roots: 0.1ms
[2024-02-06T14:02:48.494+0000][8][gc,phases   ] GC(19)   Evacuate Collection Set: 8.3ms
[2024-02-06T14:02:48.494+0000][8][gc,phases   ] GC(19)   Post Evacuate Collection Set: 1.0ms
[2024-02-06T14:02:48.494+0000][8][gc,phases   ] GC(19)   Other: 0.2ms
[2024-02-06T14:02:48.494+0000][8][gc,heap     ] GC(19) Eden regions: 71->0(71)
[2024-02-06T14:02:48.494+0000][8][gc,heap     ] GC(19) Survivor regions: 5->5(10)
[2024-02-06T14:02:48.494+0000][8][gc,heap     ] GC(19) Old regions: 16->16
[2024-02-06T14:02:48.494+0000][8][gc,heap     ] GC(19) Archive regions: 2->2
[2024-02-06T14:02:48.494+0000][8][gc,heap     ] GC(19) Humongous regions: 2->2
[2024-02-06T14:02:48.494+0000][8][gc,metaspace] GC(19) Metaspace: 95854K(99996K)->95854K(99996K) NonClass: 83102K(86172K)->83102K(86172K) Class: 12752K(13824K)->12752K(13824K)
[2024-02-06T14:02:48.494+0000][8][gc          ] GC(19) Pause Young (Normal) (G1 Evacuation Pause) 377M->91M(512M) 9.774ms
[2024-02-06T14:02:48.494+0000][8][gc,cpu      ] GC(19) User=0.04s Sys=0.00s Real=0.01s
[2024-02-06T14:02:48.494+0000][8][safepoint   ] Safepoint "G1CollectForAllocation", Time since last: 809870457517 ns, Reaching safepoint: 125664 ns, At safepoint: 9853613 ns, Total: 9979277 ns
[2024-02-06T14:10:18.521+0000][8][safepoint   ] Safepoint "Cleanup", Time since last: 450026057932 ns, Reaching safepoint: 115983 ns, At safepoint: 4051 ns, Total: 120034 ns
[2024-02-06T14:10:22.521+0000][8][safepoint   ] Safepoint "Cleanup", Time since last: 4000288599 ns, Reaching safepoint: 90365 ns, At safepoint: 4005 ns, Total: 94370 ns
[2024-02-06T14:10:25.521+0000][8][safepoint   ] Safepoint "Cleanup", Time since last: 3000219101 ns, Reaching safepoint: 84563 ns, At safepoint: 3871 ns, Total: 88434 ns
[2024-02-06T14:10:29.522+0000][8][safepoint   ] Safepoint "Cleanup", Time since last: 4000257655 ns, Reaching safepoint: 117715 ns, At safepoint: 25195 ns, Total: 142910 ns
[2024-02-06T14:10:32.522+0000][8][safepoint   ] Safepoint "Cleanup", Time since last: 3000223700 ns, Reaching safepoint: 84526 ns, At safepoint: 3561 ns, Total: 88087 ns
[2024-02-06T14:10:36.522+0000][8][safepoint   ] Safepoint "Cleanup", Time since last: 4000269870 ns, Reaching safepoint: 101530 ns, At safepoint: 3927 ns, Total: 105457 ns
[2024-02-06T14:17:18.546+0000][8][safepoint   ] Safepoint "Cleanup", Time since last: 402023590132 ns, Reaching safepoint: 86270 ns, At safepoint: 3494 ns, Total: 89764 ns
[2024-02-06T14:21:18.561+0000][8][safepoint   ] Safepoint "Cleanup", Time since last: 240014689086 ns, Reaching safepoint: 96762 ns, At safepoint: 3679 ns, Total: 100441 ns
[2024-02-06T14:21:19.561+0000][8][safepoint   ] Safepoint "Cleanup", Time since last: 1000096371 ns, Reaching safepoint: 87347 ns, At safepoint: 3889 ns, Total: 91236 ns
[2024-02-06T14:25:48.577+0000][8][safepoint   ] Safepoint "Cleanup", Time since last: 269015869630 ns, Reaching safepoint: 103375 ns, At safepoint: 7515 ns, Total: 110890 ns
[2024-02-06T14:28:48.587+0000][8][safepoint   ] Safepoint "Cleanup", Time since last: 180010381872 ns, Reaching safepoint: 101999 ns, At safepoint: 3855 ns, Total: 105854 ns
[2024-02-06T14:30:48.595+0000][8][safepoint   ] Safepoint "Cleanup", Time since last: 120007052758 ns, Reaching safepoint: 147552 ns, At safepoint: 3675 ns, Total: 151227 ns
[2024-02-06T14:55:18.680+0000][8][safepoint   ] Safepoint "Cleanup", Time since last: 1470085198741 ns, Reaching safepoint: 99866 ns, At safepoint: 3734 ns, Total: 103600 ns
[2024-02-06T14:56:18.684+0000][8][safepoint   ] Safepoint "Cleanup", Time since last: 60003469667 ns, Reaching safepoint: 104916 ns, At safepoint: 3717 ns, Total: 108633 ns
[2024-02-06T15:15:48.751+0000][8][safepoint   ] Safepoint "Cleanup", Time since last: 1170067691516 ns, Reaching safepoint: 92636 ns, At safepoint: 3322 ns, Total: 95958 ns
[2024-02-06T15:26:18.788+0000][8][safepoint   ] Safepoint "Cleanup", Time since last: 630036308996 ns, Reaching safepoint: 151170 ns, At safepoint: 3296 ns, Total: 154466 ns
[2024-02-06T15:26:48.790+0000][8][safepoint   ] Safepoint "Cleanup", Time since last: 30001753422 ns, Reaching safepoint: 103942 ns, At safepoint: 3168 ns, Total: 107110 ns
[2024-02-06T15:29:48.800+0000][8][safepoint   ] Safepoint "Cleanup", Time since last: 180010625688 ns, Reaching safepoint: 107650 ns, At safepoint: 7312 ns, Total: 114962 ns
[2024-02-06T15:35:11.819+0000][8][safepoint   ] Safepoint "Cleanup", Time since last: 323018789338 ns, Reaching safepoint: 99322 ns, At safepoint: 3123 ns, Total: 102445 ns
[2024-02-06T15:39:18.834+0000][8][safepoint   ] Safepoint "Cleanup", Time since last: 247014407784 ns, Reaching safepoint: 103910 ns, At safepoint: 4271 ns, Total: 108181 ns
[2024-02-06T15:39:48.836+0000][8][safepoint   ] Safepoint "Cleanup", Time since last: 30001827607 ns, Reaching safepoint: 101647 ns, At safepoint: 3421 ns, Total: 105068 ns
[2024-02-06T16:12:48.951+0000][8][safepoint   ] Safepoint "Cleanup", Time since last: 1980115587528 ns, Reaching safepoint: 107693 ns, At safepoint: 3208 ns, Total: 110901 ns
[2024-02-06T16:13:18.953+0000][8][safepoint   ] Safepoint "Cleanup", Time since last: 30001789130 ns, Reaching safepoint: 101354 ns, At safepoint: 3745 ns, Total: 105099 ns
[2024-02-06T16:18:18.971+0000][8][safepoint   ] Safepoint "Cleanup", Time since last: 300017679603 ns, Reaching safepoint: 102321 ns, At safepoint: 4190 ns, Total: 106511 ns
[2024-02-06T16:18:27.972+0000][8][safepoint   ] Safepoint "Cleanup", Time since last: 9000584925 ns, Reaching safepoint: 109125 ns, At safepoint: 3679 ns, Total: 112804 ns
[2024-02-06T16:19:18.975+0000][8][safepoint   ] Safepoint "Cleanup", Time since last: 51002999511 ns, Reaching safepoint: 143681 ns, At safepoint: 4669 ns, Total: 148350 ns
[2024-02-06T16:20:18.979+0000][8][safepoint   ] Safepoint "Cleanup", Time since last: 60003618156 ns, Reaching safepoint: 108637 ns, At safepoint: 3670 ns, Total: 112307 ns
[2024-02-06T16:22:18.986+0000][8][safepoint   ] Safepoint "Cleanup", Time since last: 120007063556 ns, Reaching safepoint: 113859 ns, At safepoint: 5960 ns, Total: 119819 ns
[2024-02-06T16:25:18.997+0000][8][safepoint   ] Safepoint "Cleanup", Time since last: 180010518620 ns, Reaching safepoint: 97949 ns, At safepoint: 3545 ns, Total: 101494 ns
[2024-02-06T16:33:19.024+0000][8][safepoint   ] Safepoint "Cleanup", Time since last: 480027860402 ns, Reaching safepoint: 106788 ns, At safepoint: 5942 ns, Total: 112730 ns
[2024-02-06T16:39:19.046+0000][8][safepoint   ] Safepoint "Cleanup", Time since last: 360020874690 ns, Reaching safepoint: 142549 ns, At safepoint: 4644 ns, Total: 147193 ns
[2024-02-06T16:57:01.693+0000][8][gc,start    ] GC(20) Pause Young (Normal) (G1 Evacuation Pause)
[2024-02-06T16:57:01.693+0000][8][gc,task     ] GC(20) Using 12 workers of 13 for evacuation
[2024-02-06T16:57:01.693+0000][8][gc,age      ] GC(20) Desired survivor size 20971520 bytes, new threshold 15 (max threshold 15)
[2024-02-06T16:57:01.700+0000][8][gc,age      ] GC(20) Age table with threshold 15 (max threshold 15)
[2024-02-06T16:57:01.700+0000][8][gc,age      ] GC(20) - age   1:     199824 bytes,     199824 total
[2024-02-06T16:57:01.700+0000][8][gc,age      ] GC(20) - age   2:     420664 bytes,     620488 total
[2024-02-06T16:57:01.700+0000][8][gc,age      ] GC(20) - age   3:     964992 bytes,    1585480 total
[2024-02-06T16:57:01.700+0000][8][gc,age      ] GC(20) - age   4:   13328224 bytes,   14913704 total
[2024-02-06T16:57:01.700+0000][8][gc,age      ] GC(20) - age   5:    2046168 bytes,   16959872 total
[2024-02-06T16:57:01.700+0000][8][gc,phases   ] GC(20)   Pre Evacuate Collection Set: 0.1ms
[2024-02-06T16:57:01.700+0000][8][gc,phases   ] GC(20)   Merge Heap Roots: 0.1ms
[2024-02-06T16:57:01.700+0000][8][gc,phases   ] GC(20)   Evacuate Collection Set: 5.4ms
[2024-02-06T16:57:01.700+0000][8][gc,phases   ] GC(20)   Post Evacuate Collection Set: 0.8ms
[2024-02-06T16:57:01.700+0000][8][gc,phases   ] GC(20)   Other: 0.2ms
[2024-02-06T16:57:01.700+0000][8][gc,heap     ] GC(20) Eden regions: 71->0(71)
[2024-02-06T16:57:01.700+0000][8][gc,heap     ] GC(20) Survivor regions: 5->5(10)
[2024-02-06T16:57:01.700+0000][8][gc,heap     ] GC(20) Old regions: 16->16
[2024-02-06T16:57:01.700+0000][8][gc,heap     ] GC(20) Archive regions: 2->2
[2024-02-06T16:57:01.700+0000][8][gc,heap     ] GC(20) Humongous regions: 2->2
[2024-02-06T16:57:01.700+0000][8][gc,metaspace] GC(20) Metaspace: 96060K(100124K)->96060K(100124K) NonClass: 83279K(86172K)->83279K(86172K) Class: 12781K(13952K)->12781K(13952K)
[2024-02-06T16:57:01.700+0000][8][gc          ] GC(20) Pause Young (Normal) (G1 Evacuation Pause) 375M->91M(512M) 6.580ms
[2024-02-06T16:57:01.700+0000][8][gc,cpu      ] GC(20) User=0.06s Sys=0.01s Real=0.01s
[2024-02-06T16:57:01.700+0000][8][safepoint   ] Safepoint "G1CollectForAllocation", Time since last: 1062647587468 ns, Reaching safepoint: 83863 ns, At safepoint: 6670499 ns, Total: 6754362 ns
[2024-02-06T17:29:18.813+0000][8][safepoint   ] Safepoint "Cleanup", Time since last: 1937112595451 ns, Reaching safepoint: 102029 ns, At safepoint: 3620 ns, Total: 105649 ns
[2024-02-06T17:32:48.825+0000][8][safepoint   ] Safepoint "Cleanup", Time since last: 210012197295 ns, Reaching safepoint: 99541 ns, At safepoint: 3515 ns, Total: 103056 ns
[2024-02-06T17:36:48.839+0000][8][safepoint   ] Safepoint "Cleanup", Time since last: 240014071787 ns, Reaching safepoint: 130629 ns, At safepoint: 4372 ns, Total: 135001 ns
[2024-02-06T17:43:18.862+0000][8][safepoint   ] Safepoint "Cleanup", Time since last: 390022715631 ns, Reaching safepoint: 97477 ns, At safepoint: 3704 ns, Total: 101181 ns
[2024-02-06T17:44:48.867+0000][8][safepoint   ] Safepoint "Cleanup", Time since last: 90005314092 ns, Reaching safepoint: 103464 ns, At safepoint: 3893 ns, Total: 107357 ns
[2024-02-06T17:53:48.899+0000][8][safepoint   ] Safepoint "Cleanup", Time since last: 540031731737 ns, Reaching safepoint: 98657 ns, At safepoint: 3736 ns, Total: 102393 ns
[2024-02-06T18:02:18.929+0000][8][safepoint   ] Safepoint "Cleanup", Time since last: 510030051565 ns, Reaching safepoint: 107416 ns, At safepoint: 3793 ns, Total: 111209 ns
[2024-02-06T18:15:48.977+0000][8][safepoint   ] Safepoint "Cleanup", Time since last: 810047739174 ns, Reaching safepoint: 98317 ns, At safepoint: 3750 ns, Total: 102067 ns
[2024-02-06T18:17:18.983+0000][8][safepoint   ] Safepoint "Cleanup", Time since last: 90005333890 ns, Reaching safepoint: 110550 ns, At safepoint: 4435 ns, Total: 114985 ns
[2024-02-06T18:34:30.044+0000][8][safepoint   ] Safepoint "Cleanup", Time since last: 1031060851571 ns, Reaching safepoint: 110093 ns, At safepoint: 3690 ns, Total: 113783 ns
[2024-02-06T18:44:49.080+0000][8][safepoint   ] Safepoint "Cleanup", Time since last: 619036481362 ns, Reaching safepoint: 84004 ns, At safepoint: 3595 ns, Total: 87599 ns
[2024-02-06T18:46:49.087+0000][8][safepoint   ] Safepoint "Cleanup", Time since last: 120007168513 ns, Reaching safepoint: 108623 ns, At safepoint: 3534 ns, Total: 112157 ns
[2024-02-06T18:49:17.096+0000][8][safepoint   ] Safepoint "Cleanup", Time since last: 148008618524 ns, Reaching safepoint: 126580 ns, At safepoint: 4121 ns, Total: 130701 ns
[2024-02-06T18:49:49.098+0000][8][safepoint   ] Safepoint "Cleanup", Time since last: 32001935387 ns, Reaching safepoint: 101416 ns, At safepoint: 3712 ns, Total: 105128 ns
[2024-02-06T18:58:19.128+0000][8][safepoint   ] Safepoint "Cleanup", Time since last: 510029529608 ns, Reaching safepoint: 103708 ns, At safepoint: 4771 ns, Total: 108479 ns
[2024-02-06T19:02:36.143+0000][8][safepoint   ] Safepoint "Cleanup", Time since last: 257014926534 ns, Reaching safepoint: 96932 ns, At safepoint: 4537 ns, Total: 101469 ns
[2024-02-06T19:04:19.149+0000][8][safepoint   ] Safepoint "Cleanup", Time since last: 103005978372 ns, Reaching safepoint: 127465 ns, At safepoint: 3933 ns, Total: 131398 ns
[2024-02-06T19:07:19.160+0000][8][safepoint   ] Safepoint "Cleanup", Time since last: 180010604039 ns, Reaching safepoint: 104586 ns, At safepoint: 6237 ns, Total: 110823 ns
[2024-02-06T19:12:43.179+0000][8][safepoint   ] Safepoint "Cleanup", Time since last: 324018967784 ns, Reaching safepoint: 109552 ns, At safepoint: 6983 ns, Total: 116535 ns
[2024-02-06T19:14:53.187+0000][8][safepoint   ] Safepoint "Cleanup", Time since last: 130007684275 ns, Reaching safepoint: 131839 ns, At safepoint: 3477 ns, Total: 135316 ns
[2024-02-06T19:20:49.208+0000][8][safepoint   ] Safepoint "Cleanup", Time since last: 356020962542 ns, Reaching safepoint: 113283 ns, At safepoint: 3756 ns, Total: 117039 ns
[2024-02-06T19:32:49.249+0000][8][safepoint   ] Safepoint "Cleanup", Time since last: 720041109604 ns, Reaching safepoint: 126483 ns, At safepoint: 4476 ns, Total: 130959 ns
[2024-02-06T19:47:19.300+0000][8][safepoint   ] Safepoint "Cleanup", Time since last: 870051224778 ns, Reaching safepoint: 102832 ns, At safepoint: 3998 ns, Total: 106830 ns
[2024-02-06T19:47:28.301+0000][8][safepoint   ] Safepoint "Cleanup", Time since last: 9000563935 ns, Reaching safepoint: 93232 ns, At safepoint: 3776 ns, Total: 97008 ns
[2024-02-06T19:48:49.306+0000][8][safepoint   ] Safepoint "Cleanup", Time since last: 81004824902 ns, Reaching safepoint: 147726 ns, At safepoint: 3560 ns, Total: 151286 ns
[2024-02-06T19:50:00.310+0000][8][safepoint   ] Safepoint "Cleanup", Time since last: 71004153266 ns, Reaching safepoint: 104777 ns, At safepoint: 3841 ns, Total: 108618 ns
[2024-02-06T19:51:19.315+0000][8][safepoint   ] Safepoint "Cleanup", Time since last: 79004698481 ns, Reaching safepoint: 103945 ns, At safepoint: 3629 ns, Total: 107574 ns
[2024-02-06T19:51:32.316+0000][8][safepoint   ] Safepoint "Cleanup", Time since last: 13000792046 ns, Reaching safepoint: 97234 ns, At safepoint: 5574 ns, Total: 102808 ns
[2024-02-06T19:51:32.327+0000][8][gc,start    ] GC(21) Pause Young (Normal) (G1 Evacuation Pause)
[2024-02-06T19:51:32.327+0000][8][gc,task     ] GC(21) Using 12 workers of 13 for evacuation
[2024-02-06T19:51:32.327+0000][8][gc,age      ] GC(21) Desired survivor size 20971520 bytes, new threshold 15 (max threshold 15)
[2024-02-06T19:51:32.334+0000][8][gc,age      ] GC(21) Age table with threshold 15 (max threshold 15)
[2024-02-06T19:51:32.334+0000][8][gc,age      ] GC(21) - age   1:     204576 bytes,     204576 total
[2024-02-06T19:51:32.334+0000][8][gc,age      ] GC(21) - age   2:     159128 bytes,     363704 total
[2024-02-06T19:51:32.334+0000][8][gc,age      ] GC(21) - age   3:     386720 bytes,     750424 total
[2024-02-06T19:51:32.334+0000][8][gc,age      ] GC(21) - age   4:     948600 bytes,    1699024 total
[2024-02-06T19:51:32.334+0000][8][gc,age      ] GC(21) - age   5:   13327904 bytes,   15026928 total
[2024-02-06T19:51:32.334+0000][8][gc,age      ] GC(21) - age   6:    2046168 bytes,   17073096 total
[2024-02-06T19:51:32.334+0000][8][gc,phases   ] GC(21)   Pre Evacuate Collection Set: 0.1ms
[2024-02-06T19:51:32.334+0000][8][gc,phases   ] GC(21)   Merge Heap Roots: 0.1ms
[2024-02-06T19:51:32.334+0000][8][gc,phases   ] GC(21)   Evacuate Collection Set: 5.3ms
[2024-02-06T19:51:32.334+0000][8][gc,phases   ] GC(21)   Post Evacuate Collection Set: 0.8ms
[2024-02-06T19:51:32.334+0000][8][gc,phases   ] GC(21)   Other: 0.2ms
[2024-02-06T19:51:32.334+0000][8][gc,heap     ] GC(21) Eden regions: 71->0(71)
[2024-02-06T19:51:32.334+0000][8][gc,heap     ] GC(21) Survivor regions: 5->5(10)
[2024-02-06T19:51:32.334+0000][8][gc,heap     ] GC(21) Old regions: 16->16
[2024-02-06T19:51:32.334+0000][8][gc,heap     ] GC(21) Archive regions: 2->2
[2024-02-06T19:51:32.334+0000][8][gc,heap     ] GC(21) Humongous regions: 2->2
[2024-02-06T19:51:32.334+0000][8][gc,metaspace] GC(21) Metaspace: 96152K(100380K)->96152K(100380K) NonClass: 83369K(86428K)->83369K(86428K) Class: 12782K(13952K)->12782K(13952K)
[2024-02-06T19:51:32.334+0000][8][gc          ] GC(21) Pause Young (Normal) (G1 Evacuation Pause) 375M->92M(512M) 6.498ms
[2024-02-06T19:51:32.334+0000][8][gc,cpu      ] GC(21) User=0.06s Sys=0.00s Real=0.00s
[2024-02-06T19:51:32.334+0000][8][safepoint   ] Safepoint "G1CollectForAllocation", Time since last: 11297694 ns, Reaching safepoint: 68468 ns, At safepoint: 6594407 ns, Total: 6662875 ns
[2024-02-06T19:51:33.334+0000][8][safepoint   ] Safepoint "Cleanup", Time since last: 1000069773 ns, Reaching safepoint: 87058 ns, At safepoint: 3429 ns, Total: 90487 ns
[2024-02-06T19:55:49.349+0000][8][safepoint   ] Safepoint "Cleanup", Time since last: 256015016587 ns, Reaching safepoint: 103402 ns, At safepoint: 3768 ns, Total: 107170 ns
[2024-02-06T19:56:49.353+0000][8][safepoint   ] Safepoint "Cleanup", Time since last: 60003575035 ns, Reaching safepoint: 104222 ns, At safepoint: 3961 ns, Total: 108183 ns
[2024-02-06T20:00:38.366+0000][8][safepoint   ] Safepoint "Cleanup", Time since last: 229013336858 ns, Reaching safepoint: 128296 ns, At safepoint: 4686 ns, Total: 132982 ns
[2024-02-06T20:17:19.424+0000][8][safepoint   ] Safepoint "Cleanup", Time since last: 1001057953770 ns, Reaching safepoint: 93054 ns, At safepoint: 3961 ns, Total: 97015 ns
[2024-02-06T20:32:00.476+0000][8][safepoint   ] Safepoint "Cleanup", Time since last: 881052013049 ns, Reaching safepoint: 107411 ns, At safepoint: 6440 ns, Total: 113851 ns
[2024-02-06T20:32:02.477+0000][8][safepoint   ] Safepoint "Cleanup", Time since last: 2000223528 ns, Reaching safepoint: 92037 ns, At safepoint: 3861 ns, Total: 95898 ns
[2024-02-06T21:14:49.626+0000][8][safepoint   ] Safepoint "Cleanup", Time since last: 2567148736854 ns, Reaching safepoint: 101978 ns, At safepoint: 5938 ns, Total: 107916 ns
[2024-02-06T21:25:03.661+0000][8][safepoint   ] Safepoint "Cleanup", Time since last: 614035494886 ns, Reaching safepoint: 126857 ns, At safepoint: 3783 ns, Total: 130640 ns
[2024-02-06T21:28:19.673+0000][8][safepoint   ] Safepoint "Cleanup", Time since last: 196011294169 ns, Reaching safepoint: 135463 ns, At safepoint: 5860 ns, Total: 141323 ns
[2024-02-06T21:31:49.685+0000][8][safepoint   ] Safepoint "Cleanup", Time since last: 210012012192 ns, Reaching safepoint: 100264 ns, At safepoint: 3996 ns, Total: 104260 ns
[2024-02-06T21:32:56.689+0000][8][safepoint   ] Safepoint "Cleanup", Time since last: 67003881263 ns, Reaching safepoint: 126242 ns, At safepoint: 3793 ns, Total: 130035 ns
[2024-02-06T21:36:49.702+0000][8][safepoint   ] Safepoint "Cleanup", Time since last: 233013357437 ns, Reaching safepoint: 103599 ns, At safepoint: 3797 ns, Total: 107396 ns
[2024-02-06T21:37:18.704+0000][8][safepoint   ] Safepoint "Cleanup", Time since last: 29001726840 ns, Reaching safepoint: 106041 ns, At safepoint: 3825 ns, Total: 109866 ns
[2024-02-06T22:43:49.933+0000][8][safepoint   ] Safepoint "Cleanup", Time since last: 3991228865849 ns, Reaching safepoint: 112284 ns, At safepoint: 3383 ns, Total: 115667 ns
[2024-02-06T22:48:10.179+0000][8][gc,start    ] GC(22) Pause Young (Normal) (G1 Evacuation Pause)
[2024-02-06T22:48:10.179+0000][8][gc,task     ] GC(22) Using 12 workers of 13 for evacuation
[2024-02-06T22:48:10.179+0000][8][gc,age      ] GC(22) Desired survivor size 20971520 bytes, new threshold 15 (max threshold 15)
[2024-02-06T22:48:10.186+0000][8][gc,age      ] GC(22) Age table with threshold 15 (max threshold 15)
[2024-02-06T22:48:10.186+0000][8][gc,age      ] GC(22) - age   1:     150928 bytes,     150928 total
[2024-02-06T22:48:10.186+0000][8][gc,age      ] GC(22) - age   2:      33656 bytes,     184584 total
[2024-02-06T22:48:10.186+0000][8][gc,age      ] GC(22) - age   3:     151048 bytes,     335632 total
[2024-02-06T22:48:10.186+0000][8][gc,age      ] GC(22) - age   4:     386640 bytes,     722272 total
[2024-02-06T22:48:10.186+0000][8][gc,age      ] GC(22) - age   5:     948520 bytes,    1670792 total
[2024-02-06T22:48:10.186+0000][8][gc,age      ] GC(22) - age   6:   13317912 bytes,   14988704 total
[2024-02-06T22:48:10.186+0000][8][gc,age      ] GC(22) - age   7:    2046168 bytes,   17034872 total
[2024-02-06T22:48:10.186+0000][8][gc,phases   ] GC(22)   Pre Evacuate Collection Set: 0.1ms
[2024-02-06T22:48:10.186+0000][8][gc,phases   ] GC(22)   Merge Heap Roots: 0.1ms
[2024-02-06T22:48:10.186+0000][8][gc,phases   ] GC(22)   Evacuate Collection Set: 5.5ms
[2024-02-06T22:48:10.186+0000][8][gc,phases   ] GC(22)   Post Evacuate Collection Set: 0.8ms
[2024-02-06T22:48:10.186+0000][8][gc,phases   ] GC(22)   Other: 0.3ms
[2024-02-06T22:48:10.186+0000][8][gc,heap     ] GC(22) Eden regions: 71->0(71)
[2024-02-06T22:48:10.186+0000][8][gc,heap     ] GC(22) Survivor regions: 5->5(10)
[2024-02-06T22:48:10.186+0000][8][gc,heap     ] GC(22) Old regions: 16->16
[2024-02-06T22:48:10.186+0000][8][gc,heap     ] GC(22) Archive regions: 2->2
[2024-02-06T22:48:10.186+0000][8][gc,heap     ] GC(22) Humongous regions: 2->2
[2024-02-06T22:48:10.186+0000][8][gc,metaspace] GC(22) Metaspace: 96217K(100380K)->96217K(100380K) NonClass: 83434K(86428K)->83434K(86428K) Class: 12782K(13952K)->12782K(13952K)
[2024-02-06T22:48:10.186+0000][8][gc          ] GC(22) Pause Young (Normal) (G1 Evacuation Pause) 376M->91M(512M) 6.739ms
[2024-02-06T22:48:10.186+0000][8][gc,cpu      ] GC(22) User=0.05s Sys=0.01s Real=0.00s
[2024-02-06T22:48:10.186+0000][8][safepoint   ] Safepoint "G1CollectForAllocation", Time since last: 260245846435 ns, Reaching safepoint: 109199 ns, At safepoint: 6813303 ns, Total: 6922502 ns
[2024-02-06T23:32:19.337+0000][8][safepoint   ] Safepoint "Cleanup", Time since last: 2649151355200 ns, Reaching safepoint: 113088 ns, At safepoint: 6179 ns, Total: 119267 ns
[2024-02-07T00:29:19.536+0000][8][safepoint   ] Safepoint "Cleanup", Time since last: 3420198435295 ns, Reaching safepoint: 101930 ns, At safepoint: 3955 ns, Total: 105885 ns
[2024-02-07T00:32:19.546+0000][8][safepoint   ] Safepoint "Cleanup", Time since last: 180010288584 ns, Reaching safepoint: 109452 ns, At safepoint: 3308 ns, Total: 112760 ns
[2024-02-07T00:40:11.574+0000][8][safepoint   ] Safepoint "Cleanup", Time since last: 472027363986 ns, Reaching safepoint: 110197 ns, At safepoint: 3774 ns, Total: 113971 ns
[2024-02-07T00:56:59.632+0000][8][safepoint   ] Safepoint "Cleanup", Time since last: 1008058236734 ns, Reaching safepoint: 100692 ns, At safepoint: 3456 ns, Total: 104148 ns
[2024-02-07T01:00:00.643+0000][8][safepoint   ] Safepoint "Cleanup", Time since last: 181010345341 ns, Reaching safepoint: 107226 ns, At safepoint: 3795 ns, Total: 111021 ns
[2024-02-07T01:01:49.649+0000][8][safepoint   ] Safepoint "Cleanup", Time since last: 109006249661 ns, Reaching safepoint: 124134 ns, At safepoint: 3188 ns, Total: 127322 ns
[2024-02-07T01:17:49.704+0000][8][safepoint   ] Safepoint "Cleanup", Time since last: 960055242461 ns, Reaching safepoint: 103538 ns, At safepoint: 3295 ns, Total: 106833 ns
[2024-02-07T01:24:49.728+0000][8][safepoint   ] Safepoint "Cleanup", Time since last: 420023941593 ns, Reaching safepoint: 119867 ns, At safepoint: 3717 ns, Total: 123584 ns
[2024-02-07T01:30:00.746+0000][8][safepoint   ] Safepoint "Cleanup", Time since last: 311017833272 ns, Reaching safepoint: 78904 ns, At safepoint: 5758 ns, Total: 84662 ns
[2024-02-07T01:31:55.753+0000][8][safepoint   ] Safepoint "Cleanup", Time since last: 115006552921 ns, Reaching safepoint: 127717 ns, At safepoint: 4375 ns, Total: 132092 ns
[2024-02-07T01:36:18.768+0000][8][safepoint   ] Safepoint "Cleanup", Time since last: 263015340794 ns, Reaching safepoint: 95641 ns, At safepoint: 3480 ns, Total: 99121 ns
[2024-02-07T01:38:00.774+0000][8][safepoint   ] Safepoint "Cleanup", Time since last: 102006019345 ns, Reaching safepoint: 125690 ns, At safepoint: 3431 ns, Total: 129121 ns
[2024-02-07T01:38:07.775+0000][8][safepoint   ] Safepoint "Cleanup", Time since last: 7000461903 ns, Reaching safepoint: 127261 ns, At safepoint: 3421 ns, Total: 130682 ns
[2024-02-07T01:38:08.899+0000][8][gc,start    ] GC(23) Pause Young (Normal) (G1 Evacuation Pause)
[2024-02-07T01:38:08.899+0000][8][gc,task     ] GC(23) Using 12 workers of 13 for evacuation
[2024-02-07T01:38:08.899+0000][8][gc,age      ] GC(23) Desired survivor size 20971520 bytes, new threshold 15 (max threshold 15)
[2024-02-07T01:38:08.906+0000][8][gc,age      ] GC(23) Age table with threshold 15 (max threshold 15)
[2024-02-07T01:38:08.906+0000][8][gc,age      ] GC(23) - age   1:     607976 bytes,     607976 total
[2024-02-07T01:38:08.906+0000][8][gc,age      ] GC(23) - age   2:      24432 bytes,     632408 total
[2024-02-07T01:38:08.906+0000][8][gc,age      ] GC(23) - age   3:      33288 bytes,     665696 total
[2024-02-07T01:38:08.906+0000][8][gc,age      ] GC(23) - age   4:     149632 bytes,     815328 total
[2024-02-07T01:38:08.906+0000][8][gc,age      ] GC(23) - age   5:     370200 bytes,    1185528 total
[2024-02-07T01:38:08.906+0000][8][gc,age      ] GC(23) - age   6:     948112 bytes,    2133640 total
[2024-02-07T01:38:08.906+0000][8][gc,age      ] GC(23) - age   7:   13316448 bytes,   15450088 total
[2024-02-07T01:38:08.906+0000][8][gc,age      ] GC(23) - age   8:    2046120 bytes,   17496208 total
[2024-02-07T01:38:08.906+0000][8][gc,phases   ] GC(23)   Pre Evacuate Collection Set: 0.1ms
[2024-02-07T01:38:08.906+0000][8][gc,phases   ] GC(23)   Merge Heap Roots: 0.1ms
[2024-02-07T01:38:08.906+0000][8][gc,phases   ] GC(23)   Evacuate Collection Set: 5.7ms
[2024-02-07T01:38:08.906+0000][8][gc,phases   ] GC(23)   Post Evacuate Collection Set: 0.8ms
[2024-02-07T01:38:08.906+0000][8][gc,phases   ] GC(23)   Other: 0.3ms
[2024-02-07T01:38:08.906+0000][8][gc,heap     ] GC(23) Eden regions: 71->0(71)
[2024-02-07T01:38:08.906+0000][8][gc,heap     ] GC(23) Survivor regions: 5->5(10)
[2024-02-07T01:38:08.906+0000][8][gc,heap     ] GC(23) Old regions: 16->16
[2024-02-07T01:38:08.906+0000][8][gc,heap     ] GC(23) Archive regions: 2->2
[2024-02-07T01:38:08.906+0000][8][gc,heap     ] GC(23) Humongous regions: 2->2
[2024-02-07T01:38:08.906+0000][8][gc,metaspace] GC(23) Metaspace: 96878K(101020K)->96878K(101020K) NonClass: 83974K(86940K)->83974K(86940K) Class: 12903K(14080K)->12903K(14080K)
[2024-02-07T01:38:08.906+0000][8][gc          ] GC(23) Pause Young (Normal) (G1 Evacuation Pause) 375M->92M(512M) 7.027ms
[2024-02-07T01:38:08.906+0000][8][gc,cpu      ] GC(23) User=0.06s Sys=0.01s Real=0.00s
[2024-02-07T01:38:08.906+0000][8][safepoint   ] Safepoint "G1CollectForAllocation", Time since last: 1123488890 ns, Reaching safepoint: 89704 ns, At safepoint: 7101517 ns, Total: 7191221 ns
[2024-02-07T01:38:13.906+0000][8][safepoint   ] Safepoint "Cleanup", Time since last: 5000302459 ns, Reaching safepoint: 84133 ns, At safepoint: 8301 ns, Total: 92434 ns
[2024-02-07T01:40:25.914+0000][8][safepoint   ] Safepoint "Cleanup", Time since last: 132007682079 ns, Reaching safepoint: 94297 ns, At safepoint: 7848 ns, Total: 102145 ns
[2024-02-07T01:46:22.935+0000][8][safepoint   ] Safepoint "Cleanup", Time since last: 357020819066 ns, Reaching safepoint: 100392 ns, At safepoint: 4271 ns, Total: 104663 ns
[2024-02-07T02:07:55.009+0000][8][safepoint   ] Safepoint "Cleanup", Time since last: 1292074244502 ns, Reaching safepoint: 110708 ns, At safepoint: 3742 ns, Total: 114450 ns
[2024-02-07T02:07:56.009+0000][8][safepoint   ] Safepoint "Cleanup", Time since last: 1000097675 ns, Reaching safepoint: 84698 ns, At safepoint: 3431 ns, Total: 88129 ns
[2024-02-07T02:07:57.010+0000][8][safepoint   ] Safepoint "Cleanup", Time since last: 1000100146 ns, Reaching safepoint: 113010 ns, At safepoint: 2344 ns, Total: 115354 ns
[2024-02-07T02:07:59.010+0000][8][safepoint   ] Safepoint "Cleanup", Time since last: 2000163101 ns, Reaching safepoint: 101180 ns, At safepoint: 4111 ns, Total: 105291 ns
[2024-02-07T02:08:00.010+0000][8][safepoint   ] Safepoint "Cleanup", Time since last: 1000096967 ns, Reaching safepoint: 100116 ns, At safepoint: 4088 ns, Total: 104204 ns
[2024-02-07T02:08:02.010+0000][8][safepoint   ] Safepoint "Cleanup", Time since last: 2000163453 ns, Reaching safepoint: 95041 ns, At safepoint: 3923 ns, Total: 98964 ns
[2024-02-07T02:08:04.011+0000][8][safepoint   ] Safepoint "Cleanup", Time since last: 2000165580 ns, Reaching safepoint: 285422 ns, At safepoint: 3990 ns, Total: 289412 ns
[2024-02-07T02:08:05.011+0000][8][safepoint   ] Safepoint "Cleanup", Time since last: 1000109271 ns, Reaching safepoint: 112647 ns, At safepoint: 4155 ns, Total: 116802 ns
[2024-02-07T02:09:20.016+0000][8][safepoint   ] Safepoint "Cleanup", Time since last: 75004517805 ns, Reaching safepoint: 104795 ns, At safepoint: 3620 ns, Total: 108415 ns
[2024-02-07T02:17:19.043+0000][8][safepoint   ] Safepoint "Cleanup", Time since last: 479027520839 ns, Reaching safepoint: 94190 ns, At safepoint: 3363 ns, Total: 97553 ns
[2024-02-07T02:17:26.044+0000][8][safepoint   ] Safepoint "Cleanup", Time since last: 7000373776 ns, Reaching safepoint: 91299 ns, At safepoint: 3719 ns, Total: 95018 ns
[2024-02-07T02:27:34.079+0000][8][safepoint   ] Safepoint "Cleanup", Time since last: 608035074500 ns, Reaching safepoint: 86117 ns, At safepoint: 3676 ns, Total: 89793 ns
[2024-02-07T04:10:26.436+0000][8][safepoint   ] Safepoint "Cleanup", Time since last: 6172356679663 ns, Reaching safepoint: 87212 ns, At safepoint: 3771 ns, Total: 90983 ns
[2024-02-07T04:15:24.453+0000][8][safepoint   ] Safepoint "Cleanup", Time since last: 298017088971 ns, Reaching safepoint: 99807 ns, At safepoint: 3430 ns, Total: 103237 ns
[2024-02-07T04:21:08.473+0000][8][safepoint   ] Safepoint "Cleanup", Time since last: 344019717398 ns, Reaching safepoint: 104292 ns, At safepoint: 5520 ns, Total: 109812 ns
[2024-02-07T04:22:51.479+0000][8][safepoint   ] Safepoint "Cleanup", Time since last: 103005870700 ns, Reaching safepoint: 106399 ns, At safepoint: 3562 ns, Total: 109961 ns
[2024-02-07T04:30:49.267+0000][8][gc,start    ] GC(24) Pause Young (Normal) (G1 Evacuation Pause)
[2024-02-07T04:30:49.267+0000][8][gc,task     ] GC(24) Using 12 workers of 13 for evacuation
[2024-02-07T04:30:49.267+0000][8][gc,age      ] GC(24) Desired survivor size 20971520 bytes, new threshold 15 (max threshold 15)
[2024-02-07T04:30:49.274+0000][8][gc,age      ] GC(24) Age table with threshold 15 (max threshold 15)
[2024-02-07T04:30:49.274+0000][8][gc,age      ] GC(24) - age   1:     624152 bytes,     624152 total
[2024-02-07T04:30:49.274+0000][8][gc,age      ] GC(24) - age   2:     503040 bytes,    1127192 total
[2024-02-07T04:30:49.274+0000][8][gc,age      ] GC(24) - age   3:      21136 bytes,    1148328 total
[2024-02-07T04:30:49.274+0000][8][gc,age      ] GC(24) - age   4:      32688 bytes,    1181016 total
[2024-02-07T04:30:49.274+0000][8][gc,age      ] GC(24) - age   5:     149536 bytes,    1330552 total
[2024-02-07T04:30:49.274+0000][8][gc,age      ] GC(24) - age   6:     320024 bytes,    1650576 total
[2024-02-07T04:30:49.274+0000][8][gc,age      ] GC(24) - age   7:     947888 bytes,    2598464 total
[2024-02-07T04:30:49.274+0000][8][gc,age      ] GC(24) - age   8:   13315488 bytes,   15913952 total
[2024-02-07T04:30:49.274+0000][8][gc,age      ] GC(24) - age   9:    2046120 bytes,   17960072 total
[2024-02-07T04:30:49.274+0000][8][gc,phases   ] GC(24)   Pre Evacuate Collection Set: 0.1ms
[2024-02-07T04:30:49.274+0000][8][gc,phases   ] GC(24)   Merge Heap Roots: 0.1ms
[2024-02-07T04:30:49.274+0000][8][gc,phases   ] GC(24)   Evacuate Collection Set: 5.8ms
[2024-02-07T04:30:49.274+0000][8][gc,phases   ] GC(24)   Post Evacuate Collection Set: 0.9ms
[2024-02-07T04:30:49.274+0000][8][gc,phases   ] GC(24)   Other: 0.2ms
[2024-02-07T04:30:49.274+0000][8][gc,heap     ] GC(24) Eden regions: 71->0(71)
[2024-02-07T04:30:49.274+0000][8][gc,heap     ] GC(24) Survivor regions: 5->5(10)
[2024-02-07T04:30:49.274+0000][8][gc,heap     ] GC(24) Old regions: 16->16
[2024-02-07T04:30:49.274+0000][8][gc,heap     ] GC(24) Archive regions: 2->2
[2024-02-07T04:30:49.274+0000][8][gc,heap     ] GC(24) Humongous regions: 2->2
[2024-02-07T04:30:49.274+0000][8][gc,metaspace] GC(24) Metaspace: 97236K(101532K)->97236K(101532K) NonClass: 84296K(87452K)->84296K(87452K) Class: 12940K(14080K)->12940K(14080K)
[2024-02-07T04:30:49.274+0000][8][gc          ] GC(24) Pause Young (Normal) (G1 Evacuation Pause) 376M->92M(512M) 7.041ms
[2024-02-07T04:30:49.274+0000][8][gc,cpu      ] GC(24) User=0.06s Sys=0.00s Real=0.00s
[2024-02-07T04:30:49.274+0000][8][safepoint   ] Safepoint "G1CollectForAllocation", Time since last: 477787906539 ns, Reaching safepoint: 90274 ns, At safepoint: 7116267 ns, Total: 7206541 ns
[2024-02-07T04:45:38.325+0000][8][safepoint   ] Safepoint "Cleanup", Time since last: 889051564585 ns, Reaching safepoint: 96637 ns, At safepoint: 5617 ns, Total: 102254 ns
[2024-02-07T04:51:18.345+0000][8][safepoint   ] Safepoint "Cleanup", Time since last: 340019563018 ns, Reaching safepoint: 98029 ns, At safepoint: 3896 ns, Total: 101925 ns
[2024-02-07T05:20:15.445+0000][8][safepoint   ] Safepoint "Cleanup", Time since last: 1737100111671 ns, Reaching safepoint: 97987 ns, At safepoint: 3747 ns, Total: 101734 ns
[2024-02-07T05:58:11.575+0000][8][safepoint   ] Safepoint "Cleanup", Time since last: 2276130040649 ns, Reaching safepoint: 97753 ns, At safepoint: 2316 ns, Total: 100069 ns
[2024-02-07T05:58:49.578+0000][8][safepoint   ] Safepoint "Cleanup", Time since last: 38002221255 ns, Reaching safepoint: 97057 ns, At safepoint: 3953 ns, Total: 101010 ns
[2024-02-07T06:06:18.604+0000][8][safepoint   ] Safepoint "Cleanup", Time since last: 449025782887 ns, Reaching safepoint: 109002 ns, At safepoint: 3622 ns, Total: 112624 ns
[2024-02-07T06:12:19.624+0000][8][safepoint   ] Safepoint "Cleanup", Time since last: 361020416337 ns, Reaching safepoint: 101974 ns, At safepoint: 3160 ns, Total: 105134 ns
[2024-02-07T06:21:49.657+0000][8][safepoint   ] Safepoint "Cleanup", Time since last: 570032658833 ns, Reaching safepoint: 103309 ns, At safepoint: 4090 ns, Total: 107399 ns
[2024-02-07T06:36:18.707+0000][8][safepoint   ] Safepoint "Cleanup", Time since last: 869050013341 ns, Reaching safepoint: 99012 ns, At safepoint: 3415 ns, Total: 102427 ns
[2024-02-07T06:52:49.764+0000][8][safepoint   ] Safepoint "Cleanup", Time since last: 991056896149 ns, Reaching safepoint: 100158 ns, At safepoint: 3266 ns, Total: 103424 ns
[2024-02-07T06:53:19.766+0000][8][safepoint   ] Safepoint "Cleanup", Time since last: 30001798828 ns, Reaching safepoint: 117383 ns, At safepoint: 3809 ns, Total: 121192 ns
[2024-02-07T07:04:19.804+0000][8][safepoint   ] Safepoint "Cleanup", Time since last: 660038092650 ns, Reaching safepoint: 104460 ns, At safepoint: 3905 ns, Total: 108365 ns
[2024-02-07T07:06:42.813+0000][8][safepoint   ] Safepoint "Cleanup", Time since last: 143008357422 ns, Reaching safepoint: 88735 ns, At safepoint: 3526 ns, Total: 92261 ns
[2024-02-07T07:06:43.813+0000][8][safepoint   ] Safepoint "Cleanup", Time since last: 1000107946 ns, Reaching safepoint: 87337 ns, At safepoint: 3480 ns, Total: 90817 ns
[2024-02-07T07:06:48.813+0000][8][safepoint   ] Safepoint "Cleanup", Time since last: 5000347201 ns, Reaching safepoint: 82384 ns, At safepoint: 3536 ns, Total: 85920 ns
[2024-02-07T07:06:49.813+0000][8][safepoint   ] Safepoint "Cleanup", Time since last: 1000106403 ns, Reaching safepoint: 79220 ns, At safepoint: 3791 ns, Total: 83011 ns
[2024-02-07T07:07:49.817+0000][8][safepoint   ] Safepoint "Cleanup", Time since last: 60003512026 ns, Reaching safepoint: 98052 ns, At safepoint: 3505 ns, Total: 101557 ns
[2024-02-07T07:13:19.836+0000][8][safepoint   ] Safepoint "Cleanup", Time since last: 330019235894 ns, Reaching safepoint: 98203 ns, At safepoint: 3122 ns, Total: 101325 ns
[2024-02-07T07:27:49.437+0000][8][gc,start    ] GC(25) Pause Young (Normal) (G1 Evacuation Pause)
[2024-02-07T07:27:49.437+0000][8][gc,task     ] GC(25) Using 12 workers of 13 for evacuation
[2024-02-07T07:27:49.437+0000][8][gc,age      ] GC(25) Desired survivor size 20971520 bytes, new threshold 15 (max threshold 15)
[2024-02-07T07:27:49.445+0000][8][gc,age      ] GC(25) Age table with threshold 15 (max threshold 15)
[2024-02-07T07:27:49.445+0000][8][gc,age      ] GC(25) - age   1:      61136 bytes,      61136 total
[2024-02-07T07:27:49.445+0000][8][gc,age      ] GC(25) - age   2:     357800 bytes,     418936 total
[2024-02-07T07:27:49.445+0000][8][gc,age      ] GC(25) - age   3:     494544 bytes,     913480 total
[2024-02-07T07:27:49.445+0000][8][gc,age      ] GC(25) - age   4:       4984 bytes,     918464 total
[2024-02-07T07:27:49.445+0000][8][gc,age      ] GC(25) - age   5:      32688 bytes,     951152 total
[2024-02-07T07:27:49.445+0000][8][gc,age      ] GC(25) - age   6:     149496 bytes,    1100648 total
[2024-02-07T07:27:49.445+0000][8][gc,age      ] GC(25) - age   7:     320024 bytes,    1420672 total
[2024-02-07T07:27:49.445+0000][8][gc,age      ] GC(25) - age   8:     947808 bytes,    2368480 total
[2024-02-07T07:27:49.445+0000][8][gc,age      ] GC(25) - age   9:   13315488 bytes,   15683968 total
[2024-02-07T07:27:49.445+0000][8][gc,age      ] GC(25) - age  10:    2046120 bytes,   17730088 total
[2024-02-07T07:27:49.445+0000][8][gc,phases   ] GC(25)   Pre Evacuate Collection Set: 0.1ms
[2024-02-07T07:27:49.445+0000][8][gc,phases   ] GC(25)   Merge Heap Roots: 0.1ms
[2024-02-07T07:27:49.445+0000][8][gc,phases   ] GC(25)   Evacuate Collection Set: 6.7ms
[2024-02-07T07:27:49.445+0000][8][gc,phases   ] GC(25)   Post Evacuate Collection Set: 0.8ms
[2024-02-07T07:27:49.445+0000][8][gc,phases   ] GC(25)   Other: 0.3ms
[2024-02-07T07:27:49.445+0000][8][gc,heap     ] GC(25) Eden regions: 71->0(71)
[2024-02-07T07:27:49.445+0000][8][gc,heap     ] GC(25) Survivor regions: 5->5(10)
[2024-02-07T07:27:49.445+0000][8][gc,heap     ] GC(25) Old regions: 16->16
[2024-02-07T07:27:49.445+0000][8][gc,heap     ] GC(25) Archive regions: 2->2
[2024-02-07T07:27:49.445+0000][8][gc,heap     ] GC(25) Humongous regions: 2->2
[2024-02-07T07:27:49.445+0000][8][gc,metaspace] GC(25) Metaspace: 97262K(101532K)->97262K(101532K) NonClass: 84322K(87452K)->84322K(87452K) Class: 12940K(14080K)->12940K(14080K)
[2024-02-07T07:27:49.445+0000][8][gc          ] GC(25) Pause Young (Normal) (G1 Evacuation Pause) 376M->92M(512M) 7.959ms
[2024-02-07T07:27:49.445+0000][8][gc,cpu      ] GC(25) User=0.05s Sys=0.00s Real=0.00s
[2024-02-07T07:27:49.445+0000][8][safepoint   ] Safepoint "G1CollectForAllocation", Time since last: 869600115246 ns, Reaching safepoint: 158026 ns, At safepoint: 8056895 ns, Total: 8214921 ns
[2024-02-07T07:29:09.450+0000][8][safepoint   ] Safepoint "Cleanup", Time since last: 80004638081 ns, Reaching safepoint: 102848 ns, At safepoint: 7926 ns, Total: 110774 ns
[2024-02-07T07:32:12.460+0000][8][safepoint   ] Safepoint "Cleanup", Time since last: 183010803180 ns, Reaching safepoint: 104003 ns, At safepoint: 3542 ns, Total: 107545 ns
[2024-02-07T07:32:47.463+0000][8][safepoint   ] Safepoint "Cleanup", Time since last: 35002094803 ns, Reaching safepoint: 124749 ns, At safepoint: 3498 ns, Total: 128247 ns
[2024-02-07T08:03:19.569+0000][8][safepoint   ] Safepoint "Cleanup", Time since last: 1832105947036 ns, Reaching safepoint: 130638 ns, At safepoint: 5996 ns, Total: 136634 ns
[2024-02-07T08:17:19.618+0000][8][safepoint   ] Safepoint "Cleanup", Time since last: 840049460796 ns, Reaching safepoint: 100633 ns, At safepoint: 7895 ns, Total: 108528 ns
[2024-02-07T10:13:20.020+0000][8][safepoint   ] Safepoint "Cleanup", Time since last: 6960401907813 ns, Reaching safepoint: 120903 ns, At safepoint: 4020 ns, Total: 124923 ns
[2024-02-07T10:23:40.056+0000][8][safepoint   ] Safepoint "Cleanup", Time since last: 620035598353 ns, Reaching safepoint: 111648 ns, At safepoint: 3939 ns, Total: 115587 ns
[2024-02-07T10:24:00.057+0000][8][safepoint   ] Safepoint "Cleanup", Time since last: 20001160094 ns, Reaching safepoint: 108094 ns, At safepoint: 6357 ns, Total: 114451 ns
[2024-02-07T10:24:02.058+0000][8][safepoint   ] Safepoint "Cleanup", Time since last: 2000159269 ns, Reaching safepoint: 90217 ns, At safepoint: 9722 ns, Total: 99939 ns
[2024-02-07T10:25:06.981+0000][8][gc,start    ] GC(26) Pause Young (Normal) (G1 Evacuation Pause)
[2024-02-07T10:25:06.981+0000][8][gc,task     ] GC(26) Using 12 workers of 13 for evacuation
[2024-02-07T10:25:06.981+0000][8][gc,age      ] GC(26) Desired survivor size 20971520 bytes, new threshold 15 (max threshold 15)
[2024-02-07T10:25:06.989+0000][8][gc,age      ] GC(26) Age table with threshold 15 (max threshold 15)
[2024-02-07T10:25:06.989+0000][8][gc,age      ] GC(26) - age   1:     167256 bytes,     167256 total
[2024-02-07T10:25:06.989+0000][8][gc,age      ] GC(26) - age   2:       2608 bytes,     169864 total
[2024-02-07T10:25:06.989+0000][8][gc,age      ] GC(26) - age   3:     239344 bytes,     409208 total
[2024-02-07T10:25:06.989+0000][8][gc,age      ] GC(26) - age   4:     462240 bytes,     871448 total
[2024-02-07T10:25:06.989+0000][8][gc,age      ] GC(26) - age   5:       4552 bytes,     876000 total
[2024-02-07T10:25:06.989+0000][8][gc,age      ] GC(26) - age   6:      32688 bytes,     908688 total
[2024-02-07T10:25:06.989+0000][8][gc,age      ] GC(26) - age   7:     149376 bytes,    1058064 total
[2024-02-07T10:25:06.989+0000][8][gc,age      ] GC(26) - age   8:     320024 bytes,    1378088 total
[2024-02-07T10:25:06.989+0000][8][gc,age      ] GC(26) - age   9:     947728 bytes,    2325816 total
[2024-02-07T10:25:06.989+0000][8][gc,age      ] GC(26) - age  10:   13315448 bytes,   15641264 total
[2024-02-07T10:25:06.989+0000][8][gc,age      ] GC(26) - age  11:    2046120 bytes,   17687384 total
[2024-02-07T10:25:06.989+0000][8][gc,phases   ] GC(26)   Pre Evacuate Collection Set: 0.1ms
[2024-02-07T10:25:06.989+0000][8][gc,phases   ] GC(26)   Merge Heap Roots: 0.1ms
[2024-02-07T10:25:06.989+0000][8][gc,phases   ] GC(26)   Evacuate Collection Set: 7.1ms
[2024-02-07T10:25:06.989+0000][8][gc,phases   ] GC(26)   Post Evacuate Collection Set: 0.8ms
[2024-02-07T10:25:06.989+0000][8][gc,phases   ] GC(26)   Other: 0.3ms
[2024-02-07T10:25:06.989+0000][8][gc,heap     ] GC(26) Eden regions: 71->0(71)
[2024-02-07T10:25:06.989+0000][8][gc,heap     ] GC(26) Survivor regions: 5->5(10)
[2024-02-07T10:25:06.989+0000][8][gc,heap     ] GC(26) Old regions: 16->16
[2024-02-07T10:25:06.989+0000][8][gc,heap     ] GC(26) Archive regions: 2->2
[2024-02-07T10:25:06.989+0000][8][gc,heap     ] GC(26) Humongous regions: 2->2
[2024-02-07T10:25:06.989+0000][8][gc,metaspace] GC(26) Metaspace: 97285K(101532K)->97285K(101532K) NonClass: 84345K(87452K)->84345K(87452K) Class: 12940K(14080K)->12940K(14080K)
[2024-02-07T10:25:06.989+0000][8][gc          ] GC(26) Pause Young (Normal) (G1 Evacuation Pause) 376M->92M(512M) 8.367ms
[2024-02-07T10:25:06.989+0000][8][gc,cpu      ] GC(26) User=0.05s Sys=0.00s Real=0.01s
[2024-02-07T10:25:06.989+0000][8][safepoint   ] Safepoint "G1CollectForAllocation", Time since last: 64923237822 ns, Reaching safepoint: 88759 ns, At safepoint: 8443654 ns, Total: 8532413 ns
[2024-02-07T10:29:00.003+0000][8][safepoint   ] Safepoint "Cleanup", Time since last: 233013734086 ns, Reaching safepoint: 117924 ns, At safepoint: 3596 ns, Total: 121520 ns
[2024-02-07T10:29:10.004+0000][8][safepoint   ] Safepoint "Cleanup", Time since last: 10000614009 ns, Reaching safepoint: 84552 ns, At safepoint: 3546 ns, Total: 88098 ns
[2024-02-07T10:29:18.005+0000][8][safepoint   ] Safepoint "Cleanup", Time since last: 8000519299 ns, Reaching safepoint: 83123 ns, At safepoint: 3711 ns, Total: 86834 ns
[2024-02-07T10:29:25.005+0000][8][safepoint   ] Safepoint "Cleanup", Time since last: 7000419089 ns, Reaching safepoint: 93491 ns, At safepoint: 3070 ns, Total: 96561 ns
[2024-02-07T10:29:30.005+0000][8][safepoint   ] Safepoint "Cleanup", Time since last: 5000337931 ns, Reaching safepoint: 99018 ns, At safepoint: 3256 ns, Total: 102274 ns
[2024-02-07T10:29:47.007+0000][8][safepoint   ] Safepoint "Cleanup", Time since last: 17000996725 ns, Reaching safepoint: 85429 ns, At safepoint: 3306 ns, Total: 88735 ns
[2024-02-07T10:29:58.007+0000][8][safepoint   ] Safepoint "Cleanup", Time since last: 11000694989 ns, Reaching safepoint: 93692 ns, At safepoint: 3421 ns, Total: 97113 ns
[2024-02-07T10:30:02.008+0000][8][safepoint   ] Safepoint "Cleanup", Time since last: 4000276200 ns, Reaching safepoint: 96751 ns, At safepoint: 3979 ns, Total: 100730 ns
[2024-02-07T10:30:07.008+0000][8][safepoint   ] Safepoint "Cleanup", Time since last: 5000334635 ns, Reaching safepoint: 84891 ns, At safepoint: 3666 ns, Total: 88557 ns
[2024-02-07T10:30:17.009+0000][8][safepoint   ] Safepoint "Cleanup", Time since last: 10000624363 ns, Reaching safepoint: 83599 ns, At safepoint: 3323 ns, Total: 86922 ns
[2024-02-07T10:30:23.009+0000][8][safepoint   ] Safepoint "Cleanup", Time since last: 6000400424 ns, Reaching safepoint: 91266 ns, At safepoint: 3399 ns, Total: 94665 ns
[2024-02-07T10:51:20.083+0000][8][safepoint   ] Safepoint "Cleanup", Time since last: 1257073536151 ns, Reaching safepoint: 111853 ns, At safepoint: 3747 ns, Total: 115600 ns
[2024-02-07T11:05:54.134+0000][8][safepoint   ] Safepoint "Cleanup", Time since last: 874050641448 ns, Reaching safepoint: 97513 ns, At safepoint: 7632 ns, Total: 105145 ns
[2024-02-07T12:07:50.836+0000][8][safepoint   ] Safepoint "Cleanup", Time since last: 3716701644813 ns, Reaching safepoint: 170249 ns, At safepoint: 4117 ns, Total: 174366 ns
[2024-02-07T12:16:29.866+0000][8][safepoint   ] Safepoint "Cleanup", Time since last: 519029834361 ns, Reaching safepoint: 99171 ns, At safepoint: 5773 ns, Total: 104944 ns
[2024-02-07T12:22:27.886+0000][8][safepoint   ] Safepoint "Cleanup", Time since last: 358020771165 ns, Reaching safepoint: 99156 ns, At safepoint: 3532 ns, Total: 102688 ns
[2024-02-07T12:22:39.887+0000][8][safepoint   ] Safepoint "Cleanup", Time since last: 12000723654 ns, Reaching safepoint: 87694 ns, At safepoint: 3748 ns, Total: 91442 ns
[2024-02-07T12:22:40.887+0000][8][safepoint   ] Safepoint "Cleanup", Time since last: 1000107107 ns, Reaching safepoint: 79060 ns, At safepoint: 3098 ns, Total: 82158 ns
[2024-02-07T12:22:42.888+0000][8][safepoint   ] Safepoint "Cleanup", Time since last: 2000171241 ns, Reaching safepoint: 86471 ns, At safepoint: 3572 ns, Total: 90043 ns
[2024-02-07T12:22:45.888+0000][8][safepoint   ] Safepoint "Cleanup", Time since last: 3000222944 ns, Reaching safepoint: 87627 ns, At safepoint: 3242 ns, Total: 90869 ns
[2024-02-07T12:22:49.888+0000][8][safepoint   ] Safepoint "Cleanup", Time since last: 4000283896 ns, Reaching safepoint: 131299 ns, At safepoint: 4573 ns, Total: 135872 ns
[2024-02-07T13:11:34.057+0000][8][safepoint   ] Safepoint "Cleanup", Time since last: 2924168365601 ns, Reaching safepoint: 123573 ns, At safepoint: 3713 ns, Total: 127286 ns
[2024-02-07T13:18:11.706+0000][8][gc,start    ] GC(27) Pause Young (Normal) (G1 Evacuation Pause)
[2024-02-07T13:18:11.706+0000][8][gc,task     ] GC(27) Using 12 workers of 13 for evacuation
[2024-02-07T13:18:11.706+0000][8][gc,age      ] GC(27) Desired survivor size 20971520 bytes, new threshold 15 (max threshold 15)
[2024-02-07T13:18:11.712+0000][8][gc,age      ] GC(27) Age table with threshold 15 (max threshold 15)
[2024-02-07T13:18:11.712+0000][8][gc,age      ] GC(27) - age   1:     242568 bytes,     242568 total
[2024-02-07T13:18:11.712+0000][8][gc,age      ] GC(27) - age   2:      96336 bytes,     338904 total
[2024-02-07T13:18:11.712+0000][8][gc,age      ] GC(27) - age   3:       2568 bytes,     341472 total
[2024-02-07T13:18:11.712+0000][8][gc,age      ] GC(27) - age   4:     238472 bytes,     579944 total
[2024-02-07T13:18:11.712+0000][8][gc,age      ] GC(27) - age   5:     445776 bytes,    1025720 total
[2024-02-07T13:18:11.712+0000][8][gc,age      ] GC(27) - age   6:       4552 bytes,    1030272 total
[2024-02-07T13:18:11.712+0000][8][gc,age      ] GC(27) - age   7:      32688 bytes,    1062960 total
[2024-02-07T13:18:11.712+0000][8][gc,age      ] GC(27) - age   8:     149376 bytes,    1212336 total
[2024-02-07T13:18:11.712+0000][8][gc,age      ] GC(27) - age   9:     319768 bytes,    1532104 total
[2024-02-07T13:18:11.712+0000][8][gc,age      ] GC(27) - age  10:     947648 bytes,    2479752 total
[2024-02-07T13:18:11.712+0000][8][gc,age      ] GC(27) - age  11:   13315248 bytes,   15795000 total
[2024-02-07T13:18:11.712+0000][8][gc,age      ] GC(27) - age  12:    2046120 bytes,   17841120 total
[2024-02-07T13:18:11.712+0000][8][gc,phases   ] GC(27)   Pre Evacuate Collection Set: 0.1ms
[2024-02-07T13:18:11.712+0000][8][gc,phases   ] GC(27)   Merge Heap Roots: 0.1ms
[2024-02-07T13:18:11.712+0000][8][gc,phases   ] GC(27)   Evacuate Collection Set: 5.7ms
[2024-02-07T13:18:11.712+0000][8][gc,phases   ] GC(27)   Post Evacuate Collection Set: 0.8ms
[2024-02-07T13:18:11.713+0000][8][gc,phases   ] GC(27)   Other: 0.3ms
[2024-02-07T13:18:11.713+0000][8][gc,heap     ] GC(27) Eden regions: 71->0(71)
[2024-02-07T13:18:11.713+0000][8][gc,heap     ] GC(27) Survivor regions: 5->5(10)
[2024-02-07T13:18:11.713+0000][8][gc,heap     ] GC(27) Old regions: 16->16
[2024-02-07T13:18:11.713+0000][8][gc,heap     ] GC(27) Archive regions: 2->2
[2024-02-07T13:18:11.713+0000][8][gc,heap     ] GC(27) Humongous regions: 2->2
[2024-02-07T13:18:11.713+0000][8][gc,metaspace] GC(27) Metaspace: 97367K(101532K)->97367K(101532K) NonClass: 84427K(87452K)->84427K(87452K) Class: 12940K(14080K)->12940K(14080K)
[2024-02-07T13:18:11.713+0000][8][gc          ] GC(27) Pause Young (Normal) (G1 Evacuation Pause) 376M->92M(512M) 7.042ms
[2024-02-07T13:18:11.713+0000][8][gc,cpu      ] GC(27) User=0.05s Sys=0.00s Real=0.01s
[2024-02-07T13:18:11.713+0000][8][safepoint   ] Safepoint "G1CollectForAllocation", Time since last: 397648508629 ns, Reaching safepoint: 92503 ns, At safepoint: 7133970 ns, Total: 7226473 ns
[2024-02-07T13:34:50.770+0000][8][safepoint   ] Safepoint "Cleanup", Time since last: 999057605789 ns, Reaching safepoint: 104440 ns, At safepoint: 3521 ns, Total: 107961 ns
[2024-02-07T14:17:18.918+0000][8][safepoint   ] Safepoint "Cleanup", Time since last: 2548147768998 ns, Reaching safepoint: 98396 ns, At safepoint: 5979 ns, Total: 104375 ns
[2024-02-07T14:23:13.939+0000][8][safepoint   ] Safepoint "Cleanup", Time since last: 355020381668 ns, Reaching safepoint: 101570 ns, At safepoint: 3877 ns, Total: 105447 ns
[2024-02-07T15:52:38.249+0000][8][safepoint   ] Safepoint "Cleanup", Time since last: 5364310152097 ns, Reaching safepoint: 96265 ns, At safepoint: 3249 ns, Total: 99514 ns
[2024-02-07T16:16:19.919+0000][8][gc,start    ] GC(28) Pause Young (Normal) (G1 Evacuation Pause)
[2024-02-07T16:16:19.919+0000][8][gc,task     ] GC(28) Using 12 workers of 13 for evacuation
[2024-02-07T16:16:19.919+0000][8][gc,age      ] GC(28) Desired survivor size 20971520 bytes, new threshold 15 (max threshold 15)
[2024-02-07T16:16:19.925+0000][8][gc,age      ] GC(28) Age table with threshold 15 (max threshold 15)
[2024-02-07T16:16:19.925+0000][8][gc,age      ] GC(28) - age   1:      83408 bytes,      83408 total
[2024-02-07T16:16:19.925+0000][8][gc,age      ] GC(28) - age   2:     109144 bytes,     192552 total
[2024-02-07T16:16:19.925+0000][8][gc,age      ] GC(28) - age   3:      40928 bytes,     233480 total
[2024-02-07T16:16:19.925+0000][8][gc,age      ] GC(28) - age   4:       2568 bytes,     236048 total
[2024-02-07T16:16:19.925+0000][8][gc,age      ] GC(28) - age   5:     230040 bytes,     466088 total
[2024-02-07T16:16:19.925+0000][8][gc,age      ] GC(28) - age   6:     429624 bytes,     895712 total
[2024-02-07T16:16:19.925+0000][8][gc,age      ] GC(28) - age   7:       4552 bytes,     900264 total
[2024-02-07T16:16:19.925+0000][8][gc,age      ] GC(28) - age   8:      32688 bytes,     932952 total
[2024-02-07T16:16:19.925+0000][8][gc,age      ] GC(28) - age   9:     149376 bytes,    1082328 total
[2024-02-07T16:16:19.925+0000][8][gc,age      ] GC(28) - age  10:     319688 bytes,    1402016 total
[2024-02-07T16:16:19.925+0000][8][gc,age      ] GC(28) - age  11:     947648 bytes,    2349664 total
[2024-02-07T16:16:19.925+0000][8][gc,age      ] GC(28) - age  12:   13315168 bytes,   15664832 total
[2024-02-07T16:16:19.925+0000][8][gc,age      ] GC(28) - age  13:    2046120 bytes,   17710952 total
[2024-02-07T16:16:19.925+0000][8][gc,phases   ] GC(28)   Pre Evacuate Collection Set: 0.1ms
[2024-02-07T16:16:19.925+0000][8][gc,phases   ] GC(28)   Merge Heap Roots: 0.1ms
[2024-02-07T16:16:19.925+0000][8][gc,phases   ] GC(28)   Evacuate Collection Set: 5.4ms
[2024-02-07T16:16:19.925+0000][8][gc,phases   ] GC(28)   Post Evacuate Collection Set: 0.8ms
[2024-02-07T16:16:19.925+0000][8][gc,phases   ] GC(28)   Other: 0.3ms
[2024-02-07T16:16:19.925+0000][8][gc,heap     ] GC(28) Eden regions: 71->0(71)
[2024-02-07T16:16:19.925+0000][8][gc,heap     ] GC(28) Survivor regions: 5->5(10)
[2024-02-07T16:16:19.925+0000][8][gc,heap     ] GC(28) Old regions: 16->16
[2024-02-07T16:16:19.925+0000][8][gc,heap     ] GC(28) Archive regions: 2->2
[2024-02-07T16:16:19.925+0000][8][gc,heap     ] GC(28) Humongous regions: 2->2
[2024-02-07T16:16:19.925+0000][8][gc,metaspace] GC(28) Metaspace: 97389K(101532K)->97389K(101532K) NonClass: 84449K(87452K)->84449K(87452K) Class: 12940K(14080K)->12940K(14080K)
[2024-02-07T16:16:19.925+0000][8][gc          ] GC(28) Pause Young (Normal) (G1 Evacuation Pause) 376M->92M(512M) 6.661ms
[2024-02-07T16:16:19.925+0000][8][gc,cpu      ] GC(28) User=0.04s Sys=0.00s Real=0.00s
[2024-02-07T16:16:19.925+0000][8][safepoint   ] Safepoint "G1CollectForAllocation", Time since last: 1421669529951 ns, Reaching safepoint: 86474 ns, At safepoint: 6745340 ns, Total: 6831814 ns
[2024-02-07T16:47:43.035+0000][8][safepoint   ] Safepoint "Cleanup", Time since last: 1883109986653 ns, Reaching safepoint: 98638 ns, At safepoint: 3139 ns, Total: 101777 ns
[2024-02-07T17:35:48.204+0000][8][safepoint   ] Safepoint "Cleanup", Time since last: 2885168048621 ns, Reaching safepoint: 101744 ns, At safepoint: 3459 ns, Total: 105203 ns
[2024-02-07T17:39:17.216+0000][8][safepoint   ] Safepoint "Cleanup", Time since last: 209012108287 ns, Reaching safepoint: 90222 ns, At safepoint: 2786 ns, Total: 93008 ns
[2024-02-07T17:39:23.216+0000][8][safepoint   ] Safepoint "Cleanup", Time since last: 6000391801 ns, Reaching safepoint: 83317 ns, At safepoint: 7561 ns, Total: 90878 ns
[2024-02-07T17:39:25.216+0000][8][safepoint   ] Safepoint "Cleanup", Time since last: 2000168701 ns, Reaching safepoint: 85239 ns, At safepoint: 3352 ns, Total: 88591 ns
[2024-02-07T17:39:27.217+0000][8][safepoint   ] Safepoint "Cleanup", Time since last: 2000155805 ns, Reaching safepoint: 90536 ns, At safepoint: 3388 ns, Total: 93924 ns
[2024-02-07T17:39:29.217+0000][8][safepoint   ] Safepoint "Cleanup", Time since last: 2000161286 ns, Reaching safepoint: 94666 ns, At safepoint: 3489 ns, Total: 98155 ns
[2024-02-07T17:39:59.072+0000][8][safepoint   ] Safepoint "Cleanup", Time since last: 29854554552 ns, Reaching safepoint: 91268 ns, At safepoint: 3982 ns, Total: 95250 ns
[2024-02-07T17:40:00.103+0000][8][safepoint   ] Safepoint "Cleanup", Time since last: 1031677161 ns, Reaching safepoint: 106318 ns, At safepoint: 5814 ns, Total: 112132 ns
[2024-02-07T17:40:08.022+0000][8][safepoint   ] Safepoint "Cleanup", Time since last: 7918120293 ns, Reaching safepoint: 84507 ns, At safepoint: 3844 ns, Total: 88351 ns
[2024-02-07T17:40:09.022+0000][8][safepoint   ] Safepoint "Cleanup", Time since last: 1000209328 ns, Reaching safepoint: 115811 ns, At safepoint: 4347 ns, Total: 120158 ns
[2024-02-07T17:40:32.023+0000][8][safepoint   ] Safepoint "Cleanup", Time since last: 23001399069 ns, Reaching safepoint: 107844 ns, At safepoint: 4466 ns, Total: 112310 ns
[2024-02-07T17:40:34.024+0000][8][safepoint   ] Safepoint "Cleanup", Time since last: 2000164905 ns, Reaching safepoint: 88667 ns, At safepoint: 3890 ns, Total: 92557 ns
[2024-02-07T17:43:14.033+0000][8][safepoint   ] Safepoint "Cleanup", Time since last: 160009168997 ns, Reaching safepoint: 100908 ns, At safepoint: 3591 ns, Total: 104499 ns
[2024-02-07T17:43:20.034+0000][8][safepoint   ] Safepoint "Cleanup", Time since last: 6000399314 ns, Reaching safepoint: 91213 ns, At safepoint: 3754 ns, Total: 94967 ns
[2024-02-07T17:43:24.034+0000][8][safepoint   ] Safepoint "Cleanup", Time since last: 4000284107 ns, Reaching safepoint: 119829 ns, At safepoint: 3944 ns, Total: 123773 ns
[2024-02-07T17:44:04.036+0000][8][safepoint   ] Safepoint "Cleanup", Time since last: 40002346617 ns, Reaching safepoint: 105739 ns, At safepoint: 3574 ns, Total: 109313 ns
[2024-02-07T17:44:16.037+0000][8][safepoint   ] Safepoint "Cleanup", Time since last: 12000760223 ns, Reaching safepoint: 100144 ns, At safepoint: 6743 ns, Total: 106887 ns
[2024-02-07T17:44:20.038+0000][8][safepoint   ] Safepoint "Cleanup", Time since last: 4000288364 ns, Reaching safepoint: 122106 ns, At safepoint: 4028 ns, Total: 126134 ns
[2024-02-07T17:44:37.039+0000][8][safepoint   ] Safepoint "Cleanup", Time since last: 17000993926 ns, Reaching safepoint: 110203 ns, At safepoint: 3711 ns, Total: 113914 ns
[2024-02-07T17:45:09.041+0000][8][safepoint   ] Safepoint "Cleanup", Time since last: 32001922122 ns, Reaching safepoint: 115015 ns, At safepoint: 2985 ns, Total: 118000 ns
[2024-02-07T17:45:35.043+0000][8][safepoint   ] Safepoint "Cleanup", Time since last: 26001556807 ns, Reaching safepoint: 146405 ns, At safepoint: 11858 ns, Total: 158263 ns
[2024-02-07T17:46:20.045+0000][8][safepoint   ] Safepoint "Cleanup", Time since last: 45002710816 ns, Reaching safepoint: 102431 ns, At safepoint: 3739 ns, Total: 106170 ns
[2024-02-07T17:49:34.057+0000][8][safepoint   ] Safepoint "Cleanup", Time since last: 194011434641 ns, Reaching safepoint: 126356 ns, At safepoint: 4123 ns, Total: 130479 ns
[2024-02-07T17:51:34.064+0000][8][safepoint   ] Safepoint "Cleanup", Time since last: 120007149097 ns, Reaching safepoint: 109055 ns, At safepoint: 4057 ns, Total: 113112 ns
[2024-02-07T17:52:24.067+0000][8][safepoint   ] Safepoint "Cleanup", Time since last: 50003055327 ns, Reaching safepoint: 129622 ns, At safepoint: 3943 ns, Total: 133565 ns
[2024-02-07T17:52:25.199+0000][8][safepoint   ] Safepoint "Cleanup", Time since last: 1131804290 ns, Reaching safepoint: 107713 ns, At safepoint: 3631 ns, Total: 111344 ns
[2024-02-07T17:52:37.200+0000][8][safepoint   ] Safepoint "Cleanup", Time since last: 12000775714 ns, Reaching safepoint: 119720 ns, At safepoint: 3603 ns, Total: 123323 ns
[2024-02-07T17:52:49.201+0000][8][safepoint   ] Safepoint "Cleanup", Time since last: 12000756903 ns, Reaching safepoint: 92447 ns, At safepoint: 3543 ns, Total: 95990 ns
[2024-02-07T17:52:50.201+0000][8][safepoint   ] Safepoint "Cleanup", Time since last: 1000108250 ns, Reaching safepoint: 90447 ns, At safepoint: 6091 ns, Total: 96538 ns
[2024-02-07T17:54:38.208+0000][8][safepoint   ] Safepoint "Cleanup", Time since last: 108006586083 ns, Reaching safepoint: 136130 ns, At safepoint: 3698 ns, Total: 139828 ns
[2024-02-07T17:54:39.208+0000][8][safepoint   ] Safepoint "Cleanup", Time since last: 1000099051 ns, Reaching safepoint: 89805 ns, At safepoint: 3811 ns, Total: 93616 ns
[2024-02-07T17:54:47.209+0000][8][safepoint   ] Safepoint "Cleanup", Time since last: 8000540792 ns, Reaching safepoint: 97171 ns, At safepoint: 3578 ns, Total: 100749 ns
[2024-02-07T17:54:49.209+0000][8][safepoint   ] Safepoint "Cleanup", Time since last: 2000166423 ns, Reaching safepoint: 91577 ns, At safepoint: 3324 ns, Total: 94901 ns
[2024-02-07T17:56:10.214+0000][8][safepoint   ] Safepoint "Cleanup", Time since last: 81004888778 ns, Reaching safepoint: 102755 ns, At safepoint: 3466 ns, Total: 106221 ns
[2024-02-07T17:56:49.217+0000][8][safepoint   ] Safepoint "Cleanup", Time since last: 39002376214 ns, Reaching safepoint: 102406 ns, At safepoint: 3767 ns, Total: 106173 ns
[2024-02-07T17:58:02.221+0000][8][safepoint   ] Safepoint "Cleanup", Time since last: 73004452425 ns, Reaching safepoint: 106968 ns, At safepoint: 3965 ns, Total: 110933 ns
[2024-02-07T17:58:13.222+0000][8][safepoint   ] Safepoint "Cleanup", Time since last: 11000698182 ns, Reaching safepoint: 118981 ns, At safepoint: 4140 ns, Total: 123121 ns
[2024-02-07T17:59:36.227+0000][8][safepoint   ] Safepoint "Cleanup", Time since last: 83004899151 ns, Reaching safepoint: 143396 ns, At safepoint: 9201 ns, Total: 152597 ns
[2024-02-07T17:59:49.228+0000][8][safepoint   ] Safepoint "Cleanup", Time since last: 13000844787 ns, Reaching safepoint: 94015 ns, At safepoint: 3139 ns, Total: 97154 ns
[2024-02-07T18:00:21.230+0000][8][safepoint   ] Safepoint "Cleanup", Time since last: 32001969600 ns, Reaching safepoint: 121654 ns, At safepoint: 3040 ns, Total: 124694 ns
[2024-02-07T18:00:31.231+0000][8][safepoint   ] Safepoint "Cleanup", Time since last: 10000620528 ns, Reaching safepoint: 119689 ns, At safepoint: 4102 ns, Total: 123791 ns
[2024-02-07T18:02:50.239+0000][8][safepoint   ] Safepoint "Cleanup", Time since last: 139008197719 ns, Reaching safepoint: 110496 ns, At safepoint: 4016 ns, Total: 114512 ns
[2024-02-07T18:06:19.252+0000][8][safepoint   ] Safepoint "Cleanup", Time since last: 209012324445 ns, Reaching safepoint: 122305 ns, At safepoint: 4099 ns, Total: 126404 ns
[2024-02-07T18:07:19.255+0000][8][safepoint   ] Safepoint "Cleanup", Time since last: 60003560236 ns, Reaching safepoint: 100135 ns, At safepoint: 3427 ns, Total: 103562 ns
[2024-02-07T18:14:20.032+0000][8][gc,start    ] GC(29) Pause Young (Normal) (G1 Evacuation Pause)
[2024-02-07T18:14:20.032+0000][8][gc,task     ] GC(29) Using 12 workers of 13 for evacuation
[2024-02-07T18:14:20.032+0000][8][gc,age      ] GC(29) Desired survivor size 20971520 bytes, new threshold 15 (max threshold 15)
[2024-02-07T18:14:20.040+0000][8][gc,age      ] GC(29) Age table with threshold 15 (max threshold 15)
[2024-02-07T18:14:20.040+0000][8][gc,age      ] GC(29) - age   1:    2053776 bytes,    2053776 total
[2024-02-07T18:14:20.040+0000][8][gc,age      ] GC(29) - age   2:      34824 bytes,    2088600 total
[2024-02-07T18:14:20.040+0000][8][gc,age      ] GC(29) - age   3:      75400 bytes,    2164000 total
[2024-02-07T18:14:20.040+0000][8][gc,age      ] GC(29) - age   4:      16320 bytes,    2180320 total
[2024-02-07T18:14:20.040+0000][8][gc,age      ] GC(29) - age   5:       2568 bytes,    2182888 total
[2024-02-07T18:14:20.040+0000][8][gc,age      ] GC(29) - age   6:     179040 bytes,    2361928 total
[2024-02-07T18:14:20.040+0000][8][gc,age      ] GC(29) - age   7:     429504 bytes,    2791432 total
[2024-02-07T18:14:20.040+0000][8][gc,age      ] GC(29) - age   8:       4552 bytes,    2795984 total
[2024-02-07T18:14:20.040+0000][8][gc,age      ] GC(29) - age   9:      32544 bytes,    2828528 total
[2024-02-07T18:14:20.040+0000][8][gc,age      ] GC(29) - age  10:     149376 bytes,    2977904 total
[2024-02-07T18:14:20.040+0000][8][gc,age      ] GC(29) - age  11:     319544 bytes,    3297448 total
[2024-02-07T18:14:20.040+0000][8][gc,age      ] GC(29) - age  12:     947024 bytes,    4244472 total
[2024-02-07T18:14:20.040+0000][8][gc,age      ] GC(29) - age  13:   13313624 bytes,   17558096 total
[2024-02-07T18:14:20.040+0000][8][gc,age      ] GC(29) - age  14:    2046120 bytes,   19604216 total
[2024-02-07T18:14:20.040+0000][8][gc,phases   ] GC(29)   Pre Evacuate Collection Set: 0.1ms
[2024-02-07T18:14:20.040+0000][8][gc,phases   ] GC(29)   Merge Heap Roots: 0.1ms
[2024-02-07T18:14:20.040+0000][8][gc,phases   ] GC(29)   Evacuate Collection Set: 7.1ms
[2024-02-07T18:14:20.040+0000][8][gc,phases   ] GC(29)   Post Evacuate Collection Set: 0.9ms
[2024-02-07T18:14:20.040+0000][8][gc,phases   ] GC(29)   Other: 0.3ms
[2024-02-07T18:14:20.040+0000][8][gc,heap     ] GC(29) Eden regions: 71->0(70)
[2024-02-07T18:14:20.040+0000][8][gc,heap     ] GC(29) Survivor regions: 5->6(10)
[2024-02-07T18:14:20.040+0000][8][gc,heap     ] GC(29) Old regions: 16->16
[2024-02-07T18:14:20.040+0000][8][gc,heap     ] GC(29) Archive regions: 2->2
[2024-02-07T18:14:20.040+0000][8][gc,heap     ] GC(29) Humongous regions: 2->2
[2024-02-07T18:14:20.040+0000][8][gc,metaspace] GC(29) Metaspace: 97964K(102300K)->97964K(102300K) NonClass: 85000K(88220K)->85000K(88220K) Class: 12964K(14080K)->12964K(14080K)
[2024-02-07T18:14:20.040+0000][8][gc          ] GC(29) Pause Young (Normal) (G1 Evacuation Pause) 376M->94M(512M) 8.447ms
[2024-02-07T18:14:20.040+0000][8][gc,cpu      ] GC(29) User=0.06s Sys=0.00s Real=0.01s
[2024-02-07T18:14:20.040+0000][8][safepoint   ] Safepoint "G1CollectForAllocation", Time since last: 420776437186 ns, Reaching safepoint: 160539 ns, At safepoint: 8544422 ns, Total: 8704961 ns
[2024-02-07T18:16:31.048+0000][8][safepoint   ] Safepoint "Cleanup", Time since last: 131007520950 ns, Reaching safepoint: 104016 ns, At safepoint: 3122 ns, Total: 107138 ns
[2024-02-07T19:03:42.214+0000][8][safepoint   ] Safepoint "Cleanup", Time since last: 2831165529575 ns, Reaching safepoint: 109308 ns, At safepoint: 15772 ns, Total: 125080 ns
[2024-02-07T19:31:14.310+0000][8][safepoint   ] Safepoint "Cleanup", Time since last: 1652096349068 ns, Reaching safepoint: 136953 ns, At safepoint: 4511 ns, Total: 141464 ns
[2024-02-07T19:46:18.363+0000][8][safepoint   ] Safepoint "Cleanup", Time since last: 904052835858 ns, Reaching safepoint: 126713 ns, At safepoint: 6690 ns, Total: 133403 ns
[2024-02-07T21:00:29.619+0000][8][safepoint   ] Safepoint "Cleanup", Time since last: 4451256231002 ns, Reaching safepoint: 118766 ns, At safepoint: 3993 ns, Total: 122759 ns
[2024-02-07T21:01:50.624+0000][8][safepoint   ] Safepoint "Cleanup", Time since last: 81004624338 ns, Reaching safepoint: 124665 ns, At safepoint: 3999 ns, Total: 128664 ns
[2024-02-07T21:01:52.624+0000][8][safepoint   ] Safepoint "Cleanup", Time since last: 2000162539 ns, Reaching safepoint: 90193 ns, At safepoint: 3748 ns, Total: 93941 ns
[2024-02-07T21:01:59.625+0000][8][safepoint   ] Safepoint "Cleanup", Time since last: 7000447232 ns, Reaching safepoint: 84757 ns, At safepoint: 3924 ns, Total: 88681 ns
[2024-02-07T21:02:01.625+0000][8][safepoint   ] Safepoint "Cleanup", Time since last: 2000168123 ns, Reaching safepoint: 89398 ns, At safepoint: 3663 ns, Total: 93061 ns
[2024-02-07T21:02:32.627+0000][8][safepoint   ] Safepoint "Cleanup", Time since last: 31001842710 ns, Reaching safepoint: 99104 ns, At safepoint: 3828 ns, Total: 102932 ns
[2024-02-07T21:03:04.629+0000][8][safepoint   ] Safepoint "Cleanup", Time since last: 32001840082 ns, Reaching safepoint: 146624 ns, At safepoint: 3839 ns, Total: 150463 ns
[2024-02-07T21:03:50.632+0000][8][safepoint   ] Safepoint "Cleanup", Time since last: 46002697681 ns, Reaching safepoint: 104674 ns, At safepoint: 3599 ns, Total: 108273 ns
[2024-02-07T21:03:56.632+0000][8][safepoint   ] Safepoint "Cleanup", Time since last: 6000383291 ns, Reaching safepoint: 115057 ns, At safepoint: 3832 ns, Total: 118889 ns
[2024-02-07T21:03:59.633+0000][8][safepoint   ] Safepoint "Cleanup", Time since last: 3000217501 ns, Reaching safepoint: 82209 ns, At safepoint: 3718 ns, Total: 85927 ns
[2024-02-07T21:04:05.633+0000][8][safepoint   ] Safepoint "Cleanup", Time since last: 6000388027 ns, Reaching safepoint: 87083 ns, At safepoint: 3584 ns, Total: 90667 ns
[2024-02-07T21:04:12.634+0000][8][safepoint   ] Safepoint "Cleanup", Time since last: 7000445866 ns, Reaching safepoint: 81674 ns, At safepoint: 3586 ns, Total: 85260 ns
[2024-02-07T21:04:49.131+0000][8][gc,start    ] GC(30) Pause Young (Normal) (G1 Evacuation Pause)
[2024-02-07T21:04:49.131+0000][8][gc,task     ] GC(30) Using 12 workers of 13 for evacuation
[2024-02-07T21:04:49.131+0000][8][gc,age      ] GC(30) Desired survivor size 20971520 bytes, new threshold 15 (max threshold 15)
[2024-02-07T21:04:49.137+0000][8][gc,age      ] GC(30) Age table with threshold 15 (max threshold 15)
[2024-02-07T21:04:49.138+0000][8][gc,age      ] GC(30) - age   1:     241320 bytes,     241320 total
[2024-02-07T21:04:49.138+0000][8][gc,age      ] GC(30) - age   2:    1557784 bytes,    1799104 total
[2024-02-07T21:04:49.138+0000][8][gc,age      ] GC(30) - age   3:      31416 bytes,    1830520 total
[2024-02-07T21:04:49.138+0000][8][gc,age      ] GC(30) - age   4:      75280 bytes,    1905800 total
[2024-02-07T21:04:49.138+0000][8][gc,age      ] GC(30) - age   5:      15808 bytes,    1921608 total
[2024-02-07T21:04:49.138+0000][8][gc,age      ] GC(30) - age   6:       2568 bytes,    1924176 total
[2024-02-07T21:04:49.138+0000][8][gc,age      ] GC(30) - age   7:     179000 bytes,    2103176 total
[2024-02-07T21:04:49.138+0000][8][gc,age      ] GC(30) - age   8:     429464 bytes,    2532640 total
[2024-02-07T21:04:49.138+0000][8][gc,age      ] GC(30) - age   9:       3536 bytes,    2536176 total
[2024-02-07T21:04:49.138+0000][8][gc,age      ] GC(30) - age  10:      32336 bytes,    2568512 total
[2024-02-07T21:04:49.138+0000][8][gc,age      ] GC(30) - age  11:     149376 bytes,    2717888 total
[2024-02-07T21:04:49.138+0000][8][gc,age      ] GC(30) - age  12:     319384 bytes,    3037272 total
[2024-02-07T21:04:49.138+0000][8][gc,age      ] GC(30) - age  13:     946864 bytes,    3984136 total
[2024-02-07T21:04:49.138+0000][8][gc,age      ] GC(30) - age  14:   13313624 bytes,   17297760 total
[2024-02-07T21:04:49.138+0000][8][gc,age      ] GC(30) - age  15:    2046120 bytes,   19343880 total
[2024-02-07T21:04:49.138+0000][8][gc,phases   ] GC(30)   Pre Evacuate Collection Set: 0.1ms
[2024-02-07T21:04:49.138+0000][8][gc,phases   ] GC(30)   Merge Heap Roots: 0.1ms
[2024-02-07T21:04:49.138+0000][8][gc,phases   ] GC(30)   Evacuate Collection Set: 5.8ms
[2024-02-07T21:04:49.138+0000][8][gc,phases   ] GC(30)   Post Evacuate Collection Set: 0.8ms
[2024-02-07T21:04:49.138+0000][8][gc,phases   ] GC(30)   Other: 0.3ms
[2024-02-07T21:04:49.138+0000][8][gc,heap     ] GC(30) Eden regions: 70->0(70)
[2024-02-07T21:04:49.138+0000][8][gc,heap     ] GC(30) Survivor regions: 6->6(10)
[2024-02-07T21:04:49.138+0000][8][gc,heap     ] GC(30) Old regions: 16->16
[2024-02-07T21:04:49.138+0000][8][gc,heap     ] GC(30) Archive regions: 2->2
[2024-02-07T21:04:49.138+0000][8][gc,heap     ] GC(30) Humongous regions: 2->2
[2024-02-07T21:04:49.138+0000][8][gc,metaspace] GC(30) Metaspace: 98018K(102300K)->98018K(102300K) NonClass: 85054K(88220K)->85054K(88220K) Class: 12964K(14080K)->12964K(14080K)
[2024-02-07T21:04:49.138+0000][8][gc          ] GC(30) Pause Young (Normal) (G1 Evacuation Pause) 374M->94M(512M) 7.024ms
[2024-02-07T21:04:49.138+0000][8][gc,cpu      ] GC(30) User=0.04s Sys=0.01s Real=0.01s
[2024-02-07T21:04:49.138+0000][8][safepoint   ] Safepoint "G1CollectForAllocation", Time since last: 36496784293 ns, Reaching safepoint: 113265 ns, At safepoint: 7099167 ns, Total: 7212432 ns
[2024-02-07T21:05:17.139+0000][8][safepoint   ] Safepoint "Cleanup", Time since last: 28001526563 ns, Reaching safepoint: 108678 ns, At safepoint: 3580 ns, Total: 112258 ns
[2024-02-07T21:05:37.141+0000][8][safepoint   ] Safepoint "Cleanup", Time since last: 20001221423 ns, Reaching safepoint: 100373 ns, At safepoint: 3348 ns, Total: 103721 ns
[2024-02-07T21:43:00.270+0000][8][safepoint   ] Safepoint "Cleanup", Time since last: 2243128781390 ns, Reaching safepoint: 271712 ns, At safepoint: 3680 ns, Total: 275392 ns
[2024-02-07T21:58:50.325+0000][8][safepoint   ] Safepoint "Cleanup", Time since last: 950054643203 ns, Reaching safepoint: 99435 ns, At safepoint: 3269 ns, Total: 102704 ns
[2024-02-07T22:09:20.361+0000][8][safepoint   ] Safepoint "Cleanup", Time since last: 630036109084 ns, Reaching safepoint: 100208 ns, At safepoint: 3290 ns, Total: 103498 ns
[2024-02-07T22:37:31.458+0000][8][safepoint   ] Safepoint "Cleanup", Time since last: 1691097068043 ns, Reaching safepoint: 95631 ns, At safepoint: 4351 ns, Total: 99982 ns
[2024-02-07T22:37:39.459+0000][8][safepoint   ] Safepoint "Cleanup", Time since last: 8000505487 ns, Reaching safepoint: 92906 ns, At safepoint: 3416 ns, Total: 96322 ns
[2024-02-07T23:09:23.552+0000][8][safepoint   ] Safepoint "Cleanup", Time since last: 1904093710305 ns, Reaching safepoint: 87424 ns, At safepoint: 2451 ns, Total: 89875 ns
[2024-02-07T23:20:50.592+0000][8][safepoint   ] Safepoint "Cleanup", Time since last: 687039900587 ns, Reaching safepoint: 93514 ns, At safepoint: 2982 ns, Total: 96496 ns
[2024-02-07T23:58:20.338+0000][8][gc,start    ] GC(31) Pause Young (Normal) (G1 Evacuation Pause)
[2024-02-07T23:58:20.338+0000][8][gc,task     ] GC(31) Using 12 workers of 13 for evacuation
[2024-02-07T23:58:20.338+0000][8][gc,age      ] GC(31) Desired survivor size 20971520 bytes, new threshold 15 (max threshold 15)
[2024-02-07T23:58:20.346+0000][8][gc,age      ] GC(31) Age table with threshold 15 (max threshold 15)
[2024-02-07T23:58:20.346+0000][8][gc,age      ] GC(31) - age   1:      61048 bytes,      61048 total
[2024-02-07T23:58:20.346+0000][8][gc,age      ] GC(31) - age   2:     110152 bytes,     171200 total
[2024-02-07T23:58:20.346+0000][8][gc,age      ] GC(31) - age   3:    1542976 bytes,    1714176 total
[2024-02-07T23:58:20.346+0000][8][gc,age      ] GC(31) - age   4:      31416 bytes,    1745592 total
[2024-02-07T23:58:20.346+0000][8][gc,age      ] GC(31) - age   5:      75120 bytes,    1820712 total
[2024-02-07T23:58:20.346+0000][8][gc,age      ] GC(31) - age   6:      15808 bytes,    1836520 total
[2024-02-07T23:58:20.346+0000][8][gc,age      ] GC(31) - age   7:       2568 bytes,    1839088 total
[2024-02-07T23:58:20.346+0000][8][gc,age      ] GC(31) - age   8:     178912 bytes,    2018000 total
[2024-02-07T23:58:20.346+0000][8][gc,age      ] GC(31) - age   9:     429424 bytes,    2447424 total
[2024-02-07T23:58:20.346+0000][8][gc,age      ] GC(31) - age  10:       3536 bytes,    2450960 total
[2024-02-07T23:58:20.346+0000][8][gc,age      ] GC(31) - age  11:      32336 bytes,    2483296 total
[2024-02-07T23:58:20.346+0000][8][gc,age      ] GC(31) - age  12:     149376 bytes,    2632672 total
[2024-02-07T23:58:20.346+0000][8][gc,age      ] GC(31) - age  13:     319384 bytes,    2952056 total
[2024-02-07T23:58:20.346+0000][8][gc,age      ] GC(31) - age  14:     946864 bytes,    3898920 total
[2024-02-07T23:58:20.346+0000][8][gc,age      ] GC(31) - age  15:   13313544 bytes,   17212464 total
[2024-02-07T23:58:20.346+0000][8][gc,phases   ] GC(31)   Pre Evacuate Collection Set: 0.1ms
[2024-02-07T23:58:20.346+0000][8][gc,phases   ] GC(31)   Merge Heap Roots: 0.1ms
[2024-02-07T23:58:20.346+0000][8][gc,phases   ] GC(31)   Evacuate Collection Set: 6.5ms
[2024-02-07T23:58:20.346+0000][8][gc,phases   ] GC(31)   Post Evacuate Collection Set: 0.9ms
[2024-02-07T23:58:20.346+0000][8][gc,phases   ] GC(31)   Other: 0.3ms
[2024-02-07T23:58:20.346+0000][8][gc,heap     ] GC(31) Eden regions: 70->0(71)
[2024-02-07T23:58:20.346+0000][8][gc,heap     ] GC(31) Survivor regions: 6->5(10)
[2024-02-07T23:58:20.346+0000][8][gc,heap     ] GC(31) Old regions: 16->16
[2024-02-07T23:58:20.346+0000][8][gc,heap     ] GC(31) Archive regions: 2->2
[2024-02-07T23:58:20.346+0000][8][gc,heap     ] GC(31) Humongous regions: 2->2
[2024-02-07T23:58:20.346+0000][8][gc,metaspace] GC(31) Metaspace: 98051K(102300K)->98051K(102300K) NonClass: 85081K(88220K)->85081K(88220K) Class: 12969K(14080K)->12969K(14080K)
[2024-02-07T23:58:20.346+0000][8][gc          ] GC(31) Pause Young (Normal) (G1 Evacuation Pause) 374M->94M(512M) 7.919ms
[2024-02-07T23:58:20.346+0000][8][gc,cpu      ] GC(31) User=0.05s Sys=0.00s Real=0.00s
[2024-02-07T23:58:20.346+0000][8][safepoint   ] Safepoint "G1CollectForAllocation", Time since last: 2249745882087 ns, Reaching safepoint: 81919 ns, At safepoint: 8001289 ns, Total: 8083208 ns
[2024-02-08T00:25:43.442+0000][8][safepoint   ] Safepoint "Cleanup", Time since last: 1643095193906 ns, Reaching safepoint: 91510 ns, At safepoint: 3777 ns, Total: 95287 ns
[2024-02-08T00:58:50.556+0000][8][safepoint   ] Safepoint "Cleanup", Time since last: 1987114810221 ns, Reaching safepoint: 80123 ns, At safepoint: 3426 ns, Total: 83549 ns
[2024-02-08T01:30:00.666+0000][8][safepoint   ] Safepoint "Cleanup", Time since last: 1870109403213 ns, Reaching safepoint: 87329 ns, At safepoint: 2849 ns, Total: 90178 ns
[2024-02-08T01:38:00.696+0000][8][safepoint   ] Safepoint "Cleanup", Time since last: 480029813556 ns, Reaching safepoint: 112880 ns, At safepoint: 4744 ns, Total: 117624 ns
[2024-02-08T01:54:14.754+0000][8][safepoint   ] Safepoint "Cleanup", Time since last: 974057597768 ns, Reaching safepoint: 88137 ns, At safepoint: 3227 ns, Total: 91364 ns
[2024-02-08T01:54:15.754+0000][8][safepoint   ] Safepoint "Cleanup", Time since last: 1000113300 ns, Reaching safepoint: 97817 ns, At safepoint: 4441 ns, Total: 102258 ns
[2024-02-08T01:54:16.754+0000][8][safepoint   ] Safepoint "Cleanup", Time since last: 1000103529 ns, Reaching safepoint: 83982 ns, At safepoint: 3927 ns, Total: 87909 ns
[2024-02-08T01:54:17.754+0000][8][safepoint   ] Safepoint "Cleanup", Time since last: 1000104994 ns, Reaching safepoint: 81734 ns, At safepoint: 4079 ns, Total: 85813 ns
[2024-02-08T01:54:21.755+0000][8][safepoint   ] Safepoint "Cleanup", Time since last: 4000273826 ns, Reaching safepoint: 98105 ns, At safepoint: 4047 ns, Total: 102152 ns
[2024-02-08T01:54:22.755+0000][8][safepoint   ] Safepoint "Cleanup", Time since last: 1000118707 ns, Reaching safepoint: 86604 ns, At safepoint: 4167 ns, Total: 90771 ns
[2024-02-08T02:03:31.787+0000][8][safepoint   ] Safepoint "Cleanup", Time since last: 549032311562 ns, Reaching safepoint: 89771 ns, At safepoint: 3849 ns, Total: 93620 ns
[2024-02-08T02:03:32.787+0000][8][safepoint   ] Safepoint "Cleanup", Time since last: 1000110806 ns, Reaching safepoint: 116038 ns, At safepoint: 4383 ns, Total: 120421 ns
[2024-02-08T02:06:50.799+0000][8][safepoint   ] Safepoint "Cleanup", Time since last: 198011688889 ns, Reaching safepoint: 91131 ns, At safepoint: 5058 ns, Total: 96189 ns
[2024-02-08T02:21:18.850+0000][8][safepoint   ] Safepoint "Cleanup", Time since last: 868050908963 ns, Reaching safepoint: 96689 ns, At safepoint: 4513 ns, Total: 101202 ns
[2024-02-08T02:33:20.892+0000][8][safepoint   ] Safepoint "Cleanup", Time since last: 722042116333 ns, Reaching safepoint: 87697 ns, At safepoint: 3974 ns, Total: 91671 ns
[2024-02-08T02:36:18.903+0000][8][safepoint   ] Safepoint "Cleanup", Time since last: 178010552548 ns, Reaching safepoint: 92213 ns, At safepoint: 8821 ns, Total: 101034 ns
[2024-02-08T02:40:50.919+0000][8][safepoint   ] Safepoint "Cleanup", Time since last: 272016129653 ns, Reaching safepoint: 102814 ns, At safepoint: 4134 ns, Total: 106948 ns
[2024-02-08T02:51:48.919+0000][8][gc,start    ] GC(32) Pause Young (Normal) (G1 Evacuation Pause)
[2024-02-08T02:51:48.919+0000][8][gc,task     ] GC(32) Using 12 workers of 13 for evacuation
[2024-02-08T02:51:48.919+0000][8][gc,age      ] GC(32) Desired survivor size 20971520 bytes, new threshold 15 (max threshold 15)
[2024-02-08T02:51:48.926+0000][8][gc,age      ] GC(32) Age table with threshold 15 (max threshold 15)
[2024-02-08T02:51:48.926+0000][8][gc,age      ] GC(32) - age   1:     439712 bytes,     439712 total
[2024-02-08T02:51:48.926+0000][8][gc,age      ] GC(32) - age   2:      23888 bytes,     463600 total
[2024-02-08T02:51:48.926+0000][8][gc,age      ] GC(32) - age   3:      90000 bytes,     553600 total
[2024-02-08T02:51:48.926+0000][8][gc,age      ] GC(32) - age   4:    1542032 bytes,    2095632 total
[2024-02-08T02:51:48.926+0000][8][gc,age      ] GC(32) - age   5:      31416 bytes,    2127048 total
[2024-02-08T02:51:48.926+0000][8][gc,age      ] GC(32) - age   6:      75080 bytes,    2202128 total
[2024-02-08T02:51:48.926+0000][8][gc,age      ] GC(32) - age   7:      15808 bytes,    2217936 total
[2024-02-08T02:51:48.926+0000][8][gc,age      ] GC(32) - age   8:       2568 bytes,    2220504 total
[2024-02-08T02:51:48.926+0000][8][gc,age      ] GC(32) - age   9:     178632 bytes,    2399136 total
[2024-02-08T02:51:48.926+0000][8][gc,age      ] GC(32) - age  10:     428768 bytes,    2827904 total
[2024-02-08T02:51:48.926+0000][8][gc,age      ] GC(32) - age  11:       3536 bytes,    2831440 total
[2024-02-08T02:51:48.926+0000][8][gc,age      ] GC(32) - age  12:      32336 bytes,    2863776 total
[2024-02-08T02:51:48.926+0000][8][gc,age      ] GC(32) - age  13:     149376 bytes,    3013152 total
[2024-02-08T02:51:48.926+0000][8][gc,age      ] GC(32) - age  14:     319384 bytes,    3332536 total
[2024-02-08T02:51:48.926+0000][8][gc,age      ] GC(32) - age  15:     946864 bytes,    4279400 total
[2024-02-08T02:51:48.926+0000][8][gc,phases   ] GC(32)   Pre Evacuate Collection Set: 0.1ms
[2024-02-08T02:51:48.926+0000][8][gc,phases   ] GC(32)   Merge Heap Roots: 0.1ms
[2024-02-08T02:51:48.926+0000][8][gc,phases   ] GC(32)   Evacuate Collection Set: 6.2ms
[2024-02-08T02:51:48.926+0000][8][gc,phases   ] GC(32)   Post Evacuate Collection Set: 0.7ms
[2024-02-08T02:51:48.926+0000][8][gc,phases   ] GC(32)   Other: 0.3ms
[2024-02-08T02:51:48.926+0000][8][gc,heap     ] GC(32) Eden regions: 71->0(74)
[2024-02-08T02:51:48.926+0000][8][gc,heap     ] GC(32) Survivor regions: 5->2(10)
[2024-02-08T02:51:48.926+0000][8][gc,heap     ] GC(32) Old regions: 16->20
[2024-02-08T02:51:48.926+0000][8][gc,heap     ] GC(32) Archive regions: 2->2
[2024-02-08T02:51:48.926+0000][8][gc,heap     ] GC(32) Humongous regions: 2->2
[2024-02-08T02:51:48.926+0000][8][gc,metaspace] GC(32) Metaspace: 98171K(102300K)->98171K(102300K) NonClass: 85201K(88220K)->85201K(88220K) Class: 12969K(14080K)->12969K(14080K)
[2024-02-08T02:51:48.926+0000][8][gc          ] GC(32) Pause Young (Normal) (G1 Evacuation Pause) 378M->94M(512M) 7.385ms
[2024-02-08T02:51:48.926+0000][8][gc,cpu      ] GC(32) User=0.05s Sys=0.00s Real=0.00s
[2024-02-08T02:51:48.926+0000][8][safepoint   ] Safepoint "G1CollectForAllocation", Time since last: 657999293820 ns, Reaching safepoint: 88337 ns, At safepoint: 7481468 ns, Total: 7569805 ns
[2024-02-08T03:14:21.004+0000][8][safepoint   ] Safepoint "Cleanup", Time since last: 1352078051047 ns, Reaching safepoint: 92120 ns, At safepoint: 4223 ns, Total: 96343 ns
[2024-02-08T03:21:19.029+0000][8][safepoint   ] Safepoint "Cleanup", Time since last: 418024369032 ns, Reaching safepoint: 84266 ns, At safepoint: 6359 ns, Total: 90625 ns
[2024-02-08T03:31:19.064+0000][8][safepoint   ] Safepoint "Cleanup", Time since last: 600034886660 ns, Reaching safepoint: 91604 ns, At safepoint: 4167 ns, Total: 95771 ns
[2024-02-08T03:31:51.066+0000][8][safepoint   ] Safepoint "Cleanup", Time since last: 32001839271 ns, Reaching safepoint: 93511 ns, At safepoint: 4033 ns, Total: 97544 ns
[2024-02-08T03:33:25.071+0000][8][safepoint   ] Safepoint "Cleanup", Time since last: 94005490698 ns, Reaching safepoint: 84596 ns, At safepoint: 11488 ns, Total: 96084 ns
[2024-02-08T03:33:26.071+0000][8][safepoint   ] Safepoint "Cleanup", Time since last: 1000109886 ns, Reaching safepoint: 78747 ns, At safepoint: 3728 ns, Total: 82475 ns
[2024-02-08T03:33:27.072+0000][8][safepoint   ] Safepoint "Cleanup", Time since last: 1000105298 ns, Reaching safepoint: 85410 ns, At safepoint: 3892 ns, Total: 89302 ns
[2024-02-08T03:35:14.078+0000][8][safepoint   ] Safepoint "Cleanup", Time since last: 107006241914 ns, Reaching safepoint: 81258 ns, At safepoint: 8357 ns, Total: 89615 ns
[2024-02-08T03:41:19.099+0000][8][safepoint   ] Safepoint "Cleanup", Time since last: 365021299912 ns, Reaching safepoint: 86006 ns, At safepoint: 4291 ns, Total: 90297 ns
[2024-02-08T03:51:18.134+0000][8][safepoint   ] Safepoint "Cleanup", Time since last: 599034972589 ns, Reaching safepoint: 86773 ns, At safepoint: 3966 ns, Total: 90739 ns
[2024-02-08T04:54:47.356+0000][8][safepoint   ] Safepoint "Cleanup", Time since last: 3809220954881 ns, Reaching safepoint: 96860 ns, At safepoint: 3759 ns, Total: 100619 ns
[2024-02-08T05:05:52.394+0000][8][safepoint   ] Safepoint "Cleanup", Time since last: 665038836017 ns, Reaching safepoint: 86400 ns, At safepoint: 4130 ns, Total: 90530 ns
[2024-02-08T05:08:44.405+0000][8][safepoint   ] Safepoint "Cleanup", Time since last: 172010168158 ns, Reaching safepoint: 90235 ns, At safepoint: 4181 ns, Total: 94416 ns
[2024-02-08T05:09:19.407+0000][8][safepoint   ] Safepoint "Cleanup", Time since last: 35002082828 ns, Reaching safepoint: 85707 ns, At safepoint: 8786 ns, Total: 94493 ns
[2024-02-08T05:09:21.407+0000][8][safepoint   ] Safepoint "Cleanup", Time since last: 2000120522 ns, Reaching safepoint: 82183 ns, At safepoint: 4102 ns, Total: 86285 ns
[2024-02-08T05:09:22.407+0000][8][safepoint   ] Safepoint "Cleanup", Time since last: 1000108406 ns, Reaching safepoint: 82250 ns, At safepoint: 3934 ns, Total: 86184 ns
[2024-02-08T05:25:21.463+0000][8][safepoint   ] Safepoint "Cleanup", Time since last: 959055501538 ns, Reaching safepoint: 85781 ns, At safepoint: 6682 ns, Total: 92463 ns
[2024-02-08T05:35:51.500+0000][8][safepoint   ] Safepoint "Cleanup", Time since last: 630036588607 ns, Reaching safepoint: 83122 ns, At safepoint: 3849 ns, Total: 86971 ns
[2024-02-08T05:55:20.651+0000][8][gc,start    ] GC(33) Pause Young (Normal) (G1 Evacuation Pause)
[2024-02-08T05:55:20.651+0000][8][gc,task     ] GC(33) Using 12 workers of 13 for evacuation
[2024-02-08T05:55:20.651+0000][8][gc,age      ] GC(33) Desired survivor size 20971520 bytes, new threshold 15 (max threshold 15)
[2024-02-08T05:55:20.653+0000][8][gc,age      ] GC(33) Age table with threshold 15 (max threshold 15)
[2024-02-08T05:55:20.653+0000][8][gc,age      ] GC(33) - age   1:     109008 bytes,     109008 total
[2024-02-08T05:55:20.653+0000][8][gc,age      ] GC(33) - age   2:     238912 bytes,     347920 total
[2024-02-08T05:55:20.653+0000][8][gc,age      ] GC(33) - age   3:      15680 bytes,     363600 total
[2024-02-08T05:55:20.653+0000][8][gc,age      ] GC(33) - age   4:      81824 bytes,     445424 total
[2024-02-08T05:55:20.653+0000][8][gc,age      ] GC(33) - age   5:    1542032 bytes,    1987456 total
[2024-02-08T05:55:20.653+0000][8][gc,age      ] GC(33) - age   6:      31416 bytes,    2018872 total
[2024-02-08T05:55:20.653+0000][8][gc,age      ] GC(33) - age   7:      75080 bytes,    2093952 total
[2024-02-08T05:55:20.653+0000][8][gc,age      ] GC(33) - age   8:      15808 bytes,    2109760 total
[2024-02-08T05:55:20.653+0000][8][gc,age      ] GC(33) - age   9:       1600 bytes,    2111360 total
[2024-02-08T05:55:20.653+0000][8][gc,age      ] GC(33) - age  10:     178552 bytes,    2289912 total
[2024-02-08T05:55:20.653+0000][8][gc,age      ] GC(33) - age  11:     428768 bytes,    2718680 total
[2024-02-08T05:55:20.653+0000][8][gc,age      ] GC(33) - age  12:       3536 bytes,    2722216 total
[2024-02-08T05:55:20.653+0000][8][gc,age      ] GC(33) - age  13:      32336 bytes,    2754552 total
[2024-02-08T05:55:20.653+0000][8][gc,age      ] GC(33) - age  14:     149376 bytes,    2903928 total
[2024-02-08T05:55:20.653+0000][8][gc,age      ] GC(33) - age  15:     319384 bytes,    3223312 total
[2024-02-08T05:55:20.653+0000][8][gc,phases   ] GC(33)   Pre Evacuate Collection Set: 0.1ms
[2024-02-08T05:55:20.653+0000][8][gc,phases   ] GC(33)   Merge Heap Roots: 0.1ms
[2024-02-08T05:55:20.653+0000][8][gc,phases   ] GC(33)   Evacuate Collection Set: 1.7ms
[2024-02-08T05:55:20.653+0000][8][gc,phases   ] GC(33)   Post Evacuate Collection Set: 0.5ms
[2024-02-08T05:55:20.653+0000][8][gc,phases   ] GC(33)   Other: 0.3ms
[2024-02-08T05:55:20.654+0000][8][gc,heap     ] GC(33) Eden regions: 74->0(75)
[2024-02-08T05:55:20.654+0000][8][gc,heap     ] GC(33) Survivor regions: 2->1(10)
[2024-02-08T05:55:20.654+0000][8][gc,heap     ] GC(33) Old regions: 20->20
[2024-02-08T05:55:20.654+0000][8][gc,heap     ] GC(33) Archive regions: 2->2
[2024-02-08T05:55:20.654+0000][8][gc,heap     ] GC(33) Humongous regions: 2->2
[2024-02-08T05:55:20.654+0000][8][gc,metaspace] GC(33) Metaspace: 98221K(102556K)->98221K(102556K) NonClass: 85251K(88476K)->85251K(88476K) Class: 12970K(14080K)->12970K(14080K)
[2024-02-08T05:55:20.654+0000][8][gc          ] GC(33) Pause Young (Normal) (G1 Evacuation Pause) 390M->93M(512M) 2.773ms
[2024-02-08T05:55:20.654+0000][8][gc,cpu      ] GC(33) User=0.01s Sys=0.00s Real=0.00s
[2024-02-08T05:55:20.654+0000][8][safepoint   ] Safepoint "G1CollectForAllocation", Time since last: 1169150987853 ns, Reaching safepoint: 208488 ns, At safepoint: 2848583 ns, Total: 3057071 ns
[2024-02-08T06:16:27.727+0000][8][safepoint   ] Safepoint "Cleanup", Time since last: 1267073452065 ns, Reaching safepoint: 98944 ns, At safepoint: 4204 ns, Total: 103148 ns
[2024-02-08T06:36:59.798+0000][8][safepoint   ] Safepoint "Cleanup", Time since last: 1232070788196 ns, Reaching safepoint: 107305 ns, At safepoint: 4117 ns, Total: 111422 ns
[2024-02-08T07:59:54.089+0000][8][safepoint   ] Safepoint "Cleanup", Time since last: 4974290863897 ns, Reaching safepoint: 89930 ns, At safepoint: 4957 ns, Total: 94887 ns
[2024-02-08T08:00:59.093+0000][8][safepoint   ] Safepoint "Cleanup", Time since last: 65003713434 ns, Reaching safepoint: 89675 ns, At safepoint: 4391 ns, Total: 94066 ns
[2024-02-08T09:01:04.247+0000][8][gc,start    ] GC(34) Pause Young (Normal) (G1 Evacuation Pause)
[2024-02-08T09:01:04.247+0000][8][gc,task     ] GC(34) Using 12 workers of 13 for evacuation
[2024-02-08T09:01:04.247+0000][8][gc,age      ] GC(34) Desired survivor size 20971520 bytes, new threshold 15 (max threshold 15)
[2024-02-08T09:01:04.248+0000][8][gc,age      ] GC(34) Age table with threshold 15 (max threshold 15)
[2024-02-08T09:01:04.248+0000][8][gc,age      ] GC(34) - age   1:      76296 bytes,      76296 total
[2024-02-08T09:01:04.248+0000][8][gc,age      ] GC(34) - age   2:      37160 bytes,     113456 total
[2024-02-08T09:01:04.248+0000][8][gc,age      ] GC(34) - age   3:     137520 bytes,     250976 total
[2024-02-08T09:01:04.248+0000][8][gc,age      ] GC(34) - age   4:      15512 bytes,     266488 total
[2024-02-08T09:01:04.248+0000][8][gc,age      ] GC(34) - age   5:      65632 bytes,     332120 total
[2024-02-08T09:01:04.248+0000][8][gc,age      ] GC(34) - age   6:    1542032 bytes,    1874152 total
[2024-02-08T09:01:04.248+0000][8][gc,age      ] GC(34) - age   7:      31416 bytes,    1905568 total
[2024-02-08T09:01:04.248+0000][8][gc,age      ] GC(34) - age   8:      75080 bytes,    1980648 total
[2024-02-08T09:01:04.248+0000][8][gc,age      ] GC(34) - age   9:      15808 bytes,    1996456 total
[2024-02-08T09:01:04.248+0000][8][gc,age      ] GC(34) - age  10:       1560 bytes,    1998016 total
[2024-02-08T09:01:04.248+0000][8][gc,age      ] GC(34) - age  11:     178552 bytes,    2176568 total
[2024-02-08T09:01:04.248+0000][8][gc,age      ] GC(34) - age  12:     428768 bytes,    2605336 total
[2024-02-08T09:01:04.248+0000][8][gc,age      ] GC(34) - age  13:       3536 bytes,    2608872 total
[2024-02-08T09:01:04.248+0000][8][gc,age      ] GC(34) - age  14:      32248 bytes,    2641120 total
[2024-02-08T09:01:04.248+0000][8][gc,age      ] GC(34) - age  15:     149376 bytes,    2790496 total
[2024-02-08T09:01:04.248+0000][8][gc,phases   ] GC(34)   Pre Evacuate Collection Set: 0.1ms
[2024-02-08T09:01:04.249+0000][8][gc,phases   ] GC(34)   Merge Heap Roots: 0.1ms
[2024-02-08T09:01:04.249+0000][8][gc,phases   ] GC(34)   Evacuate Collection Set: 1.1ms
[2024-02-08T09:01:04.249+0000][8][gc,phases   ] GC(34)   Post Evacuate Collection Set: 0.5ms
[2024-02-08T09:01:04.249+0000][8][gc,phases   ] GC(34)   Other: 0.3ms
[2024-02-08T09:01:04.249+0000][8][gc,heap     ] GC(34) Eden regions: 75->0(75)
[2024-02-08T09:01:04.249+0000][8][gc,heap     ] GC(34) Survivor regions: 1->1(10)
[2024-02-08T09:01:04.249+0000][8][gc,heap     ] GC(34) Old regions: 20->20
[2024-02-08T09:01:04.249+0000][8][gc,heap     ] GC(34) Archive regions: 2->2
[2024-02-08T09:01:04.249+0000][8][gc,heap     ] GC(34) Humongous regions: 2->2
[2024-02-08T09:01:04.249+0000][8][gc,metaspace] GC(34) Metaspace: 98266K(102556K)->98266K(102556K) NonClass: 85295K(88476K)->85295K(88476K) Class: 12971K(14080K)->12971K(14080K)
[2024-02-08T09:01:04.249+0000][8][gc          ] GC(34) Pause Young (Normal) (G1 Evacuation Pause) 393M->93M(512M) 2.096ms
[2024-02-08T09:01:04.249+0000][8][gc,cpu      ] GC(34) User=0.01s Sys=0.00s Real=0.01s
[2024-02-08T09:01:04.249+0000][8][safepoint   ] Safepoint "G1CollectForAllocation", Time since last: 3605153575355 ns, Reaching safepoint: 111236 ns, At safepoint: 2179907 ns, Total: 2291143 ns
[2024-02-08T09:11:18.284+0000][8][safepoint   ] Safepoint "Cleanup", Time since last: 614035347932 ns, Reaching safepoint: 92042 ns, At safepoint: 4299 ns, Total: 96341 ns
[2024-02-08T09:45:48.404+0000][8][safepoint   ] Safepoint "Cleanup", Time since last: 2070120198232 ns, Reaching safepoint: 97438 ns, At safepoint: 3306 ns, Total: 100744 ns
[2024-02-08T09:48:35.414+0000][8][safepoint   ] Safepoint "Cleanup", Time since last: 167009789776 ns, Reaching safepoint: 95702 ns, At safepoint: 3225 ns, Total: 98927 ns
[2024-02-08T10:01:10.458+0000][8][safepoint   ] Safepoint "Cleanup", Time since last: 755043969229 ns, Reaching safepoint: 85987 ns, At safepoint: 8435 ns, Total: 94422 ns
[2024-02-08T10:01:21.459+0000][8][safepoint   ] Safepoint "Cleanup", Time since last: 11000704196 ns, Reaching safepoint: 85138 ns, At safepoint: 4079 ns, Total: 89217 ns
[2024-02-08T10:47:41.622+0000][8][safepoint   ] Safepoint "Cleanup", Time since last: 2780163058438 ns, Reaching safepoint: 86807 ns, At safepoint: 6294 ns, Total: 93101 ns
[2024-02-08T11:06:18.688+0000][8][safepoint   ] Safepoint "Cleanup", Time since last: 1117065757264 ns, Reaching safepoint: 89609 ns, At safepoint: 8701 ns, Total: 98310 ns
[2024-02-08T12:08:20.936+0000][8][gc,start    ] GC(35) Pause Young (Normal) (G1 Evacuation Pause)
[2024-02-08T12:08:20.936+0000][8][gc,task     ] GC(35) Using 12 workers of 13 for evacuation
[2024-02-08T12:08:20.936+0000][8][gc,age      ] GC(35) Desired survivor size 20971520 bytes, new threshold 15 (max threshold 15)
[2024-02-08T12:08:20.938+0000][8][gc,age      ] GC(35) Age table with threshold 15 (max threshold 15)
[2024-02-08T12:08:20.938+0000][8][gc,age      ] GC(35) - age   1:     142432 bytes,     142432 total
[2024-02-08T12:08:20.938+0000][8][gc,age      ] GC(35) - age   2:      22272 bytes,     164704 total
[2024-02-08T12:08:20.938+0000][8][gc,age      ] GC(35) - age   3:      36920 bytes,     201624 total
[2024-02-08T12:08:20.938+0000][8][gc,age      ] GC(35) - age   4:     112656 bytes,     314280 total
[2024-02-08T12:08:20.938+0000][8][gc,age      ] GC(35) - age   5:      15512 bytes,     329792 total
[2024-02-08T12:08:20.938+0000][8][gc,age      ] GC(35) - age   6:      65632 bytes,     395424 total
[2024-02-08T12:08:20.938+0000][8][gc,age      ] GC(35) - age   7:    1542032 bytes,    1937456 total
[2024-02-08T12:08:20.938+0000][8][gc,age      ] GC(35) - age   8:      31416 bytes,    1968872 total
[2024-02-08T12:08:20.938+0000][8][gc,age      ] GC(35) - age   9:      75080 bytes,    2043952 total
[2024-02-08T12:08:20.938+0000][8][gc,age      ] GC(35) - age  10:      15808 bytes,    2059760 total
[2024-02-08T12:08:20.938+0000][8][gc,age      ] GC(35) - age  11:       1560 bytes,    2061320 total
[2024-02-08T12:08:20.938+0000][8][gc,age      ] GC(35) - age  12:     178552 bytes,    2239872 total
[2024-02-08T12:08:20.938+0000][8][gc,age      ] GC(35) - age  13:     428768 bytes,    2668640 total
[2024-02-08T12:08:20.938+0000][8][gc,age      ] GC(35) - age  14:       3536 bytes,    2672176 total
[2024-02-08T12:08:20.938+0000][8][gc,age      ] GC(35) - age  15:      32248 bytes,    2704424 total
[2024-02-08T12:08:20.938+0000][8][gc,phases   ] GC(35)   Pre Evacuate Collection Set: 0.1ms
[2024-02-08T12:08:20.938+0000][8][gc,phases   ] GC(35)   Merge Heap Roots: 0.1ms
[2024-02-08T12:08:20.938+0000][8][gc,phases   ] GC(35)   Evacuate Collection Set: 1.2ms
[2024-02-08T12:08:20.938+0000][8][gc,phases   ] GC(35)   Post Evacuate Collection Set: 0.5ms
[2024-02-08T12:08:20.938+0000][8][gc,phases   ] GC(35)   Other: 0.3ms
[2024-02-08T12:08:20.938+0000][8][gc,heap     ] GC(35) Eden regions: 75->0(75)
[2024-02-08T12:08:20.938+0000][8][gc,heap     ] GC(35) Survivor regions: 1->1(10)
[2024-02-08T12:08:20.938+0000][8][gc,heap     ] GC(35) Old regions: 20->20
[2024-02-08T12:08:20.938+0000][8][gc,heap     ] GC(35) Archive regions: 2->2
[2024-02-08T12:08:20.938+0000][8][gc,heap     ] GC(35) Humongous regions: 2->2
[2024-02-08T12:08:20.938+0000][8][gc,metaspace] GC(35) Metaspace: 98299K(102556K)->98299K(102556K) NonClass: 85325K(88476K)->85325K(88476K) Class: 12973K(14080K)->12973K(14080K)
[2024-02-08T12:08:20.938+0000][8][gc          ] GC(35) Pause Young (Normal) (G1 Evacuation Pause) 393M->93M(512M) 2.085ms
[2024-02-08T12:08:20.938+0000][8][gc,cpu      ] GC(35) User=0.01s Sys=0.00s Real=0.01s
[2024-02-08T12:08:20.938+0000][8][safepoint   ] Safepoint "G1CollectForAllocation", Time since last: 3722247599039 ns, Reaching safepoint: 145817 ns, At safepoint: 2164369 ns, Total: 2310186 ns
[2024-02-08T12:30:54.018+0000][8][safepoint   ] Safepoint "Cleanup", Time since last: 1353079485719 ns, Reaching safepoint: 97423 ns, At safepoint: 4274 ns, Total: 101697 ns
[2024-02-08T12:31:42.021+0000][8][safepoint   ] Safepoint "Cleanup", Time since last: 48002877540 ns, Reaching safepoint: 96600 ns, At safepoint: 7901 ns, Total: 104501 ns
[2024-02-08T12:34:23.030+0000][8][safepoint   ] Safepoint "Cleanup", Time since last: 161009322501 ns, Reaching safepoint: 114201 ns, At safepoint: 4434 ns, Total: 118635 ns
[2024-02-08T12:34:25.030+0000][8][safepoint   ] Safepoint "Cleanup", Time since last: 2000166101 ns, Reaching safepoint: 108198 ns, At safepoint: 4183 ns, Total: 112381 ns
[2024-02-08T12:34:57.032+0000][8][safepoint   ] Safepoint "Cleanup", Time since last: 32001925154 ns, Reaching safepoint: 86122 ns, At safepoint: 3944 ns, Total: 90066 ns
[2024-02-08T12:35:20.034+0000][8][safepoint   ] Safepoint "Cleanup", Time since last: 23001384334 ns, Reaching safepoint: 103467 ns, At safepoint: 3995 ns, Total: 107462 ns
[2024-02-08T12:35:51.036+0000][8][safepoint   ] Safepoint "Cleanup", Time since last: 31001833451 ns, Reaching safepoint: 95605 ns, At safepoint: 6150 ns, Total: 101755 ns
[2024-02-08T12:36:37.039+0000][8][safepoint   ] Safepoint "Cleanup", Time since last: 46002756711 ns, Reaching safepoint: 97029 ns, At safepoint: 4543 ns, Total: 101572 ns
[2024-02-08T12:36:44.039+0000][8][safepoint   ] Safepoint "Cleanup", Time since last: 7000444056 ns, Reaching safepoint: 90987 ns, At safepoint: 4383 ns, Total: 95370 ns
[2024-02-08T12:36:53.040+0000][8][safepoint   ] Safepoint "Cleanup", Time since last: 9000565799 ns, Reaching safepoint: 83734 ns, At safepoint: 4456 ns, Total: 88190 ns
[2024-02-08T12:37:00.040+0000][8][safepoint   ] Safepoint "Cleanup", Time since last: 7000459661 ns, Reaching safepoint: 81887 ns, At safepoint: 3803 ns, Total: 85690 ns
[2024-02-08T12:37:04.041+0000][8][safepoint   ] Safepoint "Cleanup", Time since last: 4000284862 ns, Reaching safepoint: 81185 ns, At safepoint: 4215 ns, Total: 85400 ns
[2024-02-08T12:39:46.050+0000][8][safepoint   ] Safepoint "Cleanup", Time since last: 162009444151 ns, Reaching safepoint: 101860 ns, At safepoint: 4867 ns, Total: 106727 ns
[2024-02-08T13:06:18.144+0000][8][safepoint   ] Safepoint "Cleanup", Time since last: 1592093573291 ns, Reaching safepoint: 132874 ns, At safepoint: 4384 ns, Total: 137258 ns
[2024-02-08T13:10:36.159+0000][8][safepoint   ] Safepoint "Cleanup", Time since last: 258015310373 ns, Reaching safepoint: 96330 ns, At safepoint: 4334 ns, Total: 100664 ns
[2024-02-08T15:11:48.884+0000][8][gc,start    ] GC(36) Pause Young (Normal) (G1 Evacuation Pause)
[2024-02-08T15:11:48.884+0000][8][gc,task     ] GC(36) Using 12 workers of 13 for evacuation
[2024-02-08T15:11:48.884+0000][8][gc,age      ] GC(36) Desired survivor size 20971520 bytes, new threshold 15 (max threshold 15)
[2024-02-08T15:11:48.886+0000][8][gc,age      ] GC(36) Age table with threshold 15 (max threshold 15)
[2024-02-08T15:11:48.886+0000][8][gc,age      ] GC(36) - age   1:      60544 bytes,      60544 total
[2024-02-08T15:11:48.886+0000][8][gc,age      ] GC(36) - age   2:      20328 bytes,      80872 total
[2024-02-08T15:11:48.886+0000][8][gc,age      ] GC(36) - age   3:       2984 bytes,      83856 total
[2024-02-08T15:11:48.886+0000][8][gc,age      ] GC(36) - age   4:      20888 bytes,     104744 total
[2024-02-08T15:11:48.886+0000][8][gc,age      ] GC(36) - age   5:      62976 bytes,     167720 total
[2024-02-08T15:11:48.886+0000][8][gc,age      ] GC(36) - age   6:      15512 bytes,     183232 total
[2024-02-08T15:11:48.886+0000][8][gc,age      ] GC(36) - age   7:      65632 bytes,     248864 total
[2024-02-08T15:11:48.886+0000][8][gc,age      ] GC(36) - age   8:    1542032 bytes,    1790896 total
[2024-02-08T15:11:48.886+0000][8][gc,age      ] GC(36) - age   9:      31416 bytes,    1822312 total
[2024-02-08T15:11:48.886+0000][8][gc,age      ] GC(36) - age  10:      75080 bytes,    1897392 total
[2024-02-08T15:11:48.886+0000][8][gc,age      ] GC(36) - age  11:      15808 bytes,    1913200 total
[2024-02-08T15:11:48.886+0000][8][gc,age      ] GC(36) - age  12:       1560 bytes,    1914760 total
[2024-02-08T15:11:48.886+0000][8][gc,age      ] GC(36) - age  13:     178552 bytes,    2093312 total
[2024-02-08T15:11:48.886+0000][8][gc,age      ] GC(36) - age  14:     428768 bytes,    2522080 total
[2024-02-08T15:11:48.886+0000][8][gc,age      ] GC(36) - age  15:       3536 bytes,    2525616 total
[2024-02-08T15:11:48.886+0000][8][gc,phases   ] GC(36)   Pre Evacuate Collection Set: 0.1ms
[2024-02-08T15:11:48.886+0000][8][gc,phases   ] GC(36)   Merge Heap Roots: 0.1ms
[2024-02-08T15:11:48.886+0000][8][gc,phases   ] GC(36)   Evacuate Collection Set: 1.2ms
[2024-02-08T15:11:48.886+0000][8][gc,phases   ] GC(36)   Post Evacuate Collection Set: 0.5ms
[2024-02-08T15:11:48.886+0000][8][gc,phases   ] GC(36)   Other: 0.3ms
[2024-02-08T15:11:48.886+0000][8][gc,heap     ] GC(36) Eden regions: 75->0(75)
[2024-02-08T15:11:48.886+0000][8][gc,heap     ] GC(36) Survivor regions: 1->1(10)
[2024-02-08T15:11:48.886+0000][8][gc,heap     ] GC(36) Old regions: 20->20
[2024-02-08T15:11:48.886+0000][8][gc,heap     ] GC(36) Archive regions: 2->2
[2024-02-08T15:11:48.886+0000][8][gc,heap     ] GC(36) Humongous regions: 2->2
[2024-02-08T15:11:48.886+0000][8][gc,metaspace] GC(36) Metaspace: 98419K(102556K)->98419K(102556K) NonClass: 85444K(88476K)->85444K(88476K) Class: 12974K(14080K)->12974K(14080K)
[2024-02-08T15:11:48.886+0000][8][gc          ] GC(36) Pause Young (Normal) (G1 Evacuation Pause) 393M->93M(512M) 2.194ms
[2024-02-08T15:11:48.886+0000][8][gc,cpu      ] GC(36) User=0.00s Sys=0.00s Real=0.00s
[2024-02-08T15:11:48.886+0000][8][safepoint   ] Safepoint "G1CollectForAllocation", Time since last: 7272724017973 ns, Reaching safepoint: 80883 ns, At safepoint: 2265988 ns, Total: 2346871 ns
[2024-02-08T15:29:39.948+0000][8][safepoint   ] Safepoint "Cleanup", Time since last: 1071062396423 ns, Reaching safepoint: 95023 ns, At safepoint: 3463 ns, Total: 98486 ns
[2024-02-08T15:29:41.949+0000][8][safepoint   ] Safepoint "Cleanup", Time since last: 2000173040 ns, Reaching safepoint: 112163 ns, At safepoint: 4120 ns, Total: 116283 ns
[2024-02-08T15:42:35.994+0000][8][safepoint   ] Safepoint "Cleanup", Time since last: 774045374645 ns, Reaching safepoint: 84463 ns, At safepoint: 4249 ns, Total: 88712 ns
[2024-02-08T16:06:18.078+0000][8][safepoint   ] Safepoint "Cleanup", Time since last: 1422083408790 ns, Reaching safepoint: 84532 ns, At safepoint: 3930 ns, Total: 88462 ns
[2024-02-08T16:07:15.081+0000][8][safepoint   ] Safepoint "Cleanup", Time since last: 57003347996 ns, Reaching safepoint: 92655 ns, At safepoint: 8425 ns, Total: 101080 ns
[2024-02-08T17:24:48.358+0000][8][safepoint   ] Safepoint "Cleanup", Time since last: 4653276781888 ns, Reaching safepoint: 100602 ns, At safepoint: 8847 ns, Total: 109449 ns
[2024-02-08T17:25:53.362+0000][8][safepoint   ] Safepoint "Cleanup", Time since last: 65003820455 ns, Reaching safepoint: 92214 ns, At safepoint: 4208 ns, Total: 96422 ns
[2024-02-08T17:26:14.363+0000][8][safepoint   ] Safepoint "Cleanup", Time since last: 21001297635 ns, Reaching safepoint: 90915 ns, At safepoint: 4075 ns, Total: 94990 ns
[2024-02-08T17:33:58.390+0000][8][safepoint   ] Safepoint "Cleanup", Time since last: 464026910186 ns, Reaching safepoint: 86259 ns, At safepoint: 3037 ns, Total: 89296 ns
[2024-02-08T17:34:44.393+0000][8][safepoint   ] Safepoint "Cleanup", Time since last: 46002774604 ns, Reaching safepoint: 88383 ns, At safepoint: 3843 ns, Total: 92226 ns
[2024-02-08T17:48:52.443+0000][8][safepoint   ] Safepoint "Cleanup", Time since last: 848049365107 ns, Reaching safepoint: 84009 ns, At safepoint: 2988 ns, Total: 86997 ns
[2024-02-08T17:51:18.451+0000][8][safepoint   ] Safepoint "Cleanup", Time since last: 146008486321 ns, Reaching safepoint: 84803 ns, At safepoint: 3698 ns, Total: 88501 ns
[2024-02-08T18:03:51.201+0000][8][gc,start    ] GC(37) Pause Young (Normal) (G1 Evacuation Pause)
[2024-02-08T18:03:51.201+0000][8][gc,task     ] GC(37) Using 12 workers of 13 for evacuation
[2024-02-08T18:03:51.202+0000][8][gc,age      ] GC(37) Desired survivor size 20971520 bytes, new threshold 15 (max threshold 15)
[2024-02-08T18:03:51.203+0000][8][gc,age      ] GC(37) Age table with threshold 15 (max threshold 15)
[2024-02-08T18:03:51.203+0000][8][gc,age      ] GC(37) - age   1:     537160 bytes,     537160 total
[2024-02-08T18:03:51.203+0000][8][gc,age      ] GC(37) - age   2:      22536 bytes,     559696 total
[2024-02-08T18:03:51.203+0000][8][gc,age      ] GC(37) - age   3:       4056 bytes,     563752 total
[2024-02-08T18:03:51.203+0000][8][gc,age      ] GC(37) - age   4:       2944 bytes,     566696 total
[2024-02-08T18:03:51.203+0000][8][gc,age      ] GC(37) - age   5:       4776 bytes,     571472 total
[2024-02-08T18:03:51.203+0000][8][gc,age      ] GC(37) - age   6:      53352 bytes,     624824 total
[2024-02-08T18:03:51.203+0000][8][gc,age      ] GC(37) - age   7:      14824 bytes,     639648 total
[2024-02-08T18:03:51.203+0000][8][gc,age      ] GC(37) - age   8:      65632 bytes,     705280 total
[2024-02-08T18:03:51.203+0000][8][gc,age      ] GC(37) - age   9:    1541248 bytes,    2246528 total
[2024-02-08T18:03:51.203+0000][8][gc,age      ] GC(37) - age  10:      31416 bytes,    2277944 total
[2024-02-08T18:03:51.203+0000][8][gc,age      ] GC(37) - age  11:      75080 bytes,    2353024 total
[2024-02-08T18:03:51.203+0000][8][gc,age      ] GC(37) - age  12:      15808 bytes,    2368832 total
[2024-02-08T18:03:51.203+0000][8][gc,age      ] GC(37) - age  13:       1560 bytes,    2370392 total
[2024-02-08T18:03:51.203+0000][8][gc,age      ] GC(37) - age  14:     178552 bytes,    2548944 total
[2024-02-08T18:03:51.203+0000][8][gc,age      ] GC(37) - age  15:     428768 bytes,    2977712 total
[2024-02-08T18:03:51.203+0000][8][gc,phases   ] GC(37)   Pre Evacuate Collection Set: 0.2ms
[2024-02-08T18:03:51.203+0000][8][gc,phases   ] GC(37)   Merge Heap Roots: 0.1ms
[2024-02-08T18:03:51.203+0000][8][gc,phases   ] GC(37)   Evacuate Collection Set: 0.8ms
[2024-02-08T18:03:51.203+0000][8][gc,phases   ] GC(37)   Post Evacuate Collection Set: 0.5ms
[2024-02-08T18:03:51.203+0000][8][gc,phases   ] GC(37)   Other: 0.3ms
[2024-02-08T18:03:51.203+0000][8][gc,heap     ] GC(37) Eden regions: 75->0(75)
[2024-02-08T18:03:51.203+0000][8][gc,heap     ] GC(37) Survivor regions: 1->1(10)
[2024-02-08T18:03:51.203+0000][8][gc,heap     ] GC(37) Old regions: 20->20
[2024-02-08T18:03:51.203+0000][8][gc,heap     ] GC(37) Archive regions: 2->2
[2024-02-08T18:03:51.203+0000][8][gc,heap     ] GC(37) Humongous regions: 2->2
[2024-02-08T18:03:51.203+0000][8][gc,metaspace] GC(37) Metaspace: 98488K(102812K)->98488K(102812K) NonClass: 85512K(88732K)->85512K(88732K) Class: 12975K(14080K)->12975K(14080K)
[2024-02-08T18:03:51.203+0000][8][gc          ] GC(37) Pause Young (Normal) (G1 Evacuation Pause) 393M->94M(512M) 1.923ms
[2024-02-08T18:03:51.203+0000][8][gc,cpu      ] GC(37) User=0.00s Sys=0.01s Real=0.00s
[2024-02-08T18:03:51.203+0000][8][safepoint   ] Safepoint "G1CollectForAllocation", Time since last: 752750220397 ns, Reaching safepoint: 86556 ns, At safepoint: 2008195 ns, Total: 2094751 ns
[2024-02-08T18:14:31.241+0000][8][safepoint   ] Safepoint "Cleanup", Time since last: 640037237268 ns, Reaching safepoint: 81767 ns, At safepoint: 7182 ns, Total: 88949 ns
[2024-02-08T18:36:18.317+0000][8][safepoint   ] Safepoint "Cleanup", Time since last: 1307075905107 ns, Reaching safepoint: 122375 ns, At safepoint: 4118 ns, Total: 126493 ns
[2024-02-08T18:55:38.385+0000][8][safepoint   ] Safepoint "Cleanup", Time since last: 1160068514375 ns, Reaching safepoint: 99158 ns, At safepoint: 7216 ns, Total: 106374 ns
[2024-02-08T18:55:41.386+0000][8][safepoint   ] Safepoint "Cleanup", Time since last: 3000234119 ns, Reaching safepoint: 85637 ns, At safepoint: 4142 ns, Total: 89779 ns
[2024-02-08T18:55:48.386+0000][8][safepoint   ] Safepoint "Cleanup", Time since last: 7000477783 ns, Reaching safepoint: 86001 ns, At safepoint: 4878 ns, Total: 90879 ns
[2024-02-08T19:55:46.599+0000][8][safepoint   ] Safepoint "Cleanup", Time since last: 3598212515813 ns, Reaching safepoint: 108942 ns, At safepoint: 7257 ns, Total: 116199 ns
[2024-02-08T20:17:49.676+0000][8][safepoint   ] Safepoint "Cleanup", Time since last: 1323077211116 ns, Reaching safepoint: 86825 ns, At safepoint: 11401 ns, Total: 98226 ns
[2024-02-08T21:09:53.434+0000][8][gc,start    ] GC(38) Pause Young (Normal) (G1 Evacuation Pause)
[2024-02-08T21:09:53.434+0000][8][gc,task     ] GC(38) Using 12 workers of 13 for evacuation
[2024-02-08T21:09:53.434+0000][8][gc,age      ] GC(38) Desired survivor size 20971520 bytes, new threshold 15 (max threshold 15)
[2024-02-08T21:09:53.435+0000][8][gc,age      ] GC(38) Age table with threshold 15 (max threshold 15)
[2024-02-08T21:09:53.435+0000][8][gc,age      ] GC(38) - age   1:     125280 bytes,     125280 total
[2024-02-08T21:09:53.435+0000][8][gc,age      ] GC(38) - age   2:      68248 bytes,     193528 total
[2024-02-08T21:09:53.435+0000][8][gc,age      ] GC(38) - age   3:      19440 bytes,     212968 total
[2024-02-08T21:09:53.435+0000][8][gc,age      ] GC(38) - age   4:       3976 bytes,     216944 total
[2024-02-08T21:09:53.435+0000][8][gc,age      ] GC(38) - age   5:       2552 bytes,     219496 total
[2024-02-08T21:09:53.435+0000][8][gc,age      ] GC(38) - age   6:       4776 bytes,     224272 total
[2024-02-08T21:09:53.435+0000][8][gc,age      ] GC(38) - age   7:      53272 bytes,     277544 total
[2024-02-08T21:09:53.435+0000][8][gc,age      ] GC(38) - age   8:      14824 bytes,     292368 total
[2024-02-08T21:09:53.435+0000][8][gc,age      ] GC(38) - age   9:      64408 bytes,     356776 total
[2024-02-08T21:09:53.435+0000][8][gc,age      ] GC(38) - age  10:    1541248 bytes,    1898024 total
[2024-02-08T21:09:53.435+0000][8][gc,age      ] GC(38) - age  11:      31416 bytes,    1929440 total
[2024-02-08T21:09:53.435+0000][8][gc,age      ] GC(38) - age  12:      75080 bytes,    2004520 total
[2024-02-08T21:09:53.435+0000][8][gc,age      ] GC(38) - age  13:      15808 bytes,    2020328 total
[2024-02-08T21:09:53.435+0000][8][gc,age      ] GC(38) - age  14:       1560 bytes,    2021888 total
[2024-02-08T21:09:53.435+0000][8][gc,age      ] GC(38) - age  15:     178552 bytes,    2200440 total
[2024-02-08T21:09:53.435+0000][8][gc,phases   ] GC(38)   Pre Evacuate Collection Set: 0.1ms
[2024-02-08T21:09:53.436+0000][8][gc,phases   ] GC(38)   Merge Heap Roots: 0.1ms
[2024-02-08T21:09:53.436+0000][8][gc,phases   ] GC(38)   Evacuate Collection Set: 1.1ms
[2024-02-08T21:09:53.436+0000][8][gc,phases   ] GC(38)   Post Evacuate Collection Set: 0.5ms
[2024-02-08T21:09:53.436+0000][8][gc,phases   ] GC(38)   Other: 0.3ms
[2024-02-08T21:09:53.436+0000][8][gc,heap     ] GC(38) Eden regions: 75->0(75)
[2024-02-08T21:09:53.436+0000][8][gc,heap     ] GC(38) Survivor regions: 1->1(10)
[2024-02-08T21:09:53.436+0000][8][gc,heap     ] GC(38) Old regions: 20->20
[2024-02-08T21:09:53.436+0000][8][gc,heap     ] GC(38) Archive regions: 2->2
[2024-02-08T21:09:53.436+0000][8][gc,heap     ] GC(38) Humongous regions: 2->2
[2024-02-08T21:09:53.436+0000][8][gc,metaspace] GC(38) Metaspace: 98516K(102812K)->98516K(102812K) NonClass: 85540K(88732K)->85540K(88732K) Class: 12975K(14080K)->12975K(14080K)
[2024-02-08T21:09:53.436+0000][8][gc          ] GC(38) Pause Young (Normal) (G1 Evacuation Pause) 394M->93M(512M) 2.028ms
[2024-02-08T21:09:53.436+0000][8][gc,cpu      ] GC(38) User=0.01s Sys=0.00s Real=0.00s
[2024-02-08T21:09:53.436+0000][8][safepoint   ] Safepoint "G1CollectForAllocation", Time since last: 3123757193877 ns, Reaching safepoint: 85223 ns, At safepoint: 2115589 ns, Total: 2200812 ns
[2024-02-08T21:36:27.528+0000][8][safepoint   ] Safepoint "Cleanup", Time since last: 1594092628704 ns, Reaching safepoint: 86581 ns, At safepoint: 8412 ns, Total: 94993 ns
[2024-02-08T22:04:11.625+0000][8][safepoint   ] Safepoint "Cleanup", Time since last: 1664096771808 ns, Reaching safepoint: 87481 ns, At safepoint: 3745 ns, Total: 91226 ns
[2024-02-08T22:11:18.650+0000][8][safepoint   ] Safepoint "Cleanup", Time since last: 427025000793 ns, Reaching safepoint: 90760 ns, At safepoint: 3476 ns, Total: 94236 ns
[2024-02-09T00:10:07.063+0000][8][safepoint   ] Safepoint "Cleanup", Time since last: 7128412460263 ns, Reaching safepoint: 96249 ns, At safepoint: 3712 ns, Total: 99961 ns
[2024-02-09T00:10:08.063+0000][8][safepoint   ] Safepoint "Cleanup", Time since last: 1000110761 ns, Reaching safepoint: 81428 ns, At safepoint: 3627 ns, Total: 85055 ns
[2024-02-09T00:10:09.063+0000][8][safepoint   ] Safepoint "Cleanup", Time since last: 1000109180 ns, Reaching safepoint: 91016 ns, At safepoint: 5899 ns, Total: 96915 ns
[2024-02-09T00:10:10.063+0000][8][safepoint   ] Safepoint "Cleanup", Time since last: 1000103837 ns, Reaching safepoint: 81109 ns, At safepoint: 3696 ns, Total: 84805 ns
[2024-02-09T00:10:11.064+0000][8][safepoint   ] Safepoint "Cleanup", Time since last: 1000109535 ns, Reaching safepoint: 85520 ns, At safepoint: 3911 ns, Total: 89431 ns
[2024-02-09T00:10:22.064+0000][8][safepoint   ] Safepoint "Cleanup", Time since last: 11000687594 ns, Reaching safepoint: 78833 ns, At safepoint: 3540 ns, Total: 82373 ns
[2024-02-09T00:10:58.154+0000][8][gc,start    ] GC(39) Pause Young (Normal) (G1 Evacuation Pause)
[2024-02-09T00:10:58.154+0000][8][gc,task     ] GC(39) Using 12 workers of 13 for evacuation
[2024-02-09T00:10:58.154+0000][8][gc,age      ] GC(39) Desired survivor size 20971520 bytes, new threshold 15 (max threshold 15)
[2024-02-09T00:10:58.156+0000][8][gc,age      ] GC(39) Age table with threshold 15 (max threshold 15)
[2024-02-09T00:10:58.156+0000][8][gc,age      ] GC(39) - age   1:     351032 bytes,     351032 total
[2024-02-09T00:10:58.156+0000][8][gc,age      ] GC(39) - age   2:      79304 bytes,     430336 total
[2024-02-09T00:10:58.156+0000][8][gc,age      ] GC(39) - age   3:      65616 bytes,     495952 total
[2024-02-09T00:10:58.156+0000][8][gc,age      ] GC(39) - age   4:      19440 bytes,     515392 total
[2024-02-09T00:10:58.156+0000][8][gc,age      ] GC(39) - age   5:       3856 bytes,     519248 total
[2024-02-09T00:10:58.156+0000][8][gc,age      ] GC(39) - age   6:       2552 bytes,     521800 total
[2024-02-09T00:10:58.156+0000][8][gc,age      ] GC(39) - age   7:       4776 bytes,     526576 total
[2024-02-09T00:10:58.156+0000][8][gc,age      ] GC(39) - age   8:      53032 bytes,     579608 total
[2024-02-09T00:10:58.156+0000][8][gc,age      ] GC(39) - age   9:      14824 bytes,     594432 total
[2024-02-09T00:10:58.156+0000][8][gc,age      ] GC(39) - age  10:      64368 bytes,     658800 total
[2024-02-09T00:10:58.156+0000][8][gc,age      ] GC(39) - age  11:    1541168 bytes,    2199968 total
[2024-02-09T00:10:58.156+0000][8][gc,age      ] GC(39) - age  12:      31416 bytes,    2231384 total
[2024-02-09T00:10:58.156+0000][8][gc,age      ] GC(39) - age  13:      75080 bytes,    2306464 total
[2024-02-09T00:10:58.156+0000][8][gc,age      ] GC(39) - age  14:      15808 bytes,    2322272 total
[2024-02-09T00:10:58.156+0000][8][gc,age      ] GC(39) - age  15:       1560 bytes,    2323832 total
[2024-02-09T00:10:58.156+0000][8][gc,phases   ] GC(39)   Pre Evacuate Collection Set: 0.1ms
[2024-02-09T00:10:58.156+0000][8][gc,phases   ] GC(39)   Merge Heap Roots: 0.1ms
[2024-02-09T00:10:58.156+0000][8][gc,phases   ] GC(39)   Evacuate Collection Set: 0.9ms
[2024-02-09T00:10:58.156+0000][8][gc,phases   ] GC(39)   Post Evacuate Collection Set: 0.5ms
[2024-02-09T00:10:58.156+0000][8][gc,phases   ] GC(39)   Other: 0.3ms
[2024-02-09T00:10:58.156+0000][8][gc,heap     ] GC(39) Eden regions: 75->0(75)
[2024-02-09T00:10:58.156+0000][8][gc,heap     ] GC(39) Survivor regions: 1->1(10)
[2024-02-09T00:10:58.156+0000][8][gc,heap     ] GC(39) Old regions: 20->20
[2024-02-09T00:10:58.156+0000][8][gc,heap     ] GC(39) Archive regions: 2->2
[2024-02-09T00:10:58.156+0000][8][gc,heap     ] GC(39) Humongous regions: 2->2
[2024-02-09T00:10:58.156+0000][8][gc,metaspace] GC(39) Metaspace: 98644K(102940K)->98644K(102940K) NonClass: 85653K(88732K)->85653K(88732K) Class: 12990K(14208K)->12990K(14208K)
[2024-02-09T00:10:58.156+0000][8][gc          ] GC(39) Pause Young (Normal) (G1 Evacuation Pause) 393M->94M(512M) 1.880ms
[2024-02-09T00:10:58.156+0000][8][gc,cpu      ] GC(39) User=0.01s Sys=0.00s Real=0.00s
[2024-02-09T00:10:58.156+0000][8][safepoint   ] Safepoint "G1CollectForAllocation", Time since last: 36089519303 ns, Reaching safepoint: 77669 ns, At safepoint: 1957545 ns, Total: 2035214 ns
[2024-02-09T00:13:22.165+0000][8][safepoint   ] Safepoint "Cleanup", Time since last: 144008659967 ns, Reaching safepoint: 88303 ns, At safepoint: 6226 ns, Total: 94529 ns
[2024-02-09T00:16:36.176+0000][8][safepoint   ] Safepoint "Cleanup", Time since last: 194011309974 ns, Reaching safepoint: 87463 ns, At safepoint: 3588 ns, Total: 91051 ns
[2024-02-09T00:19:52.188+0000][8][safepoint   ] Safepoint "Cleanup", Time since last: 196011421927 ns, Reaching safepoint: 92840 ns, At safepoint: 10872 ns, Total: 103712 ns
[2024-02-09T00:35:37.243+0000][8][safepoint   ] Safepoint "Cleanup", Time since last: 945054935280 ns, Reaching safepoint: 88470 ns, At safepoint: 3589 ns, Total: 92059 ns
[2024-02-09T00:51:18.297+0000][8][safepoint   ] Safepoint "Cleanup", Time since last: 941054346756 ns, Reaching safepoint: 107179 ns, At safepoint: 7323 ns, Total: 114502 ns
[2024-02-09T01:30:00.432+0000][8][safepoint   ] Safepoint "Cleanup", Time since last: 2322135101185 ns, Reaching safepoint: 83801 ns, At safepoint: 3513 ns, Total: 87314 ns
[2024-02-09T01:38:00.460+0000][8][safepoint   ] Safepoint "Cleanup", Time since last: 480027954366 ns, Reaching safepoint: 82233 ns, At safepoint: 3436 ns, Total: 85669 ns
[2024-02-09T02:18:19.602+0000][8][safepoint   ] Safepoint "Cleanup", Time since last: 2419141097582 ns, Reaching safepoint: 85852 ns, At safepoint: 8793 ns, Total: 94645 ns
[2024-02-09T02:30:03.643+0000][8][safepoint   ] Safepoint "Cleanup", Time since last: 704041323526 ns, Reaching safepoint: 83951 ns, At safepoint: 3871 ns, Total: 87822 ns
[2024-02-09T02:30:04.643+0000][8][safepoint   ] Safepoint "Cleanup", Time since last: 1000108226 ns, Reaching safepoint: 88254 ns, At safepoint: 3751 ns, Total: 92005 ns
[2024-02-09T02:30:06.643+0000][8][safepoint   ] Safepoint "Cleanup", Time since last: 2000166800 ns, Reaching safepoint: 86752 ns, At safepoint: 3644 ns, Total: 90396 ns
[2024-02-09T02:30:07.644+0000][8][safepoint   ] Safepoint "Cleanup", Time since last: 1000110518 ns, Reaching safepoint: 106490 ns, At safepoint: 3998 ns, Total: 110488 ns
[2024-02-09T02:30:08.644+0000][8][safepoint   ] Safepoint "Cleanup", Time since last: 1000109530 ns, Reaching safepoint: 80914 ns, At safepoint: 3903 ns, Total: 84817 ns
[2024-02-09T02:30:11.644+0000][8][safepoint   ] Safepoint "Cleanup", Time since last: 3000224002 ns, Reaching safepoint: 82090 ns, At safepoint: 3507 ns, Total: 85597 ns
[2024-02-09T03:06:09.770+0000][8][safepoint   ] Safepoint "Cleanup", Time since last: 2158126194308 ns, Reaching safepoint: 93906 ns, At safepoint: 8279 ns, Total: 102185 ns
[2024-02-09T03:15:06.933+0000][8][gc,start    ] GC(40) Pause Young (Normal) (G1 Evacuation Pause)
[2024-02-09T03:15:06.933+0000][8][gc,task     ] GC(40) Using 12 workers of 13 for evacuation
[2024-02-09T03:15:06.933+0000][8][gc,age      ] GC(40) Desired survivor size 20971520 bytes, new threshold 15 (max threshold 15)
[2024-02-09T03:15:06.935+0000][8][gc,age      ] GC(40) Age table with threshold 15 (max threshold 15)
[2024-02-09T03:15:06.935+0000][8][gc,age      ] GC(40) - age   1:     267704 bytes,     267704 total
[2024-02-09T03:15:06.935+0000][8][gc,age      ] GC(40) - age   2:     201104 bytes,     468808 total
[2024-02-09T03:15:06.935+0000][8][gc,age      ] GC(40) - age   3:      76088 bytes,     544896 total
[2024-02-09T03:15:06.935+0000][8][gc,age      ] GC(40) - age   4:      64752 bytes,     609648 total
[2024-02-09T03:15:06.935+0000][8][gc,age      ] GC(40) - age   5:      19048 bytes,     628696 total
[2024-02-09T03:15:06.935+0000][8][gc,age      ] GC(40) - age   6:       3856 bytes,     632552 total
[2024-02-09T03:15:06.935+0000][8][gc,age      ] GC(40) - age   7:       2552 bytes,     635104 total
[2024-02-09T03:15:06.935+0000][8][gc,age      ] GC(40) - age   8:       4776 bytes,     639880 total
[2024-02-09T03:15:06.935+0000][8][gc,age      ] GC(40) - age   9:      52416 bytes,     692296 total
[2024-02-09T03:15:06.935+0000][8][gc,age      ] GC(40) - age  10:      14824 bytes,     707120 total
[2024-02-09T03:15:06.935+0000][8][gc,age      ] GC(40) - age  11:      64368 bytes,     771488 total
[2024-02-09T03:15:06.935+0000][8][gc,age      ] GC(40) - age  12:    1541024 bytes,    2312512 total
[2024-02-09T03:15:06.935+0000][8][gc,age      ] GC(40) - age  13:      31416 bytes,    2343928 total
[2024-02-09T03:15:06.935+0000][8][gc,age      ] GC(40) - age  14:      75080 bytes,    2419008 total
[2024-02-09T03:15:06.935+0000][8][gc,age      ] GC(40) - age  15:      15808 bytes,    2434816 total
[2024-02-09T03:15:06.935+0000][8][gc,phases   ] GC(40)   Pre Evacuate Collection Set: 0.1ms
[2024-02-09T03:15:06.935+0000][8][gc,phases   ] GC(40)   Merge Heap Roots: 0.1ms
[2024-02-09T03:15:06.935+0000][8][gc,phases   ] GC(40)   Evacuate Collection Set: 1.0ms
[2024-02-09T03:15:06.935+0000][8][gc,phases   ] GC(40)   Post Evacuate Collection Set: 0.5ms
[2024-02-09T03:15:06.935+0000][8][gc,phases   ] GC(40)   Other: 0.3ms
[2024-02-09T03:15:06.935+0000][8][gc,heap     ] GC(40) Eden regions: 75->0(75)
[2024-02-09T03:15:06.935+0000][8][gc,heap     ] GC(40) Survivor regions: 1->1(10)
[2024-02-09T03:15:06.935+0000][8][gc,heap     ] GC(40) Old regions: 20->20
[2024-02-09T03:15:06.935+0000][8][gc,heap     ] GC(40) Archive regions: 2->2
[2024-02-09T03:15:06.935+0000][8][gc,heap     ] GC(40) Humongous regions: 2->2
[2024-02-09T03:15:06.935+0000][8][gc,metaspace] GC(40) Metaspace: 98746K(102940K)->98746K(102940K) NonClass: 85752K(88732K)->85752K(88732K) Class: 12994K(14208K)->12994K(14208K)
[2024-02-09T03:15:06.935+0000][8][gc          ] GC(40) Pause Young (Normal) (G1 Evacuation Pause) 394M->94M(512M) 2.090ms
[2024-02-09T03:15:06.935+0000][8][gc,cpu      ] GC(40) User=0.01s Sys=0.00s Real=0.00s
[2024-02-09T03:15:06.935+0000][8][safepoint   ] Safepoint "G1CollectForAllocation", Time since last: 537162724387 ns, Reaching safepoint: 87170 ns, At safepoint: 2173184 ns, Total: 2260354 ns
[2024-02-09T06:22:49.425+0000][8][gc,start    ] GC(41) Pause Young (Normal) (G1 Evacuation Pause)
[2024-02-09T06:22:49.425+0000][8][gc,task     ] GC(41) Using 12 workers of 13 for evacuation
[2024-02-09T06:22:49.425+0000][8][gc,age      ] GC(41) Desired survivor size 20971520 bytes, new threshold 15 (max threshold 15)
[2024-02-09T06:22:49.427+0000][8][gc,age      ] GC(41) Age table with threshold 15 (max threshold 15)
[2024-02-09T06:22:49.427+0000][8][gc,age      ] GC(41) - age   1:      45360 bytes,      45360 total
[2024-02-09T06:22:49.427+0000][8][gc,age      ] GC(41) - age   2:      41848 bytes,      87208 total
[2024-02-09T06:22:49.427+0000][8][gc,age      ] GC(41) - age   3:      63096 bytes,     150304 total
[2024-02-09T06:22:49.427+0000][8][gc,age      ] GC(41) - age   4:       3344 bytes,     153648 total
[2024-02-09T06:22:49.427+0000][8][gc,age      ] GC(41) - age   5:      48600 bytes,     202248 total
[2024-02-09T06:22:49.427+0000][8][gc,age      ] GC(41) - age   6:       2896 bytes,     205144 total
[2024-02-09T06:22:49.427+0000][8][gc,age      ] GC(41) - age   7:       3856 bytes,     209000 total
[2024-02-09T06:22:49.427+0000][8][gc,age      ] GC(41) - age   8:       2552 bytes,     211552 total
[2024-02-09T06:22:49.427+0000][8][gc,age      ] GC(41) - age   9:       4776 bytes,     216328 total
[2024-02-09T06:22:49.427+0000][8][gc,age      ] GC(41) - age  10:      52416 bytes,     268744 total
[2024-02-09T06:22:49.427+0000][8][gc,age      ] GC(41) - age  11:      14824 bytes,     283568 total
[2024-02-09T06:22:49.427+0000][8][gc,age      ] GC(41) - age  12:      64368 bytes,     347936 total
[2024-02-09T06:22:49.427+0000][8][gc,age      ] GC(41) - age  13:    1541024 bytes,    1888960 total
[2024-02-09T06:22:49.427+0000][8][gc,age      ] GC(41) - age  14:      31416 bytes,    1920376 total
[2024-02-09T06:22:49.427+0000][8][gc,age      ] GC(41) - age  15:      75080 bytes,    1995456 total
[2024-02-09T06:22:49.427+0000][8][gc,phases   ] GC(41)   Pre Evacuate Collection Set: 0.1ms
[2024-02-09T06:22:49.427+0000][8][gc,phases   ] GC(41)   Merge Heap Roots: 0.1ms
[2024-02-09T06:22:49.427+0000][8][gc,phases   ] GC(41)   Evacuate Collection Set: 0.7ms
[2024-02-09T06:22:49.427+0000][8][gc,phases   ] GC(41)   Post Evacuate Collection Set: 0.5ms
[2024-02-09T06:22:49.427+0000][8][gc,phases   ] GC(41)   Other: 0.3ms
[2024-02-09T06:22:49.427+0000][8][gc,heap     ] GC(41) Eden regions: 75->0(75)
[2024-02-09T06:22:49.427+0000][8][gc,heap     ] GC(41) Survivor regions: 1->1(10)
[2024-02-09T06:22:49.427+0000][8][gc,heap     ] GC(41) Old regions: 20->21
[2024-02-09T06:22:49.427+0000][8][gc,heap     ] GC(41) Archive regions: 2->2
[2024-02-09T06:22:49.427+0000][8][gc,heap     ] GC(41) Humongous regions: 2->2
[2024-02-09T06:22:49.427+0000][8][gc,metaspace] GC(41) Metaspace: 98765K(102940K)->98765K(102940K) NonClass: 85771K(88732K)->85771K(88732K) Class: 12994K(14208K)->12994K(14208K)
[2024-02-09T06:22:49.427+0000][8][gc          ] GC(41) Pause Young (Normal) (G1 Evacuation Pause) 394M->93M(512M) 1.708ms
[2024-02-09T06:22:49.427+0000][8][gc,cpu      ] GC(41) User=0.01s Sys=0.00s Real=0.01s
[2024-02-09T06:22:49.427+0000][8][safepoint   ] Safepoint "G1CollectForAllocation", Time since last: 11262489810931 ns, Reaching safepoint: 121357 ns, At safepoint: 1794085 ns, Total: 1915442 ns
[2024-02-09T06:30:48.455+0000][8][safepoint   ] Safepoint "Cleanup", Time since last: 479027904351 ns, Reaching safepoint: 98201 ns, At safepoint: 3873 ns, Total: 102074 ns
[2024-02-09T07:48:32.731+0000][8][safepoint   ] Safepoint "Cleanup", Time since last: 4664275300866 ns, Reaching safepoint: 87074 ns, At safepoint: 3421 ns, Total: 90495 ns
[2024-02-09T07:48:49.732+0000][8][safepoint   ] Safepoint "Cleanup", Time since last: 17001026830 ns, Reaching safepoint: 87820 ns, At safepoint: 3668 ns, Total: 91488 ns
[2024-02-09T07:48:52.732+0000][8][safepoint   ] Safepoint "Cleanup", Time since last: 3000224104 ns, Reaching safepoint: 90191 ns, At safepoint: 4171 ns, Total: 94362 ns
[2024-02-09T08:08:06.777+0000][8][safepoint   ] Safepoint "Cleanup", Time since last: 1154044734950 ns, Reaching safepoint: 124456 ns, At safepoint: 3868 ns, Total: 128324 ns
[2024-02-09T08:08:22.778+0000][8][safepoint   ] Safepoint "Cleanup", Time since last: 16000986494 ns, Reaching safepoint: 94506 ns, At safepoint: 3520 ns, Total: 98026 ns
[2024-02-09T08:20:40.821+0000][8][safepoint   ] Safepoint "Cleanup", Time since last: 738043122409 ns, Reaching safepoint: 94339 ns, At safepoint: 3792 ns, Total: 98131 ns
[2024-02-09T08:50:21.926+0000][8][safepoint   ] Safepoint "Cleanup", Time since last: 1781104785424 ns, Reaching safepoint: 88274 ns, At safepoint: 8037 ns, Total: 96311 ns
[2024-02-09T08:51:18.930+0000][8][safepoint   ] Safepoint "Cleanup", Time since last: 57003360429 ns, Reaching safepoint: 90001 ns, At safepoint: 2259 ns, Total: 92260 ns
[2024-02-09T09:02:51.970+0000][8][safepoint   ] Safepoint "Cleanup", Time since last: 693040393810 ns, Reaching safepoint: 100398 ns, At safepoint: 3897 ns, Total: 104295 ns
[2024-02-09T09:28:44.643+0000][8][gc,start    ] GC(42) Pause Young (Normal) (G1 Evacuation Pause)
[2024-02-09T09:28:44.643+0000][8][gc,task     ] GC(42) Using 12 workers of 13 for evacuation
[2024-02-09T09:28:44.643+0000][8][gc,age      ] GC(42) Desired survivor size 20971520 bytes, new threshold 15 (max threshold 15)
[2024-02-09T09:28:44.645+0000][8][gc,age      ] GC(42) Age table with threshold 15 (max threshold 15)
[2024-02-09T09:28:44.645+0000][8][gc,age      ] GC(42) - age   1:     310904 bytes,     310904 total
[2024-02-09T09:28:44.645+0000][8][gc,age      ] GC(42) - age   2:      32272 bytes,     343176 total
[2024-02-09T09:28:44.645+0000][8][gc,age      ] GC(42) - age   3:      38568 bytes,     381744 total
[2024-02-09T09:28:44.645+0000][8][gc,age      ] GC(42) - age   4:      62816 bytes,     444560 total
[2024-02-09T09:28:44.645+0000][8][gc,age      ] GC(42) - age   5:       2792 bytes,     447352 total
[2024-02-09T09:28:44.645+0000][8][gc,age      ] GC(42) - age   6:      48560 bytes,     495912 total
[2024-02-09T09:28:44.645+0000][8][gc,age      ] GC(42) - age   7:       2856 bytes,     498768 total
[2024-02-09T09:28:44.645+0000][8][gc,age      ] GC(42) - age   8:       3856 bytes,     502624 total
[2024-02-09T09:28:44.645+0000][8][gc,age      ] GC(42) - age   9:       1584 bytes,     504208 total
[2024-02-09T09:28:44.645+0000][8][gc,age      ] GC(42) - age  10:       4736 bytes,     508944 total
[2024-02-09T09:28:44.645+0000][8][gc,age      ] GC(42) - age  11:      52416 bytes,     561360 total
[2024-02-09T09:28:44.645+0000][8][gc,age      ] GC(42) - age  12:      14824 bytes,     576184 total
[2024-02-09T09:28:44.645+0000][8][gc,age      ] GC(42) - age  13:      64368 bytes,     640552 total
[2024-02-09T09:28:44.645+0000][8][gc,age      ] GC(42) - age  14:    1541024 bytes,    2181576 total
[2024-02-09T09:28:44.645+0000][8][gc,age      ] GC(42) - age  15:      31416 bytes,    2212992 total
[2024-02-09T09:28:44.645+0000][8][gc,phases   ] GC(42)   Pre Evacuate Collection Set: 0.1ms
[2024-02-09T09:28:44.645+0000][8][gc,phases   ] GC(42)   Merge Heap Roots: 0.1ms
[2024-02-09T09:28:44.645+0000][8][gc,phases   ] GC(42)   Evacuate Collection Set: 0.8ms
[2024-02-09T09:28:44.645+0000][8][gc,phases   ] GC(42)   Post Evacuate Collection Set: 0.5ms
[2024-02-09T09:28:44.645+0000][8][gc,phases   ] GC(42)   Other: 0.3ms
[2024-02-09T09:28:44.645+0000][8][gc,heap     ] GC(42) Eden regions: 75->0(75)
[2024-02-09T09:28:44.645+0000][8][gc,heap     ] GC(42) Survivor regions: 1->1(10)
[2024-02-09T09:28:44.645+0000][8][gc,heap     ] GC(42) Old regions: 21->21
[2024-02-09T09:28:44.645+0000][8][gc,heap     ] GC(42) Archive regions: 2->2
[2024-02-09T09:28:44.645+0000][8][gc,heap     ] GC(42) Humongous regions: 2->2
[2024-02-09T09:28:44.645+0000][8][gc,metaspace] GC(42) Metaspace: 98780K(103196K)->98780K(103196K) NonClass: 85785K(88988K)->85785K(88988K) Class: 12994K(14208K)->12994K(14208K)
[2024-02-09T09:28:44.645+0000][8][gc          ] GC(42) Pause Young (Normal) (G1 Evacuation Pause) 393M->94M(512M) 1.852ms
[2024-02-09T09:28:44.645+0000][8][gc,cpu      ] GC(42) User=0.01s Sys=0.00s Real=0.00s
[2024-02-09T09:28:44.645+0000][8][safepoint   ] Safepoint "G1CollectForAllocation", Time since last: 1552672975957 ns, Reaching safepoint: 106691 ns, At safepoint: 1935309 ns, Total: 2042000 ns
[2024-02-09T09:35:52.670+0000][8][safepoint   ] Safepoint "Cleanup", Time since last: 428025067170 ns, Reaching safepoint: 97542 ns, At safepoint: 3773 ns, Total: 101315 ns
[2024-02-09T09:50:41.722+0000][8][safepoint   ] Safepoint "Cleanup", Time since last: 889051845046 ns, Reaching safepoint: 93081 ns, At safepoint: 3561 ns, Total: 96642 ns
[2024-02-09T09:50:59.723+0000][8][safepoint   ] Safepoint "Cleanup", Time since last: 18001112500 ns, Reaching safepoint: 91446 ns, At safepoint: 3744 ns, Total: 95190 ns
[2024-02-09T09:51:46.726+0000][8][safepoint   ] Safepoint "Cleanup", Time since last: 47002758778 ns, Reaching safepoint: 108358 ns, At safepoint: 8504 ns, Total: 116862 ns
[2024-02-09T09:52:17.728+0000][8][safepoint   ] Safepoint "Cleanup", Time since last: 31001868110 ns, Reaching safepoint: 115117 ns, At safepoint: 3961 ns, Total: 119078 ns
[2024-02-09T09:56:30.743+0000][8][safepoint   ] Safepoint "Cleanup", Time since last: 253014898969 ns, Reaching safepoint: 93678 ns, At safepoint: 3769 ns, Total: 97447 ns
[2024-02-09T09:57:25.747+0000][8][safepoint   ] Safepoint "Cleanup", Time since last: 55003337462 ns, Reaching safepoint: 104111 ns, At safepoint: 10073 ns, Total: 114184 ns
[2024-02-09T10:10:26.792+0000][8][safepoint   ] Safepoint "Cleanup", Time since last: 781045709815 ns, Reaching safepoint: 107244 ns, At safepoint: 11156 ns, Total: 118400 ns
[2024-02-09T10:10:54.794+0000][8][safepoint   ] Safepoint "Cleanup", Time since last: 28001705103 ns, Reaching safepoint: 94674 ns, At safepoint: 3684 ns, Total: 98358 ns
[2024-02-09T10:28:22.856+0000][8][safepoint   ] Safepoint "Cleanup", Time since last: 1048061504143 ns, Reaching safepoint: 105084 ns, At safepoint: 3986 ns, Total: 109070 ns
[2024-02-09T10:32:02.869+0000][8][safepoint   ] Safepoint "Cleanup", Time since last: 220012811222 ns, Reaching safepoint: 94394 ns, At safepoint: 6016 ns, Total: 100410 ns
[2024-02-09T12:14:22.228+0000][8][safepoint   ] Safepoint "Cleanup", Time since last: 6139359234624 ns, Reaching safepoint: 90131 ns, At safepoint: 3484 ns, Total: 93615 ns
[2024-02-09T12:21:18.253+0000][8][safepoint   ] Safepoint "Cleanup", Time since last: 416024458974 ns, Reaching safepoint: 115427 ns, At safepoint: 4252 ns, Total: 119679 ns
[2024-02-09T12:35:21.984+0000][8][gc,start    ] GC(43) Pause Young (Normal) (G1 Evacuation Pause)
[2024-02-09T12:35:21.984+0000][8][gc,task     ] GC(43) Using 12 workers of 13 for evacuation
[2024-02-09T12:35:21.984+0000][8][gc,age      ] GC(43) Desired survivor size 20971520 bytes, new threshold 15 (max threshold 15)
[2024-02-09T12:35:21.986+0000][8][gc,age      ] GC(43) Age table with threshold 15 (max threshold 15)
[2024-02-09T12:35:21.986+0000][8][gc,age      ] GC(43) - age   1:      14656 bytes,      14656 total
[2024-02-09T12:35:21.986+0000][8][gc,age      ] GC(43) - age   2:     102952 bytes,     117608 total
[2024-02-09T12:35:21.986+0000][8][gc,age      ] GC(43) - age   3:        208 bytes,     117816 total
[2024-02-09T12:35:21.986+0000][8][gc,age      ] GC(43) - age   4:      13032 bytes,     130848 total
[2024-02-09T12:35:21.986+0000][8][gc,age      ] GC(43) - age   5:      46664 bytes,     177512 total
[2024-02-09T12:35:21.986+0000][8][gc,age      ] GC(43) - age   6:       2792 bytes,     180304 total
[2024-02-09T12:35:21.986+0000][8][gc,age      ] GC(43) - age   7:      48560 bytes,     228864 total
[2024-02-09T12:35:21.986+0000][8][gc,age      ] GC(43) - age   8:       2856 bytes,     231720 total
[2024-02-09T12:35:21.986+0000][8][gc,age      ] GC(43) - age   9:       3856 bytes,     235576 total
[2024-02-09T12:35:21.986+0000][8][gc,age      ] GC(43) - age  10:       1544 bytes,     237120 total
[2024-02-09T12:35:21.986+0000][8][gc,age      ] GC(43) - age  11:       4736 bytes,     241856 total
[2024-02-09T12:35:21.986+0000][8][gc,age      ] GC(43) - age  12:      52416 bytes,     294272 total
[2024-02-09T12:35:21.986+0000][8][gc,age      ] GC(43) - age  13:      14824 bytes,     309096 total
[2024-02-09T12:35:21.986+0000][8][gc,age      ] GC(43) - age  14:      64368 bytes,     373464 total
[2024-02-09T12:35:21.986+0000][8][gc,age      ] GC(43) - age  15:    1541024 bytes,    1914488 total
[2024-02-09T12:35:21.986+0000][8][gc,phases   ] GC(43)   Pre Evacuate Collection Set: 0.1ms
[2024-02-09T12:35:21.986+0000][8][gc,phases   ] GC(43)   Merge Heap Roots: 0.1ms
[2024-02-09T12:35:21.986+0000][8][gc,phases   ] GC(43)   Evacuate Collection Set: 0.6ms
[2024-02-09T12:35:21.986+0000][8][gc,phases   ] GC(43)   Post Evacuate Collection Set: 0.5ms
[2024-02-09T12:35:21.986+0000][8][gc,phases   ] GC(43)   Other: 0.3ms
[2024-02-09T12:35:21.986+0000][8][gc,heap     ] GC(43) Eden regions: 75->0(75)
[2024-02-09T12:35:21.986+0000][8][gc,heap     ] GC(43) Survivor regions: 1->1(10)
[2024-02-09T12:35:21.986+0000][8][gc,heap     ] GC(43) Old regions: 21->21
[2024-02-09T12:35:21.986+0000][8][gc,heap     ] GC(43) Archive regions: 2->2
[2024-02-09T12:35:21.986+0000][8][gc,heap     ] GC(43) Humongous regions: 2->2
[2024-02-09T12:35:21.986+0000][8][gc,metaspace] GC(43) Metaspace: 98805K(103196K)->98805K(103196K) NonClass: 85810K(88988K)->85810K(88988K) Class: 12994K(14208K)->12994K(14208K)
[2024-02-09T12:35:21.986+0000][8][gc          ] GC(43) Pause Young (Normal) (G1 Evacuation Pause) 394M->93M(512M) 1.610ms
[2024-02-09T12:35:21.986+0000][8][gc,cpu      ] GC(43) User=0.00s Sys=0.00s Real=0.00s
[2024-02-09T12:35:21.986+0000][8][safepoint   ] Safepoint "G1CollectForAllocation", Time since last: 843731449051 ns, Reaching safepoint: 113000 ns, At safepoint: 1681980 ns, Total: 1794980 ns
[2024-02-09T13:23:09.153+0000][8][safepoint   ] Safepoint "Cleanup", Time since last: 2867166693191 ns, Reaching safepoint: 95498 ns, At safepoint: 5685 ns, Total: 101183 ns
[2024-02-09T13:28:57.173+0000][8][safepoint   ] Safepoint "Cleanup", Time since last: 348020438802 ns, Reaching safepoint: 129948 ns, At safepoint: 4123 ns, Total: 134071 ns
[2024-02-09T14:11:04.304+0000][8][safepoint   ] Safepoint "Cleanup", Time since last: 2527130328185 ns, Reaching safepoint: 88390 ns, At safepoint: 6395 ns, Total: 94785 ns
[2024-02-09T14:18:20.323+0000][8][safepoint   ] Safepoint "Cleanup", Time since last: 436018868487 ns, Reaching safepoint: 86237 ns, At safepoint: 3750 ns, Total: 89987 ns
[2024-02-09T14:31:01.361+0000][8][safepoint   ] Safepoint "Cleanup", Time since last: 761037823050 ns, Reaching safepoint: 130139 ns, At safepoint: 3977 ns, Total: 134116 ns
[2024-02-09T14:31:06.361+0000][8][safepoint   ] Safepoint "Cleanup", Time since last: 5000346570 ns, Reaching safepoint: 86832 ns, At safepoint: 5131 ns, Total: 91963 ns
[2024-02-09T14:31:22.362+0000][8][safepoint   ] Safepoint "Cleanup", Time since last: 16001009713 ns, Reaching safepoint: 92524 ns, At safepoint: 3410 ns, Total: 95934 ns
[2024-02-09T15:38:32.252+0000][8][gc,start    ] GC(44) Pause Young (Normal) (G1 Evacuation Pause)
[2024-02-09T15:38:32.252+0000][8][gc,task     ] GC(44) Using 12 workers of 13 for evacuation
[2024-02-09T15:38:32.252+0000][8][gc,age      ] GC(44) Desired survivor size 20971520 bytes, new threshold 15 (max threshold 15)
[2024-02-09T15:38:32.254+0000][8][gc,age      ] GC(44) Age table with threshold 15 (max threshold 15)
[2024-02-09T15:38:32.254+0000][8][gc,age      ] GC(44) - age   1:     116136 bytes,     116136 total
[2024-02-09T15:38:32.254+0000][8][gc,age      ] GC(44) - age   2:       1720 bytes,     117856 total
[2024-02-09T15:38:32.254+0000][8][gc,age      ] GC(44) - age   3:      34736 bytes,     152592 total
[2024-02-09T15:38:32.254+0000][8][gc,age      ] GC(44) - age   4:        208 bytes,     152800 total
[2024-02-09T15:38:32.254+0000][8][gc,age      ] GC(44) - age   5:      12392 bytes,     165192 total
[2024-02-09T15:38:32.254+0000][8][gc,age      ] GC(44) - age   6:      46624 bytes,     211816 total
[2024-02-09T15:38:32.254+0000][8][gc,age      ] GC(44) - age   7:       2752 bytes,     214568 total
[2024-02-09T15:38:32.254+0000][8][gc,age      ] GC(44) - age   8:      48456 bytes,     263024 total
[2024-02-09T15:38:32.254+0000][8][gc,age      ] GC(44) - age   9:       2856 bytes,     265880 total
[2024-02-09T15:38:32.254+0000][8][gc,age      ] GC(44) - age  10:       3856 bytes,     269736 total
[2024-02-09T15:38:32.254+0000][8][gc,age      ] GC(44) - age  11:       1544 bytes,     271280 total
[2024-02-09T15:38:32.254+0000][8][gc,age      ] GC(44) - age  12:       4736 bytes,     276016 total
[2024-02-09T15:38:32.254+0000][8][gc,age      ] GC(44) - age  13:      52416 bytes,     328432 total
[2024-02-09T15:38:32.254+0000][8][gc,age      ] GC(44) - age  14:      14824 bytes,     343256 total
[2024-02-09T15:38:32.254+0000][8][gc,age      ] GC(44) - age  15:      64368 bytes,     407624 total
[2024-02-09T15:38:32.254+0000][8][gc,phases   ] GC(44)   Pre Evacuate Collection Set: 0.1ms
[2024-02-09T15:38:32.254+0000][8][gc,phases   ] GC(44)   Merge Heap Roots: 0.1ms
[2024-02-09T15:38:32.254+0000][8][gc,phases   ] GC(44)   Evacuate Collection Set: 1.1ms
[2024-02-09T15:38:32.254+0000][8][gc,phases   ] GC(44)   Post Evacuate Collection Set: 0.5ms
[2024-02-09T15:38:32.254+0000][8][gc,phases   ] GC(44)   Other: 0.3ms
[2024-02-09T15:38:32.254+0000][8][gc,heap     ] GC(44) Eden regions: 75->0(75)
[2024-02-09T15:38:32.254+0000][8][gc,heap     ] GC(44) Survivor regions: 1->1(10)
[2024-02-09T15:38:32.254+0000][8][gc,heap     ] GC(44) Old regions: 21->21
[2024-02-09T15:38:32.254+0000][8][gc,heap     ] GC(44) Archive regions: 2->2
[2024-02-09T15:38:32.254+0000][8][gc,heap     ] GC(44) Humongous regions: 2->2
[2024-02-09T15:38:32.254+0000][8][gc,metaspace] GC(44) Metaspace: 98876K(103196K)->98876K(103196K) NonClass: 85882K(88988K)->85882K(88988K) Class: 12994K(14208K)->12994K(14208K)
[2024-02-09T15:38:32.254+0000][8][gc          ] GC(44) Pause Young (Normal) (G1 Evacuation Pause) 393M->93M(512M) 2.180ms
[2024-02-09T15:38:32.254+0000][8][gc,cpu      ] GC(44) User=0.01s Sys=0.00s Real=0.00s
[2024-02-09T15:38:32.254+0000][8][safepoint   ] Safepoint "G1CollectForAllocation", Time since last: 4029889850901 ns, Reaching safepoint: 87054 ns, At safepoint: 2262098 ns, Total: 2349152 ns
[2024-02-09T15:55:36.314+0000][8][safepoint   ] Safepoint "Cleanup", Time since last: 1024059784254 ns, Reaching safepoint: 86675 ns, At safepoint: 6900 ns, Total: 93575 ns
[2024-02-09T16:25:22.419+0000][8][safepoint   ] Safepoint "Cleanup", Time since last: 1786104655447 ns, Reaching safepoint: 89136 ns, At safepoint: 4140 ns, Total: 93276 ns
[2024-02-09T16:26:28.423+0000][8][safepoint   ] Safepoint "Cleanup", Time since last: 66003953155 ns, Reaching safepoint: 94305 ns, At safepoint: 6597 ns, Total: 100902 ns
[2024-02-09T16:26:37.424+0000][8][safepoint   ] Safepoint "Cleanup", Time since last: 9000582493 ns, Reaching safepoint: 89027 ns, At safepoint: 4094 ns, Total: 93121 ns
[2024-02-09T16:57:23.532+0000][8][safepoint   ] Safepoint "Cleanup", Time since last: 1846108384368 ns, Reaching safepoint: 96610 ns, At safepoint: 3511 ns, Total: 100121 ns
[2024-02-09T16:57:24.532+0000][8][safepoint   ] Safepoint "Cleanup", Time since last: 1000117341 ns, Reaching safepoint: 85589 ns, At safepoint: 3717 ns, Total: 89306 ns
[2024-02-09T17:08:02.571+0000][8][safepoint   ] Safepoint "Cleanup", Time since last: 638038281837 ns, Reaching safepoint: 104314 ns, At safepoint: 4146 ns, Total: 108460 ns
[2024-02-09T18:44:22.091+0000][8][gc,start    ] GC(45) Pause Young (Normal) (G1 Evacuation Pause)
[2024-02-09T18:44:22.091+0000][8][gc,task     ] GC(45) Using 12 workers of 13 for evacuation
[2024-02-09T18:44:22.091+0000][8][gc,age      ] GC(45) Desired survivor size 20971520 bytes, new threshold 15 (max threshold 15)
[2024-02-09T18:44:22.092+0000][8][gc,age      ] GC(45) Age table with threshold 15 (max threshold 15)
[2024-02-09T18:44:22.092+0000][8][gc,age      ] GC(45) - age   1:     143736 bytes,     143736 total
[2024-02-09T18:44:22.092+0000][8][gc,age      ] GC(45) - age   2:      78080 bytes,     221816 total
[2024-02-09T18:44:22.092+0000][8][gc,age      ] GC(45) - age   3:       1720 bytes,     223536 total
[2024-02-09T18:44:22.092+0000][8][gc,age      ] GC(45) - age   4:      34496 bytes,     258032 total
[2024-02-09T18:44:22.092+0000][8][gc,age      ] GC(45) - age   5:        208 bytes,     258240 total
[2024-02-09T18:44:22.092+0000][8][gc,age      ] GC(45) - age   6:      12312 bytes,     270552 total
[2024-02-09T18:44:22.092+0000][8][gc,age      ] GC(45) - age   7:      46624 bytes,     317176 total
[2024-02-09T18:44:22.092+0000][8][gc,age      ] GC(45) - age   8:       1528 bytes,     318704 total
[2024-02-09T18:44:22.092+0000][8][gc,age      ] GC(45) - age   9:      48456 bytes,     367160 total
[2024-02-09T18:44:22.092+0000][8][gc,age      ] GC(45) - age  10:       2856 bytes,     370016 total
[2024-02-09T18:44:22.092+0000][8][gc,age      ] GC(45) - age  11:       3856 bytes,     373872 total
[2024-02-09T18:44:22.092+0000][8][gc,age      ] GC(45) - age  12:       1544 bytes,     375416 total
[2024-02-09T18:44:22.092+0000][8][gc,age      ] GC(45) - age  13:       4736 bytes,     380152 total
[2024-02-09T18:44:22.092+0000][8][gc,age      ] GC(45) - age  14:      52416 bytes,     432568 total
[2024-02-09T18:44:22.092+0000][8][gc,age      ] GC(45) - age  15:      14824 bytes,     447392 total
[2024-02-09T18:44:22.092+0000][8][gc,phases   ] GC(45)   Pre Evacuate Collection Set: 0.1ms
[2024-02-09T18:44:22.092+0000][8][gc,phases   ] GC(45)   Merge Heap Roots: 0.1ms
[2024-02-09T18:44:22.092+0000][8][gc,phases   ] GC(45)   Evacuate Collection Set: 0.9ms
[2024-02-09T18:44:22.092+0000][8][gc,phases   ] GC(45)   Post Evacuate Collection Set: 0.5ms
[2024-02-09T18:44:22.092+0000][8][gc,phases   ] GC(45)   Other: 0.3ms
[2024-02-09T18:44:22.092+0000][8][gc,heap     ] GC(45) Eden regions: 75->0(75)
[2024-02-09T18:44:22.092+0000][8][gc,heap     ] GC(45) Survivor regions: 1->1(10)
[2024-02-09T18:44:22.092+0000][8][gc,heap     ] GC(45) Old regions: 21->21
[2024-02-09T18:44:22.092+0000][8][gc,heap     ] GC(45) Archive regions: 2->2
[2024-02-09T18:44:22.092+0000][8][gc,heap     ] GC(45) Humongous regions: 2->2
[2024-02-09T18:44:22.092+0000][8][gc,metaspace] GC(45) Metaspace: 98879K(103196K)->98879K(103196K) NonClass: 85885K(88988K)->85885K(88988K) Class: 12994K(14208K)->12994K(14208K)
[2024-02-09T18:44:22.092+0000][8][gc          ] GC(45) Pause Young (Normal) (G1 Evacuation Pause) 393M->93M(512M) 1.834ms
[2024-02-09T18:44:22.092+0000][8][gc,cpu      ] GC(45) User=0.00s Sys=0.00s Real=0.00s
[2024-02-09T18:44:22.092+0000][8][safepoint   ] Safepoint "G1CollectForAllocation", Time since last: 5779519580167 ns, Reaching safepoint: 84144 ns, At safepoint: 1906431 ns, Total: 1990575 ns
[2024-02-09T20:18:20.425+0000][8][safepoint   ] Safepoint "Cleanup", Time since last: 5638332039717 ns, Reaching safepoint: 87627 ns, At safepoint: 7965 ns, Total: 95592 ns
[2024-02-09T21:50:49.448+0000][8][gc,start    ] GC(46) Pause Young (Normal) (G1 Evacuation Pause)
[2024-02-09T21:50:49.448+0000][8][gc,task     ] GC(46) Using 12 workers of 13 for evacuation
[2024-02-09T21:50:49.448+0000][8][gc,age      ] GC(46) Desired survivor size 20971520 bytes, new threshold 15 (max threshold 15)
[2024-02-09T21:50:49.449+0000][8][gc,age      ] GC(46) Age table with threshold 15 (max threshold 15)
[2024-02-09T21:50:49.449+0000][8][gc,age      ] GC(46) - age   1:     115496 bytes,     115496 total
[2024-02-09T21:50:49.449+0000][8][gc,age      ] GC(46) - age   2:      17264 bytes,     132760 total
[2024-02-09T21:50:49.449+0000][8][gc,age      ] GC(46) - age   3:      50384 bytes,     183144 total
[2024-02-09T21:50:49.449+0000][8][gc,age      ] GC(46) - age   4:        752 bytes,     183896 total
[2024-02-09T21:50:49.449+0000][8][gc,age      ] GC(46) - age   5:      34296 bytes,     218192 total
[2024-02-09T21:50:49.449+0000][8][gc,age      ] GC(46) - age   6:        208 bytes,     218400 total
[2024-02-09T21:50:49.449+0000][8][gc,age      ] GC(46) - age   7:      12312 bytes,     230712 total
[2024-02-09T21:50:49.449+0000][8][gc,age      ] GC(46) - age   8:      46624 bytes,     277336 total
[2024-02-09T21:50:49.449+0000][8][gc,age      ] GC(46) - age   9:       1528 bytes,     278864 total
[2024-02-09T21:50:49.449+0000][8][gc,age      ] GC(46) - age  10:      48456 bytes,     327320 total
[2024-02-09T21:50:49.449+0000][8][gc,age      ] GC(46) - age  11:       2856 bytes,     330176 total
[2024-02-09T21:50:49.449+0000][8][gc,age      ] GC(46) - age  12:       3856 bytes,     334032 total
[2024-02-09T21:50:49.449+0000][8][gc,age      ] GC(46) - age  13:       1544 bytes,     335576 total
[2024-02-09T21:50:49.449+0000][8][gc,age      ] GC(46) - age  14:       4736 bytes,     340312 total
[2024-02-09T21:50:49.449+0000][8][gc,age      ] GC(46) - age  15:      52416 bytes,     392728 total
[2024-02-09T21:50:49.449+0000][8][gc,phases   ] GC(46)   Pre Evacuate Collection Set: 0.1ms
[2024-02-09T21:50:49.449+0000][8][gc,phases   ] GC(46)   Merge Heap Roots: 0.1ms
[2024-02-09T21:50:49.449+0000][8][gc,phases   ] GC(46)   Evacuate Collection Set: 0.7ms
[2024-02-09T21:50:49.449+0000][8][gc,phases   ] GC(46)   Post Evacuate Collection Set: 0.4ms
[2024-02-09T21:50:49.449+0000][8][gc,phases   ] GC(46)   Other: 0.3ms
[2024-02-09T21:50:49.449+0000][8][gc,heap     ] GC(46) Eden regions: 75->0(75)
[2024-02-09T21:50:49.449+0000][8][gc,heap     ] GC(46) Survivor regions: 1->1(10)
[2024-02-09T21:50:49.449+0000][8][gc,heap     ] GC(46) Old regions: 21->21
[2024-02-09T21:50:49.449+0000][8][gc,heap     ] GC(46) Archive regions: 2->2
[2024-02-09T21:50:49.449+0000][8][gc,heap     ] GC(46) Humongous regions: 2->2
[2024-02-09T21:50:49.449+0000][8][gc,metaspace] GC(46) Metaspace: 98889K(103196K)->98889K(103196K) NonClass: 85895K(88988K)->85895K(88988K) Class: 12994K(14208K)->12994K(14208K)
[2024-02-09T21:50:49.449+0000][8][gc          ] GC(46) Pause Young (Normal) (G1 Evacuation Pause) 393M->93M(512M) 1.693ms
[2024-02-09T21:50:49.449+0000][8][gc,cpu      ] GC(46) User=0.00s Sys=0.00s Real=0.00s
[2024-02-09T21:50:49.449+0000][8][safepoint   ] Safepoint "G1CollectForAllocation", Time since last: 5549023061048 ns, Reaching safepoint: 87175 ns, At safepoint: 1778573 ns, Total: 1865748 ns
[2024-02-09T22:06:47.505+0000][8][safepoint   ] Safepoint "Cleanup", Time since last: 958055691569 ns, Reaching safepoint: 92965 ns, At safepoint: 3505 ns, Total: 96470 ns
[2024-02-09T23:11:52.730+0000][8][safepoint   ] Safepoint "Cleanup", Time since last: 3905224860282 ns, Reaching safepoint: 85781 ns, At safepoint: 3622 ns, Total: 89403 ns
[2024-02-09T23:11:53.731+0000][8][safepoint   ] Safepoint "Cleanup", Time since last: 1000089936 ns, Reaching safepoint: 188317 ns, At safepoint: 2470 ns, Total: 190787 ns
[2024-02-09T23:11:54.731+0000][8][safepoint   ] Safepoint "Cleanup", Time since last: 1000190230 ns, Reaching safepoint: 82045 ns, At safepoint: 3767 ns, Total: 85812 ns
[2024-02-09T23:11:55.731+0000][8][safepoint   ] Safepoint "Cleanup", Time since last: 1000111194 ns, Reaching safepoint: 97271 ns, At safepoint: 3704 ns, Total: 100975 ns
[2024-02-09T23:11:56.731+0000][8][safepoint   ] Safepoint "Cleanup", Time since last: 1000083215 ns, Reaching safepoint: 166329 ns, At safepoint: 2506 ns, Total: 168835 ns
[2024-02-09T23:11:58.213+0000][8][safepoint   ] Safepoint "Cleanup", Time since last: 1482076080 ns, Reaching safepoint: 136889 ns, At safepoint: 3561 ns, Total: 140450 ns
[2024-02-09T23:11:59.214+0000][8][safepoint   ] Safepoint "Cleanup", Time since last: 1000589950 ns, Reaching safepoint: 88858 ns, At safepoint: 3949 ns, Total: 92807 ns
[2024-02-09T23:12:18.215+0000][8][safepoint   ] Safepoint "Cleanup", Time since last: 19001179437 ns, Reaching safepoint: 90192 ns, At safepoint: 4235 ns, Total: 94427 ns
[2024-02-09T23:12:23.216+0000][8][safepoint   ] Safepoint "Cleanup", Time since last: 5000346880 ns, Reaching safepoint: 89644 ns, At safepoint: 11223 ns, Total: 100867 ns
[2024-02-09T23:12:26.216+0000][8][safepoint   ] Safepoint "Cleanup", Time since last: 3000208474 ns, Reaching safepoint: 98640 ns, At safepoint: 3405 ns, Total: 102045 ns
[2024-02-09T23:12:53.218+0000][8][safepoint   ] Safepoint "Cleanup", Time since last: 27001715085 ns, Reaching safepoint: 133428 ns, At safepoint: 4490 ns, Total: 137918 ns
[2024-02-09T23:13:07.219+0000][8][safepoint   ] Safepoint "Cleanup", Time since last: 14000852406 ns, Reaching safepoint: 135367 ns, At safepoint: 4608 ns, Total: 139975 ns
[2024-02-09T23:13:18.220+0000][8][safepoint   ] Safepoint "Cleanup", Time since last: 11000683686 ns, Reaching safepoint: 85671 ns, At safepoint: 6423 ns, Total: 92094 ns
[2024-02-09T23:13:23.220+0000][8][safepoint   ] Safepoint "Cleanup", Time since last: 5000325466 ns, Reaching safepoint: 88064 ns, At safepoint: 3745 ns, Total: 91809 ns
[2024-02-09T23:13:56.222+0000][8][safepoint   ] Safepoint "Cleanup", Time since last: 33001949860 ns, Reaching safepoint: 106781 ns, At safepoint: 3685 ns, Total: 110466 ns
[2024-02-09T23:14:26.224+0000][8][safepoint   ] Safepoint "Cleanup", Time since last: 30001751127 ns, Reaching safepoint: 105521 ns, At safepoint: 3618 ns, Total: 109139 ns
[2024-02-09T23:14:27.224+0000][8][safepoint   ] Safepoint "Cleanup", Time since last: 1000102015 ns, Reaching safepoint: 87525 ns, At safepoint: 3944 ns, Total: 91469 ns
[2024-02-09T23:16:23.231+0000][8][safepoint   ] Safepoint "Cleanup", Time since last: 116006675236 ns, Reaching safepoint: 112441 ns, At safepoint: 3914 ns, Total: 116355 ns
[2024-02-09T23:17:02.234+0000][8][safepoint   ] Safepoint "Cleanup", Time since last: 39002329647 ns, Reaching safepoint: 87267 ns, At safepoint: 3709 ns, Total: 90976 ns
[2024-02-09T23:17:03.234+0000][8][safepoint   ] Safepoint "Cleanup", Time since last: 1000122283 ns, Reaching safepoint: 96700 ns, At safepoint: 6416 ns, Total: 103116 ns
[2024-02-09T23:17:04.234+0000][8][safepoint   ] Safepoint "Cleanup", Time since last: 1000179897 ns, Reaching safepoint: 84034 ns, At safepoint: 3856 ns, Total: 87890 ns
[2024-02-09T23:17:09.234+0000][8][safepoint   ] Safepoint "Cleanup", Time since last: 5000344584 ns, Reaching safepoint: 106411 ns, At safepoint: 3799 ns, Total: 110210 ns
[2024-02-09T23:17:39.236+0000][8][safepoint   ] Safepoint "Cleanup", Time since last: 30001811270 ns, Reaching safepoint: 104654 ns, At safepoint: 3923 ns, Total: 108577 ns
[2024-02-09T23:19:07.242+0000][8][safepoint   ] Safepoint "Cleanup", Time since last: 88004992435 ns, Reaching safepoint: 101789 ns, At safepoint: 3569 ns, Total: 105358 ns
[2024-02-09T23:19:18.242+0000][8][safepoint   ] Safepoint "Cleanup", Time since last: 11000660982 ns, Reaching safepoint: 92218 ns, At safepoint: 6149 ns, Total: 98367 ns
[2024-02-09T23:21:18.249+0000][8][safepoint   ] Safepoint "Cleanup", Time since last: 120006904411 ns, Reaching safepoint: 94926 ns, At safepoint: 5849 ns, Total: 100775 ns
[2024-02-09T23:21:56.252+0000][8][safepoint   ] Safepoint "Cleanup", Time since last: 38002215161 ns, Reaching safepoint: 104625 ns, At safepoint: 10565 ns, Total: 115190 ns
[2024-02-09T23:30:53.283+0000][8][safepoint   ] Safepoint "Cleanup", Time since last: 537031174471 ns, Reaching safepoint: 101626 ns, At safepoint: 3696 ns, Total: 105322 ns
[2024-02-09T23:36:18.302+0000][8][safepoint   ] Safepoint "Cleanup", Time since last: 325018574446 ns, Reaching safepoint: 101881 ns, At safepoint: 6764 ns, Total: 108645 ns
[2024-02-09T23:52:23.357+0000][8][safepoint   ] Safepoint "Cleanup", Time since last: 965055515926 ns, Reaching safepoint: 101186 ns, At safepoint: 6350 ns, Total: 107536 ns
[2024-02-09T23:56:30.372+0000][8][safepoint   ] Safepoint "Cleanup", Time since last: 247014261146 ns, Reaching safepoint: 105738 ns, At safepoint: 3937 ns, Total: 109675 ns
[2024-02-09T23:56:50.373+0000][8][safepoint   ] Safepoint "Cleanup", Time since last: 20001212914 ns, Reaching safepoint: 97822 ns, At safepoint: 3980 ns, Total: 101802 ns
[2024-02-09T23:57:07.374+0000][8][safepoint   ] Safepoint "Cleanup", Time since last: 17000987898 ns, Reaching safepoint: 89472 ns, At safepoint: 3502 ns, Total: 92974 ns
[2024-02-10T00:19:23.450+0000][8][safepoint   ] Safepoint "Cleanup", Time since last: 1336076200734 ns, Reaching safepoint: 109731 ns, At safepoint: 5842 ns, Total: 115573 ns
[2024-02-10T00:27:18.477+0000][8][safepoint   ] Safepoint "Cleanup", Time since last: 475027029494 ns, Reaching safepoint: 144230 ns, At safepoint: 3119 ns, Total: 147349 ns
[2024-02-10T00:28:19.481+0000][8][safepoint   ] Safepoint "Cleanup", Time since last: 61003509922 ns, Reaching safepoint: 99762 ns, At safepoint: 3926 ns, Total: 103688 ns
[2024-02-10T00:29:26.485+0000][8][safepoint   ] Safepoint "Cleanup", Time since last: 67003828372 ns, Reaching safepoint: 96599 ns, At safepoint: 3649 ns, Total: 100248 ns
[2024-02-10T00:33:07.498+0000][8][safepoint   ] Safepoint "Cleanup", Time since last: 221012587967 ns, Reaching safepoint: 109595 ns, At safepoint: 3254 ns, Total: 112849 ns
[2024-02-10T00:33:18.498+0000][8][safepoint   ] Safepoint "Cleanup", Time since last: 11000691300 ns, Reaching safepoint: 80230 ns, At safepoint: 4030 ns, Total: 84260 ns
[2024-02-10T00:33:50.500+0000][8][safepoint   ] Safepoint "Cleanup", Time since last: 32001783512 ns, Reaching safepoint: 99633 ns, At safepoint: 3699 ns, Total: 103332 ns
[2024-02-10T00:36:18.509+0000][8][safepoint   ] Safepoint "Cleanup", Time since last: 148008479618 ns, Reaching safepoint: 106172 ns, At safepoint: 5629 ns, Total: 111801 ns
[2024-02-10T00:40:22.521+0000][8][gc,start    ] GC(47) Pause Young (Normal) (G1 Evacuation Pause)
[2024-02-10T00:40:22.521+0000][8][gc,task     ] GC(47) Using 12 workers of 13 for evacuation
[2024-02-10T00:40:22.521+0000][8][gc,age      ] GC(47) Desired survivor size 20971520 bytes, new threshold 15 (max threshold 15)
[2024-02-10T00:40:22.522+0000][8][gc,age      ] GC(47) Age table with threshold 15 (max threshold 15)
[2024-02-10T00:40:22.522+0000][8][gc,age      ] GC(47) - age   1:    1093864 bytes,    1093864 total
[2024-02-10T00:40:22.522+0000][8][gc,age      ] GC(47) - age   2:      37080 bytes,    1130944 total
[2024-02-10T00:40:22.522+0000][8][gc,age      ] GC(47) - age   3:       8920 bytes,    1139864 total
[2024-02-10T00:40:22.522+0000][8][gc,age      ] GC(47) - age   4:       9864 bytes,    1149728 total
[2024-02-10T00:40:22.522+0000][8][gc,age      ] GC(47) - age   5:        712 bytes,    1150440 total
[2024-02-10T00:40:22.522+0000][8][gc,age      ] GC(47) - age   6:      34152 bytes,    1184592 total
[2024-02-10T00:40:22.522+0000][8][gc,age      ] GC(47) - age   7:        208 bytes,    1184800 total
[2024-02-10T00:40:22.522+0000][8][gc,age      ] GC(47) - age   8:      11992 bytes,    1196792 total
[2024-02-10T00:40:22.522+0000][8][gc,age      ] GC(47) - age   9:      46584 bytes,    1243376 total
[2024-02-10T00:40:22.522+0000][8][gc,age      ] GC(47) - age  10:       1528 bytes,    1244904 total
[2024-02-10T00:40:22.522+0000][8][gc,age      ] GC(47) - age  11:      48456 bytes,    1293360 total
[2024-02-10T00:40:22.522+0000][8][gc,age      ] GC(47) - age  12:       2856 bytes,    1296216 total
[2024-02-10T00:40:22.522+0000][8][gc,age      ] GC(47) - age  13:       3856 bytes,    1300072 total
[2024-02-10T00:40:22.522+0000][8][gc,age      ] GC(47) - age  14:       1544 bytes,    1301616 total
[2024-02-10T00:40:22.522+0000][8][gc,age      ] GC(47) - age  15:       4736 bytes,    1306352 total
[2024-02-10T00:40:22.523+0000][8][gc,phases   ] GC(47)   Pre Evacuate Collection Set: 0.1ms
[2024-02-10T00:40:22.523+0000][8][gc,phases   ] GC(47)   Merge Heap Roots: 0.1ms
[2024-02-10T00:40:22.523+0000][8][gc,phases   ] GC(47)   Evacuate Collection Set: 0.9ms
[2024-02-10T00:40:22.523+0000][8][gc,phases   ] GC(47)   Post Evacuate Collection Set: 0.5ms
[2024-02-10T00:40:22.523+0000][8][gc,phases   ] GC(47)   Other: 0.3ms
[2024-02-10T00:40:22.523+0000][8][gc,heap     ] GC(47) Eden regions: 75->0(75)
[2024-02-10T00:40:22.523+0000][8][gc,heap     ] GC(47) Survivor regions: 1->1(10)
[2024-02-10T00:40:22.523+0000][8][gc,heap     ] GC(47) Old regions: 21->21
[2024-02-10T00:40:22.523+0000][8][gc,heap     ] GC(47) Archive regions: 2->2
[2024-02-10T00:40:22.523+0000][8][gc,heap     ] GC(47) Humongous regions: 2->2
[2024-02-10T00:40:22.523+0000][8][gc,metaspace] GC(47) Metaspace: 100001K(104348K)->100001K(104348K) NonClass: 86858K(90012K)->86858K(90012K) Class: 13143K(14336K)->13143K(14336K)
[2024-02-10T00:40:22.523+0000][8][gc          ] GC(47) Pause Young (Normal) (G1 Evacuation Pause) 393M->94M(512M) 1.976ms
[2024-02-10T00:40:22.523+0000][8][gc,cpu      ] GC(47) User=0.01s Sys=0.00s Real=0.00s
[2024-02-10T00:40:22.523+0000][8][safepoint   ] Safepoint "G1CollectForAllocation", Time since last: 244011546209 ns, Reaching safepoint: 127070 ns, At safepoint: 2047876 ns, Total: 2174946 ns
[2024-02-10T01:38:00.721+0000][8][safepoint   ] Safepoint "Cleanup", Time since last: 3458198211048 ns, Reaching safepoint: 99003 ns, At safepoint: 3859 ns, Total: 102862 ns
[2024-02-10T01:50:26.764+0000][8][safepoint   ] Safepoint "Cleanup", Time since last: 746043244605 ns, Reaching safepoint: 96844 ns, At safepoint: 6180 ns, Total: 103024 ns
[2024-02-10T02:15:24.852+0000][8][safepoint   ] Safepoint "Cleanup", Time since last: 1498087124714 ns, Reaching safepoint: 111254 ns, At safepoint: 8851 ns, Total: 120105 ns
[2024-02-10T02:15:25.852+0000][8][safepoint   ] Safepoint "Cleanup", Time since last: 1000117447 ns, Reaching safepoint: 85267 ns, At safepoint: 7825 ns, Total: 93092 ns
[2024-02-10T02:21:17.872+0000][8][safepoint   ] Safepoint "Cleanup", Time since last: 352020389433 ns, Reaching safepoint: 105362 ns, At safepoint: 3852 ns, Total: 109214 ns
[2024-02-10T02:29:22.901+0000][8][safepoint   ] Safepoint "Cleanup", Time since last: 485028149632 ns, Reaching safepoint: 103160 ns, At safepoint: 3422 ns, Total: 106582 ns
[2024-02-10T03:15:02.058+0000][8][safepoint   ] Safepoint "Cleanup", Time since last: 2739157830968 ns, Reaching safepoint: 106128 ns, At safepoint: 3548 ns, Total: 109676 ns
[2024-02-10T04:23:36.686+0000][8][gc,start    ] GC(48) Pause Young (Normal) (G1 Evacuation Pause)
[2024-02-10T04:23:36.686+0000][8][gc,task     ] GC(48) Using 12 workers of 13 for evacuation
[2024-02-10T04:23:36.686+0000][8][gc,age      ] GC(48) Desired survivor size 20971520 bytes, new threshold 15 (max threshold 15)
[2024-02-10T04:23:36.688+0000][8][gc,age      ] GC(48) Age table with threshold 15 (max threshold 15)
[2024-02-10T04:23:36.688+0000][8][gc,age      ] GC(48) - age   1:     123216 bytes,     123216 total
[2024-02-10T04:23:36.688+0000][8][gc,age      ] GC(48) - age   2:     766376 bytes,     889592 total
[2024-02-10T04:23:36.688+0000][8][gc,age      ] GC(48) - age   3:      20552 bytes,     910144 total
[2024-02-10T04:23:36.688+0000][8][gc,age      ] GC(48) - age   4:        904 bytes,     911048 total
[2024-02-10T04:23:36.688+0000][8][gc,age      ] GC(48) - age   5:       1520 bytes,     912568 total
[2024-02-10T04:23:36.688+0000][8][gc,age      ] GC(48) - age   6:        712 bytes,     913280 total
[2024-02-10T04:23:36.688+0000][8][gc,age      ] GC(48) - age   7:      34152 bytes,     947432 total
[2024-02-10T04:23:36.688+0000][8][gc,age      ] GC(48) - age   8:        208 bytes,     947640 total
[2024-02-10T04:23:36.688+0000][8][gc,age      ] GC(48) - age   9:      11376 bytes,     959016 total
[2024-02-10T04:23:36.688+0000][8][gc,age      ] GC(48) - age  10:      46448 bytes,    1005464 total
[2024-02-10T04:23:36.688+0000][8][gc,age      ] GC(48) - age  11:       1528 bytes,    1006992 total
[2024-02-10T04:23:36.688+0000][8][gc,age      ] GC(48) - age  12:      48456 bytes,    1055448 total
[2024-02-10T04:23:36.688+0000][8][gc,age      ] GC(48) - age  13:       2856 bytes,    1058304 total
[2024-02-10T04:23:36.688+0000][8][gc,age      ] GC(48) - age  14:       3856 bytes,    1062160 total
[2024-02-10T04:23:36.688+0000][8][gc,age      ] GC(48) - age  15:       1544 bytes,    1063704 total
[2024-02-10T04:23:36.688+0000][8][gc,phases   ] GC(48)   Pre Evacuate Collection Set: 0.1ms
[2024-02-10T04:23:36.688+0000][8][gc,phases   ] GC(48)   Merge Heap Roots: 0.1ms
[2024-02-10T04:23:36.688+0000][8][gc,phases   ] GC(48)   Evacuate Collection Set: 1.1ms
[2024-02-10T04:23:36.688+0000][8][gc,phases   ] GC(48)   Post Evacuate Collection Set: 0.5ms
[2024-02-10T04:23:36.688+0000][8][gc,phases   ] GC(48)   Other: 0.3ms
[2024-02-10T04:23:36.688+0000][8][gc,heap     ] GC(48) Eden regions: 75->0(75)
[2024-02-10T04:23:36.688+0000][8][gc,heap     ] GC(48) Survivor regions: 1->1(10)
[2024-02-10T04:23:36.688+0000][8][gc,heap     ] GC(48) Old regions: 21->21
[2024-02-10T04:23:36.688+0000][8][gc,heap     ] GC(48) Archive regions: 2->2
[2024-02-10T04:23:36.688+0000][8][gc,heap     ] GC(48) Humongous regions: 2->2
[2024-02-10T04:23:36.688+0000][8][gc,metaspace] GC(48) Metaspace: 100015K(104348K)->100015K(104348K) NonClass: 86872K(90012K)->86872K(90012K) Class: 13143K(14336K)->13143K(14336K)
[2024-02-10T04:23:36.688+0000][8][gc          ] GC(48) Pause Young (Normal) (G1 Evacuation Pause) 394M->94M(512M) 2.158ms
[2024-02-10T04:23:36.688+0000][8][gc,cpu      ] GC(48) User=0.01s Sys=0.00s Real=0.01s
[2024-02-10T04:23:36.688+0000][8][safepoint   ] Safepoint "G1CollectForAllocation", Time since last: 4114627309292 ns, Reaching safepoint: 91545 ns, At safepoint: 2232966 ns, Total: 2324511 ns
[2024-02-10T04:59:31.813+0000][8][safepoint   ] Safepoint "Cleanup", Time since last: 2155124427332 ns, Reaching safepoint: 135369 ns, At safepoint: 4512 ns, Total: 139881 ns
[2024-02-10T05:12:26.857+0000][8][safepoint   ] Safepoint "Cleanup", Time since last: 775044622574 ns, Reaching safepoint: 103072 ns, At safepoint: 6311 ns, Total: 109383 ns
[2024-02-10T06:21:15.097+0000][8][safepoint   ] Safepoint "Cleanup", Time since last: 4128239189825 ns, Reaching safepoint: 112712 ns, At safepoint: 4233 ns, Total: 116945 ns
[2024-02-10T06:52:36.196+0000][8][safepoint   ] Safepoint "Cleanup", Time since last: 1881098999832 ns, Reaching safepoint: 127251 ns, At safepoint: 4100 ns, Total: 131351 ns
[2024-02-10T06:53:26.199+0000][8][safepoint   ] Safepoint "Cleanup", Time since last: 50002920688 ns, Reaching safepoint: 99370 ns, At safepoint: 5926 ns, Total: 105296 ns
[2024-02-10T06:53:27.199+0000][8][safepoint   ] Safepoint "Cleanup", Time since last: 1000109264 ns, Reaching safepoint: 101456 ns, At safepoint: 3905 ns, Total: 105361 ns
[2024-02-10T06:53:32.200+0000][8][safepoint   ] Safepoint "Cleanup", Time since last: 5000320933 ns, Reaching safepoint: 89007 ns, At safepoint: 5850 ns, Total: 94857 ns
[2024-02-10T08:07:01.883+0000][8][gc,start    ] GC(49) Pause Young (Normal) (G1 Evacuation Pause)
[2024-02-10T08:07:01.883+0000][8][gc,task     ] GC(49) Using 12 workers of 13 for evacuation
[2024-02-10T08:07:01.883+0000][8][gc,age      ] GC(49) Desired survivor size 20971520 bytes, new threshold 15 (max threshold 15)
[2024-02-10T08:07:01.885+0000][8][gc,age      ] GC(49) Age table with threshold 15 (max threshold 15)
[2024-02-10T08:07:01.885+0000][8][gc,age      ] GC(49) - age   1:     176200 bytes,     176200 total
[2024-02-10T08:07:01.885+0000][8][gc,age      ] GC(49) - age   2:      82456 bytes,     258656 total
[2024-02-10T08:07:01.885+0000][8][gc,age      ] GC(49) - age   3:     765688 bytes,    1024344 total
[2024-02-10T08:07:01.885+0000][8][gc,age      ] GC(49) - age   4:       3928 bytes,    1028272 total
[2024-02-10T08:07:01.885+0000][8][gc,age      ] GC(49) - age   5:        744 bytes,    1029016 total
[2024-02-10T08:07:01.885+0000][8][gc,age      ] GC(49) - age   6:       1480 bytes,    1030496 total
[2024-02-10T08:07:01.885+0000][8][gc,age      ] GC(49) - age   7:        712 bytes,    1031208 total
[2024-02-10T08:07:01.885+0000][8][gc,age      ] GC(49) - age   8:      34152 bytes,    1065360 total
[2024-02-10T08:07:01.885+0000][8][gc,age      ] GC(49) - age   9:        208 bytes,    1065568 total
[2024-02-10T08:07:01.885+0000][8][gc,age      ] GC(49) - age  10:      11376 bytes,    1076944 total
[2024-02-10T08:07:01.885+0000][8][gc,age      ] GC(49) - age  11:      46240 bytes,    1123184 total
[2024-02-10T08:07:01.885+0000][8][gc,age      ] GC(49) - age  12:       1528 bytes,    1124712 total
[2024-02-10T08:07:01.885+0000][8][gc,age      ] GC(49) - age  13:      48456 bytes,    1173168 total
[2024-02-10T08:07:01.885+0000][8][gc,age      ] GC(49) - age  14:       2856 bytes,    1176024 total
[2024-02-10T08:07:01.885+0000][8][gc,age      ] GC(49) - age  15:       3856 bytes,    1179880 total
[2024-02-10T08:07:01.885+0000][8][gc,phases   ] GC(49)   Pre Evacuate Collection Set: 0.1ms
[2024-02-10T08:07:01.885+0000][8][gc,phases   ] GC(49)   Merge Heap Roots: 0.1ms
[2024-02-10T08:07:01.885+0000][8][gc,phases   ] GC(49)   Evacuate Collection Set: 1.4ms
[2024-02-10T08:07:01.885+0000][8][gc,phases   ] GC(49)   Post Evacuate Collection Set: 0.5ms
[2024-02-10T08:07:01.885+0000][8][gc,phases   ] GC(49)   Other: 0.4ms
[2024-02-10T08:07:01.885+0000][8][gc,heap     ] GC(49) Eden regions: 75->0(75)
[2024-02-10T08:07:01.885+0000][8][gc,heap     ] GC(49) Survivor regions: 1->1(10)
[2024-02-10T08:07:01.885+0000][8][gc,heap     ] GC(49) Old regions: 21->21
[2024-02-10T08:07:01.885+0000][8][gc,heap     ] GC(49) Archive regions: 2->2
[2024-02-10T08:07:01.885+0000][8][gc,heap     ] GC(49) Humongous regions: 2->2
[2024-02-10T08:07:01.885+0000][8][gc,metaspace] GC(49) Metaspace: 100058K(104348K)->100058K(104348K) NonClass: 86915K(90012K)->86915K(90012K) Class: 13143K(14336K)->13143K(14336K)
[2024-02-10T08:07:01.885+0000][8][gc          ] GC(49) Pause Young (Normal) (G1 Evacuation Pause) 394M->94M(512M) 2.485ms
[2024-02-10T08:07:01.885+0000][8][gc,cpu      ] GC(49) User=0.00s Sys=0.01s Real=0.00s
[2024-02-10T08:07:01.885+0000][8][safepoint   ] Safepoint "G1CollectForAllocation", Time since last: 4409682883230 ns, Reaching safepoint: 97260 ns, At safepoint: 2571195 ns, Total: 2668455 ns
[2024-02-10T08:25:23.949+0000][8][safepoint   ] Safepoint "Cleanup", Time since last: 1102063877277 ns, Reaching safepoint: 112597 ns, At safepoint: 3869 ns, Total: 116466 ns
[2024-02-10T11:51:18.645+0000][8][safepoint   ] Safepoint "Cleanup", Time since last: 12354695352347 ns, Reaching safepoint: 129133 ns, At safepoint: 4535 ns, Total: 133668 ns
[2024-02-10T11:51:32.079+0000][8][gc,start    ] GC(50) Pause Young (Normal) (G1 Evacuation Pause)
[2024-02-10T11:51:32.079+0000][8][gc,task     ] GC(50) Using 12 workers of 13 for evacuation
[2024-02-10T11:51:32.079+0000][8][gc,age      ] GC(50) Desired survivor size 20971520 bytes, new threshold 15 (max threshold 15)
[2024-02-10T11:51:32.082+0000][8][gc,age      ] GC(50) Age table with threshold 15 (max threshold 15)
[2024-02-10T11:51:32.082+0000][8][gc,age      ] GC(50) - age   1:      59088 bytes,      59088 total
[2024-02-10T11:51:32.082+0000][8][gc,age      ] GC(50) - age   2:      29392 bytes,      88480 total
[2024-02-10T11:51:32.082+0000][8][gc,age      ] GC(50) - age   3:      32984 bytes,     121464 total
[2024-02-10T11:51:32.082+0000][8][gc,age      ] GC(50) - age   4:     749536 bytes,     871000 total
[2024-02-10T11:51:32.082+0000][8][gc,age      ] GC(50) - age   5:       3888 bytes,     874888 total
[2024-02-10T11:51:32.082+0000][8][gc,age      ] GC(50) - age   6:        704 bytes,     875592 total
[2024-02-10T11:51:32.082+0000][8][gc,age      ] GC(50) - age   7:       1440 bytes,     877032 total
[2024-02-10T11:51:32.082+0000][8][gc,age      ] GC(50) - age   8:        712 bytes,     877744 total
[2024-02-10T11:51:32.082+0000][8][gc,age      ] GC(50) - age   9:      34152 bytes,     911896 total
[2024-02-10T11:51:32.082+0000][8][gc,age      ] GC(50) - age  10:        208 bytes,     912104 total
[2024-02-10T11:51:32.082+0000][8][gc,age      ] GC(50) - age  11:      11376 bytes,     923480 total
[2024-02-10T11:51:32.082+0000][8][gc,age      ] GC(50) - age  12:      46200 bytes,     969680 total
[2024-02-10T11:51:32.082+0000][8][gc,age      ] GC(50) - age  13:       1528 bytes,     971208 total
[2024-02-10T11:51:32.082+0000][8][gc,age      ] GC(50) - age  14:      48456 bytes,    1019664 total
[2024-02-10T11:51:32.082+0000][8][gc,age      ] GC(50) - age  15:       2856 bytes,    1022520 total
[2024-02-10T11:51:32.082+0000][8][gc,phases   ] GC(50)   Pre Evacuate Collection Set: 0.2ms
[2024-02-10T11:51:32.082+0000][8][gc,phases   ] GC(50)   Merge Heap Roots: 0.1ms
[2024-02-10T11:51:32.082+0000][8][gc,phases   ] GC(50)   Evacuate Collection Set: 1.8ms
[2024-02-10T11:51:32.082+0000][8][gc,phases   ] GC(50)   Post Evacuate Collection Set: 0.5ms
[2024-02-10T11:51:32.082+0000][8][gc,phases   ] GC(50)   Other: 0.4ms
[2024-02-10T11:51:32.082+0000][8][gc,heap     ] GC(50) Eden regions: 75->0(75)
[2024-02-10T11:51:32.082+0000][8][gc,heap     ] GC(50) Survivor regions: 1->1(10)
[2024-02-10T11:51:32.082+0000][8][gc,heap     ] GC(50) Old regions: 21->21
[2024-02-10T11:51:32.082+0000][8][gc,heap     ] GC(50) Archive regions: 2->2
[2024-02-10T11:51:32.082+0000][8][gc,heap     ] GC(50) Humongous regions: 2->2
[2024-02-10T11:51:32.082+0000][8][gc,metaspace] GC(50) Metaspace: 100065K(104348K)->100065K(104348K) NonClass: 86922K(90012K)->86922K(90012K) Class: 13143K(14336K)->13143K(14336K)
[2024-02-10T11:51:32.082+0000][8][gc          ] GC(50) Pause Young (Normal) (G1 Evacuation Pause) 394M->94M(512M) 2.992ms
[2024-02-10T11:51:32.082+0000][8][gc,cpu      ] GC(50) User=0.01s Sys=0.00s Real=0.00s
[2024-02-10T11:51:32.082+0000][8][safepoint   ] Safepoint "G1CollectForAllocation", Time since last: 13434729336 ns, Reaching safepoint: 82890 ns, At safepoint: 3076249 ns, Total: 3159139 ns
[2024-02-10T12:25:53.193+0000][8][safepoint   ] Safepoint "Cleanup", Time since last: 2061110017275 ns, Reaching safepoint: 136656 ns, At safepoint: 6222 ns, Total: 142878 ns
[2024-02-10T12:49:46.265+0000][8][safepoint   ] Safepoint "Cleanup", Time since last: 1433072193257 ns, Reaching safepoint: 109104 ns, At safepoint: 3600 ns, Total: 112704 ns
[2024-02-10T13:48:57.470+0000][8][safepoint   ] Safepoint "Cleanup", Time since last: 3551204604066 ns, Reaching safepoint: 114140 ns, At safepoint: 11142 ns, Total: 125282 ns
[2024-02-10T14:23:49.590+0000][8][safepoint   ] Safepoint "Cleanup", Time since last: 2092120084868 ns, Reaching safepoint: 94651 ns, At safepoint: 3771 ns, Total: 98422 ns
[2024-02-10T14:33:39.624+0000][8][safepoint   ] Safepoint "Cleanup", Time since last: 590034100827 ns, Reaching safepoint: 133635 ns, At safepoint: 4059 ns, Total: 137694 ns
[2024-02-10T14:50:55.684+0000][8][safepoint   ] Safepoint "Cleanup", Time since last: 1036059647305 ns, Reaching safepoint: 98146 ns, At safepoint: 4780 ns, Total: 102926 ns
[2024-02-10T15:33:23.507+0000][8][gc,start    ] GC(51) Pause Young (Normal) (G1 Evacuation Pause)
[2024-02-10T15:33:23.507+0000][8][gc,task     ] GC(51) Using 12 workers of 13 for evacuation
[2024-02-10T15:33:23.508+0000][8][gc,age      ] GC(51) Desired survivor size 20971520 bytes, new threshold 15 (max threshold 15)
[2024-02-10T15:33:23.509+0000][8][gc,age      ] GC(51) Age table with threshold 15 (max threshold 15)
[2024-02-10T15:33:23.510+0000][8][gc,age      ] GC(51) - age   1:     235480 bytes,     235480 total
[2024-02-10T15:33:23.510+0000][8][gc,age      ] GC(51) - age   2:      50552 bytes,     286032 total
[2024-02-10T15:33:23.510+0000][8][gc,age      ] GC(51) - age   3:      20600 bytes,     306632 total
[2024-02-10T15:33:23.510+0000][8][gc,age      ] GC(51) - age   4:      32784 bytes,     339416 total
[2024-02-10T15:33:23.510+0000][8][gc,age      ] GC(51) - age   5:     749336 bytes,    1088752 total
[2024-02-10T15:33:23.510+0000][8][gc,age      ] GC(51) - age   6:       2704 bytes,    1091456 total
[2024-02-10T15:33:23.510+0000][8][gc,age      ] GC(51) - age   7:        664 bytes,    1092120 total
[2024-02-10T15:33:23.510+0000][8][gc,age      ] GC(51) - age   8:       1400 bytes,    1093520 total
[2024-02-10T15:33:23.510+0000][8][gc,age      ] GC(51) - age   9:        712 bytes,    1094232 total
[2024-02-10T15:33:23.510+0000][8][gc,age      ] GC(51) - age  10:      34152 bytes,    1128384 total
[2024-02-10T15:33:23.510+0000][8][gc,age      ] GC(51) - age  11:        208 bytes,    1128592 total
[2024-02-10T15:33:23.510+0000][8][gc,age      ] GC(51) - age  12:      11216 bytes,    1139808 total
[2024-02-10T15:33:23.510+0000][8][gc,age      ] GC(51) - age  13:      46200 bytes,    1186008 total
[2024-02-10T15:33:23.510+0000][8][gc,age      ] GC(51) - age  14:       1528 bytes,    1187536 total
[2024-02-10T15:33:23.510+0000][8][gc,age      ] GC(51) - age  15:      48456 bytes,    1235992 total
[2024-02-10T15:33:23.510+0000][8][gc,phases   ] GC(51)   Pre Evacuate Collection Set: 0.2ms
[2024-02-10T15:33:23.510+0000][8][gc,phases   ] GC(51)   Merge Heap Roots: 0.1ms
[2024-02-10T15:33:23.510+0000][8][gc,phases   ] GC(51)   Evacuate Collection Set: 1.1ms
[2024-02-10T15:33:23.510+0000][8][gc,phases   ] GC(51)   Post Evacuate Collection Set: 0.5ms
[2024-02-10T15:33:23.510+0000][8][gc,phases   ] GC(51)   Other: 0.4ms
[2024-02-10T15:33:23.510+0000][8][gc,heap     ] GC(51) Eden regions: 75->0(75)
[2024-02-10T15:33:23.510+0000][8][gc,heap     ] GC(51) Survivor regions: 1->1(10)
[2024-02-10T15:33:23.510+0000][8][gc,heap     ] GC(51) Old regions: 21->21
[2024-02-10T15:33:23.510+0000][8][gc,heap     ] GC(51) Archive regions: 2->2
[2024-02-10T15:33:23.510+0000][8][gc,heap     ] GC(51) Humongous regions: 2->2
[2024-02-10T15:33:23.510+0000][8][gc,metaspace] GC(51) Metaspace: 100077K(104348K)->100077K(104348K) NonClass: 86934K(90012K)->86934K(90012K) Class: 13143K(14336K)->13143K(14336K)
[2024-02-10T15:33:23.510+0000][8][gc          ] GC(51) Pause Young (Normal) (G1 Evacuation Pause) 394M->94M(512M) 2.391ms
[2024-02-10T15:33:23.510+0000][8][gc,cpu      ] GC(51) User=0.00s Sys=0.00s Real=0.00s
[2024-02-10T15:33:23.510+0000][8][safepoint   ] Safepoint "G1CollectForAllocation", Time since last: 2547823471307 ns, Reaching safepoint: 124648 ns, At safepoint: 2474083 ns, Total: 2598731 ns
[2024-02-10T17:01:12.818+0000][8][safepoint   ] Safepoint "Cleanup", Time since last: 5269308201947 ns, Reaching safepoint: 107775 ns, At safepoint: 3581 ns, Total: 111356 ns
[2024-02-10T17:01:34.820+0000][8][safepoint   ] Safepoint "Cleanup", Time since last: 22001354031 ns, Reaching safepoint: 138932 ns, At safepoint: 3775 ns, Total: 142707 ns
[2024-02-10T17:02:31.823+0000][8][safepoint   ] Safepoint "Cleanup", Time since last: 57003366794 ns, Reaching safepoint: 112302 ns, At safepoint: 3717 ns, Total: 116019 ns
[2024-02-10T17:03:15.741+0000][8][gc,heap,exit] Heap
[2024-02-10T17:03:15.741+0000][8][gc,heap,exit]  garbage-first heap   total 524288K, used 232248K [0x00000000e0000000, 0x0000000100000000)
[2024-02-10T17:03:15.741+0000][8][gc,heap,exit]   region size 4096K, 35 young (143360K), 1 survivors (4096K)
[2024-02-10T17:03:15.741+0000][8][gc,heap,exit]  Metaspace       used 100222K, capacity 103789K, committed 104604K, reserved 1140736K
[2024-02-10T17:03:15.741+0000][8][gc,heap,exit]   class space    used 13173K, capacity 14303K, committed 14336K, reserved 1048576K
