[2024-02-13T02:51:07.160+0000][6][gc] Using G1
[2024-02-13T02:51:07.367+0000][6][gc,init] Version: 15.0.1+9 (release)
[2024-02-13T02:51:07.367+0000][6][gc,init] CPUs: 16 total, 16 available
[2024-02-13T02:51:07.367+0000][6][gc,init] Memory: 63240M
[2024-02-13T02:51:07.367+0000][6][gc,init] Large Page Support: Disabled
[2024-02-13T02:51:07.367+0000][6][gc,init] NUMA Support: Disabled
[2024-02-13T02:51:07.367+0000][6][gc,init] Compressed Oops: Enabled (32-bit)
[2024-02-13T02:51:07.367+0000][6][gc,init] Heap Region Size: 4M
[2024-02-13T02:51:07.367+0000][6][gc,init] Heap Min Capacity: 512M
[2024-02-13T02:51:07.367+0000][6][gc,init] Heap Initial Capacity: 512M
[2024-02-13T02:51:07.367+0000][6][gc,init] Heap Max Capacity: 512M
[2024-02-13T02:51:07.367+0000][6][gc,init] Pre-touch: Enabled
[2024-02-13T02:51:07.367+0000][6][gc,init] Parallel Workers: 13
[2024-02-13T02:51:07.367+0000][6][gc,init] Concurrent Workers: 3
[2024-02-13T02:51:07.367+0000][6][gc,init] Concurrent Refinement Workers: 13
[2024-02-13T02:51:07.367+0000][6][gc,init] Periodic GC: Disabled
[2024-02-13T02:51:07.367+0000][6][gc,cds ] Mark closed archive regions in map: [0x00000000ffc00000, 0x00000000ffc7bff8]
[2024-02-13T02:51:07.367+0000][6][gc,cds ] Mark open archive regions in map: [0x00000000ffb00000, 0x00000000ffb51ff8]
[2024-02-13T02:51:07.367+0000][6][gc,metaspace] CDS archive(s) mapped at: [0x0000000800000000-0x0000000800b2a000-0x0000000800b2a000), size 11706368, SharedBaseAddress: 0x0000000800000000, ArchiveRelocationMode: 0.
[2024-02-13T02:51:07.367+0000][6][gc,metaspace] Compressed class space mapped at: 0x0000000800b2c000-0x0000000840b2c000, size: 1073741824
[2024-02-13T02:51:07.367+0000][6][gc,metaspace] Narrow klass base: 0x0000000800000000, Narrow klass shift: 3, Narrow klass range: 0x100000000
[2024-02-13T02:51:07.608+0000][6][safepoint   ] Safepoint "ICBufferFull", Time since last: 232463770 ns, Reaching safepoint: 110220 ns, At safepoint: 5210 ns, Total: 115430 ns
[2024-02-13T02:51:07.775+0000][6][gc,start    ] GC(0) Pause Young (Normal) (G1 Evacuation Pause)
[2024-02-13T02:51:07.776+0000][6][gc,task     ] GC(0) Using 12 workers of 13 for evacuation
[2024-02-13T02:51:07.776+0000][6][gc,age      ] GC(0) Desired survivor size 2097152 bytes, new threshold 15 (max threshold 15)
[2024-02-13T02:51:07.779+0000][6][gc,age      ] GC(0) Age table with threshold 15 (max threshold 15)
[2024-02-13T02:51:07.779+0000][6][gc,age      ] GC(0) - age   1:    4167816 bytes,    4167816 total
[2024-02-13T02:51:07.779+0000][6][gc,phases   ] GC(0)   Pre Evacuate Collection Set: 0.1ms
[2024-02-13T02:51:07.779+0000][6][gc,phases   ] GC(0)   Merge Heap Roots: 0.1ms
[2024-02-13T02:51:07.779+0000][6][gc,phases   ] GC(0)   Evacuate Collection Set: 2.3ms
[2024-02-13T02:51:07.779+0000][6][gc,phases   ] GC(0)   Post Evacuate Collection Set: 0.3ms
[2024-02-13T02:51:07.779+0000][6][gc,phases   ] GC(0)   Other: 1.1ms
[2024-02-13T02:51:07.779+0000][6][gc,heap     ] GC(0) Eden regions: 6->0(6)
[2024-02-13T02:51:07.779+0000][6][gc,heap     ] GC(0) Survivor regions: 0->1(1)
[2024-02-13T02:51:07.779+0000][6][gc,heap     ] GC(0) Old regions: 0->1
[2024-02-13T02:51:07.779+0000][6][gc,heap     ] GC(0) Archive regions: 2->2
[2024-02-13T02:51:07.779+0000][6][gc,heap     ] GC(0) Humongous regions: 0->0
[2024-02-13T02:51:07.779+0000][6][gc,metaspace] GC(0) Metaspace: 8156K(9216K)->8156K(9216K) NonClass: 7253K(8192K)->7253K(8192K) Class: 903K(1024K)->903K(1024K)
[2024-02-13T02:51:07.779+0000][6][gc          ] GC(0) Pause Young (Normal) (G1 Evacuation Pause) 27M->7M(512M) 3.905ms
[2024-02-13T02:51:07.779+0000][6][gc,cpu      ] GC(0) User=0.02s Sys=0.00s Real=0.01s
[2024-02-13T02:51:07.779+0000][6][safepoint   ] Safepoint "G1CollectForAllocation", Time since last: 167238145 ns, Reaching safepoint: 95049 ns, At safepoint: 3994337 ns, Total: 4089386 ns
[2024-02-13T02:51:08.238+0000][6][gc,start    ] GC(1) Pause Young (Normal) (G1 Evacuation Pause)
[2024-02-13T02:51:08.238+0000][6][gc,task     ] GC(1) Using 12 workers of 13 for evacuation
[2024-02-13T02:51:08.238+0000][6][gc,age      ] GC(1) Desired survivor size 2097152 bytes, new threshold 1 (max threshold 15)
[2024-02-13T02:51:08.241+0000][6][gc,age      ] GC(1) Age table with threshold 1 (max threshold 15)
[2024-02-13T02:51:08.241+0000][6][gc,age      ] GC(1) - age   1:    2024232 bytes,    2024232 total
[2024-02-13T02:51:08.242+0000][6][gc,phases   ] GC(1)   Pre Evacuate Collection Set: 0.1ms
[2024-02-13T02:51:08.242+0000][6][gc,phases   ] GC(1)   Merge Heap Roots: 0.0ms
[2024-02-13T02:51:08.242+0000][6][gc,phases   ] GC(1)   Evacuate Collection Set: 2.7ms
[2024-02-13T02:51:08.242+0000][6][gc,phases   ] GC(1)   Post Evacuate Collection Set: 0.3ms
[2024-02-13T02:51:08.242+0000][6][gc,phases   ] GC(1)   Other: 0.2ms
[2024-02-13T02:51:08.242+0000][6][gc,heap     ] GC(1) Eden regions: 6->0(13)
[2024-02-13T02:51:08.242+0000][6][gc,heap     ] GC(1) Survivor regions: 1->1(1)
[2024-02-13T02:51:08.242+0000][6][gc,heap     ] GC(1) Old regions: 1->2
[2024-02-13T02:51:08.242+0000][6][gc,heap     ] GC(1) Archive regions: 2->2
[2024-02-13T02:51:08.242+0000][6][gc,heap     ] GC(1) Humongous regions: 0->0
[2024-02-13T02:51:08.242+0000][6][gc,metaspace] GC(1) Metaspace: 12355K(12928K)->12355K(12928K) NonClass: 10903K(11264K)->10903K(11264K) Class: 1452K(1664K)->1452K(1664K)
[2024-02-13T02:51:08.242+0000][6][gc          ] GC(1) Pause Young (Normal) (G1 Evacuation Pause) 31M->9M(512M) 3.388ms
[2024-02-13T02:51:08.242+0000][6][gc,cpu      ] GC(1) User=0.01s Sys=0.00s Real=0.00s
[2024-02-13T02:51:08.242+0000][6][safepoint   ] Safepoint "G1CollectForAllocation", Time since last: 458782406 ns, Reaching safepoint: 121860 ns, At safepoint: 3445426 ns, Total: 3567286 ns
[2024-02-13T02:51:08.636+0000][6][safepoint   ] Safepoint "ICBufferFull", Time since last: 393753260 ns, Reaching safepoint: 137011 ns, At safepoint: 6487 ns, Total: 143498 ns
[2024-02-13T02:51:08.680+0000][6][gc,start    ] GC(2) Pause Young (Normal) (G1 Evacuation Pause)
[2024-02-13T02:51:08.680+0000][6][gc,task     ] GC(2) Using 12 workers of 13 for evacuation
[2024-02-13T02:51:08.680+0000][6][gc,age      ] GC(2) Desired survivor size 4194304 bytes, new threshold 15 (max threshold 15)
[2024-02-13T02:51:08.683+0000][6][gc,age      ] GC(2) Age table with threshold 15 (max threshold 15)
[2024-02-13T02:51:08.683+0000][6][gc,age      ] GC(2) - age   1:    1282440 bytes,    1282440 total
[2024-02-13T02:51:08.683+0000][6][gc,age      ] GC(2) - age   2:    1999784 bytes,    3282224 total
[2024-02-13T02:51:08.683+0000][6][gc,phases   ] GC(2)   Pre Evacuate Collection Set: 0.1ms
[2024-02-13T02:51:08.683+0000][6][gc,phases   ] GC(2)   Merge Heap Roots: 0.1ms
[2024-02-13T02:51:08.683+0000][6][gc,phases   ] GC(2)   Evacuate Collection Set: 2.5ms
[2024-02-13T02:51:08.683+0000][6][gc,phases   ] GC(2)   Post Evacuate Collection Set: 0.3ms
[2024-02-13T02:51:08.683+0000][6][gc,phases   ] GC(2)   Other: 0.2ms
[2024-02-13T02:51:08.683+0000][6][gc,heap     ] GC(2) Eden regions: 13->0(63)
[2024-02-13T02:51:08.684+0000][6][gc,heap     ] GC(2) Survivor regions: 1->1(2)
[2024-02-13T02:51:08.684+0000][6][gc,heap     ] GC(2) Old regions: 2->2
[2024-02-13T02:51:08.684+0000][6][gc,heap     ] GC(2) Archive regions: 2->2
[2024-02-13T02:51:08.684+0000][6][gc,heap     ] GC(2) Humongous regions: 0->0
[2024-02-13T02:51:08.684+0000][6][gc,metaspace] GC(2) Metaspace: 14939K(15360K)->14939K(15360K) NonClass: 13244K(13568K)->13244K(13568K) Class: 1694K(1792K)->1694K(1792K)
[2024-02-13T02:51:08.684+0000][6][gc          ] GC(2) Pause Young (Normal) (G1 Evacuation Pause) 61M->11M(512M) 3.265ms
[2024-02-13T02:51:08.684+0000][6][gc,cpu      ] GC(2) User=0.02s Sys=0.00s Real=0.00s
[2024-02-13T02:51:08.684+0000][6][safepoint   ] Safepoint "G1CollectForAllocation", Time since last: 44654535 ns, Reaching safepoint: 90401 ns, At safepoint: 3345827 ns, Total: 3436228 ns
[2024-02-13T02:51:08.749+0000][6][safepoint   ] Safepoint "ICBufferFull", Time since last: 65175939 ns, Reaching safepoint: 54773 ns, At safepoint: 3734 ns, Total: 58507 ns
[2024-02-13T02:51:08.753+0000][6][safepoint   ] Safepoint "ICBufferFull", Time since last: 3653383 ns, Reaching safepoint: 46396 ns, At safepoint: 3915 ns, Total: 50311 ns
[2024-02-13T02:51:08.755+0000][6][safepoint   ] Safepoint "ICBufferFull", Time since last: 2634778 ns, Reaching safepoint: 34040 ns, At safepoint: 3446 ns, Total: 37486 ns
[2024-02-13T02:51:08.757+0000][6][safepoint   ] Safepoint "ICBufferFull", Time since last: 1870909 ns, Reaching safepoint: 36760 ns, At safepoint: 4262 ns, Total: 41022 ns
[2024-02-13T02:51:08.760+0000][6][safepoint   ] Safepoint "ICBufferFull", Time since last: 2953578 ns, Reaching safepoint: 38549 ns, At safepoint: 4024 ns, Total: 42573 ns
[2024-02-13T02:51:08.763+0000][6][safepoint   ] Safepoint "ICBufferFull", Time since last: 2714022 ns, Reaching safepoint: 54698 ns, At safepoint: 3831 ns, Total: 58529 ns
[2024-02-13T02:51:08.765+0000][6][safepoint   ] Safepoint "ICBufferFull", Time since last: 2001852 ns, Reaching safepoint: 33313 ns, At safepoint: 3153 ns, Total: 36466 ns
[2024-02-13T02:51:08.767+0000][6][safepoint   ] Safepoint "ICBufferFull", Time since last: 1930264 ns, Reaching safepoint: 31483 ns, At safepoint: 3000 ns, Total: 34483 ns
[2024-02-13T02:51:08.769+0000][6][safepoint   ] Safepoint "ICBufferFull", Time since last: 2111744 ns, Reaching safepoint: 31453 ns, At safepoint: 4164 ns, Total: 35617 ns
[2024-02-13T02:51:08.772+0000][6][safepoint   ] Safepoint "ICBufferFull", Time since last: 3037343 ns, Reaching safepoint: 34274 ns, At safepoint: 4405 ns, Total: 38679 ns
[2024-02-13T02:51:08.774+0000][6][safepoint   ] Safepoint "ICBufferFull", Time since last: 2031831 ns, Reaching safepoint: 30940 ns, At safepoint: 4055 ns, Total: 34995 ns
[2024-02-13T02:51:08.776+0000][6][safepoint   ] Safepoint "ICBufferFull", Time since last: 2151533 ns, Reaching safepoint: 34137 ns, At safepoint: 4223 ns, Total: 38360 ns
[2024-02-13T02:51:08.779+0000][6][safepoint   ] Safepoint "ICBufferFull", Time since last: 2870567 ns, Reaching safepoint: 46854 ns, At safepoint: 4087 ns, Total: 50941 ns
[2024-02-13T02:51:08.782+0000][6][safepoint   ] Safepoint "ICBufferFull", Time since last: 2387928 ns, Reaching safepoint: 30967 ns, At safepoint: 3422 ns, Total: 34389 ns
[2024-02-13T02:51:08.800+0000][6][safepoint   ] Safepoint "ICBufferFull", Time since last: 18149682 ns, Reaching safepoint: 53623 ns, At safepoint: 3644 ns, Total: 57267 ns
[2024-02-13T02:51:08.952+0000][6][safepoint   ] Safepoint "ICBufferFull", Time since last: 151509415 ns, Reaching safepoint: 192207 ns, At safepoint: 6691 ns, Total: 198898 ns
[2024-02-13T02:51:09.108+0000][6][gc,start    ] GC(3) Pause Young (Normal) (G1 Evacuation Pause)
[2024-02-13T02:51:09.108+0000][6][gc,task     ] GC(3) Using 12 workers of 13 for evacuation
[2024-02-13T02:51:09.108+0000][6][gc,age      ] GC(3) Desired survivor size 16777216 bytes, new threshold 15 (max threshold 15)
[2024-02-13T02:51:09.111+0000][6][gc,age      ] GC(3) Age table with threshold 15 (max threshold 15)
[2024-02-13T02:51:09.111+0000][6][gc,age      ] GC(3) - age   1:    5973808 bytes,    5973808 total
[2024-02-13T02:51:09.111+0000][6][gc,age      ] GC(3) - age   2:    1256792 bytes,    7230600 total
[2024-02-13T02:51:09.111+0000][6][gc,age      ] GC(3) - age   3:    1985248 bytes,    9215848 total
[2024-02-13T02:51:09.111+0000][6][gc,phases   ] GC(3)   Pre Evacuate Collection Set: 0.1ms
[2024-02-13T02:51:09.111+0000][6][gc,phases   ] GC(3)   Merge Heap Roots: 0.1ms
[2024-02-13T02:51:09.111+0000][6][gc,phases   ] GC(3)   Evacuate Collection Set: 2.5ms
[2024-02-13T02:51:09.111+0000][6][gc,phases   ] GC(3)   Post Evacuate Collection Set: 0.4ms
[2024-02-13T02:51:09.111+0000][6][gc,phases   ] GC(3)   Other: 0.2ms
[2024-02-13T02:51:09.111+0000][6][gc,heap     ] GC(3) Eden regions: 63->0(73)
[2024-02-13T02:51:09.111+0000][6][gc,heap     ] GC(3) Survivor regions: 1->3(8)
[2024-02-13T02:51:09.111+0000][6][gc,heap     ] GC(3) Old regions: 2->2
[2024-02-13T02:51:09.111+0000][6][gc,heap     ] GC(3) Archive regions: 2->2
[2024-02-13T02:51:09.111+0000][6][gc,heap     ] GC(3) Humongous regions: 0->0
[2024-02-13T02:51:09.111+0000][6][gc,metaspace] GC(3) Metaspace: 18520K(19328K)->18520K(19328K) NonClass: 16337K(16896K)->16337K(16896K) Class: 2182K(2432K)->2182K(2432K)
[2024-02-13T02:51:09.111+0000][6][gc          ] GC(3) Pause Young (Normal) (G1 Evacuation Pause) 263M->16M(512M) 3.303ms
[2024-02-13T02:51:09.111+0000][6][gc,cpu      ] GC(3) User=0.03s Sys=0.00s Real=0.00s
[2024-02-13T02:51:09.111+0000][6][safepoint   ] Safepoint "G1CollectForAllocation", Time since last: 156204593 ns, Reaching safepoint: 84711 ns, At safepoint: 3378417 ns, Total: 3463128 ns
[2024-02-13T02:51:09.374+0000][6][gc,start    ] GC(4) Pause Young (Normal) (G1 Evacuation Pause)
[2024-02-13T02:51:09.374+0000][6][gc,task     ] GC(4) Using 12 workers of 13 for evacuation
[2024-02-13T02:51:09.374+0000][6][gc,age      ] GC(4) Desired survivor size 20971520 bytes, new threshold 15 (max threshold 15)
[2024-02-13T02:51:09.377+0000][6][gc,age      ] GC(4) Age table with threshold 15 (max threshold 15)
[2024-02-13T02:51:09.377+0000][6][gc,age      ] GC(4) - age   1:    2330776 bytes,    2330776 total
[2024-02-13T02:51:09.377+0000][6][gc,age      ] GC(4) - age   2:    4375616 bytes,    6706392 total
[2024-02-13T02:51:09.377+0000][6][gc,age      ] GC(4) - age   3:    1256792 bytes,    7963184 total
[2024-02-13T02:51:09.377+0000][6][gc,age      ] GC(4) - age   4:    1985248 bytes,    9948432 total
[2024-02-13T02:51:09.377+0000][6][gc,phases   ] GC(4)   Pre Evacuate Collection Set: 0.2ms
[2024-02-13T02:51:09.377+0000][6][gc,phases   ] GC(4)   Merge Heap Roots: 0.1ms
[2024-02-13T02:51:09.377+0000][6][gc,phases   ] GC(4)   Evacuate Collection Set: 2.0ms
[2024-02-13T02:51:09.377+0000][6][gc,phases   ] GC(4)   Post Evacuate Collection Set: 0.4ms
[2024-02-13T02:51:09.377+0000][6][gc,phases   ] GC(4)   Other: 0.2ms
[2024-02-13T02:51:09.377+0000][6][gc,heap     ] GC(4) Eden regions: 73->0(73)
[2024-02-13T02:51:09.377+0000][6][gc,heap     ] GC(4) Survivor regions: 3->3(10)
[2024-02-13T02:51:09.377+0000][6][gc,heap     ] GC(4) Old regions: 2->2
[2024-02-13T02:51:09.377+0000][6][gc,heap     ] GC(4) Archive regions: 2->2
[2024-02-13T02:51:09.377+0000][6][gc,heap     ] GC(4) Humongous regions: 0->0
[2024-02-13T02:51:09.377+0000][6][gc,metaspace] GC(4) Metaspace: 19215K(20224K)->19215K(20224K) NonClass: 16937K(17664K)->16937K(17664K) Class: 2277K(2560K)->2277K(2560K)
[2024-02-13T02:51:09.377+0000][6][gc          ] GC(4) Pause Young (Normal) (G1 Evacuation Pause) 308M->17M(512M) 2.949ms
[2024-02-13T02:51:09.377+0000][6][gc,cpu      ] GC(4) User=0.03s Sys=0.00s Real=0.01s
[2024-02-13T02:51:09.377+0000][6][safepoint   ] Safepoint "G1CollectForAllocation", Time since last: 262742818 ns, Reaching safepoint: 68272 ns, At safepoint: 3010554 ns, Total: 3078826 ns
[2024-02-13T02:51:09.602+0000][6][gc,start    ] GC(5) Pause Young (Normal) (G1 Evacuation Pause)
[2024-02-13T02:51:09.602+0000][6][gc,task     ] GC(5) Using 12 workers of 13 for evacuation
[2024-02-13T02:51:09.602+0000][6][gc,age      ] GC(5) Desired survivor size 20971520 bytes, new threshold 15 (max threshold 15)
[2024-02-13T02:51:09.605+0000][6][gc,age      ] GC(5) Age table with threshold 15 (max threshold 15)
[2024-02-13T02:51:09.605+0000][6][gc,age      ] GC(5) - age   1:    1996688 bytes,    1996688 total
[2024-02-13T02:51:09.605+0000][6][gc,age      ] GC(5) - age   2:    1809856 bytes,    3806544 total
[2024-02-13T02:51:09.605+0000][6][gc,age      ] GC(5) - age   3:    4371600 bytes,    8178144 total
[2024-02-13T02:51:09.605+0000][6][gc,age      ] GC(5) - age   4:    1256792 bytes,    9434936 total
[2024-02-13T02:51:09.605+0000][6][gc,age      ] GC(5) - age   5:    1985248 bytes,   11420184 total
[2024-02-13T02:51:09.605+0000][6][gc,phases   ] GC(5)   Pre Evacuate Collection Set: 0.1ms
[2024-02-13T02:51:09.605+0000][6][gc,phases   ] GC(5)   Merge Heap Roots: 0.1ms
[2024-02-13T02:51:09.605+0000][6][gc,phases   ] GC(5)   Evacuate Collection Set: 2.1ms
[2024-02-13T02:51:09.605+0000][6][gc,phases   ] GC(5)   Post Evacuate Collection Set: 0.4ms
[2024-02-13T02:51:09.605+0000][6][gc,phases   ] GC(5)   Other: 0.3ms
[2024-02-13T02:51:09.605+0000][6][gc,heap     ] GC(5) Eden regions: 73->0(73)
[2024-02-13T02:51:09.605+0000][6][gc,heap     ] GC(5) Survivor regions: 3->3(10)
[2024-02-13T02:51:09.605+0000][6][gc,heap     ] GC(5) Old regions: 2->2
[2024-02-13T02:51:09.605+0000][6][gc,heap     ] GC(5) Archive regions: 2->2
[2024-02-13T02:51:09.605+0000][6][gc,heap     ] GC(5) Humongous regions: 0->0
[2024-02-13T02:51:09.605+0000][6][gc,metaspace] GC(5) Metaspace: 19568K(20736K)->19568K(20736K) NonClass: 17234K(18176K)->17234K(18176K) Class: 2334K(2560K)->2334K(2560K)
[2024-02-13T02:51:09.605+0000][6][gc          ] GC(5) Pause Young (Normal) (G1 Evacuation Pause) 309M->19M(512M) 2.980ms
[2024-02-13T02:51:09.605+0000][6][gc,cpu      ] GC(5) User=0.02s Sys=0.00s Real=0.00s
[2024-02-13T02:51:09.605+0000][6][safepoint   ] Safepoint "G1CollectForAllocation", Time since last: 224824066 ns, Reaching safepoint: 53166 ns, At safepoint: 3038922 ns, Total: 3092088 ns
[2024-02-13T02:51:09.817+0000][6][gc,start    ] GC(6) Pause Young (Normal) (G1 Evacuation Pause)
[2024-02-13T02:51:09.818+0000][6][gc,task     ] GC(6) Using 12 workers of 13 for evacuation
[2024-02-13T02:51:09.818+0000][6][gc,age      ] GC(6) Desired survivor size 20971520 bytes, new threshold 15 (max threshold 15)
[2024-02-13T02:51:09.822+0000][6][gc,age      ] GC(6) Age table with threshold 15 (max threshold 15)
[2024-02-13T02:51:09.822+0000][6][gc,age      ] GC(6) - age   1:     944264 bytes,     944264 total
[2024-02-13T02:51:09.822+0000][6][gc,age      ] GC(6) - age   2:    1474400 bytes,    2418664 total
[2024-02-13T02:51:09.822+0000][6][gc,age      ] GC(6) - age   3:    1809184 bytes,    4227848 total
[2024-02-13T02:51:09.822+0000][6][gc,age      ] GC(6) - age   4:    4371184 bytes,    8599032 total
[2024-02-13T02:51:09.822+0000][6][gc,age      ] GC(6) - age   5:    1256792 bytes,    9855824 total
[2024-02-13T02:51:09.822+0000][6][gc,age      ] GC(6) - age   6:    1985248 bytes,   11841072 total
[2024-02-13T02:51:09.822+0000][6][gc,phases   ] GC(6)   Pre Evacuate Collection Set: 0.1ms
[2024-02-13T02:51:09.822+0000][6][gc,phases   ] GC(6)   Merge Heap Roots: 0.1ms
[2024-02-13T02:51:09.822+0000][6][gc,phases   ] GC(6)   Evacuate Collection Set: 4.0ms
[2024-02-13T02:51:09.822+0000][6][gc,phases   ] GC(6)   Post Evacuate Collection Set: 0.4ms
[2024-02-13T02:51:09.822+0000][6][gc,phases   ] GC(6)   Other: 0.2ms
[2024-02-13T02:51:09.822+0000][6][gc,heap     ] GC(6) Eden regions: 73->0(72)
[2024-02-13T02:51:09.822+0000][6][gc,heap     ] GC(6) Survivor regions: 3->4(10)
[2024-02-13T02:51:09.822+0000][6][gc,heap     ] GC(6) Old regions: 2->2
[2024-02-13T02:51:09.822+0000][6][gc,heap     ] GC(6) Archive regions: 2->2
[2024-02-13T02:51:09.822+0000][6][gc,heap     ] GC(6) Humongous regions: 0->0
[2024-02-13T02:51:09.822+0000][6][gc,metaspace] GC(6) Metaspace: 19809K(21120K)->19809K(21120K) NonClass: 17427K(18432K)->17427K(18432K) Class: 2381K(2688K)->2381K(2688K)
[2024-02-13T02:51:09.822+0000][6][gc          ] GC(6) Pause Young (Normal) (G1 Evacuation Pause) 311M->20M(512M) 4.898ms
[2024-02-13T02:51:09.822+0000][6][gc,cpu      ] GC(6) User=0.02s Sys=0.00s Real=0.00s
[2024-02-13T02:51:09.822+0000][6][safepoint   ] Safepoint "G1CollectForAllocation", Time since last: 212319700 ns, Reaching safepoint: 58941 ns, At safepoint: 4958049 ns, Total: 5016990 ns
[2024-02-13T02:51:09.963+0000][6][gc,start    ] GC(7) Pause Young (Concurrent Start) (Metadata GC Threshold)
[2024-02-13T02:51:09.963+0000][6][gc,task     ] GC(7) Using 12 workers of 13 for evacuation
[2024-02-13T02:51:09.963+0000][6][gc,age      ] GC(7) Desired survivor size 20971520 bytes, new threshold 15 (max threshold 15)
[2024-02-13T02:51:09.967+0000][6][gc,age      ] GC(7) Age table with threshold 15 (max threshold 15)
[2024-02-13T02:51:09.967+0000][6][gc,age      ] GC(7) - age   1:    1665520 bytes,    1665520 total
[2024-02-13T02:51:09.967+0000][6][gc,age      ] GC(7) - age   2:     617928 bytes,    2283448 total
[2024-02-13T02:51:09.967+0000][6][gc,age      ] GC(7) - age   3:    1474336 bytes,    3757784 total
[2024-02-13T02:51:09.967+0000][6][gc,age      ] GC(7) - age   4:    1808080 bytes,    5565864 total
[2024-02-13T02:51:09.967+0000][6][gc,age      ] GC(7) - age   5:    4370760 bytes,    9936624 total
[2024-02-13T02:51:09.967+0000][6][gc,age      ] GC(7) - age   6:    1256616 bytes,   11193240 total
[2024-02-13T02:51:09.967+0000][6][gc,age      ] GC(7) - age   7:    1985248 bytes,   13178488 total
[2024-02-13T02:51:09.967+0000][6][gc,phases   ] GC(7)   Pre Evacuate Collection Set: 0.1ms
[2024-02-13T02:51:09.967+0000][6][gc,phases   ] GC(7)   Merge Heap Roots: 0.0ms
[2024-02-13T02:51:09.967+0000][6][gc,phases   ] GC(7)   Evacuate Collection Set: 3.4ms
[2024-02-13T02:51:09.967+0000][6][gc,phases   ] GC(7)   Post Evacuate Collection Set: 0.4ms
[2024-02-13T02:51:09.967+0000][6][gc,phases   ] GC(7)   Other: 0.3ms
[2024-02-13T02:51:09.967+0000][6][gc,heap     ] GC(7) Eden regions: 44->0(72)
[2024-02-13T02:51:09.967+0000][6][gc,heap     ] GC(7) Survivor regions: 4->4(10)
[2024-02-13T02:51:09.967+0000][6][gc,heap     ] GC(7) Old regions: 2->2
[2024-02-13T02:51:09.967+0000][6][gc,heap     ] GC(7) Archive regions: 2->2
[2024-02-13T02:51:09.967+0000][6][gc,heap     ] GC(7) Humongous regions: 0->0
[2024-02-13T02:51:09.967+0000][6][gc,metaspace] GC(7) Metaspace: 20105K(21296K)->20105K(21296K) NonClass: 17675K(18608K)->17675K(18608K) Class: 2430K(2688K)->2430K(2688K)
[2024-02-13T02:51:09.967+0000][6][gc          ] GC(7) Pause Young (Concurrent Start) (Metadata GC Threshold) 196M->21M(512M) 4.291ms
[2024-02-13T02:51:09.967+0000][6][gc,cpu      ] GC(7) User=0.03s Sys=0.00s Real=0.01s
[2024-02-13T02:51:09.967+0000][6][safepoint   ] Safepoint "CollectForMetadataAllocation", Time since last: 140356000 ns, Reaching safepoint: 40843 ns, At safepoint: 4502192 ns, Total: 4543035 ns
[2024-02-13T02:51:09.967+0000][6][gc          ] GC(8) Concurrent Cycle
[2024-02-13T02:51:09.967+0000][6][gc,marking  ] GC(8) Concurrent Clear Claimed Marks
[2024-02-13T02:51:09.967+0000][6][gc,marking  ] GC(8) Concurrent Clear Claimed Marks 0.023ms
[2024-02-13T02:51:09.967+0000][6][gc,marking  ] GC(8) Concurrent Scan Root Regions
[2024-02-13T02:51:09.969+0000][6][gc,marking  ] GC(8) Concurrent Scan Root Regions 1.642ms
[2024-02-13T02:51:09.969+0000][6][gc,marking  ] GC(8) Concurrent Mark (2.815s)
[2024-02-13T02:51:09.969+0000][6][gc,marking  ] GC(8) Concurrent Mark From Roots
[2024-02-13T02:51:09.969+0000][6][gc,task     ] GC(8) Using 3 workers of 3 for marking
[2024-02-13T02:51:09.972+0000][6][gc,marking  ] GC(8) Concurrent Mark From Roots 3.301ms
[2024-02-13T02:51:09.972+0000][6][gc,marking  ] GC(8) Concurrent Preclean
[2024-02-13T02:51:09.973+0000][6][gc,marking  ] GC(8) Concurrent Preclean 0.202ms
[2024-02-13T02:51:09.973+0000][6][gc,marking  ] GC(8) Concurrent Mark (2.815s, 2.819s) 3.593ms
[2024-02-13T02:51:09.973+0000][6][gc,start    ] GC(8) Pause Remark
[2024-02-13T02:51:09.974+0000][6][gc          ] GC(8) Pause Remark 29M->29M(512M) 1.128ms
[2024-02-13T02:51:09.974+0000][6][gc,cpu      ] GC(8) User=0.00s Sys=0.00s Real=0.00s
[2024-02-13T02:51:09.974+0000][6][safepoint   ] Safepoint "G1Concurrent", Time since last: 5605571 ns, Reaching safepoint: 40260 ns, At safepoint: 1195397 ns, Total: 1235657 ns
[2024-02-13T02:51:09.974+0000][6][gc,marking  ] GC(8) Concurrent Rebuild Remembered Sets
[2024-02-13T02:51:09.976+0000][6][gc,marking  ] GC(8) Concurrent Rebuild Remembered Sets 1.715ms
[2024-02-13T02:51:09.976+0000][6][gc,start    ] GC(8) Pause Cleanup
[2024-02-13T02:51:09.977+0000][6][gc          ] GC(8) Pause Cleanup 31M->31M(512M) 0.091ms
[2024-02-13T02:51:09.977+0000][6][gc,cpu      ] GC(8) User=0.00s Sys=0.00s Real=0.01s
[2024-02-13T02:51:09.977+0000][6][safepoint   ] Safepoint "G1Concurrent", Time since last: 1915223 ns, Reaching safepoint: 419012 ns, At safepoint: 174401 ns, Total: 593413 ns
[2024-02-13T02:51:09.977+0000][6][gc,marking  ] GC(8) Concurrent Cleanup for Next Mark
[2024-02-13T02:51:09.977+0000][6][gc,marking  ] GC(8) Concurrent Cleanup for Next Mark 0.599ms
[2024-02-13T02:51:09.977+0000][6][gc          ] GC(8) Concurrent Cycle 9.969ms
[2024-02-13T02:51:10.169+0000][6][gc,start    ] GC(9) Pause Young (Normal) (G1 Evacuation Pause)
[2024-02-13T02:51:10.169+0000][6][gc,task     ] GC(9) Using 12 workers of 13 for evacuation
[2024-02-13T02:51:10.169+0000][6][gc,age      ] GC(9) Desired survivor size 20971520 bytes, new threshold 15 (max threshold 15)
[2024-02-13T02:51:10.173+0000][6][gc,age      ] GC(9) Age table with threshold 15 (max threshold 15)
[2024-02-13T02:51:10.173+0000][6][gc,age      ] GC(9) - age   1:    1033392 bytes,    1033392 total
[2024-02-13T02:51:10.173+0000][6][gc,age      ] GC(9) - age   2:    1644648 bytes,    2678040 total
[2024-02-13T02:51:10.173+0000][6][gc,age      ] GC(9) - age   3:     616656 bytes,    3294696 total
[2024-02-13T02:51:10.173+0000][6][gc,age      ] GC(9) - age   4:    1473792 bytes,    4768488 total
[2024-02-13T02:51:10.173+0000][6][gc,age      ] GC(9) - age   5:    1808080 bytes,    6576568 total
[2024-02-13T02:51:10.173+0000][6][gc,age      ] GC(9) - age   6:    4370760 bytes,   10947328 total
[2024-02-13T02:51:10.173+0000][6][gc,age      ] GC(9) - age   7:    1256264 bytes,   12203592 total
[2024-02-13T02:51:10.173+0000][6][gc,age      ] GC(9) - age   8:    1983584 bytes,   14187176 total
[2024-02-13T02:51:10.173+0000][6][gc,phases   ] GC(9)   Pre Evacuate Collection Set: 0.1ms
[2024-02-13T02:51:10.173+0000][6][gc,phases   ] GC(9)   Merge Heap Roots: 0.1ms
[2024-02-13T02:51:10.173+0000][6][gc,phases   ] GC(9)   Evacuate Collection Set: 3.2ms
[2024-02-13T02:51:10.173+0000][6][gc,phases   ] GC(9)   Post Evacuate Collection Set: 0.4ms
[2024-02-13T02:51:10.173+0000][6][gc,phases   ] GC(9)   Other: 0.3ms
[2024-02-13T02:51:10.173+0000][6][gc,heap     ] GC(9) Eden regions: 72->0(72)
[2024-02-13T02:51:10.173+0000][6][gc,heap     ] GC(9) Survivor regions: 4->4(10)
[2024-02-13T02:51:10.173+0000][6][gc,heap     ] GC(9) Old regions: 2->2
[2024-02-13T02:51:10.173+0000][6][gc,heap     ] GC(9) Archive regions: 2->2
[2024-02-13T02:51:10.173+0000][6][gc,heap     ] GC(9) Humongous regions: 0->0
[2024-02-13T02:51:10.173+0000][6][gc,metaspace] GC(9) Metaspace: 20204K(21552K)->20204K(21552K) NonClass: 17752K(18864K)->17752K(18864K) Class: 2451K(2688K)->2451K(2688K)
[2024-02-13T02:51:10.173+0000][6][gc          ] GC(9) Pause Young (Normal) (G1 Evacuation Pause) 309M->22M(512M) 4.147ms
[2024-02-13T02:51:10.173+0000][6][gc,cpu      ] GC(9) User=0.03s Sys=0.00s Real=0.00s
[2024-02-13T02:51:10.173+0000][6][safepoint   ] Safepoint "G1CollectForAllocation", Time since last: 192126281 ns, Reaching safepoint: 84650 ns, At safepoint: 4204663 ns, Total: 4289313 ns
[2024-02-13T02:51:10.624+0000][6][safepoint   ] Safepoint "ICBufferFull", Time since last: 451247528 ns, Reaching safepoint: 131991 ns, At safepoint: 4673 ns, Total: 136664 ns
[2024-02-13T02:51:10.823+0000][6][safepoint   ] Safepoint "ICBufferFull", Time since last: 198885815 ns, Reaching safepoint: 179738 ns, At safepoint: 4638 ns, Total: 184376 ns
[2024-02-13T02:51:11.554+0000][6][safepoint   ] Safepoint "ICBufferFull", Time since last: 730821554 ns, Reaching safepoint: 127491 ns, At safepoint: 5694 ns, Total: 133185 ns
[2024-02-13T02:51:11.580+0000][6][gc,start    ] GC(10) Pause Young (Normal) (G1 Evacuation Pause)
[2024-02-13T02:51:11.580+0000][6][gc,task     ] GC(10) Using 12 workers of 13 for evacuation
[2024-02-13T02:51:11.580+0000][6][gc,age      ] GC(10) Desired survivor size 20971520 bytes, new threshold 15 (max threshold 15)
[2024-02-13T02:51:11.592+0000][6][gc,age      ] GC(10) Age table with threshold 15 (max threshold 15)
[2024-02-13T02:51:11.592+0000][6][gc,age      ] GC(10) - age   1:   20963840 bytes,   20963840 total
[2024-02-13T02:51:11.592+0000][6][gc,age      ] GC(10) - age   2:     638288 bytes,   21602128 total
[2024-02-13T02:51:11.592+0000][6][gc,age      ] GC(10) - age   3:    1634416 bytes,   23236544 total
[2024-02-13T02:51:11.592+0000][6][gc,age      ] GC(10) - age   4:     607856 bytes,   23844400 total
[2024-02-13T02:51:11.592+0000][6][gc,age      ] GC(10) - age   5:    1455568 bytes,   25299968 total
[2024-02-13T02:51:11.592+0000][6][gc,age      ] GC(10) - age   6:    1794048 bytes,   27094016 total
[2024-02-13T02:51:11.592+0000][6][gc,age      ] GC(10) - age   7:    4330664 bytes,   31424680 total
[2024-02-13T02:51:11.592+0000][6][gc,age      ] GC(10) - age   8:    1205192 bytes,   32629872 total
[2024-02-13T02:51:11.592+0000][6][gc,age      ] GC(10) - age   9:    1975504 bytes,   34605376 total
[2024-02-13T02:51:11.592+0000][6][gc,phases   ] GC(10)   Pre Evacuate Collection Set: 0.1ms
[2024-02-13T02:51:11.592+0000][6][gc,phases   ] GC(10)   Merge Heap Roots: 0.1ms
[2024-02-13T02:51:11.592+0000][6][gc,phases   ] GC(10)   Evacuate Collection Set: 11.0ms
[2024-02-13T02:51:11.592+0000][6][gc,phases   ] GC(10)   Post Evacuate Collection Set: 0.8ms
[2024-02-13T02:51:11.592+0000][6][gc,phases   ] GC(10)   Other: 0.3ms
[2024-02-13T02:51:11.592+0000][6][gc,heap     ] GC(10) Eden regions: 72->0(67)
[2024-02-13T02:51:11.592+0000][6][gc,heap     ] GC(10) Survivor regions: 4->9(10)
[2024-02-13T02:51:11.592+0000][6][gc,heap     ] GC(10) Old regions: 2->2
[2024-02-13T02:51:11.592+0000][6][gc,heap     ] GC(10) Archive regions: 2->2
[2024-02-13T02:51:11.592+0000][6][gc,heap     ] GC(10) Humongous regions: 0->0
[2024-02-13T02:51:11.592+0000][6][gc,metaspace] GC(10) Metaspace: 30096K(32176K)->30096K(32176K) NonClass: 26357K(27824K)->26357K(27824K) Class: 3739K(4352K)->3739K(4352K)
[2024-02-13T02:51:11.592+0000][6][gc          ] GC(10) Pause Young (Normal) (G1 Evacuation Pause) 310M->41M(512M) 12.431ms
[2024-02-13T02:51:11.592+0000][6][gc,cpu      ] GC(10) User=0.10s Sys=0.00s Real=0.01s
[2024-02-13T02:51:11.592+0000][6][safepoint   ] Safepoint "G1CollectForAllocation", Time since last: 25413983 ns, Reaching safepoint: 78417 ns, At safepoint: 12505789 ns, Total: 12584206 ns
[2024-02-13T02:51:12.142+0000][6][safepoint   ] Safepoint "ICBufferFull", Time since last: 549762886 ns, Reaching safepoint: 165685 ns, At safepoint: 6389 ns, Total: 172074 ns
[2024-02-13T02:51:12.192+0000][6][gc,start    ] GC(11) Pause Young (Concurrent Start) (Metadata GC Threshold)
[2024-02-13T02:51:12.192+0000][6][gc,task     ] GC(11) Using 12 workers of 13 for evacuation
[2024-02-13T02:51:12.192+0000][6][gc,age      ] GC(11) Desired survivor size 20971520 bytes, new threshold 2 (max threshold 15)
[2024-02-13T02:51:12.212+0000][6][gc,age      ] GC(11) Age table with threshold 2 (max threshold 15)
[2024-02-13T02:51:12.213+0000][6][gc,age      ] GC(11) - age   1:   17813072 bytes,   17813072 total
[2024-02-13T02:51:12.213+0000][6][gc,age      ] GC(11) - age   2:   20531072 bytes,   38344144 total
[2024-02-13T02:51:12.213+0000][6][gc,phases   ] GC(11)   Pre Evacuate Collection Set: 0.2ms
[2024-02-13T02:51:12.213+0000][6][gc,phases   ] GC(11)   Merge Heap Roots: 0.1ms
[2024-02-13T02:51:12.213+0000][6][gc,phases   ] GC(11)   Evacuate Collection Set: 19.7ms
[2024-02-13T02:51:12.213+0000][6][gc,phases   ] GC(11)   Post Evacuate Collection Set: 0.6ms
[2024-02-13T02:51:12.213+0000][6][gc,phases   ] GC(11)   Other: 0.3ms
[2024-02-13T02:51:12.213+0000][6][gc,heap     ] GC(11) Eden regions: 33->0(66)
[2024-02-13T02:51:12.213+0000][6][gc,heap     ] GC(11) Survivor regions: 9->10(10)
[2024-02-13T02:51:12.213+0000][6][gc,heap     ] GC(11) Old regions: 2->5
[2024-02-13T02:51:12.213+0000][6][gc,heap     ] GC(11) Archive regions: 2->2
[2024-02-13T02:51:12.213+0000][6][gc,heap     ] GC(11) Humongous regions: 0->0
[2024-02-13T02:51:12.213+0000][6][gc,metaspace] GC(11) Metaspace: 33606K(35888K)->33606K(35888K) NonClass: 29277K(30896K)->29277K(30896K) Class: 4328K(4992K)->4328K(4992K)
[2024-02-13T02:51:12.213+0000][6][gc          ] GC(11) Pause Young (Concurrent Start) (Metadata GC Threshold) 171M->60M(512M) 20.946ms
[2024-02-13T02:51:12.213+0000][6][gc,cpu      ] GC(11) User=0.17s Sys=0.00s Real=0.02s
[2024-02-13T02:51:12.213+0000][6][safepoint   ] Safepoint "CollectForMetadataAllocation", Time since last: 49248460 ns, Reaching safepoint: 133178 ns, At safepoint: 21158529 ns, Total: 21291707 ns
[2024-02-13T02:51:12.213+0000][6][gc          ] GC(12) Concurrent Cycle
[2024-02-13T02:51:12.213+0000][6][gc,marking  ] GC(12) Concurrent Clear Claimed Marks
[2024-02-13T02:51:12.213+0000][6][gc,marking  ] GC(12) Concurrent Clear Claimed Marks 0.056ms
[2024-02-13T02:51:12.213+0000][6][gc,marking  ] GC(12) Concurrent Scan Root Regions
[2024-02-13T02:51:12.224+0000][6][gc,marking  ] GC(12) Concurrent Scan Root Regions 10.675ms
[2024-02-13T02:51:12.224+0000][6][gc,marking  ] GC(12) Concurrent Mark (5.070s)
[2024-02-13T02:51:12.224+0000][6][gc,marking  ] GC(12) Concurrent Mark From Roots
[2024-02-13T02:51:12.224+0000][6][gc,task     ] GC(12) Using 3 workers of 3 for marking
[2024-02-13T02:51:12.228+0000][6][gc,marking  ] GC(12) Concurrent Mark From Roots 4.256ms
[2024-02-13T02:51:12.228+0000][6][gc,marking  ] GC(12) Concurrent Preclean
[2024-02-13T02:51:12.228+0000][6][gc,marking  ] GC(12) Concurrent Preclean 0.179ms
[2024-02-13T02:51:12.228+0000][6][gc,marking  ] GC(12) Concurrent Mark (5.070s, 5.075s) 4.524ms
[2024-02-13T02:51:12.229+0000][6][gc,start    ] GC(12) Pause Remark
[2024-02-13T02:51:12.231+0000][6][gc          ] GC(12) Pause Remark 62M->62M(512M) 2.402ms
[2024-02-13T02:51:12.231+0000][6][gc,cpu      ] GC(12) User=0.01s Sys=0.00s Real=0.00s
[2024-02-13T02:51:12.231+0000][6][safepoint   ] Safepoint "G1Concurrent", Time since last: 15504971 ns, Reaching safepoint: 167291 ns, At safepoint: 2480945 ns, Total: 2648236 ns
[2024-02-13T02:51:12.231+0000][6][gc,marking  ] GC(12) Concurrent Rebuild Remembered Sets
[2024-02-13T02:51:12.235+0000][6][gc,marking  ] GC(12) Concurrent Rebuild Remembered Sets 3.802ms
[2024-02-13T02:51:12.236+0000][6][gc,start    ] GC(12) Pause Cleanup
[2024-02-13T02:51:12.236+0000][6][gc          ] GC(12) Pause Cleanup 62M->62M(512M) 0.117ms
[2024-02-13T02:51:12.236+0000][6][gc,cpu      ] GC(12) User=0.00s Sys=0.00s Real=0.00s
[2024-02-13T02:51:12.236+0000][6][safepoint   ] Safepoint "G1Concurrent", Time since last: 4037721 ns, Reaching safepoint: 379950 ns, At safepoint: 171497 ns, Total: 551447 ns
[2024-02-13T02:51:12.236+0000][6][gc,marking  ] GC(12) Concurrent Cleanup for Next Mark
[2024-02-13T02:51:12.237+0000][6][gc,marking  ] GC(12) Concurrent Cleanup for Next Mark 1.025ms
[2024-02-13T02:51:12.237+0000][6][gc          ] GC(12) Concurrent Cycle 23.831ms
[2024-02-13T02:51:12.781+0000][6][safepoint   ] Safepoint "ICBufferFull", Time since last: 545096293 ns, Reaching safepoint: 121350 ns, At safepoint: 3958 ns, Total: 125308 ns
[2024-02-13T02:51:13.348+0000][6][safepoint   ] Safepoint "ICBufferFull", Time since last: 566531341 ns, Reaching safepoint: 146179 ns, At safepoint: 5698 ns, Total: 151877 ns
[2024-02-13T02:51:13.409+0000][6][gc,start    ] GC(13) Pause Young (Normal) (G1 Evacuation Pause)
[2024-02-13T02:51:13.409+0000][6][gc,task     ] GC(13) Using 12 workers of 13 for evacuation
[2024-02-13T02:51:13.409+0000][6][gc,age      ] GC(13) Desired survivor size 20971520 bytes, new threshold 2 (max threshold 15)
[2024-02-13T02:51:13.425+0000][6][gc,age      ] GC(13) Age table with threshold 2 (max threshold 15)
[2024-02-13T02:51:13.426+0000][6][gc,age      ] GC(13) - age   1:    6590784 bytes,    6590784 total
[2024-02-13T02:51:13.426+0000][6][gc,age      ] GC(13) - age   2:   17714504 bytes,   24305288 total
[2024-02-13T02:51:13.426+0000][6][gc,phases   ] GC(13)   Pre Evacuate Collection Set: 0.1ms
[2024-02-13T02:51:13.426+0000][6][gc,phases   ] GC(13)   Merge Heap Roots: 0.1ms
[2024-02-13T02:51:13.426+0000][6][gc,phases   ] GC(13)   Evacuate Collection Set: 15.6ms
[2024-02-13T02:51:13.426+0000][6][gc,phases   ] GC(13)   Post Evacuate Collection Set: 0.8ms
[2024-02-13T02:51:13.426+0000][6][gc,phases   ] GC(13)   Other: 0.2ms
[2024-02-13T02:51:13.426+0000][6][gc,heap     ] GC(13) Eden regions: 66->0(69)
[2024-02-13T02:51:13.426+0000][6][gc,heap     ] GC(13) Survivor regions: 10->7(10)
[2024-02-13T02:51:13.426+0000][6][gc,heap     ] GC(13) Old regions: 5->10
[2024-02-13T02:51:13.426+0000][6][gc,heap     ] GC(13) Archive regions: 2->2
[2024-02-13T02:51:13.426+0000][6][gc,heap     ] GC(13) Humongous regions: 0->0
[2024-02-13T02:51:13.426+0000][6][gc,metaspace] GC(13) Metaspace: 51942K(55344K)->51942K(55344K) NonClass: 45015K(47536K)->45015K(47536K) Class: 6927K(7808K)->6927K(7808K)
[2024-02-13T02:51:13.426+0000][6][gc          ] GC(13) Pause Young (Normal) (G1 Evacuation Pause) 324M->68M(512M) 16.935ms
[2024-02-13T02:51:13.426+0000][6][gc,cpu      ] GC(13) User=0.18s Sys=0.00s Real=0.01s
[2024-02-13T02:51:13.426+0000][6][safepoint   ] Safepoint "G1CollectForAllocation", Time since last: 61040769 ns, Reaching safepoint: 133387 ns, At safepoint: 17021110 ns, Total: 17154497 ns
[2024-02-13T02:51:13.712+0000][6][gc,start    ] GC(14) Pause Young (Concurrent Start) (Metadata GC Threshold)
[2024-02-13T02:51:13.712+0000][6][gc,task     ] GC(14) Using 12 workers of 13 for evacuation
[2024-02-13T02:51:13.712+0000][6][gc,age      ] GC(14) Desired survivor size 20971520 bytes, new threshold 2 (max threshold 15)
[2024-02-13T02:51:13.720+0000][6][gc,age      ] GC(14) Age table with threshold 2 (max threshold 15)
[2024-02-13T02:51:13.720+0000][6][gc,age      ] GC(14) - age   1:    2213248 bytes,    2213248 total
[2024-02-13T02:51:13.720+0000][6][gc,age      ] GC(14) - age   2:    6392904 bytes,    8606152 total
[2024-02-13T02:51:13.720+0000][6][gc,phases   ] GC(14)   Pre Evacuate Collection Set: 0.1ms
[2024-02-13T02:51:13.720+0000][6][gc,phases   ] GC(14)   Merge Heap Roots: 0.0ms
[2024-02-13T02:51:13.720+0000][6][gc,phases   ] GC(14)   Evacuate Collection Set: 6.9ms
[2024-02-13T02:51:13.720+0000][6][gc,phases   ] GC(14)   Post Evacuate Collection Set: 0.5ms
[2024-02-13T02:51:13.720+0000][6][gc,phases   ] GC(14)   Other: 0.3ms
[2024-02-13T02:51:13.720+0000][6][gc,heap     ] GC(14) Eden regions: 13->0(73)
[2024-02-13T02:51:13.720+0000][6][gc,heap     ] GC(14) Survivor regions: 7->3(10)
[2024-02-13T02:51:13.720+0000][6][gc,heap     ] GC(14) Old regions: 10->14
[2024-02-13T02:51:13.720+0000][6][gc,heap     ] GC(14) Archive regions: 2->2
[2024-02-13T02:51:13.720+0000][6][gc,heap     ] GC(14) Humongous regions: 0->0
[2024-02-13T02:51:13.720+0000][6][gc,metaspace] GC(14) Metaspace: 56833K(60240K)->56833K(60240K) NonClass: 49393K(51792K)->49393K(51792K) Class: 7440K(8448K)->7440K(8448K)
[2024-02-13T02:51:13.720+0000][6][gc          ] GC(14) Pause Young (Concurrent Start) (Metadata GC Threshold) 120M->70M(512M) 7.954ms
[2024-02-13T02:51:13.720+0000][6][gc,cpu      ] GC(14) User=0.06s Sys=0.00s Real=0.01s
[2024-02-13T02:51:13.720+0000][6][safepoint   ] Safepoint "CollectForMetadataAllocation", Time since last: 286287418 ns, Reaching safepoint: 180949 ns, At safepoint: 8150321 ns, Total: 8331270 ns
[2024-02-13T02:51:13.720+0000][6][gc          ] GC(15) Concurrent Cycle
[2024-02-13T02:51:13.720+0000][6][gc,marking  ] GC(15) Concurrent Clear Claimed Marks
[2024-02-13T02:51:13.720+0000][6][gc,marking  ] GC(15) Concurrent Clear Claimed Marks 0.040ms
[2024-02-13T02:51:13.720+0000][6][gc,marking  ] GC(15) Concurrent Scan Root Regions
[2024-02-13T02:51:13.728+0000][6][gc,marking  ] GC(15) Concurrent Scan Root Regions 7.738ms
[2024-02-13T02:51:13.728+0000][6][gc,marking  ] GC(15) Concurrent Mark (6.575s)
[2024-02-13T02:51:13.728+0000][6][gc,marking  ] GC(15) Concurrent Mark From Roots
[2024-02-13T02:51:13.728+0000][6][gc,task     ] GC(15) Using 3 workers of 3 for marking
[2024-02-13T02:51:13.734+0000][6][safepoint   ] Safepoint "CollectForMetadataAllocation", Time since last: 13327349 ns, Reaching safepoint: 80709 ns, At safepoint: 125893 ns, Total: 206602 ns
[2024-02-13T02:51:13.752+0000][6][gc,marking  ] GC(15) Concurrent Mark From Roots 23.986ms
[2024-02-13T02:51:13.752+0000][6][gc,marking  ] GC(15) Concurrent Preclean
[2024-02-13T02:51:13.753+0000][6][gc,marking  ] GC(15) Concurrent Preclean 0.285ms
[2024-02-13T02:51:13.753+0000][6][gc,marking  ] GC(15) Concurrent Mark (6.575s, 6.599s) 24.368ms
[2024-02-13T02:51:13.753+0000][6][gc,start    ] GC(15) Pause Remark
[2024-02-13T02:51:13.754+0000][6][gc          ] GC(15) Pause Remark 76M->76M(512M) 1.601ms
[2024-02-13T02:51:13.754+0000][6][gc,cpu      ] GC(15) User=0.01s Sys=0.00s Real=0.00s
[2024-02-13T02:51:13.754+0000][6][safepoint   ] Safepoint "G1Concurrent", Time since last: 18756053 ns, Reaching safepoint: 60387 ns, At safepoint: 1681199 ns, Total: 1741586 ns
[2024-02-13T02:51:13.754+0000][6][gc,marking  ] GC(15) Concurrent Rebuild Remembered Sets
[2024-02-13T02:51:13.780+0000][6][gc,marking  ] GC(15) Concurrent Rebuild Remembered Sets 25.748ms
[2024-02-13T02:51:13.781+0000][6][gc,start    ] GC(15) Pause Cleanup
[2024-02-13T02:51:13.781+0000][6][gc          ] GC(15) Pause Cleanup 78M->78M(512M) 0.113ms
[2024-02-13T02:51:13.781+0000][6][gc,cpu      ] GC(15) User=0.00s Sys=0.00s Real=0.00s
[2024-02-13T02:51:13.781+0000][6][safepoint   ] Safepoint "G1Concurrent", Time since last: 26205452 ns, Reaching safepoint: 541973 ns, At safepoint: 169092 ns, Total: 711065 ns
[2024-02-13T02:51:13.781+0000][6][gc,marking  ] GC(15) Concurrent Cleanup for Next Mark
[2024-02-13T02:51:13.782+0000][6][gc,marking  ] GC(15) Concurrent Cleanup for Next Mark 0.651ms
[2024-02-13T02:51:13.782+0000][6][gc          ] GC(15) Concurrent Cycle 61.617ms
[2024-02-13T02:51:14.697+0000][6][safepoint   ] Safepoint "ICBufferFull", Time since last: 914294279 ns, Reaching safepoint: 863971 ns, At safepoint: 10775 ns, Total: 874746 ns
[2024-02-13T02:51:15.253+0000][6][safepoint   ] Safepoint "ICBufferFull", Time since last: 555821215 ns, Reaching safepoint: 174487 ns, At safepoint: 2975 ns, Total: 177462 ns
[2024-02-13T02:51:15.479+0000][6][safepoint   ] Safepoint "ICBufferFull", Time since last: 226307787 ns, Reaching safepoint: 143006 ns, At safepoint: 6642 ns, Total: 149648 ns
[2024-02-13T02:51:15.643+0000][6][safepoint   ] Safepoint "ICBufferFull", Time since last: 164022619 ns, Reaching safepoint: 206242 ns, At safepoint: 11832 ns, Total: 218074 ns
[2024-02-13T02:51:15.937+0000][6][safepoint   ] Safepoint "ICBufferFull", Time since last: 293347219 ns, Reaching safepoint: 152064 ns, At safepoint: 5236 ns, Total: 157300 ns
[2024-02-13T02:51:16.083+0000][6][safepoint   ] Safepoint "ICBufferFull", Time since last: 146081314 ns, Reaching safepoint: 171292 ns, At safepoint: 4018 ns, Total: 175310 ns
[2024-02-13T02:51:17.083+0000][6][safepoint   ] Safepoint "Cleanup", Time since last: 1000196641 ns, Reaching safepoint: 80056 ns, At safepoint: 3495 ns, Total: 83551 ns
[2024-02-13T02:51:20.084+0000][6][safepoint   ] Safepoint "Cleanup", Time since last: 3000271793 ns, Reaching safepoint: 78823 ns, At safepoint: 4686 ns, Total: 83509 ns
[2024-02-13T02:51:24.084+0000][6][safepoint   ] Safepoint "Cleanup", Time since last: 4000323844 ns, Reaching safepoint: 65477 ns, At safepoint: 3422 ns, Total: 68899 ns
[2024-02-13T02:51:25.084+0000][6][safepoint   ] Safepoint "Cleanup", Time since last: 1000134918 ns, Reaching safepoint: 81924 ns, At safepoint: 3471 ns, Total: 85395 ns
[2024-02-13T02:51:27.084+0000][6][safepoint   ] Safepoint "Cleanup", Time since last: 2000192806 ns, Reaching safepoint: 68223 ns, At safepoint: 5254 ns, Total: 73477 ns
[2024-02-13T02:51:28.085+0000][6][safepoint   ] Safepoint "Cleanup", Time since last: 1000130819 ns, Reaching safepoint: 84059 ns, At safepoint: 4675 ns, Total: 88734 ns
[2024-02-13T02:51:44.086+0000][6][safepoint   ] Safepoint "Cleanup", Time since last: 16001015700 ns, Reaching safepoint: 110574 ns, At safepoint: 3622 ns, Total: 114196 ns
[2024-02-13T02:51:45.086+0000][6][safepoint   ] Safepoint "Cleanup", Time since last: 1000131690 ns, Reaching safepoint: 80250 ns, At safepoint: 5054 ns, Total: 85304 ns
[2024-02-13T02:51:46.086+0000][6][safepoint   ] Safepoint "Cleanup", Time since last: 1000096739 ns, Reaching safepoint: 70519 ns, At safepoint: 2335 ns, Total: 72854 ns
[2024-02-13T02:51:55.087+0000][6][safepoint   ] Safepoint "Cleanup", Time since last: 9000652358 ns, Reaching safepoint: 94191 ns, At safepoint: 3325 ns, Total: 97516 ns
[2024-02-13T02:51:58.087+0000][6][safepoint   ] Safepoint "Cleanup", Time since last: 3000254260 ns, Reaching safepoint: 65199 ns, At safepoint: 3674 ns, Total: 68873 ns
[2024-02-13T02:51:59.088+0000][6][safepoint   ] Safepoint "Cleanup", Time since last: 1000121566 ns, Reaching safepoint: 94687 ns, At safepoint: 3437 ns, Total: 98124 ns
[2024-02-13T02:52:00.088+0000][6][safepoint   ] Safepoint "Cleanup", Time since last: 1000124457 ns, Reaching safepoint: 66206 ns, At safepoint: 5149 ns, Total: 71355 ns
[2024-02-13T02:52:05.088+0000][6][safepoint   ] Safepoint "Cleanup", Time since last: 5000336437 ns, Reaching safepoint: 64374 ns, At safepoint: 2513 ns, Total: 66887 ns
[2024-02-13T02:52:09.088+0000][6][safepoint   ] Safepoint "Cleanup", Time since last: 4000310995 ns, Reaching safepoint: 60229 ns, At safepoint: 2579 ns, Total: 62808 ns
[2024-02-13T02:52:11.089+0000][6][safepoint   ] Safepoint "Cleanup", Time since last: 2000172849 ns, Reaching safepoint: 71627 ns, At safepoint: 3679 ns, Total: 75306 ns
[2024-02-13T02:52:14.089+0000][6][safepoint   ] Safepoint "Cleanup", Time since last: 3000238241 ns, Reaching safepoint: 69101 ns, At safepoint: 2847 ns, Total: 71948 ns
[2024-02-13T02:52:15.089+0000][6][safepoint   ] Safepoint "Cleanup", Time since last: 1000119821 ns, Reaching safepoint: 61101 ns, At safepoint: 3016 ns, Total: 64117 ns
[2024-02-13T02:52:16.089+0000][6][safepoint   ] Safepoint "Cleanup", Time since last: 1000123960 ns, Reaching safepoint: 64314 ns, At safepoint: 2696 ns, Total: 67010 ns
[2024-02-13T02:52:19.090+0000][6][safepoint   ] Safepoint "Cleanup", Time since last: 3000297957 ns, Reaching safepoint: 66228 ns, At safepoint: 3056 ns, Total: 69284 ns
[2024-02-13T02:52:21.090+0000][6][safepoint   ] Safepoint "Cleanup", Time since last: 2000178443 ns, Reaching safepoint: 63889 ns, At safepoint: 3086 ns, Total: 66975 ns
[2024-02-13T02:52:41.091+0000][6][safepoint   ] Safepoint "Cleanup", Time since last: 20001239372 ns, Reaching safepoint: 81814 ns, At safepoint: 3520 ns, Total: 85334 ns
[2024-02-13T02:52:46.092+0000][6][safepoint   ] Safepoint "Cleanup", Time since last: 5000354511 ns, Reaching safepoint: 64800 ns, At safepoint: 3683 ns, Total: 68483 ns
[2024-02-13T02:52:53.092+0000][6][safepoint   ] Safepoint "Cleanup", Time since last: 7000545044 ns, Reaching safepoint: 59968 ns, At safepoint: 3505 ns, Total: 63473 ns
[2024-02-13T02:52:59.093+0000][6][safepoint   ] Safepoint "Cleanup", Time since last: 6000417766 ns, Reaching safepoint: 66463 ns, At safepoint: 3497 ns, Total: 69960 ns
[2024-02-13T02:53:00.093+0000][6][safepoint   ] Safepoint "Cleanup", Time since last: 1000128781 ns, Reaching safepoint: 66744 ns, At safepoint: 3501 ns, Total: 70245 ns
[2024-02-13T02:53:16.094+0000][6][safepoint   ] Safepoint "Cleanup", Time since last: 16001013073 ns, Reaching safepoint: 73435 ns, At safepoint: 6429 ns, Total: 79864 ns
[2024-02-13T02:53:19.095+0000][6][safepoint   ] Safepoint "Cleanup", Time since last: 3000317958 ns, Reaching safepoint: 68031 ns, At safepoint: 3577 ns, Total: 71608 ns
[2024-02-13T02:53:22.095+0000][6][safepoint   ] Safepoint "Cleanup", Time since last: 3000250116 ns, Reaching safepoint: 70131 ns, At safepoint: 3551 ns, Total: 73682 ns
[2024-02-13T02:53:23.095+0000][6][safepoint   ] Safepoint "Cleanup", Time since last: 1000132062 ns, Reaching safepoint: 65612 ns, At safepoint: 3632 ns, Total: 69244 ns
[2024-02-13T02:53:24.095+0000][6][safepoint   ] Safepoint "Cleanup", Time since last: 1000128148 ns, Reaching safepoint: 67401 ns, At safepoint: 3689 ns, Total: 71090 ns
[2024-02-13T02:53:40.096+0000][6][safepoint   ] Safepoint "Cleanup", Time since last: 16000994895 ns, Reaching safepoint: 69103 ns, At safepoint: 3811 ns, Total: 72914 ns
[2024-02-13T02:53:47.097+0000][6][safepoint   ] Safepoint "Cleanup", Time since last: 7000470601 ns, Reaching safepoint: 65596 ns, At safepoint: 4591 ns, Total: 70187 ns
[2024-02-13T02:53:53.097+0000][6][safepoint   ] Safepoint "Cleanup", Time since last: 6000501737 ns, Reaching safepoint: 66677 ns, At safepoint: 3608 ns, Total: 70285 ns
[2024-02-13T02:54:09.099+0000][6][safepoint   ] Safepoint "Cleanup", Time since last: 16001095857 ns, Reaching safepoint: 107120 ns, At safepoint: 3357 ns, Total: 110477 ns
[2024-02-13T02:54:13.099+0000][6][safepoint   ] Safepoint "Cleanup", Time since last: 4000307513 ns, Reaching safepoint: 79884 ns, At safepoint: 4155 ns, Total: 84039 ns
[2024-02-13T02:54:27.100+0000][6][safepoint   ] Safepoint "Cleanup", Time since last: 14001107777 ns, Reaching safepoint: 109319 ns, At safepoint: 3113 ns, Total: 112432 ns
[2024-02-13T02:54:29.101+0000][6][safepoint   ] Safepoint "Cleanup", Time since last: 2000272596 ns, Reaching safepoint: 105399 ns, At safepoint: 3580 ns, Total: 108979 ns
[2024-02-13T02:54:39.101+0000][6][safepoint   ] Safepoint "Cleanup", Time since last: 10000724529 ns, Reaching safepoint: 68178 ns, At safepoint: 3650 ns, Total: 71828 ns
[2024-02-13T02:54:40.102+0000][6][safepoint   ] Safepoint "Cleanup", Time since last: 1000128712 ns, Reaching safepoint: 74808 ns, At safepoint: 3671 ns, Total: 78479 ns
[2024-02-13T02:54:46.102+0000][6][safepoint   ] Safepoint "Cleanup", Time since last: 6000396812 ns, Reaching safepoint: 76783 ns, At safepoint: 11719 ns, Total: 88502 ns
[2024-02-13T02:54:49.103+0000][6][safepoint   ] Safepoint "Cleanup", Time since last: 3000314412 ns, Reaching safepoint: 65148 ns, At safepoint: 3561 ns, Total: 68709 ns
[2024-02-13T02:55:16.104+0000][6][safepoint   ] Safepoint "Cleanup", Time since last: 27001584777 ns, Reaching safepoint: 94466 ns, At safepoint: 4896 ns, Total: 99362 ns
[2024-02-13T02:55:21.956+0000][6][gc,heap,exit] Heap
[2024-02-13T02:55:21.956+0000][6][gc,heap,exit]  garbage-first heap   total 524288K, used 363155K [0x00000000e0000000, 0x0000000100000000)
[2024-02-13T02:55:21.956+0000][6][gc,heap,exit]   region size 4096K, 73 young (299008K), 3 survivors (12288K)
[2024-02-13T02:55:21.956+0000][6][gc,heap,exit]  Metaspace       used 90679K, capacity 94041K, committed 95152K, reserved 1130496K
[2024-02-13T02:55:21.956+0000][6][gc,heap,exit]   class space    used 12236K, capacity 13278K, committed 13312K, reserved 1048576K
